SQL> 
SQL> CL SCR

SQL> REM MULTI ROW COMPARISON OPERATORS :
SQL> 
SQL> REM MULTI ROW COMPARISON OPERATORS : ARE USED TO COMPARE MULTIPLE VALUES WITHIN SINGLE CONDITION.
SQL> 
SQL> REM LIST OF MULTI ROW COMPARISON OPERATORS : ANY/SOME   ALL
SQL> 
SQL> REM MULTI ROW OPERATORS CAN'T WORK ON THEIR OWN.
SQL> 
SQL> REM IT IS ALWAYS USED WITH SINGLE ROW COMPARISON OPERATORS.
SQL> 
SQL> REM SYNTAX : SINGLE ROW MULTI ROW
SQL> 
SQL> REM FULL SYNTAX OF MULTI VALUE COMPARISON : OPERAND1 SINGLE ROW MULTI ROW (LIST OF MULTIPLE OPERANDS COMMA SEPARATED)
SQL> 
SQL> REM EXAMPLE : DEPARTMENT_ID = ANY (20 , 50 , 110)
SQL> 
SQL> 
SQL> REM SINGLE ROW COMPARISON OPERATORS : = < > <= >=   <> != ^=
SQL> 
SQL> 
SQL> REM MULTI ROW : ANY/SOME  ALL
SQL> 
SQL> 
SQL> REM = ANY / = SOME
SQL> 
SQL> REM <> ALL / != ALL / ^= ALL
SQL> 
SQL> 
SQL> 
SQL> REM DISPLAY THOSE WHO WORKS IN DEPARTMENT 20
SQL> 
SQL> SELECT FIRST_NAME , DEPARTMENT_ID FROM EMPLOYEES WHERE DEPARTMENT_ID = 20;

FIRST_NAME      DEPARTMENT_ID                                                   
--------------- -------------                                                   
Michael                    20                                                   
Pat                        20                                                   

SQL> REM DISPLAY THOSE WHO WORKS IN DEPARTMENT 60
SQL> 
SQL> SELECT FIRST_NAME , DEPARTMENT_ID FROM EMPLOYEES WHERE DEPARTMENT_ID = 60;

FIRST_NAME      DEPARTMENT_ID                                                   
--------------- -------------                                                   
Alexander                  60                                                   
Bruce                      60                                                   
Diana                      60                                                   

SQL> 
SQL> REM DISPLAY THOSE WHO WORKS IN DEPARTMENT 110
SQL> 
SQL> SELECT FIRST_NAME , DEPARTMENT_ID FROM EMPLOYEES WHERE DEPARTMENT_ID = 110;

FIRST_NAME      DEPARTMENT_ID                                                   
--------------- -------------                                                   
Shelley                   110                                                   
William                   110                                                   

SQL> REM DISPLAY THOSE WHO WORKS IN ANY OF THE DEPARTMENT 20 , 60 , 110
SQL> 
SQL> SELECT FIRST_NAME , DEPARTMENT_ID FROM EMPLOYEES WHERE DEPARTMENT_ID = 20 60 110;
SELECT FIRST_NAME , DEPARTMENT_ID FROM EMPLOYEES WHERE DEPARTMENT_ID = 20 60 110
                                                                          *
ERROR at line 1:
ORA-00933: SQL command not properly ended 


SQL> SELECT FIRST_NAME , DEPARTMENT_ID FROM EMPLOYEES WHERE DEPARTMENT_ID = 20, 60, 110;
SELECT FIRST_NAME , DEPARTMENT_ID FROM EMPLOYEES WHERE DEPARTMENT_ID = 20, 60, 110
                                                                         *
ERROR at line 1:
ORA-00933: SQL command not properly ended 


SQL> SELECT FIRST_NAME , DEPARTMENT_ID FROM EMPLOYEES WHERE DEPARTMENT_ID = (20, 60, 110);
SELECT FIRST_NAME , DEPARTMENT_ID FROM EMPLOYEES WHERE DEPARTMENT_ID = (20, 60, 110)
                                                                     *
ERROR at line 1:
ORA-01797: this operator must be followed by ANY or ALL 


SQL> SELECT FIRST_NAME , DEPARTMENT_ID FROM EMPLOYEES WHERE DEPARTMENT_ID = ANY (20, 60, 110);

FIRST_NAME      DEPARTMENT_ID                                                   
--------------- -------------                                                   
Alexander                  60                                                   
Bruce                      60                                                   
Diana                      60                                                   
Michael                    20                                                   
Pat                        20                                                   
Shelley                   110                                                   
William                   110                                                   

7 rows selected.

SQL> SELECT FIRST_NAME , DEPARTMENT_ID FROM EMPLOYEES WHERE DEPARTMENT_ID = SOME (20, 60, 110);

FIRST_NAME      DEPARTMENT_ID                                                   
--------------- -------------                                                   
Alexander                  60                                                   
Bruce                      60                                                   
Diana                      60                                                   
Michael                    20                                                   
Pat                        20                                                   
Shelley                   110                                                   
William                   110                                                   

7 rows selected.

SQL> SELECT FIRST_NAME , DEPARTMENT_ID FROM EMPLOYEES WHERE DEPARTMENT_ID = ALL (20, 60, 110);

no rows selected

SQL> REM DISPLAY THOSE WHO REPORTS TO ANY OF THE MANAGER 100 124 149
SQL> 
SQL> SELECT * FROM EMPLOYEES;

EMPLOYEE_ID FIRST_NAME      LAST_NAME       EMAIL      PHONE_NUMBER             
----------- --------------- --------------- ---------- --------------------     
HIRE_DATE JOB_ID         SALARY COMMISSION_PCT MANAGER_ID DEPARTMENT_ID         
--------- ---------- ---------- -------------- ---------- -------------         
        100 Steven          King            SKING      515.123.4567             
17-JUL-87 AD_PRES         24000                                      90         
                                                                                
        101 Neena           Kochhar         NKOCHHAR   515.123.4568             
21-SEP-89 AD_VP           17000                       100            90         
                                                                                
        102 Lex             De Haan         LDEHAAN    515.123.4569             
13-JAN-93 AD_VP           17000                       100            90         
                                                                                

EMPLOYEE_ID FIRST_NAME      LAST_NAME       EMAIL      PHONE_NUMBER             
----------- --------------- --------------- ---------- --------------------     
HIRE_DATE JOB_ID         SALARY COMMISSION_PCT MANAGER_ID DEPARTMENT_ID         
--------- ---------- ---------- -------------- ---------- -------------         
        103 Alexander       Hunold          AHUNOLD    590.423.4567             
03-JAN-90 IT_PROG          9000                       102            60         
                                                                                
        104 Bruce           Ernst           BERNST     590.423.4568             
21-MAY-91 IT_PROG          6000                       103            60         
                                                                                
        107 Diana           Lorentz         DLORENTZ   590.423.5567             
07-FEB-99 IT_PROG          4200                       103            60         
                                                                                

EMPLOYEE_ID FIRST_NAME      LAST_NAME       EMAIL      PHONE_NUMBER             
----------- --------------- --------------- ---------- --------------------     
HIRE_DATE JOB_ID         SALARY COMMISSION_PCT MANAGER_ID DEPARTMENT_ID         
--------- ---------- ---------- -------------- ---------- -------------         
        124 Kevin           Mourgos         KMOURGOS   650.123.5234             
16-NOV-99 ST_MAN           5800                       100            50         
                                                                                
        141 Trenna          Rajs            TRAJS      650.121.8009             
17-OCT-95 ST_CLERK         3500                       124            50         
                                                                                
        142 Curtis          Davies          CDAVIES    650.121.2994             
29-JAN-97 ST_CLERK         3100                       124            50         
                                                                                

EMPLOYEE_ID FIRST_NAME      LAST_NAME       EMAIL      PHONE_NUMBER             
----------- --------------- --------------- ---------- --------------------     
HIRE_DATE JOB_ID         SALARY COMMISSION_PCT MANAGER_ID DEPARTMENT_ID         
--------- ---------- ---------- -------------- ---------- -------------         
        143 Randall         Matos           RMATOS     650.121.2874             
15-MAR-98 ST_CLERK         2600                       124            50         
                                                                                
        144 Peter           Vargas          PVARGAS    650.121.2004             
09-JUL-98 ST_CLERK         2500                       124            50         
                                                                                
        149 Eleni           Zlotkey         EZLOTKEY   011.44.1344.429018       
29-JAN-00 SA_MAN          10500             .2        100            80         
                                                                                

EMPLOYEE_ID FIRST_NAME      LAST_NAME       EMAIL      PHONE_NUMBER             
----------- --------------- --------------- ---------- --------------------     
HIRE_DATE JOB_ID         SALARY COMMISSION_PCT MANAGER_ID DEPARTMENT_ID         
--------- ---------- ---------- -------------- ---------- -------------         
        174 Ellen           Abel            EABEL      011.44.1644.429267       
11-MAY-96 SA_REP          11000             .3        149            80         
                                                                                
        176 Jonathon        Taylor          JTAYLOR    011.44.1644.429265       
24-MAR-98 SA_REP           8600             .3        149            80         
                                                                                
        178 Kimerely        Grant           KGRANT     011.44.1644.429263       
24-MAY-99 SA_REP           7000            .15        149                       
                                                                                

EMPLOYEE_ID FIRST_NAME      LAST_NAME       EMAIL      PHONE_NUMBER             
----------- --------------- --------------- ---------- --------------------     
HIRE_DATE JOB_ID         SALARY COMMISSION_PCT MANAGER_ID DEPARTMENT_ID         
--------- ---------- ---------- -------------- ---------- -------------         
        200 Jennifer        Whalen          JWHALEN    515.123.4444             
17-SEP-87 AD_ASST          4400                       101            10         
                                                                                
        201 Michael         Hartstein       MHARTSTE   515.123.5555             
17-FEB-96 MK_MAN          13000                       100            20         
                                                                                
        202 Pat             Fay             PFAY       603.123.6666             
17-AUG-97 MK_REP           6000                       201            20         
                                                                                

EMPLOYEE_ID FIRST_NAME      LAST_NAME       EMAIL      PHONE_NUMBER             
----------- --------------- --------------- ---------- --------------------     
HIRE_DATE JOB_ID         SALARY COMMISSION_PCT MANAGER_ID DEPARTMENT_ID         
--------- ---------- ---------- -------------- ---------- -------------         
        205 Shelley         Higgins         SHIGGINS   515.123.8080             
07-JUN-94 AC_MGR          12000                       101           110         
                                                                                
        206 William         Gietz           WGIETZ     515.123.8181             
07-JUN-94 AC_ACCOUNT       8300                       205           110         
                                                                                

20 rows selected.

SQL> SET LINES 200 PAGES 24
SQL> 
SQL> R
  1* SELECT * FROM EMPLOYEES

EMPLOYEE_ID FIRST_NAME      LAST_NAME       EMAIL      PHONE_NUMBER         HIRE_DATE JOB_ID         SALARY COMMISSION_PCT MANAGER_ID DEPARTMENT_ID                                                     
----------- --------------- --------------- ---------- -------------------- --------- ---------- ---------- -------------- ---------- -------------                                                     
        100 Steven          King            SKING      515.123.4567         17-JUL-87 AD_PRES         24000                                      90                                                     
        101 Neena           Kochhar         NKOCHHAR   515.123.4568         21-SEP-89 AD_VP           17000                       100            90                                                     
        102 Lex             De Haan         LDEHAAN    515.123.4569         13-JAN-93 AD_VP           17000                       100            90                                                     
        103 Alexander       Hunold          AHUNOLD    590.423.4567         03-JAN-90 IT_PROG          9000                       102            60                                                     
        104 Bruce           Ernst           BERNST     590.423.4568         21-MAY-91 IT_PROG          6000                       103            60                                                     
        107 Diana           Lorentz         DLORENTZ   590.423.5567         07-FEB-99 IT_PROG          4200                       103            60                                                     
        124 Kevin           Mourgos         KMOURGOS   650.123.5234         16-NOV-99 ST_MAN           5800                       100            50                                                     
        141 Trenna          Rajs            TRAJS      650.121.8009         17-OCT-95 ST_CLERK         3500                       124            50                                                     
        142 Curtis          Davies          CDAVIES    650.121.2994         29-JAN-97 ST_CLERK         3100                       124            50                                                     
        143 Randall         Matos           RMATOS     650.121.2874         15-MAR-98 ST_CLERK         2600                       124            50                                                     
        144 Peter           Vargas          PVARGAS    650.121.2004         09-JUL-98 ST_CLERK         2500                       124            50                                                     
        149 Eleni           Zlotkey         EZLOTKEY   011.44.1344.429018   29-JAN-00 SA_MAN          10500             .2        100            80                                                     
        174 Ellen           Abel            EABEL      011.44.1644.429267   11-MAY-96 SA_REP          11000             .3        149            80                                                     
        176 Jonathon        Taylor          JTAYLOR    011.44.1644.429265   24-MAR-98 SA_REP           8600             .3        149            80                                                     
        178 Kimerely        Grant           KGRANT     011.44.1644.429263   24-MAY-99 SA_REP           7000            .15        149                                                                   
        200 Jennifer        Whalen          JWHALEN    515.123.4444         17-SEP-87 AD_ASST          4400                       101            10                                                     
        201 Michael         Hartstein       MHARTSTE   515.123.5555         17-FEB-96 MK_MAN          13000                       100            20                                                     
        202 Pat             Fay             PFAY       603.123.6666         17-AUG-97 MK_REP           6000                       201            20                                                     
        205 Shelley         Higgins         SHIGGINS   515.123.8080         07-JUN-94 AC_MGR          12000                       101           110                                                     
        206 William         Gietz           WGIETZ     515.123.8181         07-JUN-94 AC_ACCOUNT       8300                       205           110                                                     

20 rows selected.

SQL> REM DISPLAY THOSE WHO REPORTS TO ANY OF THE MANAGER 100 124 149
SQL> 
SQL> SELECT FIRST_NAME , MANAGER_ID FROM EMPLOYEES WHERE MANAGER_ID = ANY (100,124,149);

FIRST_NAME      MANAGER_ID                                                                                                                                                                              
--------------- ----------                                                                                                                                                                              
Neena                  100                                                                                                                                                                              
Lex                    100                                                                                                                                                                              
Kevin                  100                                                                                                                                                                              
Trenna                 124                                                                                                                                                                              
Curtis                 124                                                                                                                                                                              
Randall                124                                                                                                                                                                              
Peter                  124                                                                                                                                                                              
Eleni                  100                                                                                                                                                                              
Ellen                  149                                                                                                                                                                              
Jonathon               149                                                                                                                                                                              
Kimerely               149                                                                                                                                                                              
Michael                100                                                                                                                                                                              

12 rows selected.

SQL> SELECT FIRST_NAME , MANAGER_ID FROM EMPLOYEES WHERE MANAGER_ID = SOME (100,124,149);

FIRST_NAME      MANAGER_ID                                                                                                                                                                              
--------------- ----------                                                                                                                                                                              
Neena                  100                                                                                                                                                                              
Lex                    100                                                                                                                                                                              
Kevin                  100                                                                                                                                                                              
Trenna                 124                                                                                                                                                                              
Curtis                 124                                                                                                                                                                              
Randall                124                                                                                                                                                                              
Peter                  124                                                                                                                                                                              
Eleni                  100                                                                                                                                                                              
Ellen                  149                                                                                                                                                                              
Jonathon               149                                                                                                                                                                              
Kimerely               149                                                                                                                                                                              
Michael                100                                                                                                                                                                              

12 rows selected.

SQL> SELECT FIRST_NAME , MANAGER_ID FROM EMPLOYEES WHERE MANAGER_ID ANY = (100,124,149);
SELECT FIRST_NAME , MANAGER_ID FROM EMPLOYEES WHERE MANAGER_ID ANY = (100,124,149)
                                                               *
ERROR at line 1:
ORA-00920: invalid relational operator 


SQL> SELECT FIRST_NAME , MANAGER_ID FROM EMPLOYEES WHERE MANAGER_ID ANY (100,124,149);
SELECT FIRST_NAME , MANAGER_ID FROM EMPLOYEES WHERE MANAGER_ID ANY (100,124,149)
                                                               *
ERROR at line 1:
ORA-00920: invalid relational operator 


SQL> SELECT FIRST_NAME , MANAGER_ID FROM EMPLOYEES WHERE MANAGER_ID = (100,124,149);
SELECT FIRST_NAME , MANAGER_ID FROM EMPLOYEES WHERE MANAGER_ID = (100,124,149)
                                                               *
ERROR at line 1:
ORA-01797: this operator must be followed by ANY or ALL 


SQL> REM DISPLAY THOSE WHO WORKS AS ANY OF THE IT_PROG , SA_REP , ST_CLERK , AD_VP (DON'T USE ANY)
SQL> 
SQL> SELECT * FROM EMPLOYEES;

EMPLOYEE_ID FIRST_NAME      LAST_NAME       EMAIL      PHONE_NUMBER         HIRE_DATE JOB_ID         SALARY COMMISSION_PCT MANAGER_ID DEPARTMENT_ID                                                     
----------- --------------- --------------- ---------- -------------------- --------- ---------- ---------- -------------- ---------- -------------                                                     
        100 Steven          King            SKING      515.123.4567         17-JUL-87 AD_PRES         24000                                      90                                                     
        101 Neena           Kochhar         NKOCHHAR   515.123.4568         21-SEP-89 AD_VP           17000                       100            90                                                     
        102 Lex             De Haan         LDEHAAN    515.123.4569         13-JAN-93 AD_VP           17000                       100            90                                                     
        103 Alexander       Hunold          AHUNOLD    590.423.4567         03-JAN-90 IT_PROG          9000                       102            60                                                     
        104 Bruce           Ernst           BERNST     590.423.4568         21-MAY-91 IT_PROG          6000                       103            60                                                     
        107 Diana           Lorentz         DLORENTZ   590.423.5567         07-FEB-99 IT_PROG          4200                       103            60                                                     
        124 Kevin           Mourgos         KMOURGOS   650.123.5234         16-NOV-99 ST_MAN           5800                       100            50                                                     
        141 Trenna          Rajs            TRAJS      650.121.8009         17-OCT-95 ST_CLERK         3500                       124            50                                                     
        142 Curtis          Davies          CDAVIES    650.121.2994         29-JAN-97 ST_CLERK         3100                       124            50                                                     
        143 Randall         Matos           RMATOS     650.121.2874         15-MAR-98 ST_CLERK         2600                       124            50                                                     
        144 Peter           Vargas          PVARGAS    650.121.2004         09-JUL-98 ST_CLERK         2500                       124            50                                                     
        149 Eleni           Zlotkey         EZLOTKEY   011.44.1344.429018   29-JAN-00 SA_MAN          10500             .2        100            80                                                     
        174 Ellen           Abel            EABEL      011.44.1644.429267   11-MAY-96 SA_REP          11000             .3        149            80                                                     
        176 Jonathon        Taylor          JTAYLOR    011.44.1644.429265   24-MAR-98 SA_REP           8600             .3        149            80                                                     
        178 Kimerely        Grant           KGRANT     011.44.1644.429263   24-MAY-99 SA_REP           7000            .15        149                                                                   
        200 Jennifer        Whalen          JWHALEN    515.123.4444         17-SEP-87 AD_ASST          4400                       101            10                                                     
        201 Michael         Hartstein       MHARTSTE   515.123.5555         17-FEB-96 MK_MAN          13000                       100            20                                                     
        202 Pat             Fay             PFAY       603.123.6666         17-AUG-97 MK_REP           6000                       201            20                                                     
        205 Shelley         Higgins         SHIGGINS   515.123.8080         07-JUN-94 AC_MGR          12000                       101           110                                                     
        206 William         Gietz           WGIETZ     515.123.8181         07-JUN-94 AC_ACCOUNT       8300                       205           110                                                     

20 rows selected.

SQL> SELECT FIRST_NAME , JOB_ID FROM EMPLOYEES WHERE JOB_ID = SOME ('IT_PROG' , 'SA_REP' , 'ST_CLERK' , 'AD_VP');

FIRST_NAME      JOB_ID                                                                                                                                                                                  
--------------- ----------                                                                                                                                                                              
Neena           AD_VP                                                                                                                                                                                   
Lex             AD_VP                                                                                                                                                                                   
Alexander       IT_PROG                                                                                                                                                                                 
Bruce           IT_PROG                                                                                                                                                                                 
Diana           IT_PROG                                                                                                                                                                                 
Trenna          ST_CLERK                                                                                                                                                                                
Curtis          ST_CLERK                                                                                                                                                                                
Randall         ST_CLERK                                                                                                                                                                                
Peter           ST_CLERK                                                                                                                                                                                
Ellen           SA_REP                                                                                                                                                                                  
Jonathon        SA_REP                                                                                                                                                                                  
Kimerely        SA_REP                                                                                                                                                                                  

12 rows selected.

SQL> SELECT FIRST_NAME , JOB_ID FROM EMPLOYEES WHERE JOB_ID = SOME ('IT_PROG' , 'SA_REP' , 'ST_CLERK' , 'AD_Vp');

FIRST_NAME      JOB_ID                                                                                                                                                                                  
--------------- ----------                                                                                                                                                                              
Alexander       IT_PROG                                                                                                                                                                                 
Bruce           IT_PROG                                                                                                                                                                                 
Diana           IT_PROG                                                                                                                                                                                 
Trenna          ST_CLERK                                                                                                                                                                                
Curtis          ST_CLERK                                                                                                                                                                                
Randall         ST_CLERK                                                                                                                                                                                
Peter           ST_CLERK                                                                                                                                                                                
Ellen           SA_REP                                                                                                                                                                                  
Jonathon        SA_REP                                                                                                                                                                                  
Kimerely        SA_REP                                                                                                                                                                                  

10 rows selected.

SQL> SELECT FIRST_NAME , JOB_ID FROM EMPLOYEES WHERE JOB_ID = SOME ('IT_PROG' , 'SA_REP' , 'ST_CLERK');

FIRST_NAME      JOB_ID                                                                                                                                                                                  
--------------- ----------                                                                                                                                                                              
Alexander       IT_PROG                                                                                                                                                                                 
Bruce           IT_PROG                                                                                                                                                                                 
Diana           IT_PROG                                                                                                                                                                                 
Trenna          ST_CLERK                                                                                                                                                                                
Curtis          ST_CLERK                                                                                                                                                                                
Randall         ST_CLERK                                                                                                                                                                                
Peter           ST_CLERK                                                                                                                                                                                
Ellen           SA_REP                                                                                                                                                                                  
Jonathon        SA_REP                                                                                                                                                                                  
Kimerely        SA_REP                                                                                                                                                                                  

10 rows selected.

SQL> SELECT FIRST_NAME , JOB_ID FROM EMPLOYEES WHERE JOB_ID = SOME ('IT_PROG' , 'SA_REP' , ST_CLERK);
SELECT FIRST_NAME , JOB_ID FROM EMPLOYEES WHERE JOB_ID = SOME ('IT_PROG' , 'SA_REP' , ST_CLERK)
                                                                                      *
ERROR at line 1:
ORA-00904: "ST_CLERK": invalid identifier 


SQL> SELECT FIRST_NAME , JOB_ID FROM EMPLOYEES WHERE JOB_ID = ALL ('IT_PROG' , 'SA_REP' , 'ST_CLERK');

no rows selected

SQL> SELECT * FROM EMPLOYEES;

EMPLOYEE_ID FIRST_NAME      LAST_NAME       EMAIL      PHONE_NUMBER         HIRE_DATE JOB_ID         SALARY COMMISSION_PCT MANAGER_ID DEPARTMENT_ID                                                     
----------- --------------- --------------- ---------- -------------------- --------- ---------- ---------- -------------- ---------- -------------                                                     
        100 Steven          King            SKING      515.123.4567         17-JUL-87 AD_PRES         24000                                      90                                                     
        101 Neena           Kochhar         NKOCHHAR   515.123.4568         21-SEP-89 AD_VP           17000                       100            90                                                     
        102 Lex             De Haan         LDEHAAN    515.123.4569         13-JAN-93 AD_VP           17000                       100            90                                                     
        103 Alexander       Hunold          AHUNOLD    590.423.4567         03-JAN-90 IT_PROG          9000                       102            60                                                     
        104 Bruce           Ernst           BERNST     590.423.4568         21-MAY-91 IT_PROG          6000                       103            60                                                     
        107 Diana           Lorentz         DLORENTZ   590.423.5567         07-FEB-99 IT_PROG          4200                       103            60                                                     
        124 Kevin           Mourgos         KMOURGOS   650.123.5234         16-NOV-99 ST_MAN           5800                       100            50                                                     
        141 Trenna          Rajs            TRAJS      650.121.8009         17-OCT-95 ST_CLERK         3500                       124            50                                                     
        142 Curtis          Davies          CDAVIES    650.121.2994         29-JAN-97 ST_CLERK         3100                       124            50                                                     
        143 Randall         Matos           RMATOS     650.121.2874         15-MAR-98 ST_CLERK         2600                       124            50                                                     
        144 Peter           Vargas          PVARGAS    650.121.2004         09-JUL-98 ST_CLERK         2500                       124            50                                                     
        149 Eleni           Zlotkey         EZLOTKEY   011.44.1344.429018   29-JAN-00 SA_MAN          10500             .2        100            80                                                     
        174 Ellen           Abel            EABEL      011.44.1644.429267   11-MAY-96 SA_REP          11000             .3        149            80                                                     
        176 Jonathon        Taylor          JTAYLOR    011.44.1644.429265   24-MAR-98 SA_REP           8600             .3        149            80                                                     
        178 Kimerely        Grant           KGRANT     011.44.1644.429263   24-MAY-99 SA_REP           7000            .15        149                                                                   
        200 Jennifer        Whalen          JWHALEN    515.123.4444         17-SEP-87 AD_ASST          4400                       101            10                                                     
        201 Michael         Hartstein       MHARTSTE   515.123.5555         17-FEB-96 MK_MAN          13000                       100            20                                                     
        202 Pat             Fay             PFAY       603.123.6666         17-AUG-97 MK_REP           6000                       201            20                                                     
        205 Shelley         Higgins         SHIGGINS   515.123.8080         07-JUN-94 AC_MGR          12000                       101           110                                                     
        206 William         Gietz           WGIETZ     515.123.8181         07-JUN-94 AC_ACCOUNT       8300                       205           110                                                     

20 rows selected.

SQL> REM DISPLAY THOSE WHO GETS ANY OF THE SALARY : 17000 6000 444
SQL> 
SQL> REM DISPLAY THOSE WHO GETS ANY OF THE SALARY : 17000 6000 4400
SQL> 
SQL> 
SQL> REM DISPLAY ALL EXCEPT THOSE WHO WORKS IN DEPARTMENTS : 50 90 10
SQL> 
SQL> SELECT FIRST_NAME , DEPARTMENT_ID FROM EMPLOYEES WHERE DEPARTMENT_ID <> ALL (50,90,10);

FIRST_NAME      DEPARTMENT_ID                                                                                                                                                                           
--------------- -------------                                                                                                                                                                           
Alexander                  60                                                                                                                                                                           
Bruce                      60                                                                                                                                                                           
Diana                      60                                                                                                                                                                           
Eleni                      80                                                                                                                                                                           
Ellen                      80                                                                                                                                                                           
Jonathon                   80                                                                                                                                                                           
Michael                    20                                                                                                                                                                           
Pat                        20                                                                                                                                                                           
Shelley                   110                                                                                                                                                                           
William                   110                                                                                                                                                                           

10 rows selected.

SQL> SELECT FIRST_NAME , DEPARTMENT_ID FROM EMPLOYEES WHERE DEPARTMENT_ID != ALL (50,90,10);

FIRST_NAME      DEPARTMENT_ID                                                                                                                                                                           
--------------- -------------                                                                                                                                                                           
Alexander                  60                                                                                                                                                                           
Bruce                      60                                                                                                                                                                           
Diana                      60                                                                                                                                                                           
Eleni                      80                                                                                                                                                                           
Ellen                      80                                                                                                                                                                           
Jonathon                   80                                                                                                                                                                           
Michael                    20                                                                                                                                                                           
Pat                        20                                                                                                                                                                           
Shelley                   110                                                                                                                                                                           
William                   110                                                                                                                                                                           

10 rows selected.

SQL> SELECT FIRST_NAME , DEPARTMENT_ID FROM EMPLOYEES WHERE DEPARTMENT_ID ^= ALL (50,90,10);

FIRST_NAME      DEPARTMENT_ID                                                                                                                                                                           
--------------- -------------                                                                                                                                                                           
Alexander                  60                                                                                                                                                                           
Bruce                      60                                                                                                                                                                           
Diana                      60                                                                                                                                                                           
Eleni                      80                                                                                                                                                                           
Ellen                      80                                                                                                                                                                           
Jonathon                   80                                                                                                                                                                           
Michael                    20                                                                                                                                                                           
Pat                        20                                                                                                                                                                           
Shelley                   110                                                                                                                                                                           
William                   110                                                                                                                                                                           

10 rows selected.

SQL> REM DISPLAY ALL OTHER THAN THOSE WHO WORKS IN DEPARTMENTS : 50 90 10
SQL> 
SQL> SELECT * FROM EMPLOYEES;

EMPLOYEE_ID FIRST_NAME      LAST_NAME       EMAIL      PHONE_NUMBER         HIRE_DATE JOB_ID         SALARY COMMISSION_PCT MANAGER_ID DEPARTMENT_ID                                                     
----------- --------------- --------------- ---------- -------------------- --------- ---------- ---------- -------------- ---------- -------------                                                     
        100 Steven          King            SKING      515.123.4567         17-JUL-87 AD_PRES         24000                                      90                                                     
        101 Neena           Kochhar         NKOCHHAR   515.123.4568         21-SEP-89 AD_VP           17000                       100            90                                                     
        102 Lex             De Haan         LDEHAAN    515.123.4569         13-JAN-93 AD_VP           17000                       100            90                                                     
        103 Alexander       Hunold          AHUNOLD    590.423.4567         03-JAN-90 IT_PROG          9000                       102            60                                                     
        104 Bruce           Ernst           BERNST     590.423.4568         21-MAY-91 IT_PROG          6000                       103            60                                                     
        107 Diana           Lorentz         DLORENTZ   590.423.5567         07-FEB-99 IT_PROG          4200                       103            60                                                     
        124 Kevin           Mourgos         KMOURGOS   650.123.5234         16-NOV-99 ST_MAN           5800                       100            50                                                     
        141 Trenna          Rajs            TRAJS      650.121.8009         17-OCT-95 ST_CLERK         3500                       124            50                                                     
        142 Curtis          Davies          CDAVIES    650.121.2994         29-JAN-97 ST_CLERK         3100                       124            50                                                     
        143 Randall         Matos           RMATOS     650.121.2874         15-MAR-98 ST_CLERK         2600                       124            50                                                     
        144 Peter           Vargas          PVARGAS    650.121.2004         09-JUL-98 ST_CLERK         2500                       124            50                                                     
        149 Eleni           Zlotkey         EZLOTKEY   011.44.1344.429018   29-JAN-00 SA_MAN          10500             .2        100            80                                                     
        174 Ellen           Abel            EABEL      011.44.1644.429267   11-MAY-96 SA_REP          11000             .3        149            80                                                     
        176 Jonathon        Taylor          JTAYLOR    011.44.1644.429265   24-MAR-98 SA_REP           8600             .3        149            80                                                     
        178 Kimerely        Grant           KGRANT     011.44.1644.429263   24-MAY-99 SA_REP           7000            .15        149                                                                   
        200 Jennifer        Whalen          JWHALEN    515.123.4444         17-SEP-87 AD_ASST          4400                       101            10                                                     
        201 Michael         Hartstein       MHARTSTE   515.123.5555         17-FEB-96 MK_MAN          13000                       100            20                                                     
        202 Pat             Fay             PFAY       603.123.6666         17-AUG-97 MK_REP           6000                       201            20                                                     
        205 Shelley         Higgins         SHIGGINS   515.123.8080         07-JUN-94 AC_MGR          12000                       101           110                                                     
        206 William         Gietz           WGIETZ     515.123.8181         07-JUN-94 AC_ACCOUNT       8300                       205           110                                                     

20 rows selected.

SQL> REM DISPLAY ALL EXCEPT THOSE WHO REPORTS TO : 100 101 102 103 205
SQL> 
SQL> SELECT FIRST_NAME , MANAGER_ID FROM EMPLOYEES WHERE MANAGER_ID <> ALL (100, 101, 102, 103, 205);

FIRST_NAME      MANAGER_ID                                                                                                                                                                              
--------------- ----------                                                                                                                                                                              
Trenna                 124                                                                                                                                                                              
Curtis                 124                                                                                                                                                                              
Randall                124                                                                                                                                                                              
Peter                  124                                                                                                                                                                              
Ellen                  149                                                                                                                                                                              
Jonathon               149                                                                                                                                                                              
Kimerely               149                                                                                                                                                                              
Pat                    201                                                                                                                                                                              

8 rows selected.

SQL> REM DISPLAY ALL EXCEPT THOSE WHO WORKS AS ANY OF THE JOBS : MK_REP , AC_MGR , AD_VP , ST_MAN
SQL> 
SQL> REM DISPLAY ALL EXCEPT THOSE WHO WORKS AS ANY OF THE JOBS : MK_REP , AC_MGR , AD_VP , ST_MAN (DON'T USE <> AND !=)
SQL> 
SQL> SELECT FIRST_NAME , JOB_ID FROM EMPLOYEES WHERE MANAGER_ID ^= ALL ('MK_REP' , 'AC_MGR' , 'AD_VP' , 'ST_MAN');
SELECT FIRST_NAME , JOB_ID FROM EMPLOYEES WHERE MANAGER_ID ^= ALL ('MK_REP' , 'AC_MGR' , 'AD_VP' , 'ST_MAN')
                                                                   *
ERROR at line 1:
ORA-01722: invalid number 


SQL> SELECT FIRST_NAME , JOB_ID FROM EMPLOYEES WHERE JOB_ID ^= ALL ('MK_REP' , 'AC_MGR' , 'AD_VP' , 'ST_MAN');

FIRST_NAME      JOB_ID                                                                                                                                                                                  
--------------- ----------                                                                                                                                                                              
Steven          AD_PRES                                                                                                                                                                                 
Alexander       IT_PROG                                                                                                                                                                                 
Bruce           IT_PROG                                                                                                                                                                                 
Diana           IT_PROG                                                                                                                                                                                 
Trenna          ST_CLERK                                                                                                                                                                                
Curtis          ST_CLERK                                                                                                                                                                                
Randall         ST_CLERK                                                                                                                                                                                
Peter           ST_CLERK                                                                                                                                                                                
Eleni           SA_MAN                                                                                                                                                                                  
Ellen           SA_REP                                                                                                                                                                                  
Jonathon        SA_REP                                                                                                                                                                                  
Kimerely        SA_REP                                                                                                                                                                                  
Jennifer        AD_ASST                                                                                                                                                                                 
Michael         MK_MAN                                                                                                                                                                                  
William         AC_ACCOUNT                                                                                                                                                                              

15 rows selected.

SQL> REM PAIR WISE COMPARISON :
SQL> 
SQL> SELECT DEPARTMENT_ID , MANGER_ID , FIRST_NAME FROM EMPLOYEES ORDER BY 1,2;
SELECT DEPARTMENT_ID , MANGER_ID , FIRST_NAME FROM EMPLOYEES ORDER BY 1,2
                       *
ERROR at line 1:
ORA-00904: "MANGER_ID": invalid identifier 


SQL> SELECT DEPARTMENT_ID , MANAGER_ID , FIRST_NAME FROM EMPLOYEES ORDER BY 1,2;

DEPARTMENT_ID MANAGER_ID FIRST_NAME                                                                                                                                                                     
------------- ---------- ---------------                                                                                                                                                                
           10        101 Jennifer                                                                                                                                                                       
           20        100 Michael                                                                                                                                                                        
           20        201 Pat                                                                                                                                                                            
           50        100 Kevin                                                                                                                                                                          
           50        124 Curtis                                                                                                                                                                         
           50        124 Peter                                                                                                                                                                          
           50        124 Randall                                                                                                                                                                        
           50        124 Trenna                                                                                                                                                                         
           60        102 Alexander                                                                                                                                                                      
           60        103 Diana                                                                                                                                                                          
           60        103 Bruce                                                                                                                                                                          
           80        100 Eleni                                                                                                                                                                          
           80        149 Ellen                                                                                                                                                                          
           80        149 Jonathon                                                                                                                                                                       
           90        100 Lex                                                                                                                                                                            
           90        100 Neena                                                                                                                                                                          
           90            Steven                                                                                                                                                                         
          110        101 Shelley                                                                                                                                                                        
          110        205 William                                                                                                                                                                        
                     149 Kimerely                                                                                                                                                                       

20 rows selected.

SQL> REM DISPLAY COMBINATIONS : 50 124   60 103    80 149
SQL> 
SQL> 
SQL> SELECT DEPARTMENT_ID , MANAGER_ID , FIRST_NAME FROM EMPLOYEES
  2  WHERE (DEPARTMENT_ID , MANAGER_ID) = ANY ((50,124),(60,103),(80,149));

DEPARTMENT_ID MANAGER_ID FIRST_NAME                                                                                                                                                                     
------------- ---------- ---------------                                                                                                                                                                
           60        103 Bruce                                                                                                                                                                          
           60        103 Diana                                                                                                                                                                          
           50        124 Trenna                                                                                                                                                                         
           50        124 Curtis                                                                                                                                                                         
           50        124 Randall                                                                                                                                                                        
           50        124 Peter                                                                                                                                                                          
           80        149 Ellen                                                                                                                                                                          
           80        149 Jonathon                                                                                                                                                                       

8 rows selected.

SQL> SELECT DEPARTMENT_ID , MANAGER_ID , FIRST_NAME FROM EMPLOYEES
  2  WHERE (DEPARTMENT_ID , MANAGER_ID) = SOME ((50,124),(60,103),(80,149));

DEPARTMENT_ID MANAGER_ID FIRST_NAME                                                                                                                                                                     
------------- ---------- ---------------                                                                                                                                                                
           60        103 Bruce                                                                                                                                                                          
           60        103 Diana                                                                                                                                                                          
           50        124 Trenna                                                                                                                                                                         
           50        124 Curtis                                                                                                                                                                         
           50        124 Randall                                                                                                                                                                        
           50        124 Peter                                                                                                                                                                          
           80        149 Ellen                                                                                                                                                                          
           80        149 Jonathon                                                                                                                                                                       

8 rows selected.

SQL> SELECT DEPARTMENT_ID , MANAGER_ID , FIRST_NAME FROM EMPLOYEES
  2  WHERE (DEPARTMENT_ID , MANAGER_ID) != ALL ((50,124),(60,103),(80,149));

DEPARTMENT_ID MANAGER_ID FIRST_NAME                                                                                                                                                                     
------------- ---------- ---------------                                                                                                                                                                
           90            Steven                                                                                                                                                                         
           90        100 Neena                                                                                                                                                                          
           90        100 Lex                                                                                                                                                                            
           60        102 Alexander                                                                                                                                                                      
           50        100 Kevin                                                                                                                                                                          
           80        100 Eleni                                                                                                                                                                          
           10        101 Jennifer                                                                                                                                                                       
           20        100 Michael                                                                                                                                                                        
           20        201 Pat                                                                                                                                                                            
          110        101 Shelley                                                                                                                                                                        
          110        205 William                                                                                                                                                                        

11 rows selected.

SQL> SELECT * FROM EMPLOYEES;

EMPLOYEE_ID FIRST_NAME      LAST_NAME       EMAIL      PHONE_NUMBER         HIRE_DATE JOB_ID         SALARY COMMISSION_PCT MANAGER_ID DEPARTMENT_ID                                                     
----------- --------------- --------------- ---------- -------------------- --------- ---------- ---------- -------------- ---------- -------------                                                     
        100 Steven          King            SKING      515.123.4567         17-JUL-87 AD_PRES         24000                                      90                                                     
        101 Neena           Kochhar         NKOCHHAR   515.123.4568         21-SEP-89 AD_VP           17000                       100            90                                                     
        102 Lex             De Haan         LDEHAAN    515.123.4569         13-JAN-93 AD_VP           17000                       100            90                                                     
        103 Alexander       Hunold          AHUNOLD    590.423.4567         03-JAN-90 IT_PROG          9000                       102            60                                                     
        104 Bruce           Ernst           BERNST     590.423.4568         21-MAY-91 IT_PROG          6000                       103            60                                                     
        107 Diana           Lorentz         DLORENTZ   590.423.5567         07-FEB-99 IT_PROG          4200                       103            60                                                     
        124 Kevin           Mourgos         KMOURGOS   650.123.5234         16-NOV-99 ST_MAN           5800                       100            50                                                     
        141 Trenna          Rajs            TRAJS      650.121.8009         17-OCT-95 ST_CLERK         3500                       124            50                                                     
        142 Curtis          Davies          CDAVIES    650.121.2994         29-JAN-97 ST_CLERK         3100                       124            50                                                     
        143 Randall         Matos           RMATOS     650.121.2874         15-MAR-98 ST_CLERK         2600                       124            50                                                     
        144 Peter           Vargas          PVARGAS    650.121.2004         09-JUL-98 ST_CLERK         2500                       124            50                                                     
        149 Eleni           Zlotkey         EZLOTKEY   011.44.1344.429018   29-JAN-00 SA_MAN          10500             .2        100            80                                                     
        174 Ellen           Abel            EABEL      011.44.1644.429267   11-MAY-96 SA_REP          11000             .3        149            80                                                     
        176 Jonathon        Taylor          JTAYLOR    011.44.1644.429265   24-MAR-98 SA_REP           8600             .3        149            80                                                     
        178 Kimerely        Grant           KGRANT     011.44.1644.429263   24-MAY-99 SA_REP           7000            .15        149                                                                   
        200 Jennifer        Whalen          JWHALEN    515.123.4444         17-SEP-87 AD_ASST          4400                       101            10                                                     
        201 Michael         Hartstein       MHARTSTE   515.123.5555         17-FEB-96 MK_MAN          13000                       100            20                                                     
        202 Pat             Fay             PFAY       603.123.6666         17-AUG-97 MK_REP           6000                       201            20                                                     
        205 Shelley         Higgins         SHIGGINS   515.123.8080         07-JUN-94 AC_MGR          12000                       101           110                                                     
        206 William         Gietz           WGIETZ     515.123.8181         07-JUN-94 AC_ACCOUNT       8300                       205           110                                                     

20 rows selected.

SQL> SELECT DEPARTMENT_ID , MANAGER_ID , FIRST_NAME FROM EMPLOYEES
  2  WHERE (MANAGER_ID , DEPARTMENT_ID) != ALL ((124,50),(103,60),(149,80));

DEPARTMENT_ID MANAGER_ID FIRST_NAME                                                                                                                                                                     
------------- ---------- ---------------                                                                                                                                                                
           90            Steven                                                                                                                                                                         
           90        100 Neena                                                                                                                                                                          
           90        100 Lex                                                                                                                                                                            
           60        102 Alexander                                                                                                                                                                      
           50        100 Kevin                                                                                                                                                                          
           80        100 Eleni                                                                                                                                                                          
           10        101 Jennifer                                                                                                                                                                       
           20        100 Michael                                                                                                                                                                        
           20        201 Pat                                                                                                                                                                            
          110        101 Shelley                                                                                                                                                                        
          110        205 William                                                                                                                                                                        

11 rows selected.

SQL> SELECT MANAGER_ID , DEPARTMENT_ID , FIRST_NAME FROM EMPLOYEES
  2  WHERE (MANAGER_ID , DEPARTMENT_ID) != ALL ((124,50),(103,60),(149,80));

MANAGER_ID DEPARTMENT_ID FIRST_NAME                                                                                                                                                                     
---------- ------------- ---------------                                                                                                                                                                
                      90 Steven                                                                                                                                                                         
       100            90 Neena                                                                                                                                                                          
       100            90 Lex                                                                                                                                                                            
       102            60 Alexander                                                                                                                                                                      
       100            50 Kevin                                                                                                                                                                          
       100            80 Eleni                                                                                                                                                                          
       101            10 Jennifer                                                                                                                                                                       
       100            20 Michael                                                                                                                                                                        
       201            20 Pat                                                                                                                                                                            
       101           110 Shelley                                                                                                                                                                        
       205           110 William                                                                                                                                                                        

11 rows selected.

SQL> SELECT * FROM EMPLOYEES;

EMPLOYEE_ID FIRST_NAME      LAST_NAME       EMAIL      PHONE_NUMBER         HIRE_DATE JOB_ID         SALARY COMMISSION_PCT MANAGER_ID DEPARTMENT_ID                                                     
----------- --------------- --------------- ---------- -------------------- --------- ---------- ---------- -------------- ---------- -------------                                                     
        100 Steven          King            SKING      515.123.4567         17-JUL-87 AD_PRES         24000                                      90                                                     
        101 Neena           Kochhar         NKOCHHAR   515.123.4568         21-SEP-89 AD_VP           17000                       100            90                                                     
        102 Lex             De Haan         LDEHAAN    515.123.4569         13-JAN-93 AD_VP           17000                       100            90                                                     
        103 Alexander       Hunold          AHUNOLD    590.423.4567         03-JAN-90 IT_PROG          9000                       102            60                                                     
        104 Bruce           Ernst           BERNST     590.423.4568         21-MAY-91 IT_PROG          6000                       103            60                                                     
        107 Diana           Lorentz         DLORENTZ   590.423.5567         07-FEB-99 IT_PROG          4200                       103            60                                                     
        124 Kevin           Mourgos         KMOURGOS   650.123.5234         16-NOV-99 ST_MAN           5800                       100            50                                                     
        141 Trenna          Rajs            TRAJS      650.121.8009         17-OCT-95 ST_CLERK         3500                       124            50                                                     
        142 Curtis          Davies          CDAVIES    650.121.2994         29-JAN-97 ST_CLERK         3100                       124            50                                                     
        143 Randall         Matos           RMATOS     650.121.2874         15-MAR-98 ST_CLERK         2600                       124            50                                                     
        144 Peter           Vargas          PVARGAS    650.121.2004         09-JUL-98 ST_CLERK         2500                       124            50                                                     
        149 Eleni           Zlotkey         EZLOTKEY   011.44.1344.429018   29-JAN-00 SA_MAN          10500             .2        100            80                                                     
        174 Ellen           Abel            EABEL      011.44.1644.429267   11-MAY-96 SA_REP          11000             .3        149            80                                                     
        176 Jonathon        Taylor          JTAYLOR    011.44.1644.429265   24-MAR-98 SA_REP           8600             .3        149            80                                                     
        178 Kimerely        Grant           KGRANT     011.44.1644.429263   24-MAY-99 SA_REP           7000            .15        149                                                                   
        200 Jennifer        Whalen          JWHALEN    515.123.4444         17-SEP-87 AD_ASST          4400                       101            10                                                     
        201 Michael         Hartstein       MHARTSTE   515.123.5555         17-FEB-96 MK_MAN          13000                       100            20                                                     
        202 Pat             Fay             PFAY       603.123.6666         17-AUG-97 MK_REP           6000                       201            20                                                     
        205 Shelley         Higgins         SHIGGINS   515.123.8080         07-JUN-94 AC_MGR          12000                       101           110                                                     
        206 William         Gietz           WGIETZ     515.123.8181         07-JUN-94 AC_ACCOUNT       8300                       205           110                                                     

20 rows selected.

SQL> REM DISPLAY COMBINATIONS : ST_CLERK 50    SA_REP 80    AD_VP 90   IT_PROG 60
SQL> 
SQL> select  job_id ,  department_id  from employees where (job_id, department_id) = any ((`st_clerk'),(50)),((`SA_REP'),(80)), ((`AD_VP'),(90)), ((`IT_PROG'),(60));
select  job_id ,  department_id  from employees where (job_id, department_id) = any ((`st_clerk'),(50)),((`SA_REP'),(80)), ((`AD_VP'),(90)), ((`IT_PROG'),(60))
                                                                                      *
ERROR at line 1:
ORA-00920: invalid relational operator 


SQL> select  job_id ,  department_id  from employees where (job_id, department_id) = any (('ST_CLERK'),(50)),(('SA_REP'),(80)), (('AD_VP'),(90)), (('IT_PROG'),(60));
select  job_id ,  department_id  from employees where (job_id, department_id) = any (('ST_CLERK'),(50)),(('SA_REP'),(80)), (('AD_VP'),(90)), (('IT_PROG'),(60))
                                                                                    *
ERROR at line 1:
ORA-00920: invalid relational operator 


SQL> select  job_id ,  department_id  from employees where (job_id, department_id) = any ((('ST_CLERK'),(50)),(('SA_REP'),(80)), (('AD_VP'),(90)), (('IT_PROG'),(60)));

JOB_ID     DEPARTMENT_ID                                                                                                                                                                                
---------- -------------                                                                                                                                                                                
AD_VP                 90                                                                                                                                                                                
AD_VP                 90                                                                                                                                                                                
IT_PROG               60                                                                                                                                                                                
IT_PROG               60                                                                                                                                                                                
IT_PROG               60                                                                                                                                                                                
ST_CLERK              50                                                                                                                                                                                
ST_CLERK              50                                                                                                                                                                                
ST_CLERK              50                                                                                                                                                                                
ST_CLERK              50                                                                                                                                                                                
SA_REP                80                                                                                                                                                                                
SA_REP                80                                                                                                                                                                                

11 rows selected.

SQL> select  job_id ,  department_id  from employees where (job_id, department_id) = any (('ST_CLERK',50),('SA_REP',80), ('AD_VP',90), ('IT_PROG',60));

JOB_ID     DEPARTMENT_ID                                                                                                                                                                                
---------- -------------                                                                                                                                                                                
AD_VP                 90                                                                                                                                                                                
AD_VP                 90                                                                                                                                                                                
IT_PROG               60                                                                                                                                                                                
IT_PROG               60                                                                                                                                                                                
IT_PROG               60                                                                                                                                                                                
ST_CLERK              50                                                                                                                                                                                
ST_CLERK              50                                                                                                                                                                                
ST_CLERK              50                                                                                                                                                                                
ST_CLERK              50                                                                                                                                                                                
SA_REP                80                                                                                                                                                                                
SA_REP                80                                                                                                                                                                                

11 rows selected.

SQL> SELECT * FROM EMPLOYEES;

EMPLOYEE_ID FIRST_NAME      LAST_NAME       EMAIL      PHONE_NUMBER         HIRE_DATE JOB_ID         SALARY COMMISSION_PCT MANAGER_ID DEPARTMENT_ID                                                     
----------- --------------- --------------- ---------- -------------------- --------- ---------- ---------- -------------- ---------- -------------                                                     
        100 Steven          King            SKING      515.123.4567         17-JUL-87 AD_PRES         24000                                      90                                                     
        101 Neena           Kochhar         NKOCHHAR   515.123.4568         21-SEP-89 AD_VP           17000                       100            90                                                     
        102 Lex             De Haan         LDEHAAN    515.123.4569         13-JAN-93 AD_VP           17000                       100            90                                                     
        103 Alexander       Hunold          AHUNOLD    590.423.4567         03-JAN-90 IT_PROG          9000                       102            60                                                     
        104 Bruce           Ernst           BERNST     590.423.4568         21-MAY-91 IT_PROG          6000                       103            60                                                     
        107 Diana           Lorentz         DLORENTZ   590.423.5567         07-FEB-99 IT_PROG          4200                       103            60                                                     
        124 Kevin           Mourgos         KMOURGOS   650.123.5234         16-NOV-99 ST_MAN           5800                       100            50                                                     
        141 Trenna          Rajs            TRAJS      650.121.8009         17-OCT-95 ST_CLERK         3500                       124            50                                                     
        142 Curtis          Davies          CDAVIES    650.121.2994         29-JAN-97 ST_CLERK         3100                       124            50                                                     
        143 Randall         Matos           RMATOS     650.121.2874         15-MAR-98 ST_CLERK         2600                       124            50                                                     
        144 Peter           Vargas          PVARGAS    650.121.2004         09-JUL-98 ST_CLERK         2500                       124            50                                                     
        149 Eleni           Zlotkey         EZLOTKEY   011.44.1344.429018   29-JAN-00 SA_MAN          10500             .2        100            80                                                     
        174 Ellen           Abel            EABEL      011.44.1644.429267   11-MAY-96 SA_REP          11000             .3        149            80                                                     
        176 Jonathon        Taylor          JTAYLOR    011.44.1644.429265   24-MAR-98 SA_REP           8600             .3        149            80                                                     
        178 Kimerely        Grant           KGRANT     011.44.1644.429263   24-MAY-99 SA_REP           7000            .15        149                                                                   
        200 Jennifer        Whalen          JWHALEN    515.123.4444         17-SEP-87 AD_ASST          4400                       101            10                                                     
        201 Michael         Hartstein       MHARTSTE   515.123.5555         17-FEB-96 MK_MAN          13000                       100            20                                                     
        202 Pat             Fay             PFAY       603.123.6666         17-AUG-97 MK_REP           6000                       201            20                                                     
        205 Shelley         Higgins         SHIGGINS   515.123.8080         07-JUN-94 AC_MGR          12000                       101           110                                                     
        206 William         Gietz           WGIETZ     515.123.8181         07-JUN-94 AC_ACCOUNT       8300                       205           110                                                     

20 rows selected.

SQL> REM DISPLAY ALL EXCEPT COMBINATIONS : 100 90 AD_VP   124 50 ST_CLERK    149 80 SA_REP
SQL> 
SQL> 
SQL> SELECT FIRST_NAME ,MANAGER_ID , DEPARTMENT_ID , JOB_ID  FROM EMPLOYEES WHERE( MANAGER_ID , DEPARTMENT_ID , JOB_ID) != ALL ( ( 100 , 90 , ' AD_VP ') , ( 124 , 50 , ' ST_CLERK ') , ( 149 , 80 , ' SA_REP') );

FIRST_NAME      MANAGER_ID DEPARTMENT_ID JOB_ID                                                                                                                                                         
--------------- ---------- ------------- ----------                                                                                                                                                     
Steven                                90 AD_PRES                                                                                                                                                        
Neena                  100            90 AD_VP                                                                                                                                                          
Lex                    100            90 AD_VP                                                                                                                                                          
Alexander              102            60 IT_PROG                                                                                                                                                        
Bruce                  103            60 IT_PROG                                                                                                                                                        
Diana                  103            60 IT_PROG                                                                                                                                                        
Kevin                  100            50 ST_MAN                                                                                                                                                         
Trenna                 124            50 ST_CLERK                                                                                                                                                       
Curtis                 124            50 ST_CLERK                                                                                                                                                       
Randall                124            50 ST_CLERK                                                                                                                                                       
Peter                  124            50 ST_CLERK                                                                                                                                                       
Eleni                  100            80 SA_MAN                                                                                                                                                         
Ellen                  149            80 SA_REP                                                                                                                                                         
Jonathon               149            80 SA_REP                                                                                                                                                         
Kimerely               149               SA_REP                                                                                                                                                         
Jennifer               101            10 AD_ASST                                                                                                                                                        
Michael                100            20 MK_MAN                                                                                                                                                         
Pat                    201            20 MK_REP                                                                                                                                                         
Shelley                101           110 AC_MGR                                                                                                                                                         
William                205           110 AC_ACCOUNT                                                                                                                                                     

20 rows selected.

SQL> SELECT FIRST_NAME ,MANAGER_ID , DEPARTMENT_ID , JOB_ID  FROM EMPLOYEES WHERE( MANAGER_ID , DEPARTMENT_ID , JOB_ID) != ALL ( ( 100 , 90 , 'AD_VP') , ( 124 , 50 , 'ST_CLERK') , ( 149 , 80 , 'SA_REP')) ;

FIRST_NAME      MANAGER_ID DEPARTMENT_ID JOB_ID                                                                                                                                                         
--------------- ---------- ------------- ----------                                                                                                                                                     
Steven                                90 AD_PRES                                                                                                                                                        
Alexander              102            60 IT_PROG                                                                                                                                                        
Bruce                  103            60 IT_PROG                                                                                                                                                        
Diana                  103            60 IT_PROG                                                                                                                                                        
Kevin                  100            50 ST_MAN                                                                                                                                                         
Eleni                  100            80 SA_MAN                                                                                                                                                         
Jennifer               101            10 AD_ASST                                                                                                                                                        
Michael                100            20 MK_MAN                                                                                                                                                         
Pat                    201            20 MK_REP                                                                                                                                                         
Shelley                101           110 AC_MGR                                                                                                                                                         
William                205           110 AC_ACCOUNT                                                                                                                                                     

11 rows selected.

SQL> SELECT MANAGER_ID, DEPARTMENT_ID, JOB_ID from employees WHERE MANAGER_ID, DEPARTMENT_ID , JOB_ID <> ALL ((100,90,'AD_VP'),(124,50,'ST_CLERK'),(149,80,'SA_REP'));
SELECT MANAGER_ID, DEPARTMENT_ID, JOB_ID from employees WHERE MANAGER_ID, DEPARTMENT_ID , JOB_ID <> ALL ((100,90,'AD_VP'),(124,50,'ST_CLERK'),(149,80,'SA_REP'))
                                                                        *
ERROR at line 1:
ORA-00920: invalid relational operator 


SQL> SELECT MANAGER_ID, DEPARTMENT_ID, JOB_ID from employees WHERE (MANAGER_ID, DEPARTMENT_ID , JOB_ID) <> ALL ((100,90,'AD_VP'),(124,50,'ST_CLERK'),(149,80,'SA_REP'));

MANAGER_ID DEPARTMENT_ID JOB_ID                                                                                                                                                                         
---------- ------------- ----------                                                                                                                                                                     
                      90 AD_PRES                                                                                                                                                                        
       102            60 IT_PROG                                                                                                                                                                        
       103            60 IT_PROG                                                                                                                                                                        
       103            60 IT_PROG                                                                                                                                                                        
       100            50 ST_MAN                                                                                                                                                                         
       100            80 SA_MAN                                                                                                                                                                         
       101            10 AD_ASST                                                                                                                                                                        
       100            20 MK_MAN                                                                                                                                                                         
       201            20 MK_REP                                                                                                                                                                         
       101           110 AC_MGR                                                                                                                                                                         
       205           110 AC_ACCOUNT                                                                                                                                                                     

11 rows selected.

SQL> REM SPECIAL OPERATORS :
SQL> 
SQL> REM LIST OF SPECIAL OPERATORS : 1 IN 2 BETWEEN 3 LIKE 4 IS NULL
SQL> 
SQL> REM ALL SPECIAL OPERATORS WORK WITH ALL 3 BASIC DATA TYPES VALUES FOR COMPARISONS.
SQL> 
SQL> REM ALL SPECIAL OPERATORS CAN PERFORM BOTH : 1 POSITIVE CONDITION CHECKING 2 NEGATIVE CONDITION CHECKING
SQL> 
SQL> REM 1 IN / NOT IN
SQL> 
SQL> REM 2 BETWEEN / NOT BETWEEN
SQL> 
SQL> REM 3 LIKE / NOT LIKE
SQL> 
SQL> REM 4 IS NULL / IS NOT NULL
SQL> 
SQL> 
SQL> 
SQL> REM IN : IS USED TO COMPARE MULTIPLE VALUES WITHIN SINGLE CONDITION.
SQL> 
SQL> REM FUNCTIONALITY OF 'IN' , =ANY AND =SOME ARE IDENTICAL.
SQL> 
SQL> REM FUNCTIONALITY OF 'NOT IN' AND , !=ALL ARE IDENTICAL.
SQL> 
SQL> 
SQL> SELECT * FROM EMPLOYEES;

EMPLOYEE_ID FIRST_NAME      LAST_NAME       EMAIL      PHONE_NUMBER         HIRE_DATE JOB_ID         SALARY COMMISSION_PCT MANAGER_ID DEPARTMENT_ID                                                     
----------- --------------- --------------- ---------- -------------------- --------- ---------- ---------- -------------- ---------- -------------                                                     
        100 Steven          King            SKING      515.123.4567         17-JUL-87 AD_PRES         24000                                      90                                                     
        101 Neena           Kochhar         NKOCHHAR   515.123.4568         21-SEP-89 AD_VP           17000                       100            90                                                     
        102 Lex             De Haan         LDEHAAN    515.123.4569         13-JAN-93 AD_VP           17000                       100            90                                                     
        103 Alexander       Hunold          AHUNOLD    590.423.4567         03-JAN-90 IT_PROG          9000                       102            60                                                     
        104 Bruce           Ernst           BERNST     590.423.4568         21-MAY-91 IT_PROG          6000                       103            60                                                     
        107 Diana           Lorentz         DLORENTZ   590.423.5567         07-FEB-99 IT_PROG          4200                       103            60                                                     
        124 Kevin           Mourgos         KMOURGOS   650.123.5234         16-NOV-99 ST_MAN           5800                       100            50                                                     
        141 Trenna          Rajs            TRAJS      650.121.8009         17-OCT-95 ST_CLERK         3500                       124            50                                                     
        142 Curtis          Davies          CDAVIES    650.121.2994         29-JAN-97 ST_CLERK         3100                       124            50                                                     
        143 Randall         Matos           RMATOS     650.121.2874         15-MAR-98 ST_CLERK         2600                       124            50                                                     
        144 Peter           Vargas          PVARGAS    650.121.2004         09-JUL-98 ST_CLERK         2500                       124            50                                                     
        149 Eleni           Zlotkey         EZLOTKEY   011.44.1344.429018   29-JAN-00 SA_MAN          10500             .2        100            80                                                     
        174 Ellen           Abel            EABEL      011.44.1644.429267   11-MAY-96 SA_REP          11000             .3        149            80                                                     
        176 Jonathon        Taylor          JTAYLOR    011.44.1644.429265   24-MAR-98 SA_REP           8600             .3        149            80                                                     
        178 Kimerely        Grant           KGRANT     011.44.1644.429263   24-MAY-99 SA_REP           7000            .15        149                                                                   
        200 Jennifer        Whalen          JWHALEN    515.123.4444         17-SEP-87 AD_ASST          4400                       101            10                                                     
        201 Michael         Hartstein       MHARTSTE   515.123.5555         17-FEB-96 MK_MAN          13000                       100            20                                                     
        202 Pat             Fay             PFAY       603.123.6666         17-AUG-97 MK_REP           6000                       201            20                                                     
        205 Shelley         Higgins         SHIGGINS   515.123.8080         07-JUN-94 AC_MGR          12000                       101           110                                                     
        206 William         Gietz           WGIETZ     515.123.8181         07-JUN-94 AC_ACCOUNT       8300                       205           110                                                     

20 rows selected.

SQL> REM DISPLAY THOSE WHO REPORTS TO MANAGER : 100 124 149
SQL> 
SQL> SELECT FIRST_NAME , MANAGER_ID FROM EMPLOYEES WHERE MANAGER_ID = ANY (100,124,149);

FIRST_NAME      MANAGER_ID                                                                                                                                                                              
--------------- ----------                                                                                                                                                                              
Neena                  100                                                                                                                                                                              
Lex                    100                                                                                                                                                                              
Kevin                  100                                                                                                                                                                              
Trenna                 124                                                                                                                                                                              
Curtis                 124                                                                                                                                                                              
Randall                124                                                                                                                                                                              
Peter                  124                                                                                                                                                                              
Eleni                  100                                                                                                                                                                              
Ellen                  149                                                                                                                                                                              
Jonathon               149                                                                                                                                                                              
Kimerely               149                                                                                                                                                                              
Michael                100                                                                                                                                                                              

12 rows selected.

SQL> SELECT FIRST_NAME , MANAGER_ID FROM EMPLOYEES WHERE MANAGER_ID = SOME (100,124,149);

FIRST_NAME      MANAGER_ID                                                                                                                                                                              
--------------- ----------                                                                                                                                                                              
Neena                  100                                                                                                                                                                              
Lex                    100                                                                                                                                                                              
Kevin                  100                                                                                                                                                                              
Trenna                 124                                                                                                                                                                              
Curtis                 124                                                                                                                                                                              
Randall                124                                                                                                                                                                              
Peter                  124                                                                                                                                                                              
Eleni                  100                                                                                                                                                                              
Ellen                  149                                                                                                                                                                              
Jonathon               149                                                                                                                                                                              
Kimerely               149                                                                                                                                                                              
Michael                100                                                                                                                                                                              

12 rows selected.

SQL> SELECT FIRST_NAME , MANAGER_ID FROM EMPLOYEES WHERE MANAGER_ID IN (100,124,149);

FIRST_NAME      MANAGER_ID                                                                                                                                                                              
--------------- ----------                                                                                                                                                                              
Neena                  100                                                                                                                                                                              
Lex                    100                                                                                                                                                                              
Kevin                  100                                                                                                                                                                              
Trenna                 124                                                                                                                                                                              
Curtis                 124                                                                                                                                                                              
Randall                124                                                                                                                                                                              
Peter                  124                                                                                                                                                                              
Eleni                  100                                                                                                                                                                              
Ellen                  149                                                                                                                                                                              
Jonathon               149                                                                                                                                                                              
Kimerely               149                                                                                                                                                                              
Michael                100                                                                                                                                                                              

12 rows selected.

SQL> REM DISPLAY ALL OTHER THAN THOSE WHO REPORTS TO MANAGER : 100 124 149
SQL> 
SQL> 
SQL> SELECT FIRST_NAME , MANAGER_ID FROM EMPLOYEES WHERE MANAGER_ID != ALL (100,124,149);

FIRST_NAME      MANAGER_ID                                                                                                                                                                              
--------------- ----------                                                                                                                                                                              
Alexander              102                                                                                                                                                                              
Bruce                  103                                                                                                                                                                              
Diana                  103                                                                                                                                                                              
Jennifer               101                                                                                                                                                                              
Pat                    201                                                                                                                                                                              
Shelley                101                                                                                                                                                                              
William                205                                                                                                                                                                              

7 rows selected.

SQL> SELECT FIRST_NAME , MANAGER_ID FROM EMPLOYEES WHERE MANAGER_ID NOT IN (100,124,149);

FIRST_NAME      MANAGER_ID                                                                                                                                                                              
--------------- ----------                                                                                                                                                                              
Alexander              102                                                                                                                                                                              
Bruce                  103                                                                                                                                                                              
Diana                  103                                                                                                                                                                              
Jennifer               101                                                                                                                                                                              
Pat                    201                                                                                                                                                                              
Shelley                101                                                                                                                                                                              
William                205                                                                                                                                                                              

7 rows selected.

SQL> REM DISPLAY ALL OTHER THAN THOSE WHO WORKS AS : IT_PROG  AD_VP  ST_CLERK
SQL> 
SQL> REM 3 STYLES
SQL> 
SQL> SELECT * FROM EMPLOYEES WHERE JOB_ID ^= NOT IN ('IT_PROG','AD_VP','ST_CLERK');
SELECT * FROM EMPLOYEES WHERE JOB_ID ^= NOT IN ('IT_PROG','AD_VP','ST_CLERK')
                                        *
ERROR at line 1:
ORA-00936: missing expression 


SQL> SELECT * FROM EMPLOYEES WHERE JOB_ID NOT IN ('IT_PROG','AD_VP','ST_CLERK');

EMPLOYEE_ID FIRST_NAME      LAST_NAME       EMAIL      PHONE_NUMBER         HIRE_DATE JOB_ID         SALARY COMMISSION_PCT MANAGER_ID DEPARTMENT_ID                                                     
----------- --------------- --------------- ---------- -------------------- --------- ---------- ---------- -------------- ---------- -------------                                                     
        100 Steven          King            SKING      515.123.4567         17-JUL-87 AD_PRES         24000                                      90                                                     
        124 Kevin           Mourgos         KMOURGOS   650.123.5234         16-NOV-99 ST_MAN           5800                       100            50                                                     
        149 Eleni           Zlotkey         EZLOTKEY   011.44.1344.429018   29-JAN-00 SA_MAN          10500             .2        100            80                                                     
        174 Ellen           Abel            EABEL      011.44.1644.429267   11-MAY-96 SA_REP          11000             .3        149            80                                                     
        176 Jonathon        Taylor          JTAYLOR    011.44.1644.429265   24-MAR-98 SA_REP           8600             .3        149            80                                                     
        178 Kimerely        Grant           KGRANT     011.44.1644.429263   24-MAY-99 SA_REP           7000            .15        149                                                                   
        200 Jennifer        Whalen          JWHALEN    515.123.4444         17-SEP-87 AD_ASST          4400                       101            10                                                     
        201 Michael         Hartstein       MHARTSTE   515.123.5555         17-FEB-96 MK_MAN          13000                       100            20                                                     
        202 Pat             Fay             PFAY       603.123.6666         17-AUG-97 MK_REP           6000                       201            20                                                     
        205 Shelley         Higgins         SHIGGINS   515.123.8080         07-JUN-94 AC_MGR          12000                       101           110                                                     
        206 William         Gietz           WGIETZ     515.123.8181         07-JUN-94 AC_ACCOUNT       8300                       205           110                                                     

11 rows selected.

SQL> SELECT FIRST_NAME,JOB_ID FROM EMPLOYEES WHERE JOB_ID!=ALL('IT_PROG','AD_VP','ST_CLERK');

FIRST_NAME      JOB_ID                                                                                                                                                                                  
--------------- ----------                                                                                                                                                                              
Steven          AD_PRES                                                                                                                                                                                 
Kevin           ST_MAN                                                                                                                                                                                  
Eleni           SA_MAN                                                                                                                                                                                  
Ellen           SA_REP                                                                                                                                                                                  
Jonathon        SA_REP                                                                                                                                                                                  
Kimerely        SA_REP                                                                                                                                                                                  
Jennifer        AD_ASST                                                                                                                                                                                 
Michael         MK_MAN                                                                                                                                                                                  
Pat             MK_REP                                                                                                                                                                                  
Shelley         AC_MGR                                                                                                                                                                                  
William         AC_ACCOUNT                                                                                                                                                                              

11 rows selected.

SQL> SELECT FIRST_NAME,JOB_ID FROM EMPLOYEES WHERE JOB_ID^=ALL('IT_PROG,''AD_VP','ST_CLERK');

FIRST_NAME      JOB_ID                                                                                                                                                                                  
--------------- ----------                                                                                                                                                                              
Steven          AD_PRES                                                                                                                                                                                 
Neena           AD_VP                                                                                                                                                                                   
Lex             AD_VP                                                                                                                                                                                   
Alexander       IT_PROG                                                                                                                                                                                 
Bruce           IT_PROG                                                                                                                                                                                 
Diana           IT_PROG                                                                                                                                                                                 
Kevin           ST_MAN                                                                                                                                                                                  
Eleni           SA_MAN                                                                                                                                                                                  
Ellen           SA_REP                                                                                                                                                                                  
Jonathon        SA_REP                                                                                                                                                                                  
Kimerely        SA_REP                                                                                                                                                                                  
Jennifer        AD_ASST                                                                                                                                                                                 
Michael         MK_MAN                                                                                                                                                                                  
Pat             MK_REP                                                                                                                                                                                  
Shelley         AC_MGR                                                                                                                                                                                  
William         AC_ACCOUNT                                                                                                                                                                              

16 rows selected.

SQL> SELECT FIRST_NAME,JOB_ID FROM EMPLOYEES WHERE JOB_ID<>ALL('IT_PROG','AD_VP','ST_CLERK');

FIRST_NAME      JOB_ID                                                                                                                                                                                  
--------------- ----------                                                                                                                                                                              
Steven          AD_PRES                                                                                                                                                                                 
Kevin           ST_MAN                                                                                                                                                                                  
Eleni           SA_MAN                                                                                                                                                                                  
Ellen           SA_REP                                                                                                                                                                                  
Jonathon        SA_REP                                                                                                                                                                                  
Kimerely        SA_REP                                                                                                                                                                                  
Jennifer        AD_ASST                                                                                                                                                                                 
Michael         MK_MAN                                                                                                                                                                                  
Pat             MK_REP                                                                                                                                                                                  
Shelley         AC_MGR                                                                                                                                                                                  
William         AC_ACCOUNT                                                                                                                                                                              

11 rows selected.

SQL> SELECT FIRST_NAME,JOB_ID FROM EMPLOYEES WHERE JOB_ID NOT IN ('IT_PROG','AD_VP','ST_CLERK');

FIRST_NAME      JOB_ID                                                                                                                                                                                  
--------------- ----------                                                                                                                                                                              
Steven          AD_PRES                                                                                                                                                                                 
Kevin           ST_MAN                                                                                                                                                                                  
Eleni           SA_MAN                                                                                                                                                                                  
Ellen           SA_REP                                                                                                                                                                                  
Jonathon        SA_REP                                                                                                                                                                                  
Kimerely        SA_REP                                                                                                                                                                                  
Jennifer        AD_ASST                                                                                                                                                                                 
Michael         MK_MAN                                                                                                                                                                                  
Pat             MK_REP                                                                                                                                                                                  
Shelley         AC_MGR                                                                                                                                                                                  
William         AC_ACCOUNT                                                                                                                                                                              

11 rows selected.

SQL> SELECT FIRST_NAME,JOB_ID FROM EMPLOYEES WHERE JOB_ID^=ALL('IT_PROG,'AD_VP','ST_CLERK');
ERROR:
ORA-01756: quoted string not properly terminated 


SQL> SELECT FIRST_NAME,JOB_ID FROM EMPLOYEES WHERE JOB_ID^=ALL('IT_PROG','AD_VP','ST_CLERK');

FIRST_NAME      JOB_ID                                                                                                                                                                                  
--------------- ----------                                                                                                                                                                              
Steven          AD_PRES                                                                                                                                                                                 
Kevin           ST_MAN                                                                                                                                                                                  
Eleni           SA_MAN                                                                                                                                                                                  
Ellen           SA_REP                                                                                                                                                                                  
Jonathon        SA_REP                                                                                                                                                                                  
Kimerely        SA_REP                                                                                                                                                                                  
Jennifer        AD_ASST                                                                                                                                                                                 
Michael         MK_MAN                                                                                                                                                                                  
Pat             MK_REP                                                                                                                                                                                  
Shelley         AC_MGR                                                                                                                                                                                  
William         AC_ACCOUNT                                                                                                                                                                              

11 rows selected.

SQL> SELECT * FROM EMPLOYEES;

EMPLOYEE_ID FIRST_NAME      LAST_NAME       EMAIL      PHONE_NUMBER         HIRE_DATE JOB_ID         SALARY COMMISSION_PCT MANAGER_ID DEPARTMENT_ID                                                     
----------- --------------- --------------- ---------- -------------------- --------- ---------- ---------- -------------- ---------- -------------                                                     
        100 Steven          King            SKING      515.123.4567         17-JUL-87 AD_PRES         24000                                      90                                                     
        101 Neena           Kochhar         NKOCHHAR   515.123.4568         21-SEP-89 AD_VP           17000                       100            90                                                     
        102 Lex             De Haan         LDEHAAN    515.123.4569         13-JAN-93 AD_VP           17000                       100            90                                                     
        103 Alexander       Hunold          AHUNOLD    590.423.4567         03-JAN-90 IT_PROG          9000                       102            60                                                     
        104 Bruce           Ernst           BERNST     590.423.4568         21-MAY-91 IT_PROG          6000                       103            60                                                     
        107 Diana           Lorentz         DLORENTZ   590.423.5567         07-FEB-99 IT_PROG          4200                       103            60                                                     
        124 Kevin           Mourgos         KMOURGOS   650.123.5234         16-NOV-99 ST_MAN           5800                       100            50                                                     
        141 Trenna          Rajs            TRAJS      650.121.8009         17-OCT-95 ST_CLERK         3500                       124            50                                                     
        142 Curtis          Davies          CDAVIES    650.121.2994         29-JAN-97 ST_CLERK         3100                       124            50                                                     
        143 Randall         Matos           RMATOS     650.121.2874         15-MAR-98 ST_CLERK         2600                       124            50                                                     
        144 Peter           Vargas          PVARGAS    650.121.2004         09-JUL-98 ST_CLERK         2500                       124            50                                                     
        149 Eleni           Zlotkey         EZLOTKEY   011.44.1344.429018   29-JAN-00 SA_MAN          10500             .2        100            80                                                     
        174 Ellen           Abel            EABEL      011.44.1644.429267   11-MAY-96 SA_REP          11000             .3        149            80                                                     
        176 Jonathon        Taylor          JTAYLOR    011.44.1644.429265   24-MAR-98 SA_REP           8600             .3        149            80                                                     
        178 Kimerely        Grant           KGRANT     011.44.1644.429263   24-MAY-99 SA_REP           7000            .15        149                                                                   
        200 Jennifer        Whalen          JWHALEN    515.123.4444         17-SEP-87 AD_ASST          4400                       101            10                                                     
        201 Michael         Hartstein       MHARTSTE   515.123.5555         17-FEB-96 MK_MAN          13000                       100            20                                                     
        202 Pat             Fay             PFAY       603.123.6666         17-AUG-97 MK_REP           6000                       201            20                                                     
        205 Shelley         Higgins         SHIGGINS   515.123.8080         07-JUN-94 AC_MGR          12000                       101           110                                                     
        206 William         Gietz           WGIETZ     515.123.8181         07-JUN-94 AC_ACCOUNT       8300                       205           110                                                     

20 rows selected.

SQL> REM DISPLAY ALL COMBINATIONS EXCEPT : 90 AD_VP  50 ST_CLERK
SQL> 
SQL> 
SQL> REM ALL 4 STYLES
SQL> 
SQL> SELECT FIRST_NAME , DEPARTMENT_ID , JOB_ID FROM EMPLOYEES
  2  WHERE (DEPARTMENT_ID , JOB_ID) <> ALL ((90,'AD_VP'),(50,'ST_CLERK'));

FIRST_NAME      DEPARTMENT_ID JOB_ID                                                                                                                                                                    
--------------- ------------- ----------                                                                                                                                                                
Steven                     90 AD_PRES                                                                                                                                                                   
Alexander                  60 IT_PROG                                                                                                                                                                   
Bruce                      60 IT_PROG                                                                                                                                                                   
Diana                      60 IT_PROG                                                                                                                                                                   
Kevin                      50 ST_MAN                                                                                                                                                                    
Eleni                      80 SA_MAN                                                                                                                                                                    
Ellen                      80 SA_REP                                                                                                                                                                    
Jonathon                   80 SA_REP                                                                                                                                                                    
Kimerely                      SA_REP                                                                                                                                                                    
Jennifer                   10 AD_ASST                                                                                                                                                                   
Michael                    20 MK_MAN                                                                                                                                                                    
Pat                        20 MK_REP                                                                                                                                                                    
Shelley                   110 AC_MGR                                                                                                                                                                    
William                   110 AC_ACCOUNT                                                                                                                                                                

14 rows selected.

SQL> SELECT FIRST_NAME , DEPARTMENT_ID , JOB_ID FROM EMPLOYEES
  2  WHERE (DEPARTMENT_ID , JOB_ID) != ALL ((90,'AD_VP'),(50,'ST_CLERK'));

FIRST_NAME      DEPARTMENT_ID JOB_ID                                                                                                                                                                    
--------------- ------------- ----------                                                                                                                                                                
Steven                     90 AD_PRES                                                                                                                                                                   
Alexander                  60 IT_PROG                                                                                                                                                                   
Bruce                      60 IT_PROG                                                                                                                                                                   
Diana                      60 IT_PROG                                                                                                                                                                   
Kevin                      50 ST_MAN                                                                                                                                                                    
Eleni                      80 SA_MAN                                                                                                                                                                    
Ellen                      80 SA_REP                                                                                                                                                                    
Jonathon                   80 SA_REP                                                                                                                                                                    
Kimerely                      SA_REP                                                                                                                                                                    
Jennifer                   10 AD_ASST                                                                                                                                                                   
Michael                    20 MK_MAN                                                                                                                                                                    
Pat                        20 MK_REP                                                                                                                                                                    
Shelley                   110 AC_MGR                                                                                                                                                                    
William                   110 AC_ACCOUNT                                                                                                                                                                

14 rows selected.

SQL> SELECT FIRST_NAME , DEPARTMENT_ID , JOB_ID FROM EMPLOYEES
  2  WHERE (DEPARTMENT_ID , JOB_ID) ^= ALL ((90,'AD_VP'),(50,'ST_CLERK'));

FIRST_NAME      DEPARTMENT_ID JOB_ID                                                                                                                                                                    
--------------- ------------- ----------                                                                                                                                                                
Steven                     90 AD_PRES                                                                                                                                                                   
Alexander                  60 IT_PROG                                                                                                                                                                   
Bruce                      60 IT_PROG                                                                                                                                                                   
Diana                      60 IT_PROG                                                                                                                                                                   
Kevin                      50 ST_MAN                                                                                                                                                                    
Eleni                      80 SA_MAN                                                                                                                                                                    
Ellen                      80 SA_REP                                                                                                                                                                    
Jonathon                   80 SA_REP                                                                                                                                                                    
Kimerely                      SA_REP                                                                                                                                                                    
Jennifer                   10 AD_ASST                                                                                                                                                                   
Michael                    20 MK_MAN                                                                                                                                                                    
Pat                        20 MK_REP                                                                                                                                                                    
Shelley                   110 AC_MGR                                                                                                                                                                    
William                   110 AC_ACCOUNT                                                                                                                                                                

14 rows selected.

SQL> SELECT FIRST_NAME , DEPARTMENT_ID , JOB_ID FROM EMPLOYEES
  2  WHERE (DEPARTMENT_ID , JOB_ID) NOT IN ((90,'AD_VP'),(50,'ST_CLERK'));

FIRST_NAME      DEPARTMENT_ID JOB_ID                                                                                                                                                                    
--------------- ------------- ----------                                                                                                                                                                
Steven                     90 AD_PRES                                                                                                                                                                   
Alexander                  60 IT_PROG                                                                                                                                                                   
Bruce                      60 IT_PROG                                                                                                                                                                   
Diana                      60 IT_PROG                                                                                                                                                                   
Kevin                      50 ST_MAN                                                                                                                                                                    
Eleni                      80 SA_MAN                                                                                                                                                                    
Ellen                      80 SA_REP                                                                                                                                                                    
Jonathon                   80 SA_REP                                                                                                                                                                    
Kimerely                      SA_REP                                                                                                                                                                    
Jennifer                   10 AD_ASST                                                                                                                                                                   
Michael                    20 MK_MAN                                                                                                                                                                    
Pat                        20 MK_REP                                                                                                                                                                    
Shelley                   110 AC_MGR                                                                                                                                                                    
William                   110 AC_ACCOUNT                                                                                                                                                                

14 rows selected.

SQL> REM BETWEEN : TO CHECK VALUE WITH RANGE OF VALUES
SQL> 
SQL> REM SYNTAX : column BETWEEN lowervalue AND highervalue
SQL> 
SQL> REM EXAMPLE : SALARY BETWEEN 6000 AND 11000
SQL> 
SQL> 
SQL> REM BETWEEN : INCLUDES BOTH LIMITES
SQL> 
SQL> REM NOT BETWEEN : EXCLUDES BOTH LIMITS
SQL> 
SQL> 
SQL> 
SQL> REM DISPLAY THOSE WHO GETS SALARY IN THE RANGE OF 6000 AND 11000
SQL> 
SQL> 
SQL> REM DISPLAY THOSE WHO GETS SALARY IN THE RANGE OF 6000 TO 11000
SQL> 
SQL> REM DISPLAY THOSE WHO GETS SALARY IN THE RANGE OF 6000 - 11000
SQL> 
SQL> SELECT FIRST_NAME , SALARY FROM EMPLOYEES WHERE SALARY BETWEEN 6000 AND 11000 ORDER BY 1;

FIRST_NAME          SALARY                                                                                                                                                                              
--------------- ----------                                                                                                                                                                              
Alexander             9000                                                                                                                                                                              
Bruce                 6000                                                                                                                                                                              
Eleni                10500                                                                                                                                                                              
Ellen                11000                                                                                                                                                                              
Jonathon              8600                                                                                                                                                                              
Kimerely              7000                                                                                                                                                                              
Pat                   6000                                                                                                                                                                              
William               8300                                                                                                                                                                              

8 rows selected.

SQL> SELECT FIRST_NAME , SALARY FROM EMPLOYEES WHERE SALARY BETWEEN 6000 AND 11000 ORDER BY 2;

FIRST_NAME          SALARY                                                                                                                                                                              
--------------- ----------                                                                                                                                                                              
Bruce                 6000                                                                                                                                                                              
Pat                   6000                                                                                                                                                                              
Kimerely              7000                                                                                                                                                                              
William               8300                                                                                                                                                                              
Jonathon              8600                                                                                                                                                                              
Alexander             9000                                                                                                                                                                              
Eleni                10500                                                                                                                                                                              
Ellen                11000                                                                                                                                                                              

8 rows selected.

SQL> REM DISPLAY ALL OTHER THAN THOSE WHO GETS SALARY IN THE RANGE OF 6000 - 11000
SQL> 
SQL> 
SQL> SELECT FIRST_NAME , SALARY FROM EMPLOYEES WHERE SALARY NOT BETWEEN 6000 AND 11000 ORDER BY 2;

FIRST_NAME          SALARY                                                                                                                                                                              
--------------- ----------                                                                                                                                                                              
Peter                 2500                                                                                                                                                                              
Randall               2600                                                                                                                                                                              
Curtis                3100                                                                                                                                                                              
Trenna                3500                                                                                                                                                                              
Diana                 4200                                                                                                                                                                              
Jennifer              4400                                                                                                                                                                              
Kevin                 5800                                                                                                                                                                              
Shelley              12000                                                                                                                                                                              
Michael              13000                                                                                                                                                                              
Lex                  17000                                                                                                                                                                              
Neena                17000                                                                                                                                                                              
Steven               24000                                                                                                                                                                              

12 rows selected.

SQL> SELECT FIRST_NAME , SALARY FROM EMPLOYEES WHERE SALARY BETWEEN 6000+1 AND 11000-1 ORDER BY 2;

FIRST_NAME          SALARY                                                                                                                                                                              
--------------- ----------                                                                                                                                                                              
Kimerely              7000                                                                                                                                                                              
William               8300                                                                                                                                                                              
Jonathon              8600                                                                                                                                                                              
Alexander             9000                                                                                                                                                                              
Eleni                10500                                                                                                                                                                              

SQL> SELECT FIRST_NAME , SALARY FROM EMPLOYEES WHERE SALARY BETWEEN 6001 AND 10999 ORDER BY 2;

FIRST_NAME          SALARY                                                                                                                                                                              
--------------- ----------                                                                                                                                                                              
Kimerely              7000                                                                                                                                                                              
William               8300                                                                                                                                                                              
Jonathon              8600                                                                                                                                                                              
Alexander             9000                                                                                                                                                                              
Eleni                10500                                                                                                                                                                              

SQL> REM DISPLAY THOSE WHO WERE HIRED BETWEEN THE YEARS 93 AND 98
SQL> 
SQL> REM DD-MON-RR
SQL> 
SQL> SELECT FIRST_NAME , HIRE_DATE FROM EMPLOYEES WHERE HIRE_DATE BETWEEN '01-JAN-93' AND '31-DEC-98';

FIRST_NAME      HIRE_DATE                                                                                                                                                                               
--------------- ---------                                                                                                                                                                               
Lex             13-JAN-93                                                                                                                                                                               
Trenna          17-OCT-95                                                                                                                                                                               
Curtis          29-JAN-97                                                                                                                                                                               
Randall         15-MAR-98                                                                                                                                                                               
Peter           09-JUL-98                                                                                                                                                                               
Ellen           11-MAY-96                                                                                                                                                                               
