SQL> 
SQL> CL SCR

SQL> REM CONVERSION FUNCTIONS :
SQL> 
SQL> REM LIST OF CONVERSION FUNCTIONS : 1 TO_NUMBER 2 TO_DATE 3 TO_CHAR
SQL> 
SQL> REM TO : CONVERT IT TO
SQL> 
SQL> 
SQL> 
SQL> REM 1 TO_NUMBER : IS USED TO CONVERT CHARACTER TYPE VALUE INTO NUMBER TYPE VALUE
SQL> 
SQL> REM 2 TO_DATE : IS USED TO CONVERT CHARACTER TYPE VALUE INTO DATE TYPE VALUE
SQL> 
SQL> REM 3 TO_CHAR : IS USED TO CONVERT NUMBER/DATE TYPE VALUE INTO CHARACTER TYPE VALUE
SQL> 
SQL> 
SQL> 
SQL> 
SQL> REM PURPOSES OF TO_NUMBER FUNCTION : 1 FOR CALCULATION 2 FOR COMPARISON
SQL> 
SQL> REM PURPOSES OF TO_DATE FUNCTION : 1 FOR CALCULATION 2 FOR COMPARISON
SQL> 
SQL> REM PURPOSE OF TO_CHAR FUNCTION : TO DISPLAY NUMBER/DATE TYPE VALUES IN USER DEFINED/NON-DEFAULT FORMAT
SQL> 
SQL> 
SQL> 
SQL> REM TWO TYPES OF CONVERSIONS : 1 IMPLICIT/AUTOMATIC 2 EXPLICIT/MANUAL USING CONVERSION FUNCTION
SQL> 
SQL> 
SQL> REM TO_NUMBER : FOR CALCULATION
SQL> 
SQL> SELECT 12000 + 345 FROM DUAL;

 12000+345                                                                      
----------                                                                      
     12345                                                                      

SQL> SELECT '12000' + 345 FROM DUAL;

'12000'+345                                                                     
-----------                                                                     
      12345                                                                     

SQL> SELECT '12000.67' + 345 FROM DUAL;

'12000.67'+345                                                                  
--------------                                                                  
      12345.67                                                                  

SQL> SELECT '+12000.67' + 345 FROM DUAL;

'+12000.67'+345                                                                 
---------------                                                                 
       12345.67                                                                 

SQL> SELECT '-12000.67' + 345 FROM DUAL;

'-12000.67'+345                                                                 
---------------                                                                 
      -11655.67                                                                 

SQL> SELECT '12,000.67' + 345 FROM DUAL;
SELECT '12,000.67' + 345 FROM DUAL
       *
ERROR at line 1:
ORA-01722: invalid number 


SQL> SELECT '$12000.67' + 345 FROM DUAL;
SELECT '$12000.67' + 345 FROM DUAL
       *
ERROR at line 1:
ORA-01722: invalid number 


SQL> SELECT '$12,000.67' + 345 FROM DUAL;
SELECT '$12,000.67' + 345 FROM DUAL
       *
ERROR at line 1:
ORA-01722: invalid number 


SQL> SELECT TO_NUMBER('12,000.67') + 345 FROM DUAL;
SELECT TO_NUMBER('12,000.67') + 345 FROM DUAL
                 *
ERROR at line 1:
ORA-01722: invalid number 


SQL> REM NUMBER FORMAT CHARACTERS : 9 0 . , $ S
SQL> 
SQL> SELECT TO_NUMBER('12,000.67','90,999.00') + 345 FROM DUAL;

TO_NUMBER('12,000.67','90,999.00')+345                                          
--------------------------------------                                          
                              12345.67                                          

SQL> SELECT TO_NUMBER('12,000.67','90,999.70') + 345 FROM DUAL;
SELECT TO_NUMBER('12,000.67','90,999.70') + 345 FROM DUAL
                             *
ERROR at line 1:
ORA-01481: invalid number format model 


SQL> SELECT TO_NUMBER('12,000.67','0,999.00') + 345 FROM DUAL;
SELECT TO_NUMBER('12,000.67','0,999.00') + 345 FROM DUAL
                 *
ERROR at line 1:
ORA-01722: invalid number 


SQL> SELECT TO_NUMBER('12,000.67','990,999.00') + 345 FROM DUAL;

TO_NUMBER('12,000.67','990,999.00')+345                                         
---------------------------------------                                         
                               12345.67                                         

SQL> SELECT TO_NUMBER('$12,000.67','$99,999.00') + 345 FROM DUAL;

TO_NUMBER('$12,000.67','$99,999.00')+345                                        
----------------------------------------                                        
                                12345.67                                        

SQL> SELECT TO_NUMBER('+12,000.67','S99,999.00') + 345 FROM DUAL;

TO_NUMBER('+12,000.67','S99,999.00')+345                                        
----------------------------------------                                        
                                12345.67                                        

SQL> SELECT TO_NUMBER('-12,000.67','S99,999.00') + 345 FROM DUAL;

TO_NUMBER('-12,000.67','S99,999.00')+345                                        
----------------------------------------                                        
                               -11655.67                                        

SQL> SELECT TO_NUMBER('-12,000.67','S99,909.90') + 345 FROM DUAL;

TO_NUMBER('-12,000.67','S99,909.90')+345                                        
----------------------------------------                                        
                               -11655.67                                        

SQL> SELECT TO_NUMBER('$12,000.67','$99,909.90') + 345 FROM DUAL;

TO_NUMBER('$12,000.67','$99,909.90')+345                                        
----------------------------------------                                        
                                12345.67                                        

SQL> SELECT TO_NUMBER('$12,000.67','L99,909.90') + 345 FROM DUAL;

TO_NUMBER('$12,000.67','L99,909.90')+345                                        
----------------------------------------                                        
                                12345.67                                        

SQL> SELECT TO_NUMBER('$12,000.67','U99,909.90') + 345 FROM DUAL;

TO_NUMBER('$12,000.67','U99,909.90')+345                                        
----------------------------------------                                        
                                12345.67                                        

SQL> SELECT TO_NUMBER('Rs.12,000.67','U99,909.90') + 345 FROM DUAL;
SELECT TO_NUMBER('Rs.12,000.67','U99,909.90') + 345 FROM DUAL
                 *
ERROR at line 1:
ORA-01722: invalid number 


SQL> SELECT FIRST_NAME , SALARY FROM EMPLOYEES WHERE SALARY > 10000;

FIRST_NAME     SALARY                                                           
---------- ----------                                                           
Steven          24000                                                           
Neena           17000                                                           
Lex             17000                                                           
Eleni           10500                                                           
Ellen           11000                                                           
Michael         13000                                                           
Shelley         12000                                                           

7 rows selected.

SQL> SELECT FIRST_NAME , SALARY FROM EMPLOYEES WHERE SALARY > 10000.00;

FIRST_NAME     SALARY                                                           
---------- ----------                                                           
Steven          24000                                                           
Neena           17000                                                           
Lex             17000                                                           
Eleni           10500                                                           
Ellen           11000                                                           
Michael         13000                                                           
Shelley         12000                                                           

7 rows selected.

SQL> SELECT FIRST_NAME , SALARY FROM EMPLOYEES WHERE SALARY > '10000.00';

FIRST_NAME     SALARY                                                           
---------- ----------                                                           
Steven          24000                                                           
Neena           17000                                                           
Lex             17000                                                           
Eleni           10500                                                           
Ellen           11000                                                           
Michael         13000                                                           
Shelley         12000                                                           

7 rows selected.

SQL> SELECT FIRST_NAME , SALARY FROM EMPLOYEES WHERE SALARY > '+10000.00';

FIRST_NAME     SALARY                                                           
---------- ----------                                                           
Steven          24000                                                           
Neena           17000                                                           
Lex             17000                                                           
Eleni           10500                                                           
Ellen           11000                                                           
Michael         13000                                                           
Shelley         12000                                                           

7 rows selected.

SQL> SELECT FIRST_NAME , SALARY FROM EMPLOYEES WHERE SALARY > '+10,000.00';
SELECT FIRST_NAME , SALARY FROM EMPLOYEES WHERE SALARY > '+10,000.00'
                                                         *
ERROR at line 1:
ORA-01722: invalid number 


SQL> SELECT FIRST_NAME , SALARY FROM EMPLOYEES WHERE SALARY > '$10000.00';
SELECT FIRST_NAME , SALARY FROM EMPLOYEES WHERE SALARY > '$10000.00'
                                                         *
ERROR at line 1:
ORA-01722: invalid number 


SQL> SELECT FIRST_NAME , SALARY FROM EMPLOYEES WHERE SALARY > '$10,000.00';
SELECT FIRST_NAME , SALARY FROM EMPLOYEES WHERE SALARY > '$10,000.00'
                                                         *
ERROR at line 1:
ORA-01722: invalid number 


SQL> SELECT FIRST_NAME , SALARY FROM EMPLOYEES WHERE SALARY > TO_NUMBER('+10000.00','S00000.00');

FIRST_NAME     SALARY                                                           
---------- ----------                                                           
Steven          24000                                                           
Neena           17000                                                           
Lex             17000                                                           
Eleni           10500                                                           
Ellen           11000                                                           
Michael         13000                                                           
Shelley         12000                                                           

7 rows selected.

SQL> SELECT FIRST_NAME , SALARY FROM EMPLOYEES WHERE SALARY > TO_NUMBER('+10,000.00','S00,000.00');

FIRST_NAME     SALARY                                                           
---------- ----------                                                           
Steven          24000                                                           
Neena           17000                                                           
Lex             17000                                                           
Eleni           10500                                                           
Ellen           11000                                                           
Michael         13000                                                           
Shelley         12000                                                           

7 rows selected.

SQL> SELECT FIRST_NAME , SALARY FROM EMPLOYEES WHERE SALARY > TO_NUMBER('$10,000.00','$00,000.00');

FIRST_NAME     SALARY                                                           
---------- ----------                                                           
Steven          24000                                                           
Neena           17000                                                           
Lex             17000                                                           
Eleni           10500                                                           
Ellen           11000                                                           
Michael         13000                                                           
Shelley         12000                                                           

7 rows selected.

SQL> SELECT FIRST_NAME , SALARY FROM EMPLOYEES WHERE SALARY > TO_NUMBER('$10,000.00','L00,000.00');

FIRST_NAME     SALARY                                                           
---------- ----------                                                           
Steven          24000                                                           
Neena           17000                                                           
Lex             17000                                                           
Eleni           10500                                                           
Ellen           11000                                                           
Michael         13000                                                           
Shelley         12000                                                           

7 rows selected.

SQL> SELECT FIRST_NAME , SALARY FROM EMPLOYEES WHERE SALARY > TO_NUMBER('$10,000.00','U00,000.00');

FIRST_NAME     SALARY                                                           
---------- ----------                                                           
Steven          24000                                                           
Neena           17000                                                           
Lex             17000                                                           
Eleni           10500                                                           
Ellen           11000                                                           
Michael         13000                                                           
Shelley         12000                                                           

7 rows selected.

SQL> REM TO_DATE : FOR CALCULATION
SQL> 
SQL> SELECT FIRST_NAME , SYSDATE , HIRE_DATE DAYS_WORKED FROM EMPLOYEES;

FIRST_NAME SYSDATE   DAYS_WORK                                                  
---------- --------- ---------                                                  
Steven     22-OCT-22 17-JUL-87                                                  
Neena      22-OCT-22 21-SEP-89                                                  
Lex        22-OCT-22 13-JAN-93                                                  
Alexander  22-OCT-22 03-JAN-90                                                  
Bruce      22-OCT-22 21-MAY-91                                                  
Diana      22-OCT-22 07-FEB-99                                                  
Kevin      22-OCT-22 16-NOV-99                                                  
Trenna     22-OCT-22 17-OCT-95                                                  
Curtis     22-OCT-22 29-JAN-97                                                  
Randall    22-OCT-22 15-MAR-98                                                  
Peter      22-OCT-22 09-JUL-98                                                  

FIRST_NAME SYSDATE   DAYS_WORK                                                  
---------- --------- ---------                                                  
Eleni      22-OCT-22 29-JAN-00                                                  
Ellen      22-OCT-22 11-MAY-96                                                  
Jonathon   22-OCT-22 24-MAR-98                                                  
Kimerely   22-OCT-22 24-MAY-99                                                  
Jennifer   22-OCT-22 17-SEP-87                                                  
Michael    22-OCT-22 17-FEB-96                                                  
Pat        22-OCT-22 17-AUG-97                                                  
Shelley    22-OCT-22 07-JUN-94                                                  
William    22-OCT-22 07-JUN-94                                                  

20 rows selected.

SQL> SELECT FIRST_NAME , SYSDATE , HIRE_DATE , SYSDATE - HIRE_DATE DAYS_WORKED FROM EMPLOYEES;

FIRST_NAME SYSDATE   HIRE_DATE DAYS_WORKED                                      
---------- --------- --------- -----------                                      
Steven     22-OCT-22 17-JUL-87   12881.356                                      
Neena      22-OCT-22 21-SEP-89   12084.356                                      
Lex        22-OCT-22 13-JAN-93   10874.356                                      
Alexander  22-OCT-22 03-JAN-90   11980.356                                      
Bruce      22-OCT-22 21-MAY-91   11477.356                                      
Diana      22-OCT-22 07-FEB-99  8658.35604                                      
Kevin      22-OCT-22 16-NOV-99  8376.35604                                      
Trenna     22-OCT-22 17-OCT-95  9867.35604                                      
Curtis     22-OCT-22 29-JAN-97  9397.35604                                      
Randall    22-OCT-22 15-MAR-98  8987.35604                                      
Peter      22-OCT-22 09-JUL-98  8871.35604                                      

FIRST_NAME SYSDATE   HIRE_DATE DAYS_WORKED                                      
---------- --------- --------- -----------                                      
Eleni      22-OCT-22 29-JAN-00  8302.35604                                      
Ellen      22-OCT-22 11-MAY-96  9660.35604                                      
Jonathon   22-OCT-22 24-MAR-98  8978.35604                                      
Kimerely   22-OCT-22 24-MAY-99  8552.35604                                      
Jennifer   22-OCT-22 17-SEP-87   12819.356                                      
Michael    22-OCT-22 17-FEB-96  9744.35604                                      
Pat        22-OCT-22 17-AUG-97  9197.35604                                      
Shelley    22-OCT-22 07-JUN-94   10364.356                                      
William    22-OCT-22 07-JUN-94   10364.356                                      

20 rows selected.

SQL> SET LINES 200 PAGES 24
SQL> 
SQL> R
  1* SELECT FIRST_NAME , SYSDATE , HIRE_DATE , SYSDATE - HIRE_DATE DAYS_WORKED FROM EMPLOYEES

FIRST_NAME SYSDATE   HIRE_DATE DAYS_WORKED                                                                                                                                                              
---------- --------- --------- -----------                                                                                                                                                              
Steven     22-OCT-22 17-JUL-87  12881.3561                                                                                                                                                              
Neena      22-OCT-22 21-SEP-89  12084.3561                                                                                                                                                              
Lex        22-OCT-22 13-JAN-93  10874.3561                                                                                                                                                              
Alexander  22-OCT-22 03-JAN-90  11980.3561                                                                                                                                                              
Bruce      22-OCT-22 21-MAY-91  11477.3561                                                                                                                                                              
Diana      22-OCT-22 07-FEB-99   8658.3561                                                                                                                                                              
Kevin      22-OCT-22 16-NOV-99   8376.3561                                                                                                                                                              
Trenna     22-OCT-22 17-OCT-95   9867.3561                                                                                                                                                              
Curtis     22-OCT-22 29-JAN-97   9397.3561                                                                                                                                                              
Randall    22-OCT-22 15-MAR-98   8987.3561                                                                                                                                                              
Peter      22-OCT-22 09-JUL-98   8871.3561                                                                                                                                                              
Eleni      22-OCT-22 29-JAN-00   8302.3561                                                                                                                                                              
Ellen      22-OCT-22 11-MAY-96   9660.3561                                                                                                                                                              
Jonathon   22-OCT-22 24-MAR-98   8978.3561                                                                                                                                                              
Kimerely   22-OCT-22 24-MAY-99   8552.3561                                                                                                                                                              
Jennifer   22-OCT-22 17-SEP-87  12819.3561                                                                                                                                                              
Michael    22-OCT-22 17-FEB-96   9744.3561                                                                                                                                                              
Pat        22-OCT-22 17-AUG-97   9197.3561                                                                                                                                                              
Shelley    22-OCT-22 07-JUN-94  10364.3561                                                                                                                                                              
William    22-OCT-22 07-JUN-94  10364.3561                                                                                                                                                              

20 rows selected.

SQL> SELECT '30-AUG-05' - '20-JAN-02' FROM DUAL;
SELECT '30-AUG-05' - '20-JAN-02' FROM DUAL
       *
ERROR at line 1:
ORA-01722: invalid number 


SQL> SELECT TO_DATE('30-AUG-05') - TO_DATE('20-JAN-02') FROM DUAL;

TO_DATE('30-AUG-05')-TO_DATE('20-JAN-02')                                                                                                                                                               
-----------------------------------------                                                                                                                                                               
                                     1318                                                                                                                                                               

SQL> SELECT TO_DATE('30-AUG-05') - TO_DATE('20-JANUARY-02') FROM DUAL;

TO_DATE('30-AUG-05')-TO_DATE('20-JANUARY-02')                                                                                                                                                           
---------------------------------------------                                                                                                                                                           
                                         1318                                                                                                                                                           

SQL> SELECT TO_DATE('30-AUG-05') - TO_DATE('20-JANUARY-2002') FROM DUAL;

TO_DATE('30-AUG-05')-TO_DATE('20-JANUARY-2002')                                                                                                                                                         
-----------------------------------------------                                                                                                                                                         
                                           1318                                                                                                                                                         

SQL> SELECT TO_DATE('30/AUG05') - TO_DATE('20-JANUARY-2002') FROM DUAL;

TO_DATE('30/AUG05')-TO_DATE('20-JANUARY-2002')                                                                                                                                                          
----------------------------------------------                                                                                                                                                          
                                          1318                                                                                                                                                          

SQL> SELECT TO_DATE('30/AUG05') - TO_DATE('20-01-2002') FROM DUAL;
SELECT TO_DATE('30/AUG05') - TO_DATE('20-01-2002') FROM DUAL
                                     *
ERROR at line 1:
ORA-01843: not a valid month 


SQL> SELECT TO_DATE('30/AUG05') - TO_DATE('20-01-2002','DD-MM-RRRR') FROM DUAL;

TO_DATE('30/AUG05')-TO_DATE('20-01-2002','DD-MM-RRRR')                                                                                                                                                  
------------------------------------------------------                                                                                                                                                  
                                                  1318                                                                                                                                                  

SQL> SELECT TO_DATE('30/AUG05') - TO_DATE('20-01-2002','DD-MM-YYYY') FROM DUAL;

TO_DATE('30/AUG05')-TO_DATE('20-01-2002','DD-MM-YYYY')                                                                                                                                                  
------------------------------------------------------                                                                                                                                                  
                                                  1318                                                                                                                                                  

SQL> SELECT TO_DATE('30/AUG05') - TO_DATE('20-01-02','DD-MM-YY') FROM DUAL;

TO_DATE('30/AUG05')-TO_DATE('20-01-02','DD-MM-YY')                                                                                                                                                      
--------------------------------------------------                                                                                                                                                      
                                              1318                                                                                                                                                      

SQL> SELECT TO_DATE('30/AUG05') - TO_DATE('20-01-02','DD-MM-RR') FROM DUAL;

TO_DATE('30/AUG05')-TO_DATE('20-01-02','DD-MM-RR')                                                                                                                                                      
--------------------------------------------------                                                                                                                                                      
                                              1318                                                                                                                                                      

SQL> REM TO_DATE FOR COMPARISON
SQL> 
SQL> SELECT FIRST_NAME ,HIRE_DATE FROM EMPLOYEES WHERE HIRE_DATE < '01-JAN-96';

FIRST_NAME HIRE_DATE                                                                                                                                                                                    
---------- ---------                                                                                                                                                                                    
Steven     17-JUL-87                                                                                                                                                                                    
Neena      21-SEP-89                                                                                                                                                                                    
Lex        13-JAN-93                                                                                                                                                                                    
Alexander  03-JAN-90                                                                                                                                                                                    
Bruce      21-MAY-91                                                                                                                                                                                    
Trenna     17-OCT-95                                                                                                                                                                                    
Jennifer   17-SEP-87                                                                                                                                                                                    
Shelley    07-JUN-94                                                                                                                                                                                    
William    07-JUN-94                                                                                                                                                                                    

9 rows selected.

SQL> SELECT FIRST_NAME ,HIRE_DATE FROM EMPLOYEES WHERE HIRE_DATE < '01-JAN-96' ORDER BY 2;

FIRST_NAME HIRE_DATE                                                                                                                                                                                    
---------- ---------                                                                                                                                                                                    
Steven     17-JUL-87                                                                                                                                                                                    
Jennifer   17-SEP-87                                                                                                                                                                                    
Neena      21-SEP-89                                                                                                                                                                                    
Alexander  03-JAN-90                                                                                                                                                                                    
Bruce      21-MAY-91                                                                                                                                                                                    
Lex        13-JAN-93                                                                                                                                                                                    
Shelley    07-JUN-94                                                                                                                                                                                    
William    07-JUN-94                                                                                                                                                                                    
Trenna     17-OCT-95                                                                                                                                                                                    

9 rows selected.

SQL> SELECT FIRST_NAME ,HIRE_DATE FROM EMPLOYEES WHERE HIRE_DATE < '01-JAN-1996' ORDER BY 2;

FIRST_NAME HIRE_DATE                                                                                                                                                                                    
---------- ---------                                                                                                                                                                                    
Steven     17-JUL-87                                                                                                                                                                                    
Jennifer   17-SEP-87                                                                                                                                                                                    
Neena      21-SEP-89                                                                                                                                                                                    
Alexander  03-JAN-90                                                                                                                                                                                    
Bruce      21-MAY-91                                                                                                                                                                                    
Lex        13-JAN-93                                                                                                                                                                                    
Shelley    07-JUN-94                                                                                                                                                                                    
William    07-JUN-94                                                                                                                                                                                    
Trenna     17-OCT-95                                                                                                                                                                                    

9 rows selected.

SQL> SELECT FIRST_NAME ,HIRE_DATE FROM EMPLOYEES WHERE HIRE_DATE < '01-JANUARY-1996' ORDER BY 2;

FIRST_NAME HIRE_DATE                                                                                                                                                                                    
---------- ---------                                                                                                                                                                                    
Steven     17-JUL-87                                                                                                                                                                                    
Jennifer   17-SEP-87                                                                                                                                                                                    
Neena      21-SEP-89                                                                                                                                                                                    
Alexander  03-JAN-90                                                                                                                                                                                    
Bruce      21-MAY-91                                                                                                                                                                                    
Lex        13-JAN-93                                                                                                                                                                                    
Shelley    07-JUN-94                                                                                                                                                                                    
William    07-JUN-94                                                                                                                                                                                    
Trenna     17-OCT-95                                                                                                                                                                                    

9 rows selected.

SQL> SELECT FIRST_NAME ,HIRE_DATE FROM EMPLOYEES WHERE HIRE_DATE < '01-JANU-1996' ORDER BY 2;
SELECT FIRST_NAME ,HIRE_DATE FROM EMPLOYEES WHERE HIRE_DATE < '01-JANU-1996' ORDER BY 2
                                                              *
ERROR at line 1:
ORA-01861: literal does not match format string 


SQL> SELECT FIRST_NAME ,HIRE_DATE FROM EMPLOYEES WHERE HIRE_DATE < '01/JAN1996' ORDER BY 2;

FIRST_NAME HIRE_DATE                                                                                                                                                                                    
---------- ---------                                                                                                                                                                                    
Steven     17-JUL-87                                                                                                                                                                                    
Jennifer   17-SEP-87                                                                                                                                                                                    
Neena      21-SEP-89                                                                                                                                                                                    
Alexander  03-JAN-90                                                                                                                                                                                    
Bruce      21-MAY-91                                                                                                                                                                                    
Lex        13-JAN-93                                                                                                                                                                                    
Shelley    07-JUN-94                                                                                                                                                                                    
William    07-JUN-94                                                                                                                                                                                    
Trenna     17-OCT-95                                                                                                                                                                                    

9 rows selected.

SQL> SELECT FIRST_NAME ,HIRE_DATE FROM EMPLOYEES WHERE HIRE_DATE < '01/01/96' ORDER BY 2;
SELECT FIRST_NAME ,HIRE_DATE FROM EMPLOYEES WHERE HIRE_DATE < '01/01/96' ORDER BY 2
                                                              *
ERROR at line 1:
ORA-01843: not a valid month 


SQL> SELECT FIRST_NAME ,HIRE_DATE FROM EMPLOYEES WHERE HIRE_DATE <= TO_DATE('31/12/96','DD/MM/RR') ORDER BY 2;

FIRST_NAME HIRE_DATE                                                                                                                                                                                    
---------- ---------                                                                                                                                                                                    
Steven     17-JUL-87                                                                                                                                                                                    
Jennifer   17-SEP-87                                                                                                                                                                                    
Neena      21-SEP-89                                                                                                                                                                                    
Alexander  03-JAN-90                                                                                                                                                                                    
Bruce      21-MAY-91                                                                                                                                                                                    
Lex        13-JAN-93                                                                                                                                                                                    
William    07-JUN-94                                                                                                                                                                                    
Shelley    07-JUN-94                                                                                                                                                                                    
Trenna     17-OCT-95                                                                                                                                                                                    
Michael    17-FEB-96                                                                                                                                                                                    
Ellen      11-MAY-96                                                                                                                                                                                    

11 rows selected.

SQL> SELECT FIRST_NAME ,HIRE_DATE FROM EMPLOYEES WHERE HIRE_DATE <= TO_DATE('31/12/96','DD/MM/YY') ORDER BY 2;

FIRST_NAME HIRE_DATE                                                                                                                                                                                    
---------- ---------                                                                                                                                                                                    
Steven     17-JUL-87                                                                                                                                                                                    
Jennifer   17-SEP-87                                                                                                                                                                                    
Neena      21-SEP-89                                                                                                                                                                                    
Alexander  03-JAN-90                                                                                                                                                                                    
Bruce      21-MAY-91                                                                                                                                                                                    
Lex        13-JAN-93                                                                                                                                                                                    
Shelley    07-JUN-94                                                                                                                                                                                    
William    07-JUN-94                                                                                                                                                                                    
Trenna     17-OCT-95                                                                                                                                                                                    
Michael    17-FEB-96                                                                                                                                                                                    
Ellen      11-MAY-96                                                                                                                                                                                    
Curtis     29-JAN-97                                                                                                                                                                                    
Pat        17-AUG-97                                                                                                                                                                                    
Randall    15-MAR-98                                                                                                                                                                                    
Jonathon   24-MAR-98                                                                                                                                                                                    
Peter      09-JUL-98                                                                                                                                                                                    
Diana      07-FEB-99                                                                                                                                                                                    
Kimerely   24-MAY-99                                                                                                                                                                                    
Kevin      16-NOV-99                                                                                                                                                                                    
Eleni      29-JAN-00                                                                                                                                                                                    

20 rows selected.

SQL> REM YY : WHEN WE DON'T SPECIFY CENTURY VALUE, IT WILL PICK CURRENT CENTURY VALUE.
SQL> 
SQL> REM YY CENTURY : CURRENT YEAR : 2022 : YY CENTURY : 2000 TO 2099 : 20
SQL> 
SQL> REM RR CENTURY : CURRENT YEAR : 2022 : PREVIOUS 50 YEARS (1950 TO 1999) + CURRENT 50 YEARS : (2000 TO 2049) :100 YEARS : RR CENTRY : 1950 TO 2049
SQL> 
SQL> SELECT FIRST_NAME ,HIRE_DATE FROM EMPLOYEES WHERE HIRE_DATE > TO_DATE('31/12/06','DD/MM/RR') ORDER BY 2;

no rows selected

SQL> REM 31-MAY-1944 :31-MAY-44 :
SQL> 
SQL> REM TO_CHAR : 1 TO CONVERT NUMBER VALUE INTO CHARACTER TYPE
SQL> 
SQL> REM TO_CHAR : 2 TO CONVERT DATE VALUE INTO CHARACTER TYPE
SQL> 
SQL> 
SQL> 
SQL> REM TO_CHAR : 1 TO CONVERT NUMBER VALUE INTO CHARACTER TYPE
SQL> 
SQL> REM LIST OF VALID NUMBER FORMAT CHARACTERS :  9 0   , .   D G   $ L U    S PR MI   EEEE OR eeee    V
SQL> 
SQL> SELECT SALARY FROM EMPLOYEES;

    SALARY                                                                                                                                                                                              
----------                                                                                                                                                                                              
     24000                                                                                                                                                                                              
     17000                                                                                                                                                                                              
     17000                                                                                                                                                                                              
      9000                                                                                                                                                                                              
      6000                                                                                                                                                                                              
      4200                                                                                                                                                                                              
      5800                                                                                                                                                                                              
      3500                                                                                                                                                                                              
      3100                                                                                                                                                                                              
      2600                                                                                                                                                                                              
      2500                                                                                                                                                                                              
     10500                                                                                                                                                                                              
     11000                                                                                                                                                                                              
      8600                                                                                                                                                                                              
      7000                                                                                                                                                                                              
      4400                                                                                                                                                                                              
     13000                                                                                                                                                                                              
      6000                                                                                                                                                                                              
     12000                                                                                                                                                                                              
      8300                                                                                                                                                                                              

20 rows selected.

SQL> SELECT SALARY , TO_CHAR(SALARY,'99999') FROM EMPLOYEES;

    SALARY TO_CHA                                                                                                                                                                                       
---------- ------                                                                                                                                                                                       
     24000  24000                                                                                                                                                                                       
     17000  17000                                                                                                                                                                                       
     17000  17000                                                                                                                                                                                       
      9000   9000                                                                                                                                                                                       
      6000   6000                                                                                                                                                                                       
      4200   4200                                                                                                                                                                                       
      5800   5800                                                                                                                                                                                       
      3500   3500                                                                                                                                                                                       
      3100   3100                                                                                                                                                                                       
      2600   2600                                                                                                                                                                                       
      2500   2500                                                                                                                                                                                       
     10500  10500                                                                                                                                                                                       
     11000  11000                                                                                                                                                                                       
      8600   8600                                                                                                                                                                                       
      7000   7000                                                                                                                                                                                       
      4400   4400                                                                                                                                                                                       
     13000  13000                                                                                                                                                                                       
      6000   6000                                                                                                                                                                                       
     12000  12000                                                                                                                                                                                       
      8300   8300                                                                                                                                                                                       

20 rows selected.

SQL> SELECT SALARY , TO_CHAR(SALARY,'9999') FROM EMPLOYEES;

    SALARY TO_CH                                                                                                                                                                                        
---------- -----                                                                                                                                                                                        
     24000 #####                                                                                                                                                                                        
     17000 #####                                                                                                                                                                                        
     17000 #####                                                                                                                                                                                        
      9000  9000                                                                                                                                                                                        
      6000  6000                                                                                                                                                                                        
      4200  4200                                                                                                                                                                                        
      5800  5800                                                                                                                                                                                        
      3500  3500                                                                                                                                                                                        
      3100  3100                                                                                                                                                                                        
      2600  2600                                                                                                                                                                                        
      2500  2500                                                                                                                                                                                        
     10500 #####                                                                                                                                                                                        
     11000 #####                                                                                                                                                                                        
      8600  8600                                                                                                                                                                                        
      7000  7000                                                                                                                                                                                        
      4400  4400                                                                                                                                                                                        
     13000 #####                                                                                                                                                                                        
      6000  6000                                                                                                                                                                                        
     12000 #####                                                                                                                                                                                        
      8300  8300                                                                                                                                                                                        

20 rows selected.

SQL> SELECT SALARY , TO_CHAR(SALARY,'99999') FROM EMPLOYEES;

    SALARY TO_CHA                                                                                                                                                                                       
---------- ------                                                                                                                                                                                       
     24000  24000                                                                                                                                                                                       
     17000  17000                                                                                                                                                                                       
     17000  17000                                                                                                                                                                                       
      9000   9000                                                                                                                                                                                       
      6000   6000                                                                                                                                                                                       
      4200   4200                                                                                                                                                                                       
      5800   5800                                                                                                                                                                                       
      3500   3500                                                                                                                                                                                       
      3100   3100                                                                                                                                                                                       
      2600   2600                                                                                                                                                                                       
      2500   2500                                                                                                                                                                                       
     10500  10500                                                                                                                                                                                       
     11000  11000                                                                                                                                                                                       
      8600   8600                                                                                                                                                                                       
      7000   7000                                                                                                                                                                                       
      4400   4400                                                                                                                                                                                       
     13000  13000                                                                                                                                                                                       
      6000   6000                                                                                                                                                                                       
     12000  12000                                                                                                                                                                                       
      8300   8300                                                                                                                                                                                       

20 rows selected.

SQL> SELECT SALARY , TO_CHAR(SALARY,'00000') FROM EMPLOYEES;

    SALARY TO_CHA                                                                                                                                                                                       
---------- ------                                                                                                                                                                                       
     24000  24000                                                                                                                                                                                       
     17000  17000                                                                                                                                                                                       
     17000  17000                                                                                                                                                                                       
      9000  09000                                                                                                                                                                                       
      6000  06000                                                                                                                                                                                       
      4200  04200                                                                                                                                                                                       
      5800  05800                                                                                                                                                                                       
      3500  03500                                                                                                                                                                                       
      3100  03100                                                                                                                                                                                       
      2600  02600                                                                                                                                                                                       
      2500  02500                                                                                                                                                                                       
     10500  10500                                                                                                                                                                                       
     11000  11000                                                                                                                                                                                       
      8600  08600                                                                                                                                                                                       
      7000  07000                                                                                                                                                                                       
      4400  04400                                                                                                                                                                                       
     13000  13000                                                                                                                                                                                       
      6000  06000                                                                                                                                                                                       
     12000  12000                                                                                                                                                                                       
      8300  08300                                                                                                                                                                                       

20 rows selected.

SQL> SELECT SALARY , TO_CHAR(SALARY,'90000') FROM EMPLOYEES;

    SALARY TO_CHA                                                                                                                                                                                       
---------- ------                                                                                                                                                                                       
     24000  24000                                                                                                                                                                                       
     17000  17000                                                                                                                                                                                       
     17000  17000                                                                                                                                                                                       
      9000   9000                                                                                                                                                                                       
      6000   6000                                                                                                                                                                                       
      4200   4200                                                                                                                                                                                       
      5800   5800                                                                                                                                                                                       
      3500   3500                                                                                                                                                                                       
      3100   3100                                                                                                                                                                                       
      2600   2600                                                                                                                                                                                       
      2500   2500                                                                                                                                                                                       
     10500  10500                                                                                                                                                                                       
     11000  11000                                                                                                                                                                                       
      8600   8600                                                                                                                                                                                       
      7000   7000                                                                                                                                                                                       
      4400   4400                                                                                                                                                                                       
     13000  13000                                                                                                                                                                                       
      6000   6000                                                                                                                                                                                       
     12000  12000                                                                                                                                                                                       
      8300   8300                                                                                                                                                                                       

20 rows selected.

SQL> SELECT SALARY , TO_CHAR(SALARY,'00990') FROM EMPLOYEES;

    SALARY TO_CHA                                                                                                                                                                                       
---------- ------                                                                                                                                                                                       
     24000  24000                                                                                                                                                                                       
     17000  17000                                                                                                                                                                                       
     17000  17000                                                                                                                                                                                       
      9000  09000                                                                                                                                                                                       
      6000  06000                                                                                                                                                                                       
      4200  04200                                                                                                                                                                                       
      5800  05800                                                                                                                                                                                       
      3500  03500                                                                                                                                                                                       
      3100  03100                                                                                                                                                                                       
      2600  02600                                                                                                                                                                                       
      2500  02500                                                                                                                                                                                       
     10500  10500                                                                                                                                                                                       
     11000  11000                                                                                                                                                                                       
      8600  08600                                                                                                                                                                                       
      7000  07000                                                                                                                                                                                       
      4400  04400                                                                                                                                                                                       
     13000  13000                                                                                                                                                                                       
      6000  06000                                                                                                                                                                                       
     12000  12000                                                                                                                                                                                       
      8300  08300                                                                                                                                                                                       

20 rows selected.

SQL> SELECT SALARY , TO_CHAR(SALARY,'099999') FROM EMPLOYEES;

    SALARY TO_CHAR                                                                                                                                                                                      
---------- -------                                                                                                                                                                                      
     24000  024000                                                                                                                                                                                      
     17000  017000                                                                                                                                                                                      
     17000  017000                                                                                                                                                                                      
      9000  009000                                                                                                                                                                                      
      6000  006000                                                                                                                                                                                      
      4200  004200                                                                                                                                                                                      
      5800  005800                                                                                                                                                                                      
      3500  003500                                                                                                                                                                                      
      3100  003100                                                                                                                                                                                      
      2600  002600                                                                                                                                                                                      
      2500  002500                                                                                                                                                                                      
     10500  010500                                                                                                                                                                                      
     11000  011000                                                                                                                                                                                      
      8600  008600                                                                                                                                                                                      
      7000  007000                                                                                                                                                                                      
      4400  004400                                                                                                                                                                                      
     13000  013000                                                                                                                                                                                      
      6000  006000                                                                                                                                                                                      
     12000  012000                                                                                                                                                                                      
      8300  008300                                                                                                                                                                                      

20 rows selected.

SQL> SELECT SALARY , TO_CHAR(SALARY,'095999') FROM EMPLOYEES;
SELECT SALARY , TO_CHAR(SALARY,'095999') FROM EMPLOYEES
                               *
ERROR at line 1:
ORA-01481: invalid number format model 


SQL> SELECT SALARY , TO_CHAR(SALARY,'09999.09') FROM EMPLOYEES;

    SALARY TO_CHAR(S                                                                                                                                                                                    
---------- ---------                                                                                                                                                                                    
     24000  24000.00                                                                                                                                                                                    
     17000  17000.00                                                                                                                                                                                    
     17000  17000.00                                                                                                                                                                                    
      9000  09000.00                                                                                                                                                                                    
      6000  06000.00                                                                                                                                                                                    
      4200  04200.00                                                                                                                                                                                    
      5800  05800.00                                                                                                                                                                                    
      3500  03500.00                                                                                                                                                                                    
      3100  03100.00                                                                                                                                                                                    
      2600  02600.00                                                                                                                                                                                    
      2500  02500.00                                                                                                                                                                                    
     10500  10500.00                                                                                                                                                                                    
     11000  11000.00                                                                                                                                                                                    
      8600  08600.00                                                                                                                                                                                    
      7000  07000.00                                                                                                                                                                                    
      4400  04400.00                                                                                                                                                                                    
     13000  13000.00                                                                                                                                                                                    
      6000  06000.00                                                                                                                                                                                    
     12000  12000.00                                                                                                                                                                                    
      8300  08300.00                                                                                                                                                                                    

20 rows selected.

SQL> SELECT SALARY , TO_CHAR(SALARY,'09999.99') FROM EMPLOYEES;

    SALARY TO_CHAR(S                                                                                                                                                                                    
---------- ---------                                                                                                                                                                                    
     24000  24000.00                                                                                                                                                                                    
     17000  17000.00                                                                                                                                                                                    
     17000  17000.00                                                                                                                                                                                    
      9000  09000.00                                                                                                                                                                                    
      6000  06000.00                                                                                                                                                                                    
      4200  04200.00                                                                                                                                                                                    
      5800  05800.00                                                                                                                                                                                    
      3500  03500.00                                                                                                                                                                                    
      3100  03100.00                                                                                                                                                                                    
      2600  02600.00                                                                                                                                                                                    
      2500  02500.00                                                                                                                                                                                    
     10500  10500.00                                                                                                                                                                                    
     11000  11000.00                                                                                                                                                                                    
      8600  08600.00                                                                                                                                                                                    
      7000  07000.00                                                                                                                                                                                    
      4400  04400.00                                                                                                                                                                                    
     13000  13000.00                                                                                                                                                                                    
      6000  06000.00                                                                                                                                                                                    
     12000  12000.00                                                                                                                                                                                    
      8300  08300.00                                                                                                                                                                                    

20 rows selected.

SQL> SELECT SALARY , TO_CHAR(SALARY,'09,999.99') FROM EMPLOYEES;

    SALARY TO_CHAR(SA                                                                                                                                                                                   
---------- ----------                                                                                                                                                                                   
     24000  24,000.00                                                                                                                                                                                   
     17000  17,000.00                                                                                                                                                                                   
     17000  17,000.00                                                                                                                                                                                   
      9000  09,000.00                                                                                                                                                                                   
      6000  06,000.00                                                                                                                                                                                   
      4200  04,200.00                                                                                                                                                                                   
      5800  05,800.00                                                                                                                                                                                   
      3500  03,500.00                                                                                                                                                                                   
      3100  03,100.00                                                                                                                                                                                   
      2600  02,600.00                                                                                                                                                                                   
      2500  02,500.00                                                                                                                                                                                   
     10500  10,500.00                                                                                                                                                                                   
     11000  11,000.00                                                                                                                                                                                   
      8600  08,600.00                                                                                                                                                                                   
      7000  07,000.00                                                                                                                                                                                   
      4400  04,400.00                                                                                                                                                                                   
     13000  13,000.00                                                                                                                                                                                   
      6000  06,000.00                                                                                                                                                                                   
     12000  12,000.00                                                                                                                                                                                   
      8300  08,300.00                                                                                                                                                                                   

20 rows selected.

SQL> SELECT SALARY , TO_CHAR(SALARY,'09G999D99') FROM EMPLOYEES;

    SALARY TO_CHAR(SA                                                                                                                                                                                   
---------- ----------                                                                                                                                                                                   
     24000  24,000.00                                                                                                                                                                                   
     17000  17,000.00                                                                                                                                                                                   
     17000  17,000.00                                                                                                                                                                                   
      9000  09,000.00                                                                                                                                                                                   
      6000  06,000.00                                                                                                                                                                                   
      4200  04,200.00                                                                                                                                                                                   
      5800  05,800.00                                                                                                                                                                                   
      3500  03,500.00                                                                                                                                                                                   
      3100  03,100.00                                                                                                                                                                                   
      2600  02,600.00                                                                                                                                                                                   
      2500  02,500.00                                                                                                                                                                                   
     10500  10,500.00                                                                                                                                                                                   
     11000  11,000.00                                                                                                                                                                                   
      8600  08,600.00                                                                                                                                                                                   
      7000  07,000.00                                                                                                                                                                                   
      4400  04,400.00                                                                                                                                                                                   
     13000  13,000.00                                                                                                                                                                                   
      6000  06,000.00                                                                                                                                                                                   
     12000  12,000.00                                                                                                                                                                                   
      8300  08,300.00                                                                                                                                                                                   

20 rows selected.

SQL> COL PARAMETER FORMAT A30
SQL> COL VALUE FORMAT A30
SQL> 
SQL> SELECT * FROM NLS_SESSION_PARAMETERS;

PARAMETER                      VALUE                                                                                                                                                                    
------------------------------ ------------------------------                                                                                                                                           
NLS_LANGUAGE                   AMERICAN                                                                                                                                                                 
NLS_TERRITORY                  AMERICA                                                                                                                                                                  
NLS_CURRENCY                   $                                                                                                                                                                        
NLS_ISO_CURRENCY               AMERICA                                                                                                                                                                  
NLS_NUMERIC_CHARACTERS         .,                                                                                                                                                                       
NLS_CALENDAR                   GREGORIAN                                                                                                                                                                
NLS_DATE_FORMAT                DD-MON-RR                                                                                                                                                                
NLS_DATE_LANGUAGE              AMERICAN                                                                                                                                                                 
NLS_SORT                       BINARY                                                                                                                                                                   
NLS_TIME_FORMAT                HH.MI.SSXFF AM                                                                                                                                                           
NLS_TIMESTAMP_FORMAT           DD-MON-RR HH.MI.SSXFF AM                                                                                                                                                 
NLS_TIME_TZ_FORMAT             HH.MI.SSXFF AM TZR                                                                                                                                                       
NLS_TIMESTAMP_TZ_FORMAT        DD-MON-RR HH.MI.SSXFF AM TZR                                                                                                                                             
NLS_DUAL_CURRENCY              $                                                                                                                                                                        
NLS_COMP                       BINARY                                                                                                                                                                   
NLS_LENGTH_SEMANTICS           BYTE                                                                                                                                                                     
NLS_NCHAR_CONV_EXCP            FALSE                                                                                                                                                                    

17 rows selected.

SQL> SELECT SALARY , TO_CHAR(SALARY,'09|999~99') FROM EMPLOYEES;
SELECT SALARY , TO_CHAR(SALARY,'09|999~99') FROM EMPLOYEES
                               *
ERROR at line 1:
ORA-01481: invalid number format model 


SQL> SELECT SALARY , TO_CHAR(SALARY,'09G999D99') FROM EMPLOYEES;

    SALARY TO_CHAR(SA                                                                                                                                                                                   
---------- ----------                                                                                                                                                                                   
     24000  24,000.00                                                                                                                                                                                   
     17000  17,000.00                                                                                                                                                                                   
     17000  17,000.00                                                                                                                                                                                   
      9000  09,000.00                                                                                                                                                                                   
      6000  06,000.00                                                                                                                                                                                   
      4200  04,200.00                                                                                                                                                                                   
      5800  05,800.00                                                                                                                                                                                   
      3500  03,500.00                                                                                                                                                                                   
      3100  03,100.00                                                                                                                                                                                   
      2600  02,600.00                                                                                                                                                                                   
      2500  02,500.00                                                                                                                                                                                   
     10500  10,500.00                                                                                                                                                                                   
     11000  11,000.00                                                                                                                                                                                   
      8600  08,600.00                                                                                                                                                                                   
      7000  07,000.00                                                                                                                                                                                   
      4400  04,400.00                                                                                                                                                                                   
     13000  13,000.00                                                                                                                                                                                   
      6000  06,000.00                                                                                                                                                                                   
     12000  12,000.00                                                                                                                                                                                   
      8300  08,300.00                                                                                                                                                                                   

20 rows selected.

SQL> ALTER SESSION SET NLS_NUMERIC_CHARACTERS = '~|';

Session altered.

SQL> SELECT SALARY , TO_CHAR(SALARY,'09|999~99') FROM EMPLOYEES;
SELECT SALARY , TO_CHAR(SALARY,'09|999~99') FROM EMPLOYEES
                               *
ERROR at line 1:
ORA-01481: invalid number format model 


SQL> SELECT SALARY , TO_CHAR(SALARY,'09G999D99') FROM EMPLOYEES;

    SALARY TO_CHAR(SA                                                                                                                                                                                   
---------- ----------                                                                                                                                                                                   
     24000  24|000~00                                                                                                                                                                                   
     17000  17|000~00                                                                                                                                                                                   
     17000  17|000~00                                                                                                                                                                                   
      9000  09|000~00                                                                                                                                                                                   
      6000  06|000~00                                                                                                                                                                                   
      4200  04|200~00                                                                                                                                                                                   
      5800  05|800~00                                                                                                                                                                                   
      3500  03|500~00                                                                                                                                                                                   
      3100  03|100~00                                                                                                                                                                                   
      2600  02|600~00                                                                                                                                                                                   
      2500  02|500~00                                                                                                                                                                                   
     10500  10|500~00                                                                                                                                                                                   
     11000  11|000~00                                                                                                                                                                                   
      8600  08|600~00                                                                                                                                                                                   
      7000  07|000~00                                                                                                                                                                                   
      4400  04|400~00                                                                                                                                                                                   
     13000  13|000~00                                                                                                                                                                                   
      6000  06|000~00                                                                                                                                                                                   
     12000  12|000~00                                                                                                                                                                                   
      8300  08|300~00                                                                                                                                                                                   

20 rows selected.

SQL> REM LIST OF VALID NUMBER FORMAT CHARACTERS :  9 0   , .   D G   $ L U    S PR MI   EEEE OR eeee    V
SQL> 
SQL> SELECT SALARY , TO_CHAR(SALARY,'$09G999D99') FROM EMPLOYEES;

    SALARY TO_CHAR(SAL                                                                                                                                                                                  
---------- -----------                                                                                                                                                                                  
     24000  $24|000~00                                                                                                                                                                                  
     17000  $17|000~00                                                                                                                                                                                  
     17000  $17|000~00                                                                                                                                                                                  
      9000  $09|000~00                                                                                                                                                                                  
      6000  $06|000~00                                                                                                                                                                                  
      4200  $04|200~00                                                                                                                                                                                  
      5800  $05|800~00                                                                                                                                                                                  
      3500  $03|500~00                                                                                                                                                                                  
      3100  $03|100~00                                                                                                                                                                                  
      2600  $02|600~00                                                                                                                                                                                  
      2500  $02|500~00                                                                                                                                                                                  
     10500  $10|500~00                                                                                                                                                                                  
     11000  $11|000~00                                                                                                                                                                                  
      8600  $08|600~00                                                                                                                                                                                  
      7000  $07|000~00                                                                                                                                                                                  
      4400  $04|400~00                                                                                                                                                                                  
     13000  $13|000~00                                                                                                                                                                                  
      6000  $06|000~00                                                                                                                                                                                  
     12000  $12|000~00                                                                                                                                                                                  
      8300  $08|300~00                                                                                                                                                                                  

20 rows selected.

SQL> SELECT SALARY , TO_CHAR(SALARY,'09G9$99D99') FROM EMPLOYEES;

    SALARY TO_CHAR(SAL                                                                                                                                                                                  
---------- -----------                                                                                                                                                                                  
     24000  $24|000~00                                                                                                                                                                                  
     17000  $17|000~00                                                                                                                                                                                  
     17000  $17|000~00                                                                                                                                                                                  
      9000  $09|000~00                                                                                                                                                                                  
      6000  $06|000~00                                                                                                                                                                                  
      4200  $04|200~00                                                                                                                                                                                  
      5800  $05|800~00                                                                                                                                                                                  
      3500  $03|500~00                                                                                                                                                                                  
      3100  $03|100~00                                                                                                                                                                                  
      2600  $02|600~00                                                                                                                                                                                  
      2500  $02|500~00                                                                                                                                                                                  
     10500  $10|500~00                                                                                                                                                                                  
     11000  $11|000~00                                                                                                                                                                                  
      8600  $08|600~00                                                                                                                                                                                  
      7000  $07|000~00                                                                                                                                                                                  
      4400  $04|400~00                                                                                                                                                                                  
     13000  $13|000~00                                                                                                                                                                                  
      6000  $06|000~00                                                                                                                                                                                  
     12000  $12|000~00                                                                                                                                                                                  
      8300  $08|300~00                                                                                                                                                                                  

20 rows selected.

SQL> SELECT SALARY , TO_CHAR(SALARY,'09G999D$99') FROM EMPLOYEES;

    SALARY TO_CHAR(SAL                                                                                                                                                                                  
---------- -----------                                                                                                                                                                                  
     24000  $24|000~00                                                                                                                                                                                  
     17000  $17|000~00                                                                                                                                                                                  
     17000  $17|000~00                                                                                                                                                                                  
      9000  $09|000~00                                                                                                                                                                                  
      6000  $06|000~00                                                                                                                                                                                  
      4200  $04|200~00                                                                                                                                                                                  
      5800  $05|800~00                                                                                                                                                                                  
      3500  $03|500~00                                                                                                                                                                                  
      3100  $03|100~00                                                                                                                                                                                  
      2600  $02|600~00                                                                                                                                                                                  
      2500  $02|500~00                                                                                                                                                                                  
     10500  $10|500~00                                                                                                                                                                                  
     11000  $11|000~00                                                                                                                                                                                  
      8600  $08|600~00                                                                                                                                                                                  
      7000  $07|000~00                                                                                                                                                                                  
      4400  $04|400~00                                                                                                                                                                                  
     13000  $13|000~00                                                                                                                                                                                  
      6000  $06|000~00                                                                                                                                                                                  
     12000  $12|000~00                                                                                                                                                                                  
      8300  $08|300~00                                                                                                                                                                                  

20 rows selected.

SQL> SELECT SALARY , TO_CHAR(SALARY,'09G999D99$') FROM EMPLOYEES;

    SALARY TO_CHAR(SAL                                                                                                                                                                                  
---------- -----------                                                                                                                                                                                  
     24000  $24|000~00                                                                                                                                                                                  
     17000  $17|000~00                                                                                                                                                                                  
     17000  $17|000~00                                                                                                                                                                                  
      9000  $09|000~00                                                                                                                                                                                  
      6000  $06|000~00                                                                                                                                                                                  
      4200  $04|200~00                                                                                                                                                                                  
      5800  $05|800~00                                                                                                                                                                                  
      3500  $03|500~00                                                                                                                                                                                  
      3100  $03|100~00                                                                                                                                                                                  
      2600  $02|600~00                                                                                                                                                                                  
      2500  $02|500~00                                                                                                                                                                                  
     10500  $10|500~00                                                                                                                                                                                  
     11000  $11|000~00                                                                                                                                                                                  
      8600  $08|600~00                                                                                                                                                                                  
      7000  $07|000~00                                                                                                                                                                                  
      4400  $04|400~00                                                                                                                                                                                  
     13000  $13|000~00                                                                                                                                                                                  
      6000  $06|000~00                                                                                                                                                                                  
     12000  $12|000~00                                                                                                                                                                                  
      8300  $08|300~00                                                                                                                                                                                  

20 rows selected.

SQL> SELECT SALARY , TO_CHAR(SALARY,'Rs.09G999D99') FROM EMPLOYEES;
SELECT SALARY , TO_CHAR(SALARY,'Rs.09G999D99') FROM EMPLOYEES
                               *
ERROR at line 1:
ORA-01481: invalid number format model 


SQL> SELECT * FROM NLS_SESSION_PARAMETERS;

PARAMETER                      VALUE                                                                                                                                                                    
------------------------------ ------------------------------                                                                                                                                           
NLS_LANGUAGE                   AMERICAN                                                                                                                                                                 
NLS_TERRITORY                  AMERICA                                                                                                                                                                  
NLS_CURRENCY                   $                                                                                                                                                                        
NLS_ISO_CURRENCY               AMERICA                                                                                                                                                                  
NLS_NUMERIC_CHARACTERS         ~|                                                                                                                                                                       
NLS_CALENDAR                   GREGORIAN                                                                                                                                                                
NLS_DATE_FORMAT                DD-MON-RR                                                                                                                                                                
NLS_DATE_LANGUAGE              AMERICAN                                                                                                                                                                 
NLS_SORT                       BINARY                                                                                                                                                                   
NLS_TIME_FORMAT                HH.MI.SSXFF AM                                                                                                                                                           
NLS_TIMESTAMP_FORMAT           DD-MON-RR HH.MI.SSXFF AM                                                                                                                                                 
NLS_TIME_TZ_FORMAT             HH.MI.SSXFF AM TZR                                                                                                                                                       
NLS_TIMESTAMP_TZ_FORMAT        DD-MON-RR HH.MI.SSXFF AM TZR                                                                                                                                             
NLS_DUAL_CURRENCY              $                                                                                                                                                                        
NLS_COMP                       BINARY                                                                                                                                                                   
NLS_LENGTH_SEMANTICS           BYTE                                                                                                                                                                     
NLS_NCHAR_CONV_EXCP            FALSE                                                                                                                                                                    

17 rows selected.

SQL> SELECT SALARY , TO_CHAR(SALARY,'l09G999D99') FROM EMPLOYEES;

    SALARY TO_CHAR(SALARY,'L09G                                                                                                                                                                         
---------- --------------------                                                                                                                                                                         
     24000           $24|000~00                                                                                                                                                                         
     17000           $17|000~00                                                                                                                                                                         
     17000           $17|000~00                                                                                                                                                                         
      9000           $09|000~00                                                                                                                                                                         
      6000           $06|000~00                                                                                                                                                                         
      4200           $04|200~00                                                                                                                                                                         
      5800           $05|800~00                                                                                                                                                                         
      3500           $03|500~00                                                                                                                                                                         
      3100           $03|100~00                                                                                                                                                                         
      2600           $02|600~00                                                                                                                                                                         
      2500           $02|500~00                                                                                                                                                                         
     10500           $10|500~00                                                                                                                                                                         
     11000           $11|000~00                                                                                                                                                                         
      8600           $08|600~00                                                                                                                                                                         
      7000           $07|000~00                                                                                                                                                                         
      4400           $04|400~00                                                                                                                                                                         
     13000           $13|000~00                                                                                                                                                                         
      6000           $06|000~00                                                                                                                                                                         
     12000           $12|000~00                                                                                                                                                                         
      8300           $08|300~00                                                                                                                                                                         

20 rows selected.

SQL> SELECT SALARY , TO_CHAR(SALARY,'L09G999D99') FROM EMPLOYEES;

    SALARY TO_CHAR(SALARY,'L09G                                                                                                                                                                         
---------- --------------------                                                                                                                                                                         
     24000           $24|000~00                                                                                                                                                                         
     17000           $17|000~00                                                                                                                                                                         
     17000           $17|000~00                                                                                                                                                                         
      9000           $09|000~00                                                                                                                                                                         
      6000           $06|000~00                                                                                                                                                                         
      4200           $04|200~00                                                                                                                                                                         
      5800           $05|800~00                                                                                                                                                                         
      3500           $03|500~00                                                                                                                                                                         
      3100           $03|100~00                                                                                                                                                                         
      2600           $02|600~00                                                                                                                                                                         
      2500           $02|500~00                                                                                                                                                                         
     10500           $10|500~00                                                                                                                                                                         
     11000           $11|000~00                                                                                                                                                                         
      8600           $08|600~00                                                                                                                                                                         
      7000           $07|000~00                                                                                                                                                                         
      4400           $04|400~00                                                                                                                                                                         
     13000           $13|000~00                                                                                                                                                                         
      6000           $06|000~00                                                                                                                                                                         
     12000           $12|000~00                                                                                                                                                                         
      8300           $08|300~00                                                                                                                                                                         

20 rows selected.

SQL> SELECT SALARY , TO_CHAR(SALARY,'U09G999D99') FROM EMPLOYEES;

    SALARY TO_CHAR(SALARY,'U09G                                                                                                                                                                         
---------- --------------------                                                                                                                                                                         
     24000           $24|000~00                                                                                                                                                                         
     17000           $17|000~00                                                                                                                                                                         
     17000           $17|000~00                                                                                                                                                                         
      9000           $09|000~00                                                                                                                                                                         
      6000           $06|000~00                                                                                                                                                                         
      4200           $04|200~00                                                                                                                                                                         
      5800           $05|800~00                                                                                                                                                                         
      3500           $03|500~00                                                                                                                                                                         
      3100           $03|100~00                                                                                                                                                                         
      2600           $02|600~00                                                                                                                                                                         
      2500           $02|500~00                                                                                                                                                                         
     10500           $10|500~00                                                                                                                                                                         
     11000           $11|000~00                                                                                                                                                                         
      8600           $08|600~00                                                                                                                                                                         
      7000           $07|000~00                                                                                                                                                                         
      4400           $04|400~00                                                                                                                                                                         
     13000           $13|000~00                                                                                                                                                                         
      6000           $06|000~00                                                                                                                                                                         
     12000           $12|000~00                                                                                                                                                                         
      8300           $08|300~00                                                                                                                                                                         

20 rows selected.

SQL> SELECT SALARY , TO_CHAR(SALARY,'09G999D99L') FROM EMPLOYEES;

    SALARY TO_CHAR(SALARY,'09G9                                                                                                                                                                         
---------- --------------------                                                                                                                                                                         
     24000           24|000~00$                                                                                                                                                                         
     17000           17|000~00$                                                                                                                                                                         
     17000           17|000~00$                                                                                                                                                                         
      9000           09|000~00$                                                                                                                                                                         
      6000           06|000~00$                                                                                                                                                                         
      4200           04|200~00$                                                                                                                                                                         
      5800           05|800~00$                                                                                                                                                                         
      3500           03|500~00$                                                                                                                                                                         
      3100           03|100~00$                                                                                                                                                                         
      2600           02|600~00$                                                                                                                                                                         
      2500           02|500~00$                                                                                                                                                                         
     10500           10|500~00$                                                                                                                                                                         
     11000           11|000~00$                                                                                                                                                                         
      8600           08|600~00$                                                                                                                                                                         
      7000           07|000~00$                                                                                                                                                                         
      4400           04|400~00$                                                                                                                                                                         
     13000           13|000~00$                                                                                                                                                                         
      6000           06|000~00$                                                                                                                                                                         
     12000           12|000~00$                                                                                                                                                                         
      8300           08|300~00$                                                                                                                                                                         

20 rows selected.

SQL> SELECT SALARY , TO_CHAR(SALARY,'09G999D99U') FROM EMPLOYEES;

    SALARY TO_CHAR(SALARY,'09G9                                                                                                                                                                         
---------- --------------------                                                                                                                                                                         
     24000           24|000~00$                                                                                                                                                                         
     17000           17|000~00$                                                                                                                                                                         
     17000           17|000~00$                                                                                                                                                                         
      9000           09|000~00$                                                                                                                                                                         
      6000           06|000~00$                                                                                                                                                                         
      4200           04|200~00$                                                                                                                                                                         
      5800           05|800~00$                                                                                                                                                                         
      3500           03|500~00$                                                                                                                                                                         
      3100           03|100~00$                                                                                                                                                                         
      2600           02|600~00$                                                                                                                                                                         
      2500           02|500~00$                                                                                                                                                                         
     10500           10|500~00$                                                                                                                                                                         
     11000           11|000~00$                                                                                                                                                                         
      8600           08|600~00$                                                                                                                                                                         
      7000           07|000~00$                                                                                                                                                                         
      4400           04|400~00$                                                                                                                                                                         
     13000           13|000~00$                                                                                                                                                                         
      6000           06|000~00$                                                                                                                                                                         
     12000           12|000~00$                                                                                                                                                                         
      8300           08|300~00$                                                                                                                                                                         

20 rows selected.

SQL> SELECT SALARY , TO_CHAR(SALARY,'09G9L99D99') FROM EMPLOYEES;
SELECT SALARY , TO_CHAR(SALARY,'09G9L99D99') FROM EMPLOYEES
                               *
ERROR at line 1:
ORA-01481: invalid number format model 


SQL> SELECT SALARY , TO_CHAR(SALARY,'09G9U99D99') FROM EMPLOYEES;
SELECT SALARY , TO_CHAR(SALARY,'09G9U99D99') FROM EMPLOYEES
                               *
ERROR at line 1:
ORA-01481: invalid number format model 


SQL> ALTER SESSION SET NLS_CURRENCY = 'Rs.';

Session altered.

SQL> ALTER SESSION SET NLS_DUAL_CURRENCY = ' CAD ';

Session altered.

SQL> SELECT SALARY , TO_CHAR(SALARY,'L09G9U99D99') FROM EMPLOYEES;
SELECT SALARY , TO_CHAR(SALARY,'L09G9U99D99') FROM EMPLOYEES
                               *
ERROR at line 1:
ORA-01481: invalid number format model 


SQL> SELECT SALARY , TO_CHAR(SALARY,'L09G999D99') FROM EMPLOYEES;

    SALARY TO_CHAR(SALARY,'L09G                                                                                                                                                                         
---------- --------------------                                                                                                                                                                         
     24000         Rs.24|000~00                                                                                                                                                                         
     17000         Rs.17|000~00                                                                                                                                                                         
     17000         Rs.17|000~00                                                                                                                                                                         
      9000         Rs.09|000~00                                                                                                                                                                         
      6000         Rs.06|000~00                                                                                                                                                                         
      4200         Rs.04|200~00                                                                                                                                                                         
      5800         Rs.05|800~00                                                                                                                                                                         
      3500         Rs.03|500~00                                                                                                                                                                         
      3100         Rs.03|100~00                                                                                                                                                                         
      2600         Rs.02|600~00                                                                                                                                                                         
      2500         Rs.02|500~00                                                                                                                                                                         
     10500         Rs.10|500~00                                                                                                                                                                         
     11000         Rs.11|000~00                                                                                                                                                                         
      8600         Rs.08|600~00                                                                                                                                                                         
      7000         Rs.07|000~00                                                                                                                                                                         
      4400         Rs.04|400~00                                                                                                                                                                         
     13000         Rs.13|000~00                                                                                                                                                                         
      6000         Rs.06|000~00                                                                                                                                                                         
     12000         Rs.12|000~00                                                                                                                                                                         
      8300         Rs.08|300~00                                                                                                                                                                         

20 rows selected.

SQL> SELECT SALARY , TO_CHAR(SALARY,'09G999D99L') FROM EMPLOYEES;

    SALARY TO_CHAR(SALARY,'09G9                                                                                                                                                                         
---------- --------------------                                                                                                                                                                         
     24000         24|000~00Rs.                                                                                                                                                                         
     17000         17|000~00Rs.                                                                                                                                                                         
     17000         17|000~00Rs.                                                                                                                                                                         
      9000         09|000~00Rs.                                                                                                                                                                         
      6000         06|000~00Rs.                                                                                                                                                                         
      4200         04|200~00Rs.                                                                                                                                                                         
      5800         05|800~00Rs.                                                                                                                                                                         
      3500         03|500~00Rs.                                                                                                                                                                         
      3100         03|100~00Rs.                                                                                                                                                                         
      2600         02|600~00Rs.                                                                                                                                                                         
      2500         02|500~00Rs.                                                                                                                                                                         
     10500         10|500~00Rs.                                                                                                                                                                         
     11000         11|000~00Rs.                                                                                                                                                                         
      8600         08|600~00Rs.                                                                                                                                                                         
      7000         07|000~00Rs.                                                                                                                                                                         
      4400         04|400~00Rs.                                                                                                                                                                         
     13000         13|000~00Rs.                                                                                                                                                                         
      6000         06|000~00Rs.                                                                                                                                                                         
     12000         12|000~00Rs.                                                                                                                                                                         
      8300         08|300~00Rs.                                                                                                                                                                         

20 rows selected.

SQL> SELECT SALARY , TO_CHAR(SALARY,'09G999D99U') FROM EMPLOYEES;

    SALARY TO_CHAR(SALARY,'09G9                                                                                                                                                                         
---------- --------------------                                                                                                                                                                         
     24000       24|000~00 CAD                                                                                                                                                                          
     17000       17|000~00 CAD                                                                                                                                                                          
     17000       17|000~00 CAD                                                                                                                                                                          
      9000       09|000~00 CAD                                                                                                                                                                          
      6000       06|000~00 CAD                                                                                                                                                                          
      4200       04|200~00 CAD                                                                                                                                                                          
      5800       05|800~00 CAD                                                                                                                                                                          
      3500       03|500~00 CAD                                                                                                                                                                          
      3100       03|100~00 CAD                                                                                                                                                                          
      2600       02|600~00 CAD                                                                                                                                                                          
      2500       02|500~00 CAD                                                                                                                                                                          
     10500       10|500~00 CAD                                                                                                                                                                          
     11000       11|000~00 CAD                                                                                                                                                                          
      8600       08|600~00 CAD                                                                                                                                                                          
      7000       07|000~00 CAD                                                                                                                                                                          
      4400       04|400~00 CAD                                                                                                                                                                          
     13000       13|000~00 CAD                                                                                                                                                                          
      6000       06|000~00 CAD                                                                                                                                                                          
     12000       12|000~00 CAD                                                                                                                                                                          
      8300       08|300~00 CAD                                                                                                                                                                          

20 rows selected.

SQL> SELECT SALARY , TO_CHAR(SALARY,'U09G999D99') FROM EMPLOYEES;

    SALARY TO_CHAR(SALARY,'U09G                                                                                                                                                                         
---------- --------------------                                                                                                                                                                         
     24000        CAD 24|000~00                                                                                                                                                                         
     17000        CAD 17|000~00                                                                                                                                                                         
     17000        CAD 17|000~00                                                                                                                                                                         
      9000        CAD 09|000~00                                                                                                                                                                         
      6000        CAD 06|000~00                                                                                                                                                                         
      4200        CAD 04|200~00                                                                                                                                                                         
      5800        CAD 05|800~00                                                                                                                                                                         
      3500        CAD 03|500~00                                                                                                                                                                         
      3100        CAD 03|100~00                                                                                                                                                                         
      2600        CAD 02|600~00                                                                                                                                                                         
      2500        CAD 02|500~00                                                                                                                                                                         
     10500        CAD 10|500~00                                                                                                                                                                         
     11000        CAD 11|000~00                                                                                                                                                                         
      8600        CAD 08|600~00                                                                                                                                                                         
      7000        CAD 07|000~00                                                                                                                                                                         
      4400        CAD 04|400~00                                                                                                                                                                         
     13000        CAD 13|000~00                                                                                                                                                                         
      6000        CAD 06|000~00                                                                                                                                                                         
     12000        CAD 12|000~00                                                                                                                                                                         
      8300        CAD 08|300~00                                                                                                                                                                         

20 rows selected.

SQL> REM LIST OF VALID NUMBER FORMAT CHARACTERS :  9 0   , .   D G   $ L U    S PR MI   EEEE OR eeee    V
SQL> 
SQL> SELECT * FROM POSNEGNO;

        NO                                                                                                                                                                                              
----------                                                                                                                                                                                              
        12                                                                                                                                                                                              
                                                                                                                                                                                                        
         0                                                                                                                                                                                              
       -12                                                                                                                                                                                              

SQL> SELECT NO , TO_CHAR(NO,'99.99') FROM POSNEGNO;

        NO TO_CHA                                                                                                                                                                                       
---------- ------                                                                                                                                                                                       
        12  12.00                                                                                                                                                                                       
                                                                                                                                                                                                        
         0    .00                                                                                                                                                                                       
       -12 -12.00                                                                                                                                                                                       

SQL> SELECT NO , TO_CHAR(NO,'S99.99') FROM POSNEGNO;

        NO TO_CHA                                                                                                                                                                                       
---------- ------                                                                                                                                                                                       
        12 +12.00                                                                                                                                                                                       
                                                                                                                                                                                                        
         0   +.00                                                                                                                                                                                       
       -12 -12.00                                                                                                                                                                                       

SQL> SELECT NO , TO_CHAR(NO,'99.99S') FROM POSNEGNO;

        NO TO_CHA                                                                                                                                                                                       
---------- ------                                                                                                                                                                                       
        12 12.00+                                                                                                                                                                                       
                                                                                                                                                                                                        
         0   .00+                                                                                                                                                                                       
       -12 12.00-                                                                                                                                                                                       

SQL> SELECT NO , TO_CHAR(NO,'99.99MI') FROM POSNEGNO;

        NO TO_CHA                                                                                                                                                                                       
---------- ------                                                                                                                                                                                       
        12 12.00                                                                                                                                                                                        
                                                                                                                                                                                                        
         0   .00                                                                                                                                                                                        
       -12 12.00-                                                                                                                                                                                       

SQL> SELECT NO , TO_CHAR(NO,'MI99.99') FROM POSNEGNO;
SELECT NO , TO_CHAR(NO,'MI99.99') FROM POSNEGNO
                       *
ERROR at line 1:
ORA-01481: invalid number format model 


SQL> SELECT NO , TO_CHAR(NO,'PR99.99') FROM POSNEGNO;
SELECT NO , TO_CHAR(NO,'PR99.99') FROM POSNEGNO
                       *
ERROR at line 1:
ORA-01481: invalid number format model 


SQL> SELECT NO , TO_CHAR(NO,'99.99PR') FROM POSNEGNO;

        NO TO_CHAR                                                                                                                                                                                      
---------- -------                                                                                                                                                                                      
        12  12.00                                                                                                                                                                                       
                                                                                                                                                                                                        
         0    .00                                                                                                                                                                                       
       -12 <12.00>                                                                                                                                                                                      

SQL> REM LIST OF VALID NUMBER FORMAT CHARACTERS :  9 0   , .   D G   $ L U    S PR MI   EEEE OR eeee    V
SQL> 
SQL> SELECT SALARY , TO_CHAR(SALARY , '99.99EEEE') FROM EMPLOYEES;

    SALARY TO_CHAR(SA                                                                                                                                                                                   
---------- ----------                                                                                                                                                                                   
     24000   2.40E+04                                                                                                                                                                                   
     17000   1.70E+04                                                                                                                                                                                   
     17000   1.70E+04                                                                                                                                                                                   
      9000   9.00E+03                                                                                                                                                                                   
      6000   6.00E+03                                                                                                                                                                                   
      4200   4.20E+03                                                                                                                                                                                   
      5800   5.80E+03                                                                                                                                                                                   
      3500   3.50E+03                                                                                                                                                                                   
      3100   3.10E+03                                                                                                                                                                                   
      2600   2.60E+03                                                                                                                                                                                   
      2500   2.50E+03                                                                                                                                                                                   
     10500   1.05E+04                                                                                                                                                                                   
     11000   1.10E+04                                                                                                                                                                                   
      8600   8.60E+03                                                                                                                                                                                   
      7000   7.00E+03                                                                                                                                                                                   
      4400   4.40E+03                                                                                                                                                                                   
     13000   1.30E+04                                                                                                                                                                                   
      6000   6.00E+03                                                                                                                                                                                   
     12000   1.20E+04                                                                                                                                                                                   
      8300   8.30E+03                                                                                                                                                                                   

20 rows selected.

SQL> REM 2.4E+04 = 2.4 * POWER(10,4)
SQL> 
SQL> SELECT 2.4 * POWER(10,4) FROM DUAL;

2.4*POWER(10,4)                                                                                                                                                                                         
---------------                                                                                                                                                                                         
          24000                                                                                                                                                                                         

SQL> SELECT SALARY , TO_CHAR(SALARY , '99.99EEE') FROM EMPLOYEES;
SELECT SALARY , TO_CHAR(SALARY , '99.99EEE') FROM EMPLOYEES
                                 *
ERROR at line 1:
ORA-01481: invalid number format model 


SQL> SELECT SALARY , TO_CHAR(SALARY , '99.99EEEEE') FROM EMPLOYEES;
SELECT SALARY , TO_CHAR(SALARY , '99.99EEEEE') FROM EMPLOYEES
                                 *
ERROR at line 1:
ORA-01481: invalid number format model 


SQL> SELECT SALARY , TO_CHAR(SALARY , '99.99eeee') FROM EMPLOYEES;

    SALARY TO_CHAR(SA                                                                                                                                                                                   
---------- ----------                                                                                                                                                                                   
     24000   2.40E+04                                                                                                                                                                                   
     17000   1.70E+04                                                                                                                                                                                   
     17000   1.70E+04                                                                                                                                                                                   
      9000   9.00E+03                                                                                                                                                                                   
      6000   6.00E+03                                                                                                                                                                                   
      4200   4.20E+03                                                                                                                                                                                   
      5800   5.80E+03                                                                                                                                                                                   
      3500   3.50E+03                                                                                                                                                                                   
      3100   3.10E+03                                                                                                                                                                                   
      2600   2.60E+03                                                                                                                                                                                   
      2500   2.50E+03                                                                                                                                                                                   
     10500   1.05E+04                                                                                                                                                                                   
     11000   1.10E+04                                                                                                                                                                                   
      8600   8.60E+03                                                                                                                                                                                   
      7000   7.00E+03                                                                                                                                                                                   
      4400   4.40E+03                                                                                                                                                                                   
     13000   1.30E+04                                                                                                                                                                                   
      6000   6.00E+03                                                                                                                                                                                   
     12000   1.20E+04                                                                                                                                                                                   
      8300   8.30E+03                                                                                                                                                                                   

20 rows selected.

SQL> SELECT SALARY , TO_CHAR(SALARY , '99.99Eeee') FROM EMPLOYEES;
SELECT SALARY , TO_CHAR(SALARY , '99.99Eeee') FROM EMPLOYEES
                                 *
ERROR at line 1:
ORA-01481: invalid number format model 


SQL> SELECT SALARY , TO_CHAR(SALARY , '99.99EeEe') FROM EMPLOYEES;
SELECT SALARY , TO_CHAR(SALARY , '99.99EeEe') FROM EMPLOYEES
                                 *
ERROR at line 1:
ORA-01481: invalid number format model 


SQL> SELECT 567 , TO_CHAR(567,'999V0000000') FROM DUAL;

       567 TO_CHAR(567                                                                                                                                                                                  
---------- -----------                                                                                                                                                                                  
       567  5670000000                                                                                                                                                                                  

SQL> SELECT 567 , TO_CHAR(567,'000V9999999') FROM DUAL;

       567 TO_CHAR(567                                                                                                                                                                                  
---------- -----------                                                                                                                                                                                  
       567  5670000000                                                                                                                                                                                  

SQL> SELECT 567 , TO_CHAR(567,'090V990099') FROM DUAL;

       567 TO_CHAR(56                                                                                                                                                                                   
---------- ----------                                                                                                                                                                                   
       567  567000000                                                                                                                                                                                   

SQL> SELECT 5.67 , TO_CHAR(5.67,'090V990099') FROM DUAL;

      5.67 TO_CHAR(5.                                                                                                                                                                                   
---------- ----------                                                                                                                                                                                   
      5~67  005670000                                                                                                                                                                                   

SQL> SELECT 5.67 , TO_CHAR(5.67,'090V990099') FROM DUAL;

      5.67 TO_CHAR(5.                                                                                                                                                                                   
---------- ----------                                                                                                                                                                                   
      5~67  005670000                                                                                                                                                                                   

SQL> CONN SCOTT/TIGER
Connected.
SQL> SELECT 5.67 , TO_CHAR(5.67,'090V990099') FROM DUAL;

      5.67 TO_CHAR(5.                                                                                                                                                                                   
---------- ----------                                                                                                                                                                                   
      5.67  005670000                                                                                                                                                                                   

SQL> REM LIST OF VALID NUMBER FORMAT CHARACTERS :  9 0   , .   D G   $ L U    S PR MI   EEEE OR eeee    V
SQL> 
SQL> REM -98765.43  [98|765~43]
SQL> 
SQL> REM NLS_SESSION_PARAMETERS
SQL> 
SQL> REM ALTER SESSION SET PARAMETER = 'VALUE';
SQL> 
SQL> 
SQL> REM 98765.43  98|765~43
SQL> 
SQL> ALTER SESSION SET NLS_NUMERIC_CHARACTERS = ''~|';
ALTER SESSION SET NLS_NUMERIC_CHARACTERS = ''~|'
                                             *
ERROR at line 1:
ORA-00911: invalid character 


SQL> ALTER SESSION SET NLS_NUMERIC_CHARACTERS = '~|';

Session altered.

SQL> 
SQL> SELECT TO_CHAR('-98,765.43','S99G999D99') FROM DUAL;
SELECT TO_CHAR('-98,765.43','S99G999D99') FROM DUAL
               *
ERROR at line 1:
ORA-01722: invalid number 


SQL> SELECT TO_CHAR('-98,765.43','99G999D99PR') FROM DUAL;
SELECT TO_CHAR('-98,765.43','99G999D99PR') FROM DUAL
               *
ERROR at line 1:
ORA-01722: invalid number 


SQL> SELECT TO_CHAR('-98,765.43','S99G999D99PR') FROM DUAL;
SELECT TO_CHAR('-98,765.43','S99G999D99PR') FROM DUAL
               *
ERROR at line 1:
ORA-01722: invalid number 


SQL> SELECT TO_CHAR('98,765.43','99G999D99PR') FROM DUAL;
SELECT TO_CHAR('98,765.43','99G999D99PR') FROM DUAL
               *
ERROR at line 1:
ORA-01722: invalid number 


SQL> SELECT TO_CHAR(-98,765.43,'99G999D99PR') FROM DUAL;
SELECT TO_CHAR(-98,765.43,'99G999D99PR') FROM DUAL
                                              *
ERROR at line 1:
ORA-12702: invalid NLS parameter string used in SQL function 


SQL> CONN SCOTT/TIGER
Connected.
SQL> 
SQL> SELECT TO_CHAR('-98,765.43','S99G999D99PR') FROM DUAL;
SELECT TO_CHAR('-98,765.43','S99G999D99PR') FROM DUAL
               *
ERROR at line 1:
ORA-01722: invalid number 


SQL> SELECT TO_CHAR('-98,765.43','S99G999D99') FROM DUAL;
SELECT TO_CHAR('-98,765.43','S99G999D99') FROM DUAL
               *
ERROR at line 1:
ORA-01722: invalid number 


SQL> SELECT TO_CHAR('98,765.43','99G999D99') FROM DUAL;
SELECT TO_CHAR('98,765.43','99G999D99') FROM DUAL
               *
ERROR at line 1:
ORA-01722: invalid number 


SQL> SELECT TO_CHAR('98765.43','99999D99') FROM DUAL;

TO_CHAR('                                                                                                                                                                                               
---------                                                                                                                                                                                               
 98765.43                                                                                                                                                                                               

SQL> SELECT TO_CHAR('98,765.43','99G999D99') FROM DUAL;
SELECT TO_CHAR('98,765.43','99G999D99') FROM DUAL
               *
ERROR at line 1:
ORA-01722: invalid number 


SQL> SELECT * FROM NLS_SESSION_PARAMETERS;

PARAMETER                      VALUE                                                                                                                                                                    
------------------------------ ------------------------------                                                                                                                                           
NLS_LANGUAGE                   AMERICAN                                                                                                                                                                 
NLS_TERRITORY                  AMERICA                                                                                                                                                                  
NLS_CURRENCY                   $                                                                                                                                                                        
NLS_ISO_CURRENCY               AMERICA                                                                                                                                                                  
NLS_NUMERIC_CHARACTERS         .,                                                                                                                                                                       
NLS_CALENDAR                   GREGORIAN                                                                                                                                                                
NLS_DATE_FORMAT                DD-MON-RR                                                                                                                                                                
NLS_DATE_LANGUAGE              AMERICAN                                                                                                                                                                 
NLS_SORT                       BINARY                                                                                                                                                                   
NLS_TIME_FORMAT                HH.MI.SSXFF AM                                                                                                                                                           
NLS_TIMESTAMP_FORMAT           DD-MON-RR HH.MI.SSXFF AM                                                                                                                                                 
NLS_TIME_TZ_FORMAT             HH.MI.SSXFF AM TZR                                                                                                                                                       
NLS_TIMESTAMP_TZ_FORMAT        DD-MON-RR HH.MI.SSXFF AM TZR                                                                                                                                             
NLS_DUAL_CURRENCY              $                                                                                                                                                                        
NLS_COMP                       BINARY                                                                                                                                                                   
NLS_LENGTH_SEMANTICS           BYTE                                                                                                                                                                     
NLS_NCHAR_CONV_EXCP            FALSE                                                                                                                                                                    

17 rows selected.

SQL> SELECT TO_CHAR('98,765.43','99G999D99') FROM DUAL;
SELECT TO_CHAR('98,765.43','99G999D99') FROM DUAL
               *
ERROR at line 1:
ORA-01722: invalid number 


SQL> SELECT TO_NUMBER('98,765.43','99G999D99') FROM DUAL;

TO_NUMBER('98,765.43','99G999D99')                                                                                                                                                                      
----------------------------------                                                                                                                                                                      
                          98765.43                                                                                                                                                                      

SQL> SELECT TO_NUMBER('-98,765.43','S99G999D99') FROM DUAL;

TO_NUMBER('-98,765.43','S99G999D99')                                                                                                                                                                    
------------------------------------                                                                                                                                                                    
                           -98765.43                                                                                                                                                                    

SQL> SELECT TO_NUMBER('-98,765.43','S99G999D99PR') FROM DUAL;
SELECT TO_NUMBER('-98,765.43','S99G999D99PR') FROM DUAL
                              *
ERROR at line 1:
ORA-01481: invalid number format model 


SQL> SELECT TO_NUMBER('-98,765.43','99G999D99PR') FROM DUAL;
SELECT TO_NUMBER('-98,765.43','99G999D99PR') FROM DUAL
                 *
ERROR at line 1:
ORA-01722: invalid number 


SQL> SELECT TO_NUMBER('-98,765.43','99,999.99PR') FROM DUAL;
SELECT TO_NUMBER('-98,765.43','99,999.99PR') FROM DUAL
                 *
ERROR at line 1:
ORA-01722: invalid number 


SQL> SELECT TO_NUMBER('98,765.43','99,999.99PR') FROM DUAL;

TO_NUMBER('98,765.43','99,999.99PR')                                                                                                                                                                    
------------------------------------                                                                                                                                                                    
                            98765.43                                                                                                                                                                    

SQL> SELECT TO_NUMBER('-98,765.43','-99,999.99PR') FROM DUAL;
SELECT TO_NUMBER('-98,765.43','-99,999.99PR') FROM DUAL
                              *
ERROR at line 1:
ORA-01481: invalid number format model 


SQL> SELECT TO_NUMBER('-98,765.43','S99,999.99PR') FROM DUAL;
SELECT TO_NUMBER('-98,765.43','S99,999.99PR') FROM DUAL
                              *
ERROR at line 1:
ORA-01481: invalid number format model 


SQL> SELECT TO_NUMBER('-98,765.43','S99,999.99') FROM DUAL;

TO_NUMBER('-98,765.43','S99,999.99')                                                                                                                                                                    
------------------------------------                                                                                                                                                                    
                           -98765.43                                                                                                                                                                    

SQL> SELECT TO_CHAR('98765.43','99999D99PR') FROM DUAL;

TO_CHAR('9                                                                                                                                                                                              
----------                                                                                                                                                                                              
 98765.43                                                                                                                                                                                               

SQL> SELECT TO_CHAR('-98765.43','99999D99PR') FROM DUAL;

TO_CHAR('-                                                                                                                                                                                              
----------                                                                                                                                                                                              
<98765.43>                                                                                                                                                                                              

SQL> SELECT TO_CHAR('-98,765.43','99G999D99PR') FROM DUAL;
SELECT TO_CHAR('-98,765.43','99G999D99PR') FROM DUAL
               *
ERROR at line 1:
ORA-01722: invalid number 


SQL> SELECT TO_CHAR('-98,765.43','99,999D99PR') FROM DUAL;
SELECT TO_CHAR('-98,765.43','99,999D99PR') FROM DUAL
               *
ERROR at line 1:
ORA-01722: invalid number 


SQL> SELECT TO_CHAR('-98765.43','99999D99PR') FROM DUAL;

TO_CHAR('-                                                                                                                                                                                              
----------                                                                                                                                                                                              
<98765.43>                                                                                                                                                                                              

SQL> SELECT TRANSLATE(TO_CHAR('-98765.43','99999D99PR'),'<>'.'[]') FROM DUAL;
SELECT TRANSLATE(TO_CHAR('-98765.43','99999D99PR'),'<>'.'[]') FROM DUAL
       *
ERROR at line 1:
ORA-00909: invalid number of arguments 


SQL> SELECT TRANSLATE(TO_CHAR('-98765.43','99999D99PR'),'<>','[]') FROM DUAL;

TRANSLATE(TO_CHAR('-98765.43','99999D99P                                                                                                                                                                
----------------------------------------                                                                                                                                                                
[98765.43]                                                                                                                                                                                              

SQL> SELECT TO_CHAR(1,234,'9,999') FROM DUAL;
SELECT TO_CHAR(1,234,'9,999') FROM DUAL
                                   *
ERROR at line 1:
ORA-12702: invalid NLS parameter string used in SQL function 


SQL> SELECT TO_CHAR('1,234','9,999') FROM DUAL;
SELECT TO_CHAR('1,234','9,999') FROM DUAL
               *
ERROR at line 1:
ORA-01722: invalid number 


SQL> SELECT TO_CHAR('1,234','9G999') FROM DUAL;
SELECT TO_CHAR('1,234','9G999') FROM DUAL
               *
ERROR at line 1:
ORA-01722: invalid number 


SQL> SELECT -98765.43, TRANSLATE(TO_CHAR(-98765.43,'99G999D00PR'),'<>','[]') FROM DUAL;

 -98765.43 TRANSLATE(TO_CHAR(-98765.43,'99G999D00PR'),'                                                                                                                                                 
---------- --------------------------------------------                                                                                                                                                 
 -98765.43 [98,765.43]                                                                                                                                                                                  

SQL> ALTER SESSION SET NLS_SESSION_PARAMETERS = '|~';
ALTER SESSION SET NLS_SESSION_PARAMETERS = '|~'
*
ERROR at line 1:
ORA-00922: missing or invalid option 


SQL> ALTER SESSION SET NLS_NUMERIC_CHARACTERS = '|~';

Session altered.

SQL> SELECT -98765.43, TRANSLATE(TO_CHAR(-98765.43,'99G999D00PR'),'<>','[]') FROM DUAL;

 -98765.43 TRANSLATE(TO_CHAR(-98765.43,'99G999D00PR'),'                                                                                                                                                 
---------- --------------------------------------------                                                                                                                                                 
 -98765|43 [98~765|43]                                                                                                                                                                                  

SQL> SELECT -98765.43, TRANSLATE(TO_CHAR('-98765.43','99G999D00PR'),'<>','[]') FROM DUAL;
SELECT -98765.43, TRANSLATE(TO_CHAR('-98765.43','99G999D00PR'),'<>','[]') FROM DUAL
                                    *
ERROR at line 1:
ORA-01722: invalid number 


SQL> SELECT -98765.43, TRANSLATE(TO_CHAR(-98765.43,'99G999D00PR'),'<>','[]') FROM DUAL;

 -98765.43 TRANSLATE(TO_CHAR(-98765.43,'99G999D00PR'),'                                                                                                                                                 
---------- --------------------------------------------                                                                                                                                                 
 -98765|43 [98~765|43]                                                                                                                                                                                  

SQL> SELECT 98765.43, TRANSLATE(TO_CHAR(98765.43,'99G999D00PR'),'<>','[]') FROM DUAL;

  98765.43 TRANSLATE(TO_CHAR(98765.43,'99G999D00PR'),'<                                                                                                                                                 
---------- --------------------------------------------                                                                                                                                                 
  98765|43  98~765|43                                                                                                                                                                                   

SQL> SELECT SALARY , TO_CHAR(SALARY,'$99999') , TO_CHAR(SALARY,'L99999','NLS_CURRENCY=Rs.'), TO_CHAR(SALARY,'U99999','NLS_DUAL_CURRENCY=') FROM DUAL;
SELECT SALARY , TO_CHAR(SALARY,'$99999') , TO_CHAR(SALARY,'L99999','NLS_CURRENCY=Rs.'), TO_CHAR(SALARY,'U99999','NLS_DUAL_CURRENCY=') FROM DUAL
                                                                                                *
ERROR at line 1:
ORA-00904: "SALARY": invalid identifier 


SQL> SELECT SALARY , TO_CHAR(SALARY,'$99999') , TO_CHAR(SALARY,'L99999','NLS_CURRENCY=Rs.'), TO_CHAR(SALARY,'U99999','NLS_DUAL_CURRENCY=') FROM EMPLOYEES;

    SALARY TO_CHAR TO_CHAR(SALARY,' TO_CHAR(SALARY,'                                                                                                                                                    
---------- ------- ---------------- ----------------                                                                                                                                                    
     24000  $24000         Rs.24000          24000                                                                                                                                                     
     17000  $17000         Rs.17000          17000                                                                                                                                                     
     17000  $17000         Rs.17000          17000                                                                                                                                                     
      9000   $9000          Rs.9000           9000                                                                                                                                                     
      6000   $6000          Rs.6000           6000                                                                                                                                                     
      4200   $4200          Rs.4200           4200                                                                                                                                                     
      5800   $5800          Rs.5800           5800                                                                                                                                                     
      3500   $3500          Rs.3500           3500                                                                                                                                                     
      3100   $3100          Rs.3100           3100                                                                                                                                                     
      2600   $2600          Rs.2600           2600                                                                                                                                                     
      2500   $2500          Rs.2500           2500                                                                                                                                                     
     10500  $10500         Rs.10500          10500                                                                                                                                                     
     11000  $11000         Rs.11000          11000                                                                                                                                                     
      8600   $8600          Rs.8600           8600                                                                                                                                                     
      7000   $7000          Rs.7000           7000                                                                                                                                                     
      4400   $4400          Rs.4400           4400                                                                                                                                                     
     13000  $13000         Rs.13000          13000                                                                                                                                                     
      6000   $6000          Rs.6000           6000                                                                                                                                                     
     12000  $12000         Rs.12000          12000                                                                                                                                                     
      8300   $8300          Rs.8300           8300                                                                                                                                                     

20 rows selected.

SQL> SELECT SALARY , TO_CHAR(SALARY,'$99999') , TO_CHAR(SALARY,'L99G999D99','NLS_CURRENCY=Rs. NLS_NUMERIC_CHARACTERS=#^') FROM EMPLOYEES;

    SALARY TO_CHAR TO_CHAR(SALARY,'L99G                                                                                                                                                                 
---------- ------- --------------------                                                                                                                                                                 
     24000  $24000         Rs.24^000#00                                                                                                                                                                 
     17000  $17000         Rs.17^000#00                                                                                                                                                                 
     17000  $17000         Rs.17^000#00                                                                                                                                                                 
      9000   $9000          Rs.9^000#00                                                                                                                                                                 
      6000   $6000          Rs.6^000#00                                                                                                                                                                 
      4200   $4200          Rs.4^200#00                                                                                                                                                                 
      5800   $5800          Rs.5^800#00                                                                                                                                                                 
      3500   $3500          Rs.3^500#00                                                                                                                                                                 
      3100   $3100          Rs.3^100#00                                                                                                                                                                 
      2600   $2600          Rs.2^600#00                                                                                                                                                                 
      2500   $2500          Rs.2^500#00                                                                                                                                                                 
     10500  $10500         Rs.10^500#00                                                                                                                                                                 
     11000  $11000         Rs.11^000#00                                                                                                                                                                 
      8600   $8600          Rs.8^600#00                                                                                                                                                                 
      7000   $7000          Rs.7^000#00                                                                                                                                                                 
      4400   $4400          Rs.4^400#00                                                                                                                                                                 
     13000  $13000         Rs.13^000#00                                                                                                                                                                 
      6000   $6000          Rs.6^000#00                                                                                                                                                                 
     12000  $12000         Rs.12^000#00                                                                                                                                                                 
      8300   $8300          Rs.8^300#00                                                                                                                                                                 

20 rows selected.

SQL> SELECT SALARY , TO_CHAR(SALARY,'$99999') , TO_CHAR(SALARY/72,'L99G999D99','NLS_CURRENCY=$ NLS_NUMERIC_CHARACTERS=#^') FROM EMPLOYEES;

    SALARY TO_CHAR TO_CHAR(SALARY/72,'L                                                                                                                                                                 
---------- ------- --------------------                                                                                                                                                                 
     24000  $24000              $333#33                                                                                                                                                                 
     17000  $17000              $236#11                                                                                                                                                                 
     17000  $17000              $236#11                                                                                                                                                                 
      9000   $9000              $125#00                                                                                                                                                                 
      6000   $6000               $83#33                                                                                                                                                                 
      4200   $4200               $58#33                                                                                                                                                                 
      5800   $5800               $80#56                                                                                                                                                                 
      3500   $3500               $48#61                                                                                                                                                                 
      3100   $3100               $43#06                                                                                                                                                                 
      2600   $2600               $36#11                                                                                                                                                                 
      2500   $2500               $34#72                                                                                                                                                                 
     10500  $10500              $145#83                                                                                                                                                                 
     11000  $11000              $152#78                                                                                                                                                                 
      8600   $8600              $119#44                                                                                                                                                                 
      7000   $7000               $97#22                                                                                                                                                                 
      4400   $4400               $61#11                                                                                                                                                                 
     13000  $13000              $180#56                                                                                                                                                                 
      6000   $6000               $83#33                                                                                                                                                                 
     12000  $12000              $166#67                                                                                                                                                                 
      8300   $8300              $115#28                                                                                                                                                                 

20 rows selected.

SQL> REM TO_CHAR : TO DISPLAY DATE VALUES IN USER-DEFINED/NON-DEFAULT FORMATS
SQL> 
SQL> REM LIST OF VALID DATE FORMAT CHARACTERS : D DD DDD DY DAY dy day Dy Day
SQL> 
SQL> REM LIST OF VALID DATE FORMAT CHARACTERS : MM RM Rm rm MON MONTH mon month Mon Month
SQL> 
SQL> REM LIST OF VALID DATE FORMAT CHARACTERS : Y YY YYY YYYY RR RRRR YEAR
SQL> 
SQL> REM LIST OF VALID DATE FORMAT CHARACTERS : SP TH FM FX
SQL> 
SQL> REM LIST OF VALID DATE FORMAT CHARACTERS : W WW Q J
SQL> 
SQL> REM LIST OF VALID DATE FORMAT CHARACTERS : HH HH12 HH24 MI SS SSSSS
SQL> 
SQL> REM LIST OF VALID DATE FORMAT CHARACTERS : AM PM am pm Am Pm A.M. P.M. a.m. p.m.
SQL> 
SQL> 
SQL> ALTER SESSION SET NLS_DATE_FORMAT = 'DD-MON-RR HH:MI.SS AM DAY';

Session altered.

SQL> 
SQL> SELECT SYSDATE FROM DUAL;

SYSDATE                                                                                                                                                                                                 
-------------------------------                                                                                                                                                                         
22-OCT-22 10:36.44 AM SATURDAY                                                                                                                                                                          

SQL> SELECT SYSDATE , TO_CHAR(SYSDATE , 'D DD DDD DY DAY dy day Dy Day') FROM DUAL;

SYSDATE                         TO_CHAR(SYSDATE,'DDDDDDDYDAYDYDAYDYDAY')                                                                                                                                
------------------------------- --------------------------------------------------------------------------------------------------------------------------------------------------------------          
22-OCT-22 10:37.50 AM SATURDAY  7 22 295 SAT SATURDAY  sat saturday  Sat Saturday                                                                                                                       

SQL> REM WEDNESDAY : 9 CHARACTERS
SQL> 
SQL> SELECT SYSDATE , TO_CHAR(SYSDATE , 'MM RM Rm rm MON MONTH mon month Mon Month') FROM DUAL;

SYSDATE                         TO_CHAR(SYSDATE,'MMRMRMRMMONMONTHMONMONTHMONMONTH')                                                                                                                     
------------------------------- ----------------------------------------------------------------------------------------------------------------------------------------------------------------------- 
22-OCT-22 10:39.57 AM SATURDAY  10 X    X    x    OCT OCTOBER   oct october   Oct October                                                                                                               

SQL> REM SEPTEMBER = 9 CHARACTERS
SQL> 
SQL> SELECT SYSDATE , TO_CHAR(SYSDATE , 'MONTH month Month mONTH MoNtH MOnth mOnTh') FROM DUAL;

SYSDATE                                                                                                                                                                                                 
-------------------------------                                                                                                                                                                         
TO_CHAR(SYSDATE,'MONTHMONTHMONTHMONTHMONTHMONTHMONTH')                                                                                                                                                  
--------------------------------------------------------------------------------------------------------------------------------------------------------------------------------------------------------
22-OCT-22 10:41.43 AM SATURDAY                                                                                                                                                                          
OCTOBER   october   October   october   October   OCTOBER   october                                                                                                                                     
                                                                                                                                                                                                        

SQL> SELECT SYSDATE , TO_CHAR(SYSDATE , 'Y YY YYY YYYY RR RRRR YEAR') FROM DUAL;

SYSDATE                         TO_CHAR(SYSDATE,'YYYYYYYYYYRRRRRRYEAR')                                                                                                                                 
------------------------------- ----------------------------------------------------------------                                                                                                        
22-OCT-22 10:42.40 AM SATURDAY  2 22 022 2022 22 2022 TWENTY TWENTY-TWO                                                                                                                                 

SQL> SELECT SYSDATE , TO_CHAR(ADD_MONTHS(SYSDATE,-13*12) , 'Y YY YYY YYYY RR RRRR YEAR') FROM DUAL;

SYSDATE                         TO_CHAR(ADD_MONTHS(SYSDATE,-13*12),'YYYYYYYYYYRRRRRRYEAR')                                                                                                              
------------------------------- ----------------------------------------------------------------                                                                                                        
22-OCT-22 10:44.10 AM SATURDAY  9 09 009 2009 09 2009 TWO THOUSAND NINE                                                                                                                                 

SQL> SELECT SYSDATE , TO_CHAR(ADD_MONTHS(SYSDATE,-12*12) , 'Y YY YYY YYYY RR RRRR YEAR') FROM DUAL;

SYSDATE                         TO_CHAR(ADD_MONTHS(SYSDATE,-12*12),'YYYYYYYYYYRRRRRRYEAR')                                                                                                              
------------------------------- ----------------------------------------------------------------                                                                                                        
22-OCT-22 10:44.17 AM SATURDAY  0 10 010 2010 10 2010 TWENTY TEN                                                                                                                                        

SQL> SELECT SYSDATE , TO_CHAR(SYSDATE , 'DD DDTH DDSP DDSPTH DDTHSP DdSPth') FROM DUAL;

SYSDATE                         TO_CHAR(SYSDATE,'DDDDTHDDSPDDSPTHDDTHSPDDSPTH')                                                                                                                         
------------------------------- -----------------------------------------------------------------                                                                                                       
22-OCT-22 10:45.00 AM SATURDAY  22 22ND TWENTY-TWO TWENTY-SECOND TWENTY-SECOND Twenty-Second                                                                                                            

SQL> SELECT SYSDATE , TO_CHAR(SYSDATE , 'DD-MONTH-RRRR HH:MI.SS AM') FROM DUAL;

SYSDATE                         TO_CHAR(SYSDATE,'DD-MONTH-RRRRHH:MI.SSAM')                                                                                                                              
------------------------------- --------------------------------------------------------                                                                                                                
22-OCT-22 10:47.59 AM SATURDAY  22-OCTOBER  -2022 10:47.59 AM                                                                                                                                           

SQL> SELECT SYSDATE , TO_CHAR(SYSDATE , 'DD-MONTH-RRRR HH:MI.SS AM') FROM DUAL;

SYSDATE                         TO_CHAR(SYSDATE,'DD-MONTH-RRRRHH:MI.SSAM')                                                                                                                              
------------------------------- --------------------------------------------------------                                                                                                                
22-OCT-22 10:48.08 AM SATURDAY  22-OCTOBER  -2022 10:48.08 AM                                                                                                                                           

SQL> SELECT SYSDATE , TO_CHAR(SYSDATE , 'FMDD-MONTH-RRRR HH:MI.SS AM') FROM DUAL;

SYSDATE                         TO_CHAR(SYSDATE,'FMDD-MONTH-RRRRHH:MI.SSAM')                                                                                                                            
------------------------------- --------------------------------------------------------                                                                                                                
22-OCT-22 10:48.23 AM SATURDAY  22-OCTOBER-2022 10:48.23 AM                                                                                                                                             

SQL> SELECT SYSDATE , TO_CHAR(SYSDATE , 'FMDD-MONTH-RRRR HH:MI.SS AM') FROM DUAL;

SYSDATE                         TO_CHAR(SYSDATE,'FMDD-MONTH-RRRRHH:MI.SSAM')                                                                                                                            
------------------------------- --------------------------------------------------------                                                                                                                
22-OCT-22 10:49.03 AM SATURDAY  22-OCTOBER-2022 10:49.3 AM                                                                                                                                              

SQL> SELECT SYSDATE , TO_CHAR(SYSDATE , 'FMDD-MONTH-RRRR FMHH:MI.SS AM') FROM DUAL;

SYSDATE                         TO_CHAR(SYSDATE,'FMDD-MONTH-RRRRFMHH:MI.SSAM')                                                                                                                          
------------------------------- --------------------------------------------------------                                                                                                                
22-OCT-22 10:49.09 AM SATURDAY  22-OCTOBER-2022 10:49.09 AM                                                                                                                                             

SQL> REM FM : FILLMODE
SQL> 
SQL> REM FX : FORMAT EXACT/FIXED FORMAT
SQL> 
SQL> SELECT FIRST_NAME , HIRE_DATE FROM EMPLOYEES WHERE HIRE_DATE < '01-JAN-95';
SELECT FIRST_NAME , HIRE_DATE FROM EMPLOYEES WHERE HIRE_DATE < '01-JAN-95'
                                                               *
ERROR at line 1:
ORA-01840: input value not long enough for date format 


SQL> CONN SCOTT/TIGER
Connected.
SQL> SELECT FIRST_NAME , HIRE_DATE FROM EMPLOYEES WHERE HIRE_DATE < '01-JAN-95';

FIRST_NAME HIRE_DATE                                                                                                                                                                                    
---------- ---------                                                                                                                                                                                    
Steven     17-JUL-87                                                                                                                                                                                    
Neena      21-SEP-89                                                                                                                                                                                    
Lex        13-JAN-93                                                                                                                                                                                    
Alexander  03-JAN-90                                                                                                                                                                                    
Bruce      21-MAY-91                                                                                                                                                                                    
Jennifer   17-SEP-87                                                                                                                                                                                    
Shelley    07-JUN-94                                                                                                                                                                                    
William    07-JUN-94                                                                                                                                                                                    

8 rows selected.

SQL> SELECT FIRST_NAME , HIRE_DATE FROM EMPLOYEES WHERE HIRE_DATE < '01-JAN-95' ORDER BY 2;

FIRST_NAME HIRE_DATE                                                                                                                                                                                    
---------- ---------                                                                                                                                                                                    
Steven     17-JUL-87                                                                                                                                                                                    
Jennifer   17-SEP-87                                                                                                                                                                                    
Neena      21-SEP-89                                                                                                                                                                                    
Alexander  03-JAN-90                                                                                                                                                                                    
Bruce      21-MAY-91                                                                                                                                                                                    
Lex        13-JAN-93                                                                                                                                                                                    
Shelley    07-JUN-94                                                                                                                                                                                    
William    07-JUN-94                                                                                                                                                                                    

8 rows selected.

SQL> SELECT FIRST_NAME , HIRE_DATE FROM EMPLOYEES WHERE HIRE_DATE < '01-JANUARY-95' ORDER BY 2;

FIRST_NAME HIRE_DATE                                                                                                                                                                                    
---------- ---------                                                                                                                                                                                    
Steven     17-JUL-87                                                                                                                                                                                    
Jennifer   17-SEP-87                                                                                                                                                                                    
Neena      21-SEP-89                                                                                                                                                                                    
Alexander  03-JAN-90                                                                                                                                                                                    
Bruce      21-MAY-91                                                                                                                                                                                    
Lex        13-JAN-93                                                                                                                                                                                    
Shelley    07-JUN-94                                                                                                                                                                                    
William    07-JUN-94                                                                                                                                                                                    

8 rows selected.

SQL> SELECT FIRST_NAME , HIRE_DATE FROM EMPLOYEES WHERE HIRE_DATE < '01-JANUARY-1995' ORDER BY 2;

FIRST_NAME HIRE_DATE                                                                                                                                                                                    
---------- ---------                                                                                                                                                                                    
Steven     17-JUL-87                                                                                                                                                                                    
Jennifer   17-SEP-87                                                                                                                                                                                    
Neena      21-SEP-89                                                                                                                                                                                    
Alexander  03-JAN-90                                                                                                                                                                                    
Bruce      21-MAY-91                                                                                                                                                                                    
Lex        13-JAN-93                                                                                                                                                                                    
Shelley    07-JUN-94                                                                                                                                                                                    
William    07-JUN-94                                                                                                                                                                                    

8 rows selected.

SQL> SELECT FIRST_NAME , HIRE_DATE FROM EMPLOYEES WHERE HIRE_DATE < '1-JANUARY-1995' ORDER BY 2;

FIRST_NAME HIRE_DATE                                                                                                                                                                                    
---------- ---------                                                                                                                                                                                    
Steven     17-JUL-87                                                                                                                                                                                    
Jennifer   17-SEP-87                                                                                                                                                                                    
Neena      21-SEP-89                                                                                                                                                                                    
Alexander  03-JAN-90                                                                                                                                                                                    
Bruce      21-MAY-91                                                                                                                                                                                    
Lex        13-JAN-93                                                                                                                                                                                    
Shelley    07-JUN-94                                                                                                                                                                                    
William    07-JUN-94                                                                                                                                                                                    

8 rows selected.

SQL> SELECT FIRST_NAME , HIRE_DATE FROM EMPLOYEES WHERE HIRE_DATE < '1/JANUARY-1995' ORDER BY 2;

FIRST_NAME HIRE_DATE                                                                                                                                                                                    
---------- ---------                                                                                                                                                                                    
Steven     17-JUL-87                                                                                                                                                                                    
Jennifer   17-SEP-87                                                                                                                                                                                    
Neena      21-SEP-89                                                                                                                                                                                    
Alexander  03-JAN-90                                                                                                                                                                                    
Bruce      21-MAY-91                                                                                                                                                                                    
Lex        13-JAN-93                                                                                                                                                                                    
Shelley    07-JUN-94                                                                                                                                                                                    
William    07-JUN-94                                                                                                                                                                                    

8 rows selected.

SQL> SELECT FIRST_NAME , HIRE_DATE FROM EMPLOYEES WHERE HIRE_DATE < '1/JANUARY1995' ORDER BY 2;

FIRST_NAME HIRE_DATE                                                                                                                                                                                    
---------- ---------                                                                                                                                                                                    
Steven     17-JUL-87                                                                                                                                                                                    
Jennifer   17-SEP-87                                                                                                                                                                                    
Neena      21-SEP-89                                                                                                                                                                                    
Alexander  03-JAN-90                                                                                                                                                                                    
Bruce      21-MAY-91                                                                                                                                                                                    
Lex        13-JAN-93                                                                                                                                                                                    
Shelley    07-JUN-94                                                                                                                                                                                    
William    07-JUN-94                                                                                                                                                                                    

8 rows selected.

SQL> SELECT FIRST_NAME , HIRE_DATE FROM EMPLOYEES WHERE HIRE_DATE < '1JANUARY1995' ORDER BY 2;

FIRST_NAME HIRE_DATE                                                                                                                                                                                    
---------- ---------                                                                                                                                                                                    
Steven     17-JUL-87                                                                                                                                                                                    
Jennifer   17-SEP-87                                                                                                                                                                                    
Neena      21-SEP-89                                                                                                                                                                                    
Alexander  03-JAN-90                                                                                                                                                                                    
Bruce      21-MAY-91                                                                                                                                                                                    
Lex        13-JAN-93                                                                                                                                                                                    
Shelley    07-JUN-94                                                                                                                                                                                    
William    07-JUN-94                                                                                                                                                                                    

8 rows selected.

SQL> SELECT FIRST_NAME , HIRE_DATE FROM EMPLOYEES WHERE HIRE_DATE < '1-1-1995' ORDER BY 2;
SELECT FIRST_NAME , HIRE_DATE FROM EMPLOYEES WHERE HIRE_DATE < '1-1-1995' ORDER BY 2
                                                               *
ERROR at line 1:
ORA-01843: not a valid month 


SQL> SELECT FIRST_NAME , HIRE_DATE FROM EMPLOYEES WHERE HIRE_DATE < TO_DATE('1-1-1995','DD-MM-RRRR') ORDER BY 2;

FIRST_NAME HIRE_DATE                                                                                                                                                                                    
---------- ---------                                                                                                                                                                                    
Steven     17-JUL-87                                                                                                                                                                                    
Jennifer   17-SEP-87                                                                                                                                                                                    
Neena      21-SEP-89                                                                                                                                                                                    
Alexander  03-JAN-90                                                                                                                                                                                    
Bruce      21-MAY-91                                                                                                                                                                                    
Lex        13-JAN-93                                                                                                                                                                                    
Shelley    07-JUN-94                                                                                                                                                                                    
William    07-JUN-94                                                                                                                                                                                    

8 rows selected.

SQL> SELECT FIRST_NAME , HIRE_DATE FROM EMPLOYEES WHERE HIRE_DATE < TO_DATE('1-1-95','DD-MM-RR') ORDER BY 2;

FIRST_NAME HIRE_DATE                                                                                                                                                                                    
---------- ---------                                                                                                                                                                                    
Steven     17-JUL-87                                                                                                                                                                                    
Jennifer   17-SEP-87                                                                                                                                                                                    
Neena      21-SEP-89                                                                                                                                                                                    
Alexander  03-JAN-90                                                                                                                                                                                    
Bruce      21-MAY-91                                                                                                                                                                                    
Lex        13-JAN-93                                                                                                                                                                                    
Shelley    07-JUN-94                                                                                                                                                                                    
William    07-JUN-94                                                                                                                                                                                    

8 rows selected.

SQL> SELECT FIRST_NAME , HIRE_DATE FROM EMPLOYEES WHERE HIRE_DATE < TO_DATE('1-1-95','DD-MM-YY') ORDER BY 2;

FIRST_NAME HIRE_DATE                                                                                                                                                                                    
---------- ---------                                                                                                                                                                                    
Steven     17-JUL-87                                                                                                                                                                                    
Jennifer   17-SEP-87                                                                                                                                                                                    
Neena      21-SEP-89                                                                                                                                                                                    
Alexander  03-JAN-90                                                                                                                                                                                    
Bruce      21-MAY-91                                                                                                                                                                                    
Lex        13-JAN-93                                                                                                                                                                                    
Shelley    07-JUN-94                                                                                                                                                                                    
William    07-JUN-94                                                                                                                                                                                    
Trenna     17-OCT-95                                                                                                                                                                                    
Michael    17-FEB-96                                                                                                                                                                                    
Ellen      11-MAY-96                                                                                                                                                                                    
Curtis     29-JAN-97                                                                                                                                                                                    
Pat        17-AUG-97                                                                                                                                                                                    
Randall    15-MAR-98                                                                                                                                                                                    
Jonathon   24-MAR-98                                                                                                                                                                                    
Peter      09-JUL-98                                                                                                                                                                                    
Diana      07-FEB-99                                                                                                                                                                                    
Kimerely   24-MAY-99                                                                                                                                                                                    
Kevin      16-NOV-99                                                                                                                                                                                    
Eleni      29-JAN-00                                                                                                                                                                                    

20 rows selected.

SQL> SELECT FIRST_NAME , HIRE_DATE FROM EMPLOYEES WHERE HIRE_DATE < TO_DATE('1-1-95','DD-MM-YYYY') ORDER BY 2;

no rows selected

SQL> SELECT FIRST_NAME , HIRE_DATE FROM EMPLOYEES WHERE HIRE_DATE < TO_DATE('1-1-1995','DD-MM-YYYY') ORDER BY 2;

FIRST_NAME HIRE_DATE                                                                                                                                                                                    
---------- ---------                                                                                                                                                                                    
Steven     17-JUL-87                                                                                                                                                                                    
Jennifer   17-SEP-87                                                                                                                                                                                    
Neena      21-SEP-89                                                                                                                                                                                    
Alexander  03-JAN-90                                                                                                                                                                                    
Bruce      21-MAY-91                                                                                                                                                                                    
Lex        13-JAN-93                                                                                                                                                                                    
Shelley    07-JUN-94                                                                                                                                                                                    
William    07-JUN-94                                                                                                                                                                                    

8 rows selected.

SQL> SELECT FIRST_NAME , HIRE_DATE FROM EMPLOYEES WHERE HIRE_DATE < TO_DATE('1-1-1995','DD-MM-YY') ORDER BY 2;

FIRST_NAME HIRE_DATE                                                                                                                                                                                    
---------- ---------                                                                                                                                                                                    
Steven     17-JUL-87                                                                                                                                                                                    
Jennifer   17-SEP-87                                                                                                                                                                                    
Neena      21-SEP-89                                                                                                                                                                                    
Alexander  03-JAN-90                                                                                                                                                                                    
Bruce      21-MAY-91                                                                                                                                                                                    
Lex        13-JAN-93                                                                                                                                                                                    
Shelley    07-JUN-94                                                                                                                                                                                    
William    07-JUN-94                                                                                                                                                                                    

8 rows selected.

SQL> SELECT FIRST_NAME , HIRE_DATE FROM EMPLOYEES WHERE HIRE_DATE < TO_DATE('1-1-1995','FXDD-MM-YY') ORDER BY 2;
SELECT FIRST_NAME , HIRE_DATE FROM EMPLOYEES WHERE HIRE_DATE < TO_DATE('1-1-1995','FXDD-MM-YY') ORDER BY 2
                                                                       *
ERROR at line 1:
ORA-01862: the numeric value does not match the length of the format item 


SQL> SELECT FIRST_NAME , HIRE_DATE FROM EMPLOYEES WHERE HIRE_DATE < TO_DATE('1-1-1995','FXDD-MM-YYYY') ORDER BY 2;
SELECT FIRST_NAME , HIRE_DATE FROM EMPLOYEES WHERE HIRE_DATE < TO_DATE('1-1-1995','FXDD-MM-YYYY') ORDER BY 2
                                                                       *
ERROR at line 1:
ORA-01862: the numeric value does not match the length of the format item 


SQL> SELECT FIRST_NAME , HIRE_DATE FROM EMPLOYEES WHERE HIRE_DATE < TO_DATE('1-1-1995','FXD-M-YYYY') ORDER BY 2;
SELECT FIRST_NAME , HIRE_DATE FROM EMPLOYEES WHERE HIRE_DATE < TO_DATE('1-1-1995','FXD-M-YYYY') ORDER BY 2
                                                                                  *
ERROR at line 1:
ORA-01821: date format not recognized 


SQL> SELECT FIRST_NAME , HIRE_DATE FROM EMPLOYEES WHERE HIRE_DATE < TO_DATE('01-01-1995','FXDD-MM-YYYY') ORDER BY 2;

FIRST_NAME HIRE_DATE                                                                                                                                                                                    
---------- ---------                                                                                                                                                                                    
Steven     17-JUL-87                                                                                                                                                                                    
Jennifer   17-SEP-87                                                                                                                                                                                    
Neena      21-SEP-89                                                                                                                                                                                    
Alexander  03-JAN-90                                                                                                                                                                                    
Bruce      21-MAY-91                                                                                                                                                                                    
Lex        13-JAN-93                                                                                                                                                                                    
Shelley    07-JUN-94                                                                                                                                                                                    
William    07-JUN-94                                                                                                                                                                                    

8 rows selected.

SQL> SELECT FIRST_NAME , HIRE_DATE FROM EMPLOYEES WHERE HIRE_DATE > TO_DATE('1-1-95','DD-MM-YYYY') ORDER BY 2;

FIRST_NAME HIRE_DATE                                                                                                                                                                                    
---------- ---------                                                                                                                                                                                    
Steven     17-JUL-87                                                                                                                                                                                    
Jennifer   17-SEP-87                                                                                                                                                                                    
Neena      21-SEP-89                                                                                                                                                                                    
Alexander  03-JAN-90                                                                                                                                                                                    
Bruce      21-MAY-91                                                                                                                                                                                    
Lex        13-JAN-93                                                                                                                                                                                    
Shelley    07-JUN-94                                                                                                                                                                                    
William    07-JUN-94                                                                                                                                                                                    
Trenna     17-OCT-95                                                                                                                                                                                    
Michael    17-FEB-96                                                                                                                                                                                    
Ellen      11-MAY-96                                                                                                                                                                                    
Curtis     29-JAN-97                                                                                                                                                                                    
Pat        17-AUG-97                                                                                                                                                                                    
Randall    15-MAR-98                                                                                                                                                                                    
Jonathon   24-MAR-98                                                                                                                                                                                    
Peter      09-JUL-98                                                                                                                                                                                    
Diana      07-FEB-99                                                                                                                                                                                    
Kimerely   24-MAY-99                                                                                                                                                                                    
Kevin      16-NOV-99                                                                                                                                                                                    
Eleni      29-JAN-00                                                                                                                                                                                    

20 rows selected.

SQL> SELECT FIRST_NAME , HIRE_DATE FROM EMPLOYEES WHERE HIRE_DATE > TO_DATE('1-1-195','DD-MM-YYYY') ORDER BY 2;

FIRST_NAME HIRE_DATE                                                                                                                                                                                    
---------- ---------                                                                                                                                                                                    
Steven     17-JUL-87                                                                                                                                                                                    
Jennifer   17-SEP-87                                                                                                                                                                                    
Neena      21-SEP-89                                                                                                                                                                                    
Alexander  03-JAN-90                                                                                                                                                                                    
Bruce      21-MAY-91                                                                                                                                                                                    
Lex        13-JAN-93                                                                                                                                                                                    
Shelley    07-JUN-94                                                                                                                                                                                    
William    07-JUN-94                                                                                                                                                                                    
Trenna     17-OCT-95                                                                                                                                                                                    
Michael    17-FEB-96                                                                                                                                                                                    
Ellen      11-MAY-96                                                                                                                                                                                    
Curtis     29-JAN-97                                                                                                                                                                                    
Pat        17-AUG-97                                                                                                                                                                                    
Randall    15-MAR-98                                                                                                                                                                                    
Jonathon   24-MAR-98                                                                                                                                                                                    
Peter      09-JUL-98                                                                                                                                                                                    
Diana      07-FEB-99                                                                                                                                                                                    
Kimerely   24-MAY-99                                                                                                                                                                                    
Kevin      16-NOV-99                                                                                                                                                                                    
Eleni      29-JAN-00                                                                                                                                                                                    

20 rows selected.

SQL> SELECT FIRST_NAME , HIRE_DATE FROM EMPLOYEES WHERE HIRE_DATE > TO_DATE('1-1-1986','DD-MM-YYYY') ORDER BY 2;

FIRST_NAME HIRE_DATE                                                                                                                                                                                    
---------- ---------                                                                                                                                                                                    
Steven     17-JUL-87                                                                                                                                                                                    
Jennifer   17-SEP-87                                                                                                                                                                                    
Neena      21-SEP-89                                                                                                                                                                                    
Alexander  03-JAN-90                                                                                                                                                                                    
Bruce      21-MAY-91                                                                                                                                                                                    
Lex        13-JAN-93                                                                                                                                                                                    
Shelley    07-JUN-94                                                                                                                                                                                    
William    07-JUN-94                                                                                                                                                                                    
Trenna     17-OCT-95                                                                                                                                                                                    
Michael    17-FEB-96                                                                                                                                                                                    
Ellen      11-MAY-96                                                                                                                                                                                    
Curtis     29-JAN-97                                                                                                                                                                                    
Pat        17-AUG-97                                                                                                                                                                                    
Randall    15-MAR-98                                                                                                                                                                                    
Jonathon   24-MAR-98                                                                                                                                                                                    
Peter      09-JUL-98                                                                                                                                                                                    
Diana      07-FEB-99                                                                                                                                                                                    
Kimerely   24-MAY-99                                                                                                                                                                                    
Kevin      16-NOV-99                                                                                                                                                                                    
Eleni      29-JAN-00                                                                                                                                                                                    

20 rows selected.

SQL> SELECT SYSDATE , TO_CHAR(SYSDATE , 'W WW Q J') FROM DUAL;

SYSDATE   TO_CHAR(SYSDAT                                                                                                                                                                                
--------- --------------                                                                                                                                                                                
22-OCT-22 4 43 4 2459875                                                                                                                                                                                

SQL> REM J = JULIAN
SQL> 
SQL> REM 2022 : AFTER DEATH OF CHRIST
SQL> 
SQL> REM JULIAN DATE : 01-JAN-4712BC  (BEFORE CHRIST)
SQL> 
SQL> SELECT SYSDATE-1 , TO_CHAR(SYSDATE-1 , 'W WW Q J') FROM DUAL;

SYSDATE-1 TO_CHAR(SYSDAT                                                                                                                                                                                
--------- --------------                                                                                                                                                                                
21-OCT-22 3 42 4 2459874                                                                                                                                                                                

SQL> SELECT TO_CHAR(TO_DATE('1','J'),'JSP') FROM DUAL;

TO_                                                                                                                                                                                                     
---                                                                                                                                                                                                     
ONE                                                                                                                                                                                                     

SQL> SELECT TO_CHAR(TO_DATE('12','J'),'JSP') FROM DUAL;

TO_CHA                                                                                                                                                                                                  
------                                                                                                                                                                                                  
TWELVE                                                                                                                                                                                                  

SQL> SELECT TO_CHAR(TO_DATE('123','J'),'JSP') FROM DUAL;

TO_CHAR(TO_DATE('123','J                                                                                                                                                                                
------------------------                                                                                                                                                                                
ONE HUNDRED TWENTY-THREE                                                                                                                                                                                

SQL> SELECT TO_CHAR(TO_DATE('1234','J'),'JSP') FROM DUAL;

TO_CHAR(TO_DATE('1234','J'),'JSP')                                                                                                                                                                      
------------------------------------                                                                                                                                                                    
ONE THOUSAND TWO HUNDRED THIRTY-FOUR                                                                                                                                                                    

SQL> SELECT TO_CHAR(TO_DATE('12345','J'),'JSP') FROM DUAL;

TO_CHAR(TO_DATE('12345','J'),'JSP')                                                                                                                                                                     
----------------------------------------                                                                                                                                                                
TWELVE THOUSAND THREE HUNDRED FORTY-FIVE                                                                                                                                                                

SQL> SELECT TO_CHAR(TO_DATE('123456','J'),'JSP') FROM DUAL;

TO_CHAR(TO_DATE('123456','J'),'JSP')                                                                                                                                                                    
--------------------------------------------------------                                                                                                                                                
ONE HUNDRED TWENTY-THREE THOUSAND FOUR HUNDRED FIFTY-SIX                                                                                                                                                

SQL> SELECT TO_CHAR(TO_DATE('1234567','J'),'JSP') FROM DUAL;

TO_CHAR(TO_DATE('1234567','J'),'JSP')                                                                                                                                                                   
---------------------------------------------------------------------                                                                                                                                   
ONE MILLION TWO HUNDRED THIRTY-FOUR THOUSAND FIVE HUNDRED SIXTY-SEVEN                                                                                                                                   

SQL> SELECT TO_CHAR(TO_DATE('12345678','J'),'JSP') FROM DUAL;
SELECT TO_CHAR(TO_DATE('12345678','J'),'JSP') FROM DUAL
                       *
ERROR at line 1:
ORA-01830: date format picture ends before converting entire input string 


SQL> REM DATE RANGE : 01-JAN-4712BC TO 31-DEC-9999AD
SQL> 
SQL> 
SQL> REM AD : ANNOE DOMONIE
SQL> 
SQL> SELECT SYSDATE , TO_CHAR(SYSDATE , 'HH HH12 HH24 MI SS SSSSS') FROM DUAL;

SYSDATE   TO_CHAR(SYSDATE,'HHH                                                                                                                                                                          
--------- --------------------                                                                                                                                                                          
22-OCT-22 11 11 11 03 25 39805                                                                                                                                                                          

SQL> REM 1 DAY = 86400 SECONDS
SQL> 
SQL> SELECT SYSDATE , TO_CHAR(SYSDATE , 'HH HH12 HH24 MI SS SSSSS') FROM DUAL;

SYSDATE   TO_CHAR(SYSDATE,'HHH                                                                                                                                                                          
--------- --------------------                                                                                                                                                                          
22-OCT-22 11 11 11 04 12 39852                                                                                                                                                                          

SQL> SELECT SYSDATE + (4/24), TO_CHAR(SYSDATE + (4/24), 'HH HH12 HH24 MI SS SSSSS') FROM DUAL;

SYSDATE+( TO_CHAR(SYSDATE+(4/2                                                                                                                                                                          
--------- --------------------                                                                                                                                                                          
22-OCT-22 03 03 15 04 36 54276                                                                                                                                                                          

SQL> SELECT SYSDATE , TO_CHAR(SYSDATE , 'AM PM am pm Am Pm A.M. P.M. a.m. p.m.') FROM DUAL;

SYSDATE   TO_CHAR(SYSDATE,'AMPMAMPMAMPMA.M.P.M.                                                                                                                                                         
--------- -------------------------------------                                                                                                                                                         
22-OCT-22 AM AM am am Am Am A.M. A.M. a.m. a.m.                                                                                                                                                         

SQL> SPOOL OFF
