SQL> 
SQL> REM 4 CONVERSION 5 GENERAL
SQL> 
SQL> REM TYPES OF GENERAL FUNCTIONS : 1 NULL RELATED FUNCTIONS 2 CONDITIONAL FUNCTIONS
SQL> 
SQL> REM LIST OF NULL RELATED FUNCTIONS : 1 NVL 2 NVL2 3 NULLIF 4 COALESCE
SQL> 
SQL> REM NVL : IS USED TO REPLACE NULL VALUE WITH ANOTHER VALUE
SQL> 
SQL> REM IT ACCEPTS TWO ARGUMENTS
SQL> 
SQL> REM BOTH ARGUMENTS ARE MANDATORY
SQL> 
SQL> REM DATA TYPES OF BOTH ARGUMENTS MUST MATCH
SQL> 
SQL> 
SQL> 
SQL> REM COMPANY DECIDED TO GIVE 12% INCREMENT TO THOSE WHO DON'T GET COMMISSION.
SQL> 
SQL> SELECT FIRST_NAME , COMMISSION_PCT , NVL(COMMISSION_PCT,.12) NEW_COMM_PCT FROM EMPLOYEES;

FIRST_NAME COMMISSION_PCT NEW_COMM_PCT                                                                                                                                                                  
---------- -------------- ------------                                                                                                                                                                  
Steven                             .12                                                                                                                                                                  
Neena                              .12                                                                                                                                                                  
Lex                                .12                                                                                                                                                                  
Alexander                          .12                                                                                                                                                                  
Bruce                              .12                                                                                                                                                                  
Diana                              .12                                                                                                                                                                  
Kevin                              .12                                                                                                                                                                  
Trenna                             .12                                                                                                                                                                  
Curtis                             .12                                                                                                                                                                  
Randall                            .12                                                                                                                                                                  
Peter                              .12                                                                                                                                                                  
Eleni                  .2           .2                                                                                                                                                                  
Ellen                  .3           .3                                                                                                                                                                  
Jonathon               .3           .3                                                                                                                                                                  
Kimerely              .15          .15                                                                                                                                                                  
Jennifer                           .12                                                                                                                                                                  
Michael                            .12                                                                                                                                                                  
Pat                                .12                                                                                                                                                                  
Shelley                            .12                                                                                                                                                                  
William                            .12                                                                                                                                                                  

20 rows selected.

SQL> REM DISPLAY 'NO' FOR THEM WHO DOESN'T GET COMMISSION.
SQL> 
SQL> SELECT FIRST_NAME , COMMISSION_PCT , NVL(COMMISSION_PCT,NO) NEW_COMM_PCT FROM EMPLOYEES;
SELECT FIRST_NAME , COMMISSION_PCT , NVL(COMMISSION_PCT,NO) NEW_COMM_PCT FROM EMPLOYEES
                                                        *
ERROR at line 1:
ORA-00904: "NO": invalid identifier 


SQL> SELECT FIRST_NAME , COMMISSION_PCT , NVL(COMMISSION_PCT,'NO') NEW_COMM_PCT FROM EMPLOYEES;
SELECT FIRST_NAME , COMMISSION_PCT , NVL(COMMISSION_PCT,'NO') NEW_COMM_PCT FROM EMPLOYEES
                                                        *
ERROR at line 1:
ORA-01722: invalid number 


SQL> SELECT FIRST_NAME , COMMISSION_PCT , NVL(TO_CHAR(COMMISSION_PCT),'NO') NEW_COMM_PCT FROM EMPLOYEES;

FIRST_NAME COMMISSION_PCT NEW_COMM_PCT                                                                                                                                                                  
---------- -------------- ----------------------------------------                                                                                                                                      
Steven                    NO                                                                                                                                                                            
Neena                     NO                                                                                                                                                                            
Lex                       NO                                                                                                                                                                            
Alexander                 NO                                                                                                                                                                            
Bruce                     NO                                                                                                                                                                            
Diana                     NO                                                                                                                                                                            
Kevin                     NO                                                                                                                                                                            
Trenna                    NO                                                                                                                                                                            
Curtis                    NO                                                                                                                                                                            
Randall                   NO                                                                                                                                                                            
Peter                     NO                                                                                                                                                                            
Eleni                  .2 .2                                                                                                                                                                            
Ellen                  .3 .3                                                                                                                                                                            
Jonathon               .3 .3                                                                                                                                                                            
Kimerely              .15 .15                                                                                                                                                                           
Jennifer                  NO                                                                                                                                                                            
Michael                   NO                                                                                                                                                                            
Pat                       NO                                                                                                                                                                            
Shelley                   NO                                                                                                                                                                            
William                   NO                                                                                                                                                                            

20 rows selected.

SQL> SELECT FIRST_NAME , COMMISSION_PCT , REPLACE(COMMISSION_PCT,NULL,'NO') NEW_COMM_PCT FROM EMPLOYEES;

FIRST_NAME COMMISSION_PCT NEW_COMM_PCT                                                                                                                                                                  
---------- -------------- --------------------------------------------------------------------------------                                                                                              
Steven                                                                                                                                                                                                  
Neena                                                                                                                                                                                                   
Lex                                                                                                                                                                                                     
Alexander                                                                                                                                                                                               
Bruce                                                                                                                                                                                                   
Diana                                                                                                                                                                                                   
Kevin                                                                                                                                                                                                   
Trenna                                                                                                                                                                                                  
Curtis                                                                                                                                                                                                  
Randall                                                                                                                                                                                                 
Peter                                                                                                                                                                                                   
Eleni                  .2 .2                                                                                                                                                                            
Ellen                  .3 .3                                                                                                                                                                            
Jonathon               .3 .3                                                                                                                                                                            
Kimerely              .15 .15                                                                                                                                                                           
Jennifer                                                                                                                                                                                                
Michael                                                                                                                                                                                                 
Pat                                                                                                                                                                                                     
Shelley                                                                                                                                                                                                 
William                                                                                                                                                                                                 

20 rows selected.

SQL> SELECT FIRST_NAME , COMMISSION_PCT , REPLACE(COMMISSION_PCT,'','NO') NEW_COMM_PCT FROM EMPLOYEES;

FIRST_NAME COMMISSION_PCT NEW_COMM_PCT                                                                                                                                                                  
---------- -------------- --------------------------------------------------------------------------------                                                                                              
Steven                                                                                                                                                                                                  
Neena                                                                                                                                                                                                   
Lex                                                                                                                                                                                                     
Alexander                                                                                                                                                                                               
Bruce                                                                                                                                                                                                   
Diana                                                                                                                                                                                                   
Kevin                                                                                                                                                                                                   
Trenna                                                                                                                                                                                                  
Curtis                                                                                                                                                                                                  
Randall                                                                                                                                                                                                 
Peter                                                                                                                                                                                                   
Eleni                  .2 .2                                                                                                                                                                            
Ellen                  .3 .3                                                                                                                                                                            
Jonathon               .3 .3                                                                                                                                                                            
Kimerely              .15 .15                                                                                                                                                                           
Jennifer                                                                                                                                                                                                
Michael                                                                                                                                                                                                 
Pat                                                                                                                                                                                                     
Shelley                                                                                                                                                                                                 
William                                                                                                                                                                                                 

20 rows selected.

SQL> SELECT FIRST_NAME , COMMISSION_PCT , REPLACE(TO_CHAR(COMMISSION_PCT),'','NO') NEW_COMM_PCT FROM EMPLOYEES;

FIRST_NAME COMMISSION_PCT NEW_COMM_PCT                                                                                                                                                                  
---------- -------------- --------------------------------------------------------------------------------                                                                                              
Steven                                                                                                                                                                                                  
Neena                                                                                                                                                                                                   
Lex                                                                                                                                                                                                     
Alexander                                                                                                                                                                                               
Bruce                                                                                                                                                                                                   
Diana                                                                                                                                                                                                   
Kevin                                                                                                                                                                                                   
Trenna                                                                                                                                                                                                  
Curtis                                                                                                                                                                                                  
Randall                                                                                                                                                                                                 
Peter                                                                                                                                                                                                   
Eleni                  .2 .2                                                                                                                                                                            
Ellen                  .3 .3                                                                                                                                                                            
Jonathon               .3 .3                                                                                                                                                                            
Kimerely              .15 .15                                                                                                                                                                           
Jennifer                                                                                                                                                                                                
Michael                                                                                                                                                                                                 
Pat                                                                                                                                                                                                     
Shelley                                                                                                                                                                                                 
William                                                                                                                                                                                                 

20 rows selected.

SQL> REM NVL2 : IS USED TO REPLACE NULL AS WELL AS NON-NULL VALUE
SQL> 
SQL> REM IT REQUIRES 3 ARGUMENTS
SQL> 
SQL> REM DATA TYPES OF SECOND AND THIRD ARGUMENTS MUST MATCH, IF DATA TYPE OF SECOND ARGUMENT IS NON-CHARACTER.
SQL> 
SQL> REM ALL 3 ARGUMENTS ARE MANDATORY
SQL> 
SQL> REM DISPLAY 'YES' IF EMPLOYEE GETS COMMISSION AND 'NO' IF NOT.
SQL> 
SQL> SELECT FIRST_NAME , COMMISSION_PCT , NVL2(COMMISSION_PCT,'YES','NO') NEW_COMM FROM EMPLOYEES;

FIRST_NAME COMMISSION_PCT NEW                                                                                                                                                                           
---------- -------------- ---                                                                                                                                                                           
Steven                    NO                                                                                                                                                                            
Neena                     NO                                                                                                                                                                            
Lex                       NO                                                                                                                                                                            
Alexander                 NO                                                                                                                                                                            
Bruce                     NO                                                                                                                                                                            
Diana                     NO                                                                                                                                                                            
Kevin                     NO                                                                                                                                                                            
Trenna                    NO                                                                                                                                                                            
Curtis                    NO                                                                                                                                                                            
Randall                   NO                                                                                                                                                                            
Peter                     NO                                                                                                                                                                            
Eleni                  .2 YES                                                                                                                                                                           
Ellen                  .3 YES                                                                                                                                                                           
Jonathon               .3 YES                                                                                                                                                                           
Kimerely              .15 YES                                                                                                                                                                           
Jennifer                  NO                                                                                                                                                                            
Michael                   NO                                                                                                                                                                            
Pat                       NO                                                                                                                                                                            
Shelley                   NO                                                                                                                                                                            
William                   NO                                                                                                                                                                            

20 rows selected.

SQL> REM COMPANY DECIDES TO GIVE .24 TO THOSE WHO GETS COMMISSION AND .12 TO OTHERS.
SQL> 
SQL> SELECT FIRST_NAME , COMMISSION_PCT , NVL2(COMMISSION_PCT , .24 , .12 ) NEW_COMM_PCT FROM EMPLOYEES;

FIRST_NAME COMMISSION_PCT NEW_COMM_PCT                                                                                                                                                                  
---------- -------------- ------------                                                                                                                                                                  
Steven                             .12                                                                                                                                                                  
Neena                              .12                                                                                                                                                                  
Lex                                .12                                                                                                                                                                  
Alexander                          .12                                                                                                                                                                  
Bruce                              .12                                                                                                                                                                  
Diana                              .12                                                                                                                                                                  
Kevin                              .12                                                                                                                                                                  
Trenna                             .12                                                                                                                                                                  
Curtis                             .12                                                                                                                                                                  
Randall                            .12                                                                                                                                                                  
Peter                              .12                                                                                                                                                                  
Eleni                  .2          .24                                                                                                                                                                  
Ellen                  .3          .24                                                                                                                                                                  
Jonathon               .3          .24                                                                                                                                                                  
Kimerely              .15          .24                                                                                                                                                                  
Jennifer                           .12                                                                                                                                                                  
Michael                            .12                                                                                                                                                                  
Pat                                .12                                                                                                                                                                  
Shelley                            .12                                                                                                                                                                  
William                            .12                                                                                                                                                                  

20 rows selected.

SQL> REM COMPANY DECIDES TO ADD .12 TO THOSE WHO GETS COMMISSION AND .12 TO OTHERS.
SQL> 
SQL> select first_name, commission_pct , NVl2(commission,  +.12, .12) new_comm from employees;
select first_name, commission_pct , NVl2(commission,  +.12, .12) new_comm from employees
                                         *
ERROR at line 1:
ORA-00904: "COMMISSION": invalid identifier 


SQL> select first_name, commission_pct , NVl2(commission_PCT, COMMISSION_PCT +.12, .12) new_comm from employees;

FIRST_NAME COMMISSION_PCT   NEW_COMM                                                                                                                                                                    
---------- -------------- ----------                                                                                                                                                                    
Steven                           .12                                                                                                                                                                    
Neena                            .12                                                                                                                                                                    
Lex                              .12                                                                                                                                                                    
Alexander                        .12                                                                                                                                                                    
Bruce                            .12                                                                                                                                                                    
Diana                            .12                                                                                                                                                                    
Kevin                            .12                                                                                                                                                                    
Trenna                           .12                                                                                                                                                                    
Curtis                           .12                                                                                                                                                                    
Randall                          .12                                                                                                                                                                    
Peter                            .12                                                                                                                                                                    
Eleni                  .2        .32                                                                                                                                                                    
Ellen                  .3        .42                                                                                                                                                                    
Jonathon               .3        .42                                                                                                                                                                    
Kimerely              .15        .27                                                                                                                                                                    
Jennifer                         .12                                                                                                                                                                    
Michael                          .12                                                                                                                                                                    
Pat                              .12                                                                                                                                                                    
Shelley                          .12                                                                                                                                                                    
William                          .12                                                                                                                                                                    

20 rows selected.

SQL> REM YES , .15
SQL> 
SQL> SELECT FIRST_NAME , COMMISSION_PCT , NVL2(COMMISSION_PCT,'YES',.15) FROM EMPLOYEES;

FIRST_NAME COMMISSION_PCT NVL                                                                                                                                                                           
---------- -------------- ---                                                                                                                                                                           
Steven                    .15                                                                                                                                                                           
Neena                     .15                                                                                                                                                                           
Lex                       .15                                                                                                                                                                           
Alexander                 .15                                                                                                                                                                           
Bruce                     .15                                                                                                                                                                           
Diana                     .15                                                                                                                                                                           
Kevin                     .15                                                                                                                                                                           
Trenna                    .15                                                                                                                                                                           
Curtis                    .15                                                                                                                                                                           
Randall                   .15                                                                                                                                                                           
Peter                     .15                                                                                                                                                                           
Eleni                  .2 YES                                                                                                                                                                           
Ellen                  .3 YES                                                                                                                                                                           
Jonathon               .3 YES                                                                                                                                                                           
Kimerely              .15 YES                                                                                                                                                                           
Jennifer                  .15                                                                                                                                                                           
Michael                   .15                                                                                                                                                                           
Pat                       .15                                                                                                                                                                           
Shelley                   .15                                                                                                                                                                           
William                   .15                                                                                                                                                                           

20 rows selected.

SQL> REM +.5 , NO
SQL> 
SQL> SELECT FIRST_NAME , COMMISSION_PCT , NVL2(COMMISSION_PCT,COMMISSION_PCT+.5,'NO') FROM EMPLOYEES;
SELECT FIRST_NAME , COMMISSION_PCT , NVL2(COMMISSION_PCT,COMMISSION_PCT+.5,'NO') FROM EMPLOYEES
                                                                           *
ERROR at line 1:
ORA-01722: invalid number 


SQL> SELECT FIRST_NAME , COMMISSION_PCT , NVL2(COMMISSION_PCT,TO_CHAR(COMMISSION_PCT+.5),'NO') FROM EMPLOYEES;

FIRST_NAME COMMISSION_PCT NVL2(COMMISSION_PCT,TO_CHAR(COMMISSION_P                                                                                                                                      
---------- -------------- ----------------------------------------                                                                                                                                      
Steven                    NO                                                                                                                                                                            
Neena                     NO                                                                                                                                                                            
Lex                       NO                                                                                                                                                                            
Alexander                 NO                                                                                                                                                                            
Bruce                     NO                                                                                                                                                                            
Diana                     NO                                                                                                                                                                            
Kevin                     NO                                                                                                                                                                            
Trenna                    NO                                                                                                                                                                            
Curtis                    NO                                                                                                                                                                            
Randall                   NO                                                                                                                                                                            
Peter                     NO                                                                                                                                                                            
Eleni                  .2 .7                                                                                                                                                                            
Ellen                  .3 .8                                                                                                                                                                            
Jonathon               .3 .8                                                                                                                                                                            
Kimerely              .15 .65                                                                                                                                                                           
Jennifer                  NO                                                                                                                                                                            
Michael                   NO                                                                                                                                                                            
Pat                       NO                                                                                                                                                                            
Shelley                   NO                                                                                                                                                                            
William                   NO                                                                                                                                                                            

20 rows selected.

SQL> SELECT * FROM EMPLOYEES;

EMPLOYEE_ID FIRST_NAME LAST_NAME  EMAIL      PHONE_NUMBER         HIRE_DATE JOB_ID         SALARY COMMISSION_PCT MANAGER_ID DEPARTMENT_ID                                                               
----------- ---------- ---------- ---------- -------------------- --------- ---------- ---------- -------------- ---------- -------------                                                               
        100 Steven     King       SKING      515.123.4567         17-JUL-87 AD_PRES         24000                                      90                                                               
        101 Neena      Kochhar    NKOCHHAR   515.123.4568         21-SEP-89 AD_VP           17000                       100            90                                                               
        102 Lex        De Haan    LDEHAAN    515.123.4569         13-JAN-93 AD_VP           17000                       100            90                                                               
        103 Alexander  Hunold     AHUNOLD    590.423.4567         03-JAN-90 IT_PROG          9000                       102            60                                                               
        104 Bruce      Ernst      BERNST     590.423.4568         21-MAY-91 IT_PROG          6000                       103            60                                                               
        107 Diana      Lorentz    DLORENTZ   590.423.5567         07-FEB-99 IT_PROG          4200                       103            60                                                               
        124 Kevin      Mourgos    KMOURGOS   650.123.5234         16-NOV-99 ST_MAN           5800                       100            50                                                               
        141 Trenna     Rajs       TRAJS      650.121.8009         17-OCT-95 ST_CLERK         3500                       124            50                                                               
        142 Curtis     Davies     CDAVIES    650.121.2994         29-JAN-97 ST_CLERK         3100                       124            50                                                               
        143 Randall    Matos      RMATOS     650.121.2874         15-MAR-98 ST_CLERK         2600                       124            50                                                               
        144 Peter      Vargas     PVARGAS    650.121.2004         09-JUL-98 ST_CLERK         2500                       124            50                                                               
        149 Eleni      Zlotkey    EZLOTKEY   011.44.1344.429018   29-JAN-00 SA_MAN          10500             .2        100            80                                                               
        174 Ellen      Abel       EABEL      011.44.1644.429267   11-MAY-96 SA_REP          11000             .3        149            80                                                               
        176 Jonathon   Taylor     JTAYLOR    011.44.1644.429265   24-MAR-98 SA_REP           8600             .3        149            80                                                               
        178 Kimerely   Grant      KGRANT     011.44.1644.429263   24-MAY-99 SA_REP           7000            .15        149                                                                             
        200 Jennifer   Whalen     JWHALEN    515.123.4444         17-SEP-87 AD_ASST          4400                       101            10                                                               
        201 Michael    Hartstein  MHARTSTE   515.123.5555         17-FEB-96 MK_MAN          13000                       100            20                                                               
        202 Pat        Fay        PFAY       603.123.6666         17-AUG-97 MK_REP           6000                       201            20                                                               
        205 Shelley    Higgins    SHIGGINS   515.123.8080         07-JUN-94 AC_MGR          12000                       101           110                                                               
        206 William    Gietz      WGIETZ     515.123.8181         07-JUN-94 AC_ACCOUNT       8300                       205           110                                                               

20 rows selected.

SQL> REM COMMISSION_PCT : NULL -> MANAGER_ID , NON-NULL -> DEPARTMENT_ID
SQL> 
SQL> SELECT FIRST_NAME , COMMISSION_PCT , NVL2(COMMISSION_PCT,DEPARTMENT_ID,MANAGER_ID) FROM EMPLOYEES
  2  ;

FIRST_NAME COMMISSION_PCT NVL2(COMMISSION_PCT,DEPARTMENT_ID,MANAGER_ID)                                                                                                                                 
---------- -------------- ---------------------------------------------                                                                                                                                 
Steven                                                                                                                                                                                                  
Neena                                                               100                                                                                                                                 
Lex                                                                 100                                                                                                                                 
Alexander                                                           102                                                                                                                                 
Bruce                                                               103                                                                                                                                 
Diana                                                               103                                                                                                                                 
Kevin                                                               100                                                                                                                                 
Trenna                                                              124                                                                                                                                 
Curtis                                                              124                                                                                                                                 
Randall                                                             124                                                                                                                                 
Peter                                                               124                                                                                                                                 
Eleni                  .2                                            80                                                                                                                                 
Ellen                  .3                                            80                                                                                                                                 
Jonathon               .3                                            80                                                                                                                                 
Kimerely              .15                                                                                                                                                                               
Jennifer                                                            101                                                                                                                                 
Michael                                                             100                                                                                                                                 
Pat                                                                 201                                                                                                                                 
Shelley                                                             101                                                                                                                                 
William                                                             205                                                                                                                                 

20 rows selected.

SQL> REM NULLIF : IT ACCEPTS TWO ARGUMENTS
SQL> 
SQL> REM IF BOTH ARGUMENTS ARE SIMILAR, IT WILL RETURN NULL, OTHERWISE IT WILL RETURN FIRST ARGUMENT.
SQL> 
SQL> SELECT FIRST_NAME , LAST_NAME , SUBSTR(FIRST_NAME,2,1) , SUBSTR(LAST_NAME,2,1) ,
  2  NULLIF( SUBSTR(FIRST_NAME,2,1) , SUBSTR(LAST_NAME,2,1) ) FROM EMPLOYEES;

FIRST_NAME LAST_NAME  SUBS SUBS NULL                                                                                                                                                                    
---------- ---------- ---- ---- ----                                                                                                                                                                    
Steven     King       t    i    t                                                                                                                                                                       
Neena      Kochhar    e    o    e                                                                                                                                                                       
Lex        De Haan    e    e                                                                                                                                                                            
Alexander  Hunold     l    u    l                                                                                                                                                                       
Bruce      Ernst      r    r                                                                                                                                                                            
Diana      Lorentz    i    o    i                                                                                                                                                                       
Kevin      Mourgos    e    o    e                                                                                                                                                                       
Trenna     Rajs       r    a    r                                                                                                                                                                       
Curtis     Davies     u    a    u                                                                                                                                                                       
Randall    Matos      a    a                                                                                                                                                                            
Peter      Vargas     e    a    e                                                                                                                                                                       
Eleni      Zlotkey    l    l                                                                                                                                                                            
Ellen      Abel       l    b    l                                                                                                                                                                       
Jonathon   Taylor     o    a    o                                                                                                                                                                       
Kimerely   Grant      i    r    i                                                                                                                                                                       
Jennifer   Whalen     e    h    e                                                                                                                                                                       
Michael    Hartstein  i    a    i                                                                                                                                                                       
Pat        Fay        a    a                                                                                                                                                                            
Shelley    Higgins    h    i    h                                                                                                                                                                       
William    Gietz      i    i                                                                                                                                                                            

20 rows selected.

SQL> SELECT * FROM EMPLOYEES;

EMPLOYEE_ID FIRST_NAME LAST_NAME  EMAIL      PHONE_NUMBER         HIRE_DATE JOB_ID         SALARY COMMISSION_PCT MANAGER_ID DEPARTMENT_ID                                                               
----------- ---------- ---------- ---------- -------------------- --------- ---------- ---------- -------------- ---------- -------------                                                               
        100 Steven     King       SKING      515.123.4567         17-JUL-87 AD_PRES         24000                                      90                                                               
        101 Neena      Kochhar    NKOCHHAR   515.123.4568         21-SEP-89 AD_VP           17000                       100            90                                                               
        102 Lex        De Haan    LDEHAAN    515.123.4569         13-JAN-93 AD_VP           17000                       100            90                                                               
        103 Alexander  Hunold     AHUNOLD    590.423.4567         03-JAN-90 IT_PROG          9000                       102            60                                                               
        104 Bruce      Ernst      BERNST     590.423.4568         21-MAY-91 IT_PROG          6000                       103            60                                                               
        107 Diana      Lorentz    DLORENTZ   590.423.5567         07-FEB-99 IT_PROG          4200                       103            60                                                               
        124 Kevin      Mourgos    KMOURGOS   650.123.5234         16-NOV-99 ST_MAN           5800                       100            50                                                               
        141 Trenna     Rajs       TRAJS      650.121.8009         17-OCT-95 ST_CLERK         3500                       124            50                                                               
        142 Curtis     Davies     CDAVIES    650.121.2994         29-JAN-97 ST_CLERK         3100                       124            50                                                               
        143 Randall    Matos      RMATOS     650.121.2874         15-MAR-98 ST_CLERK         2600                       124            50                                                               
        144 Peter      Vargas     PVARGAS    650.121.2004         09-JUL-98 ST_CLERK         2500                       124            50                                                               
        149 Eleni      Zlotkey    EZLOTKEY   011.44.1344.429018   29-JAN-00 SA_MAN          10500             .2        100            80                                                               
        174 Ellen      Abel       EABEL      011.44.1644.429267   11-MAY-96 SA_REP          11000             .3        149            80                                                               
        176 Jonathon   Taylor     JTAYLOR    011.44.1644.429265   24-MAR-98 SA_REP           8600             .3        149            80                                                               
        178 Kimerely   Grant      KGRANT     011.44.1644.429263   24-MAY-99 SA_REP           7000            .15        149                                                                             
        200 Jennifer   Whalen     JWHALEN    515.123.4444         17-SEP-87 AD_ASST          4400                       101            10                                                               
        201 Michael    Hartstein  MHARTSTE   515.123.5555         17-FEB-96 MK_MAN          13000                       100            20                                                               
        202 Pat        Fay        PFAY       603.123.6666         17-AUG-97 MK_REP           6000                       201            20                                                               
        205 Shelley    Higgins    SHIGGINS   515.123.8080         07-JUN-94 AC_MGR          12000                       101           110                                                               
        206 William    Gietz      WGIETZ     515.123.8181         07-JUN-94 AC_ACCOUNT       8300                       205           110                                                               

20 rows selected.

SQL> REM 1-15 : THIS MONTH , 16-.. : NEXT MONTH
SQL> 
SQL> SELECT FIRST_NAME , HIRE_DATE , NVL2(NULLIF(TRUNC(HIRE_DATE,'MM'),ROUND(HIRE_DATE,'MM'),ADD_MONTHS(LAST_DAY(HIRE_DATE),1),LAST_DAY(HIRE_DATE)) FMSD FROM EMPLOYEES;
SELECT FIRST_NAME , HIRE_DATE , NVL2(NULLIF(TRUNC(HIRE_DATE,'MM'),ROUND(HIRE_DATE,'MM'),ADD_MONTHS(LAST_DAY(HIRE_DATE),1),LAST_DAY(HIRE_DATE)) FMSD FROM EMPLOYEES
                                     *
ERROR at line 1:
ORA-00909: invalid number of arguments 


SQL> SELECT FIRST_NAME , HIRE_DATE , NVL2(NULLIF(TRUNC(HIRE_DATE,'MM'),ROUND(HIRE_DATE,'MM')),ADD_MONTHS(LAST_DAY(HIRE_DATE),1),LAST_DAY(HIRE_DATE)) FMSD FROM EMPLOYEES;

FIRST_NAME HIRE_DATE FMSD                                                                                                                                                                               
---------- --------- ---------                                                                                                                                                                          
Steven     17-JUL-87 31-AUG-87                                                                                                                                                                          
Neena      21-SEP-89 31-OCT-89                                                                                                                                                                          
Lex        13-JAN-93 31-JAN-93                                                                                                                                                                          
Alexander  03-JAN-90 31-JAN-90                                                                                                                                                                          
Bruce      21-MAY-91 30-JUN-91                                                                                                                                                                          
Diana      07-FEB-99 28-FEB-99                                                                                                                                                                          
Kevin      16-NOV-99 31-DEC-99                                                                                                                                                                          
Trenna     17-OCT-95 30-NOV-95                                                                                                                                                                          
Curtis     29-JAN-97 28-FEB-97                                                                                                                                                                          
Randall    15-MAR-98 31-MAR-98                                                                                                                                                                          
Peter      09-JUL-98 31-JUL-98                                                                                                                                                                          
Eleni      29-JAN-00 29-FEB-00                                                                                                                                                                          
Ellen      11-MAY-96 31-MAY-96                                                                                                                                                                          
Jonathon   24-MAR-98 30-APR-98                                                                                                                                                                          
Kimerely   24-MAY-99 30-JUN-99                                                                                                                                                                          
Jennifer   17-SEP-87 31-OCT-87                                                                                                                                                                          
Michael    17-FEB-96 31-MAR-96                                                                                                                                                                          
Pat        17-AUG-97 30-SEP-97                                                                                                                                                                          
Shelley    07-JUN-94 30-JUN-94                                                                                                                                                                          
William    07-JUN-94 30-JUN-94                                                                                                                                                                          

20 rows selected.

SQL> REM 1-15 : THIS MONTH , 16-.. : NEXT MONTH
SQL> 
SQL> REM HIRE_DATE : 2nd , SECOND LAST CHARACTER : SAME , DIFFERENT
SQL> 
SQL> SELECT HIRE_DATE , SUBSTR(HIRE_DATE,2,1) , SUBSTR(HIRE_DATE,-2,1) ,
  2  NVL2(NULLIF(SUBSTR(HIRE_DATE,2,1) , SUBSTR(HIRE_DATE,-2,1)),'DIFFERENT','SAME')
  3  FROM EMPLOYEES;

HIRE_DATE SUBS SUBS NVL2(NULL                                                                                                                                                                           
--------- ---- ---- ---------                                                                                                                                                                           
17-JUL-87 7    8    DIFFERENT                                                                                                                                                                           
21-SEP-89 1    8    DIFFERENT                                                                                                                                                                           
13-JAN-93 3    9    DIFFERENT                                                                                                                                                                           
03-JAN-90 3    9    DIFFERENT                                                                                                                                                                           
21-MAY-91 1    9    DIFFERENT                                                                                                                                                                           
07-FEB-99 7    9    DIFFERENT                                                                                                                                                                           
16-NOV-99 6    9    DIFFERENT                                                                                                                                                                           
17-OCT-95 7    9    DIFFERENT                                                                                                                                                                           
29-JAN-97 9    9    SAME                                                                                                                                                                                
15-MAR-98 5    9    DIFFERENT                                                                                                                                                                           
09-JUL-98 9    9    SAME                                                                                                                                                                                
29-JAN-00 9    0    DIFFERENT                                                                                                                                                                           
11-MAY-96 1    9    DIFFERENT                                                                                                                                                                           
24-MAR-98 4    9    DIFFERENT                                                                                                                                                                           
24-MAY-99 4    9    DIFFERENT                                                                                                                                                                           
17-SEP-87 7    8    DIFFERENT                                                                                                                                                                           
17-FEB-96 7    9    DIFFERENT                                                                                                                                                                           
17-AUG-97 7    9    DIFFERENT                                                                                                                                                                           
07-JUN-94 7    9    DIFFERENT                                                                                                                                                                           
07-JUN-94 7    9    DIFFERENT                                                                                                                                                                           

20 rows selected.

SQL> SELECT HIRE_DATE , SUBSTR(HIRE_DATE,2,1) , SUBSTR(HIRE_DATE,8,1) ,
  2  NVL2(NULLIF(SUBSTR(HIRE_DATE,2,1) , SUBSTR(HIRE_DATE,-2,1)),'DIFFERENT','SAME')
  3  FROM EMPLOYEES;

HIRE_DATE SUBS SUBS NVL2(NULL                                                                                                                                                                           
--------- ---- ---- ---------                                                                                                                                                                           
17-JUL-87 7    8    DIFFERENT                                                                                                                                                                           
21-SEP-89 1    8    DIFFERENT                                                                                                                                                                           
13-JAN-93 3    9    DIFFERENT                                                                                                                                                                           
03-JAN-90 3    9    DIFFERENT                                                                                                                                                                           
21-MAY-91 1    9    DIFFERENT                                                                                                                                                                           
07-FEB-99 7    9    DIFFERENT                                                                                                                                                                           
16-NOV-99 6    9    DIFFERENT                                                                                                                                                                           
17-OCT-95 7    9    DIFFERENT                                                                                                                                                                           
29-JAN-97 9    9    SAME                                                                                                                                                                                
15-MAR-98 5    9    DIFFERENT                                                                                                                                                                           
09-JUL-98 9    9    SAME                                                                                                                                                                                
29-JAN-00 9    0    DIFFERENT                                                                                                                                                                           
11-MAY-96 1    9    DIFFERENT                                                                                                                                                                           
24-MAR-98 4    9    DIFFERENT                                                                                                                                                                           
24-MAY-99 4    9    DIFFERENT                                                                                                                                                                           
17-SEP-87 7    8    DIFFERENT                                                                                                                                                                           
17-FEB-96 7    9    DIFFERENT                                                                                                                                                                           
17-AUG-97 7    9    DIFFERENT                                                                                                                                                                           
07-JUN-94 7    9    DIFFERENT                                                                                                                                                                           
07-JUN-94 7    9    DIFFERENT                                                                                                                                                                           

20 rows selected.

SQL> REM COALESCE : IT ACCEPTS INFINITE ARGUMENT
SQL> 
SQL> REM DATA TYPES OF ALL ARGUMENTS MUST MATCH
SQL> 
SQL> REM IT WILL CHECK FROM LEFT TO RIGHT.
SQL> 
SQL> REM IT WILL RETURN FIRST NON-NULL VALUE FROM THE LIST OF ARGUMENTS.
SQL> 
SQL> 
SQL> 
SQL> SELECT * FROM CONTACTNO;

NAME                     MOBILE     OPHONE     RPHONE                                                                                                                                                   
-------------------- ---------- ---------- ----------                                                                                                                                                   
AMIT                 1234567890 9876543210 1122334455                                                                                                                                                   
BIREN                6644882244            9876452316                                                                                                                                                   
CHETAN                          2277554488                                                                                                                                                              
DHIREN                                     6789054123                                                                                                                                                   
EKTA                                                                                                                                                                                                    

SQL> REM NAME   CONTACTNO
SQL> 
SQL> REM AMIT
SQL> 
SQL> 
SQL> SELECT FIRST_NAME , COALESCE(MOBILE , OPHONE , RPHONE) CONTACTNO FROM CONTACTNO;
SELECT FIRST_NAME , COALESCE(MOBILE , OPHONE , RPHONE) CONTACTNO FROM CONTACTNO
       *
ERROR at line 1:
ORA-00904: "FIRST_NAME": invalid identifier 


SQL> SELECT NAME , COALESCE(MOBILE , OPHONE , RPHONE) CONTACTNO FROM CONTACTNO;

NAME                  CONTACTNO                                                                                                                                                                         
-------------------- ----------                                                                                                                                                                         
AMIT                 1234567890                                                                                                                                                                         
BIREN                6644882244                                                                                                                                                                         
CHETAN               2277554488                                                                                                                                                                         
DHIREN               6789054123                                                                                                                                                                         
EKTA                                                                                                                                                                                                    

SQL> SELECT NAME , COALESCE(MOBILE , OPHONE , RPHONE , 1800600300) CONTACTNO FROM CONTACTNO;

NAME                  CONTACTNO                                                                                                                                                                         
-------------------- ----------                                                                                                                                                                         
AMIT                 1234567890                                                                                                                                                                         
BIREN                6644882244                                                                                                                                                                         
CHETAN               2277554488                                                                                                                                                                         
DHIREN               6789054123                                                                                                                                                                         
EKTA                 1800600300                                                                                                                                                                         

SQL> SELECT * FROM CONTACTNO;

NAME                     MOBILE     OPHONE     RPHONE                                                                                                                                                   
-------------------- ---------- ---------- ----------                                                                                                                                                   
AMIT                 1234567890 9876543210 1122334455                                                                                                                                                   
BIREN                6644882244            9876452316                                                                                                                                                   
CHETAN                          2277554488                                                                                                                                                              
DHIREN                                     6789054123                                                                                                                                                   
EKTA                                                                                                                                                                                                    

SQL> SELECT NAME , COALESCE(OPHONE , MOBILE , RPHONE) CONTACTNO FROM CONTACTNO;

NAME                  CONTACTNO                                                                                                                                                                         
-------------------- ----------                                                                                                                                                                         
AMIT                 9876543210                                                                                                                                                                         
BIREN                6644882244                                                                                                                                                                         
CHETAN               2277554488                                                                                                                                                                         
DHIREN               6789054123                                                                                                                                                                         
EKTA                                                                                                                                                                                                    

SQL> SELECT COMMISSION_PCT , MANAGER_ID , DEPARTMENT_ID FROM EMPLOYEES;

COMMISSION_PCT MANAGER_ID DEPARTMENT_ID                                                                                                                                                                 
-------------- ---------- -------------                                                                                                                                                                 
                                     90                                                                                                                                                                 
                      100            90                                                                                                                                                                 
                      100            90                                                                                                                                                                 
                      102            60                                                                                                                                                                 
                      103            60                                                                                                                                                                 
                      103            60                                                                                                                                                                 
                      100            50                                                                                                                                                                 
                      124            50                                                                                                                                                                 
                      124            50                                                                                                                                                                 
                      124            50                                                                                                                                                                 
                      124            50                                                                                                                                                                 
            .2        100            80                                                                                                                                                                 
            .3        149            80                                                                                                                                                                 
            .3        149            80                                                                                                                                                                 
           .15        149                                                                                                                                                                               
                      101            10                                                                                                                                                                 
                      100            20                                                                                                                                                                 
                      201            20                                                                                                                                                                 
                      101           110                                                                                                                                                                 
                      205           110                                                                                                                                                                 

20 rows selected.

SQL> SELECT COALESCE(COMMISSION_PCT , MANAGER_ID , DEPARTMENT_ID) FROM EMPLOYEES;

COALESCE(COMMISSION_PCT,MANAGER_ID,DEPARTMENT_ID)                                                                                                                                                       
-------------------------------------------------                                                                                                                                                       
                                               90                                                                                                                                                       
                                              100                                                                                                                                                       
                                              100                                                                                                                                                       
                                              102                                                                                                                                                       
                                              103                                                                                                                                                       
                                              103                                                                                                                                                       
                                              100                                                                                                                                                       
                                              124                                                                                                                                                       
                                              124                                                                                                                                                       
                                              124                                                                                                                                                       
                                              124                                                                                                                                                       
                                               .2                                                                                                                                                       
                                               .3                                                                                                                                                       
                                               .3                                                                                                                                                       
                                              .15                                                                                                                                                       
                                              101                                                                                                                                                       
                                              100                                                                                                                                                       
                                              201                                                                                                                                                       
                                              101                                                                                                                                                       
                                              205                                                                                                                                                       

20 rows selected.

SQL> REM CONDITIONAL FUNCTIONS : 1 DECODE 2 CASE ... WHEN 3 CASE WHEN ...
SQL> 
SQL> REM COMPANY DECLARES +1500 INCREMENT FOR ALL
SQL> 
SQL> SELECT FIRST_NAME , SALARY , SALARY + 1500 NEW_SALARY FROM EMPLOYEES;

FIRST_NAME     SALARY NEW_SALARY                                                                                                                                                                        
---------- ---------- ----------                                                                                                                                                                        
Steven          24000      25500                                                                                                                                                                        
Neena           17000      18500                                                                                                                                                                        
Lex             17000      18500                                                                                                                                                                        
Alexander        9000      10500                                                                                                                                                                        
Bruce            6000       7500                                                                                                                                                                        
Diana            4200       5700                                                                                                                                                                        
Kevin            5800       7300                                                                                                                                                                        
Trenna           3500       5000                                                                                                                                                                        
Curtis           3100       4600                                                                                                                                                                        
Randall          2600       4100                                                                                                                                                                        
Peter            2500       4000                                                                                                                                                                        
Eleni           10500      12000                                                                                                                                                                        
Ellen           11000      12500                                                                                                                                                                        
Jonathon         8600      10100                                                                                                                                                                        
Kimerely         7000       8500                                                                                                                                                                        
Jennifer         4400       5900                                                                                                                                                                        
Michael         13000      14500                                                                                                                                                                        
Pat              6000       7500                                                                                                                                                                        
Shelley         12000      13500                                                                                                                                                                        
William          8300       9800                                                                                                                                                                        

20 rows selected.

SQL> REM COMPANY DECLARES 20% INCREMENT FOR ALL
SQL> 
SQL> SELECT FIRST_NAME , SALARY , SALARY * 1.2 NEW_SALARY FROM EMPLOYEES;

FIRST_NAME     SALARY NEW_SALARY                                                                                                                                                                        
---------- ---------- ----------                                                                                                                                                                        
Steven          24000      28800                                                                                                                                                                        
Neena           17000      20400                                                                                                                                                                        
Lex             17000      20400                                                                                                                                                                        
Alexander        9000      10800                                                                                                                                                                        
Bruce            6000       7200                                                                                                                                                                        
Diana            4200       5040                                                                                                                                                                        
Kevin            5800       6960                                                                                                                                                                        
Trenna           3500       4200                                                                                                                                                                        
Curtis           3100       3720                                                                                                                                                                        
Randall          2600       3120                                                                                                                                                                        
Peter            2500       3000                                                                                                                                                                        
Eleni           10500      12600                                                                                                                                                                        
Ellen           11000      13200                                                                                                                                                                        
Jonathon         8600      10320                                                                                                                                                                        
Kimerely         7000       8400                                                                                                                                                                        
Jennifer         4400       5280                                                                                                                                                                        
Michael         13000      15600                                                                                                                                                                        
Pat              6000       7200                                                                                                                                                                        
Shelley         12000      14400                                                                                                                                                                        
William          8300       9960                                                                                                                                                                        

20 rows selected.

SQL> REM DEPARTMENT_ID : 20 +2000 , 50 +1500 , 80 +1000 , REMAINING +750
SQL> 
SQL> SELECT FIRST_NAME , DEPARTMENT_ID , SALARY ,
  2  DECODE ( DEPARTMENT_ID , 20 , SALARY + 2000
  3                         , 50 , SALARY + 1500
  4                         , 80 , SALARY + 1000 , SALARY + 750) NEW_SALARY
  5  FROM EMPLOYEES
  6  ORDER BY 2;

FIRST_NAME DEPARTMENT_ID     SALARY NEW_SALARY                                                                                                                                                          
---------- ------------- ---------- ----------                                                                                                                                                          
Jennifer              10       4400       5150                                                                                                                                                          
Michael               20      13000      15000                                                                                                                                                          
Pat                   20       6000       8000                                                                                                                                                          
Kevin                 50       5800       7300                                                                                                                                                          
Peter                 50       2500       4000                                                                                                                                                          
Randall               50       2600       4100                                                                                                                                                          
Curtis                50       3100       4600                                                                                                                                                          
Trenna                50       3500       5000                                                                                                                                                          
Diana                 60       4200       4950                                                                                                                                                          
Bruce                 60       6000       6750                                                                                                                                                          
Alexander             60       9000       9750                                                                                                                                                          
Ellen                 80      11000      12000                                                                                                                                                          
Eleni                 80      10500      11500                                                                                                                                                          
Jonathon              80       8600       9600                                                                                                                                                          
Lex                   90      17000      17750                                                                                                                                                          
Steven                90      24000      24750                                                                                                                                                          
Neena                 90      17000      17750                                                                                                                                                          
William              110       8300       9050                                                                                                                                                          
Shelley              110      12000      12750                                                                                                                                                          
Kimerely                       7000       7750                                                                                                                                                          

20 rows selected.

SQL> REM JOB_ID : IT_PROG 40% , ST_CLERK 30% , SA_REP 20% , REMAINING 12.5% INCREMENT
SQL> 
SQL> SELECT FIRST_NAME, JOB_ID , SALARY,
  2  DECODE( JOB_ID , 'IT_PROG' , SALARY*1.4
  3                           , 'ST_CLERK', SALARY*1.3
  4                           , 'SA_REP' , SALARY*1.2, SALARY*1.12) NEW_SALARY
  5  FROM EMPLOYEES;

FIRST_NAME JOB_ID         SALARY NEW_SALARY                                                                                                                                                             
---------- ---------- ---------- ----------                                                                                                                                                             
Steven     AD_PRES         24000      26880                                                                                                                                                             
Neena      AD_VP           17000      19040                                                                                                                                                             
Lex        AD_VP           17000      19040                                                                                                                                                             
Alexander  IT_PROG          9000      12600                                                                                                                                                             
Bruce      IT_PROG          6000       8400                                                                                                                                                             
Diana      IT_PROG          4200       5880                                                                                                                                                             
Kevin      ST_MAN           5800       6496                                                                                                                                                             
Trenna     ST_CLERK         3500       4550                                                                                                                                                             
Curtis     ST_CLERK         3100       4030                                                                                                                                                             
Randall    ST_CLERK         2600       3380                                                                                                                                                             
Peter      ST_CLERK         2500       3250                                                                                                                                                             
Eleni      SA_MAN          10500      11760                                                                                                                                                             
Ellen      SA_REP          11000      13200                                                                                                                                                             
Jonathon   SA_REP           8600      10320                                                                                                                                                             
Kimerely   SA_REP           7000       8400                                                                                                                                                             
Jennifer   AD_ASST          4400       4928                                                                                                                                                             
Michael    MK_MAN          13000      14560                                                                                                                                                             
Pat        MK_REP           6000       6720                                                                                                                                                             
Shelley    AC_MGR          12000      13440                                                                                                                                                             
William    AC_ACCOUNT       8300       9296                                                                                                                                                             

20 rows selected.

SQL> SELECT FIRST_NAME, JOB_ID , SALARY,
  2  DECODE( JOB_ID , 'IT_PROG' , SALARY*1.4
  3                           , 'ST_CLERK', SALARY*1.3
  4                           , 'SA_REP' , SALARY*1.2, SALARY*1.125) NEW_SALARY
  5  FROM EMPLOYEES;

FIRST_NAME JOB_ID         SALARY NEW_SALARY                                                                                                                                                             
---------- ---------- ---------- ----------                                                                                                                                                             
Steven     AD_PRES         24000      27000                                                                                                                                                             
Neena      AD_VP           17000      19125                                                                                                                                                             
Lex        AD_VP           17000      19125                                                                                                                                                             
Alexander  IT_PROG          9000      12600                                                                                                                                                             
Bruce      IT_PROG          6000       8400                                                                                                                                                             
Diana      IT_PROG          4200       5880                                                                                                                                                             
Kevin      ST_MAN           5800       6525                                                                                                                                                             
Trenna     ST_CLERK         3500       4550                                                                                                                                                             
Curtis     ST_CLERK         3100       4030                                                                                                                                                             
Randall    ST_CLERK         2600       3380                                                                                                                                                             
Peter      ST_CLERK         2500       3250                                                                                                                                                             
Eleni      SA_MAN          10500    11812.5                                                                                                                                                             
Ellen      SA_REP          11000      13200                                                                                                                                                             
Jonathon   SA_REP           8600      10320                                                                                                                                                             
Kimerely   SA_REP           7000       8400                                                                                                                                                             
Jennifer   AD_ASST          4400       4950                                                                                                                                                             
Michael    MK_MAN          13000      14625                                                                                                                                                             
Pat        MK_REP           6000       6750                                                                                                                                                             
Shelley    AC_MGR          12000      13500                                                                                                                                                             
William    AC_ACCOUNT       8300     9337.5                                                                                                                                                             

20 rows selected.

SQL> SELECT * FROM EMPLOYEES;

EMPLOYEE_ID FIRST_NAME LAST_NAME  EMAIL      PHONE_NUMBER         HIRE_DATE JOB_ID         SALARY COMMISSION_PCT MANAGER_ID DEPARTMENT_ID                                                               
----------- ---------- ---------- ---------- -------------------- --------- ---------- ---------- -------------- ---------- -------------                                                               
        100 Steven     King       SKING      515.123.4567         17-JUL-87 AD_PRES         24000                                      90                                                               
        101 Neena      Kochhar    NKOCHHAR   515.123.4568         21-SEP-89 AD_VP           17000                       100            90                                                               
        102 Lex        De Haan    LDEHAAN    515.123.4569         13-JAN-93 AD_VP           17000                       100            90                                                               
        103 Alexander  Hunold     AHUNOLD    590.423.4567         03-JAN-90 IT_PROG          9000                       102            60                                                               
        104 Bruce      Ernst      BERNST     590.423.4568         21-MAY-91 IT_PROG          6000                       103            60                                                               
        107 Diana      Lorentz    DLORENTZ   590.423.5567         07-FEB-99 IT_PROG          4200                       103            60                                                               
        124 Kevin      Mourgos    KMOURGOS   650.123.5234         16-NOV-99 ST_MAN           5800                       100            50                                                               
        141 Trenna     Rajs       TRAJS      650.121.8009         17-OCT-95 ST_CLERK         3500                       124            50                                                               
        142 Curtis     Davies     CDAVIES    650.121.2994         29-JAN-97 ST_CLERK         3100                       124            50                                                               
        143 Randall    Matos      RMATOS     650.121.2874         15-MAR-98 ST_CLERK         2600                       124            50                                                               
        144 Peter      Vargas     PVARGAS    650.121.2004         09-JUL-98 ST_CLERK         2500                       124            50                                                               
        149 Eleni      Zlotkey    EZLOTKEY   011.44.1344.429018   29-JAN-00 SA_MAN          10500             .2        100            80                                                               
        174 Ellen      Abel       EABEL      011.44.1644.429267   11-MAY-96 SA_REP          11000             .3        149            80                                                               
        176 Jonathon   Taylor     JTAYLOR    011.44.1644.429265   24-MAR-98 SA_REP           8600             .3        149            80                                                               
        178 Kimerely   Grant      KGRANT     011.44.1644.429263   24-MAY-99 SA_REP           7000            .15        149                                                                             
        200 Jennifer   Whalen     JWHALEN    515.123.4444         17-SEP-87 AD_ASST          4400                       101            10                                                               
        201 Michael    Hartstein  MHARTSTE   515.123.5555         17-FEB-96 MK_MAN          13000                       100            20                                                               
        202 Pat        Fay        PFAY       603.123.6666         17-AUG-97 MK_REP           6000                       201            20                                                               
        205 Shelley    Higgins    SHIGGINS   515.123.8080         07-JUN-94 AC_MGR          12000                       101           110                                                               
        206 William    Gietz      WGIETZ     515.123.8181         07-JUN-94 AC_ACCOUNT       8300                       205           110                                                               

20 rows selected.

SQL> REM MANAGER_ID JOB_ID : 103 IT_PROG  +2000 , 124 ST_CLERK 15% , 149 SA_REP -750 , REMAINING -12.5%
SQL> 
SQL> SELECT FIRST_NAME , MANAGER_ID , JOB_ID , SALARY ,
  2  DECODE(MANAGER_ID || JOB_ID , '103IT_PROG' , SALARY + 2000
  3                              , '124ST_CLERK' , SALARY * 1.15
  4                              , '149SA_REP' , SALARY - 750    , SALARY - (SALARY * .125)) NEW_SALARY
  5  FROM EMPLOYEES;

FIRST_NAME MANAGER_ID JOB_ID         SALARY NEW_SALARY                                                                                                                                                  
---------- ---------- ---------- ---------- ----------                                                                                                                                                  
Steven                AD_PRES         24000      21000                                                                                                                                                  
Neena             100 AD_VP           17000      14875                                                                                                                                                  
Lex               100 AD_VP           17000      14875                                                                                                                                                  
Alexander         102 IT_PROG          9000       7875                                                                                                                                                  
Bruce             103 IT_PROG          6000       8000                                                                                                                                                  
Diana             103 IT_PROG          4200       6200                                                                                                                                                  
Kevin             100 ST_MAN           5800       5075                                                                                                                                                  
Trenna            124 ST_CLERK         3500       4025                                                                                                                                                  
Curtis            124 ST_CLERK         3100       3565                                                                                                                                                  
Randall           124 ST_CLERK         2600       2990                                                                                                                                                  
Peter             124 ST_CLERK         2500       2875                                                                                                                                                  
Eleni             100 SA_MAN          10500     9187.5                                                                                                                                                  
Ellen             149 SA_REP          11000      10250                                                                                                                                                  
Jonathon          149 SA_REP           8600       7850                                                                                                                                                  
Kimerely          149 SA_REP           7000       6250                                                                                                                                                  
Jennifer          101 AD_ASST          4400       3850                                                                                                                                                  
Michael           100 MK_MAN          13000      11375                                                                                                                                                  
Pat               201 MK_REP           6000       5250                                                                                                                                                  
Shelley           101 AC_MGR          12000      10500                                                                                                                                                  
William           205 AC_ACCOUNT       8300     7262.5                                                                                                                                                  

20 rows selected.

SQL> SELECT FIRST_NAME , MANAGER_ID , JOB_ID , SALARY ,
  2  DECODE(MANAGER_ID || JOB_ID , '103IT_PROG' , SALARY + 2000
  3                              , '124ST_CLERK' , SALARY * 1.15
  4                              , '149SA_REP' , SALARY - 750    , SALARY - (SALARY * .125)) NEW_SALARY
  5  FROM EMPLOYEES
  6  ORDER BY 2,3;

FIRST_NAME MANAGER_ID JOB_ID         SALARY NEW_SALARY                                                                                                                                                  
---------- ---------- ---------- ---------- ----------                                                                                                                                                  
Neena             100 AD_VP           17000      14875                                                                                                                                                  
Lex               100 AD_VP           17000      14875                                                                                                                                                  
Michael           100 MK_MAN          13000      11375                                                                                                                                                  
Eleni             100 SA_MAN          10500     9187.5                                                                                                                                                  
Kevin             100 ST_MAN           5800       5075                                                                                                                                                  
Shelley           101 AC_MGR          12000      10500                                                                                                                                                  
Jennifer          101 AD_ASST          4400       3850                                                                                                                                                  
Alexander         102 IT_PROG          9000       7875                                                                                                                                                  
Diana             103 IT_PROG          4200       6200                                                                                                                                                  
Bruce             103 IT_PROG          6000       8000                                                                                                                                                  
Trenna            124 ST_CLERK         3500       4025                                                                                                                                                  
Curtis            124 ST_CLERK         3100       3565                                                                                                                                                  
Randall           124 ST_CLERK         2600       2990                                                                                                                                                  
Peter             124 ST_CLERK         2500       2875                                                                                                                                                  
Kimerely          149 SA_REP           7000       6250                                                                                                                                                  
Jonathon          149 SA_REP           8600       7850                                                                                                                                                  
Ellen             149 SA_REP          11000      10250                                                                                                                                                  
Pat               201 MK_REP           6000       5250                                                                                                                                                  
William           205 AC_ACCOUNT       8300     7262.5                                                                                                                                                  
Steven                AD_PRES         24000      21000                                                                                                                                                  

20 rows selected.

SQL> REM MANAGER_ID JOB_ID : 103 IT_PROG  +2000 , 124 ST_CLERK 15% , 149 SA_REP -750 , REMAINING -12.5%
SQL> 
SQL> REM DEPARTMENT_ID : 20 +2000 , 50 +1500 , 80 +1000 , REMAINING +750
SQL> 
SQL> SELECT FIRST_NAME , DEPARTMENT_ID , SALARY ,
  2  DECODE ( DEPARTMENT_ID , 20 , SALARY + 2000
  3                         , 50 , SALARY + 1500
  4                         , 80 , SALARY + 1000 , SALARY + 750) NEW_SALARY
  5  FROM EMPLOYEES
  6  ORDER BY 2
  7  
SQL> SELECT FIRST_NAME , DEPARTMENT_ID , SALARY ,
  2  CASE DEPARTMENT_ID WHEN 20 THEN SALARY + 2000
  3                     WHEN 50 THEN SALARY + 1500
  4                     WHEN 80 THEN SALARY + 1000 ELSE SALARY + 750 END NEW_SALARY
  5  FROM EMPLOYEES
  6  ORDER BY 2;

FIRST_NAME DEPARTMENT_ID     SALARY NEW_SALARY                                                                                                                                                          
---------- ------------- ---------- ----------                                                                                                                                                          
Jennifer              10       4400       5150                                                                                                                                                          
Michael               20      13000      15000                                                                                                                                                          
Pat                   20       6000       8000                                                                                                                                                          
Kevin                 50       5800       7300                                                                                                                                                          
Peter                 50       2500       4000                                                                                                                                                          
Randall               50       2600       4100                                                                                                                                                          
Curtis                50       3100       4600                                                                                                                                                          
Trenna                50       3500       5000                                                                                                                                                          
Diana                 60       4200       4950                                                                                                                                                          
Bruce                 60       6000       6750                                                                                                                                                          
Alexander             60       9000       9750                                                                                                                                                          
Ellen                 80      11000      12000                                                                                                                                                          
Eleni                 80      10500      11500                                                                                                                                                          
Jonathon              80       8600       9600                                                                                                                                                          
Lex                   90      17000      17750                                                                                                                                                          
Steven                90      24000      24750                                                                                                                                                          
Neena                 90      17000      17750                                                                                                                                                          
William              110       8300       9050                                                                                                                                                          
Shelley              110      12000      12750                                                                                                                                                          
Kimerely                       7000       7750                                                                                                                                                          

20 rows selected.

SQL> REM JOB_ID : IT_PROG 40% , ST_CLERK 30% , SA_REP 20% , REMAINING 12.5% INCREMENT
SQL> 
SQL> SELECT FIRST_NAME , JOB_ID , SALARY ,
  2  CASE JOB_ID WHEN 'IT_PROG' THEN SALARY * 1.4
  3              WHEN 'ST_CLERK' THEN SALARY * 1.3
  4              WHEN 'SA_REP' THEN SALARY * 1.2   ELSE SALARY * 1.125 END NEW_SALARY
  5  FROM EMPLOYEES
  6  ORDER BY 2;

FIRST_NAME JOB_ID         SALARY NEW_SALARY                                                                                                                                                             
---------- ---------- ---------- ----------                                                                                                                                                             
William    AC_ACCOUNT       8300     9337.5                                                                                                                                                             
Shelley    AC_MGR          12000      13500                                                                                                                                                             
Jennifer   AD_ASST          4400       4950                                                                                                                                                             
Steven     AD_PRES         24000      27000                                                                                                                                                             
Lex        AD_VP           17000      19125                                                                                                                                                             
Neena      AD_VP           17000      19125                                                                                                                                                             
Alexander  IT_PROG          9000      12600                                                                                                                                                             
Bruce      IT_PROG          6000       8400                                                                                                                                                             
Diana      IT_PROG          4200       5880                                                                                                                                                             
Michael    MK_MAN          13000      14625                                                                                                                                                             
Pat        MK_REP           6000       6750                                                                                                                                                             
Eleni      SA_MAN          10500    11812.5                                                                                                                                                             
Ellen      SA_REP          11000      13200                                                                                                                                                             
Kimerely   SA_REP           7000       8400                                                                                                                                                             
Jonathon   SA_REP           8600      10320                                                                                                                                                             
Randall    ST_CLERK         2600       3380                                                                                                                                                             
Curtis     ST_CLERK         3100       4030                                                                                                                                                             
Trenna     ST_CLERK         3500       4550                                                                                                                                                             
Peter      ST_CLERK         2500       3250                                                                                                                                                             
Kevin      ST_MAN           5800       6525                                                                                                                                                             

20 rows selected.

SQL> REM MANAGER_ID JOB_ID : 103 IT_PROG  +2000 , 124 ST_CLERK 15% , 149 SA_REP -750 , REMAINING -12.5%
SQL> \
SP2-0042: unknown command "\" - rest of line ignored.
SQL> 
SQL> SELECT * FROM EMPLOYEES;

EMPLOYEE_ID FIRST_NAME LAST_NAME  EMAIL      PHONE_NUMBER         HIRE_DATE JOB_ID         SALARY COMMISSION_PCT MANAGER_ID DEPARTMENT_ID                                                               
----------- ---------- ---------- ---------- -------------------- --------- ---------- ---------- -------------- ---------- -------------                                                               
        100 Steven     King       SKING      515.123.4567         17-JUL-87 AD_PRES         24000                                      90                                                               
        101 Neena      Kochhar    NKOCHHAR   515.123.4568         21-SEP-89 AD_VP           17000                       100            90                                                               
        102 Lex        De Haan    LDEHAAN    515.123.4569         13-JAN-93 AD_VP           17000                       100            90                                                               
        103 Alexander  Hunold     AHUNOLD    590.423.4567         03-JAN-90 IT_PROG          9000                       102            60                                                               
        104 Bruce      Ernst      BERNST     590.423.4568         21-MAY-91 IT_PROG          6000                       103            60                                                               
        107 Diana      Lorentz    DLORENTZ   590.423.5567         07-FEB-99 IT_PROG          4200                       103            60                                                               
        124 Kevin      Mourgos    KMOURGOS   650.123.5234         16-NOV-99 ST_MAN           5800                       100            50                                                               
        141 Trenna     Rajs       TRAJS      650.121.8009         17-OCT-95 ST_CLERK         3500                       124            50                                                               
        142 Curtis     Davies     CDAVIES    650.121.2994         29-JAN-97 ST_CLERK         3100                       124            50                                                               
        143 Randall    Matos      RMATOS     650.121.2874         15-MAR-98 ST_CLERK         2600                       124            50                                                               
        144 Peter      Vargas     PVARGAS    650.121.2004         09-JUL-98 ST_CLERK         2500                       124            50                                                               
        149 Eleni      Zlotkey    EZLOTKEY   011.44.1344.429018   29-JAN-00 SA_MAN          10500             .2        100            80                                                               
        174 Ellen      Abel       EABEL      011.44.1644.429267   11-MAY-96 SA_REP          11000             .3        149            80                                                               
        176 Jonathon   Taylor     JTAYLOR    011.44.1644.429265   24-MAR-98 SA_REP           8600             .3        149            80                                                               
        178 Kimerely   Grant      KGRANT     011.44.1644.429263   24-MAY-99 SA_REP           7000            .15        149                                                                             
        200 Jennifer   Whalen     JWHALEN    515.123.4444         17-SEP-87 AD_ASST          4400                       101            10                                                               
        201 Michael    Hartstein  MHARTSTE   515.123.5555         17-FEB-96 MK_MAN          13000                       100            20                                                               
        202 Pat        Fay        PFAY       603.123.6666         17-AUG-97 MK_REP           6000                       201            20                                                               
        205 Shelley    Higgins    SHIGGINS   515.123.8080         07-JUN-94 AC_MGR          12000                       101           110                                                               
        206 William    Gietz      WGIETZ     515.123.8181         07-JUN-94 AC_ACCOUNT       8300                       205           110                                                               

20 rows selected.

SQL> SELECT FIRST_NAME ,MANAGER_ID , JOB_ID CASE MANAGER_ID || JOB_ID WHEN `103ST_CLERK' THEN SALARY + 2000 , WHEN 124'ST_CLERK' THEN SALARY * 0.15, WHEN 149'SA_REP' THEN SALARY - 750 ELSE SALARY * -0.125 END FROM EMPLOYEES;
ERROR:
ORA-01756: quoted string not properly terminated 


SQL> SELECT FIRST_NAME ,MANAGER_ID , JOB_ID CASE MANAGER_ID || JOB_ID WHEN '103ST_CLERK' THEN SALARY + 2000 , WHEN '124ST_CLERK' THEN SALARY * 0.15, WHEN '149SA_REP' THEN SALARY - 750 ELSE SALARY * -0.125 END FROM EMPLOYEES;
SELECT FIRST_NAME ,MANAGER_ID , JOB_ID CASE MANAGER_ID || JOB_ID WHEN '103ST_CLERK' THEN SALARY + 2000 , WHEN '124ST_CLERK' THEN SALARY * 0.15, WHEN '149SA_REP' THEN SALARY - 750 ELSE SALARY * -0.125 END FROM EMPLOYEES
                                            *
ERROR at line 1:
ORA-00923: FROM keyword not found where expected 


SQL> SELECT FIRST_NAME ,MANAGER_ID , JOB_ID, CASE MANAGER_ID || JOB_ID WHEN '103ST_CLERK' THEN SALARY + 2000 , WHEN '124ST_CLERK' THEN SALARY * 0.15, WHEN '149SA_REP' THEN SALARY - 750 ELSE SALARY * -0.125 END FROM EMPLOYEES;
SELECT FIRST_NAME ,MANAGER_ID , JOB_ID, CASE MANAGER_ID || JOB_ID WHEN '103ST_CLERK' THEN SALARY + 2000 , WHEN '124ST_CLERK' THEN SALARY * 0.15, WHEN '149SA_REP' THEN SALARY - 750 ELSE SALARY * -0.125 END FROM EMPLOYEES
                                                                                                        *
ERROR at line 1:
ORA-00905: missing keyword 


SQL> SELECT FIRST_NAME ,MANAGER_ID , JOB_ID, CASE MANAGER_ID || JOB_ID WHEN '103ST_CLERK' THEN SALARY + 2000 WHEN '124ST_CLERK' THEN SALARY * 0.15 WHEN '149SA_REP' THEN SALARY - 750 ELSE SALARY * -0.125 END FROM EMPLOYEES;

FIRST_NAME MANAGER_ID JOB_ID     CASEMANAGER_ID||JOB_IDWHEN'103ST_CLERK'THENSALARY+2000WHEN'124ST_CLERK'THENSALARY*0.15WHEN'149SA_REP'THENSALARY-750ELSESALARY*-0.125END                                
---------- ---------- ---------- ---------------------------------------------------------------------------------------------------------------------------------------                                
Steven                AD_PRES                                                                                                                                      -3000                                
Neena             100 AD_VP                                                                                                                                        -2125                                
Lex               100 AD_VP                                                                                                                                        -2125                                
Alexander         102 IT_PROG                                                                                                                                      -1125                                
Bruce             103 IT_PROG                                                                                                                                       -750                                
Diana             103 IT_PROG                                                                                                                                       -525                                
Kevin             100 ST_MAN                                                                                                                                        -725                                
Trenna            124 ST_CLERK                                                                                                                                       525                                
Curtis            124 ST_CLERK                                                                                                                                       465                                
Randall           124 ST_CLERK                                                                                                                                       390                                
Peter             124 ST_CLERK                                                                                                                                       375                                
Eleni             100 SA_MAN                                                                                                                                     -1312.5                                
Ellen             149 SA_REP                                                                                                                                       10250                                
Jonathon          149 SA_REP                                                                                                                                        7850                                
Kimerely          149 SA_REP                                                                                                                                        6250                                
Jennifer          101 AD_ASST                                                                                                                                       -550                                
Michael           100 MK_MAN                                                                                                                                       -1625                                
Pat               201 MK_REP                                                                                                                                        -750                                
Shelley           101 AC_MGR                                                                                                                                       -1500                                
William           205 AC_ACCOUNT                                                                                                                                 -1037.5                                

20 rows selected.

SQL> SELECT FIRST_NAME ,MANAGER_ID , JOB_ID, CASE MANAGER_ID || JOB_ID WHEN '103ST_CLERK' THEN SALARY + 2000 WHEN '124ST_CLERK' THEN SALARY * 0.15 WHEN '149SA_REP' THEN SALARY - 750 ELSE SALARY * -0.125 END NEW_SALARY FROM EMPLOYEES;

FIRST_NAME MANAGER_ID JOB_ID     NEW_SALARY                                                                                                                                                             
---------- ---------- ---------- ----------                                                                                                                                                             
Steven                AD_PRES         -3000                                                                                                                                                             
Neena             100 AD_VP           -2125                                                                                                                                                             
Lex               100 AD_VP           -2125                                                                                                                                                             
Alexander         102 IT_PROG         -1125                                                                                                                                                             
Bruce             103 IT_PROG          -750                                                                                                                                                             
Diana             103 IT_PROG          -525                                                                                                                                                             
Kevin             100 ST_MAN           -725                                                                                                                                                             
Trenna            124 ST_CLERK          525                                                                                                                                                             
Curtis            124 ST_CLERK          465                                                                                                                                                             
Randall           124 ST_CLERK          390                                                                                                                                                             
Peter             124 ST_CLERK          375                                                                                                                                                             
Eleni             100 SA_MAN        -1312.5                                                                                                                                                             
Ellen             149 SA_REP          10250                                                                                                                                                             
Jonathon          149 SA_REP           7850                                                                                                                                                             
Kimerely          149 SA_REP           6250                                                                                                                                                             
Jennifer          101 AD_ASST          -550                                                                                                                                                             
Michael           100 MK_MAN          -1625                                                                                                                                                             
Pat               201 MK_REP           -750                                                                                                                                                             
Shelley           101 AC_MGR          -1500                                                                                                                                                             
William           205 AC_ACCOUNT    -1037.5                                                                                                                                                             

20 rows selected.

SQL> SELECT FIRST_NAME ,MANAGER_ID , JOB_ID, SALARY , SALARY + CASE MANAGER_ID || JOB_ID WHEN '103ST_CLERK' THEN SALARY + 2000 WHEN '124ST_CLERK' THEN SALARY * 0.15 WHEN '149SA_REP' THEN SALARY - 750 ELSE SALARY * -0.125 END NEW_SALARY FROM EMPLOYEES;

FIRST_NAME MANAGER_ID JOB_ID         SALARY NEW_SALARY                                                                                                                                                  
---------- ---------- ---------- ---------- ----------                                                                                                                                                  
Steven                AD_PRES         24000      21000                                                                                                                                                  
Neena             100 AD_VP           17000      14875                                                                                                                                                  
Lex               100 AD_VP           17000      14875                                                                                                                                                  
Alexander         102 IT_PROG          9000       7875                                                                                                                                                  
Bruce             103 IT_PROG          6000       5250                                                                                                                                                  
Diana             103 IT_PROG          4200       3675                                                                                                                                                  
Kevin             100 ST_MAN           5800       5075                                                                                                                                                  
Trenna            124 ST_CLERK         3500       4025                                                                                                                                                  
Curtis            124 ST_CLERK         3100       3565                                                                                                                                                  
Randall           124 ST_CLERK         2600       2990                                                                                                                                                  
Peter             124 ST_CLERK         2500       2875                                                                                                                                                  
Eleni             100 SA_MAN          10500     9187.5                                                                                                                                                  
Ellen             149 SA_REP          11000      21250                                                                                                                                                  
Jonathon          149 SA_REP           8600      16450                                                                                                                                                  
Kimerely          149 SA_REP           7000      13250                                                                                                                                                  
Jennifer          101 AD_ASST          4400       3850                                                                                                                                                  
Michael           100 MK_MAN          13000      11375                                                                                                                                                  
Pat               201 MK_REP           6000       5250                                                                                                                                                  
Shelley           101 AC_MGR          12000      10500                                                                                                                                                  
William           205 AC_ACCOUNT       8300     7262.5                                                                                                                                                  

20 rows selected.

SQL> SELECT FIRST_NAME ,MANAGER_ID , JOB_ID, SALARY , CASE MANAGER_ID || JOB_ID WHEN '103ST_CLERK' THEN SALARY + 2000 WHEN '124ST_CLERK' THEN SALARY * 1.15 WHEN '149SA_REP' THEN SALARY - 750 ELSE SALARY - (SALARY * -0.125) END NEW_SALARY FROM EMPLOYEES;

FIRST_NAME MANAGER_ID JOB_ID         SALARY NEW_SALARY                                                                                                                                                  
---------- ---------- ---------- ---------- ----------                                                                                                                                                  
Steven                AD_PRES         24000      27000                                                                                                                                                  
Neena             100 AD_VP           17000      19125                                                                                                                                                  
Lex               100 AD_VP           17000      19125                                                                                                                                                  
Alexander         102 IT_PROG          9000      10125                                                                                                                                                  
Bruce             103 IT_PROG          6000       6750                                                                                                                                                  
Diana             103 IT_PROG          4200       4725                                                                                                                                                  
Kevin             100 ST_MAN           5800       6525                                                                                                                                                  
Trenna            124 ST_CLERK         3500       4025                                                                                                                                                  
Curtis            124 ST_CLERK         3100       3565                                                                                                                                                  
Randall           124 ST_CLERK         2600       2990                                                                                                                                                  
Peter             124 ST_CLERK         2500       2875                                                                                                                                                  
Eleni             100 SA_MAN          10500    11812.5                                                                                                                                                  
Ellen             149 SA_REP          11000      10250                                                                                                                                                  
Jonathon          149 SA_REP           8600       7850                                                                                                                                                  
Kimerely          149 SA_REP           7000       6250                                                                                                                                                  
Jennifer          101 AD_ASST          4400       4950                                                                                                                                                  
Michael           100 MK_MAN          13000      14625                                                                                                                                                  
Pat               201 MK_REP           6000       6750                                                                                                                                                  
Shelley           101 AC_MGR          12000      13500                                                                                                                                                  
William           205 AC_ACCOUNT       8300     9337.5                                                                                                                                                  

20 rows selected.

SQL> SELECT FIRST_NAME ,MANAGER_ID , JOB_ID, SALARY , CASE MANAGER_ID || JOB_ID WHEN '103ST_CLERK' THEN SALARY + 2000 WHEN '124ST_CLERK' THEN SALARY * 1.15 WHEN '149SA_REP' THEN SALARY - 750 ELSE SALARY - (SALARY * 0.125) END NEW_SALARY FROM EMPLOYEES;

FIRST_NAME MANAGER_ID JOB_ID         SALARY NEW_SALARY                                                                                                                                                  
---------- ---------- ---------- ---------- ----------                                                                                                                                                  
Steven                AD_PRES         24000      21000                                                                                                                                                  
Neena             100 AD_VP           17000      14875                                                                                                                                                  
Lex               100 AD_VP           17000      14875                                                                                                                                                  
Alexander         102 IT_PROG          9000       7875                                                                                                                                                  
Bruce             103 IT_PROG          6000       5250                                                                                                                                                  
Diana             103 IT_PROG          4200       3675                                                                                                                                                  
Kevin             100 ST_MAN           5800       5075                                                                                                                                                  
Trenna            124 ST_CLERK         3500       4025                                                                                                                                                  
Curtis            124 ST_CLERK         3100       3565                                                                                                                                                  
Randall           124 ST_CLERK         2600       2990                                                                                                                                                  
Peter             124 ST_CLERK         2500       2875                                                                                                                                                  
Eleni             100 SA_MAN          10500     9187.5                                                                                                                                                  
Ellen             149 SA_REP          11000      10250                                                                                                                                                  
Jonathon          149 SA_REP           8600       7850                                                                                                                                                  
Kimerely          149 SA_REP           7000       6250                                                                                                                                                  
Jennifer          101 AD_ASST          4400       3850                                                                                                                                                  
Michael           100 MK_MAN          13000      11375                                                                                                                                                  
Pat               201 MK_REP           6000       5250                                                                                                                                                  
Shelley           101 AC_MGR          12000      10500                                                                                                                                                  
William           205 AC_ACCOUNT       8300     7262.5                                                                                                                                                  

20 rows selected.

SQL> REM SALARY RANGE : 0-6000 40% , 6001-10000 30% , 10001-13000 20% , REMAINING 10%
SQL> 
SQL> SELECT FIRST_NAME , SALARY ,
  2  CASE WHEN SALARY BETWEEN     0 AND  6000 THEN SALARY * 1.4
  3       WHEN SALARY BETWEEN  6001 AND 10000 THEN SALARY * 1.3
  4       WHEN SALARY BETWEEN 10001 AND 13000 THEN SALARY * 1.2 ELSE SALARY * 1.1 END NEW_SALARY
  5  FROM EMPLOYEES
  6  ORDER BY 2;

FIRST_NAME     SALARY NEW_SALARY                                                                                                                                                                        
---------- ---------- ----------                                                                                                                                                                        
Peter            2500       3500                                                                                                                                                                        
Randall          2600       3640                                                                                                                                                                        
Curtis           3100       4340                                                                                                                                                                        
Trenna           3500       4900                                                                                                                                                                        
Diana            4200       5880                                                                                                                                                                        
Jennifer         4400       6160                                                                                                                                                                        
Kevin            5800       8120                                                                                                                                                                        
Bruce            6000       8400                                                                                                                                                                        
Pat              6000       8400                                                                                                                                                                        
Kimerely         7000       9100                                                                                                                                                                        
William          8300      10790                                                                                                                                                                        
Jonathon         8600      11180                                                                                                                                                                        
Alexander        9000      11700                                                                                                                                                                        
Eleni           10500      12600                                                                                                                                                                        
Ellen           11000      13200                                                                                                                                                                        
Shelley         12000      14400                                                                                                                                                                        
Michael         13000      15600                                                                                                                                                                        
Neena           17000      18700                                                                                                                                                                        
Lex             17000      18700                                                                                                                                                                        
Steven          24000      26400                                                                                                                                                                        

20 rows selected.

SQL> REM DEPARTMENT_ID : 10 110 60 +1500 , 20 80 +1200 REMAINING -600
SQL> 
SQL> SELECT FIRST_NAME, DEPARTMENT_ID, SALARY, CASE WHEN DEPARTMENT_ID IN (10, 110, 60) THEN SALARY + 1500
  2                                                 WHEN DEPARTMENT_ID IN (20, 80) THEN SALARY + 1200 ELSE SALARY - 600 END FROM EMPLOYEES;

FIRST_NAME DEPARTMENT_ID     SALARY CASEWHENDEPARTMENT_IDIN(10,110,60)THENSALARY+1500WHENDEPARTMENT_IDIN(20,80)THENSALARY+1200ELSESALARY-600END                                                         
---------- ------------- ---------- -----------------------------------------------------------------------------------------------------------                                                         
Steven                90      24000                                                                                                       23400                                                         
Neena                 90      17000                                                                                                       16400                                                         
Lex                   90      17000                                                                                                       16400                                                         
Alexander             60       9000                                                                                                       10500                                                         
Bruce                 60       6000                                                                                                        7500                                                         
Diana                 60       4200                                                                                                        5700                                                         
Kevin                 50       5800                                                                                                        5200                                                         
Trenna                50       3500                                                                                                        2900                                                         
Curtis                50       3100                                                                                                        2500                                                         
Randall               50       2600                                                                                                        2000                                                         
Peter                 50       2500                                                                                                        1900                                                         
Eleni                 80      10500                                                                                                       11700                                                         
Ellen                 80      11000                                                                                                       12200                                                         
Jonathon              80       8600                                                                                                        9800                                                         
Kimerely                       7000                                                                                                        6400                                                         
Jennifer              10       4400                                                                                                        5900                                                         
Michael               20      13000                                                                                                       14200                                                         
Pat                   20       6000                                                                                                        7200                                                         
Shelley              110      12000                                                                                                       13500                                                         
William              110       8300                                                                                                        9800                                                         

20 rows selected.

SQL> SELECT FIRST_NAME, DEPARTMENT_ID, SALARY, CASE WHEN DEPARTMENT_ID = ANY (10, 110, 60) THEN SALARY + 1500
  2                                                 WHEN DEPARTMENT_ID = ANY (20, 80) THEN SALARY + 1200 ELSE SALARY - 600 END FROM EMPLOYEES;

FIRST_NAME DEPARTMENT_ID     SALARY CASEWHENDEPARTMENT_ID=ANY(10,110,60)THENSALARY+1500WHENDEPARTMENT_ID=ANY(20,80)THENSALARY+1200ELSESALARY-600END                                                     
---------- ------------- ---------- ---------------------------------------------------------------------------------------------------------------                                                     
Steven                90      24000                                                                                                           23400                                                     
Neena                 90      17000                                                                                                           16400                                                     
Lex                   90      17000                                                                                                           16400                                                     
Alexander             60       9000                                                                                                           10500                                                     
Bruce                 60       6000                                                                                                            7500                                                     
Diana                 60       4200                                                                                                            5700                                                     
Kevin                 50       5800                                                                                                            5200                                                     
Trenna                50       3500                                                                                                            2900                                                     
Curtis                50       3100                                                                                                            2500                                                     
Randall               50       2600                                                                                                            2000                                                     
Peter                 50       2500                                                                                                            1900                                                     
Eleni                 80      10500                                                                                                           11700                                                     
Ellen                 80      11000                                                                                                           12200                                                     
Jonathon              80       8600                                                                                                            9800                                                     
Kimerely                       7000                                                                                                            6400                                                     
Jennifer              10       4400                                                                                                            5900                                                     
Michael               20      13000                                                                                                           14200                                                     
Pat                   20       6000                                                                                                            7200                                                     
Shelley              110      12000                                                                                                           13500                                                     
William              110       8300                                                                                                            9800                                                     

20 rows selected.

SQL> 
SQL> SELECT FIRST_NAME, DEPARTMENT_ID, SALARY, CASE WHEN DEPARTMENT_ID = SOME (10, 110, 60) THEN SALARY + 1500
  2                                                 WHEN DEPARTMENT_ID = SOME (20, 80) THEN SALARY + 1200 ELSE SALARY - 600 END FROM EMPLOYEES;

FIRST_NAME DEPARTMENT_ID     SALARY CASEWHENDEPARTMENT_ID=SOME(10,110,60)THENSALARY+1500WHENDEPARTMENT_ID=SOME(20,80)THENSALARY+1200ELSESALARY-600END                                                   
---------- ------------- ---------- -----------------------------------------------------------------------------------------------------------------                                                   
Steven                90      24000                                                                                                             23400                                                   
Neena                 90      17000                                                                                                             16400                                                   
Lex                   90      17000                                                                                                             16400                                                   
Alexander             60       9000                                                                                                             10500                                                   
Bruce                 60       6000                                                                                                              7500                                                   
Diana                 60       4200                                                                                                              5700                                                   
Kevin                 50       5800                                                                                                              5200                                                   
Trenna                50       3500                                                                                                              2900                                                   
Curtis                50       3100                                                                                                              2500                                                   
Randall               50       2600                                                                                                              2000                                                   
Peter                 50       2500                                                                                                              1900                                                   
Eleni                 80      10500                                                                                                             11700                                                   
Ellen                 80      11000                                                                                                             12200                                                   
Jonathon              80       8600                                                                                                              9800                                                   
Kimerely                       7000                                                                                                              6400                                                   
Jennifer              10       4400                                                                                                              5900                                                   
Michael               20      13000                                                                                                             14200                                                   
Pat                   20       6000                                                                                                              7200                                                   
Shelley              110      12000                                                                                                             13500                                                   
William              110       8300                                                                                                              9800                                                   

20 rows selected.

SQL> SELECT FIRST_NAME,DEPARTMENT_ID,CASE WHEN DEPARTMENT_ID=10 OR DEPARTMENT_ID=110 ORDEPARTMENT_ID=60 THEN SALARY+1500 WHEN DEPARTMENT_ID=20 OR DEPARTMENT_ID=80 THEN SALARY+1200 ELSE SALARY-600 END FROM EMPLOYEES
  2  
SQL> 
SQL> SELECT FIRST_NAME,DEPARTMENT_ID,CASE WHEN DEPARTMENT_ID=10 OR DEPARTMENT_ID=110 OR DEPARTMENT_ID=60 THEN SALARY+1500 WHEN DEPARTMENT_ID=20 OR DEPARTMENT_ID=80 THEN SALARY+1200 ELSE SALARY-600 END FROM EMPLOYEES
  2  ;

FIRST_NAME DEPARTMENT_ID CASEWHENDEPARTMENT_ID=10ORDEPARTMENT_ID=110ORDEPARTMENT_ID=60THENSALARY+1500WHENDEPARTMENT_ID=20ORDEPARTMENT_ID=80THENSALARY+1200ELSESALARY-600END                             
---------- ------------- --------------------------------------------------------------------------------------------------------------------------------------------------                             
Steven                90                                                                                                                                              23400                             
Neena                 90                                                                                                                                              16400                             
Lex                   90                                                                                                                                              16400                             
Alexander             60                                                                                                                                              10500                             
Bruce                 60                                                                                                                                               7500                             
Diana                 60                                                                                                                                               5700                             
Kevin                 50                                                                                                                                               5200                             
Trenna                50                                                                                                                                               2900                             
Curtis                50                                                                                                                                               2500                             
Randall               50                                                                                                                                               2000                             
Peter                 50                                                                                                                                               1900                             
Eleni                 80                                                                                                                                              11700                             
Ellen                 80                                                                                                                                              12200                             
Jonathon              80                                                                                                                                               9800                             
Kimerely                                                                                                                                                               6400                             
Jennifer              10                                                                                                                                               5900                             
Michael               20                                                                                                                                              14200                             
Pat                   20                                                                                                                                               7200                             
Shelley              110                                                                                                                                              13500                             
William              110                                                                                                                                               9800                             

20 rows selected.

SQL> SELECT FIRST_NAME,DEPARTMENT_ID,CASE WHEN DEPARTMENT_ID=10 OR DEPARTMENT_ID=110 OR DEPARTMENT_ID=60 THEN SALARY+1500 WHEN DEPARTMENT_ID=20 OR DEPARTMENT_ID=80 THEN SALARY+1200 ELSE SALARY-600 END NEW_SALARY FROM EMPLOYEES
  2  ;

FIRST_NAME DEPARTMENT_ID NEW_SALARY                                                                                                                                                                     
---------- ------------- ----------                                                                                                                                                                     
Steven                90      23400                                                                                                                                                                     
Neena                 90      16400                                                                                                                                                                     
Lex                   90      16400                                                                                                                                                                     
Alexander             60      10500                                                                                                                                                                     
Bruce                 60       7500                                                                                                                                                                     
Diana                 60       5700                                                                                                                                                                     
Kevin                 50       5200                                                                                                                                                                     
Trenna                50       2900                                                                                                                                                                     
Curtis                50       2500                                                                                                                                                                     
Randall               50       2000                                                                                                                                                                     
Peter                 50       1900                                                                                                                                                                     
Eleni                 80      11700                                                                                                                                                                     
Ellen                 80      12200                                                                                                                                                                     
Jonathon              80       9800                                                                                                                                                                     
Kimerely                       6400                                                                                                                                                                     
Jennifer              10       5900                                                                                                                                                                     
Michael               20      14200                                                                                                                                                                     
Pat                   20       7200                                                                                                                                                                     
Shelley              110      13500                                                                                                                                                                     
William              110       9800                                                                                                                                                                     

20 rows selected.

SQL> SELECT FIRST_NAME,DEPARTMENT_ID,SALARY , CASE WHEN DEPARTMENT_ID=10 OR DEPARTMENT_ID=110 OR DEPARTMENT_ID=60 THEN SALARY+1500 WHEN DEPARTMENT_ID=20 OR DEPARTMENT_ID=80 THEN SALARY+1200 ELSE SALARY-600 END NEW_SALARY FROM EMPLOYEES
  2  ;

FIRST_NAME DEPARTMENT_ID     SALARY NEW_SALARY                                                                                                                                                          
---------- ------------- ---------- ----------                                                                                                                                                          
Steven                90      24000      23400                                                                                                                                                          
Neena                 90      17000      16400                                                                                                                                                          
Lex                   90      17000      16400                                                                                                                                                          
Alexander             60       9000      10500                                                                                                                                                          
Bruce                 60       6000       7500                                                                                                                                                          
Diana                 60       4200       5700                                                                                                                                                          
Kevin                 50       5800       5200                                                                                                                                                          
Trenna                50       3500       2900                                                                                                                                                          
Curtis                50       3100       2500                                                                                                                                                          
Randall               50       2600       2000                                                                                                                                                          
Peter                 50       2500       1900                                                                                                                                                          
Eleni                 80      10500      11700                                                                                                                                                          
Ellen                 80      11000      12200                                                                                                                                                          
Jonathon              80       8600       9800                                                                                                                                                          
Kimerely                       7000       6400                                                                                                                                                          
Jennifer              10       4400       5900                                                                                                                                                          
Michael               20      13000      14200                                                                                                                                                          
Pat                   20       6000       7200                                                                                                                                                          
Shelley              110      12000      13500                                                                                                                                                          
William              110       8300       9800                                                                                                                                                          

20 rows selected.

SQL> select FIRST_NAME,SALARY,DEPARTMENT_ID,CASE WHEN DEPARTMENT_ID=ANY(10,110,60) THEN SALARY+1500 WHEN DEPARTMENT_ID=ANY(20,80) THEN SALARY+1200 ELSE SALARY-600 END NEW_SALARY FROM EMPLOYEES
  2  ;

FIRST_NAME     SALARY DEPARTMENT_ID NEW_SALARY                                                                                                                                                          
---------- ---------- ------------- ----------                                                                                                                                                          
Steven          24000            90      23400                                                                                                                                                          
Neena           17000            90      16400                                                                                                                                                          
Lex             17000            90      16400                                                                                                                                                          
Alexander        9000            60      10500                                                                                                                                                          
Bruce            6000            60       7500                                                                                                                                                          
Diana            4200            60       5700                                                                                                                                                          
Kevin            5800            50       5200                                                                                                                                                          
Trenna           3500            50       2900                                                                                                                                                          
Curtis           3100            50       2500                                                                                                                                                          
Randall          2600            50       2000                                                                                                                                                          
Peter            2500            50       1900                                                                                                                                                          
Eleni           10500            80      11700                                                                                                                                                          
Ellen           11000            80      12200                                                                                                                                                          
Jonathon         8600            80       9800                                                                                                                                                          
Kimerely         7000                     6400                                                                                                                                                          
Jennifer         4400            10       5900                                                                                                                                                          
Michael         13000            20      14200                                                                                                                                                          
Pat              6000            20       7200                                                                                                                                                          
Shelley         12000           110      13500                                                                                                                                                          
William          8300           110       9800                                                                                                                                                          

20 rows selected.

SQL> REM DEPARTMENT_ID : 10 110 60 +1500 , 20 80 +1200 REMAINING -600
SQL> 
SQL>      WHEN SALARY BETWEEN 10001 AND 13000 THEN SALARY * 1.2 END NEW_SALARY
SP2-0734: unknown command beginning "WHEN SALAR..." - rest of line ignored.
SQL> 
SQL> select FIRST_NAME,SALARY,DEPARTMENT_ID,CASE WHEN DEPARTMENT_ID=ANY(10,110,60) THEN SALARY+1500 WHEN DEPARTMENT_ID=ANY(20,80) THEN SALARY+1200 END NEW_SALARY FROM EMPLOYEES;

FIRST_NAME     SALARY DEPARTMENT_ID NEW_SALARY                                                                                                                                                          
---------- ---------- ------------- ----------                                                                                                                                                          
Steven          24000            90                                                                                                                                                                     
Neena           17000            90                                                                                                                                                                     
Lex             17000            90                                                                                                                                                                     
Alexander        9000            60      10500                                                                                                                                                          
Bruce            6000            60       7500                                                                                                                                                          
Diana            4200            60       5700                                                                                                                                                          
Kevin            5800            50                                                                                                                                                                     
Trenna           3500            50                                                                                                                                                                     
Curtis           3100            50                                                                                                                                                                     
Randall          2600            50                                                                                                                                                                     
Peter            2500            50                                                                                                                                                                     
Eleni           10500            80      11700                                                                                                                                                          
Ellen           11000            80      12200                                                                                                                                                          
Jonathon         8600            80       9800                                                                                                                                                          
Kimerely         7000                                                                                                                                                                                   
Jennifer         4400            10       5900                                                                                                                                                          
Michael         13000            20      14200                                                                                                                                                          
Pat              6000            20       7200                                                                                                                                                          
Shelley         12000           110      13500                                                                                                                                                          
William          8300           110       9800                                                                                                                                                          

20 rows selected.

SQL> select FIRST_NAME,SALARY,DEPARTMENT_ID,CASE WHEN DEPARTMENT_ID=ANY(10,110,60) THEN SALARY+1500 WHEN DEPARTMENT_ID=ANY(20,80) THEN SALARY+1200 ELSE SALARY END NEW_SALARY FROM EMPLOYEES;

FIRST_NAME     SALARY DEPARTMENT_ID NEW_SALARY                                                                                                                                                          
---------- ---------- ------------- ----------                                                                                                                                                          
Steven          24000            90      24000                                                                                                                                                          
Neena           17000            90      17000                                                                                                                                                          
Lex             17000            90      17000                                                                                                                                                          
Alexander        9000            60      10500                                                                                                                                                          
Bruce            6000            60       7500                                                                                                                                                          
Diana            4200            60       5700                                                                                                                                                          
Kevin            5800            50       5800                                                                                                                                                          
Trenna           3500            50       3500                                                                                                                                                          
Curtis           3100            50       3100                                                                                                                                                          
Randall          2600            50       2600                                                                                                                                                          
Peter            2500            50       2500                                                                                                                                                          
Eleni           10500            80      11700                                                                                                                                                          
Ellen           11000            80      12200                                                                                                                                                          
Jonathon         8600            80       9800                                                                                                                                                          
Kimerely         7000                     7000                                                                                                                                                          
Jennifer         4400            10       5900                                                                                                                                                          
Michael         13000            20      14200                                                                                                                                                          
Pat              6000            20       7200                                                                                                                                                          
Shelley         12000           110      13500                                                                                                                                                          
William          8300           110       9800                                                                                                                                                          

20 rows selected.

SQL> SELECT * FROM EMPLOYEES;

EMPLOYEE_ID FIRST_NAME LAST_NAME  EMAIL      PHONE_NUMBER         HIRE_DATE JOB_ID         SALARY COMMISSION_PCT MANAGER_ID DEPARTMENT_ID                                                               
----------- ---------- ---------- ---------- -------------------- --------- ---------- ---------- -------------- ---------- -------------                                                               
        100 Steven     King       SKING      515.123.4567         17-JUL-87 AD_PRES         24000                                      90                                                               
        101 Neena      Kochhar    NKOCHHAR   515.123.4568         21-SEP-89 AD_VP           17000                       100            90                                                               
        102 Lex        De Haan    LDEHAAN    515.123.4569         13-JAN-93 AD_VP           17000                       100            90                                                               
        103 Alexander  Hunold     AHUNOLD    590.423.4567         03-JAN-90 IT_PROG          9000                       102            60                                                               
        104 Bruce      Ernst      BERNST     590.423.4568         21-MAY-91 IT_PROG          6000                       103            60                                                               
        107 Diana      Lorentz    DLORENTZ   590.423.5567         07-FEB-99 IT_PROG          4200                       103            60                                                               
        124 Kevin      Mourgos    KMOURGOS   650.123.5234         16-NOV-99 ST_MAN           5800                       100            50                                                               
        141 Trenna     Rajs       TRAJS      650.121.8009         17-OCT-95 ST_CLERK         3500                       124            50                                                               
        142 Curtis     Davies     CDAVIES    650.121.2994         29-JAN-97 ST_CLERK         3100                       124            50                                                               
        143 Randall    Matos      RMATOS     650.121.2874         15-MAR-98 ST_CLERK         2600                       124            50                                                               
        144 Peter      Vargas     PVARGAS    650.121.2004         09-JUL-98 ST_CLERK         2500                       124            50                                                               
        149 Eleni      Zlotkey    EZLOTKEY   011.44.1344.429018   29-JAN-00 SA_MAN          10500             .2        100            80                                                               
        174 Ellen      Abel       EABEL      011.44.1644.429267   11-MAY-96 SA_REP          11000             .3        149            80                                                               
        176 Jonathon   Taylor     JTAYLOR    011.44.1644.429265   24-MAR-98 SA_REP           8600             .3        149            80                                                               
        178 Kimerely   Grant      KGRANT     011.44.1644.429263   24-MAY-99 SA_REP           7000            .15        149                                                                             
        200 Jennifer   Whalen     JWHALEN    515.123.4444         17-SEP-87 AD_ASST          4400                       101            10                                                               
        201 Michael    Hartstein  MHARTSTE   515.123.5555         17-FEB-96 MK_MAN          13000                       100            20                                                               
        202 Pat        Fay        PFAY       603.123.6666         17-AUG-97 MK_REP           6000                       201            20                                                               
        205 Shelley    Higgins    SHIGGINS   515.123.8080         07-JUN-94 AC_MGR          12000                       101           110                                                               
        206 William    Gietz      WGIETZ     515.123.8181         07-JUN-94 AC_ACCOUNT       8300                       205           110                                                               

20 rows selected.

SQL> REM UPTO YEAR 90 +2000 , 91-94 20% , 95-98 -1000 , REMAINING -10%
SQL> 
SQL> SELECT HIRE_DATE, CASE WHEN
  2   HIRE_DATE <=31-DEC-90  THEN SALARY+2000
  3  WHEN
  4  HIRE_DATE BETWEEN '1-JAN-91'AND'31-DEC-94' THEN SALARY*1.2
  5  WHEN
  6  HIRE_DATE BETWEEN '1-JAN-95' AND'31-DEC-98' THEN SALARY-1000
  7  ELSE
  8  SALARY-SALARY*.1 END FROM EMPLOYEES;
 HIRE_DATE <=31-DEC-90  THEN SALARY+2000
                *
ERROR at line 2:
ORA-00904: "DEC": invalid identifier 


SQL> SELECT FIRST_NAME , SALARY , HIRE_DATE, CASE WHEN
  2   HIRE_DATE <=31-DEC-90  THEN SALARY+2000
  3  WHEN
  4  HIRE_DATE BETWEEN '1-JAN-91'AND'31-DEC-94' THEN SALARY*1.2
  5  WHEN
  6  HIRE_DATE BETWEEN '1-JAN-95' AND'31-DEC-98' THEN SALARY-1000
  7  ELSE
  8  SALARY-SALARY*.1 END FROM EMPLOYEES;
 HIRE_DATE <=31-DEC-90  THEN SALARY+2000
                *
ERROR at line 2:
ORA-00904: "DEC": invalid identifier 


SQL> SELECT FIRST_NAME , SALARY , HIRE_DATE, CASE WHEN
  2   HIRE_DATE <='31-DEC-90'  THEN SALARY+2000
  3  WHEN
  4  HIRE_DATE BETWEEN '1-JAN-91'AND'31-DEC-94' THEN SALARY*1.2
  5  WHEN
  6  HIRE_DATE BETWEEN '1-JAN-95' AND'31-DEC-98' THEN SALARY-1000
  7  ELSE
  8  SALARY-SALARY*.1 END FROM EMPLOYEES;

FIRST_NAME     SALARY HIRE_DATE                                                                                                                                                                         
---------- ---------- ---------                                                                                                                                                                         
CASEWHENHIRE_DATE<='31-DEC-90'THENSALARY+2000WHENHIRE_DATEBETWEEN'1-JAN-91'AND'31-DEC-94'THENSALARY*1.2WHENHIRE_DATEBETWEEN'1-JAN-95'AND'31-DEC-98'THENSALARY-1000ELSESALARY-SALARY*.1END               
-----------------------------------------------------------------------------------------------------------------------------------------------------------------------------------------               
Steven          24000 17-JUL-87                                                                                                                                                                         
                                                                                                                                                                                    26000               
                                                                                                                                                                                                        
Neena           17000 21-SEP-89                                                                                                                                                                         
                                                                                                                                                                                    19000               
                                                                                                                                                                                                        
Lex             17000 13-JAN-93                                                                                                                                                                         
                                                                                                                                                                                    20400               
                                                                                                                                                                                                        
Alexander        9000 03-JAN-90                                                                                                                                                                         
                                                                                                                                                                                    11000               
                                                                                                                                                                                                        
Bruce            6000 21-MAY-91                                                                                                                                                                         
                                                                                                                                                                                     7200               
                                                                                                                                                                                                        
Diana            4200 07-FEB-99                                                                                                                                                                         
                                                                                                                                                                                     3780               
                                                                                                                                                                                                        
Kevin            5800 16-NOV-99                                                                                                                                                                         

FIRST_NAME     SALARY HIRE_DATE                                                                                                                                                                         
---------- ---------- ---------                                                                                                                                                                         
CASEWHENHIRE_DATE<='31-DEC-90'THENSALARY+2000WHENHIRE_DATEBETWEEN'1-JAN-91'AND'31-DEC-94'THENSALARY*1.2WHENHIRE_DATEBETWEEN'1-JAN-95'AND'31-DEC-98'THENSALARY-1000ELSESALARY-SALARY*.1END               
-----------------------------------------------------------------------------------------------------------------------------------------------------------------------------------------               
                                                                                                                                                                                     5220               
                                                                                                                                                                                                        
Trenna           3500 17-OCT-95                                                                                                                                                                         
                                                                                                                                                                                     2500               
                                                                                                                                                                                                        
Curtis           3100 29-JAN-97                                                                                                                                                                         
                                                                                                                                                                                     2100               
                                                                                                                                                                                                        
Randall          2600 15-MAR-98                                                                                                                                                                         
                                                                                                                                                                                     1600               
                                                                                                                                                                                                        
Peter            2500 09-JUL-98                                                                                                                                                                         
                                                                                                                                                                                     1500               
                                                                                                                                                                                                        
Eleni           10500 29-JAN-00                                                                                                                                                                         
                                                                                                                                                                                     9450               
                                                                                                                                                                                                        
Ellen           11000 11-MAY-96                                                                                                                                                                         
                                                                                                                                                                                    10000               

FIRST_NAME     SALARY HIRE_DATE                                                                                                                                                                         
---------- ---------- ---------                                                                                                                                                                         
CASEWHENHIRE_DATE<='31-DEC-90'THENSALARY+2000WHENHIRE_DATEBETWEEN'1-JAN-91'AND'31-DEC-94'THENSALARY*1.2WHENHIRE_DATEBETWEEN'1-JAN-95'AND'31-DEC-98'THENSALARY-1000ELSESALARY-SALARY*.1END               
-----------------------------------------------------------------------------------------------------------------------------------------------------------------------------------------               
                                                                                                                                                                                                        
Jonathon         8600 24-MAR-98                                                                                                                                                                         
                                                                                                                                                                                     7600               
                                                                                                                                                                                                        
Kimerely         7000 24-MAY-99                                                                                                                                                                         
                                                                                                                                                                                     6300               
                                                                                                                                                                                                        
Jennifer         4400 17-SEP-87                                                                                                                                                                         
                                                                                                                                                                                     6400               
                                                                                                                                                                                                        
Michael         13000 17-FEB-96                                                                                                                                                                         
                                                                                                                                                                                    12000               
                                                                                                                                                                                                        
Pat              6000 17-AUG-97                                                                                                                                                                         
                                                                                                                                                                                     5000               
                                                                                                                                                                                                        
Shelley         12000 07-JUN-94                                                                                                                                                                         
                                                                                                                                                                                    14400               
                                                                                                                                                                                                        

FIRST_NAME     SALARY HIRE_DATE                                                                                                                                                                         
---------- ---------- ---------                                                                                                                                                                         
CASEWHENHIRE_DATE<='31-DEC-90'THENSALARY+2000WHENHIRE_DATEBETWEEN'1-JAN-91'AND'31-DEC-94'THENSALARY*1.2WHENHIRE_DATEBETWEEN'1-JAN-95'AND'31-DEC-98'THENSALARY-1000ELSESALARY-SALARY*.1END               
-----------------------------------------------------------------------------------------------------------------------------------------------------------------------------------------               
William          8300 07-JUN-94                                                                                                                                                                         
                                                                                                                                                                                     9960               
                                                                                                                                                                                                        

20 rows selected.

SQL> SELECT FIRST_NAME , SALARY , HIRE_DATE, CASE WHEN
  2   HIRE_DATE <='31-DEC-90'  THEN SALARY+2000
  3  WHEN
  4  HIRE_DATE BETWEEN '1-JAN-91'AND'31-DEC-94' THEN SALARY*1.2
  5  WHEN
  6  HIRE_DATE BETWEEN '1-JAN-95' AND'31-DEC-98' THEN SALARY-1000
  7  ELSE
  8  SALARY-SALARY*.1 END NEW_SALARY FROM EMPLOYEES;

FIRST_NAME     SALARY HIRE_DATE NEW_SALARY                                                                                                                                                              
---------- ---------- --------- ----------                                                                                                                                                              
Steven          24000 17-JUL-87      26000                                                                                                                                                              
Neena           17000 21-SEP-89      19000                                                                                                                                                              
Lex             17000 13-JAN-93      20400                                                                                                                                                              
Alexander        9000 03-JAN-90      11000                                                                                                                                                              
Bruce            6000 21-MAY-91       7200                                                                                                                                                              
Diana            4200 07-FEB-99       3780                                                                                                                                                              
Kevin            5800 16-NOV-99       5220                                                                                                                                                              
Trenna           3500 17-OCT-95       2500                                                                                                                                                              
Curtis           3100 29-JAN-97       2100                                                                                                                                                              
Randall          2600 15-MAR-98       1600                                                                                                                                                              
Peter            2500 09-JUL-98       1500                                                                                                                                                              
Eleni           10500 29-JAN-00       9450                                                                                                                                                              
Ellen           11000 11-MAY-96      10000                                                                                                                                                              
Jonathon         8600 24-MAR-98       7600                                                                                                                                                              
Kimerely         7000 24-MAY-99       6300                                                                                                                                                              
Jennifer         4400 17-SEP-87       6400                                                                                                                                                              
Michael         13000 17-FEB-96      12000                                                                                                                                                              
Pat              6000 17-AUG-97       5000                                                                                                                                                              
Shelley         12000 07-JUN-94      14400                                                                                                                                                              
William          8300 07-JUN-94       9960                                                                                                                                                              

20 rows selected.

SQL> REM 26 ALPHABETS : AEIOU : COUNT : 1 10% , 2 20% , 3 30% , REMAINING 40%
SQL> 
SQL> SPOOL OFF
