SQL> 
SQL> CL SCR

SQL> REM DISPLAY THOSE WHOSE SALARY IS IN THE RANGE OF 6000 AND 11000 AND WHOSE HIREYEAR IS IN THE RANGE OF 93 TO 98 (DON'T USE BETWEEN)
SQL> 
SQL> SELECT FIRST_NAME , SALARY , HIRE_DATE
  2  FROM EMPLOYEES
  3  WHERE SALARY >= 6000 AND SALARY <= 11000
  4  AND   HIRE_DATE >= '01-JAN-93' AND HIRE_DATE <= '31-DEC-98';

FIRST_NAME     SALARY HIRE_DATE                                                 
---------- ---------- ---------                                                 
Ellen           11000 11-MAY-96                                                 
Jonathon         8600 24-MAR-98                                                 
Pat              6000 17-AUG-97                                                 
William          8300 07-JUN-94                                                 

SQL> REM IN , = ANY , = SOME , OR
SQL> 
SQL> REM BETWEEN , AND
SQL> 
SQL> REM CHARACTER FUNCTIONS : LOWER UPPER INITCAP
SQL> 
SQL> REM CHARACTER FUNCTIONS : CONCAT  LPAD RPAD   LTRIM RTRIM TRIM   LENGTH   TRANSLATE REPLACE    SUBSTR INSTR
SQL> 
SQL> SET LINES 200 PAGES 24
SQL> 
SQL> SELECT HIRE_DATE , LTRIM(HIRE_DATE,'1') FROM EMPLOYEES;

HIRE_DATE LTRIM(HIRE_DATE,'1                                                                                                                                                                            
--------- ------------------                                                                                                                                                                            
17-JUL-87 7-JUL-87                                                                                                                                                                                      
21-SEP-89 21-SEP-89                                                                                                                                                                                     
13-JAN-93 3-JAN-93                                                                                                                                                                                      
03-JAN-90 03-JAN-90                                                                                                                                                                                     
21-MAY-91 21-MAY-91                                                                                                                                                                                     
07-FEB-99 07-FEB-99                                                                                                                                                                                     
16-NOV-99 6-NOV-99                                                                                                                                                                                      
17-OCT-95 7-OCT-95                                                                                                                                                                                      
29-JAN-97 29-JAN-97                                                                                                                                                                                     
15-MAR-98 5-MAR-98                                                                                                                                                                                      
09-JUL-98 09-JUL-98                                                                                                                                                                                     
29-JAN-00 29-JAN-00                                                                                                                                                                                     
11-MAY-96 -MAY-96                                                                                                                                                                                       
24-MAR-98 24-MAR-98                                                                                                                                                                                     
24-MAY-99 24-MAY-99                                                                                                                                                                                     
17-SEP-87 7-SEP-87                                                                                                                                                                                      
17-FEB-96 7-FEB-96                                                                                                                                                                                      
17-AUG-97 7-AUG-97                                                                                                                                                                                      
07-JUN-94 07-JUN-94                                                                                                                                                                                     
07-JUN-94 07-JUN-94                                                                                                                                                                                     

20 rows selected.

SQL> SELECT HIRE_DATE , LTRIM(HIRE_DATE,'71') FROM EMPLOYEES;

HIRE_DATE LTRIM(HIRE_DATE,'7                                                                                                                                                                            
--------- ------------------                                                                                                                                                                            
17-JUL-87 -JUL-87                                                                                                                                                                                       
21-SEP-89 21-SEP-89                                                                                                                                                                                     
13-JAN-93 3-JAN-93                                                                                                                                                                                      
03-JAN-90 03-JAN-90                                                                                                                                                                                     
21-MAY-91 21-MAY-91                                                                                                                                                                                     
07-FEB-99 07-FEB-99                                                                                                                                                                                     
16-NOV-99 6-NOV-99                                                                                                                                                                                      
17-OCT-95 -OCT-95                                                                                                                                                                                       
29-JAN-97 29-JAN-97                                                                                                                                                                                     
15-MAR-98 5-MAR-98                                                                                                                                                                                      
09-JUL-98 09-JUL-98                                                                                                                                                                                     
29-JAN-00 29-JAN-00                                                                                                                                                                                     
11-MAY-96 -MAY-96                                                                                                                                                                                       
24-MAR-98 24-MAR-98                                                                                                                                                                                     
24-MAY-99 24-MAY-99                                                                                                                                                                                     
17-SEP-87 -SEP-87                                                                                                                                                                                       
17-FEB-96 -FEB-96                                                                                                                                                                                       
17-AUG-97 -AUG-97                                                                                                                                                                                       
07-JUN-94 07-JUN-94                                                                                                                                                                                     
07-JUN-94 07-JUN-94                                                                                                                                                                                     

20 rows selected.

SQL> REM JUL-87
SQL> REM SEP-89
SQL> 
SQL> REM JUN-94
SQL> 
SQL> SELECT HIRE_DATE, LTRIM(HIRE_DATE,'0123456789-') FROM EMPLOYEES;

HIRE_DATE LTRIM(HIRE_DATE,'0                                                                                                                                                                            
--------- ------------------                                                                                                                                                                            
17-JUL-87 JUL-87                                                                                                                                                                                        
21-SEP-89 SEP-89                                                                                                                                                                                        
13-JAN-93 JAN-93                                                                                                                                                                                        
03-JAN-90 JAN-90                                                                                                                                                                                        
21-MAY-91 MAY-91                                                                                                                                                                                        
07-FEB-99 FEB-99                                                                                                                                                                                        
16-NOV-99 NOV-99                                                                                                                                                                                        
17-OCT-95 OCT-95                                                                                                                                                                                        
29-JAN-97 JAN-97                                                                                                                                                                                        
15-MAR-98 MAR-98                                                                                                                                                                                        
09-JUL-98 JUL-98                                                                                                                                                                                        
29-JAN-00 JAN-00                                                                                                                                                                                        
11-MAY-96 MAY-96                                                                                                                                                                                        
24-MAR-98 MAR-98                                                                                                                                                                                        
24-MAY-99 MAY-99                                                                                                                                                                                        
17-SEP-87 SEP-87                                                                                                                                                                                        
17-FEB-96 FEB-96                                                                                                                                                                                        
17-AUG-97 AUG-97                                                                                                                                                                                        
07-JUN-94 JUN-94                                                                                                                                                                                        
07-JUN-94 JUN-94                                                                                                                                                                                        

20 rows selected.

SQL> select HIRE_DATE , LTRIM(HIRE_DATE,'1,2,3,4,5,6,7,8,9,0,-') FROM EMPLOYEES;

HIRE_DATE LTRIM(HIRE_DATE,'1                                                                                                                                                                            
--------- ------------------                                                                                                                                                                            
17-JUL-87 JUL-87                                                                                                                                                                                        
21-SEP-89 SEP-89                                                                                                                                                                                        
13-JAN-93 JAN-93                                                                                                                                                                                        
03-JAN-90 JAN-90                                                                                                                                                                                        
21-MAY-91 MAY-91                                                                                                                                                                                        
07-FEB-99 FEB-99                                                                                                                                                                                        
16-NOV-99 NOV-99                                                                                                                                                                                        
17-OCT-95 OCT-95                                                                                                                                                                                        
29-JAN-97 JAN-97                                                                                                                                                                                        
15-MAR-98 MAR-98                                                                                                                                                                                        
09-JUL-98 JUL-98                                                                                                                                                                                        
29-JAN-00 JAN-00                                                                                                                                                                                        
11-MAY-96 MAY-96                                                                                                                                                                                        
24-MAR-98 MAR-98                                                                                                                                                                                        
24-MAY-99 MAY-99                                                                                                                                                                                        
17-SEP-87 SEP-87                                                                                                                                                                                        
17-FEB-96 FEB-96                                                                                                                                                                                        
17-AUG-97 AUG-97                                                                                                                                                                                        
07-JUN-94 JUN-94                                                                                                                                                                                        
07-JUN-94 JUN-94                                                                                                                                                                                        

20 rows selected.

SQL> SELECT HIRE_DATE , RTRIM(HIRE_DATE,'9') FROM EMPLOYEES;

HIRE_DATE RTRIM(HIRE_DATE,'9                                                                                                                                                                            
--------- ------------------                                                                                                                                                                            
17-JUL-87 17-JUL-87                                                                                                                                                                                     
21-SEP-89 21-SEP-8                                                                                                                                                                                      
13-JAN-93 13-JAN-93                                                                                                                                                                                     
03-JAN-90 03-JAN-90                                                                                                                                                                                     
21-MAY-91 21-MAY-91                                                                                                                                                                                     
07-FEB-99 07-FEB-                                                                                                                                                                                       
16-NOV-99 16-NOV-                                                                                                                                                                                       
17-OCT-95 17-OCT-95                                                                                                                                                                                     
29-JAN-97 29-JAN-97                                                                                                                                                                                     
15-MAR-98 15-MAR-98                                                                                                                                                                                     
09-JUL-98 09-JUL-98                                                                                                                                                                                     
29-JAN-00 29-JAN-00                                                                                                                                                                                     
11-MAY-96 11-MAY-96                                                                                                                                                                                     
24-MAR-98 24-MAR-98                                                                                                                                                                                     
24-MAY-99 24-MAY-                                                                                                                                                                                       
17-SEP-87 17-SEP-87                                                                                                                                                                                     
17-FEB-96 17-FEB-96                                                                                                                                                                                     
17-AUG-97 17-AUG-97                                                                                                                                                                                     
07-JUN-94 07-JUN-94                                                                                                                                                                                     
07-JUN-94 07-JUN-94                                                                                                                                                                                     

20 rows selected.

SQL> SELECT HIRE_DATE , RTRIM(HIRE_DATE,'98') FROM EMPLOYEES;

HIRE_DATE RTRIM(HIRE_DATE,'9                                                                                                                                                                            
--------- ------------------                                                                                                                                                                            
17-JUL-87 17-JUL-87                                                                                                                                                                                     
21-SEP-89 21-SEP-                                                                                                                                                                                       
13-JAN-93 13-JAN-93                                                                                                                                                                                     
03-JAN-90 03-JAN-90                                                                                                                                                                                     
21-MAY-91 21-MAY-91                                                                                                                                                                                     
07-FEB-99 07-FEB-                                                                                                                                                                                       
16-NOV-99 16-NOV-                                                                                                                                                                                       
17-OCT-95 17-OCT-95                                                                                                                                                                                     
29-JAN-97 29-JAN-97                                                                                                                                                                                     
15-MAR-98 15-MAR-                                                                                                                                                                                       
09-JUL-98 09-JUL-                                                                                                                                                                                       
29-JAN-00 29-JAN-00                                                                                                                                                                                     
11-MAY-96 11-MAY-96                                                                                                                                                                                     
24-MAR-98 24-MAR-                                                                                                                                                                                       
24-MAY-99 24-MAY-                                                                                                                                                                                       
17-SEP-87 17-SEP-87                                                                                                                                                                                     
17-FEB-96 17-FEB-96                                                                                                                                                                                     
17-AUG-97 17-AUG-97                                                                                                                                                                                     
07-JUN-94 07-JUN-94                                                                                                                                                                                     
07-JUN-94 07-JUN-94                                                                                                                                                                                     

20 rows selected.

SQL> REM 17-JUL
SQL> REM 21-SEP
SQL> 
SQL> REM 07-JUN
SQL> 
SQL> SELECT HIRE_DATE,RTRIM(HIRE_DATE,'-0123456789')FROM EMPLOYEES;

HIRE_DATE RTRIM(HIRE_DATE,'-                                                                                                                                                                            
--------- ------------------                                                                                                                                                                            
17-JUL-87 17-JUL                                                                                                                                                                                        
21-SEP-89 21-SEP                                                                                                                                                                                        
13-JAN-93 13-JAN                                                                                                                                                                                        
03-JAN-90 03-JAN                                                                                                                                                                                        
21-MAY-91 21-MAY                                                                                                                                                                                        
07-FEB-99 07-FEB                                                                                                                                                                                        
16-NOV-99 16-NOV                                                                                                                                                                                        
17-OCT-95 17-OCT                                                                                                                                                                                        
29-JAN-97 29-JAN                                                                                                                                                                                        
15-MAR-98 15-MAR                                                                                                                                                                                        
09-JUL-98 09-JUL                                                                                                                                                                                        
29-JAN-00 29-JAN                                                                                                                                                                                        
11-MAY-96 11-MAY                                                                                                                                                                                        
24-MAR-98 24-MAR                                                                                                                                                                                        
24-MAY-99 24-MAY                                                                                                                                                                                        
17-SEP-87 17-SEP                                                                                                                                                                                        
17-FEB-96 17-FEB                                                                                                                                                                                        
17-AUG-97 17-AUG                                                                                                                                                                                        
07-JUN-94 07-JUN                                                                                                                                                                                        
07-JUN-94 07-JUN                                                                                                                                                                                        

20 rows selected.

SQL> REM JUL
SQL> REM SEP
SQL> 
SQL> REM JUN
SQL> '
SP2-0042: unknown command "'" - rest of line ignored.
SQL> 
SQL> 
SQL> SELECT HIRE_DATE , LTRIM(HIRE_DATE,'1234567890-') FROM EMPLOYEES;

HIRE_DATE LTRIM(HIRE_DATE,'1                                                                                                                                                                            
--------- ------------------                                                                                                                                                                            
17-JUL-87 JUL-87                                                                                                                                                                                        
21-SEP-89 SEP-89                                                                                                                                                                                        
13-JAN-93 JAN-93                                                                                                                                                                                        
03-JAN-90 JAN-90                                                                                                                                                                                        
21-MAY-91 MAY-91                                                                                                                                                                                        
07-FEB-99 FEB-99                                                                                                                                                                                        
16-NOV-99 NOV-99                                                                                                                                                                                        
17-OCT-95 OCT-95                                                                                                                                                                                        
29-JAN-97 JAN-97                                                                                                                                                                                        
15-MAR-98 MAR-98                                                                                                                                                                                        
09-JUL-98 JUL-98                                                                                                                                                                                        
29-JAN-00 JAN-00                                                                                                                                                                                        
11-MAY-96 MAY-96                                                                                                                                                                                        
24-MAR-98 MAR-98                                                                                                                                                                                        
24-MAY-99 MAY-99                                                                                                                                                                                        
17-SEP-87 SEP-87                                                                                                                                                                                        
17-FEB-96 FEB-96                                                                                                                                                                                        
17-AUG-97 AUG-97                                                                                                                                                                                        
07-JUN-94 JUN-94                                                                                                                                                                                        
07-JUN-94 JUN-94                                                                                                                                                                                        

20 rows selected.

SQL> SELECT HIRE_DATE , RTRIM(LTRIM(HIRE_DATE,'1234567890-'),'1234567890-') FROM EMPLOYEES;

HIRE_DATE RTRIM(LTRIM(HIRE_D                                                                                                                                                                            
--------- ------------------                                                                                                                                                                            
17-JUL-87 JUL                                                                                                                                                                                           
21-SEP-89 SEP                                                                                                                                                                                           
13-JAN-93 JAN                                                                                                                                                                                           
03-JAN-90 JAN                                                                                                                                                                                           
21-MAY-91 MAY                                                                                                                                                                                           
07-FEB-99 FEB                                                                                                                                                                                           
16-NOV-99 NOV                                                                                                                                                                                           
17-OCT-95 OCT                                                                                                                                                                                           
29-JAN-97 JAN                                                                                                                                                                                           
15-MAR-98 MAR                                                                                                                                                                                           
09-JUL-98 JUL                                                                                                                                                                                           
29-JAN-00 JAN                                                                                                                                                                                           
11-MAY-96 MAY                                                                                                                                                                                           
24-MAR-98 MAR                                                                                                                                                                                           
24-MAY-99 MAY                                                                                                                                                                                           
17-SEP-87 SEP                                                                                                                                                                                           
17-FEB-96 FEB                                                                                                                                                                                           
17-AUG-97 AUG                                                                                                                                                                                           
07-JUN-94 JUN                                                                                                                                                                                           
07-JUN-94 JUN                                                                                                                                                                                           

20 rows selected.

SQL> REM TRIM
SQL> 
SQL> SELECT HIRE_DATE , TRIM(HIRE_DATE,'0') FROM EMPLOYEES;
SELECT HIRE_DATE , TRIM(HIRE_DATE,'0') FROM EMPLOYEES
                                 *
ERROR at line 1:
ORA-00907: missing right parenthesis 


SQL> SELECT HIRE_DATE , TRIM('0' FROM HIRE_DATE) FROM EMPLOYEES;

HIRE_DATE TRIM('0'FROMHIRE_D                                                                                                                                                                            
--------- ------------------                                                                                                                                                                            
17-JUL-87 17-JUL-87                                                                                                                                                                                     
21-SEP-89 21-SEP-89                                                                                                                                                                                     
13-JAN-93 13-JAN-93                                                                                                                                                                                     
03-JAN-90 3-JAN-9                                                                                                                                                                                       
21-MAY-91 21-MAY-91                                                                                                                                                                                     
07-FEB-99 7-FEB-99                                                                                                                                                                                      
16-NOV-99 16-NOV-99                                                                                                                                                                                     
17-OCT-95 17-OCT-95                                                                                                                                                                                     
29-JAN-97 29-JAN-97                                                                                                                                                                                     
15-MAR-98 15-MAR-98                                                                                                                                                                                     
09-JUL-98 9-JUL-98                                                                                                                                                                                      
29-JAN-00 29-JAN-                                                                                                                                                                                       
11-MAY-96 11-MAY-96                                                                                                                                                                                     
24-MAR-98 24-MAR-98                                                                                                                                                                                     
24-MAY-99 24-MAY-99                                                                                                                                                                                     
17-SEP-87 17-SEP-87                                                                                                                                                                                     
17-FEB-96 17-FEB-96                                                                                                                                                                                     
17-AUG-97 17-AUG-97                                                                                                                                                                                     
07-JUN-94 7-JUN-94                                                                                                                                                                                      
07-JUN-94 7-JUN-94                                                                                                                                                                                      

20 rows selected.

SQL> SELECT HIRE_DATE , TRIM('01' FROM HIRE_DATE) FROM EMPLOYEES;
SELECT HIRE_DATE , TRIM('01' FROM HIRE_DATE) FROM EMPLOYEES
                   *
ERROR at line 1:
ORA-30001: trim set should have only one character 


SQL> SELECT HIRE_DATE , TRIM(LEADING '0' FROM HIRE_DATE) FROM EMPLOYEES;

HIRE_DATE TRIM(LEADING'0'FRO                                                                                                                                                                            
--------- ------------------                                                                                                                                                                            
17-JUL-87 17-JUL-87                                                                                                                                                                                     
21-SEP-89 21-SEP-89                                                                                                                                                                                     
13-JAN-93 13-JAN-93                                                                                                                                                                                     
03-JAN-90 3-JAN-90                                                                                                                                                                                      
21-MAY-91 21-MAY-91                                                                                                                                                                                     
07-FEB-99 7-FEB-99                                                                                                                                                                                      
16-NOV-99 16-NOV-99                                                                                                                                                                                     
17-OCT-95 17-OCT-95                                                                                                                                                                                     
29-JAN-97 29-JAN-97                                                                                                                                                                                     
15-MAR-98 15-MAR-98                                                                                                                                                                                     
09-JUL-98 9-JUL-98                                                                                                                                                                                      
29-JAN-00 29-JAN-00                                                                                                                                                                                     
11-MAY-96 11-MAY-96                                                                                                                                                                                     
24-MAR-98 24-MAR-98                                                                                                                                                                                     
24-MAY-99 24-MAY-99                                                                                                                                                                                     
17-SEP-87 17-SEP-87                                                                                                                                                                                     
17-FEB-96 17-FEB-96                                                                                                                                                                                     
17-AUG-97 17-AUG-97                                                                                                                                                                                     
07-JUN-94 7-JUN-94                                                                                                                                                                                      
07-JUN-94 7-JUN-94                                                                                                                                                                                      

20 rows selected.

SQL> SELECT HIRE_DATE , TRIM(TRAILING '0' FROM HIRE_DATE) FROM EMPLOYEES;

HIRE_DATE TRIM(TRAILING'0'FR                                                                                                                                                                            
--------- ------------------                                                                                                                                                                            
17-JUL-87 17-JUL-87                                                                                                                                                                                     
21-SEP-89 21-SEP-89                                                                                                                                                                                     
13-JAN-93 13-JAN-93                                                                                                                                                                                     
03-JAN-90 03-JAN-9                                                                                                                                                                                      
21-MAY-91 21-MAY-91                                                                                                                                                                                     
07-FEB-99 07-FEB-99                                                                                                                                                                                     
16-NOV-99 16-NOV-99                                                                                                                                                                                     
17-OCT-95 17-OCT-95                                                                                                                                                                                     
29-JAN-97 29-JAN-97                                                                                                                                                                                     
15-MAR-98 15-MAR-98                                                                                                                                                                                     
09-JUL-98 09-JUL-98                                                                                                                                                                                     
29-JAN-00 29-JAN-                                                                                                                                                                                       
11-MAY-96 11-MAY-96                                                                                                                                                                                     
24-MAR-98 24-MAR-98                                                                                                                                                                                     
24-MAY-99 24-MAY-99                                                                                                                                                                                     
17-SEP-87 17-SEP-87                                                                                                                                                                                     
17-FEB-96 17-FEB-96                                                                                                                                                                                     
17-AUG-97 17-AUG-97                                                                                                                                                                                     
07-JUN-94 07-JUN-94                                                                                                                                                                                     
07-JUN-94 07-JUN-94                                                                                                                                                                                     

20 rows selected.

SQL> SELECT HIRE_DATE , TRIM(NOTH '0' FROM HIRE_DATE) FROM EMPLOYEES;
SELECT HIRE_DATE , TRIM(NOTH '0' FROM HIRE_DATE) FROM EMPLOYEES
                             *
ERROR at line 1:
ORA-00907: missing right parenthesis 


SQL> SELECT HIRE_DATE , TRIM(BOTH '0' FROM HIRE_DATE) FROM EMPLOYEES;

HIRE_DATE TRIM(BOTH'0'FROMHI                                                                                                                                                                            
--------- ------------------                                                                                                                                                                            
17-JUL-87 17-JUL-87                                                                                                                                                                                     
21-SEP-89 21-SEP-89                                                                                                                                                                                     
13-JAN-93 13-JAN-93                                                                                                                                                                                     
03-JAN-90 3-JAN-9                                                                                                                                                                                       
21-MAY-91 21-MAY-91                                                                                                                                                                                     
07-FEB-99 7-FEB-99                                                                                                                                                                                      
16-NOV-99 16-NOV-99                                                                                                                                                                                     
17-OCT-95 17-OCT-95                                                                                                                                                                                     
29-JAN-97 29-JAN-97                                                                                                                                                                                     
15-MAR-98 15-MAR-98                                                                                                                                                                                     
09-JUL-98 9-JUL-98                                                                                                                                                                                      
29-JAN-00 29-JAN-                                                                                                                                                                                       
11-MAY-96 11-MAY-96                                                                                                                                                                                     
24-MAR-98 24-MAR-98                                                                                                                                                                                     
24-MAY-99 24-MAY-99                                                                                                                                                                                     
17-SEP-87 17-SEP-87                                                                                                                                                                                     
17-FEB-96 17-FEB-96                                                                                                                                                                                     
17-AUG-97 17-AUG-97                                                                                                                                                                                     
07-JUN-94 7-JUN-94                                                                                                                                                                                      
07-JUN-94 7-JUN-94                                                                                                                                                                                      

20 rows selected.

SQL> SELECT HIRE_DATE , TRIM('0' FROM HIRE_DATE) FROM EMPLOYEES;

HIRE_DATE TRIM('0'FROMHIRE_D                                                                                                                                                                            
--------- ------------------                                                                                                                                                                            
17-JUL-87 17-JUL-87                                                                                                                                                                                     
21-SEP-89 21-SEP-89                                                                                                                                                                                     
13-JAN-93 13-JAN-93                                                                                                                                                                                     
03-JAN-90 3-JAN-9                                                                                                                                                                                       
21-MAY-91 21-MAY-91                                                                                                                                                                                     
07-FEB-99 7-FEB-99                                                                                                                                                                                      
16-NOV-99 16-NOV-99                                                                                                                                                                                     
17-OCT-95 17-OCT-95                                                                                                                                                                                     
29-JAN-97 29-JAN-97                                                                                                                                                                                     
15-MAR-98 15-MAR-98                                                                                                                                                                                     
09-JUL-98 9-JUL-98                                                                                                                                                                                      
29-JAN-00 29-JAN-                                                                                                                                                                                       
11-MAY-96 11-MAY-96                                                                                                                                                                                     
24-MAR-98 24-MAR-98                                                                                                                                                                                     
24-MAY-99 24-MAY-99                                                                                                                                                                                     
17-SEP-87 17-SEP-87                                                                                                                                                                                     
17-FEB-96 17-FEB-96                                                                                                                                                                                     
17-AUG-97 17-AUG-97                                                                                                                                                                                     
07-JUN-94 7-JUN-94                                                                                                                                                                                      
07-JUN-94 7-JUN-94                                                                                                                                                                                      

20 rows selected.

SQL> SELECT SALARY FROM EMPLOYEES;

    SALARY                                                                                                                                                                                              
----------                                                                                                                                                                                              
     24000                                                                                                                                                                                              
     17000                                                                                                                                                                                              
     17000                                                                                                                                                                                              
      9000                                                                                                                                                                                              
      6000                                                                                                                                                                                              
      4200                                                                                                                                                                                              
      5800                                                                                                                                                                                              
      3500                                                                                                                                                                                              
      3100                                                                                                                                                                                              
      2600                                                                                                                                                                                              
      2500                                                                                                                                                                                              
     10500                                                                                                                                                                                              
     11000                                                                                                                                                                                              
      8600                                                                                                                                                                                              
      7000                                                                                                                                                                                              
      4400                                                                                                                                                                                              
     13000                                                                                                                                                                                              
      6000                                                                                                                                                                                              
     12000                                                                                                                                                                                              
      8300                                                                                                                                                                                              

20 rows selected.

SQL> REM RTRIM(SALARY,'01')    LTRIM(SALARY,'01') , TRIM('0' FROM TRIM('1' FROM SALARY))
SQL> 
SQL> SELECT RTRIM(SALARY,'01')    LTRIM(SALARY,'01') , TRIM('0' FROM TRIM('1' FROM SALARY)) FROM EMPLOYEES;
SELECT RTRIM(SALARY,'01')    LTRIM(SALARY,'01') , TRIM('0' FROM TRIM('1' FROM SALARY)) FROM EMPLOYEES
                                  *
ERROR at line 1:
ORA-00923: FROM keyword not found where expected 


SQL> SELECT RTRIM(SALARY,'01') ,  LTRIM(SALARY,'01') , TRIM('0' FROM TRIM('1' FROM SALARY)) FROM EMPLOYEES;

RTRIM(SALARY,'01')                       LTRIM(SALARY,'01')                       TRIM('0'FROMTRIM('1'FROMSALARY))                                                                                      
---------------------------------------- ---------------------------------------- ----------------------------------------                                                                              
24                                       24000                                    24                                                                                                                    
17                                       7000                                     7                                                                                                                     
17                                       7000                                     7                                                                                                                     
9                                        9000                                     9                                                                                                                     
6                                        6000                                     6                                                                                                                     
42                                       4200                                     42                                                                                                                    
58                                       5800                                     58                                                                                                                    
35                                       3500                                     35                                                                                                                    
3                                        3100                                     31                                                                                                                    
26                                       2600                                     26                                                                                                                    
25                                       2500                                     25                                                                                                                    
105                                      500                                      5                                                                                                                     
                                                                                                                                                                                                        
86                                       8600                                     86                                                                                                                    
7                                        7000                                     7                                                                                                                     
44                                       4400                                     44                                                                                                                    
13                                       3000                                     3                                                                                                                     
6                                        6000                                     6                                                                                                                     
12                                       2000                                     2                                                                                                                     
83                                       8300                                     83                                                                                                                    

20 rows selected.

SQL> SELECT SALARY , RTRIM(SALARY,'01') ,  LTRIM(SALARY,'01') , TRIM('0' FROM TRIM('1' FROM SALARY)) FROM EMPLOYEES;

    SALARY RTRIM(SALARY,'01')                       LTRIM(SALARY,'01')                       TRIM('0'FROMTRIM('1'FROMSALARY))                                                                           
---------- ---------------------------------------- ---------------------------------------- ----------------------------------------                                                                   
     24000 24                                       24000                                    24                                                                                                         
     17000 17                                       7000                                     7                                                                                                          
     17000 17                                       7000                                     7                                                                                                          
      9000 9                                        9000                                     9                                                                                                          
      6000 6                                        6000                                     6                                                                                                          
      4200 42                                       4200                                     42                                                                                                         
      5800 58                                       5800                                     58                                                                                                         
      3500 35                                       3500                                     35                                                                                                         
      3100 3                                        3100                                     31                                                                                                         
      2600 26                                       2600                                     26                                                                                                         
      2500 25                                       2500                                     25                                                                                                         
     10500 105                                      500                                      5                                                                                                          
     11000                                                                                                                                                                                              
      8600 86                                       8600                                     86                                                                                                         
      7000 7                                        7000                                     7                                                                                                          
      4400 44                                       4400                                     44                                                                                                         
     13000 13                                       3000                                     3                                                                                                          
      6000 6                                        6000                                     6                                                                                                          
     12000 12                                       2000                                     2                                                                                                          
      8300 83                                       8300                                     83                                                                                                         

20 rows selected.

SQL> SELECT HIRE_DATE FROM EMPLOYEES;

HIRE_DATE                                                                                                                                                                                               
---------                                                                                                                                                                                               
17-JUL-87                                                                                                                                                                                               
21-SEP-89                                                                                                                                                                                               
13-JAN-93                                                                                                                                                                                               
03-JAN-90                                                                                                                                                                                               
21-MAY-91                                                                                                                                                                                               
07-FEB-99                                                                                                                                                                                               
16-NOV-99                                                                                                                                                                                               
17-OCT-95                                                                                                                                                                                               
29-JAN-97                                                                                                                                                                                               
15-MAR-98                                                                                                                                                                                               
09-JUL-98                                                                                                                                                                                               
29-JAN-00                                                                                                                                                                                               
11-MAY-96                                                                                                                                                                                               
24-MAR-98                                                                                                                                                                                               
24-MAY-99                                                                                                                                                                                               
17-SEP-87                                                                                                                                                                                               
17-FEB-96                                                                                                                                                                                               
17-AUG-97                                                                                                                                                                                               
07-JUN-94                                                                                                                                                                                               
07-JUN-94                                                                                                                                                                                               

20 rows selected.

SQL> SELECT  HIRE_DATE , RTRIM(HIRE_DATE,'98') , TRIM('8' FROM TRIM('9' FROM HIRE_DATE)) FROM EMPLOYEES;

HIRE_DATE RTRIM(HIRE_DATE,'9 TRIM('8'FROMTRIM('                                                                                                                                                         
--------- ------------------ ------------------                                                                                                                                                         
17-JUL-87 17-JUL-87          17-JUL-87                                                                                                                                                                  
21-SEP-89 21-SEP-            21-SEP-                                                                                                                                                                    
13-JAN-93 13-JAN-93          13-JAN-93                                                                                                                                                                  
03-JAN-90 03-JAN-90          03-JAN-90                                                                                                                                                                  
21-MAY-91 21-MAY-91          21-MAY-91                                                                                                                                                                  
07-FEB-99 07-FEB-            07-FEB-                                                                                                                                                                    
16-NOV-99 16-NOV-            16-NOV-                                                                                                                                                                    
17-OCT-95 17-OCT-95          17-OCT-95                                                                                                                                                                  
29-JAN-97 29-JAN-97          29-JAN-97                                                                                                                                                                  
15-MAR-98 15-MAR-            15-MAR-9                                                                                                                                                                   
09-JUL-98 09-JUL-            09-JUL-9                                                                                                                                                                   
29-JAN-00 29-JAN-00          29-JAN-00                                                                                                                                                                  
11-MAY-96 11-MAY-96          11-MAY-96                                                                                                                                                                  
24-MAR-98 24-MAR-            24-MAR-9                                                                                                                                                                   
24-MAY-99 24-MAY-            24-MAY-                                                                                                                                                                    
17-SEP-87 17-SEP-87          17-SEP-87                                                                                                                                                                  
17-FEB-96 17-FEB-96          17-FEB-96                                                                                                                                                                  
17-AUG-97 17-AUG-97          17-AUG-97                                                                                                                                                                  
07-JUN-94 07-JUN-94          07-JUN-94                                                                                                                                                                  
07-JUN-94 07-JUN-94          07-JUN-94                                                                                                                                                                  

20 rows selected.

SQL> SELECT HIRE_DATE , TRIM('8' FROM HIRE_DATE) FROM EMPLOYEES;

HIRE_DATE TRIM('8'FROMHIRE_D                                                                                                                                                                            
--------- ------------------                                                                                                                                                                            
17-JUL-87 17-JUL-87                                                                                                                                                                                     
21-SEP-89 21-SEP-89                                                                                                                                                                                     
13-JAN-93 13-JAN-93                                                                                                                                                                                     
03-JAN-90 03-JAN-90                                                                                                                                                                                     
21-MAY-91 21-MAY-91                                                                                                                                                                                     
07-FEB-99 07-FEB-99                                                                                                                                                                                     
16-NOV-99 16-NOV-99                                                                                                                                                                                     
17-OCT-95 17-OCT-95                                                                                                                                                                                     
29-JAN-97 29-JAN-97                                                                                                                                                                                     
15-MAR-98 15-MAR-9                                                                                                                                                                                      
09-JUL-98 09-JUL-9                                                                                                                                                                                      
29-JAN-00 29-JAN-00                                                                                                                                                                                     
11-MAY-96 11-MAY-96                                                                                                                                                                                     
24-MAR-98 24-MAR-9                                                                                                                                                                                      
24-MAY-99 24-MAY-99                                                                                                                                                                                     
17-SEP-87 17-SEP-87                                                                                                                                                                                     
17-FEB-96 17-FEB-96                                                                                                                                                                                     
17-AUG-97 17-AUG-97                                                                                                                                                                                     
07-JUN-94 07-JUN-94                                                                                                                                                                                     
07-JUN-94 07-JUN-94                                                                                                                                                                                     

20 rows selected.

SQL> SELECT * FROM EMPLOYEES;

EMPLOYEE_ID FIRST_NAME LAST_NAME  EMAIL      PHONE_NUMBER         HIRE_DATE JOB_ID         SALARY COMMISSION_PCT MANAGER_ID DEPARTMENT_ID                                                               
----------- ---------- ---------- ---------- -------------------- --------- ---------- ---------- -------------- ---------- -------------                                                               
        100 Steven     King       SKING      515.123.4567         17-JUL-87 AD_PRES         24000                                      90                                                               
        101 Neena      Kochhar    NKOCHHAR   515.123.4568         21-SEP-89 AD_VP           17000                       100            90                                                               
        102 Lex        De Haan    LDEHAAN    515.123.4569         13-JAN-93 AD_VP           17000                       100            90                                                               
        103 Alexander  Hunold     AHUNOLD    590.423.4567         03-JAN-90 IT_PROG          9000                       102            60                                                               
        104 Bruce      Ernst      BERNST     590.423.4568         21-MAY-91 IT_PROG          6000                       103            60                                                               
        107 Diana      Lorentz    DLORENTZ   590.423.5567         07-FEB-99 IT_PROG          4200                       103            60                                                               
        124 Kevin      Mourgos    KMOURGOS   650.123.5234         16-NOV-99 ST_MAN           5800                       100            50                                                               
        141 Trenna     Rajs       TRAJS      650.121.8009         17-OCT-95 ST_CLERK         3500                       124            50                                                               
        142 Curtis     Davies     CDAVIES    650.121.2994         29-JAN-97 ST_CLERK         3100                       124            50                                                               
        143 Randall    Matos      RMATOS     650.121.2874         15-MAR-98 ST_CLERK         2600                       124            50                                                               
        144 Peter      Vargas     PVARGAS    650.121.2004         09-JUL-98 ST_CLERK         2500                       124            50                                                               
        149 Eleni      Zlotkey    EZLOTKEY   011.44.1344.429018   29-JAN-00 SA_MAN          10500             .2        100            80                                                               
        174 Ellen      Abel       EABEL      011.44.1644.429267   11-MAY-96 SA_REP          11000             .3        149            80                                                               
        176 Jonathon   Taylor     JTAYLOR    011.44.1644.429265   24-MAR-98 SA_REP           8600             .3        149            80                                                               
        178 Kimerely   Grant      KGRANT     011.44.1644.429263   24-MAY-99 SA_REP           7000            .15        149                                                                             
        200 Jennifer   Whalen     JWHALEN    515.123.4444         17-SEP-87 AD_ASST          4400                       101            10                                                               
        201 Michael    Hartstein  MHARTSTE   515.123.5555         17-FEB-96 MK_MAN          13000                       100            20                                                               
        202 Pat        Fay        PFAY       603.123.6666         17-AUG-97 MK_REP           6000                       201            20                                                               
        205 Shelley    Higgins    SHIGGINS   515.123.8080         07-JUN-94 AC_MGR          12000                       101           110                                                               
        206 William    Gietz      WGIETZ     515.123.8181         07-JUN-94 AC_ACCOUNT       8300                       205           110                                                               

20 rows selected.

SQL> REM EMPLOYEE_ID , RTRIM(EMPLOYEE_ID,'1') , LTRIM(EMPLOYEE_ID,'1') , TRIM('1' FROM EMPLOYEE_ID)
SQL> 
SQL> SELECT EMPLOYEE_ID , RTRIM(EMPLOYEE_ID,'1') , LTRIM(EMPLOYEE_ID,'1') , TRIM('1' FROM EMPLOYEE_ID) FROM EMPLOYEES WHERE EMPLOYEE_ID = 101;

EMPLOYEE_ID RTRIM(EMPLOYEE_ID,'1')                   LTRIM(EMPLOYEE_ID,'1')                   TRIM('1'FROMEMPLOYEE_ID)                                                                                  
----------- ---------------------------------------- ---------------------------------------- ----------------------------------------                                                                  
        101 10                                       01                                       0                                                                                                         

SQL> REM LENGTH :
SQL> 
SQL> SELECT LAST_NAME , LENGTH(LAST_NAME) FROM EMPLOYEESL
  2  
SQL> SELECT LAST_NAME , LENGTH(LAST_NAME) FROM EMPLOYEES;

LAST_NAME  LENGTH(LAST_NAME)                                                                                                                                                                            
---------- -----------------                                                                                                                                                                            
King                       4                                                                                                                                                                            
Kochhar                    7                                                                                                                                                                            
De Haan                    7                                                                                                                                                                            
Hunold                     6                                                                                                                                                                            
Ernst                      5                                                                                                                                                                            
Lorentz                    7                                                                                                                                                                            
Mourgos                    7                                                                                                                                                                            
Rajs                       4                                                                                                                                                                            
Davies                     6                                                                                                                                                                            
Matos                      5                                                                                                                                                                            
Vargas                     6                                                                                                                                                                            
Zlotkey                    7                                                                                                                                                                            
Abel                       4                                                                                                                                                                            
Taylor                     6                                                                                                                                                                            
Grant                      5                                                                                                                                                                            
Whalen                     6                                                                                                                                                                            
Hartstein                  9                                                                                                                                                                            
Fay                        3                                                                                                                                                                            
Higgins                    7                                                                                                                                                                            
Gietz                      5                                                                                                                                                                            

20 rows selected.

SQL> SELECT SALARY , LENGTH(SALARY) FROM EMPLOYEES;

    SALARY LENGTH(SALARY)                                                                                                                                                                               
---------- --------------                                                                                                                                                                               
     24000              5                                                                                                                                                                               
     17000              5                                                                                                                                                                               
     17000              5                                                                                                                                                                               
      9000              4                                                                                                                                                                               
      6000              4                                                                                                                                                                               
      4200              4                                                                                                                                                                               
      5800              4                                                                                                                                                                               
      3500              4                                                                                                                                                                               
      3100              4                                                                                                                                                                               
      2600              4                                                                                                                                                                               
      2500              4                                                                                                                                                                               
     10500              5                                                                                                                                                                               
     11000              5                                                                                                                                                                               
      8600              4                                                                                                                                                                               
      7000              4                                                                                                                                                                               
      4400              4                                                                                                                                                                               
     13000              5                                                                                                                                                                               
      6000              4                                                                                                                                                                               
     12000              5                                                                                                                                                                               
      8300              4                                                                                                                                                                               

20 rows selected.

SQL> SELECT COMMISSION_PCT , LENGTH(COMMISSION_PCT) FROM EMPLOYEES;

COMMISSION_PCT LENGTH(COMMISSION_PCT)                                                                                                                                                                   
-------------- ----------------------                                                                                                                                                                   
                                                                                                                                                                                                        
                                                                                                                                                                                                        
                                                                                                                                                                                                        
                                                                                                                                                                                                        
                                                                                                                                                                                                        
                                                                                                                                                                                                        
                                                                                                                                                                                                        
                                                                                                                                                                                                        
                                                                                                                                                                                                        
                                                                                                                                                                                                        
                                                                                                                                                                                                        
            .2                      2                                                                                                                                                                   
            .3                      2                                                                                                                                                                   
            .3                      2                                                                                                                                                                   
           .15                      3                                                                                                                                                                   
                                                                                                                                                                                                        
                                                                                                                                                                                                        
                                                                                                                                                                                                        
                                                                                                                                                                                                        
                                                                                                                                                                                                        

20 rows selected.

SQL> SELECT COMMISSION_PCT , LENGTH(NVL(COMMISSION_PCT,0)) FROM EMPLOYEES;

COMMISSION_PCT LENGTH(NVL(COMMISSION_PCT,0))                                                                                                                                                            
-------------- -----------------------------                                                                                                                                                            
                                           1                                                                                                                                                            
                                           1                                                                                                                                                            
                                           1                                                                                                                                                            
                                           1                                                                                                                                                            
                                           1                                                                                                                                                            
                                           1                                                                                                                                                            
                                           1                                                                                                                                                            
                                           1                                                                                                                                                            
                                           1                                                                                                                                                            
                                           1                                                                                                                                                            
                                           1                                                                                                                                                            
            .2                             2                                                                                                                                                            
            .3                             2                                                                                                                                                            
            .3                             2                                                                                                                                                            
           .15                             3                                                                                                                                                            
                                           1                                                                                                                                                            
                                           1                                                                                                                                                            
                                           1                                                                                                                                                            
                                           1                                                                                                                                                            
                                           1                                                                                                                                                            

20 rows selected.

SQL> SELECT COMMISSION_PCT , NVL(LENGTH(COMMISSION_PCT),0) FROM EMPLOYEES;

COMMISSION_PCT NVL(LENGTH(COMMISSION_PCT),0)                                                                                                                                                            
-------------- -----------------------------                                                                                                                                                            
                                           0                                                                                                                                                            
                                           0                                                                                                                                                            
                                           0                                                                                                                                                            
                                           0                                                                                                                                                            
                                           0                                                                                                                                                            
                                           0                                                                                                                                                            
                                           0                                                                                                                                                            
                                           0                                                                                                                                                            
                                           0                                                                                                                                                            
                                           0                                                                                                                                                            
                                           0                                                                                                                                                            
            .2                             2                                                                                                                                                            
            .3                             2                                                                                                                                                            
            .3                             2                                                                                                                                                            
           .15                             3                                                                                                                                                            
                                           0                                                                                                                                                            
                                           0                                                                                                                                                            
                                           0                                                                                                                                                            
                                           0                                                                                                                                                            
                                           0                                                                                                                                                            

20 rows selected.

SQL> SELECT HIRE_DATE , LENGTH(HIRE_DATE) FROM EMPLOYEESL
  2  
SQL> SELECT HIRE_DATE , LENGTH(HIRE_DATE) FROM EMPLOYEES;

HIRE_DATE LENGTH(HIRE_DATE)                                                                                                                                                                             
--------- -----------------                                                                                                                                                                             
17-JUL-87                 9                                                                                                                                                                             
21-SEP-89                 9                                                                                                                                                                             
13-JAN-93                 9                                                                                                                                                                             
03-JAN-90                 9                                                                                                                                                                             
21-MAY-91                 9                                                                                                                                                                             
07-FEB-99                 9                                                                                                                                                                             
16-NOV-99                 9                                                                                                                                                                             
17-OCT-95                 9                                                                                                                                                                             
29-JAN-97                 9                                                                                                                                                                             
15-MAR-98                 9                                                                                                                                                                             
09-JUL-98                 9                                                                                                                                                                             
29-JAN-00                 9                                                                                                                                                                             
11-MAY-96                 9                                                                                                                                                                             
24-MAR-98                 9                                                                                                                                                                             
24-MAY-99                 9                                                                                                                                                                             
17-SEP-87                 9                                                                                                                                                                             
17-FEB-96                 9                                                                                                                                                                             
17-AUG-97                 9                                                                                                                                                                             
07-JUN-94                 9                                                                                                                                                                             
07-JUN-94                 9                                                                                                                                                                             

20 rows selected.

SQL> REM DATE DEFAULT FORMAT : DD-MON-RR
SQL> 
SQL> REM                       123456789
SQL> 
SQL> 
SQL> COL PARAMETER FORMAT A30
SQL> 
SQL> COL VALUE FORMAT A30
SQL> 
SQL> SELECT * FROM NLS_SESSION_PARAMETERS;

PARAMETER                      VALUE                                                                                                                                                                    
------------------------------ ------------------------------                                                                                                                                           
NLS_LANGUAGE                   AMERICAN                                                                                                                                                                 
NLS_TERRITORY                  AMERICA                                                                                                                                                                  
NLS_CURRENCY                   $                                                                                                                                                                        
NLS_ISO_CURRENCY               AMERICA                                                                                                                                                                  
NLS_NUMERIC_CHARACTERS         .,                                                                                                                                                                       
NLS_CALENDAR                   GREGORIAN                                                                                                                                                                
NLS_DATE_FORMAT                DD-MON-RR                                                                                                                                                                
NLS_DATE_LANGUAGE              AMERICAN                                                                                                                                                                 
NLS_SORT                       BINARY                                                                                                                                                                   
NLS_TIME_FORMAT                HH.MI.SSXFF AM                                                                                                                                                           
NLS_TIMESTAMP_FORMAT           DD-MON-RR HH.MI.SSXFF AM                                                                                                                                                 
NLS_TIME_TZ_FORMAT             HH.MI.SSXFF AM TZR                                                                                                                                                       
NLS_TIMESTAMP_TZ_FORMAT        DD-MON-RR HH.MI.SSXFF AM TZR                                                                                                                                             
NLS_DUAL_CURRENCY              $                                                                                                                                                                        
NLS_COMP                       BINARY                                                                                                                                                                   
NLS_LENGTH_SEMANTICS           BYTE                                                                                                                                                                     
NLS_NCHAR_CONV_EXCP            FALSE                                                                                                                                                                    

17 rows selected.

SQL> REM NLS : NATIONAL LANGUAGE SUPPORT
SQL> 
SQL> ALTER SESSION SET NLS_DATE_FORMAT = 'DD-MON-RRRR';

Session altered.

SQL> 
SQL> SELECT * FROM NLS_SESSION_PARAMETERS;

PARAMETER                      VALUE                                                                                                                                                                    
------------------------------ ------------------------------                                                                                                                                           
NLS_LANGUAGE                   AMERICAN                                                                                                                                                                 
NLS_TERRITORY                  AMERICA                                                                                                                                                                  
NLS_CURRENCY                   $                                                                                                                                                                        
NLS_ISO_CURRENCY               AMERICA                                                                                                                                                                  
NLS_NUMERIC_CHARACTERS         .,                                                                                                                                                                       
NLS_CALENDAR                   GREGORIAN                                                                                                                                                                
NLS_DATE_FORMAT                DD-MON-RRRR                                                                                                                                                              
NLS_DATE_LANGUAGE              AMERICAN                                                                                                                                                                 
NLS_SORT                       BINARY                                                                                                                                                                   
NLS_TIME_FORMAT                HH.MI.SSXFF AM                                                                                                                                                           
NLS_TIMESTAMP_FORMAT           DD-MON-RR HH.MI.SSXFF AM                                                                                                                                                 
NLS_TIME_TZ_FORMAT             HH.MI.SSXFF AM TZR                                                                                                                                                       
NLS_TIMESTAMP_TZ_FORMAT        DD-MON-RR HH.MI.SSXFF AM TZR                                                                                                                                             
NLS_DUAL_CURRENCY              $                                                                                                                                                                        
NLS_COMP                       BINARY                                                                                                                                                                   
NLS_LENGTH_SEMANTICS           BYTE                                                                                                                                                                     
NLS_NCHAR_CONV_EXCP            FALSE                                                                                                                                                                    

17 rows selected.

SQL> SELECT HIRE_DATE , LENGTH(HIRE_DATE) FROM EMPLOYEES;

HIRE_DATE   LENGTH(HIRE_DATE)                                                                                                                                                                           
----------- -----------------                                                                                                                                                                           
17-JUL-1987                11                                                                                                                                                                           
21-SEP-1989                11                                                                                                                                                                           
13-JAN-1993                11                                                                                                                                                                           
03-JAN-1990                11                                                                                                                                                                           
21-MAY-1991                11                                                                                                                                                                           
07-FEB-1999                11                                                                                                                                                                           
16-NOV-1999                11                                                                                                                                                                           
17-OCT-1995                11                                                                                                                                                                           
29-JAN-1997                11                                                                                                                                                                           
15-MAR-1998                11                                                                                                                                                                           
09-JUL-1998                11                                                                                                                                                                           
29-JAN-2000                11                                                                                                                                                                           
11-MAY-1996                11                                                                                                                                                                           
24-MAR-1998                11                                                                                                                                                                           
24-MAY-1999                11                                                                                                                                                                           
17-SEP-1987                11                                                                                                                                                                           
17-FEB-1996                11                                                                                                                                                                           
17-AUG-1997                11                                                                                                                                                                           
07-JUN-1994                11                                                                                                                                                                           
07-JUN-1994                11                                                                                                                                                                           

20 rows selected.

SQL> ALTER SESSION SET NLS_DATE_FORMAT = 'DD-MONTH-RRRR';

Session altered.

SQL> SELECT * FROM NLS_SESSION_PARAMETERS;

PARAMETER                      VALUE                                                                                                                                                                    
------------------------------ ------------------------------                                                                                                                                           
NLS_LANGUAGE                   AMERICAN                                                                                                                                                                 
NLS_TERRITORY                  AMERICA                                                                                                                                                                  
NLS_CURRENCY                   $                                                                                                                                                                        
NLS_ISO_CURRENCY               AMERICA                                                                                                                                                                  
NLS_NUMERIC_CHARACTERS         .,                                                                                                                                                                       
NLS_CALENDAR                   GREGORIAN                                                                                                                                                                
NLS_DATE_FORMAT                DD-MONTH-RRRR                                                                                                                                                            
NLS_DATE_LANGUAGE              AMERICAN                                                                                                                                                                 
NLS_SORT                       BINARY                                                                                                                                                                   
NLS_TIME_FORMAT                HH.MI.SSXFF AM                                                                                                                                                           
NLS_TIMESTAMP_FORMAT           DD-MON-RR HH.MI.SSXFF AM                                                                                                                                                 
NLS_TIME_TZ_FORMAT             HH.MI.SSXFF AM TZR                                                                                                                                                       
NLS_TIMESTAMP_TZ_FORMAT        DD-MON-RR HH.MI.SSXFF AM TZR                                                                                                                                             
NLS_DUAL_CURRENCY              $                                                                                                                                                                        
NLS_COMP                       BINARY                                                                                                                                                                   
NLS_LENGTH_SEMANTICS           BYTE                                                                                                                                                                     
NLS_NCHAR_CONV_EXCP            FALSE                                                                                                                                                                    

17 rows selected.

SQL> SELECT HIRE_DATE , LENGTH(HIRE_DATE) FROM EMPLOYEES;

HIRE_DATE         LENGTH(HIRE_DATE)                                                                                                                                                                     
----------------- -----------------                                                                                                                                                                     
17-JULY     -1987                17                                                                                                                                                                     
21-SEPTEMBER-1989                17                                                                                                                                                                     
13-JANUARY  -1993                17                                                                                                                                                                     
03-JANUARY  -1990                17                                                                                                                                                                     
21-MAY      -1991                17                                                                                                                                                                     
07-FEBRUARY -1999                17                                                                                                                                                                     
16-NOVEMBER -1999                17                                                                                                                                                                     
17-OCTOBER  -1995                17                                                                                                                                                                     
29-JANUARY  -1997                17                                                                                                                                                                     
15-MARCH    -1998                17                                                                                                                                                                     
09-JULY     -1998                17                                                                                                                                                                     
29-JANUARY  -2000                17                                                                                                                                                                     
11-MAY      -1996                17                                                                                                                                                                     
24-MARCH    -1998                17                                                                                                                                                                     
24-MAY      -1999                17                                                                                                                                                                     
17-SEPTEMBER-1987                17                                                                                                                                                                     
17-FEBRUARY -1996                17                                                                                                                                                                     
17-AUGUST   -1997                17                                                                                                                                                                     
07-JUNE     -1994                17                                                                                                                                                                     
07-JUNE     -1994                17                                                                                                                                                                     

20 rows selected.

SQL> SELECT * FROM EMPLOYEES;

EMPLOYEE_ID FIRST_NAME LAST_NAME  EMAIL      PHONE_NUMBER         HIRE_DATE         JOB_ID         SALARY COMMISSION_PCT MANAGER_ID DEPARTMENT_ID                                                       
----------- ---------- ---------- ---------- -------------------- ----------------- ---------- ---------- -------------- ---------- -------------                                                       
        100 Steven     King       SKING      515.123.4567         17-JULY     -1987 AD_PRES         24000                                      90                                                       
        101 Neena      Kochhar    NKOCHHAR   515.123.4568         21-SEPTEMBER-1989 AD_VP           17000                       100            90                                                       
        102 Lex        De Haan    LDEHAAN    515.123.4569         13-JANUARY  -1993 AD_VP           17000                       100            90                                                       
        103 Alexander  Hunold     AHUNOLD    590.423.4567         03-JANUARY  -1990 IT_PROG          9000                       102            60                                                       
        104 Bruce      Ernst      BERNST     590.423.4568         21-MAY      -1991 IT_PROG          6000                       103            60                                                       
        107 Diana      Lorentz    DLORENTZ   590.423.5567         07-FEBRUARY -1999 IT_PROG          4200                       103            60                                                       
        124 Kevin      Mourgos    KMOURGOS   650.123.5234         16-NOVEMBER -1999 ST_MAN           5800                       100            50                                                       
        141 Trenna     Rajs       TRAJS      650.121.8009         17-OCTOBER  -1995 ST_CLERK         3500                       124            50                                                       
        142 Curtis     Davies     CDAVIES    650.121.2994         29-JANUARY  -1997 ST_CLERK         3100                       124            50                                                       
        143 Randall    Matos      RMATOS     650.121.2874         15-MARCH    -1998 ST_CLERK         2600                       124            50                                                       
        144 Peter      Vargas     PVARGAS    650.121.2004         09-JULY     -1998 ST_CLERK         2500                       124            50                                                       
        149 Eleni      Zlotkey    EZLOTKEY   011.44.1344.429018   29-JANUARY  -2000 SA_MAN          10500             .2        100            80                                                       
        174 Ellen      Abel       EABEL      011.44.1644.429267   11-MAY      -1996 SA_REP          11000             .3        149            80                                                       
        176 Jonathon   Taylor     JTAYLOR    011.44.1644.429265   24-MARCH    -1998 SA_REP           8600             .3        149            80                                                       
        178 Kimerely   Grant      KGRANT     011.44.1644.429263   24-MAY      -1999 SA_REP           7000            .15        149                                                                     
        200 Jennifer   Whalen     JWHALEN    515.123.4444         17-SEPTEMBER-1987 AD_ASST          4400                       101            10                                                       
        201 Michael    Hartstein  MHARTSTE   515.123.5555         17-FEBRUARY -1996 MK_MAN          13000                       100            20                                                       
        202 Pat        Fay        PFAY       603.123.6666         17-AUGUST   -1997 MK_REP           6000                       201            20                                                       
        205 Shelley    Higgins    SHIGGINS   515.123.8080         07-JUNE     -1994 AC_MGR          12000                       101           110                                                       
        206 William    Gietz      WGIETZ     515.123.8181         07-JUNE     -1994 AC_ACCOUNT       8300                       205           110                                                       

20 rows selected.

SQL> SELECT LENGTH(FIRST_NAME||' '||LAST_NAME) FROM EMPLOYEES;

LENGTH(FIRST_NAME||''||LAST_NAME)                                                                                                                                                                       
---------------------------------                                                                                                                                                                       
                               11                                                                                                                                                                       
                               13                                                                                                                                                                       
                               11                                                                                                                                                                       
                               16                                                                                                                                                                       
                               11                                                                                                                                                                       
                               13                                                                                                                                                                       
                               13                                                                                                                                                                       
                               11                                                                                                                                                                       
                               13                                                                                                                                                                       
                               13                                                                                                                                                                       
                               12                                                                                                                                                                       
                               13                                                                                                                                                                       
                               10                                                                                                                                                                       
                               15                                                                                                                                                                       
                               14                                                                                                                                                                       
                               15                                                                                                                                                                       
                               17                                                                                                                                                                       
                                7                                                                                                                                                                       
                               15                                                                                                                                                                       
                               13                                                                                                                                                                       

20 rows selected.

SQL> SELECT FIRST_NAME||' '||LAST_NAME , LENGTH(FIRST_NAME||' '||LAST_NAME) FROM EMPLOYEES;

FIRST_NAME||''||LAST_ LENGTH(FIRST_NAME||''||LAST_NAME)                                                                                                                                                 
--------------------- ---------------------------------                                                                                                                                                 
Steven King                                          11                                                                                                                                                 
Neena Kochhar                                        13                                                                                                                                                 
Lex De Haan                                          11                                                                                                                                                 
Alexander Hunold                                     16                                                                                                                                                 
Bruce Ernst                                          11                                                                                                                                                 
Diana Lorentz                                        13                                                                                                                                                 
Kevin Mourgos                                        13                                                                                                                                                 
Trenna Rajs                                          11                                                                                                                                                 
Curtis Davies                                        13                                                                                                                                                 
Randall Matos                                        13                                                                                                                                                 
Peter Vargas                                         12                                                                                                                                                 
Eleni Zlotkey                                        13                                                                                                                                                 
Ellen Abel                                           10                                                                                                                                                 
Jonathon Taylor                                      15                                                                                                                                                 
Kimerely Grant                                       14                                                                                                                                                 
Jennifer Whalen                                      15                                                                                                                                                 
Michael Hartstein                                    17                                                                                                                                                 
Pat Fay                                               7                                                                                                                                                 
Shelley Higgins                                      15                                                                                                                                                 
William Gietz                                        13                                                                                                                                                 

20 rows selected.

SQL> REM TRANSLATE : REPLACE/REMOVE CHARACTER BY CHARACTER
SQL> 
SQL> SELECT HIRE_DATE , TRANSLATE(HIRE_DATE,'JAN','ja') FROM EMPLOYEES;

HIRE_DATE         TRANSLATE(HIRE_DATE,'JAN','JA')                                                                                                                                                       
----------------- --------------------------------------------------------------------------------------------------------------------------------------------------------------------------------      
17-JULY     -1987 17-jULY     -1987                                                                                                                                                                     
21-SEPTEMBER-1989 21-SEPTEMBER-1989                                                                                                                                                                     
13-JANUARY  -1993 13-jaUaRY  -1993                                                                                                                                                                      
03-JANUARY  -1990 03-jaUaRY  -1990                                                                                                                                                                      
21-MAY      -1991 21-MaY      -1991                                                                                                                                                                     
07-FEBRUARY -1999 07-FEBRUaRY -1999                                                                                                                                                                     
16-NOVEMBER -1999 16-OVEMBER -1999                                                                                                                                                                      
17-OCTOBER  -1995 17-OCTOBER  -1995                                                                                                                                                                     
29-JANUARY  -1997 29-jaUaRY  -1997                                                                                                                                                                      
15-MARCH    -1998 15-MaRCH    -1998                                                                                                                                                                     
09-JULY     -1998 09-jULY     -1998                                                                                                                                                                     
29-JANUARY  -2000 29-jaUaRY  -2000                                                                                                                                                                      
11-MAY      -1996 11-MaY      -1996                                                                                                                                                                     
24-MARCH    -1998 24-MaRCH    -1998                                                                                                                                                                     
24-MAY      -1999 24-MaY      -1999                                                                                                                                                                     
17-SEPTEMBER-1987 17-SEPTEMBER-1987                                                                                                                                                                     
17-FEBRUARY -1996 17-FEBRUaRY -1996                                                                                                                                                                     
17-AUGUST   -1997 17-aUGUST   -1997                                                                                                                                                                     
07-JUNE     -1994 07-jUE     -1994                                                                                                                                                                      
07-JUNE     -1994 07-jUE     -1994                                                                                                                                                                      

20 rows selected.

SQL> CONN SCOTT/TIGER
Connected.
SQL> SELECT HIRE_DATE , TRANSLATE(HIRE_DATE,'JAN','ja') FROM EMPLOYEES;

HIRE_DATE TRANSLATE(HIRE_DATE,'JAN','JA')                                                                                                                                                               
--------- ------------------------------------------------------------------------                                                                                                                      
17-JUL-87 17-jUL-87                                                                                                                                                                                     
21-SEP-89 21-SEP-89                                                                                                                                                                                     
13-JAN-93 13-ja-93                                                                                                                                                                                      
03-JAN-90 03-ja-90                                                                                                                                                                                      
21-MAY-91 21-MaY-91                                                                                                                                                                                     
07-FEB-99 07-FEB-99                                                                                                                                                                                     
16-NOV-99 16-OV-99                                                                                                                                                                                      
17-OCT-95 17-OCT-95                                                                                                                                                                                     
29-JAN-97 29-ja-97                                                                                                                                                                                      
15-MAR-98 15-MaR-98                                                                                                                                                                                     
09-JUL-98 09-jUL-98                                                                                                                                                                                     
29-JAN-00 29-ja-00                                                                                                                                                                                      
11-MAY-96 11-MaY-96                                                                                                                                                                                     
24-MAR-98 24-MaR-98                                                                                                                                                                                     
24-MAY-99 24-MaY-99                                                                                                                                                                                     
17-SEP-87 17-SEP-87                                                                                                                                                                                     
17-FEB-96 17-FEB-96                                                                                                                                                                                     
17-AUG-97 17-aUG-97                                                                                                                                                                                     
07-JUN-94 07-jU-94                                                                                                                                                                                      
07-JUN-94 07-jU-94                                                                                                                                                                                      

20 rows selected.

SQL> SELECT HIRE_DATE , TRANSLATE(HIRE_DATE,'JAN','jan') FROM EMPLOYEES;

HIRE_DATE TRANSLATE(HIRE_DATE,'JAN','JAN')                                                                                                                                                              
--------- ------------------------------------------------------------------------                                                                                                                      
17-JUL-87 17-jUL-87                                                                                                                                                                                     
21-SEP-89 21-SEP-89                                                                                                                                                                                     
13-JAN-93 13-jan-93                                                                                                                                                                                     
03-JAN-90 03-jan-90                                                                                                                                                                                     
21-MAY-91 21-MaY-91                                                                                                                                                                                     
07-FEB-99 07-FEB-99                                                                                                                                                                                     
16-NOV-99 16-nOV-99                                                                                                                                                                                     
17-OCT-95 17-OCT-95                                                                                                                                                                                     
29-JAN-97 29-jan-97                                                                                                                                                                                     
15-MAR-98 15-MaR-98                                                                                                                                                                                     
09-JUL-98 09-jUL-98                                                                                                                                                                                     
29-JAN-00 29-jan-00                                                                                                                                                                                     
11-MAY-96 11-MaY-96                                                                                                                                                                                     
24-MAR-98 24-MaR-98                                                                                                                                                                                     
24-MAY-99 24-MaY-99                                                                                                                                                                                     
17-SEP-87 17-SEP-87                                                                                                                                                                                     
17-FEB-96 17-FEB-96                                                                                                                                                                                     
17-AUG-97 17-aUG-97                                                                                                                                                                                     
07-JUN-94 07-jUn-94                                                                                                                                                                                     
07-JUN-94 07-jUn-94                                                                                                                                                                                     

20 rows selected.

SQL> SELECT HIRE_DATE , TRANSLATE(HIRE_DATE,'JAN','j n') FROM EMPLOYEES;

HIRE_DATE TRANSLATE(HIRE_DATE,'JAN','JN')                                                                                                                                                               
--------- ------------------------------------------------------------------------                                                                                                                      
17-JUL-87 17-jUL-87                                                                                                                                                                                     
21-SEP-89 21-SEP-89                                                                                                                                                                                     
13-JAN-93 13-j n-93                                                                                                                                                                                     
03-JAN-90 03-j n-90                                                                                                                                                                                     
21-MAY-91 21-M Y-91                                                                                                                                                                                     
07-FEB-99 07-FEB-99                                                                                                                                                                                     
16-NOV-99 16-nOV-99                                                                                                                                                                                     
17-OCT-95 17-OCT-95                                                                                                                                                                                     
29-JAN-97 29-j n-97                                                                                                                                                                                     
15-MAR-98 15-M R-98                                                                                                                                                                                     
09-JUL-98 09-jUL-98                                                                                                                                                                                     
29-JAN-00 29-j n-00                                                                                                                                                                                     
11-MAY-96 11-M Y-96                                                                                                                                                                                     
24-MAR-98 24-M R-98                                                                                                                                                                                     
24-MAY-99 24-M Y-99                                                                                                                                                                                     
17-SEP-87 17-SEP-87                                                                                                                                                                                     
17-FEB-96 17-FEB-96                                                                                                                                                                                     
17-AUG-97 17- UG-97                                                                                                                                                                                     
07-JUN-94 07-jUn-94                                                                                                                                                                                     
07-JUN-94 07-jUn-94                                                                                                                                                                                     

20 rows selected.

SQL> SELECT HIRE_DATE , TRANSLATE(HIRE_DATE,'JAN') FROM EMPLOYEES;
SELECT HIRE_DATE , TRANSLATE(HIRE_DATE,'JAN') FROM EMPLOYEES
                   *
ERROR at line 1:
ORA-00909: invalid number of arguments 


SQL> SELECT HIRE_DATE , TRANSLATE(HIRE_DATE,'JAN','   ') FROM EMPLOYEES;

HIRE_DATE TRANSLATE(HIRE_DATE,'JAN','')                                                                                                                                                                 
--------- ------------------------------------------------------------------------                                                                                                                      
17-JUL-87 17- UL-87                                                                                                                                                                                     
21-SEP-89 21-SEP-89                                                                                                                                                                                     
13-JAN-93 13-   -93                                                                                                                                                                                     
03-JAN-90 03-   -90                                                                                                                                                                                     
21-MAY-91 21-M Y-91                                                                                                                                                                                     
07-FEB-99 07-FEB-99                                                                                                                                                                                     
16-NOV-99 16- OV-99                                                                                                                                                                                     
17-OCT-95 17-OCT-95                                                                                                                                                                                     
29-JAN-97 29-   -97                                                                                                                                                                                     
15-MAR-98 15-M R-98                                                                                                                                                                                     
09-JUL-98 09- UL-98                                                                                                                                                                                     
29-JAN-00 29-   -00                                                                                                                                                                                     
11-MAY-96 11-M Y-96                                                                                                                                                                                     
24-MAR-98 24-M R-98                                                                                                                                                                                     
24-MAY-99 24-M Y-99                                                                                                                                                                                     
17-SEP-87 17-SEP-87                                                                                                                                                                                     
17-FEB-96 17-FEB-96                                                                                                                                                                                     
17-AUG-97 17- UG-97                                                                                                                                                                                     
07-JUN-94 07- U -94                                                                                                                                                                                     
07-JUN-94 07- U -94                                                                                                                                                                                     

20 rows selected.

SQL> SELECT HIRE_DATE , TRANSLATE(HIRE_DATE,'#JAN','#') FROM EMPLOYEES;

HIRE_DATE TRANSLATE(HIRE_DATE,'#JAN','#')                                                                                                                                                               
--------- ------------------------------------------------------------------------                                                                                                                      
17-JUL-87 17-UL-87                                                                                                                                                                                      
21-SEP-89 21-SEP-89                                                                                                                                                                                     
13-JAN-93 13--93                                                                                                                                                                                        
03-JAN-90 03--90                                                                                                                                                                                        
21-MAY-91 21-MY-91                                                                                                                                                                                      
07-FEB-99 07-FEB-99                                                                                                                                                                                     
16-NOV-99 16-OV-99                                                                                                                                                                                      
17-OCT-95 17-OCT-95                                                                                                                                                                                     
29-JAN-97 29--97                                                                                                                                                                                        
15-MAR-98 15-MR-98                                                                                                                                                                                      
09-JUL-98 09-UL-98                                                                                                                                                                                      
29-JAN-00 29--00                                                                                                                                                                                        
11-MAY-96 11-MY-96                                                                                                                                                                                      
24-MAR-98 24-MR-98                                                                                                                                                                                      
24-MAY-99 24-MY-99                                                                                                                                                                                      
17-SEP-87 17-SEP-87                                                                                                                                                                                     
17-FEB-96 17-FEB-96                                                                                                                                                                                     
17-AUG-97 17-UG-97                                                                                                                                                                                      
07-JUN-94 07-U-94                                                                                                                                                                                       
07-JUN-94 07-U-94                                                                                                                                                                                       

20 rows selected.

SQL> SELECT HIRE_DATE , TRANSLATE(HIRE_DATE,'JAN','') FROM EMPLOYEES;

HIRE_DATE TRANSLATE(HIRE_DATE,'JAN','')                                                                                                                                                                 
--------- ------------------------------------------------------------------------                                                                                                                      
17-JUL-87                                                                                                                                                                                               
21-SEP-89                                                                                                                                                                                               
13-JAN-93                                                                                                                                                                                               
03-JAN-90                                                                                                                                                                                               
21-MAY-91                                                                                                                                                                                               
07-FEB-99                                                                                                                                                                                               
16-NOV-99                                                                                                                                                                                               
17-OCT-95                                                                                                                                                                                               
29-JAN-97                                                                                                                                                                                               
15-MAR-98                                                                                                                                                                                               
09-JUL-98                                                                                                                                                                                               
29-JAN-00                                                                                                                                                                                               
11-MAY-96                                                                                                                                                                                               
24-MAR-98                                                                                                                                                                                               
24-MAY-99                                                                                                                                                                                               
17-SEP-87                                                                                                                                                                                               
17-FEB-96                                                                                                                                                                                               
17-AUG-97                                                                                                                                                                                               
07-JUN-94                                                                                                                                                                                               
07-JUN-94                                                                                                                                                                                               

20 rows selected.

SQL> SELECT HIRE_DATE , TRANSLATE(HIRE_DATE,'JAN',NULL) FROM EMPLOYEES;

HIRE_DATE TRANSLATE(HIRE_DATE,'JAN',NULL)                                                                                                                                                               
--------- ------------------------------------------------------------------------                                                                                                                      
17-JUL-87                                                                                                                                                                                               
21-SEP-89                                                                                                                                                                                               
13-JAN-93                                                                                                                                                                                               
03-JAN-90                                                                                                                                                                                               
21-MAY-91                                                                                                                                                                                               
07-FEB-99                                                                                                                                                                                               
16-NOV-99                                                                                                                                                                                               
17-OCT-95                                                                                                                                                                                               
29-JAN-97                                                                                                                                                                                               
15-MAR-98                                                                                                                                                                                               
09-JUL-98                                                                                                                                                                                               
29-JAN-00                                                                                                                                                                                               
11-MAY-96                                                                                                                                                                                               
24-MAR-98                                                                                                                                                                                               
24-MAY-99                                                                                                                                                                                               
17-SEP-87                                                                                                                                                                                               
17-FEB-96                                                                                                                                                                                               
17-AUG-97                                                                                                                                                                                               
07-JUN-94                                                                                                                                                                                               
07-JUN-94                                                                                                                                                                                               

20 rows selected.

SQL> REM 1787
SQL> REM 2189
SQL> 
SQL> REM 0794
SQL> 
SQL> SELECT HIRE_DATE, TRANSLATE(HIRE_DATE, '#-ABCDEFGHIJKLMNOPQRSTUVWXYZ-', '#') FROM EMPLOYEES;

HIRE_DATE TRANSLATE(HIRE_DATE,'#-ABCDEFGHIJKLMNOPQRSTUVWXYZ-','#')                                                                                                                                      
--------- ------------------------------------------------------------------------                                                                                                                      
17-JUL-87 1787                                                                                                                                                                                          
21-SEP-89 2189                                                                                                                                                                                          
13-JAN-93 1393                                                                                                                                                                                          
03-JAN-90 0390                                                                                                                                                                                          
21-MAY-91 2191                                                                                                                                                                                          
07-FEB-99 0799                                                                                                                                                                                          
16-NOV-99 1699                                                                                                                                                                                          
17-OCT-95 1795                                                                                                                                                                                          
29-JAN-97 2997                                                                                                                                                                                          
15-MAR-98 1598                                                                                                                                                                                          
09-JUL-98 0998                                                                                                                                                                                          
29-JAN-00 2900                                                                                                                                                                                          
11-MAY-96 1196                                                                                                                                                                                          
24-MAR-98 2498                                                                                                                                                                                          
24-MAY-99 2499                                                                                                                                                                                          
17-SEP-87 1787                                                                                                                                                                                          
17-FEB-96 1796                                                                                                                                                                                          
17-AUG-97 1797                                                                                                                                                                                          
07-JUN-94 0794                                                                                                                                                                                          
07-JUN-94 0794                                                                                                                                                                                          

20 rows selected.

SQL> SELECT HIRE_DATE , TRANSLATE(HIRE_DATE,'#QWERTYUIOPASDFGHJKLZXCVBNM-','#') FROM EMPLOYEES;

HIRE_DATE TRANSLATE(HIRE_DATE,'#QWERTYUIOPASDFGHJKLZXCVBNM-','#')                                                                                                                                       
--------- ------------------------------------------------------------------------                                                                                                                      
17-JUL-87 1787                                                                                                                                                                                          
21-SEP-89 2189                                                                                                                                                                                          
13-JAN-93 1393                                                                                                                                                                                          
03-JAN-90 0390                                                                                                                                                                                          
21-MAY-91 2191                                                                                                                                                                                          
07-FEB-99 0799                                                                                                                                                                                          
16-NOV-99 1699                                                                                                                                                                                          
17-OCT-95 1795                                                                                                                                                                                          
29-JAN-97 2997                                                                                                                                                                                          
15-MAR-98 1598                                                                                                                                                                                          
09-JUL-98 0998                                                                                                                                                                                          
29-JAN-00 2900                                                                                                                                                                                          
11-MAY-96 1196                                                                                                                                                                                          
24-MAR-98 2498                                                                                                                                                                                          
24-MAY-99 2499                                                                                                                                                                                          
17-SEP-87 1787                                                                                                                                                                                          
17-FEB-96 1796                                                                                                                                                                                          
17-AUG-97 1797                                                                                                                                                                                          
07-JUN-94 0794                                                                                                                                                                                          
07-JUN-94 0794                                                                                                                                                                                          

20 rows selected.

SQL> SELECT FIRST_NAME FROM EMPLOYEES;

FIRST_NAME                                                                                                                                                                                              
----------                                                                                                                                                                                              
Steven                                                                                                                                                                                                  
Neena                                                                                                                                                                                                   
Lex                                                                                                                                                                                                     
Alexander                                                                                                                                                                                               
Bruce                                                                                                                                                                                                   
Diana                                                                                                                                                                                                   
Kevin                                                                                                                                                                                                   
Trenna                                                                                                                                                                                                  
Curtis                                                                                                                                                                                                  
Randall                                                                                                                                                                                                 
Peter                                                                                                                                                                                                   
Eleni                                                                                                                                                                                                   
Ellen                                                                                                                                                                                                   
Jonathon                                                                                                                                                                                                
Kimerely                                                                                                                                                                                                
Jennifer                                                                                                                                                                                                
Michael                                                                                                                                                                                                 
Pat                                                                                                                                                                                                     
Shelley                                                                                                                                                                                                 
William                                                                                                                                                                                                 

20 rows selected.

SQL> REM LENGTH 6 OR MORE
SQL> 
SQL> REM Steven   stEvEn
SQL> REM Alexander AlExAndEr
SQL> 
SQL> REM ALL VOWELS CAPITAL : AEIOU
SQL> 
SQL> REM ALL CONSONENT : LOWER
SQL> 
SQL> 
SQL> SELECT FIRST_NAME , TRANSLATE(FIRST_NAME , 'aeiouQWRTYPLKJHGFDSZXCVBNM', 'AEIOUqwrtyplkjhgfdszxcvbnm') FROM EMPLOYEES;

FIRST_NAME TRANSLATE(FIRST_NAME,'AEIOUQWRTYPLKJHGFD                                                                                                                                                     
---------- ----------------------------------------                                                                                                                                                     
Steven     stEvEn                                                                                                                                                                                       
Neena      nEEnA                                                                                                                                                                                        
Lex        lEx                                                                                                                                                                                          
Alexander  AlExAndEr                                                                                                                                                                                    
Bruce      brUcE                                                                                                                                                                                        
Diana      dIAnA                                                                                                                                                                                        
Kevin      kEvIn                                                                                                                                                                                        
Trenna     trEnnA                                                                                                                                                                                       
Curtis     cUrtIs                                                                                                                                                                                       
Randall    rAndAll                                                                                                                                                                                      
Peter      pEtEr                                                                                                                                                                                        
Eleni      ElEnI                                                                                                                                                                                        
Ellen      EllEn                                                                                                                                                                                        
Jonathon   jOnAthOn                                                                                                                                                                                     
Kimerely   kImErEly                                                                                                                                                                                     
Jennifer   jEnnIfEr                                                                                                                                                                                     
Michael    mIchAEl                                                                                                                                                                                      
Pat        pAt                                                                                                                                                                                          
Shelley    shEllEy                                                                                                                                                                                      
William    wIllIAm                                                                                                                                                                                      

20 rows selected.

SQL> SELECT TRANSLATE(FIRST_NAME, 'ABCDEFGHIJKLMNOPQRSTUVWXYZabcdefghijklmnopqrstuvwxyz', 'AbcdEfghIjklmnOpqrstUvwxyzAbcdEfghIjklmnOpqrstUvwxyz') FROM EMPLOYEES;

TRANSLATE(FIRST_NAME,'ABCDEFGHIJKLMNOPQR                                                                                                                                                                
----------------------------------------                                                                                                                                                                
stEvEn                                                                                                                                                                                                  
nEEnA                                                                                                                                                                                                   
lEx                                                                                                                                                                                                     
AlExAndEr                                                                                                                                                                                               
brUcE                                                                                                                                                                                                   
dIAnA                                                                                                                                                                                                   
kEvIn                                                                                                                                                                                                   
trEnnA                                                                                                                                                                                                  
cUrtIs                                                                                                                                                                                                  
rAndAll                                                                                                                                                                                                 
pEtEr                                                                                                                                                                                                   
ElEnI                                                                                                                                                                                                   
EllEn                                                                                                                                                                                                   
jOnAthOn                                                                                                                                                                                                
kImErEly                                                                                                                                                                                                
jEnnIfEr                                                                                                                                                                                                
mIchAEl                                                                                                                                                                                                 
pAt                                                                                                                                                                                                     
shEllEy                                                                                                                                                                                                 
wIllIAm                                                                                                                                                                                                 

20 rows selected.

SQL> SELECT FIRST_NAME , TRANSLATE(FIRST_NAME, 'ABCDEFGHIJKLMNOPQRSTUVWXYZabcdefghijklmnopqrstuvwxyz', 'AbcdEfghIjklmnOpqrstUvwxyzAbcdEfghIjklmnOpqrstUvwxyz') FROM EMPLOYEES;

FIRST_NAME TRANSLATE(FIRST_NAME,'ABCDEFGHIJKLMNOPQR                                                                                                                                                     
---------- ----------------------------------------                                                                                                                                                     
Steven     stEvEn                                                                                                                                                                                       
Neena      nEEnA                                                                                                                                                                                        
Lex        lEx                                                                                                                                                                                          
Alexander  AlExAndEr                                                                                                                                                                                    
Bruce      brUcE                                                                                                                                                                                        
Diana      dIAnA                                                                                                                                                                                        
Kevin      kEvIn                                                                                                                                                                                        
Trenna     trEnnA                                                                                                                                                                                       
Curtis     cUrtIs                                                                                                                                                                                       
Randall    rAndAll                                                                                                                                                                                      
Peter      pEtEr                                                                                                                                                                                        
Eleni      ElEnI                                                                                                                                                                                        
Ellen      EllEn                                                                                                                                                                                        
Jonathon   jOnAthOn                                                                                                                                                                                     
Kimerely   kImErEly                                                                                                                                                                                     
Jennifer   jEnnIfEr                                                                                                                                                                                     
Michael    mIchAEl                                                                                                                                                                                      
Pat        pAt                                                                                                                                                                                          
Shelley    shEllEy                                                                                                                                                                                      
William    wIllIAm                                                                                                                                                                                      

20 rows selected.

SQL> SELECT FIRST_NAME , TRANSLATE(LOWER(FIRST_NAME) , 'aeiou', 'AEIOU') FROM EMPLOYEES;

FIRST_NAME TRANSLATE(LOWER(FIRST_NAME),'AEIOU','AEI                                                                                                                                                     
---------- ----------------------------------------                                                                                                                                                     
Steven     stEvEn                                                                                                                                                                                       
Neena      nEEnA                                                                                                                                                                                        
Lex        lEx                                                                                                                                                                                          
Alexander  AlExAndEr                                                                                                                                                                                    
Bruce      brUcE                                                                                                                                                                                        
Diana      dIAnA                                                                                                                                                                                        
Kevin      kEvIn                                                                                                                                                                                        
Trenna     trEnnA                                                                                                                                                                                       
Curtis     cUrtIs                                                                                                                                                                                       
Randall    rAndAll                                                                                                                                                                                      
Peter      pEtEr                                                                                                                                                                                        
Eleni      ElEnI                                                                                                                                                                                        
Ellen      EllEn                                                                                                                                                                                        
Jonathon   jOnAthOn                                                                                                                                                                                     
Kimerely   kImErEly                                                                                                                                                                                     
Jennifer   jEnnIfEr                                                                                                                                                                                     
Michael    mIchAEl                                                                                                                                                                                      
Pat        pAt                                                                                                                                                                                          
Shelley    shEllEy                                                                                                                                                                                      
William    wIllIAm                                                                                                                                                                                      

20 rows selected.

SQL> SELECT FIRST_NAME , TRANSLATE(LOWER(FIRST_NAME) , 'aeiou', 'AEIOU') FROM EMPLOYEES WHERE LENGTH(FIRST_NAME) >= 6;

FIRST_NAME TRANSLATE(LOWER(FIRST_NAME),'AEIOU','AEI                                                                                                                                                     
---------- ----------------------------------------                                                                                                                                                     
Steven     stEvEn                                                                                                                                                                                       
Alexander  AlExAndEr                                                                                                                                                                                    
Trenna     trEnnA                                                                                                                                                                                       
Curtis     cUrtIs                                                                                                                                                                                       
Randall    rAndAll                                                                                                                                                                                      
Jonathon   jOnAthOn                                                                                                                                                                                     
Kimerely   kImErEly                                                                                                                                                                                     
Jennifer   jEnnIfEr                                                                                                                                                                                     
Michael    mIchAEl                                                                                                                                                                                      
Shelley    shEllEy                                                                                                                                                                                      
William    wIllIAm                                                                                                                                                                                      

11 rows selected.

SQL> SELECT FIRST_NAME , TRANSLATE(LOWER(FIRST_NAME) , 'aeiou', 'AEIOU') FROM EMPLOYEES WHERE FIRST_NAME LIKE '______%';

FIRST_NAME TRANSLATE(LOWER(FIRST_NAME),'AEIOU','AEI                                                                                                                                                     
---------- ----------------------------------------                                                                                                                                                     
Steven     stEvEn                                                                                                                                                                                       
Alexander  AlExAndEr                                                                                                                                                                                    
Trenna     trEnnA                                                                                                                                                                                       
Curtis     cUrtIs                                                                                                                                                                                       
Randall    rAndAll                                                                                                                                                                                      
Jonathon   jOnAthOn                                                                                                                                                                                     
Kimerely   kImErEly                                                                                                                                                                                     
Jennifer   jEnnIfEr                                                                                                                                                                                     
Michael    mIchAEl                                                                                                                                                                                      
Shelley    shEllEy                                                                                                                                                                                      
William    wIllIAm                                                                                                                                                                                      

11 rows selected.

SQL> SELECT * FROM EMPLOYEES;

EMPLOYEE_ID FIRST_NAME LAST_NAME  EMAIL      PHONE_NUMBER         HIRE_DATE JOB_ID         SALARY COMMISSION_PCT MANAGER_ID DEPARTMENT_ID                                                               
----------- ---------- ---------- ---------- -------------------- --------- ---------- ---------- -------------- ---------- -------------                                                               
        100 Steven     King       SKING      515.123.4567         17-JUL-87 AD_PRES         24000                                      90                                                               
        101 Neena      Kochhar    NKOCHHAR   515.123.4568         21-SEP-89 AD_VP           17000                       100            90                                                               
        102 Lex        De Haan    LDEHAAN    515.123.4569         13-JAN-93 AD_VP           17000                       100            90                                                               
        103 Alexander  Hunold     AHUNOLD    590.423.4567         03-JAN-90 IT_PROG          9000                       102            60                                                               
        104 Bruce      Ernst      BERNST     590.423.4568         21-MAY-91 IT_PROG          6000                       103            60                                                               
        107 Diana      Lorentz    DLORENTZ   590.423.5567         07-FEB-99 IT_PROG          4200                       103            60                                                               
        124 Kevin      Mourgos    KMOURGOS   650.123.5234         16-NOV-99 ST_MAN           5800                       100            50                                                               
        141 Trenna     Rajs       TRAJS      650.121.8009         17-OCT-95 ST_CLERK         3500                       124            50                                                               
        142 Curtis     Davies     CDAVIES    650.121.2994         29-JAN-97 ST_CLERK         3100                       124            50                                                               
        143 Randall    Matos      RMATOS     650.121.2874         15-MAR-98 ST_CLERK         2600                       124            50                                                               
        144 Peter      Vargas     PVARGAS    650.121.2004         09-JUL-98 ST_CLERK         2500                       124            50                                                               
        149 Eleni      Zlotkey    EZLOTKEY   011.44.1344.429018   29-JAN-00 SA_MAN          10500             .2        100            80                                                               
        174 Ellen      Abel       EABEL      011.44.1644.429267   11-MAY-96 SA_REP          11000             .3        149            80                                                               
        176 Jonathon   Taylor     JTAYLOR    011.44.1644.429265   24-MAR-98 SA_REP           8600             .3        149            80                                                               
        178 Kimerely   Grant      KGRANT     011.44.1644.429263   24-MAY-99 SA_REP           7000            .15        149                                                                             
        200 Jennifer   Whalen     JWHALEN    515.123.4444         17-SEP-87 AD_ASST          4400                       101            10                                                               
        201 Michael    Hartstein  MHARTSTE   515.123.5555         17-FEB-96 MK_MAN          13000                       100            20                                                               
        202 Pat        Fay        PFAY       603.123.6666         17-AUG-97 MK_REP           6000                       201            20                                                               
        205 Shelley    Higgins    SHIGGINS   515.123.8080         07-JUN-94 AC_MGR          12000                       101           110                                                               
        206 William    Gietz      WGIETZ     515.123.8181         07-JUN-94 AC_ACCOUNT       8300                       205           110                                                               

20 rows selected.

SQL> REM ALL VOWELS small : aeiou , CONSONENT : CAPITAL
SQL> 
SQL> SELECT FIRST_NAME , TRANSLATE(UPPER(FIRST_NAME) , 'AEIOU', 'aeiou') FROM EMPLOYEES WHERE LENGTH(FIRST_NAME) >= 6;

FIRST_NAME TRANSLATE(UPPER(FIRST_NAME),'AEIOU','AEI                                                                                                                                                     
---------- ----------------------------------------                                                                                                                                                     
Steven     STeVeN                                                                                                                                                                                       
Alexander  aLeXaNDeR                                                                                                                                                                                    
Trenna     TReNNa                                                                                                                                                                                       
Curtis     CuRTiS                                                                                                                                                                                       
Randall    RaNDaLL                                                                                                                                                                                      
Jonathon   JoNaTHoN                                                                                                                                                                                     
Kimerely   KiMeReLY                                                                                                                                                                                     
Jennifer   JeNNiFeR                                                                                                                                                                                     
Michael    MiCHaeL                                                                                                                                                                                      
Shelley    SHeLLeY                                                                                                                                                                                      
William    WiLLiaM                                                                                                                                                                                      

11 rows selected.

SQL> REM REPLACE , SUBSTR , INSTR
SQL> 
SQL> SPOOL OFF
