SQL> 
SQL> CL SCR

SQL> REM TABLE LEVEL CONSTRAINTS :
SQL> 
SQL> DROP TABLE SCHOOL;
DROP TABLE SCHOOL
           *
ERROR at line 1:
ORA-02449: unique/primary keys in table referenced by foreign keys 


SQL> DROP TABLE SCHOOL CASCASDE CONSTRAINTS;
DROP TABLE SCHOOL CASCASDE CONSTRAINTS
                  *
ERROR at line 1:
ORA-00933: SQL command not properly ended 


SQL> DROP TABLE SCHOOL CASCADE CONSTRAINTS;

Table dropped.

SQL> DROP TABLE FEES;
DROP TABLE FEES
           *
ERROR at line 1:
ORA-00942: table or view does not exist 


SQL> DROP TABLE RESULT;

Table dropped.

SQL> REM TABLE LEVEL : WHEN WE WANT TO REFER MULTIPLE COLUMNS WITHIN SINGLE CONSTRAINT.
SQL> 
SQL> REM SCHOOL : STD DIV RNO
SQL> 
SQL> REM EXAMPLE :5   A    1
SQL> 
SQL> REM EXAMPLE :5   A    2
SQL> 
SQL> REM EXAMPLE :5   A    3
SQL> 
SQL> REM EXAMPLE :5   B    1
SQL> 
SQL> REM EXAMPLE :6   A    1
SQL> 
SQL> REM EXAMPLE :5   A    3  X
SQL> 
SQL> 
SQL> CREATE TABLE SCHOOL(STD NUMBER(2),DIV CHAR,RNO NUMBER(2),NM VARCHAR(10), PRIMARY KEY(STD,DIV,RNO));

Table created.

SQL> INSERT INTO SCHOOL VALUES (5,'A',1,'GANESH');

1 row created.

SQL> INSERT INTO SCHOOL VALUES (5,'A',2,'RIDDHI');

1 row created.

SQL> INSERT INTO SCHOOL VALUES (5,'A',3,'SIDDHI');

1 row created.

SQL> INSERT INTO SCHOOL VALUES (5,'A',2,'SHUBH');
INSERT INTO SCHOOL VALUES (5,'A',2,'SHUBH')
*
ERROR at line 1:
ORA-00001: unique constraint (SCOTT.SYS_C0025278) violated 


SQL> INSERT INTO SCHOOL VALUES (5,'A',NULL,'SIDDHI');
INSERT INTO SCHOOL VALUES (5,'A',NULL,'SIDDHI')
                                 *
ERROR at line 1:
ORA-01400: cannot insert NULL into ("SCOTT"."SCHOOL"."RNO") 


SQL> REM COMPOSITE PRIMARY KEY : WHICH CONTAINS MULTIPLE COLUMNS IN SINGLE PRIMARY KEY CONSTRAINT.
SQL> 
SQL> DROP TABLE SCHOOL
  2  ;

Table dropped.

SQL> REM ONLY NOT NULL CONSTRAINT IS NOT AVAILABLE AT TABLE LEVEL.
SQL> 
SQL> CREATE TABLE SCHOOL(STD NUMBER(2) NOT NULL,DIV CHAR NOT NULL,RNO NUMBER(2) NOT NULL,NM VARCHAR(10), UNIQUE(STD,DIV,RNO));

Table created.

SQL> INSERT INTO SCHOOL VALUES (5,'A',1,'GANESH');

1 row created.

SQL> INSERT INTO SCHOOL VALUES (5,'A',2,'RIDDHI');

1 row created.

SQL> INSERT INTO SCHOOL VALUES (5,'A',3,'SIDDHI');

1 row created.

SQL> INSERT INTO SCHOOL VALUES (5,'A',2,'SHUBH');
INSERT INTO SCHOOL VALUES (5,'A',2,'SHUBH')
*
ERROR at line 1:
ORA-00001: unique constraint (SCOTT.SYS_C0025282) violated 


SQL> INSERT INTO SCHOOL VALUES (5,'A',NULL,'SIDDHI');
INSERT INTO SCHOOL VALUES (5,'A',NULL,'SIDDHI')
                                 *
ERROR at line 1:
ORA-01400: cannot insert NULL into ("SCOTT"."SCHOOL"."RNO") 


SQL> REM CANDIDATE KEY : A KEY/COLUMN WHICH IS PART OF COMPOSITE CONSTRAINT IS CALLED CANDIDATE KEY.
SQL> 
SQL> 
SQL> 
SQL> REM REM 15 BETNCHES
SQL> 
SQL> REM STD 1-4 : 15 X 5 = 75 : RNO 1-75
SQL> 
SQL> REM STD 5-8 : 15 X 4 = 60 : RNO 1-60
SQL> 
SQL> REM STD 9-12 : 15 X 3 = 45 : RNO 1-45
SQL> 
SQL> 
SQL> 
SQL> DROP TABLE SCHOOL;

Table dropped.

SQL> 
SQL> CREATE TABLE SCHOOL(STD NUMBER(2),DIV CHAR,RNO NUMBER(2),NM VARCHAR(10),
  2  CHECK ((STD BETWEEN 1 AND 4 AND RNO BETWEEN 1 AND 75)
  3  OR     (STD BETWEEN 5 AND 8 AND RNO BETWEEN 1 AND 60)
  4  OR     (STD BETWEEN 9 AND 12 AND RNO BETWEEN 1 AND 45)));

Table created.

SQL> INSERT INTO SCHOOL VALUES (4,'A',1,'GANESH');

1 row created.

SQL> INSERT INTO SCHOOL VALUES (4,'A',75,'GANESH');

1 row created.

SQL> INSERT INTO SCHOOL VALUES (4,'A',76,'GANESH');
INSERT INTO SCHOOL VALUES (4,'A',76,'GANESH')
*
ERROR at line 1:
ORA-02290: check constraint (SCOTT.SYS_C0025287) violated 


SQL> INSERT INTO SCHOOL VALUES (5,'A',60,'GANESH');

1 row created.

SQL> INSERT INTO SCHOOL VALUES (5,'A',61,'GANESH');
INSERT INTO SCHOOL VALUES (5,'A',61,'GANESH')
*
ERROR at line 1:
ORA-02290: check constraint (SCOTT.SYS_C0025287) violated 


SQL> INSERT INTO SCHOOL VALUES (9,'A',45,'GANESH');

1 row created.

SQL> INSERT INTO SCHOOL VALUES (9,'A',46,'GANESH');
INSERT INTO SCHOOL VALUES (9,'A',46,'GANESH')
*
ERROR at line 1:
ORA-02290: check constraint (SCOTT.SYS_C0025287) violated 


SQL> INSERT INTO SCHOOL VALUES (4,'A',75,'GANESH');

1 row created.

SQL> DROP TABLE SCHOOL;

Table dropped.

SQL> CREATE TABLE SCHOOL(STD NUMBER(2),DIV CHAR,RNO NUMBER(2),NM VARCHAR(10),
  2  PRIMARY KEY (STD,DIV,RNO),
  3  CHECK ((STD BETWEEN 1 AND 4 AND RNO BETWEEN 1 AND 75)
  4  OR     (STD BETWEEN 5 AND 8 AND RNO BETWEEN 1 AND 60)
  5  OR     (STD BETWEEN 9 AND 12 AND RNO BETWEEN 1 AND 45)));

Table created.

SQL> INSERT INTO SCHOOL VALUES (4,'A',1,'GANESH');

1 row created.

SQL> INSERT INTO SCHOOL VALUES (4,'A',75,'GANESH');

1 row created.

SQL> INSERT INTO SCHOOL VALUES (4,'A',76,'GANESH');
INSERT INTO SCHOOL VALUES (4,'A',76,'GANESH')
*
ERROR at line 1:
ORA-02290: check constraint (SCOTT.SYS_C0025288) violated 


SQL> INSERT INTO SCHOOL VALUES (5,'A',60,'GANESH');

1 row created.

SQL> INSERT INTO SCHOOL VALUES (5,'A',61,'GANESH');
INSERT INTO SCHOOL VALUES (5,'A',61,'GANESH')
*
ERROR at line 1:
ORA-02290: check constraint (SCOTT.SYS_C0025288) violated 


SQL> INSERT INTO SCHOOL VALUES (9,'A',45,'GANESH');

1 row created.

SQL> INSERT INTO SCHOOL VALUES (9,'A',46,'GANESH');
INSERT INTO SCHOOL VALUES (9,'A',46,'GANESH')
*
ERROR at line 1:
ORA-02290: check constraint (SCOTT.SYS_C0025288) violated 


SQL> INSERT INTO SCHOOL VALUES (4,'A',75,'GANESH');
INSERT INTO SCHOOL VALUES (4,'A',75,'GANESH')
*
ERROR at line 1:
ORA-00001: unique constraint (SCOTT.SYS_C0025289) violated 


SQL> SELECT * FROM SCHOOL;

       STD D        RNO NM                                                                                                                                                                              
---------- - ---------- ----------                                                                                                                                                                      
         4 A          1 GANESH                                                                                                                                                                          
         4 A         75 GANESH                                                                                                                                                                          
         5 A         60 GANESH                                                                                                                                                                          
         9 A         45 GANESH                                                                                                                                                                          

SQL> REM ONLY REFERENCES CONSTRAINT HAS DIFFERENT SYNTAX FOR COLUMN LEVEL AND TABLE LEVEL.
SQL> 
SQL> CREATE TABLE RESULT(STD NUMBER(2),DIV CHAR,ROLLNO NUMBER(2),RESULT CHAR(4),
  2  REFERENCES SCHOOL(STD,DIV,RNO));
REFERENCES SCHOOL(STD,DIV,RNO))
                 *
ERROR at line 2:
ORA-00907: missing right parenthesis 


SQL> CREATE TABLE RESULT(STD NUMBER(2),DIV CHAR,ROLLNO NUMBER(2),RESULT CHAR(4),
  2  FOREIGN KEY(STD,DIV,ROLLNO) REFERENCES SCHOOL(STD,DIV,RNO));

Table created.

SQL> INSERT INTO RESULT VALUES (4,'A',1,'PASS');

1 row created.

SQL> INSERT INTO RESULT VALUES (4,'A',2,'PASS');
INSERT INTO RESULT VALUES (4,'A',2,'PASS')
*
ERROR at line 1:
ORA-02291: integrity constraint (SCOTT.SYS_C0025294) violated - parent key not found 


SQL> INSERT INTO RESULT VALUES (5,'A',20,'PASS');
INSERT INTO RESULT VALUES (5,'A',20,'PASS')
*
ERROR at line 1:
ORA-02291: integrity constraint (SCOTT.SYS_C0025294) violated - parent key not found 


SQL> INSERT INTO RESULT VALUES (5,'A',60,'PASS');

1 row created.

SQL> REM RELATIONSHIP TYPE MATTERS WHEN WE PERFORM DELETE OPERATION ON PARENT TABLE.
SQL> 
SQL> REM PARENT TABLE : WHICH HAS REFERRED PRIMARY KEY/UNIQUE CONSTRAINT/COLUMN.
SQL> 
SQL> REM CHILD TABLE : WHICH TAKES REFERECE OF OTHER/SAME TABLE PRIMARY KEY/UNIQUE.
SQL> 
SQL> 
SQL> REM ORACLE SUPPORTS 3 TYPE OF RELATIONSHIP : 1 DEFAULT/NO ACTION 2 CASCADE 3 SET NULL
SQL> 
SQL> REM DEFAULT/NO ACTION : IT WILL NOT ALLOW US TO DELETE PARENT ROW UNTIL IT'S CHILD EXIST.
SQL> 
SQL> REM CASCADE : IT WILL FIRST DELETE ALL CORRESPONDING CHILD ROWS AND AFTERWARDS WILL DELETE PARENT ROWS.
SQL> 
SQL> REM SET NULL : IT WILL FIRST UPDATE CORRESPONDING CHILD ROW REFERENCES COLUMN WITH NULL AND THEN WILL DELETE PARENT ROWS.
SQL> 
SQL> 
SQL> 
SQL> DROP TABLE C1;

Table dropped.

SQL> DROP TABLE C2;

Table dropped.

SQL> DROP TABLE C3;

Table dropped.

SQL> DROP TABLE P1;

Table dropped.

SQL> DROP TABLE P2;

Table dropped.

SQL> DROP TABLE P3;

Table dropped.

SQL> 
SQL> CREATE TABLE P1(NO NUMBER PRIMARY KEY,NM VARCHAR(10));

Table created.

SQL> CREATE TABLE P2(NO NUMBER PRIMARY KEY,NM VARCHAR(10));

Table created.

SQL> CREATE TABLE P3(NO NUMBER PRIMARY KEY,NM VARCHAR(10));

Table created.

SQL> CREATE TABLE C1(NO NUMBER REFERENCES P1,RESULT VARCHAR(10));

Table created.

SQL> CREATE TABLE C2(NO NUMBER REFERENCES P2 ON DELETE CASCADE,RESULT VARCHAR(10));

Table created.

SQL> CREATE TABLE C3(NO NUMBER REFERENCES P3 ON DELETE SET NULL,RESULT VARCHAR(10));

Table created.

SQL> INSERT INTO P1 VALUES (1,'GANEHS');

1 row created.

SQL> INSERT INTO P1 VALUES (2,'RIDDHI');

1 row created.

SQL> INSERT INTO P1 VALUES (3,'SIDDHI');

1 row created.

SQL> INSERT INTO P2 SELECT * FROM P1;

3 rows created.

SQL> INSERT INTO P3 SELECT * FROM P1;

3 rows created.

SQL> INSERT INTO C1 VALUES (1,'PASS');

1 row created.

SQL> INSERT INTO C1 VALUES (2,'PASS');

1 row created.

SQL> INSERT INTO C1 VALUES (2,'FAIL');

1 row created.

SQL> INSERT INTO C2 SELECT * FROM C1;

3 rows created.

SQL> INSERT INTO C3 SELECT * FROM C1;

3 rows created.

SQL> COMMIT;

Commit complete.

SQL> REM USER_CONSTRAINTS , USER_CONS_COLUMNS : WILL PROVIDE CONSTRAINT INFO.
SQL> 
SQL> 
SQL> COL TABLE_NAME FORMAT A30
SQL> COL COLUMN_NAME FORMAT A30
SQL> COL CONSTRAINT_NAME FORMAT A30
SQL> COL R_CONSTRAINT_NAME FORMAT A30
SQL> COL DELETE_RULE FORMAT A30
SQL> 
SQL> SELECT TABLE_NAME , COLUMN_NAME , CONSTRAINT_TYPE , CONSTRAINT_NAME , R_CONSTRAINT_NAME , DELETE_RULE FROM USER_CONSTRAINTS NATURAL JOIN USER_CONS_COLUMNS WHERE TABLE_NAME IN ('P1','C1');

TABLE_NAME                     COLUMN_NAME                    C CONSTRAINT_NAME                R_CONSTRAINT_NAME              DELETE_RULE                                                               
------------------------------ ------------------------------ - ------------------------------ ------------------------------ ------------------------------                                            
P1                             NO                             P SYS_C0025299                                                                                                                            
C1                             NO                             R SYS_C0025302                   SYS_C0025299                   NO ACTION                                                                 

SQL> REM DEFAULT/NO ACTION : IT WILL NOT ALLOW US TO DELETE PARENT ROW UNTIL IT'S CHILD EXIST.
SQL> 
SQL> SELECT * FROM P1;

        NO NM                                                                                                                                                                                           
---------- ----------                                                                                                                                                                                   
         1 GANEHS                                                                                                                                                                                       
         2 RIDDHI                                                                                                                                                                                       
         3 SIDDHI                                                                                                                                                                                       

SQL> SELECT * FROM C1;

        NO RESULT                                                                                                                                                                                       
---------- ----------                                                                                                                                                                                   
         1 PASS                                                                                                                                                                                         
         2 PASS                                                                                                                                                                                         
         2 FAIL                                                                                                                                                                                         

SQL> DELETE P1 WHERE NO = 2;
DELETE P1 WHERE NO = 2
*
ERROR at line 1:
ORA-02292: integrity constraint (SCOTT.SYS_C0025302) violated - child record found 


SQL> SELECT TABLE_NAME , COLUMN_NAME , CONSTRAINT_TYPE , CONSTRAINT_NAME , R_CONSTRAINT_NAME , DELETE_RULE FROM USER_CONSTRAINTS NATURAL JOIN USER_CONS_COLUMNS WHERE TABLE_NAME IN ('P2','C2');

TABLE_NAME                     COLUMN_NAME                    C CONSTRAINT_NAME                R_CONSTRAINT_NAME              DELETE_RULE                                                               
------------------------------ ------------------------------ - ------------------------------ ------------------------------ ------------------------------                                            
P2                             NO                             P SYS_C0025300                                                                                                                            
C2                             NO                             R SYS_C0025303                   SYS_C0025300                   CASCADE                                                                   

SQL> REM CASCADE : IT WILL FIRST DELETE ALL CORRESPONDING CHILD ROWS AND AFTERWARDS WILL DELETE PARENT ROWS.
SQL> 
SQL> SELECT * FROM P2;

        NO NM                                                                                                                                                                                           
---------- ----------                                                                                                                                                                                   
         1 GANEHS                                                                                                                                                                                       
         2 RIDDHI                                                                                                                                                                                       
         3 SIDDHI                                                                                                                                                                                       

SQL> SELECT * FROM C2;

        NO RESULT                                                                                                                                                                                       
---------- ----------                                                                                                                                                                                   
         1 PASS                                                                                                                                                                                         
         2 PASS                                                                                                                                                                                         
         2 FAIL                                                                                                                                                                                         

SQL> DELETE P2 WHERE NO = 2;

1 row deleted.

SQL> SELECT * FROM P2;

        NO NM                                                                                                                                                                                           
---------- ----------                                                                                                                                                                                   
         1 GANEHS                                                                                                                                                                                       
         3 SIDDHI                                                                                                                                                                                       

SQL> SELECT * FROM C2;

        NO RESULT                                                                                                                                                                                       
---------- ----------                                                                                                                                                                                   
         1 PASS                                                                                                                                                                                         

SQL> SELECT TABLE_NAME , COLUMN_NAME , CONSTRAINT_TYPE , CONSTRAINT_NAME , R_CONSTRAINT_NAME , DELETE_RULE FROM USER_CONSTRAINTS NATURAL JOIN USER_CONS_COLUMNS WHERE TABLE_NAME IN ('P3','C3');

TABLE_NAME                     COLUMN_NAME                    C CONSTRAINT_NAME                R_CONSTRAINT_NAME              DELETE_RULE                                                               
------------------------------ ------------------------------ - ------------------------------ ------------------------------ ------------------------------                                            
P3                             NO                             P SYS_C0025301                                                                                                                            
C3                             NO                             R SYS_C0025304                   SYS_C0025301                   SET NULL                                                                  

SQL> REM SET NULL : IT WILL FIRST UPDATE CORRESPONDING CHILD ROW REFERENCES COLUMN WITH NULL AND THEN WILL DELETE PARENT ROWS.
SQL> 
SQL> SELECT * FROM P3;

        NO NM                                                                                                                                                                                           
---------- ----------                                                                                                                                                                                   
         1 GANEHS                                                                                                                                                                                       
         2 RIDDHI                                                                                                                                                                                       
         3 SIDDHI                                                                                                                                                                                       

SQL> SELECT * FROM C3;

        NO RESULT                                                                                                                                                                                       
---------- ----------                                                                                                                                                                                   
         1 PASS                                                                                                                                                                                         
         2 PASS                                                                                                                                                                                         
         2 FAIL                                                                                                                                                                                         

SQL> DELETE P3 WHERE NO = 2;

1 row deleted.

SQL> SELECT * FROM P3;

        NO NM                                                                                                                                                                                           
---------- ----------                                                                                                                                                                                   
         1 GANEHS                                                                                                                                                                                       
         3 SIDDHI                                                                                                                                                                                       

SQL> SELECT * FROM C3;

        NO RESULT                                                                                                                                                                                       
---------- ----------                                                                                                                                                                                   
         1 PASS                                                                                                                                                                                         
           PASS                                                                                                                                                                                         
           FAIL                                                                                                                                                                                         

SQL> SPOOL OFF
