SQL> CL CR
SP2-0158: unknown CLEAR option "CR"
SQL> CL SCR

SQL> SELECT * FROM REGIONS;

 REGION_ID REGION_NAME                                                                                                                                                                                  
---------- -------------------------                                                                                                                                                                    
         1 Europe                                                                                                                                                                                       
         2 Americas                                                                                                                                                                                     
         3 Asia                                                                                                                                                                                         
         4 Middle East and Africa                                                                                                                                                                       

SQL> REM SPECIAL OPERATORS : 1 IN 2 BETWEEN 3 LIKE 4 IS NULL
SQL> 
SQL> REM ALL SPECIAL OPERATORS WORK WITH ALL 3 BASIC DATA TYPE VALUES : 1 CHARACTER 2 NUMBER 3 DATE
SQL> 
SQL> REM ALL SPECIAL OPERATORS CAN BE USED TO COMPARE : 1 POSITIVE CONDITOINS 2 NEGATIVE CONDITIONS
SQL> 
SQL> REM 1 IN / NOT IN
SQL> 
SQL> REM 2 BETWEEN / NOT BETWEEN
SQL> 
SQL> REM 3 LIKE / NOT LIKE
SQL> 
SQL> REM 4 IS NULL / IS NOT NULL
SQL> 
SQL> 
SQL> 
SQL> 
SQL> REM IN : TO COMPARE MULTIPLE VALUES WITHIN SINGLE CONDITION :
SQL> 
SQL> REM DISPLAY THOSE WHO WORKS IN DEPARTMENT 20
SQL> 
SQL> SELECT * FROM EMPLOYEES WHERE DEPARTMENT_ID = 20;

EMPLOYEE_ID FIRST_NAME LAST_NAME  EMAIL      PHONE_NUMBER         HIRE_DATE JOB_ID         SALARY COMMISSION_PCT MANAGER_ID DEPARTMENT_ID                                                               
----------- ---------- ---------- ---------- -------------------- --------- ---------- ---------- -------------- ---------- -------------                                                               
        201 Michael    Hartstein  MHARTSTE   515.123.5555         17-FEB-96 MK_MAN          13000                       100            20                                                               
        202 Pat        Fay        PFAY       603.123.6666         17-AUG-97 MK_REP           6000                       201            20                                                               

SQL> REM DISPLAY THOSE WHO WORKS IN DEPARTMENT 60
SQL> 
SQL> SELECT * FROM EMPLOYEES WHERE DEPARTMENT_ID = 60;

EMPLOYEE_ID FIRST_NAME LAST_NAME  EMAIL      PHONE_NUMBER         HIRE_DATE JOB_ID         SALARY COMMISSION_PCT MANAGER_ID DEPARTMENT_ID                                                               
----------- ---------- ---------- ---------- -------------------- --------- ---------- ---------- -------------- ---------- -------------                                                               
        103 Alexander  Hunold     AHUNOLD    590.423.4567         03-JAN-90 IT_PROG          9000                       102            60                                                               
        104 Bruce      Ernst      BERNST     590.423.4568         21-MAY-91 IT_PROG          6000                       103            60                                                               
        107 Diana      Lorentz    DLORENTZ   590.423.5567         07-FEB-99 IT_PROG          4200                       103            60                                                               

SQL> 
SQL> REM DISPLAY THOSE WHO WORKS IN DEPARTMENT 110
SQL> 
SQL> SELECT * FROM EMPLOYEES WHERE DEPARTMENT_ID = 110;

EMPLOYEE_ID FIRST_NAME LAST_NAME  EMAIL      PHONE_NUMBER         HIRE_DATE JOB_ID         SALARY COMMISSION_PCT MANAGER_ID DEPARTMENT_ID                                                               
----------- ---------- ---------- ---------- -------------------- --------- ---------- ---------- -------------- ---------- -------------                                                               
        205 Shelley    Higgins    SHIGGINS   515.123.8080         07-JUN-94 AC_MGR          12000                       101           110                                                               
        206 William    Gietz      WGIETZ     515.123.8181         07-JUN-94 AC_ACCOUNT       8300                       205           110                                                               

SQL> 
SQL> REM DISPLAY THOSE WHO WORKS IN ANY OF THE DEPARTMENTS 20 , 60 , 110
SQL> 
SQL> SELECT * FROM EMPLOYEES WHERE DEPARTMENT_ID = 20 60 110;
SELECT * FROM EMPLOYEES WHERE DEPARTMENT_ID = 20 60 110
                                                 *
ERROR at line 1:
ORA-00933: SQL command not properly ended 


SQL> SELECT * FROM EMPLOYEES WHERE DEPARTMENT_ID = 20, 60, 110;
SELECT * FROM EMPLOYEES WHERE DEPARTMENT_ID = 20, 60, 110
                                                *
ERROR at line 1:
ORA-00933: SQL command not properly ended 


SQL> SELECT * FROM EMPLOYEES WHERE DEPARTMENT_ID = (20, 60, 110;
SELECT * FROM EMPLOYEES WHERE DEPARTMENT_ID = (20, 60, 110
                                                         *
ERROR at line 1:
ORA-00907: missing right parenthesis 


SQL> SELECT * FROM EMPLOYEES WHERE DEPARTMENT_ID = (20, 60, 110);
SELECT * FROM EMPLOYEES WHERE DEPARTMENT_ID = (20, 60, 110)
                                            *
ERROR at line 1:
ORA-01797: this operator must be followed by ANY or ALL 


SQL> SELECT * FROM EMPLOYEES WHERE DEPARTMENT_ID = ANY (20, 60, 110);

EMPLOYEE_ID FIRST_NAME LAST_NAME  EMAIL      PHONE_NUMBER         HIRE_DATE JOB_ID         SALARY COMMISSION_PCT MANAGER_ID DEPARTMENT_ID                                                               
----------- ---------- ---------- ---------- -------------------- --------- ---------- ---------- -------------- ---------- -------------                                                               
        103 Alexander  Hunold     AHUNOLD    590.423.4567         03-JAN-90 IT_PROG          9000                       102            60                                                               
        104 Bruce      Ernst      BERNST     590.423.4568         21-MAY-91 IT_PROG          6000                       103            60                                                               
        107 Diana      Lorentz    DLORENTZ   590.423.5567         07-FEB-99 IT_PROG          4200                       103            60                                                               
        201 Michael    Hartstein  MHARTSTE   515.123.5555         17-FEB-96 MK_MAN          13000                       100            20                                                               
        202 Pat        Fay        PFAY       603.123.6666         17-AUG-97 MK_REP           6000                       201            20                                                               
        205 Shelley    Higgins    SHIGGINS   515.123.8080         07-JUN-94 AC_MGR          12000                       101           110                                                               
        206 William    Gietz      WGIETZ     515.123.8181         07-JUN-94 AC_ACCOUNT       8300                       205           110                                                               

7 rows selected.

SQL> SELECT * FROM EMPLOYEES WHERE DEPARTMENT_ID = SOME (20, 60, 110);

EMPLOYEE_ID FIRST_NAME LAST_NAME  EMAIL      PHONE_NUMBER         HIRE_DATE JOB_ID         SALARY COMMISSION_PCT MANAGER_ID DEPARTMENT_ID                                                               
----------- ---------- ---------- ---------- -------------------- --------- ---------- ---------- -------------- ---------- -------------                                                               
        103 Alexander  Hunold     AHUNOLD    590.423.4567         03-JAN-90 IT_PROG          9000                       102            60                                                               
        104 Bruce      Ernst      BERNST     590.423.4568         21-MAY-91 IT_PROG          6000                       103            60                                                               
        107 Diana      Lorentz    DLORENTZ   590.423.5567         07-FEB-99 IT_PROG          4200                       103            60                                                               
        201 Michael    Hartstein  MHARTSTE   515.123.5555         17-FEB-96 MK_MAN          13000                       100            20                                                               
        202 Pat        Fay        PFAY       603.123.6666         17-AUG-97 MK_REP           6000                       201            20                                                               
        205 Shelley    Higgins    SHIGGINS   515.123.8080         07-JUN-94 AC_MGR          12000                       101           110                                                               
        206 William    Gietz      WGIETZ     515.123.8181         07-JUN-94 AC_ACCOUNT       8300                       205           110                                                               

7 rows selected.

SQL> SELECT * FROM EMPLOYEES WHERE DEPARTMENT_ID IN (20, 60, 110);

EMPLOYEE_ID FIRST_NAME LAST_NAME  EMAIL      PHONE_NUMBER         HIRE_DATE JOB_ID         SALARY COMMISSION_PCT MANAGER_ID DEPARTMENT_ID                                                               
----------- ---------- ---------- ---------- -------------------- --------- ---------- ---------- -------------- ---------- -------------                                                               
        103 Alexander  Hunold     AHUNOLD    590.423.4567         03-JAN-90 IT_PROG          9000                       102            60                                                               
        104 Bruce      Ernst      BERNST     590.423.4568         21-MAY-91 IT_PROG          6000                       103            60                                                               
        107 Diana      Lorentz    DLORENTZ   590.423.5567         07-FEB-99 IT_PROG          4200                       103            60                                                               
        201 Michael    Hartstein  MHARTSTE   515.123.5555         17-FEB-96 MK_MAN          13000                       100            20                                                               
        202 Pat        Fay        PFAY       603.123.6666         17-AUG-97 MK_REP           6000                       201            20                                                               
        205 Shelley    Higgins    SHIGGINS   515.123.8080         07-JUN-94 AC_MGR          12000                       101           110                                                               
        206 William    Gietz      WGIETZ     515.123.8181         07-JUN-94 AC_ACCOUNT       8300                       205           110                                                               

7 rows selected.

SQL> REM DISPLAY ALL THOSE EXCEPT WHO WORKS IN ANY OF THE DEPARTMENTS 20 , 60 , 110
SQL> 
SQL> SELECT * FROM EMPLOYEES WHERE DEPARTMENT_ID <> (20, 60, 110);
SELECT * FROM EMPLOYEES WHERE DEPARTMENT_ID <> (20, 60, 110)
                                            *
ERROR at line 1:
ORA-01797: this operator must be followed by ANY or ALL 


SQL> SELECT * FROM EMPLOYEES WHERE DEPARTMENT_ID <> ALL (20, 60, 110);

EMPLOYEE_ID FIRST_NAME LAST_NAME  EMAIL      PHONE_NUMBER         HIRE_DATE JOB_ID         SALARY COMMISSION_PCT MANAGER_ID DEPARTMENT_ID                                                               
----------- ---------- ---------- ---------- -------------------- --------- ---------- ---------- -------------- ---------- -------------                                                               
        100 Steven     King       SKING      515.123.4567         17-JUL-87 AD_PRES         24000                                      90                                                               
        101 Neena      Kochhar    NKOCHHAR   515.123.4568         21-SEP-89 AD_VP           17000                       100            90                                                               
        102 Lex        De Haan    LDEHAAN    515.123.4569         13-JAN-93 AD_VP           17000                       100            90                                                               
        124 Kevin      Mourgos    KMOURGOS   650.123.5234         16-NOV-99 ST_MAN           5800                       100            50                                                               
        141 Trenna     Rajs       TRAJS      650.121.8009         17-OCT-95 ST_CLERK         3500                       124            50                                                               
        142 Curtis     Davies     CDAVIES    650.121.2994         29-JAN-97 ST_CLERK         3100                       124            50                                                               
        143 Randall    Matos      RMATOS     650.121.2874         15-MAR-98 ST_CLERK         2600                       124            50                                                               
        144 Peter      Vargas     PVARGAS    650.121.2004         09-JUL-98 ST_CLERK         2500                       124            50                                                               
        149 Eleni      Zlotkey    EZLOTKEY   011.44.1344.429018   29-JAN-00 SA_MAN          10500             .2        100            80                                                               
        174 Ellen      Abel       EABEL      011.44.1644.429267   11-MAY-96 SA_REP          11000             .3        149            80                                                               
        176 Jonathon   Taylor     JTAYLOR    011.44.1644.429265   24-MAR-98 SA_REP           8600             .3        149            80                                                               
        200 Jennifer   Whalen     JWHALEN    515.123.4444         17-SEP-87 AD_ASST          4400                       101            10                                                               

12 rows selected.

SQL> SELECT * FROM EMPLOYEES WHERE DEPARTMENT_ID NOT IN (20, 60, 110);

EMPLOYEE_ID FIRST_NAME LAST_NAME  EMAIL      PHONE_NUMBER         HIRE_DATE JOB_ID         SALARY COMMISSION_PCT MANAGER_ID DEPARTMENT_ID                                                               
----------- ---------- ---------- ---------- -------------------- --------- ---------- ---------- -------------- ---------- -------------                                                               
        100 Steven     King       SKING      515.123.4567         17-JUL-87 AD_PRES         24000                                      90                                                               
        101 Neena      Kochhar    NKOCHHAR   515.123.4568         21-SEP-89 AD_VP           17000                       100            90                                                               
        102 Lex        De Haan    LDEHAAN    515.123.4569         13-JAN-93 AD_VP           17000                       100            90                                                               
        124 Kevin      Mourgos    KMOURGOS   650.123.5234         16-NOV-99 ST_MAN           5800                       100            50                                                               
        141 Trenna     Rajs       TRAJS      650.121.8009         17-OCT-95 ST_CLERK         3500                       124            50                                                               
        142 Curtis     Davies     CDAVIES    650.121.2994         29-JAN-97 ST_CLERK         3100                       124            50                                                               
        143 Randall    Matos      RMATOS     650.121.2874         15-MAR-98 ST_CLERK         2600                       124            50                                                               
        144 Peter      Vargas     PVARGAS    650.121.2004         09-JUL-98 ST_CLERK         2500                       124            50                                                               
        149 Eleni      Zlotkey    EZLOTKEY   011.44.1344.429018   29-JAN-00 SA_MAN          10500             .2        100            80                                                               
        174 Ellen      Abel       EABEL      011.44.1644.429267   11-MAY-96 SA_REP          11000             .3        149            80                                                               
        176 Jonathon   Taylor     JTAYLOR    011.44.1644.429265   24-MAR-98 SA_REP           8600             .3        149            80                                                               
        200 Jennifer   Whalen     JWHALEN    515.123.4444         17-SEP-87 AD_ASST          4400                       101            10                                                               

12 rows selected.

SQL> REM = ANY , = SOME , IN
SQL> 
SQL> REM <> ALL , NOT IN
SQL> 
SQL> 
SQL> 
SQL> REM DISPLAY THOSE WHO REPORTS TO ANY OF THE MANAGER 100 124 149
SQL> 
SQL> SELECT * FROM EMPLOYEES WHERE MANAGER_ID = ANY (100,124,149);'
  2  
SQL> SELECT * FROM EMPLOYEES WHERE MANAGER_ID = ANY (100,124,149);

EMPLOYEE_ID FIRST_NAME LAST_NAME  EMAIL      PHONE_NUMBER         HIRE_DATE JOB_ID         SALARY COMMISSION_PCT MANAGER_ID DEPARTMENT_ID                                                               
----------- ---------- ---------- ---------- -------------------- --------- ---------- ---------- -------------- ---------- -------------                                                               
        101 Neena      Kochhar    NKOCHHAR   515.123.4568         21-SEP-89 AD_VP           17000                       100            90                                                               
        102 Lex        De Haan    LDEHAAN    515.123.4569         13-JAN-93 AD_VP           17000                       100            90                                                               
        124 Kevin      Mourgos    KMOURGOS   650.123.5234         16-NOV-99 ST_MAN           5800                       100            50                                                               
        141 Trenna     Rajs       TRAJS      650.121.8009         17-OCT-95 ST_CLERK         3500                       124            50                                                               
        142 Curtis     Davies     CDAVIES    650.121.2994         29-JAN-97 ST_CLERK         3100                       124            50                                                               
        143 Randall    Matos      RMATOS     650.121.2874         15-MAR-98 ST_CLERK         2600                       124            50                                                               
        144 Peter      Vargas     PVARGAS    650.121.2004         09-JUL-98 ST_CLERK         2500                       124            50                                                               
        149 Eleni      Zlotkey    EZLOTKEY   011.44.1344.429018   29-JAN-00 SA_MAN          10500             .2        100            80                                                               
        174 Ellen      Abel       EABEL      011.44.1644.429267   11-MAY-96 SA_REP          11000             .3        149            80                                                               
        176 Jonathon   Taylor     JTAYLOR    011.44.1644.429265   24-MAR-98 SA_REP           8600             .3        149            80                                                               
        178 Kimerely   Grant      KGRANT     011.44.1644.429263   24-MAY-99 SA_REP           7000            .15        149                                                                             
        201 Michael    Hartstein  MHARTSTE   515.123.5555         17-FEB-96 MK_MAN          13000                       100            20                                                               

12 rows selected.

SQL> SELECT * FROM EMPLOYEES WHERE MANAGER_ID = SOME (100,124,149);

EMPLOYEE_ID FIRST_NAME LAST_NAME  EMAIL      PHONE_NUMBER         HIRE_DATE JOB_ID         SALARY COMMISSION_PCT MANAGER_ID DEPARTMENT_ID                                                               
----------- ---------- ---------- ---------- -------------------- --------- ---------- ---------- -------------- ---------- -------------                                                               
        101 Neena      Kochhar    NKOCHHAR   515.123.4568         21-SEP-89 AD_VP           17000                       100            90                                                               
        102 Lex        De Haan    LDEHAAN    515.123.4569         13-JAN-93 AD_VP           17000                       100            90                                                               
        124 Kevin      Mourgos    KMOURGOS   650.123.5234         16-NOV-99 ST_MAN           5800                       100            50                                                               
        141 Trenna     Rajs       TRAJS      650.121.8009         17-OCT-95 ST_CLERK         3500                       124            50                                                               
        142 Curtis     Davies     CDAVIES    650.121.2994         29-JAN-97 ST_CLERK         3100                       124            50                                                               
        143 Randall    Matos      RMATOS     650.121.2874         15-MAR-98 ST_CLERK         2600                       124            50                                                               
        144 Peter      Vargas     PVARGAS    650.121.2004         09-JUL-98 ST_CLERK         2500                       124            50                                                               
        149 Eleni      Zlotkey    EZLOTKEY   011.44.1344.429018   29-JAN-00 SA_MAN          10500             .2        100            80                                                               
        174 Ellen      Abel       EABEL      011.44.1644.429267   11-MAY-96 SA_REP          11000             .3        149            80                                                               
        176 Jonathon   Taylor     JTAYLOR    011.44.1644.429265   24-MAR-98 SA_REP           8600             .3        149            80                                                               
        178 Kimerely   Grant      KGRANT     011.44.1644.429263   24-MAY-99 SA_REP           7000            .15        149                                                                             
        201 Michael    Hartstein  MHARTSTE   515.123.5555         17-FEB-96 MK_MAN          13000                       100            20                                                               

12 rows selected.

SQL> SELECT * FROM EMPLOYEES WHERE MANAGER_ID IN (100,124,149);

EMPLOYEE_ID FIRST_NAME LAST_NAME  EMAIL      PHONE_NUMBER         HIRE_DATE JOB_ID         SALARY COMMISSION_PCT MANAGER_ID DEPARTMENT_ID                                                               
----------- ---------- ---------- ---------- -------------------- --------- ---------- ---------- -------------- ---------- -------------                                                               
        101 Neena      Kochhar    NKOCHHAR   515.123.4568         21-SEP-89 AD_VP           17000                       100            90                                                               
        102 Lex        De Haan    LDEHAAN    515.123.4569         13-JAN-93 AD_VP           17000                       100            90                                                               
        124 Kevin      Mourgos    KMOURGOS   650.123.5234         16-NOV-99 ST_MAN           5800                       100            50                                                               
        141 Trenna     Rajs       TRAJS      650.121.8009         17-OCT-95 ST_CLERK         3500                       124            50                                                               
        142 Curtis     Davies     CDAVIES    650.121.2994         29-JAN-97 ST_CLERK         3100                       124            50                                                               
        143 Randall    Matos      RMATOS     650.121.2874         15-MAR-98 ST_CLERK         2600                       124            50                                                               
        144 Peter      Vargas     PVARGAS    650.121.2004         09-JUL-98 ST_CLERK         2500                       124            50                                                               
        149 Eleni      Zlotkey    EZLOTKEY   011.44.1344.429018   29-JAN-00 SA_MAN          10500             .2        100            80                                                               
        174 Ellen      Abel       EABEL      011.44.1644.429267   11-MAY-96 SA_REP          11000             .3        149            80                                                               
        176 Jonathon   Taylor     JTAYLOR    011.44.1644.429265   24-MAR-98 SA_REP           8600             .3        149            80                                                               
        178 Kimerely   Grant      KGRANT     011.44.1644.429263   24-MAY-99 SA_REP           7000            .15        149                                                                             
        201 Michael    Hartstein  MHARTSTE   515.123.5555         17-FEB-96 MK_MAN          13000                       100            20                                                               

12 rows selected.

SQL> REM DISPLAY ALL OTHER THAN THOSE WHO WORKS AS IT_PROG SA_REP ST_CLERK
SQL> 
SQL> SELECT FIRST_NAME , JOB_ID FROM EMPLOYEES WHERE JOB_ID <> ALL ('IT_PROG','SA_REP','ST_CLERK');

FIRST_NAME JOB_ID                                                                                                                                                                                       
---------- ----------                                                                                                                                                                                   
Steven     AD_PRES                                                                                                                                                                                      
Neena      AD_VP                                                                                                                                                                                        
Lex        AD_VP                                                                                                                                                                                        
Kevin      ST_MAN                                                                                                                                                                                       
Eleni      SA_MAN                                                                                                                                                                                       
Jennifer   AD_ASST                                                                                                                                                                                      
Michael    MK_MAN                                                                                                                                                                                       
Pat        MK_REP                                                                                                                                                                                       
Shelley    AC_MGR                                                                                                                                                                                       
William    AC_ACCOUNT                                                                                                                                                                                   

10 rows selected.

SQL> SELECT FIRST_NAME , JOB_ID FROM EMPLOYEES WHERE JOB_ID NOT IN ('IT_PROG','SA_REP','ST_CLERK');

FIRST_NAME JOB_ID                                                                                                                                                                                       
---------- ----------                                                                                                                                                                                   
Steven     AD_PRES                                                                                                                                                                                      
Neena      AD_VP                                                                                                                                                                                        
Lex        AD_VP                                                                                                                                                                                        
Kevin      ST_MAN                                                                                                                                                                                       
Eleni      SA_MAN                                                                                                                                                                                       
Jennifer   AD_ASST                                                                                                                                                                                      
Michael    MK_MAN                                                                                                                                                                                       
Pat        MK_REP                                                                                                                                                                                       
Shelley    AC_MGR                                                                                                                                                                                       
William    AC_ACCOUNT                                                                                                                                                                                   

10 rows selected.

SQL> REM PAIR WISE COMPARISON
SQL> 
SQL> SELECT DEPARTMENT_ID , JOB_ID , FIRST_NAME FROM EMPLOYEES ORDER BY 1,2;

DEPARTMENT_ID JOB_ID     FIRST_NAME                                                                                                                                                                     
------------- ---------- ----------                                                                                                                                                                     
           10 AD_ASST    Jennifer                                                                                                                                                                       
           20 MK_MAN     Michael                                                                                                                                                                        
           20 MK_REP     Pat                                                                                                                                                                            
           50 ST_CLERK   Trenna                                                                                                                                                                         
           50 ST_CLERK   Peter                                                                                                                                                                          
           50 ST_CLERK   Randall                                                                                                                                                                        
           50 ST_CLERK   Curtis                                                                                                                                                                         
           50 ST_MAN     Kevin                                                                                                                                                                          
           60 IT_PROG    Diana                                                                                                                                                                          
           60 IT_PROG    Bruce                                                                                                                                                                          
           60 IT_PROG    Alexander                                                                                                                                                                      
           80 SA_MAN     Eleni                                                                                                                                                                          
           80 SA_REP     Ellen                                                                                                                                                                          
           80 SA_REP     Jonathon                                                                                                                                                                       
           90 AD_PRES    Steven                                                                                                                                                                         
           90 AD_VP      Lex                                                                                                                                                                            
           90 AD_VP      Neena                                                                                                                                                                          
          110 AC_ACCOUNT William                                                                                                                                                                        
          110 AC_MGR     Shelley                                                                                                                                                                        
              SA_REP     Kimerely                                                                                                                                                                       

20 rows selected.

SQL> REM 50 ST_CLERK   80 SA_REP   90 AD_PRES
SQL> 
SQL> SELECT DEPARTMENT_ID , JOB_ID , FIRST_NAME FROM EMPLOYEES
  2  WHERE (DEPARTMENT_ID , JOB_ID) = ANY ((50,'ST_CLERK'),(80,'SA_REP'),(90,'AD_PRES'));

DEPARTMENT_ID JOB_ID     FIRST_NAME                                                                                                                                                                     
------------- ---------- ----------                                                                                                                                                                     
           90 AD_PRES    Steven                                                                                                                                                                         
           50 ST_CLERK   Trenna                                                                                                                                                                         
           50 ST_CLERK   Curtis                                                                                                                                                                         
           50 ST_CLERK   Randall                                                                                                                                                                        
           50 ST_CLERK   Peter                                                                                                                                                                          
           80 SA_REP     Ellen                                                                                                                                                                          
           80 SA_REP     Jonathon                                                                                                                                                                       

7 rows selected.

SQL> SELECT DEPARTMENT_ID , JOB_ID , FIRST_NAME FROM EMPLOYEES
  2  WHERE (DEPARTMENT_ID , JOB_ID) = SOME ((50,'ST_CLERK'),(80,'SA_REP'),(90,'AD_PRES'));

DEPARTMENT_ID JOB_ID     FIRST_NAME                                                                                                                                                                     
------------- ---------- ----------                                                                                                                                                                     
           90 AD_PRES    Steven                                                                                                                                                                         
           50 ST_CLERK   Trenna                                                                                                                                                                         
           50 ST_CLERK   Curtis                                                                                                                                                                         
           50 ST_CLERK   Randall                                                                                                                                                                        
           50 ST_CLERK   Peter                                                                                                                                                                          
           80 SA_REP     Ellen                                                                                                                                                                          
           80 SA_REP     Jonathon                                                                                                                                                                       

7 rows selected.

SQL> SELECT DEPARTMENT_ID , JOB_ID , FIRST_NAME FROM EMPLOYEES
  2  WHERE (DEPARTMENT_ID , JOB_ID) IN ((50,'ST_CLERK'),(80,'SA_REP'),(90,'AD_PRES'));

DEPARTMENT_ID JOB_ID     FIRST_NAME                                                                                                                                                                     
------------- ---------- ----------                                                                                                                                                                     
           90 AD_PRES    Steven                                                                                                                                                                         
           50 ST_CLERK   Trenna                                                                                                                                                                         
           50 ST_CLERK   Curtis                                                                                                                                                                         
           50 ST_CLERK   Randall                                                                                                                                                                        
           50 ST_CLERK   Peter                                                                                                                                                                          
           80 SA_REP     Ellen                                                                                                                                                                          
           80 SA_REP     Jonathon                                                                                                                                                                       

7 rows selected.

SQL> REM DISPLAY ALL EXCEPT : 50 ST_CLERK   80 SA_REP   90 AD_PRES
SQL> 
SQL> SELECT DEPARTMENT_ID , JOB_ID , FIRST_NAME FROM EMPLOYEES
  2  WHERE (DEPARTMENT_ID , JOB_ID) <> ALL ((50,'ST_CLERK'),(80,'SA_REP'),(90,'AD_PRES'));

DEPARTMENT_ID JOB_ID     FIRST_NAME                                                                                                                                                                     
------------- ---------- ----------                                                                                                                                                                     
           90 AD_VP      Neena                                                                                                                                                                          
           90 AD_VP      Lex                                                                                                                                                                            
           60 IT_PROG    Alexander                                                                                                                                                                      
           60 IT_PROG    Bruce                                                                                                                                                                          
           60 IT_PROG    Diana                                                                                                                                                                          
           50 ST_MAN     Kevin                                                                                                                                                                          
           80 SA_MAN     Eleni                                                                                                                                                                          
           10 AD_ASST    Jennifer                                                                                                                                                                       
           20 MK_MAN     Michael                                                                                                                                                                        
           20 MK_REP     Pat                                                                                                                                                                            
          110 AC_MGR     Shelley                                                                                                                                                                        
          110 AC_ACCOUNT William                                                                                                                                                                        

12 rows selected.

SQL> SELECT DEPARTMENT_ID , JOB_ID , FIRST_NAME FROM EMPLOYEES
  2  WHERE (DEPARTMENT_ID , JOB_ID) != ALL ((50,'ST_CLERK'),(80,'SA_REP'),(90,'AD_PRES'));

DEPARTMENT_ID JOB_ID     FIRST_NAME                                                                                                                                                                     
------------- ---------- ----------                                                                                                                                                                     
           90 AD_VP      Neena                                                                                                                                                                          
           90 AD_VP      Lex                                                                                                                                                                            
           60 IT_PROG    Alexander                                                                                                                                                                      
           60 IT_PROG    Bruce                                                                                                                                                                          
           60 IT_PROG    Diana                                                                                                                                                                          
           50 ST_MAN     Kevin                                                                                                                                                                          
           80 SA_MAN     Eleni                                                                                                                                                                          
           10 AD_ASST    Jennifer                                                                                                                                                                       
           20 MK_MAN     Michael                                                                                                                                                                        
           20 MK_REP     Pat                                                                                                                                                                            
          110 AC_MGR     Shelley                                                                                                                                                                        
          110 AC_ACCOUNT William                                                                                                                                                                        

12 rows selected.

SQL> SELECT DEPARTMENT_ID , JOB_ID , FIRST_NAME FROM EMPLOYEES
  2  WHERE (DEPARTMENT_ID , JOB_ID) ^= ALL ((50,'ST_CLERK'),(80,'SA_REP'),(90,'AD_PRES'));

DEPARTMENT_ID JOB_ID     FIRST_NAME                                                                                                                                                                     
------------- ---------- ----------                                                                                                                                                                     
           90 AD_VP      Neena                                                                                                                                                                          
           90 AD_VP      Lex                                                                                                                                                                            
           60 IT_PROG    Alexander                                                                                                                                                                      
           60 IT_PROG    Bruce                                                                                                                                                                          
           60 IT_PROG    Diana                                                                                                                                                                          
           50 ST_MAN     Kevin                                                                                                                                                                          
           80 SA_MAN     Eleni                                                                                                                                                                          
           10 AD_ASST    Jennifer                                                                                                                                                                       
           20 MK_MAN     Michael                                                                                                                                                                        
           20 MK_REP     Pat                                                                                                                                                                            
          110 AC_MGR     Shelley                                                                                                                                                                        
          110 AC_ACCOUNT William                                                                                                                                                                        

12 rows selected.

SQL> SELECT DEPARTMENT_ID , JOB_ID , FIRST_NAME FROM EMPLOYEES
  2  WHERE (DEPARTMENT_ID , JOB_ID) NOT IN ((50,'ST_CLERK'),(80,'SA_REP'),(90,'AD_PRES'));

DEPARTMENT_ID JOB_ID     FIRST_NAME                                                                                                                                                                     
------------- ---------- ----------                                                                                                                                                                     
           90 AD_VP      Neena                                                                                                                                                                          
           90 AD_VP      Lex                                                                                                                                                                            
           60 IT_PROG    Alexander                                                                                                                                                                      
           60 IT_PROG    Bruce                                                                                                                                                                          
           60 IT_PROG    Diana                                                                                                                                                                          
           50 ST_MAN     Kevin                                                                                                                                                                          
           80 SA_MAN     Eleni                                                                                                                                                                          
           10 AD_ASST    Jennifer                                                                                                                                                                       
           20 MK_MAN     Michael                                                                                                                                                                        
           20 MK_REP     Pat                                                                                                                                                                            
          110 AC_MGR     Shelley                                                                                                                                                                        
          110 AC_ACCOUNT William                                                                                                                                                                        

12 rows selected.

SQL> SELECT MANAGER_ID , DEPARTMENT_ID , LAST_NAME FROM EMPLYEES ORDER BY 1,2;
SELECT MANAGER_ID , DEPARTMENT_ID , LAST_NAME FROM EMPLYEES ORDER BY 1,2
                                                   *
ERROR at line 1:
ORA-00942: table or view does not exist 


SQL> SELECT MANAGER_ID , DEPARTMENT_ID , LAST_NAME FROM EMPLOYEES ORDER BY 1,2;

MANAGER_ID DEPARTMENT_ID LAST_NAME                                                                                                                                                                      
---------- ------------- ----------                                                                                                                                                                     
       100            20 Hartstein                                                                                                                                                                      
       100            50 Mourgos                                                                                                                                                                        
       100            80 Zlotkey                                                                                                                                                                        
       100            90 Kochhar                                                                                                                                                                        
       100            90 De Haan                                                                                                                                                                        
       101            10 Whalen                                                                                                                                                                         
       101           110 Higgins                                                                                                                                                                        
       102            60 Hunold                                                                                                                                                                         
       103            60 Ernst                                                                                                                                                                          
       103            60 Lorentz                                                                                                                                                                        
       124            50 Davies                                                                                                                                                                         
       124            50 Matos                                                                                                                                                                          
       124            50 Vargas                                                                                                                                                                         
       124            50 Rajs                                                                                                                                                                           
       149            80 Abel                                                                                                                                                                           
       149            80 Taylor                                                                                                                                                                         
       149               Grant                                                                                                                                                                          
       201            20 Fay                                                                                                                                                                            
       205           110 Gietz                                                                                                                                                                          
                      90 King                                                                                                                                                                           

20 rows selected.

SQL> 
SQL> REM DISPLAY COMBINATIONS : 100 90   103 60   124 50   149 80
SQL> 
SQL> SELECT MANAGER_ID , DEPARTMENT_ID , LAST_NAME FROM EMPLOYEES
  2  WHERE (MANAGER_ID , DEPARTMENT_ID) = ANY ((100,90),(103,60),(124,50),(149,80));

MANAGER_ID DEPARTMENT_ID LAST_NAME                                                                                                                                                                      
---------- ------------- ----------                                                                                                                                                                     
       100            90 Kochhar                                                                                                                                                                        
       100            90 De Haan                                                                                                                                                                        
       103            60 Ernst                                                                                                                                                                          
       103            60 Lorentz                                                                                                                                                                        
       124            50 Rajs                                                                                                                                                                           
       124            50 Davies                                                                                                                                                                         
       124            50 Matos                                                                                                                                                                          
       124            50 Vargas                                                                                                                                                                         
       149            80 Abel                                                                                                                                                                           
       149            80 Taylor                                                                                                                                                                         

10 rows selected.

SQL> SELECT MANAGER_ID , DEPARTMENT_ID , LAST_NAME FROM EMPLOYEES
  2  WHERE (MANAGER_ID , DEPARTMENT_ID) = SOME ((100,90),(103,60),(124,50),(149,80));

MANAGER_ID DEPARTMENT_ID LAST_NAME                                                                                                                                                                      
---------- ------------- ----------                                                                                                                                                                     
       100            90 Kochhar                                                                                                                                                                        
       100            90 De Haan                                                                                                                                                                        
       103            60 Ernst                                                                                                                                                                          
       103            60 Lorentz                                                                                                                                                                        
       124            50 Rajs                                                                                                                                                                           
       124            50 Davies                                                                                                                                                                         
       124            50 Matos                                                                                                                                                                          
       124            50 Vargas                                                                                                                                                                         
       149            80 Abel                                                                                                                                                                           
       149            80 Taylor                                                                                                                                                                         

10 rows selected.

SQL> SELECT MANAGER_ID , DEPARTMENT_ID , LAST_NAME FROM EMPLOYEES
  2  WHERE (MANAGER_ID , DEPARTMENT_ID) IN ((100,90),(103,60),(124,50),(149,80));

MANAGER_ID DEPARTMENT_ID LAST_NAME                                                                                                                                                                      
---------- ------------- ----------                                                                                                                                                                     
       100            90 Kochhar                                                                                                                                                                        
       100            90 De Haan                                                                                                                                                                        
       103            60 Ernst                                                                                                                                                                          
       103            60 Lorentz                                                                                                                                                                        
       124            50 Rajs                                                                                                                                                                           
       124            50 Davies                                                                                                                                                                         
       124            50 Matos                                                                                                                                                                          
       124            50 Vargas                                                                                                                                                                         
       149            80 Abel                                                                                                                                                                           
       149            80 Taylor                                                                                                                                                                         

10 rows selected.

SQL> SELECT DEPARTMENT_ID , JOB_ID , MANAGER_ID , FIRST_NAME FROM EMPLOYEES ORDER BY 1,2,3;

DEPARTMENT_ID JOB_ID     MANAGER_ID FIRST_NAME                                                                                                                                                          
------------- ---------- ---------- ----------                                                                                                                                                          
           10 AD_ASST           101 Jennifer                                                                                                                                                            
           20 MK_MAN            100 Michael                                                                                                                                                             
           20 MK_REP            201 Pat                                                                                                                                                                 
           50 ST_CLERK          124 Trenna                                                                                                                                                              
           50 ST_CLERK          124 Peter                                                                                                                                                               
           50 ST_CLERK          124 Randall                                                                                                                                                             
           50 ST_CLERK          124 Curtis                                                                                                                                                              
           50 ST_MAN            100 Kevin                                                                                                                                                               
           60 IT_PROG           102 Alexander                                                                                                                                                           
           60 IT_PROG           103 Diana                                                                                                                                                               
           60 IT_PROG           103 Bruce                                                                                                                                                               
           80 SA_MAN            100 Eleni                                                                                                                                                               
           80 SA_REP            149 Ellen                                                                                                                                                               
           80 SA_REP            149 Jonathon                                                                                                                                                            
           90 AD_PRES               Steven                                                                                                                                                              
           90 AD_VP             100 Lex                                                                                                                                                                 
           90 AD_VP             100 Neena                                                                                                                                                               
          110 AC_ACCOUNT        205 William                                                                                                                                                             
          110 AC_MGR            101 Shelley                                                                                                                                                             
              SA_REP            149 Kimerely                                                                                                                                                            

20 rows selected.

SQL> REM DISPLAY ALL EXCEPT : 50 ST_CLERK 124   60 IT_PROG 103   80 SA_REP 149   90 AD_VP 100
SQL> 
SQL> SELECT DEPARTMENT_ID , JOB_ID , MANAGER_ID , FIRST_NAME FROM EMPLOYEES
  2  WHERE (DEPARTMENT_ID, JOB_ID , MANAGER_ID) <> ALL ((50,'ST_CLERK',124),(60,'IT_PROG',103),(80,'SA_REP',149),(90,'AD_VP',100));

DEPARTMENT_ID JOB_ID     MANAGER_ID FIRST_NAME                                                                                                                                                          
------------- ---------- ---------- ----------                                                                                                                                                          
           90 AD_PRES               Steven                                                                                                                                                              
           60 IT_PROG           102 Alexander                                                                                                                                                           
           50 ST_MAN            100 Kevin                                                                                                                                                               
           80 SA_MAN            100 Eleni                                                                                                                                                               
           10 AD_ASST           101 Jennifer                                                                                                                                                            
           20 MK_MAN            100 Michael                                                                                                                                                             
           20 MK_REP            201 Pat                                                                                                                                                                 
          110 AC_MGR            101 Shelley                                                                                                                                                             
          110 AC_ACCOUNT        205 William                                                                                                                                                             

9 rows selected.

SQL> REM BETWEEN : TO COMPARE VALUES WITH SOME RANGE
SQL> 
SQL> REM DISPLAY THOSE WHO GETS SALARY IN THE RANGE OF 6000 TO 11000
SQL> 
SQL> REM SYNTAX : COLUMN BETWEEN lowervalue AND highervalue
SQL> 
SQL> REM EXAMPLE : SALARY BETWEEN 6000 AND 11000
SQL> 
SQL> REM EXAMPLE : HIRE_DATE BETWEEN : '01-JAN-91' AND '31-DEC-95'
SQL> 
SQL> REM EXAMPLE : HIRE_DATE BETWEEN '01-JAN-91' AND '31-DEC-95'
SQL> 
SQL> REM EXAMPLE : FIRST_NAME BETWEEN 'H' AND 'P'
SQL> 
SQL> 
SQL> 
SQL> REM DISPLAY THOSE WHO GETS SALARY IN THE RANGE OF 6000 TO 11000
SQL> 
SQL> SELECT FIRST_NAME , SALARY FROM EMPLOYEES WHERE SALARY BETWEEN 6000 AND 11000 ORDER BY 2;

FIRST_NAME     SALARY                                                                                                                                                                                   
---------- ----------                                                                                                                                                                                   
Bruce            6000                                                                                                                                                                                   
Pat              6000                                                                                                                                                                                   
Kimerely         7000                                                                                                                                                                                   
William          8300                                                                                                                                                                                   
Jonathon         8600                                                                                                                                                                                   
Alexander        9000                                                                                                                                                                                   
Eleni           10500                                                                                                                                                                                   
Ellen           11000                                                                                                                                                                                   

8 rows selected.

SQL> SELECT FIRST_NAME , SALARY FROM EMPLOYEES WHERE SALARY NOT BETWEEN 6000 AND 11000 ORDER BY 2;

FIRST_NAME     SALARY                                                                                                                                                                                   
---------- ----------                                                                                                                                                                                   
Peter            2500                                                                                                                                                                                   
Randall          2600                                                                                                                                                                                   
Curtis           3100                                                                                                                                                                                   
Trenna           3500                                                                                                                                                                                   
Diana            4200                                                                                                                                                                                   
Jennifer         4400                                                                                                                                                                                   
Kevin            5800                                                                                                                                                                                   
Shelley         12000                                                                                                                                                                                   
Michael         13000                                                                                                                                                                                   
Lex             17000                                                                                                                                                                                   
Neena           17000                                                                                                                                                                                   
Steven          24000                                                                                                                                                                                   

12 rows selected.

SQL> SELECT FIRST_NAME , SALARY FROM EMPLOYEES WHERE SALARY BETWEEN 6000 AND 6000 ORDER BY 2;

FIRST_NAME     SALARY                                                                                                                                                                                   
---------- ----------                                                                                                                                                                                   
Pat              6000                                                                                                                                                                                   
Bruce            6000                                                                                                                                                                                   

SQL> SELECT FIRST_NAME , SALARY FROM EMPLOYEES WHERE SALARY BETWEEN 11000 AND 6000 ORDER BY 2;

no rows selected

SQL> SELECT FIRST_NAME , SALARY FROM EMPLOYEES WHERE SALARY NOT BETWEEN 11000 AND 6000 ORDER BY 2;

FIRST_NAME     SALARY                                                                                                                                                                                   
---------- ----------                                                                                                                                                                                   
Peter            2500                                                                                                                                                                                   
Randall          2600                                                                                                                                                                                   
Curtis           3100                                                                                                                                                                                   
Trenna           3500                                                                                                                                                                                   
Diana            4200                                                                                                                                                                                   
Jennifer         4400                                                                                                                                                                                   
Kevin            5800                                                                                                                                                                                   
Bruce            6000                                                                                                                                                                                   
Pat              6000                                                                                                                                                                                   
Kimerely         7000                                                                                                                                                                                   
William          8300                                                                                                                                                                                   
Jonathon         8600                                                                                                                                                                                   
Alexander        9000                                                                                                                                                                                   
Eleni           10500                                                                                                                                                                                   
Ellen           11000                                                                                                                                                                                   
Shelley         12000                                                                                                                                                                                   
Michael         13000                                                                                                                                                                                   
Neena           17000                                                                                                                                                                                   
Lex             17000                                                                                                                                                                                   
Steven          24000                                                                                                                                                                                   

20 rows selected.

SQL> REM DISPLAY THOSE WHO WERE HIRED BETWEEN YEAR 93 AND 98
SQL> 
SQL> SELECT FIRST_NAME , HIRE_DATE FROM EMPLOYEES WHERE HIRE_DATE BETWEEN 93 AND 98;
SELECT FIRST_NAME , HIRE_DATE FROM EMPLOYEES WHERE HIRE_DATE BETWEEN 93 AND 98
                                                             *
ERROR at line 1:
ORA-00932: inconsistent datatypes: expected DATE got NUMBER 


SQL> SELECT FIRST_NAME , HIRE_DATE FROM EMPLOYEES WHERE HIRE_DATE BETWEEN '93' AND '98';
SELECT FIRST_NAME , HIRE_DATE FROM EMPLOYEES WHERE HIRE_DATE BETWEEN '93' AND '98'
                                                                              *
ERROR at line 1:
ORA-01847: day of month must be between 1 and last day of month 


SQL> SELECT FIRST_NAME , HIRE_DATE FROM EMPLOYEES WHERE HIRE_DATE BETWEEN '1-JAN-93' AND '31-DEC-98';

FIRST_NAME HIRE_DATE                                                                                                                                                                                    
---------- ---------                                                                                                                                                                                    
Lex        13-JAN-93                                                                                                                                                                                    
Trenna     17-OCT-95                                                                                                                                                                                    
Curtis     29-JAN-97                                                                                                                                                                                    
Randall    15-MAR-98                                                                                                                                                                                    
Peter      09-JUL-98                                                                                                                                                                                    
Ellen      11-MAY-96                                                                                                                                                                                    
Jonathon   24-MAR-98                                                                                                                                                                                    
Michael    17-FEB-96                                                                                                                                                                                    
Pat        17-AUG-97                                                                                                                                                                                    
Shelley    07-JUN-94                                                                                                                                                                                    
William    07-JUN-94                                                                                                                                                                                    

11 rows selected.

SQL> SELECT FIRST_NAME , HIRE_DATE FROM EMPLOYEES WHERE HIRE_DATE BETWEEN '1-JAN-93' AND '31-DEC-98' ORDER BY 2;

FIRST_NAME HIRE_DATE                                                                                                                                                                                    
---------- ---------                                                                                                                                                                                    
Lex        13-JAN-93                                                                                                                                                                                    
Shelley    07-JUN-94                                                                                                                                                                                    
William    07-JUN-94                                                                                                                                                                                    
Trenna     17-OCT-95                                                                                                                                                                                    
Michael    17-FEB-96                                                                                                                                                                                    
Ellen      11-MAY-96                                                                                                                                                                                    
Curtis     29-JAN-97                                                                                                                                                                                    
Pat        17-AUG-97                                                                                                                                                                                    
Randall    15-MAR-98                                                                                                                                                                                    
Jonathon   24-MAR-98                                                                                                                                                                                    
Peter      09-JUL-98                                                                                                                                                                                    

11 rows selected.

SQL> SELECT FIRST_NAME FROM EMPLOYEES ORDER BY 1;

FIRST_NAME                                                                                                                                                                                              
----------                                                                                                                                                                                              
Alexander                                                                                                                                                                                               
Bruce                                                                                                                                                                                                   
Curtis                                                                                                                                                                                                  
Diana                                                                                                                                                                                                   
Eleni                                                                                                                                                                                                   
Ellen                                                                                                                                                                                                   
Jennifer                                                                                                                                                                                                
Jonathon                                                                                                                                                                                                
Kevin                                                                                                                                                                                                   
Kimerely                                                                                                                                                                                                
Lex                                                                                                                                                                                                     
Michael                                                                                                                                                                                                 
Neena                                                                                                                                                                                                   
Pat                                                                                                                                                                                                     
Peter                                                                                                                                                                                                   
Randall                                                                                                                                                                                                 
Shelley                                                                                                                                                                                                 
Steven                                                                                                                                                                                                  
Trenna                                                                                                                                                                                                  
William                                                                                                                                                                                                 

20 rows selected.

SQL> SELECT FIRST_NAME FROM EMPLOYEES WHERE FIRST_NAME BETWEEN 'J' AND 'P' ORDER BY 1;

FIRST_NAME                                                                                                                                                                                              
----------                                                                                                                                                                                              
Jennifer                                                                                                                                                                                                
Jonathon                                                                                                                                                                                                
Kevin                                                                                                                                                                                                   
Kimerely                                                                                                                                                                                                
Lex                                                                                                                                                                                                     
Michael                                                                                                                                                                                                 
Neena                                                                                                                                                                                                   

7 rows selected.

SQL> SELECT FIRST_NAME FROM EMPLOYEES ORDER BY 1;

FIRST_NAME                                                                                                                                                                                              
----------                                                                                                                                                                                              
Alexander                                                                                                                                                                                               
Bruce                                                                                                                                                                                                   
Curtis                                                                                                                                                                                                  
Diana                                                                                                                                                                                                   
Eleni                                                                                                                                                                                                   
Ellen                                                                                                                                                                                                   
Jennifer                                                                                                                                                                                                
Jonathon                                                                                                                                                                                                
Kevin                                                                                                                                                                                                   
Kimerely                                                                                                                                                                                                
Lex                                                                                                                                                                                                     
Michael                                                                                                                                                                                                 
Neena                                                                                                                                                                                                   
Pat                                                                                                                                                                                                     
Peter                                                                                                                                                                                                   
Randall                                                                                                                                                                                                 
Shelley                                                                                                                                                                                                 
Steven                                                                                                                                                                                                  
Trenna                                                                                                                                                                                                  
William                                                                                                                                                                                                 

20 rows selected.

SQL> SELECT FIRST_NAME FROM EMPLOYEES WHERE FIRST_NAME BETWEEN 'Jo' AND 'So' ORDER BY 1;

FIRST_NAME                                                                                                                                                                                              
----------                                                                                                                                                                                              
Jonathon                                                                                                                                                                                                
Kevin                                                                                                                                                                                                   
Kimerely                                                                                                                                                                                                
Lex                                                                                                                                                                                                     
Michael                                                                                                                                                                                                 
Neena                                                                                                                                                                                                   
Pat                                                                                                                                                                                                     
Peter                                                                                                                                                                                                   
Randall                                                                                                                                                                                                 
Shelley                                                                                                                                                                                                 

10 rows selected.

SQL> REM DISPLAY ALL EXCEPT THOSE WHO GETS SALARY IN THE RANGE OF 4400 AND 10500
SQL> 
SQL> SELECT LAST_NAME , SALARY FROM EMPLOYEES WHERE SALARY NOT BETWEEN 4400 AND 10500 ORDER BY 2;

LAST_NAME      SALARY                                                                                                                                                                                   
---------- ----------                                                                                                                                                                                   
Vargas           2500                                                                                                                                                                                   
Matos            2600                                                                                                                                                                                   
Davies           3100                                                                                                                                                                                   
Rajs             3500                                                                                                                                                                                   
Lorentz          4200                                                                                                                                                                                   
Abel            11000                                                                                                                                                                                   
Higgins         12000                                                                                                                                                                                   
Hartstein       13000                                                                                                                                                                                   
Kochhar         17000                                                                                                                                                                                   
De Haan         17000                                                                                                                                                                                   
King            24000                                                                                                                                                                                   

11 rows selected.

SQL> SELECT * FROM EMPLOYEES;

EMPLOYEE_ID FIRST_NAME LAST_NAME  EMAIL      PHONE_NUMBER         HIRE_DATE JOB_ID         SALARY COMMISSION_PCT MANAGER_ID DEPARTMENT_ID                                                               
----------- ---------- ---------- ---------- -------------------- --------- ---------- ---------- -------------- ---------- -------------                                                               
        100 Steven     King       SKING      515.123.4567         17-JUL-87 AD_PRES         24000                                      90                                                               
        101 Neena      Kochhar    NKOCHHAR   515.123.4568         21-SEP-89 AD_VP           17000                       100            90                                                               
        102 Lex        De Haan    LDEHAAN    515.123.4569         13-JAN-93 AD_VP           17000                       100            90                                                               
        103 Alexander  Hunold     AHUNOLD    590.423.4567         03-JAN-90 IT_PROG          9000                       102            60                                                               
        104 Bruce      Ernst      BERNST     590.423.4568         21-MAY-91 IT_PROG          6000                       103            60                                                               
        107 Diana      Lorentz    DLORENTZ   590.423.5567         07-FEB-99 IT_PROG          4200                       103            60                                                               
        124 Kevin      Mourgos    KMOURGOS   650.123.5234         16-NOV-99 ST_MAN           5800                       100            50                                                               
        141 Trenna     Rajs       TRAJS      650.121.8009         17-OCT-95 ST_CLERK         3500                       124            50                                                               
        142 Curtis     Davies     CDAVIES    650.121.2994         29-JAN-97 ST_CLERK         3100                       124            50                                                               
        143 Randall    Matos      RMATOS     650.121.2874         15-MAR-98 ST_CLERK         2600                       124            50                                                               
        144 Peter      Vargas     PVARGAS    650.121.2004         09-JUL-98 ST_CLERK         2500                       124            50                                                               
        149 Eleni      Zlotkey    EZLOTKEY   011.44.1344.429018   29-JAN-00 SA_MAN          10500             .2        100            80                                                               
        174 Ellen      Abel       EABEL      011.44.1644.429267   11-MAY-96 SA_REP          11000             .3        149            80                                                               
        176 Jonathon   Taylor     JTAYLOR    011.44.1644.429265   24-MAR-98 SA_REP           8600             .3        149            80                                                               
        178 Kimerely   Grant      KGRANT     011.44.1644.429263   24-MAY-99 SA_REP           7000            .15        149                                                                             
        200 Jennifer   Whalen     JWHALEN    515.123.4444         17-SEP-87 AD_ASST          4400                       101            10                                                               
        201 Michael    Hartstein  MHARTSTE   515.123.5555         17-FEB-96 MK_MAN          13000                       100            20                                                               
        202 Pat        Fay        PFAY       603.123.6666         17-AUG-97 MK_REP           6000                       201            20                                                               
        205 Shelley    Higgins    SHIGGINS   515.123.8080         07-JUN-94 AC_MGR          12000                       101           110                                                               
        206 William    Gietz      WGIETZ     515.123.8181         07-JUN-94 AC_ACCOUNT       8300                       205           110                                                               

20 rows selected.

SQL> REM DISPLAY THOSE WHO WERE HIRED BETWEEN SECOND HALF OF YEAR 97 TO FIRST HALF OF YEAR 99
SQL> 
SQL> SELECT * FROM EMPLOYEES WHERE HIRE_DATE BETWEEN '01-JUL-97' AND '30-JUN-99';

EMPLOYEE_ID FIRST_NAME LAST_NAME  EMAIL      PHONE_NUMBER         HIRE_DATE JOB_ID         SALARY COMMISSION_PCT MANAGER_ID DEPARTMENT_ID                                                               
----------- ---------- ---------- ---------- -------------------- --------- ---------- ---------- -------------- ---------- -------------                                                               
        107 Diana      Lorentz    DLORENTZ   590.423.5567         07-FEB-99 IT_PROG          4200                       103            60                                                               
        143 Randall    Matos      RMATOS     650.121.2874         15-MAR-98 ST_CLERK         2600                       124            50                                                               
        144 Peter      Vargas     PVARGAS    650.121.2004         09-JUL-98 ST_CLERK         2500                       124            50                                                               
        176 Jonathon   Taylor     JTAYLOR    011.44.1644.429265   24-MAR-98 SA_REP           8600             .3        149            80                                                               
        178 Kimerely   Grant      KGRANT     011.44.1644.429263   24-MAY-99 SA_REP           7000            .15        149                                                                             
        202 Pat        Fay        PFAY       603.123.6666         17-AUG-97 MK_REP           6000                       201            20                                                               

6 rows selected.

SQL> SELECT * FROM EMPLOYEES WHERE HIRE_DATE BETWEEN '01-JUL-97' AND '30-JUN-99' ORDER BY HIRE_DATE;

EMPLOYEE_ID FIRST_NAME LAST_NAME  EMAIL      PHONE_NUMBER         HIRE_DATE JOB_ID         SALARY COMMISSION_PCT MANAGER_ID DEPARTMENT_ID                                                               
----------- ---------- ---------- ---------- -------------------- --------- ---------- ---------- -------------- ---------- -------------                                                               
        202 Pat        Fay        PFAY       603.123.6666         17-AUG-97 MK_REP           6000                       201            20                                                               
        143 Randall    Matos      RMATOS     650.121.2874         15-MAR-98 ST_CLERK         2600                       124            50                                                               
        176 Jonathon   Taylor     JTAYLOR    011.44.1644.429265   24-MAR-98 SA_REP           8600             .3        149            80                                                               
        144 Peter      Vargas     PVARGAS    650.121.2004         09-JUL-98 ST_CLERK         2500                       124            50                                                               
        107 Diana      Lorentz    DLORENTZ   590.423.5567         07-FEB-99 IT_PROG          4200                       103            60                                                               
        178 Kimerely   Grant      KGRANT     011.44.1644.429263   24-MAY-99 SA_REP           7000            .15        149                                                                             

6 rows selected.

SQL> SELECT * FROM EMPLOYEES ORDER BY HIRE_DATE;

EMPLOYEE_ID FIRST_NAME LAST_NAME  EMAIL      PHONE_NUMBER         HIRE_DATE JOB_ID         SALARY COMMISSION_PCT MANAGER_ID DEPARTMENT_ID                                                               
----------- ---------- ---------- ---------- -------------------- --------- ---------- ---------- -------------- ---------- -------------                                                               
        100 Steven     King       SKING      515.123.4567         17-JUL-87 AD_PRES         24000                                      90                                                               
        200 Jennifer   Whalen     JWHALEN    515.123.4444         17-SEP-87 AD_ASST          4400                       101            10                                                               
        101 Neena      Kochhar    NKOCHHAR   515.123.4568         21-SEP-89 AD_VP           17000                       100            90                                                               
        103 Alexander  Hunold     AHUNOLD    590.423.4567         03-JAN-90 IT_PROG          9000                       102            60                                                               
        104 Bruce      Ernst      BERNST     590.423.4568         21-MAY-91 IT_PROG          6000                       103            60                                                               
        102 Lex        De Haan    LDEHAAN    515.123.4569         13-JAN-93 AD_VP           17000                       100            90                                                               
        205 Shelley    Higgins    SHIGGINS   515.123.8080         07-JUN-94 AC_MGR          12000                       101           110                                                               
        206 William    Gietz      WGIETZ     515.123.8181         07-JUN-94 AC_ACCOUNT       8300                       205           110                                                               
        141 Trenna     Rajs       TRAJS      650.121.8009         17-OCT-95 ST_CLERK         3500                       124            50                                                               
        201 Michael    Hartstein  MHARTSTE   515.123.5555         17-FEB-96 MK_MAN          13000                       100            20                                                               
        174 Ellen      Abel       EABEL      011.44.1644.429267   11-MAY-96 SA_REP          11000             .3        149            80                                                               
        142 Curtis     Davies     CDAVIES    650.121.2994         29-JAN-97 ST_CLERK         3100                       124            50                                                               
        202 Pat        Fay        PFAY       603.123.6666         17-AUG-97 MK_REP           6000                       201            20                                                               
        143 Randall    Matos      RMATOS     650.121.2874         15-MAR-98 ST_CLERK         2600                       124            50                                                               
        176 Jonathon   Taylor     JTAYLOR    011.44.1644.429265   24-MAR-98 SA_REP           8600             .3        149            80                                                               
        144 Peter      Vargas     PVARGAS    650.121.2004         09-JUL-98 ST_CLERK         2500                       124            50                                                               
        107 Diana      Lorentz    DLORENTZ   590.423.5567         07-FEB-99 IT_PROG          4200                       103            60                                                               
        178 Kimerely   Grant      KGRANT     011.44.1644.429263   24-MAY-99 SA_REP           7000            .15        149                                                                             
        124 Kevin      Mourgos    KMOURGOS   650.123.5234         16-NOV-99 ST_MAN           5800                       100            50                                                               
        149 Eleni      Zlotkey    EZLOTKEY   011.44.1344.429018   29-JAN-00 SA_MAN          10500             .2        100            80                                                               

20 rows selected.

SQL> REM DISPLAY ALL WHO WERE HIRED BETWEEN DATES : 2nd QUARTER OF 96 TO 3rd QUARTER OF 99
SQL> 
SQL> REM 1 YEAR = 12 MONTHS = 4 QUARTERS
SQL> R
  1* SELECT * FROM EMPLOYEES ORDER BY HIRE_DATE

EMPLOYEE_ID FIRST_NAME LAST_NAME  EMAIL      PHONE_NUMBER         HIRE_DATE JOB_ID         SALARY COMMISSION_PCT MANAGER_ID DEPARTMENT_ID                                                               
----------- ---------- ---------- ---------- -------------------- --------- ---------- ---------- -------------- ---------- -------------                                                               
        100 Steven     King       SKING      515.123.4567         17-JUL-87 AD_PRES         24000                                      90                                                               
        200 Jennifer   Whalen     JWHALEN    515.123.4444         17-SEP-87 AD_ASST          4400                       101            10                                                               
        101 Neena      Kochhar    NKOCHHAR   515.123.4568         21-SEP-89 AD_VP           17000                       100            90                                                               
        103 Alexander  Hunold     AHUNOLD    590.423.4567         03-JAN-90 IT_PROG          9000                       102            60                                                               
        104 Bruce      Ernst      BERNST     590.423.4568         21-MAY-91 IT_PROG          6000                       103            60                                                               
        102 Lex        De Haan    LDEHAAN    515.123.4569         13-JAN-93 AD_VP           17000                       100            90                                                               
        205 Shelley    Higgins    SHIGGINS   515.123.8080         07-JUN-94 AC_MGR          12000                       101           110                                                               
        206 William    Gietz      WGIETZ     515.123.8181         07-JUN-94 AC_ACCOUNT       8300                       205           110                                                               
        141 Trenna     Rajs       TRAJS      650.121.8009         17-OCT-95 ST_CLERK         3500                       124            50                                                               
        201 Michael    Hartstein  MHARTSTE   515.123.5555         17-FEB-96 MK_MAN          13000                       100            20                                                               
        174 Ellen      Abel       EABEL      011.44.1644.429267   11-MAY-96 SA_REP          11000             .3        149            80                                                               
        142 Curtis     Davies     CDAVIES    650.121.2994         29-JAN-97 ST_CLERK         3100                       124            50                                                               
        202 Pat        Fay        PFAY       603.123.6666         17-AUG-97 MK_REP           6000                       201            20                                                               
        143 Randall    Matos      RMATOS     650.121.2874         15-MAR-98 ST_CLERK         2600                       124            50                                                               
        176 Jonathon   Taylor     JTAYLOR    011.44.1644.429265   24-MAR-98 SA_REP           8600             .3        149            80                                                               
        144 Peter      Vargas     PVARGAS    650.121.2004         09-JUL-98 ST_CLERK         2500                       124            50                                                               
        107 Diana      Lorentz    DLORENTZ   590.423.5567         07-FEB-99 IT_PROG          4200                       103            60                                                               
        178 Kimerely   Grant      KGRANT     011.44.1644.429263   24-MAY-99 SA_REP           7000            .15        149                                                                             
        124 Kevin      Mourgos    KMOURGOS   650.123.5234         16-NOV-99 ST_MAN           5800                       100            50                                                               
        149 Eleni      Zlotkey    EZLOTKEY   011.44.1344.429018   29-JAN-00 SA_MAN          10500             .2        100            80                                                               

20 rows selected.

SQL> REM Q1 = 01-JAN TO 31-MAR
SQL> 
SQL> REM Q2 = 01-APR TO 30-JUN
SQL> 
SQL> REM Q3 = 01-JUL TO 30-SEP
SQL> 
SQL> REM Q4 = 01-OCT TO 31-DEC
SQL> 
SQL> SELECT * FROM EMPLOYEES WHERE HIRE_DATE '01-APR-96' AND '30-SEP-99' ORDER BY HIRE_DATE;
SELECT * FROM EMPLOYEES WHERE HIRE_DATE '01-APR-96' AND '30-SEP-99' ORDER BY HIRE_DATE
                                        *
ERROR at line 1:
ORA-00920: invalid relational operator 


SQL> SELECT * FROM EMPLOYEES WHERE HIRE_DATE BETWEEN '01-APR-96' AND '30-SEP-99' ORDER BY HIRE_DATE;

EMPLOYEE_ID FIRST_NAME LAST_NAME  EMAIL      PHONE_NUMBER         HIRE_DATE JOB_ID         SALARY COMMISSION_PCT MANAGER_ID DEPARTMENT_ID                                                               
----------- ---------- ---------- ---------- -------------------- --------- ---------- ---------- -------------- ---------- -------------                                                               
        174 Ellen      Abel       EABEL      011.44.1644.429267   11-MAY-96 SA_REP          11000             .3        149            80                                                               
        142 Curtis     Davies     CDAVIES    650.121.2994         29-JAN-97 ST_CLERK         3100                       124            50                                                               
        202 Pat        Fay        PFAY       603.123.6666         17-AUG-97 MK_REP           6000                       201            20                                                               
        143 Randall    Matos      RMATOS     650.121.2874         15-MAR-98 ST_CLERK         2600                       124            50                                                               
        176 Jonathon   Taylor     JTAYLOR    011.44.1644.429265   24-MAR-98 SA_REP           8600             .3        149            80                                                               
        144 Peter      Vargas     PVARGAS    650.121.2004         09-JUL-98 ST_CLERK         2500                       124            50                                                               
        107 Diana      Lorentz    DLORENTZ   590.423.5567         07-FEB-99 IT_PROG          4200                       103            60                                                               
        178 Kimerely   Grant      KGRANT     011.44.1644.429263   24-MAY-99 SA_REP           7000            .15        149                                                                             

8 rows selected.

SQL> REM LIKE : IS USED FOR PATTERN MATCHING.
SQL> 
SQL> REM LIKE SUPPORTS TWO WILD CARD CHARACTERS : _ %
SQL> 
SQL> REM _ : IS USED FOR SINGLE CHARACTER
SQL> 
SQL> REM % : IS USED FOR ZERO OR MORE CHARACTERS
SQL> 
SQL> 
SQL> REM TWO TYPES OF QUESTIONS CAN BE ANSWERED USING LIKE :
SQL> 
SQL> REM 1 USING ONLY WILD CARDS
SQL> 
SQL> REM 2 USING OTHER CHARACTERS WITH WILD CARDS
SQL> 
SQL> 
SQL> 
SQL> REM 1 USING ONLY WILD CARDS
SQL> 
SQL> REM DISPLAY THOSE WHOSE FIRST_NAME SPELLING HAS 6 CHARACTERS
SQL> 
SQL> REM DISPLAY ALL EXCEPT THOSE WHOSE FIRST_NAME SPELLING HAS 6 CHARACTERS
SQL> 
SQL> REM DISPLAY THOSE WHOSE FIRST_NAME SPELLING HAS 6 OR MORE CHARACTERS
SQL> 
SQL> REM DISPLAY THOSE WHOSE FIRST_NAME SPELLING HAS 6 OR LESS CHARACTERS
SQL> 
SQL> 
SQL> 
SQL> 
SQL> REM DISPLAY THOSE WHOSE FIRST_NAME SPELLING HAS 6 CHARACTERS
SQL> 
SQL> SELECT FIRST_NAME FROM EMPLOYEES WHERE FIRST_NAME LIKE '______';

FIRST_NAME                                                                                                                                                                                              
----------                                                                                                                                                                                              
Steven                                                                                                                                                                                                  
Trenna                                                                                                                                                                                                  
Curtis                                                                                                                                                                                                  

SQL> REM DISPLAY ALL EXCEPT THOSE WHOSE FIRST_NAME SPELLING HAS 6 CHARACTERS
SQL> 
SQL> SELECT FIRST_NAME FROM EMPLOYEES WHERE FIRST_NAME NOT LIKE '______';

FIRST_NAME                                                                                                                                                                                              
----------                                                                                                                                                                                              
Neena                                                                                                                                                                                                   
Lex                                                                                                                                                                                                     
Alexander                                                                                                                                                                                               
Bruce                                                                                                                                                                                                   
Diana                                                                                                                                                                                                   
Kevin                                                                                                                                                                                                   
Randall                                                                                                                                                                                                 
Peter                                                                                                                                                                                                   
Eleni                                                                                                                                                                                                   
Ellen                                                                                                                                                                                                   
Jonathon                                                                                                                                                                                                
Kimerely                                                                                                                                                                                                
Jennifer                                                                                                                                                                                                
Michael                                                                                                                                                                                                 
Pat                                                                                                                                                                                                     
Shelley                                                                                                                                                                                                 
William                                                                                                                                                                                                 

17 rows selected.

SQL> REM DISPLAY THOSE WHOSE FIRST_NAME SPELLING HAS 6 OR MORE CHARACTERS
SQL> 
SQL> SELECT FIRST_NAME FROM EMPLOYEES WHERE FIRST_NAME LIKE '______%';

FIRST_NAME                                                                                                                                                                                              
----------                                                                                                                                                                                              
Steven                                                                                                                                                                                                  
Alexander                                                                                                                                                                                               
Trenna                                                                                                                                                                                                  
Curtis                                                                                                                                                                                                  
Randall                                                                                                                                                                                                 
Jonathon                                                                                                                                                                                                
Kimerely                                                                                                                                                                                                
Jennifer                                                                                                                                                                                                
Michael                                                                                                                                                                                                 
Shelley                                                                                                                                                                                                 
William                                                                                                                                                                                                 

11 rows selected.

SQL> REM DISPLAY THOSE WHOSE FIRST_NAME SPELLING HAS 6 OR LESS CHARACTERS
SQL> 
SQL> SELECT FIRST_NAME FROM EMPLOYEES WHERE FIRST_NAME LIKE '_______';

FIRST_NAME                                                                                                                                                                                              
----------                                                                                                                                                                                              
Randall                                                                                                                                                                                                 
Michael                                                                                                                                                                                                 
Shelley                                                                                                                                                                                                 
William                                                                                                                                                                                                 

SQL> SELECT FIRST_NAME FROM EMPLOYEES WHERE FIRST_NAME LIKE '_______%';

FIRST_NAME                                                                                                                                                                                              
----------                                                                                                                                                                                              
Alexander                                                                                                                                                                                               
Randall                                                                                                                                                                                                 
Jonathon                                                                                                                                                                                                
Kimerely                                                                                                                                                                                                
Jennifer                                                                                                                                                                                                
Michael                                                                                                                                                                                                 
Shelley                                                                                                                                                                                                 
William                                                                                                                                                                                                 

8 rows selected.

SQL> SELECT FIRST_NAME FROM EMPLOYEES WHERE FIRST_NAME NOT LIKE '_______%';

FIRST_NAME                                                                                                                                                                                              
----------                                                                                                                                                                                              
Steven                                                                                                                                                                                                  
Neena                                                                                                                                                                                                   
Lex                                                                                                                                                                                                     
Bruce                                                                                                                                                                                                   
Diana                                                                                                                                                                                                   
Kevin                                                                                                                                                                                                   
Trenna                                                                                                                                                                                                  
Curtis                                                                                                                                                                                                  
Peter                                                                                                                                                                                                   
Eleni                                                                                                                                                                                                   
Ellen                                                                                                                                                                                                   
Pat                                                                                                                                                                                                     

12 rows selected.

SQL> SELECT FIRST_NAME FROM EMPLOYEES WHERE FIRST_NAME LIKE '______%';

FIRST_NAME                                                                                                                                                                                              
----------                                                                                                                                                                                              
Steven                                                                                                                                                                                                  
Alexander                                                                                                                                                                                               
Trenna                                                                                                                                                                                                  
Curtis                                                                                                                                                                                                  
Randall                                                                                                                                                                                                 
Jonathon                                                                                                                                                                                                
Kimerely                                                                                                                                                                                                
Jennifer                                                                                                                                                                                                
Michael                                                                                                                                                                                                 
Shelley                                                                                                                                                                                                 
William                                                                                                                                                                                                 

11 rows selected.

SQL> SELECT FIRST_NAME FROM EMPLOYEES WHERE FIRST_NAME LIKE '%______';

FIRST_NAME                                                                                                                                                                                              
----------                                                                                                                                                                                              
Steven                                                                                                                                                                                                  
Alexander                                                                                                                                                                                               
Trenna                                                                                                                                                                                                  
Curtis                                                                                                                                                                                                  
Randall                                                                                                                                                                                                 
Jonathon                                                                                                                                                                                                
Kimerely                                                                                                                                                                                                
Jennifer                                                                                                                                                                                                
Michael                                                                                                                                                                                                 
Shelley                                                                                                                                                                                                 
William                                                                                                                                                                                                 

11 rows selected.

SQL> SELECT FIRST_NAME FROM EMPLOYEES WHERE FIRST_NAME LIKE '___%___';

FIRST_NAME                                                                                                                                                                                              
----------                                                                                                                                                                                              
Steven                                                                                                                                                                                                  
Alexander                                                                                                                                                                                               
Trenna                                                                                                                                                                                                  
Curtis                                                                                                                                                                                                  
Randall                                                                                                                                                                                                 
Jonathon                                                                                                                                                                                                
Kimerely                                                                                                                                                                                                
Jennifer                                                                                                                                                                                                
Michael                                                                                                                                                                                                 
Shelley                                                                                                                                                                                                 
William                                                                                                                                                                                                 

11 rows selected.

SQL> SELECT FIRST_NAME FROM EMPLOYEES WHERE FIRST_NAME LIKE '___%_%__';

FIRST_NAME                                                                                                                                                                                              
----------                                                                                                                                                                                              
Steven                                                                                                                                                                                                  
Alexander                                                                                                                                                                                               
Trenna                                                                                                                                                                                                  
Curtis                                                                                                                                                                                                  
Randall                                                                                                                                                                                                 
Jonathon                                                                                                                                                                                                
Kimerely                                                                                                                                                                                                
Jennifer                                                                                                                                                                                                
Michael                                                                                                                                                                                                 
Shelley                                                                                                                                                                                                 
William                                                                                                                                                                                                 

11 rows selected.

SQL> REM 2 USING OTHER CHARACTERS WITH WILD CARD CHARACTERS
SQL> 
SQL> REM DISPLAY FIRST_NAME WHOSE FIRST ALPHABET IS 'h'
SQL> 
SQL> REM DISPLAY FIRST_NAME WHOSE FIRST ALPHABET IS 'H'
SQL> 
SQL> REM DISPLAY FIRST_NAME WHOSE LAST ALPHABET IS 'n'
SQL> 
SQL> REM DISPLAY FIRST_NAME CONTAINS ALPHABET 'e'
SQL> 
SQL> REM DISPLAY FIRST_NAME CONTAINS ALPHABETS 'll'
SQL> 
SQL> REM DISPLAY FIRST_NAME HAS SECOND CHARACTER 'e'
SQL> 
SQL> REM DISPLAY FIRST_NAME HAS SECOND LAST CHARACTER 'e'
SQL> 
SQL> REM DISPLAY FIRST_NAME HAS SECOND AND SECOND LAST CHARACTER 'e'
SQL> 
SQL> 
SQL> REM DISPLAY FIRST_NAME WHOSE FIRST ALPHABET IS 'H'
SQL> 
SQL> SELECT FIRST_NAME FROM EMPLOYEES WHERE FIRST_NAME LIKE 'H%';

no rows selected

SQL> REM DISPLAY LAST_NAME WHOSE FIRST ALPHABET IS 'H'
SQL> 
SQL> SELECT LAST_NAME FROM EMPLOYEES WHERE LAST_NAME LIKE 'H%';

LAST_NAME                                                                                                                                                                                               
----------                                                                                                                                                                                              
Hunold                                                                                                                                                                                                  
Hartstein                                                                                                                                                                                               
Higgins                                                                                                                                                                                                 

SQL> REM DISPLAY LAST_NAME WHOSE FIRST ALPHABET IS 'H' AND HAS LENGTH OF TOTAL 6 CHARACTERS
SQL> 
SQL> SELECT LAST_NAME FROM EMPLOYEES WHERE LAST_NAME LIKE 'H_____';

LAST_NAME                                                                                                                                                                                               
----------                                                                                                                                                                                              
Hunold                                                                                                                                                                                                  

SQL> SELECT LAST_NAME FROM EMPLOYEES WHERE LAST_NAME LIKE 'H______';

LAST_NAME                                                                                                                                                                                               
----------                                                                                                                                                                                              
Higgins                                                                                                                                                                                                 

SQL> SELECT LAST_NAME FROM EMPLOYEES WHERE LAST_NAME LIKE 'H_______';

no rows selected

SQL> SELECT LAST_NAME FROM EMPLOYEES WHERE LAST_NAME LIKE 'H________';

LAST_NAME                                                                                                                                                                                               
----------                                                                                                                                                                                              
Hartstein                                                                                                                                                                                               

SQL> REM DISPLAY LAST_NAME WHOSE LAST ALPHABET IS 'n'
SQL> 
SQL> SELECT LAST_NAME FROM EMPLOYEES WHERE LAST_NAME LIKE '%n';

LAST_NAME                                                                                                                                                                                               
----------                                                                                                                                                                                              
De Haan                                                                                                                                                                                                 
Whalen                                                                                                                                                                                                  
Hartstein                                                                                                                                                                                               

SQL> REM DISPLAY LAST_NAME WHOSE LAST ALPHABET IS 'n' WITH LENGHT OF 6 CHARACTERS
SQL> 
SQL> SELECT LAST_NAME FROM EMPLOYEES WHERE LAST_NAME LIKE '_____n';

LAST_NAME                                                                                                                                                                                               
----------                                                                                                                                                                                              
Whalen                                                                                                                                                                                                  

SQL> REM DISPLAY FIRST_NAME CONTAINS ALPHABET 'e'
SQL> 
SQL> SELECT LAST_NAME FROM EMPLOYEES WHERE LAST_NAME LIKE '%e%';

LAST_NAME                                                                                                                                                                                               
----------                                                                                                                                                                                              
De Haan                                                                                                                                                                                                 
Lorentz                                                                                                                                                                                                 
Davies                                                                                                                                                                                                  
Zlotkey                                                                                                                                                                                                 
Abel                                                                                                                                                                                                    
Whalen                                                                                                                                                                                                  
Hartstein                                                                                                                                                                                               
Gietz                                                                                                                                                                                                   

8 rows selected.

SQL> REM DISPLAY FIRST_NAME CONTAINS ALPHABET 'll'
SQL> 
SQL> SELECT LAST_NAME FROM EMPLOYEES WHERE LAST_NAME LIKE '%ll%';

no rows selected

SQL> SELECT FIRST_NAME FROM EMPLOYEES WHERE FIRST_NAME LIKE '%ll%';

FIRST_NAME                                                                                                                                                                                              
----------                                                                                                                                                                                              
Randall                                                                                                                                                                                                 
Ellen                                                                                                                                                                                                   
Shelley                                                                                                                                                                                                 
William                                                                                                                                                                                                 

SQL> SELECT FIRST_NAME FROM EMPLOYEES WHERE FIRST_NAME NOT LIKE '%ll%';

FIRST_NAME                                                                                                                                                                                              
----------                                                                                                                                                                                              
Steven                                                                                                                                                                                                  
Neena                                                                                                                                                                                                   
Lex                                                                                                                                                                                                     
Alexander                                                                                                                                                                                               
Bruce                                                                                                                                                                                                   
Diana                                                                                                                                                                                                   
Kevin                                                                                                                                                                                                   
Trenna                                                                                                                                                                                                  
Curtis                                                                                                                                                                                                  
Peter                                                                                                                                                                                                   
Eleni                                                                                                                                                                                                   
Jonathon                                                                                                                                                                                                
Kimerely                                                                                                                                                                                                
Jennifer                                                                                                                                                                                                
Michael                                                                                                                                                                                                 
Pat                                                                                                                                                                                                     

16 rows selected.

SQL> REM DISPLAY FIRST_NAME CONTAINS ALPHABET TWO OCCRENCES OF e
SQL> 
SQL> SELECT FIRST_NAME FROM EMPLOYEES WHERE FIRST_NAME NOT LIKE '%e%e%';

FIRST_NAME                                                                                                                                                                                              
----------                                                                                                                                                                                              
Lex                                                                                                                                                                                                     
Bruce                                                                                                                                                                                                   
Diana                                                                                                                                                                                                   
Kevin                                                                                                                                                                                                   
Trenna                                                                                                                                                                                                  
Curtis                                                                                                                                                                                                  
Randall                                                                                                                                                                                                 
Eleni                                                                                                                                                                                                   
Ellen                                                                                                                                                                                                   
Jonathon                                                                                                                                                                                                
Michael                                                                                                                                                                                                 
Pat                                                                                                                                                                                                     
William                                                                                                                                                                                                 

13 rows selected.

SQL> SELECT FIRST_NAME FROM EMPLOYEES WHERE FIRST_NAME LIKE '%e%e%';

FIRST_NAME                                                                                                                                                                                              
----------                                                                                                                                                                                              
Steven                                                                                                                                                                                                  
Neena                                                                                                                                                                                                   
Alexander                                                                                                                                                                                               
Peter                                                                                                                                                                                                   
Kimerely                                                                                                                                                                                                
Jennifer                                                                                                                                                                                                
Shelley                                                                                                                                                                                                 

7 rows selected.

SQL> REM DISPLAY THOSE FIRST_NAME WHICH HAS SECOND CHARACTER e
SQL> 
SQL> SELECT FIRST_NAME FROM EMPLOYEES WHERE FIRST_NAME LIKE '_e%';

FIRST_NAME                                                                                                                                                                                              
----------                                                                                                                                                                                              
Neena                                                                                                                                                                                                   
Lex                                                                                                                                                                                                     
Kevin                                                                                                                                                                                                   
Peter                                                                                                                                                                                                   
Jennifer                                                                                                                                                                                                

SQL> REM DISPLAY THOSE FIRST_NAME WHICH HAS SECOND LAST CHARACTER e
SQL> 
SQL> SELECT FIRST_NAME FROM EMPLOYEES WHERE FIRST_NAME LIKE '%e_';

FIRST_NAME                                                                                                                                                                                              
----------                                                                                                                                                                                              
Steven                                                                                                                                                                                                  
Lex                                                                                                                                                                                                     
Alexander                                                                                                                                                                                               
Peter                                                                                                                                                                                                   
Ellen                                                                                                                                                                                                   
Jennifer                                                                                                                                                                                                
Michael                                                                                                                                                                                                 
Shelley                                                                                                                                                                                                 

8 rows selected.

SQL> REM DISPLAY THOSE FIRST_NAME WHICH HAS SECOND AND SECOND LAST CHARACTER e
SQL> 
SQL> SELECT FIRST_NAME FROM EMPLOYEES WHERE FIRST_NAME LIKE '_e%e_';

FIRST_NAME                                                                                                                                                                                              
----------                                                                                                                                                                                              
Peter                                                                                                                                                                                                   
Jennifer                                                                                                                                                                                                

SQL> SELECT HIRE_DATE FROM EMPLOYEES;

HIRE_DATE                                                                                                                                                                                               
---------                                                                                                                                                                                               
17-JUL-87                                                                                                                                                                                               
21-SEP-89                                                                                                                                                                                               
13-JAN-93                                                                                                                                                                                               
03-JAN-90                                                                                                                                                                                               
21-MAY-91                                                                                                                                                                                               
07-FEB-99                                                                                                                                                                                               
16-NOV-99                                                                                                                                                                                               
17-OCT-95                                                                                                                                                                                               
29-JAN-97                                                                                                                                                                                               
15-MAR-98                                                                                                                                                                                               
09-JUL-98                                                                                                                                                                                               
29-JAN-00                                                                                                                                                                                               
11-MAY-96                                                                                                                                                                                               
24-MAR-98                                                                                                                                                                                               
24-MAY-99                                                                                                                                                                                               
17-SEP-87                                                                                                                                                                                               
17-FEB-96                                                                                                                                                                                               
17-AUG-97                                                                                                                                                                                               
07-JUN-94                                                                                                                                                                                               
07-JUN-94                                                                                                                                                                                               

20 rows selected.

SQL> REM DD-MON-RR : 9 CHARACTER
SQL> 
SQL> REM JAN , JUN , JUL
SQL> 
SQL> SELECT HIRE_DATE FROM EMPLOYEES WHERE HIRE_dATE LIKE '%J%';

HIRE_DATE                                                                                                                                                                                               
---------                                                                                                                                                                                               
17-JUL-87                                                                                                                                                                                               
13-JAN-93                                                                                                                                                                                               
03-JAN-90                                                                                                                                                                                               
29-JAN-97                                                                                                                                                                                               
09-JUL-98                                                                                                                                                                                               
29-JAN-00                                                                                                                                                                                               
07-JUN-94                                                                                                                                                                                               
07-JUN-94                                                                                                                                                                                               

8 rows selected.

SQL> REM JUN , JUL
SQL> 
SQL> SELECT HIRE_DATE FROM EMPLOYEES WHERE HIRE_dATE LIKE '%JU%';

HIRE_DATE                                                                                                                                                                                               
---------                                                                                                                                                                                               
17-JUL-87                                                                                                                                                                                               
09-JUL-98                                                                                                                                                                                               
07-JUN-94                                                                                                                                                                                               
07-JUN-94                                                                                                                                                                                               

SQL> REM JAN , JUN
SQL> 
SQL> SELECT HIRE_DATE FROM EMPLOYEES WHERE HIRE_dATE LIKE '%J_N%';

HIRE_DATE                                                                                                                                                                                               
---------                                                                                                                                                                                               
13-JAN-93                                                                                                                                                                                               
03-JAN-90                                                                                                                                                                                               
29-JAN-97                                                                                                                                                                                               
29-JAN-00                                                                                                                                                                                               
07-JUN-94                                                                                                                                                                                               
07-JUN-94                                                                                                                                                                                               

6 rows selected.

SQL> REM JAN , MAR , MAY (AUG, APR)
SQL> 
SQL> SELECT HIRE_DATE FROM EMPLOYEES WHERE HIRE_dATE LIKE '%-_A%'
  2  ;

HIRE_DATE                                                                                                                                                                                               
---------                                                                                                                                                                                               
13-JAN-93                                                                                                                                                                                               
03-JAN-90                                                                                                                                                                                               
21-MAY-91                                                                                                                                                                                               
29-JAN-97                                                                                                                                                                                               
15-MAR-98                                                                                                                                                                                               
29-JAN-00                                                                                                                                                                                               
11-MAY-96                                                                                                                                                                                               
24-MAR-98                                                                                                                                                                                               
24-MAY-99                                                                                                                                                                                               

9 rows selected.

SQL> SELECT HIRE_DATE FROM EMPLOYEES WHERE HIRE_dATE LIKE '%-A%'
  2  ;

HIRE_DATE                                                                                                                                                                                               
---------                                                                                                                                                                                               
17-AUG-97                                                                                                                                                                                               

SQL> REM 90s
SQL> 
SQL> SELECT HIRE_DATE FROM EMPLOYEES WHERE HIRE_dATE LIKE '%9_'
  2  ;

HIRE_DATE                                                                                                                                                                                               
---------                                                                                                                                                                                               
13-JAN-93                                                                                                                                                                                               
03-JAN-90                                                                                                                                                                                               
21-MAY-91                                                                                                                                                                                               
07-FEB-99                                                                                                                                                                                               
16-NOV-99                                                                                                                                                                                               
17-OCT-95                                                                                                                                                                                               
29-JAN-97                                                                                                                                                                                               
15-MAR-98                                                                                                                                                                                               
09-JUL-98                                                                                                                                                                                               
11-MAY-96                                                                                                                                                                                               
24-MAR-98                                                                                                                                                                                               
24-MAY-99                                                                                                                                                                                               
17-FEB-96                                                                                                                                                                                               
17-AUG-97                                                                                                                                                                                               
07-JUN-94                                                                                                                                                                                               
07-JUN-94                                                                                                                                                                                               

16 rows selected.

SQL> REM ESCAPE , IS NULL
SQL> 
SQL> REM LOGICAL OPERATORS
SQL> 
SQL> SPOOL OFF
