SQL> 
SQL> SELECT * FROM EMPLOYEES;

EMPLOYEE_ID FIRST_NAME LAST_NAME  EMAIL      PHONE_NUMBER         HIRE_DATE JOB_ID         SALARY COMMISSION_PCT MANAGER_ID DEPARTMENT_ID                                                               
----------- ---------- ---------- ---------- -------------------- --------- ---------- ---------- -------------- ---------- -------------                                                               
        100 Steven     King       SKING      515.123.4567         17-JUL-87 AD_PRES         24000                                      90                                                               
        101 Neena      Kochhar    NKOCHHAR   515.123.4568         21-SEP-89 AD_VP           17000                       100            90                                                               
        102 Lex        De Haan    LDEHAAN    515.123.4569         13-JAN-93 AD_VP           17000                       100            90                                                               
        103 Alexander  Hunold     AHUNOLD    590.423.4567         03-JAN-90 IT_PROG          9000                       102            60                                                               
        104 Bruce      Ernst      BERNST     590.423.4568         21-MAY-91 IT_PROG          6000                       103            60                                                               
        107 Diana      Lorentz    DLORENTZ   590.423.5567         07-FEB-99 IT_PROG          4200                       103            60                                                               
        124 Kevin      Mourgos    KMOURGOS   650.123.5234         16-NOV-99 ST_MAN           5800                       100            50                                                               
        141 Trenna     Rajs                  650.121.8009         17-OCT-95 ST_CLERK         3500                       124            50                                                               
        142 Curtis     Davies     CDAVIES    650.121.2994         29-JAN-97 ST_CLERK         3100                       124            50                                                               
        143 Randall    Matos      RMATOS     650.121.2874         15-MAR-98 ST_CLERK         2600                       124            50                                                               
        144 Peter      Vargas     PVARGAS    650.121.2004         09-JUL-98 ST_CLERK         2500                       124            50                                                               
        149 Eleni      Zlotkey    EZLOTKEY   011.44.1344.429018   29-JAN-00 SA_MAN          10500             .2        100            80                                                               
        174 Ellen      Abel       EABEL      011.44.1644.429267   11-MAY-96 SA_REP          11000             .3        149            80                                                               
        176 Jonathon   Taylor     JTAYLOR    011.44.1644.429265   24-MAR-98 SA_REP           8600             .3        149            80                                                               
        178 Kimerely   Grant      KGRANT     011.44.1644.429263   24-MAY-99 SA_REP           7000            .15        149                                                                             
        200 Jennifer   Whalen     JWHALEN    515.123.4444         17-SEP-87 AD_ASST          4400                       101            10                                                               
        201 Michael    Hartstein  MHARTSTE   515.123.5555         17-FEB-96 MK_MAN          13000                       100            20                                                               
        202 Pat        Fay        PFAY       603.123.6666         17-AUG-97 MK_REP           6000                       201            20                                                               
        205 Shelley    Higgins    SHIGGINS   515.123.8080         07-JUN-94 AC_MGR          12000                       101           110                                                               
        206 William    Gietz      WGIETZ     515.123.8181         07-JUN-94 AC_ACCOUNT       8300                       205           110                                                               

20 rows selected.

SQL> SELECT * FROM JOB_HISTORY;

EMPLOYEE_ID START_DAT END_DATE  JOB_ID     DEPARTMENT_ID                                                                                                                                                
----------- --------- --------- ---------- -------------                                                                                                                                                
        102 13-JAN-93 24-JUL-98 IT_PROG               60                                                                                                                                                
        101 21-SEP-89 27-OCT-93 AC_ACCOUNT           110                                                                                                                                                
        101 28-OCT-93 15-MAR-97 AC_MGR               110                                                                                                                                                
        201 17-FEB-96 19-DEC-99 MK_REP                20                                                                                                                                                
        114 24-MAR-98 31-DEC-99 ST_CLERK              50                                                                                                                                                
        122 01-JAN-99 31-DEC-99 ST_CLERK              50                                                                                                                                                
        200 17-SEP-87 17-JUN-93 AD_ASST               90                                                                                                                                                
        176 24-MAR-98 31-DEC-98 SA_REP                80                                                                                                                                                
        176 01-JAN-99 31-DEC-99 SA_MAN                80                                                                                                                                                
        200 01-JUL-94 31-DEC-98 AC_ACCOUNT            90                                                                                                                                                

10 rows selected.

SQL> REM DISPLAY THOSE WHO HAVE GOT PROMPTION
SQL> 
SQL> REM DISPLAY THOSE WHO HAVE GOT PROMOTION
SQL> 
SQL> SELECT EMPLOYEE_ID , FIRST_NAME
  2  FROM EMPLOYEES
  3  NATURAL JOIN JOB_HISTORY;

EMPLOYEE_ID FIRST_NAME                                                                                                                                                                                  
----------- ----------                                                                                                                                                                                  
        176 Jonathon                                                                                                                                                                                    

SQL> SELECT EMPLOYEE_ID , FIRST_NAME
  2  FROM EMPLOYEES
  3  INNER JOIN JOB_HISTORY USING (EMPLOYEE_ID);

EMPLOYEE_ID FIRST_NAME                                                                                                                                                                                  
----------- ----------                                                                                                                                                                                  
        101 Neena                                                                                                                                                                                       
        101 Neena                                                                                                                                                                                       
        102 Lex                                                                                                                                                                                         
        176 Jonathon                                                                                                                                                                                    
        176 Jonathon                                                                                                                                                                                    
        200 Jennifer                                                                                                                                                                                    
        200 Jennifer                                                                                                                                                                                    
        201 Michael                                                                                                                                                                                     

8 rows selected.

SQL> SELECT UNIQUE EMPLOYEE_ID , FIRST_NAME
  2  FROM EMPLOYEES
  3  INNER JOIN JOB_HISTORY USING (EMPLOYEE_ID);

EMPLOYEE_ID FIRST_NAME                                                                                                                                                                                  
----------- ----------                                                                                                                                                                                  
        201 Michael                                                                                                                                                                                     
        102 Lex                                                                                                                                                                                         
        101 Neena                                                                                                                                                                                       
        200 Jennifer                                                                                                                                                                                    
        176 Jonathon                                                                                                                                                                                    

SQL> SELECT EMPLOYEE_ID , FIRST_NAME
  2  FROM EMPLOYEES
  3  LEFT OUTER JOIN JOB_HISTORY USING (EMPLOYEE_ID)
  4  WHERE START_DATE IS NULL;

EMPLOYEE_ID FIRST_NAME                                                                                                                                                                                  
----------- ----------                                                                                                                                                                                  
        107 Diana                                                                                                                                                                                       
        124 Kevin                                                                                                                                                                                       
        206 William                                                                                                                                                                                     
        143 Randall                                                                                                                                                                                     
        104 Bruce                                                                                                                                                                                       
        141 Trenna                                                                                                                                                                                      
        174 Ellen                                                                                                                                                                                       
        103 Alexander                                                                                                                                                                                   
        142 Curtis                                                                                                                                                                                      
        178 Kimerely                                                                                                                                                                                    
        149 Eleni                                                                                                                                                                                       
        202 Pat                                                                                                                                                                                         
        144 Peter                                                                                                                                                                                       
        205 Shelley                                                                                                                                                                                     
        100 Steven                                                                                                                                                                                      

15 rows selected.

SQL> SELECT EMPLOYEE_ID , FIRST_NAME
  2  FROM EMPLOYEES
  3  LEFT OUTER JOIN JOB_HISTORY USING (EMPLOYEE_ID)
  4  WHERE EMPLOYEE_ID IS NULL;

no rows selected

SQL> SELECT E.EMPLOYEE_ID , FIRST_NAME
  2  FROM EMPLOYEES E
  3  LEFT OUTER JOIN JOB_HISTORY J ON E.EMPLOYEE_ID = J.EMPLOYEE_ID
  4  WHERE J.EMPLOYEE_ID IS NULL;

EMPLOYEE_ID FIRST_NAME                                                                                                                                                                                  
----------- ----------                                                                                                                                                                                  
        107 Diana                                                                                                                                                                                       
        124 Kevin                                                                                                                                                                                       
        206 William                                                                                                                                                                                     
        143 Randall                                                                                                                                                                                     
        104 Bruce                                                                                                                                                                                       
        141 Trenna                                                                                                                                                                                      
        174 Ellen                                                                                                                                                                                       
        142 Curtis                                                                                                                                                                                      
        103 Alexander                                                                                                                                                                                   
        178 Kimerely                                                                                                                                                                                    
        149 Eleni                                                                                                                                                                                       
        202 Pat                                                                                                                                                                                         
        144 Peter                                                                                                                                                                                       
        205 Shelley                                                                                                                                                                                     
        100 Steven                                                                                                                                                                                      

15 rows selected.

SQL> SELECT J.EMPLOYEE_ID
  2  FROM JOB_HISTORY J
  3  LEFT OUTER JOIN EMPLOYEES E ON E.EMPLOYEE_ID = J.EMPLOYEE_ID
  4  WHERE E.EMPLOYEE_ID IS NULL;

EMPLOYEE_ID                                                                                                                                                                                             
-----------                                                                                                                                                                                             
        122                                                                                                                                                                                             
        114                                                                                                                                                                                             

SQL> CL SCR

SQL> REM SELF JOIN : IS NOT SYNTACTICAL JOIN, BUT IT IS CONCEPTUAL/LOGICAL JOIN.
SQL> 
SQL> SELECT EMPLOYEE_ID , FIRST_NAME , MANAGER_ID FROM EMPLOYEES;

EMPLOYEE_ID FIRST_NAME MANAGER_ID                                                                                                                                                                       
----------- ---------- ----------                                                                                                                                                                       
        100 Steven                                                                                                                                                                                      
        101 Neena             100                                                                                                                                                                       
        102 Lex               100                                                                                                                                                                       
        103 Alexander         102                                                                                                                                                                       
        104 Bruce             103                                                                                                                                                                       
        107 Diana             103                                                                                                                                                                       
        124 Kevin             100                                                                                                                                                                       
        141 Trenna            124                                                                                                                                                                       
        142 Curtis            124                                                                                                                                                                       
        143 Randall           124                                                                                                                                                                       
        144 Peter             124                                                                                                                                                                       
        149 Eleni             100                                                                                                                                                                       
        174 Ellen             149                                                                                                                                                                       
        176 Jonathon          149                                                                                                                                                                       
        178 Kimerely          149                                                                                                                                                                       
        200 Jennifer          101                                                                                                                                                                       
        201 Michael           100                                                                                                                                                                       
        202 Pat               201                                                                                                                                                                       
        205 Shelley           101                                                                                                                                                                       
        206 William           205                                                                                                                                                                       

20 rows selected.

SQL> REM DISPLAY FIRST_NAME OF EMPLOYEE AND HIS/HER MANAGER
SQL> 
SQL> SELECT E.FIRST_NAME EMP_NAME , M.FIRST_NAME MGR_NAME
  2  FROM EMPLOYEES M
  3  
SQL> SELECT E.FIRST_NAME EMP_NAME , M.FIRST_NAME MGR_NAME
  2  FROM EMPLOYEES E
  3  JOIN EMPLOYEES M ON E.MANAGER_ID = M.EMPLOYEE_ID;

EMP_NAME   MGR_NAME                                                                                                                                                                                     
---------- ----------                                                                                                                                                                                   
Neena      Steven                                                                                                                                                                                       
Lex        Steven                                                                                                                                                                                       
Kevin      Steven                                                                                                                                                                                       
Eleni      Steven                                                                                                                                                                                       
Michael    Steven                                                                                                                                                                                       
Jennifer   Neena                                                                                                                                                                                        
Shelley    Neena                                                                                                                                                                                        
Alexander  Lex                                                                                                                                                                                          
Bruce      Alexander                                                                                                                                                                                    
Diana      Alexander                                                                                                                                                                                    
Trenna     Kevin                                                                                                                                                                                        
Curtis     Kevin                                                                                                                                                                                        
Randall    Kevin                                                                                                                                                                                        
Peter      Kevin                                                                                                                                                                                        
Ellen      Eleni                                                                                                                                                                                        
Jonathon   Eleni                                                                                                                                                                                        
Kimerely   Eleni                                                                                                                                                                                        
Pat        Michael                                                                                                                                                                                      
William    Shelley                                                                                                                                                                                      

19 rows selected.

SQL> REM DISPLAY LAST_NAME , SALARY FOR EMPLOYEE AND HIS/HER MANAGER
SQL> 
SQL> SELECT E.LAST_NAME EMP_NAME , M.LAST_NAME MGR_NAME
  2  FROM EMPLOYEES E
  3  JOIN EMPLOYEES M ON E.MANAGER_ID = M.EMPLOYEE_ID;

EMP_NAME   MGR_NAME                                                                                                                                                                                     
---------- ----------                                                                                                                                                                                   
Kochhar    King                                                                                                                                                                                         
De Haan    King                                                                                                                                                                                         
Mourgos    King                                                                                                                                                                                         
Zlotkey    King                                                                                                                                                                                         
Hartstein  King                                                                                                                                                                                         
Whalen     Kochhar                                                                                                                                                                                      
Higgins    Kochhar                                                                                                                                                                                      
Hunold     De Haan                                                                                                                                                                                      
Ernst      Hunold                                                                                                                                                                                       
Lorentz    Hunold                                                                                                                                                                                       
Rajs       Mourgos                                                                                                                                                                                      
Davies     Mourgos                                                                                                                                                                                      
Matos      Mourgos                                                                                                                                                                                      
Vargas     Mourgos                                                                                                                                                                                      
Abel       Zlotkey                                                                                                                                                                                      
Taylor     Zlotkey                                                                                                                                                                                      
Grant      Zlotkey                                                                                                                                                                                      
Fay        Hartstein                                                                                                                                                                                    
Gietz      Higgins                                                                                                                                                                                      

19 rows selected.

SQL> SELECT E.LAST_NAME EMP_NAME , E.SALARY EMP_SALARY , M.LAST_NAME MGR_NAME , M.SALARY MGR_SALARY
  2  FROM EMPLOYEES E
  3  JOIN EMPLOYEES M ON E.MANAGER_ID = M.EMPLOYEE_ID;

EMP_NAME   EMP_SALARY MGR_NAME   MGR_SALARY                                                                                                                                                             
---------- ---------- ---------- ----------                                                                                                                                                             
Kochhar         17000 King            24000                                                                                                                                                             
De Haan         17000 King            24000                                                                                                                                                             
Mourgos          5800 King            24000                                                                                                                                                             
Zlotkey         10500 King            24000                                                                                                                                                             
Hartstein       13000 King            24000                                                                                                                                                             
Whalen           4400 Kochhar         17000                                                                                                                                                             
Higgins         12000 Kochhar         17000                                                                                                                                                             
Hunold           9000 De Haan         17000                                                                                                                                                             
Ernst            6000 Hunold           9000                                                                                                                                                             
Lorentz          4200 Hunold           9000                                                                                                                                                             
Rajs             3500 Mourgos          5800                                                                                                                                                             
Davies           3100 Mourgos          5800                                                                                                                                                             
Matos            2600 Mourgos          5800                                                                                                                                                             
Vargas           2500 Mourgos          5800                                                                                                                                                             
Abel            11000 Zlotkey         10500                                                                                                                                                             
Taylor           8600 Zlotkey         10500                                                                                                                                                             
Grant            7000 Zlotkey         10500                                                                                                                                                             
Fay              6000 Hartstein       13000                                                                                                                                                             
Gietz            8300 Higgins         12000                                                                                                                                                             

19 rows selected.

SQL> 
SQL> REM FIRST_NAME , LAST_NAME , SALARY : EMPLOYEE AND MANAGER : DIFFERENCE OF SALARY
SQL> 
SQL> SELECT E.FIRST_NAME EMP_FN , E.LAST_NAME EMP_LN , E.SALARY EMP_SAL ,
  2         M.FIRST_NAME MGR_FN , M.LAST_NAME MGR_LN , M.SALARY MGR_SAL
  3  FROM   EMPLOYEES E
  4  JOIN   EMPLOYEES M ON E.MANAGER_ID = M.EMPLOYEE_ID;

EMP_FN     EMP_LN        EMP_SAL MGR_FN     MGR_LN        MGR_SAL                                                                                                                                       
---------- ---------- ---------- ---------- ---------- ----------                                                                                                                                       
Neena      Kochhar         17000 Steven     King            24000                                                                                                                                       
Lex        De Haan         17000 Steven     King            24000                                                                                                                                       
Kevin      Mourgos          5800 Steven     King            24000                                                                                                                                       
Eleni      Zlotkey         10500 Steven     King            24000                                                                                                                                       
Michael    Hartstein       13000 Steven     King            24000                                                                                                                                       
Jennifer   Whalen           4400 Neena      Kochhar         17000                                                                                                                                       
Shelley    Higgins         12000 Neena      Kochhar         17000                                                                                                                                       
Alexander  Hunold           9000 Lex        De Haan         17000                                                                                                                                       
Bruce      Ernst            6000 Alexander  Hunold           9000                                                                                                                                       
Diana      Lorentz          4200 Alexander  Hunold           9000                                                                                                                                       
Trenna     Rajs             3500 Kevin      Mourgos          5800                                                                                                                                       
Curtis     Davies           3100 Kevin      Mourgos          5800                                                                                                                                       
Randall    Matos            2600 Kevin      Mourgos          5800                                                                                                                                       
Peter      Vargas           2500 Kevin      Mourgos          5800                                                                                                                                       
Ellen      Abel            11000 Eleni      Zlotkey         10500                                                                                                                                       
Jonathon   Taylor           8600 Eleni      Zlotkey         10500                                                                                                                                       
Kimerely   Grant            7000 Eleni      Zlotkey         10500                                                                                                                                       
Pat        Fay              6000 Michael    Hartstein       13000                                                                                                                                       
William    Gietz            8300 Shelley    Higgins         12000                                                                                                                                       

19 rows selected.

SQL> SELECT E.FIRST_NAME EMP_FN , E.LAST_NAME EMP_LN , E.SALARY EMP_SAL ,
  2         M.FIRST_NAME MGR_FN , M.LAST_NAME MGR_LN , M.SALARY MGR_SAL , M.SALARY - E.SALARY DIFFERENCE
  3  FROM   EMPLOYEES E
  4  JOIN   EMPLOYEES M ON E.MANAGER_ID = M.EMPLOYEE_ID;

EMP_FN     EMP_LN        EMP_SAL MGR_FN     MGR_LN        MGR_SAL DIFFERENCE                                                                                                                            
---------- ---------- ---------- ---------- ---------- ---------- ----------                                                                                                                            
Neena      Kochhar         17000 Steven     King            24000       7000                                                                                                                            
Lex        De Haan         17000 Steven     King            24000       7000                                                                                                                            
Kevin      Mourgos          5800 Steven     King            24000      18200                                                                                                                            
Eleni      Zlotkey         10500 Steven     King            24000      13500                                                                                                                            
Michael    Hartstein       13000 Steven     King            24000      11000                                                                                                                            
Jennifer   Whalen           4400 Neena      Kochhar         17000      12600                                                                                                                            
Shelley    Higgins         12000 Neena      Kochhar         17000       5000                                                                                                                            
Alexander  Hunold           9000 Lex        De Haan         17000       8000                                                                                                                            
Bruce      Ernst            6000 Alexander  Hunold           9000       3000                                                                                                                            
Diana      Lorentz          4200 Alexander  Hunold           9000       4800                                                                                                                            
Trenna     Rajs             3500 Kevin      Mourgos          5800       2300                                                                                                                            
Curtis     Davies           3100 Kevin      Mourgos          5800       2700                                                                                                                            
Randall    Matos            2600 Kevin      Mourgos          5800       3200                                                                                                                            
Peter      Vargas           2500 Kevin      Mourgos          5800       3300                                                                                                                            
Ellen      Abel            11000 Eleni      Zlotkey         10500       -500                                                                                                                            
Jonathon   Taylor           8600 Eleni      Zlotkey         10500       1900                                                                                                                            
Kimerely   Grant            7000 Eleni      Zlotkey         10500       3500                                                                                                                            
Pat        Fay              6000 Michael    Hartstein       13000       7000                                                                                                                            
William    Gietz            8300 Shelley    Higgins         12000       3700                                                                                                                            

19 rows selected.

SQL> SELECT * FROM EMPLOYEES;

EMPLOYEE_ID FIRST_NAME LAST_NAME  EMAIL      PHONE_NUMBER         HIRE_DATE JOB_ID         SALARY COMMISSION_PCT MANAGER_ID DEPARTMENT_ID                                                               
----------- ---------- ---------- ---------- -------------------- --------- ---------- ---------- -------------- ---------- -------------                                                               
        100 Steven     King       SKING      515.123.4567         17-JUL-87 AD_PRES         24000                                      90                                                               
        101 Neena      Kochhar    NKOCHHAR   515.123.4568         21-SEP-89 AD_VP           17000                       100            90                                                               
        102 Lex        De Haan    LDEHAAN    515.123.4569         13-JAN-93 AD_VP           17000                       100            90                                                               
        103 Alexander  Hunold     AHUNOLD    590.423.4567         03-JAN-90 IT_PROG          9000                       102            60                                                               
        104 Bruce      Ernst      BERNST     590.423.4568         21-MAY-91 IT_PROG          6000                       103            60                                                               
        107 Diana      Lorentz    DLORENTZ   590.423.5567         07-FEB-99 IT_PROG          4200                       103            60                                                               
        124 Kevin      Mourgos    KMOURGOS   650.123.5234         16-NOV-99 ST_MAN           5800                       100            50                                                               
        141 Trenna     Rajs                  650.121.8009         17-OCT-95 ST_CLERK         3500                       124            50                                                               
        142 Curtis     Davies     CDAVIES    650.121.2994         29-JAN-97 ST_CLERK         3100                       124            50                                                               
        143 Randall    Matos      RMATOS     650.121.2874         15-MAR-98 ST_CLERK         2600                       124            50                                                               
        144 Peter      Vargas     PVARGAS    650.121.2004         09-JUL-98 ST_CLERK         2500                       124            50                                                               
        149 Eleni      Zlotkey    EZLOTKEY   011.44.1344.429018   29-JAN-00 SA_MAN          10500             .2        100            80                                                               
        174 Ellen      Abel       EABEL      011.44.1644.429267   11-MAY-96 SA_REP          11000             .3        149            80                                                               
        176 Jonathon   Taylor     JTAYLOR    011.44.1644.429265   24-MAR-98 SA_REP           8600             .3        149            80                                                               
        178 Kimerely   Grant      KGRANT     011.44.1644.429263   24-MAY-99 SA_REP           7000            .15        149                                                                             
        200 Jennifer   Whalen     JWHALEN    515.123.4444         17-SEP-87 AD_ASST          4400                       101            10                                                               
        201 Michael    Hartstein  MHARTSTE   515.123.5555         17-FEB-96 MK_MAN          13000                       100            20                                                               
        202 Pat        Fay        PFAY       603.123.6666         17-AUG-97 MK_REP           6000                       201            20                                                               
        205 Shelley    Higgins    SHIGGINS   515.123.8080         07-JUN-94 AC_MGR          12000                       101           110                                                               
        206 William    Gietz      WGIETZ     515.123.8181         07-JUN-94 AC_ACCOUNT       8300                       205           110                                                               

20 rows selected.

SQL> REM FIRST_NAME , HIRE_DATE : FOR EMPLOYEE AND MANAGER : DAY DIFFERENCE
SQL> 
SQL> SELECT E.FIRST_NAME EMP_NAME , E.HIRE_DATE EMP_HD ,
  2         M.FIRST_NAME MGR_NAME , M.HIRE_DATE MGR_HD , M.HIRE_DATE - E.HIRE_DATE "DAYS DIFF"
  3  FROM   EMPLOYEES E
  4  JOIN   EMPLOYEES M ON E.MANAGER_ID = M.EMPLOYEE_ID;

EMP_NAME   EMP_HD    MGR_NAME   MGR_HD     DAYS DIFF                                                                                                                                                    
---------- --------- ---------- --------- ----------                                                                                                                                                    
Neena      21-SEP-89 Steven     17-JUL-87       -797                                                                                                                                                    
Lex        13-JAN-93 Steven     17-JUL-87      -2007                                                                                                                                                    
Kevin      16-NOV-99 Steven     17-JUL-87      -4505                                                                                                                                                    
Eleni      29-JAN-00 Steven     17-JUL-87      -4579                                                                                                                                                    
Michael    17-FEB-96 Steven     17-JUL-87      -3137                                                                                                                                                    
Jennifer   17-SEP-87 Neena      21-SEP-89        735                                                                                                                                                    
Shelley    07-JUN-94 Neena      21-SEP-89      -1720                                                                                                                                                    
Alexander  03-JAN-90 Lex        13-JAN-93       1106                                                                                                                                                    
Bruce      21-MAY-91 Alexander  03-JAN-90       -503                                                                                                                                                    
Diana      07-FEB-99 Alexander  03-JAN-90      -3322                                                                                                                                                    
Trenna     17-OCT-95 Kevin      16-NOV-99       1491                                                                                                                                                    
Curtis     29-JAN-97 Kevin      16-NOV-99       1021                                                                                                                                                    
Randall    15-MAR-98 Kevin      16-NOV-99        611                                                                                                                                                    
Peter      09-JUL-98 Kevin      16-NOV-99        495                                                                                                                                                    
Ellen      11-MAY-96 Eleni      29-JAN-00       1358                                                                                                                                                    
Jonathon   24-MAR-98 Eleni      29-JAN-00        676                                                                                                                                                    
Kimerely   24-MAY-99 Eleni      29-JAN-00        250                                                                                                                                                    
Pat        17-AUG-97 Michael    17-FEB-96       -547                                                                                                                                                    
William    07-JUN-94 Shelley    07-JUN-94          0                                                                                                                                                    

19 rows selected.

SQL> SELECT E.FIRST_NAME EMP_NAME , M.FIRST_NAME MGR_NAME
  2  FROM EMPLOYEES E
  3  JOIN EMPLOYEES M ON E.EMPLOYEE_ID = M.MANAGER_ID;

EMP_NAME   MGR_NAME                                                                                                                                                                                     
---------- ----------                                                                                                                                                                                   
Steven     Neena                                                                                                                                                                                        
Steven     Lex                                                                                                                                                                                          
Lex        Alexander                                                                                                                                                                                    
Alexander  Bruce                                                                                                                                                                                        
Alexander  Diana                                                                                                                                                                                        
Steven     Kevin                                                                                                                                                                                        
Kevin      Trenna                                                                                                                                                                                       
Kevin      Curtis                                                                                                                                                                                       
Kevin      Randall                                                                                                                                                                                      
Kevin      Peter                                                                                                                                                                                        
Steven     Eleni                                                                                                                                                                                        
Eleni      Ellen                                                                                                                                                                                        
Eleni      Jonathon                                                                                                                                                                                     
Eleni      Kimerely                                                                                                                                                                                     
Neena      Jennifer                                                                                                                                                                                     
Steven     Michael                                                                                                                                                                                      
Michael    Pat                                                                                                                                                                                          
Neena      Shelley                                                                                                                                                                                      
Shelley    William                                                                                                                                                                                      

19 rows selected.

SQL> SELECT E.FIRST_NAME MGR_NAME , M.FIRST_NAME EMP_NAME
  2  FROM EMPLOYEES E
  3  JOIN EMPLOYEES M ON E.EMPLOYEE_ID = M.MANAGER_ID;

MGR_NAME   EMP_NAME                                                                                                                                                                                     
---------- ----------                                                                                                                                                                                   
Steven     Neena                                                                                                                                                                                        
Steven     Lex                                                                                                                                                                                          
Lex        Alexander                                                                                                                                                                                    
Alexander  Bruce                                                                                                                                                                                        
Alexander  Diana                                                                                                                                                                                        
Steven     Kevin                                                                                                                                                                                        
Kevin      Trenna                                                                                                                                                                                       
Kevin      Curtis                                                                                                                                                                                       
Kevin      Randall                                                                                                                                                                                      
Kevin      Peter                                                                                                                                                                                        
Steven     Eleni                                                                                                                                                                                        
Eleni      Ellen                                                                                                                                                                                        
Eleni      Jonathon                                                                                                                                                                                     
Eleni      Kimerely                                                                                                                                                                                     
Neena      Jennifer                                                                                                                                                                                     
Steven     Michael                                                                                                                                                                                      
Michael    Pat                                                                                                                                                                                          
Neena      Shelley                                                                                                                                                                                      
Shelley    William                                                                                                                                                                                      

19 rows selected.

SQL> REM FIRST_NAME , DEPARTMENT_NAME : EMPLOYEE AND MANAGER
SQL> 
SQL> SELECT E.FIRST_NAME EMP_NAME , ED.DEPARTMENT_NAME EMP_DNAME
  2  
SQL> SELECT E.FIRST_NAME EMP_NAME , ED.DEPARTMENT_NAME EMP_DNAME ,
  2         M.FIRST_NAME MGR_NAME , MD.DEPARTMENT_NAME MGR_DNAME
  3  FROM EMPLOYEES E
  4  JOIN EMPLOYEES M ON E.MANAGER_ID = M.EMPLOYEE_ID
  5  JOIN DEPARTMENTS ED ON E.DEPARTMENT_ID = ED.DEPARTMENT_ID
  6  JOIN DEPARTMENTS MD ON M.DEPARTMENT_ID = MD.DEPARTMENT_ID;

EMP_NAME   EMP_DNAME                      MGR_NAME   MGR_DNAME                                                                                                                                          
---------- ------------------------------ ---------- ------------------------------                                                                                                                     
Pat        Marketing                      Michael    Marketing                                                                                                                                          
Peter      Shiping                        Kevin      Shiping                                                                                                                                            
Randall    Shiping                        Kevin      Shiping                                                                                                                                            
Curtis     Shiping                        Kevin      Shiping                                                                                                                                            
Trenna     Shiping                        Kevin      Shiping                                                                                                                                            
Diana      IT                             Alexander  IT                                                                                                                                                 
Bruce      IT                             Alexander  IT                                                                                                                                                 
Ellen      Sales                          Eleni      Sales                                                                                                                                              
Jonathon   Sales                          Eleni      Sales                                                                                                                                              
Michael    Marketing                      Steven     Executive                                                                                                                                          
Kevin      Shiping                        Steven     Executive                                                                                                                                          
Eleni      Sales                          Steven     Executive                                                                                                                                          
Lex        Executive                      Steven     Executive                                                                                                                                          
Neena      Executive                      Steven     Executive                                                                                                                                          
Jennifer   Administration                 Neena      Executive                                                                                                                                          
Shelley    Accounting                     Neena      Executive                                                                                                                                          
Alexander  IT                             Lex        Executive                                                                                                                                          
William    Accounting                     Shelley    Accounting                                                                                                                                         

18 rows selected.

SQL> REM FIRST_NAME , DEPARTMENT_NAME : EMPLOYEE AND MANAGER
SQL> 
SQL> REM FIRST_NAME , DEPARTMENT_NAME , CITY : EMPLOYEE AND MANAGER
SQL> 
SQL> SELECT E.FIRST_NAME EMP_NAME , ED.DEPARTMENT_NAME EMP_DNAME , EL.CITY EMP_CITY ,
  2         M.FIRST_NAME MGR_NAME , MD.DEPARTMENT_NAME MGR_DNAME , ML.CITY MGR_CITY
  3  FROM   EMPLOYEES E
  4  JOIN   EMPLOYEES M ON E.MANAGER_ID = M.EMPLOYEE_ID
  5  JOIN   DEPARTMENTS ED ON E.DEPARTMENT_ID = ED.DEPARTMENT_ID
  6  JOIN   LOCATIONS   EL ON ED.LOCATION_ID = EL.LOCATION_ID
  7  JOIN   DEPARTMENTS MD ON M.DEPARTMENT_ID = MD.DEPARTMENT_ID
  8  JOIN   LOCATIONS   ML ON MD.LOCATION_ID = ML.LOCATION_ID;

EMP_NAME   EMP_DNAME                      EMP_CITY                       MGR_NAME   MGR_DNAME                      MGR_CITY                                                                             
---------- ------------------------------ ------------------------------ ---------- ------------------------------ ------------------------------                                                       
Diana      IT                             Southlake                      Alexander  IT                             Southlake                                                                            
Bruce      IT                             Southlake                      Alexander  IT                             Southlake                                                                            
Peter      Shiping                        South San Francisco            Kevin      Shiping                        South San Francisco                                                                  
Randall    Shiping                        South San Francisco            Kevin      Shiping                        South San Francisco                                                                  
Curtis     Shiping                        South San Francisco            Kevin      Shiping                        South San Francisco                                                                  
Trenna     Shiping                        South San Francisco            Kevin      Shiping                        South San Francisco                                                                  
Alexander  IT                             Southlake                      Lex        Executive                      Seattle                                                                              
Kevin      Shiping                        South San Francisco            Steven     Executive                      Seattle                                                                              
Lex        Executive                      Seattle                        Steven     Executive                      Seattle                                                                              
Neena      Executive                      Seattle                        Steven     Executive                      Seattle                                                                              
Jennifer   Administration                 Seattle                        Neena      Executive                      Seattle                                                                              
Shelley    Accounting                     Seattle                        Neena      Executive                      Seattle                                                                              
William    Accounting                     Seattle                        Shelley    Accounting                     Seattle                                                                              
Michael    Marketing                      Toronto                        Steven     Executive                      Seattle                                                                              
Eleni      Sales                          Oxford                         Steven     Executive                      Seattle                                                                              
Pat        Marketing                      Toronto                        Michael    Marketing                      Toronto                                                                              
Ellen      Sales                          Oxford                         Eleni      Sales                          Oxford                                                                               
Jonathon   Sales                          Oxford                         Eleni      Sales                          Oxford                                                                               

18 rows selected.

SQL> SELECT E.FIRST_NAME EMP_NAME , ED.DEPARTMENT_NAME EMP_DNAME , EL.CITY EMP_CITY ,
  2         M.FIRST_NAME MGR_NAME , MD.DEPARTMENT_NAME MGR_DNAME , ML.CITY MGR_CITY
  3  FROM   EMPLOYEES E
  4  JOIN   EMPLOYEES M ON E.MANAGER_ID = M.EMPLOYEE_ID
  5  JOIN   DEPARTMENTS ED ON E.DEPARTMENT_ID = ED.DEPARTMENT_ID
  6  JOIN   DEPARTMENTS MD ON M.DEPARTMENT_ID = MD.DEPARTMENT_ID
  7  JOIN   LOCATIONS   EL ON ED.LOCATION_ID = EL.LOCATION_ID
  8  JOIN   LOCATIONS   ML ON MD.LOCATION_ID = ML.LOCATION_ID;

EMP_NAME   EMP_DNAME                      EMP_CITY                       MGR_NAME   MGR_DNAME                      MGR_CITY                                                                             
---------- ------------------------------ ------------------------------ ---------- ------------------------------ ------------------------------                                                       
Diana      IT                             Southlake                      Alexander  IT                             Southlake                                                                            
Bruce      IT                             Southlake                      Alexander  IT                             Southlake                                                                            
Peter      Shiping                        South San Francisco            Kevin      Shiping                        South San Francisco                                                                  
Randall    Shiping                        South San Francisco            Kevin      Shiping                        South San Francisco                                                                  
Curtis     Shiping                        South San Francisco            Kevin      Shiping                        South San Francisco                                                                  
Trenna     Shiping                        South San Francisco            Kevin      Shiping                        South San Francisco                                                                  
Alexander  IT                             Southlake                      Lex        Executive                      Seattle                                                                              
Kevin      Shiping                        South San Francisco            Steven     Executive                      Seattle                                                                              
Lex        Executive                      Seattle                        Steven     Executive                      Seattle                                                                              
Neena      Executive                      Seattle                        Steven     Executive                      Seattle                                                                              
Jennifer   Administration                 Seattle                        Neena      Executive                      Seattle                                                                              
Shelley    Accounting                     Seattle                        Neena      Executive                      Seattle                                                                              
William    Accounting                     Seattle                        Shelley    Accounting                     Seattle                                                                              
Michael    Marketing                      Toronto                        Steven     Executive                      Seattle                                                                              
Eleni      Sales                          Oxford                         Steven     Executive                      Seattle                                                                              
Pat        Marketing                      Toronto                        Michael    Marketing                      Toronto                                                                              
Ellen      Sales                          Oxford                         Eleni      Sales                          Oxford                                                                               
Jonathon   Sales                          Oxford                         Eleni      Sales                          Oxford                                                                               

18 rows selected.

SQL> REM E ED EDL EDLC EDLCR
SQL> 
SQL> REM FIRST_NAME , DEPARTMENT_NAME , CITY , COUNTRY_NAME : EMPLOYEE AND MANAGER
SQL> 
SQL> SET LINES 1000
SQL> 
SQL> SELECT E.FIRST_NAME EMP_NAME,ED.DEPARTMENT_NAME EMPD_NAME,EL.CITY EMP_CITY,EC.COUNTRY_NAME EMP_COUNTRY
  2  ,M.FIRST_NAME MGR_NAME,MD.DEPARTMENT_NAME MGRD_NAME,ML.CITY MGR_CITY,MC.COUNTRY_NAME MGR_COUNTRY FROM EMPLOYEES E JOIN EMPLOYEES M ON E.MANAGER_ID=M.EMPLOYEE_ID
  3  JOIN DEPARTMENTS ED ON E.DEPARTMENT_ID=ED.DEPARTMENT_ID
  4  JOIN
  5  LOCATIONS EL ON
  6  ED.LOCATION_ID=EL.LOCATION_ID
  7  JOIN
  8  COUNTRIES EC ON
  9  EL.COUNTRY_ID=EC.LOCATION_ID
 10  
SQL> JOIN DEPARTMENTS MD ON M.DEPARTMENT_ID=MD.DEPARTMENT_ID
SP2-0734: unknown command beginning "JOIN DEPAR..." - rest of line ignored.
SQL> JOIN
SP2-0042: unknown command "JOIN" - rest of line ignored.
SQL> LOCATIONS ML ON
SP2-0734: unknown command beginning "LOCATIONS ..." - rest of line ignored.
SQL> MD.LOCATION_ID=ML.LOCATION_ID
SP2-0734: unknown command beginning "MD.LOCATIO..." - rest of line ignored.
SP2-0044: For a list of known commands enter HELP
and to leave enter EXIT.
SQL> JOIN
SP2-0042: unknown command "JOIN" - rest of line ignored.
SQL> COUNTRIES MC ON
SP2-0734: unknown command beginning "COUNTRIES ..." - rest of line ignored.
SQL> ML.COUNTRY_ID=MC.LOCATION_ID
SP2-0734: unknown command beginning "ML.COUNTRY..." - rest of line ignored.
SQL> 
SQL> 
SQL> SELECT E.FIRST_NAME EMP_NAME,ED.DEPARTMENT_NAME EMPD_NAME,EL.CITY EMP_CITY,EC.COUNTRY_NAME EMP_COUNTRY
  2  ,M.FIRST_NAME MGR_NAME,MD.DEPARTMENT_NAME MGRD_NAME,ML.CITY MGR_CITY,MC.COUNTRY_NAME MGR_COUNTRY FROM EMPLOYEES E JOIN EMPLOYEES M ON E.MANAGER_ID=M.EMPLOYEE_ID
  3  JOIN DEPARTMENTS ED ON E.DEPARTMENT_ID=ED.DEPARTMENT_ID
  4  JOIN
  5  LOCATIONS EL ON
  6  ED.LOCATION_ID=EL.LOCATION_ID
  7  JOIN
  8  COUNTRIES EC ON
  9  EL.COUNTRY_ID=EC.LOCATION_ID
 10  JOIN DEPARTMENTS MD ON M.DEPARTMENT_ID=MD.DEPARTMENT_ID
 11  JOIN
 12  LOCATIONS ML ON
 13  MD.LOCATION_ID=ML.LOCATION_ID
 14  JOIN
 15  COUNTRIES MC ON
 16  ML.COUNTRY_ID=MC.LOCATION_ID
 17  ;
EL.COUNTRY_ID=EC.LOCATION_ID
              *
ERROR at line 9:
ORA-00904: "EC"."LOCATION_ID": invalid identifier 


SQL> 
SQL> select e.first_name emp_name , ed.department_name emp_dname , el.city emp_city ,ec.country emp_country ,
  2         m.first_name mgr_name , md.department_name mgr_dname ,  ml.city emp_city,mc.country mgr_country
  3  from employees e
  4  join employees m on e.manager_id = m.employee_id
  5  join departments ed on e.department_id=ed.department_id
  6  join locations el on ed.location_id=el.location_id
  7  join countries ec on el.country_id=ec.country_id
  8  join departments md on m.department_id=md.department_id
  9  join locations ml on md.location_id=ml.location_id
 10  join countries mc on ml.country_id=mc.country_id;
       m.first_name mgr_name , md.department_name mgr_dname ,  ml.city emp_city,mc.country mgr_country
                                                                                *
ERROR at line 2:
ORA-00904: "MC"."COUNTRY": invalid identifier 


SQL> select e.first_name emp_name , ed.department_name emp_dname , el.city emp_city ,ec.country_NAME emp_country ,
  2         m.first_name mgr_name , md.department_name mgr_dname ,  ml.city emp_city,mc.country_NAME mgr_country
  3  from employees e
  4  join employees m on e.manager_id = m.employee_id
  5  join departments ed on e.department_id=ed.department_id
  6  join locations el on ed.location_id=el.location_id
  7  join countries ec on el.country_id=ec.country_id
  8  join departments md on m.department_id=md.department_id
  9  join locations ml on md.location_id=ml.location_id
 10  join countries mc on ml.country_id=mc.country_id;

EMP_NAME   EMP_DNAME                      EMP_CITY                       EMP_COUNTRY                              MGR_NAME   MGR_DNAME                      EMP_CITY                       MGR_COUNTRY                                                                                                                                                                                                                                                                                                                                                                                                                                                                                                                                                                                                                                                                                                                                                                                                                                  
---------- ------------------------------ ------------------------------ ---------------------------------------- ---------- ------------------------------ ------------------------------ ----------------------------------------                                                                                                                                                                                                                                                                                                                                                                                                                                                                                                                                                                                                                                                                                                                                                                                                     
Michael    Marketing                      Toronto                        Canada                                   Steven     Executive                      Seattle                        United States of America                                                                                                                                                                                                                                                                                                                                                                                                                                                                                                                                                                                                                                                                                                                                                                                                                     
Pat        Marketing                      Toronto                        Canada                                   Michael    Marketing                      Toronto                        Canada                                                                                                                                                                                                                                                                                                                                                                                                                                                                                                                                                                                                                                                                                                                                                                                                                                       
Eleni      Sales                          Oxford                         United Kingdom                           Steven     Executive                      Seattle                        United States of America                                                                                                                                                                                                                                                                                                                                                                                                                                                                                                                                                                                                                                                                                                                                                                                                                     
Ellen      Sales                          Oxford                         United Kingdom                           Eleni      Sales                          Oxford                         United Kingdom                                                                                                                                                                                                                                                                                                                                                                                                                                                                                                                                                                                                                                                                                                                                                                                                                               
Jonathon   Sales                          Oxford                         United Kingdom                           Eleni      Sales                          Oxford                         United Kingdom                                                                                                                                                                                                                                                                                                                                                                                                                                                                                                                                                                                                                                                                                                                                                                                                                               
Alexander  IT                             Southlake                      United States of America                 Lex        Executive                      Seattle                        United States of America                                                                                                                                                                                                                                                                                                                                                                                                                                                                                                                                                                                                                                                                                                                                                                                                                     
Bruce      IT                             Southlake                      United States of America                 Alexander  IT                             Southlake                      United States of America                                                                                                                                                                                                                                                                                                                                                                                                                                                                                                                                                                                                                                                                                                                                                                                                                     
Diana      IT                             Southlake                      United States of America                 Alexander  IT                             Southlake                      United States of America                                                                                                                                                                                                                                                                                                                                                                                                                                                                                                                                                                                                                                                                                                                                                                                                                     
Kevin      Shiping                        South San Francisco            United States of America                 Steven     Executive                      Seattle                        United States of America                                                                                                                                                                                                                                                                                                                                                                                                                                                                                                                                                                                                                                                                                                                                                                                                                     
Trenna     Shiping                        South San Francisco            United States of America                 Kevin      Shiping                        South San Francisco            United States of America                                                                                                                                                                                                                                                                                                                                                                                                                                                                                                                                                                                                                                                                                                                                                                                                                     
Curtis     Shiping                        South San Francisco            United States of America                 Kevin      Shiping                        South San Francisco            United States of America                                                                                                                                                                                                                                                                                                                                                                                                                                                                                                                                                                                                                                                                                                                                                                                                                     
Randall    Shiping                        South San Francisco            United States of America                 Kevin      Shiping                        South San Francisco            United States of America                                                                                                                                                                                                                                                                                                                                                                                                                                                                                                                                                                                                                                                                                                                                                                                                                     
Peter      Shiping                        South San Francisco            United States of America                 Kevin      Shiping                        South San Francisco            United States of America                                                                                                                                                                                                                                                                                                                                                                                                                                                                                                                                                                                                                                                                                                                                                                                                                     
Jennifer   Administration                 Seattle                        United States of America                 Neena      Executive                      Seattle                        United States of America                                                                                                                                                                                                                                                                                                                                                                                                                                                                                                                                                                                                                                                                                                                                                                                                                     
Neena      Executive                      Seattle                        United States of America                 Steven     Executive                      Seattle                        United States of America                                                                                                                                                                                                                                                                                                                                                                                                                                                                                                                                                                                                                                                                                                                                                                                                                     
Lex        Executive                      Seattle                        United States of America                 Steven     Executive                      Seattle                        United States of America                                                                                                                                                                                                                                                                                                                                                                                                                                                                                                                                                                                                                                                                                                                                                                                                                     
Shelley    Accounting                     Seattle                        United States of America                 Neena      Executive                      Seattle                        United States of America                                                                                                                                                                                                                                                                                                                                                                                                                                                                                                                                                                                                                                                                                                                                                                                                                     
William    Accounting                     Seattle                        United States of America                 Shelley    Accounting                     Seattle                        United States of America                                                                                                                                                                                                                                                                                                                                                                                                                                                                                                                                                                                                                                                                                                                                                                                                                     

18 rows selected.

SQL> REM REGION_NAME , CITY , DEPARTMENT_NAME , FIRST_NAME , COUNTRY_NAME : EMPLOYEE AND MANAGER
SQL> 
SQL> SELECT ER.REGION_NAME EMP_REGION,EL.CITY EMP_CITY,ED.DEPARTMENT_NAME EMP_DNAME,E.FIRST_NAME EMP_NAME,EC.COUNTRY_NAME EMP_COUNTRY
  2  MR.REGION_NAME MGR_REGION,ML.CITY MGR_CITY,MD.DEPARTMENT_NAME MGR_DNAME,M.FIRST_NAME MGR_NAME,MC.COUNTRY_NAME MGR_COUNTRY
  3  FROM EMPLOYEES E
  4  JOIN DEPARTMENTS ED ON E.DEPARTMENT_ID=ED.DEPARTMENT_ID
  5  JOIN LOCATIONS EL ON ED.LOCATION_ID=EL.LOCATION_ID
  6  JOIN COUNTRIES EC ON EL.COUNTRY_ID=EC.COUNTRTY_ID
  7  JOIN REGION ER ON EC.REGION_ID=ER.REGION_ID
  8  JOIN EMPLOYEES M
  9  JOIN DEPARTMENTS MD ON M.DEPARTMENT_ID=MD.DEPARTMENT_ID
 10  JOIN LOCATIONS ML ON MD.LOCATION_ID=ML.LOCATION_ID
 11  JOIN COUNTRIES MC ON ML.COUNTRY_ID=MC.COUNTRTY_ID
 12  JOIN REGION MR ON MC.REGION_ID=MR.REGION_ID;
MR.REGION_NAME MGR_REGION,ML.CITY MGR_CITY,MD.DEPARTMENT_NAME MGR_DNAME,M.FIRST_NAME MGR_NAME,MC.COUNTRY_NAME MGR_COUNTRY
*
ERROR at line 2:
ORA-00923: FROM keyword not found where expected 


SQL> SELECT ER.REGION_NAME EMP_REGION,EL.CITY EMP_CITY,ED.DEPARTMENT_NAME EMP_DNAME,E.FIRST_NAME EMP_NAME,EC.COUNTRY_NAME EMP_COUNTRY,
  2  MR.REGION_NAME MGR_REGION,ML.CITY MGR_CITY,MD.DEPARTMENT_NAME MGR_DNAME,M.FIRST_NAME MGR_NAME,MC.COUNTRY_NAME MGR_COUNTRY
  3  FROM EMPLOYEES E
  4  JOIN DEPARTMENTS ED ON E.DEPARTMENT_ID=ED.DEPARTMENT_ID
  5  JOIN LOCATIONS EL ON ED.LOCATION_ID=EL.LOCATION_ID
  6  JOIN COUNTRIES EC ON EL.COUNTRY_ID=EC.COUNTRTY_ID
  7  JOIN REGION ER ON EC.REGION_ID=ER.REGION_ID
  8  JOIN EMPLOYEES M
  9  JOIN DEPARTMENTS MD ON M.DEPARTMENT_ID=MD.DEPARTMENT_ID
 10  JOIN LOCATIONS ML ON MD.LOCATION_ID=ML.LOCATION_ID
 11  JOIN COUNTRIES MC ON ML.COUNTRY_ID=MC.COUNTRTY_ID
 12  JOIN REGION MR ON MC.REGION_ID=MR.REGION_ID;
JOIN REGION MR ON MC.REGION_ID=MR.REGION_ID
                                          *
ERROR at line 12:
ORA-00905: missing keyword 


SQL> SELECT ER.REGION_NAME EMP_REGION,EL.CITY EMP_CITY,ED.DEPARTMENT_NAME EMP_DNAME,E.FIRST_NAME EMP_NAME,EC.COUNTRY_NAME EMP_COUNTRY,
  2  MR.REGION_NAME MGR_REGION,ML.CITY MGR_CITY,MD.DEPARTMENT_NAME MGR_DNAME,M.FIRST_NAME MGR_NAME,MC.COUNTRY_NAME MGR_COUNTRY
  3  FROM EMPLOYEES E
  4  JOIN DEPARTMENTS ED ON E.DEPARTMENT_ID=ED.DEPARTMENT_ID
  5  JOIN LOCATIONS EL ON ED.LOCATION_ID=EL.LOCATION_ID
  6  JOIN COUNTRIES EC ON EL.COUNTRY_ID=EC.COUNTRTY_ID
  7  JOIN REGION ER ON EC.REGION_ID=ER.REGION_ID
  8  JOIN EMPLOYEES M ON E.MANAGER_ID = M.EMPLOYEE_ID
  9  JOIN DEPARTMENTS MD ON M.DEPARTMENT_ID=MD.DEPARTMENT_ID
 10  JOIN LOCATIONS ML ON MD.LOCATION_ID=ML.LOCATION_ID
 11  JOIN COUNTRIES MC ON ML.COUNTRY_ID=MC.COUNTRTY_ID
 12  JOIN REGION MR ON MC.REGION_ID=MR.REGION_ID;
JOIN REGION MR ON MC.REGION_ID=MR.REGION_ID
     *
ERROR at line 12:
ORA-00942: table or view does not exist 


SQL> SELECT ER.REGION_NAME EMP_REGION,EL.CITY EMP_CITY,ED.DEPARTMENT_NAME EMP_DNAME,E.FIRST_NAME EMP_NAME,EC.COUNTRY_NAME EMP_COUNTRY,
  2  MR.REGION_NAME MGR_REGION,ML.CITY MGR_CITY,MD.DEPARTMENT_NAME MGR_DNAME,M.FIRST_NAME MGR_NAME,MC.COUNTRY_NAME MGR_COUNTRY
  3  FROM EMPLOYEES E
  4  JOIN DEPARTMENTS ED ON E.DEPARTMENT_ID=ED.DEPARTMENT_ID
  5  JOIN LOCATIONS EL ON ED.LOCATION_ID=EL.LOCATION_ID
  6  JOIN COUNTRIES EC ON EL.COUNTRY_ID=EC.COUNTRTY_ID
  7  JOIN REGION ER ON EC.REGION_ID=ER.REGION_ID
  8  JOIN EMPLOYEES M ON E.MANAGER_ID = M.EMPLOYEE_ID
  9  JOIN DEPARTMENTS MD ON M.DEPARTMENT_ID=MD.DEPARTMENT_ID
 10  JOIN LOCATIONS ML ON MD.LOCATION_ID=ML.LOCATION_ID
 11  JOIN COUNTRIES MC ON ML.COUNTRY_ID=MC.COUNTRTY_ID
 12  JOIN REGIONS MR ON MC.REGION_ID=MR.REGION_ID
 13  
SQL> 
SQL> SELECT ER.REGION_NAME EMP_REGION,EL.CITY EMP_CITY,ED.DEPARTMENT_NAME EMP_DNAME,E.FIRST_NAME EMP_NAME,EC.COUNTRY_NAME EMP_COUNTRY,
  2  MR.REGION_NAME MGR_REGION,ML.CITY MGR_CITY,MD.DEPARTMENT_NAME MGR_DNAME,M.FIRST_NAME MGR_NAME,MC.COUNTRY_NAME MGR_COUNTRY
  3  FROM EMPLOYEES E
  4  JOIN DEPARTMENTS ED ON E.DEPARTMENT_ID=ED.DEPARTMENT_ID
  5  JOIN LOCATIONS EL ON ED.LOCATION_ID=EL.LOCATION_ID
  6  JOIN COUNTRIES EC ON EL.COUNTRY_ID=EC.COUNTRTY_ID
  7  JOIN REGIONS ER ON EC.REGION_ID=ER.REGION_ID
  8  JOIN EMPLOYEES M ON E.MANAGER_ID = M.EMPLOYEE_ID
  9  JOIN DEPARTMENTS MD ON M.DEPARTMENT_ID=MD.DEPARTMENT_ID
 10  JOIN LOCATIONS ML ON MD.LOCATION_ID=ML.LOCATION_ID
 11  JOIN COUNTRIES MC ON ML.COUNTRY_ID=MC.COUNTRTY_ID
 12  JOIN REGIONS MR ON MC.REGION_ID=MR.REGION_ID
 13  ;
JOIN COUNTRIES EC ON EL.COUNTRY_ID=EC.COUNTRTY_ID
                                   *
ERROR at line 6:
ORA-00904: "EC"."COUNTRTY_ID": invalid identifier 


SQL> SELECT ER.REGION_NAME EMP_REGION,EL.CITY EMP_CITY,ED.DEPARTMENT_NAME EMP_DNAME,E.FIRST_NAME EMP_NAME,EC.COUNTRY_NAME EMP_COUNTRY,
  2  MR.REGION_NAME MGR_REGION,ML.CITY MGR_CITY,MD.DEPARTMENT_NAME MGR_DNAME,M.FIRST_NAME MGR_NAME,MC.COUNTRY_NAME MGR_COUNTRY
  3  FROM EMPLOYEES E
  4  JOIN DEPARTMENTS ED ON E.DEPARTMENT_ID=ED.DEPARTMENT_ID
  5  JOIN LOCATIONS EL ON ED.LOCATION_ID=EL.LOCATION_ID
  6  JOIN COUNTRIES EC ON EL.COUNTRY_ID=EC.COUNTRY_ID
  7  JOIN REGIONS ER ON EC.REGION_ID=ER.REGION_ID
  8  JOIN EMPLOYEES M ON E.MANAGER_ID = M.EMPLOYEE_ID
  9  JOIN DEPARTMENTS MD ON M.DEPARTMENT_ID=MD.DEPARTMENT_ID
 10  JOIN LOCATIONS ML ON MD.LOCATION_ID=ML.LOCATION_ID
 11  JOIN COUNTRIES MC ON ML.COUNTRY_ID=MC.COUNTRTY_ID
 12  JOIN REGIONS MR ON MC.REGION_ID=MR.REGION_ID;
JOIN COUNTRIES MC ON ML.COUNTRY_ID=MC.COUNTRTY_ID
                                   *
ERROR at line 11:
ORA-00904: "MC"."COUNTRTY_ID": invalid identifier 


SQL> SELECT ER.REGION_NAME EMP_REGION,EL.CITY EMP_CITY,ED.DEPARTMENT_NAME EMP_DNAME,E.FIRST_NAME EMP_NAME,EC.COUNTRY_NAME EMP_COUNTRY,
  2  MR.REGION_NAME MGR_REGION,ML.CITY MGR_CITY,MD.DEPARTMENT_NAME MGR_DNAME,M.FIRST_NAME MGR_NAME,MC.COUNTRY_NAME MGR_COUNTRY
  3  FROM EMPLOYEES E
  4  JOIN DEPARTMENTS ED ON E.DEPARTMENT_ID=ED.DEPARTMENT_ID
  5  JOIN LOCATIONS EL ON ED.LOCATION_ID=EL.LOCATION_ID
  6  JOIN COUNTRIES EC ON EL.COUNTRY_ID=EC.COUNTRY_ID
  7  JOIN REGIONS ER ON EC.REGION_ID=ER.REGION_ID
  8  JOIN EMPLOYEES M ON E.MANAGER_ID = M.EMPLOYEE_ID
  9  JOIN DEPARTMENTS MD ON M.DEPARTMENT_ID=MD.DEPARTMENT_ID
 10  JOIN LOCATIONS ML ON MD.LOCATION_ID=ML.LOCATION_ID
 11  JOIN COUNTRIES MC ON ML.COUNTRY_ID=MC.COUNTRTY_ID
 12  
SQL> 
SQL> SELECT ER.REGION_NAME EMP_REGION,EL.CITY EMP_CITY,ED.DEPARTMENT_NAME EMP_DNAME,E.FIRST_NAME EMP_NAME,EC.COUNTRY_NAME EMP_COUNTRY,
  2  MR.REGION_NAME MGR_REGION,ML.CITY MGR_CITY,MD.DEPARTMENT_NAME MGR_DNAME,M.FIRST_NAME MGR_NAME,MC.COUNTRY_NAME MGR_COUNTRY
  3  FROM EMPLOYEES E
  4  JOIN DEPARTMENTS ED ON E.DEPARTMENT_ID=ED.DEPARTMENT_ID
  5  JOIN LOCATIONS EL ON ED.LOCATION_ID=EL.LOCATION_ID
  6  JOIN COUNTRIES EC ON EL.COUNTRY_ID=EC.COUNTRY_ID
  7  JOIN REGIONS ER ON EC.REGION_ID=ER.REGION_ID
  8  JOIN EMPLOYEES M ON E.MANAGER_ID = M.EMPLOYEE_ID
  9  JOIN DEPARTMENTS MD ON M.DEPARTMENT_ID=MD.DEPARTMENT_ID
 10  JOIN LOCATIONS ML ON MD.LOCATION_ID=ML.LOCATION_ID
 11  JOIN COUNTRIES MC ON ML.COUNTRY_ID=MC.COUNTRY_ID
 12  JOIN REGIONS MR ON MC.REGION_ID=MR.REGION_ID;

EMP_REGION                EMP_CITY                       EMP_DNAME                      EMP_NAME   EMP_COUNTRY                              MGR_REGION                MGR_CITY                       MGR_DNAME                      MGR_NAME   MGR_COUNTRY                                                                                                                                                                                                                                                                                                                                                                                                                                                                                                                                                                                                                                                                                                                                                                              
------------------------- ------------------------------ ------------------------------ ---------- ---------------------------------------- ------------------------- ------------------------------ ------------------------------ ---------- ----------------------------------------                                                                                                                                                                                                                                                                                                                                                                                                                                                                                                                                                                                                                                                                                                                                                 
Europe                    Oxford                         Sales                          Eleni      United Kingdom                           AMERICAS                  Seattle                        Executive                      Steven     United States of America                                                                                                                                                                                                                                                                                                                                                                                                                                                                                                                                                                                                                                                                                                                                                                 
Europe                    Oxford                         Sales                          Ellen      United Kingdom                           Europe                    Oxford                         Sales                          Eleni      United Kingdom                                                                                                                                                                                                                                                                                                                                                                                                                                                                                                                                                                                                                                                                                                                                                                           
Europe                    Oxford                         Sales                          Jonathon   United Kingdom                           Europe                    Oxford                         Sales                          Eleni      United Kingdom                                                                                                                                                                                                                                                                                                                                                                                                                                                                                                                                                                                                                                                                                                                                                                           
AMERICAS                  Toronto                        Marketing                      Michael    Canada                                   AMERICAS                  Seattle                        Executive                      Steven     United States of America                                                                                                                                                                                                                                                                                                                                                                                                                                                                                                                                                                                                                                                                                                                                                                 
AMERICAS                  Toronto                        Marketing                      Pat        Canada                                   AMERICAS                  Toronto                        Marketing                      Michael    Canada                                                                                                                                                                                                                                                                                                                                                                                                                                                                                                                                                                                                                                                                                                                                                                                   
AMERICAS                  Southlake                      IT                             Alexander  United States of America                 AMERICAS                  Seattle                        Executive                      Lex        United States of America                                                                                                                                                                                                                                                                                                                                                                                                                                                                                                                                                                                                                                                                                                                                                                 
AMERICAS                  Southlake                      IT                             Bruce      United States of America                 AMERICAS                  Southlake                      IT                             Alexander  United States of America                                                                                                                                                                                                                                                                                                                                                                                                                                                                                                                                                                                                                                                                                                                                                                 
AMERICAS                  Southlake                      IT                             Diana      United States of America                 AMERICAS                  Southlake                      IT                             Alexander  United States of America                                                                                                                                                                                                                                                                                                                                                                                                                                                                                                                                                                                                                                                                                                                                                                 
AMERICAS                  South San Francisco            Shiping                        Kevin      United States of America                 AMERICAS                  Seattle                        Executive                      Steven     United States of America                                                                                                                                                                                                                                                                                                                                                                                                                                                                                                                                                                                                                                                                                                                                                                 
AMERICAS                  South San Francisco            Shiping                        Trenna     United States of America                 AMERICAS                  South San Francisco            Shiping                        Kevin      United States of America                                                                                                                                                                                                                                                                                                                                                                                                                                                                                                                                                                                                                                                                                                                                                                 
AMERICAS                  South San Francisco            Shiping                        Curtis     United States of America                 AMERICAS                  South San Francisco            Shiping                        Kevin      United States of America                                                                                                                                                                                                                                                                                                                                                                                                                                                                                                                                                                                                                                                                                                                                                                 
AMERICAS                  South San Francisco            Shiping                        Randall    United States of America                 AMERICAS                  South San Francisco            Shiping                        Kevin      United States of America                                                                                                                                                                                                                                                                                                                                                                                                                                                                                                                                                                                                                                                                                                                                                                 
AMERICAS                  South San Francisco            Shiping                        Peter      United States of America                 AMERICAS                  South San Francisco            Shiping                        Kevin      United States of America                                                                                                                                                                                                                                                                                                                                                                                                                                                                                                                                                                                                                                                                                                                                                                 
AMERICAS                  Seattle                        Administration                 Jennifer   United States of America                 AMERICAS                  Seattle                        Executive                      Neena      United States of America                                                                                                                                                                                                                                                                                                                                                                                                                                                                                                                                                                                                                                                                                                                                                                 
AMERICAS                  Seattle                        Executive                      Neena      United States of America                 AMERICAS                  Seattle                        Executive                      Steven     United States of America                                                                                                                                                                                                                                                                                                                                                                                                                                                                                                                                                                                                                                                                                                                                                                 
AMERICAS                  Seattle                        Executive                      Lex        United States of America                 AMERICAS                  Seattle                        Executive                      Steven     United States of America                                                                                                                                                                                                                                                                                                                                                                                                                                                                                                                                                                                                                                                                                                                                                                 
AMERICAS                  Seattle                        Accounting                     Shelley    United States of America                 AMERICAS                  Seattle                        Executive                      Neena      United States of America                                                                                                                                                                                                                                                                                                                                                                                                                                                                                                                                                                                                                                                                                                                                                                 
AMERICAS                  Seattle                        Accounting                     William    United States of America                 AMERICAS                  Seattle                        Accounting                     Shelley    United States of America                                                                                                                                                                                                                                                                                                                                                                                                                                                                                                                                                                                                                                                                                                                                                                 

18 rows selected.

SQL> REM REGION_NAME , CITY , DEPARTMENT_NAME , FIRST_NAME , COUNTRY_NAME , JOB_TITLE  : EMPLOYEE AND MANAGER
SQL> 
SQL> REM REGION_NAME , CITY , DEPARTMENT_NAME , FIRST_NAME , COUNTRY_NAME , JOB_TITLE  , SALARY , GRADE_LEVEL : EMPLOYEE AND MANAGER
SQL> 
SQL> SPOOL OFF
