SQL> 
SQL> CL SCR

SQL> SELECT MAX(SALARY) FROM EMPLOYEES;

MAX(SALARY)                                                                     
-----------                                                                     
      24000                                                                     

SQL> SELECT MAX(SALARY) FROM EMPLOYEES WHERE DEPARTMENT_ID = 20;

MAX(SALARY)                                                                     
-----------                                                                     
      13000                                                                     

SQL> SELECT MAX(SALARY) FROM EMPLOYEES WHERE DEPARTMENT_ID = 50;

MAX(SALARY)                                                                     
-----------                                                                     
       5800                                                                     

SQL> SELECT MAX(SALARY) FROM EMPLOYEES WHERE DEPARTMENT_ID = 80;

MAX(SALARY)                                                                     
-----------                                                                     
      11000                                                                     

SQL> REM DEPARTMENT_ID   MAX(SALARY)
SQL> 
SQL> REM            10        4400
SQL> REM            20       13000
SQL> 
SQL> 
SQL> 
SQL> 
SQL> SELECT DEPARTMENT_ID , MAX(SALARY) FROM EMPLOYEES;
SELECT DEPARTMENT_ID , MAX(SALARY) FROM EMPLOYEES
       *
ERROR at line 1:
ORA-00937: not a single-group group function 


SQL> SELECT DEPARTMENT_ID , SALARY FROM EMPLOYEES;

DEPARTMENT_ID     SALARY                                                        
------------- ----------                                                        
           90      24000                                                        
           90      17000                                                        
           90      17000                                                        
           60       9000                                                        
           60       6000                                                        
           60       4200                                                        
           50       5800                                                        
           50       3500                                                        
           50       3100                                                        
           50       2600                                                        
           50       2500                                                        

DEPARTMENT_ID     SALARY                                                        
------------- ----------                                                        
           80      10500                                                        
           80      11000                                                        
           80       8600                                                        
                    7000                                                        
           10       4400                                                        
           20      13000                                                        
           20       6000                                                        
          110      12000                                                        
          110       8300                                                        

20 rows selected.

SQL> SET LINEE 200 PAGES 24
SP2-0158: unknown SET option "LINEE"
SQL> 
SQL> SET LINES 200 PAGES 24
SQL> 
SQL> 
SQL> SELECT DEPARTMENT_ID , SALARY FROM EMPLOYEES;

DEPARTMENT_ID     SALARY                                                                                                                                                                                
------------- ----------                                                                                                                                                                                
           90      24000                                                                                                                                                                                
           90      17000                                                                                                                                                                                
           90      17000                                                                                                                                                                                
           60       9000                                                                                                                                                                                
           60       6000                                                                                                                                                                                
           60       4200                                                                                                                                                                                
           50       5800                                                                                                                                                                                
           50       3500                                                                                                                                                                                
           50       3100                                                                                                                                                                                
           50       2600                                                                                                                                                                                
           50       2500                                                                                                                                                                                
           80      10500                                                                                                                                                                                
           80      11000                                                                                                                                                                                
           80       8600                                                                                                                                                                                
                    7000                                                                                                                                                                                
           10       4400                                                                                                                                                                                
           20      13000                                                                                                                                                                                
           20       6000                                                                                                                                                                                
          110      12000                                                                                                                                                                                
          110       8300                                                                                                                                                                                

20 rows selected.

SQL> SELECT DEPARTMENT_ID , SALARY FROM EMPLOYEES ORDER BY 1;

DEPARTMENT_ID     SALARY                                                                                                                                                                                
------------- ----------                                                                                                                                                                                
           10       4400                                                                                                                                                                                
           20      13000                                                                                                                                                                                
           20       6000                                                                                                                                                                                
           50       5800                                                                                                                                                                                
           50       2500                                                                                                                                                                                
           50       2600                                                                                                                                                                                
           50       3100                                                                                                                                                                                
           50       3500                                                                                                                                                                                
           60       4200                                                                                                                                                                                
           60       6000                                                                                                                                                                                
           60       9000                                                                                                                                                                                
           80      11000                                                                                                                                                                                
           80      10500                                                                                                                                                                                
           80       8600                                                                                                                                                                                
           90      17000                                                                                                                                                                                
           90      24000                                                                                                                                                                                
           90      17000                                                                                                                                                                                
          110       8300                                                                                                                                                                                
          110      12000                                                                                                                                                                                
                    7000                                                                                                                                                                                

20 rows selected.

SQL> SELECT DEPARTMENT_ID , MAX(SALARY) FROM EMPLOYEES;
SELECT DEPARTMENT_ID , MAX(SALARY) FROM EMPLOYEES
       *
ERROR at line 1:
ORA-00937: not a single-group group function 


SQL> REM SUMMARY ITEMS/FUNCTIONS : MIN MAX COUNT SUM AVG
SQL> 
SQL> REM SELECT ... FROM ... WHERE ... GROUP BY / HAVING ... ORDER BY ... OFFSET ... FETCH ...;
SQL> 
SQL> SELECT DEPARTMENT_ID , SALARY FROM EMPLOYEES ORDER BY 1;

DEPARTMENT_ID     SALARY                                                                                                                                                                                
------------- ----------                                                                                                                                                                                
           10       4400                                                                                                                                                                                
           20      13000                                                                                                                                                                                
           20       6000                                                                                                                                                                                
           50       5800                                                                                                                                                                                
           50       2500                                                                                                                                                                                
           50       2600                                                                                                                                                                                
           50       3100                                                                                                                                                                                
           50       3500                                                                                                                                                                                
           60       4200                                                                                                                                                                                
           60       6000                                                                                                                                                                                
           60       9000                                                                                                                                                                                
           80      11000                                                                                                                                                                                
           80      10500                                                                                                                                                                                
           80       8600                                                                                                                                                                                
           90      17000                                                                                                                                                                                
           90      24000                                                                                                                                                                                
           90      17000                                                                                                                                                                                
          110       8300                                                                                                                                                                                
          110      12000                                                                                                                                                                                
                    7000                                                                                                                                                                                

20 rows selected.

SQL> REM GROUP BY : 1 FINDS DISTING VALUES OF GROUP BY COLUMN 2 WILL SEPARATE ROWS AND PUT UNDER SPECIFIC GROUP 3 WILL GENERATE SUMMARY FOR EACH GROUP
SQL> 
SQL> SELECT DEPARTMENT_ID , MAX(SALARY) FROM EMPLOYEES;
SELECT DEPARTMENT_ID , MAX(SALARY) FROM EMPLOYEES
       *
ERROR at line 1:
ORA-00937: not a single-group group function 


SQL> SELECT DEPARTMENT_ID , MAX(SALARY) FROM EMPLOYEES GROUP BY DEPARTMENT_ID;

DEPARTMENT_ID MAX(SALARY)                                                                                                                                                                               
------------- -----------                                                                                                                                                                               
                     7000                                                                                                                                                                               
           90       24000                                                                                                                                                                               
           20       13000                                                                                                                                                                               
          110       12000                                                                                                                                                                               
           50        5800                                                                                                                                                                               
           80       11000                                                                                                                                                                               
           60        9000                                                                                                                                                                               
           10        4400                                                                                                                                                                               

8 rows selected.

SQL> SELECT DEPARTMENT_ID , MAX(SALARY) FROM EMPLOYEES GROUP BY DEPARTMENT_ID ORDER BY 1;

DEPARTMENT_ID MAX(SALARY)                                                                                                                                                                               
------------- -----------                                                                                                                                                                               
           10        4400                                                                                                                                                                               
           20       13000                                                                                                                                                                               
           50        5800                                                                                                                                                                               
           60        9000                                                                                                                                                                               
           80       11000                                                                                                                                                                               
           90       24000                                                                                                                                                                               
          110       12000                                                                                                                                                                               
                     7000                                                                                                                                                                               

8 rows selected.

SQL> SELECT DEPARTMENT_ID , SALARY FROM EMPLOYEES ORDER BY 1;

DEPARTMENT_ID     SALARY                                                                                                                                                                                
------------- ----------                                                                                                                                                                                
           10       4400                                                                                                                                                                                
           20      13000                                                                                                                                                                                
           20       6000                                                                                                                                                                                
           50       5800                                                                                                                                                                                
           50       2500                                                                                                                                                                                
           50       2600                                                                                                                                                                                
           50       3100                                                                                                                                                                                
           50       3500                                                                                                                                                                                
           60       4200                                                                                                                                                                                
           60       6000                                                                                                                                                                                
           60       9000                                                                                                                                                                                
           80      11000                                                                                                                                                                                
           80      10500                                                                                                                                                                                
           80       8600                                                                                                                                                                                
           90      17000                                                                                                                                                                                
           90      24000                                                                                                                                                                                
           90      17000                                                                                                                                                                                
          110       8300                                                                                                                                                                                
          110      12000                                                                                                                                                                                
                    7000                                                                                                                                                                                

20 rows selected.

SQL> REM WHEN WE USE SUMMARY WITH NON-SUMMARY ITEMS, ALL NON-SUMMARY ITEMS MUST BE PART OF GROUP BY CLAUSE.
SQL> 
SQL> SELECT MAX(SALARY) FROM EMPLOYEES GROUP BY DEPARTMENT_ID ORDER BY 1;

MAX(SALARY)                                                                                                                                                                                             
-----------                                                                                                                                                                                             
       4400                                                                                                                                                                                             
       5800                                                                                                                                                                                             
       7000                                                                                                                                                                                             
       9000                                                                                                                                                                                             
      11000                                                                                                                                                                                             
      12000                                                                                                                                                                                             
      13000                                                                                                                                                                                             
      24000                                                                                                                                                                                             

8 rows selected.

SQL> SELECT JOB_ID , MIN(SALARY) FROM EMPLOYEES GROUP BY DEPARTMENT_ID;
SELECT JOB_ID , MIN(SALARY) FROM EMPLOYEES GROUP BY DEPARTMENT_ID
       *
ERROR at line 1:
ORA-00979: not a GROUP BY expression 


SQL> SELECT MAX(SALARY) , MIN(SALARY) , SALARY FROM EMPLOYEES;
SELECT MAX(SALARY) , MIN(SALARY) , SALARY FROM EMPLOYEES
                                   *
ERROR at line 1:
ORA-00937: not a single-group group function 


SQL> REM DISPLAY JOB_ID WISE HIGHEST SALARY
SQL> 
SQL> SELECT JOB_ID , MAX(SALARY) FROM EMPLOYEES GROUP BY JOB_ID ORDER BY 1;

JOB_ID     MAX(SALARY)                                                                                                                                                                                  
---------- -----------                                                                                                                                                                                  
AC_ACCOUNT        8300                                                                                                                                                                                  
AC_MGR           12000                                                                                                                                                                                  
AD_ASST           4400                                                                                                                                                                                  
AD_PRES          24000                                                                                                                                                                                  
AD_VP            17000                                                                                                                                                                                  
IT_PROG           9000                                                                                                                                                                                  
MK_MAN           13000                                                                                                                                                                                  
MK_REP            6000                                                                                                                                                                                  
SA_MAN           10500                                                                                                                                                                                  
SA_REP           11000                                                                                                                                                                                  
ST_CLERK          3500                                                                                                                                                                                  
ST_MAN            5800                                                                                                                                                                                  

12 rows selected.

SQL> SELECT JOB_ID , MAX(SALARY) FROM EMPLOYEES GROUP BY JOB_ID ORDER BY 2 DESC;

JOB_ID     MAX(SALARY)                                                                                                                                                                                  
---------- -----------                                                                                                                                                                                  
AD_PRES          24000                                                                                                                                                                                  
AD_VP            17000                                                                                                                                                                                  
MK_MAN           13000                                                                                                                                                                                  
AC_MGR           12000                                                                                                                                                                                  
SA_REP           11000                                                                                                                                                                                  
SA_MAN           10500                                                                                                                                                                                  
IT_PROG           9000                                                                                                                                                                                  
AC_ACCOUNT        8300                                                                                                                                                                                  
MK_REP            6000                                                                                                                                                                                  
ST_MAN            5800                                                                                                                                                                                  
AD_ASST           4400                                                                                                                                                                                  
ST_CLERK          3500                                                                                                                                                                                  

12 rows selected.

SQL> REM DISPLAY MANAGER_ID WISE AVERAGE SALARY
SQL> 
SQL> SELECT MANAGER_ID , AVG(SALARY) FROM EMPLOYEES GROUP BY MANAGER_ID ORDER BY 1;

MANAGER_ID AVG(SALARY)                                                                                                                                                                                  
---------- -----------                                                                                                                                                                                  
       100       12660                                                                                                                                                                                  
       101        8200                                                                                                                                                                                  
       102        9000                                                                                                                                                                                  
       103        5100                                                                                                                                                                                  
       124        2925                                                                                                                                                                                  
       149  8866.66667                                                                                                                                                                                  
       201        6000                                                                                                                                                                                  
       205        8300                                                                                                                                                                                  
                 24000                                                                                                                                                                                  

9 rows selected.

SQL> SELECT MAX(SALARY) FROM EMPLOYEES WHERE DEPARTMENT_ID IN (SELECT MAX(DEPARTMENT_ID) FROM EMPLOYEES);

MAX(SALARY)                                                                                                                                                                                             
-----------                                                                                                                                                                                             
      12000                                                                                                                                                                                             

SQL> SELECT DEPARTMENT_ID , SALARY FROM EMPLOYEES ORDER BY 1;

DEPARTMENT_ID     SALARY                                                                                                                                                                                
------------- ----------                                                                                                                                                                                
           10       4400                                                                                                                                                                                
           20      13000                                                                                                                                                                                
           20       6000                                                                                                                                                                                
           50       5800                                                                                                                                                                                
           50       2500                                                                                                                                                                                
           50       2600                                                                                                                                                                                
           50       3100                                                                                                                                                                                
           50       3500                                                                                                                                                                                
           60       4200                                                                                                                                                                                
           60       6000                                                                                                                                                                                
           60       9000                                                                                                                                                                                
           80      11000                                                                                                                                                                                
           80      10500                                                                                                                                                                                
           80       8600                                                                                                                                                                                
           90      17000                                                                                                                                                                                
           90      24000                                                                                                                                                                                
           90      17000                                                                                                                                                                                
          110       8300                                                                                                                                                                                
          110      12000                                                                                                                                                                                
                    7000                                                                                                                                                                                

20 rows selected.

SQL> REM DISPLAY HIRE YEAR WISE COUNT OF EMPLOYEES HIRED
SQL> 
SQL> SELECT TO_CHAR(HIRE_DATE,'YYYY') YEAR , COUNT(*) FROM EMPLOYEES GROUP BY TO_CHAR(HIRE_DATE,'YYYY') ORDER BY 1;

YEAR   COUNT(*)                                                                                                                                                                                         
---- ----------                                                                                                                                                                                         
1987          2                                                                                                                                                                                         
1989          1                                                                                                                                                                                         
1990          1                                                                                                                                                                                         
1991          1                                                                                                                                                                                         
1993          1                                                                                                                                                                                         
1994          2                                                                                                                                                                                         
1995          1                                                                                                                                                                                         
1996          2                                                                                                                                                                                         
1997          2                                                                                                                                                                                         
1998          3                                                                                                                                                                                         
1999          3                                                                                                                                                                                         
2000          1                                                                                                                                                                                         

12 rows selected.

SQL> SELECT TO_CHAR(HIRE_DATE,'Q') QUARTER , COUNT(*) FROM EMPLOYEES GROUP BY TO_CHAR(HIRE_DATE,'Q') ORDER BY 1;

Q   COUNT(*)                                                                                                                                                                                            
- ----------                                                                                                                                                                                            
1          8                                                                                                                                                                                            
2          5                                                                                                                                                                                            
3          5                                                                                                                                                                                            
4          2                                                                                                                                                                                            

SQL> SELECT TO_CHAR(HIRE_DATE,'YYYY') YEAR , COUNT(*) FROM EMPLOYEES GROUP BY TO_CHAR(HIRE_DATE,'RRRR') ORDER BY 1;
SELECT TO_CHAR(HIRE_DATE,'YYYY') YEAR , COUNT(*) FROM EMPLOYEES GROUP BY TO_CHAR(HIRE_DATE,'RRRR') ORDER BY 1
               *
ERROR at line 1:
ORA-00979: not a GROUP BY expression 


SQL> SELECT TO_CHAR(HIRE_DATE,'YYYY') YEAR , COUNT(*) FROM EMPLOYEES GROUP BY HIRE_DATE ORDER BY 1;

YEAR   COUNT(*)                                                                                                                                                                                         
---- ----------                                                                                                                                                                                         
1987          1                                                                                                                                                                                         
1987          1                                                                                                                                                                                         
1989          1                                                                                                                                                                                         
1990          1                                                                                                                                                                                         
1991          1                                                                                                                                                                                         
1993          1                                                                                                                                                                                         
1994          2                                                                                                                                                                                         
1995          1                                                                                                                                                                                         
1996          1                                                                                                                                                                                         
1996          1                                                                                                                                                                                         
1997          1                                                                                                                                                                                         
1997          1                                                                                                                                                                                         
1998          1                                                                                                                                                                                         
1998          1                                                                                                                                                                                         
1998          1                                                                                                                                                                                         
1999          1                                                                                                                                                                                         
1999          1                                                                                                                                                                                         
1999          1                                                                                                                                                                                         
2000          1                                                                                                                                                                                         

19 rows selected.

SQL> SELECT HIRE_DATE FROM EMPLOYEES;

HIRE_DATE                                                                                                                                                                                               
---------                                                                                                                                                                                               
17-JUL-87                                                                                                                                                                                               
21-SEP-89                                                                                                                                                                                               
13-JAN-93                                                                                                                                                                                               
03-JAN-90                                                                                                                                                                                               
21-MAY-91                                                                                                                                                                                               
07-FEB-99                                                                                                                                                                                               
16-NOV-99                                                                                                                                                                                               
17-OCT-95                                                                                                                                                                                               
29-JAN-97                                                                                                                                                                                               
15-MAR-98                                                                                                                                                                                               
09-JUL-98                                                                                                                                                                                               
29-JAN-00                                                                                                                                                                                               
11-MAY-96                                                                                                                                                                                               
24-MAR-98                                                                                                                                                                                               
24-MAY-99                                                                                                                                                                                               
17-SEP-87                                                                                                                                                                                               
17-FEB-96                                                                                                                                                                                               
17-AUG-97                                                                                                                                                                                               
07-JUN-94                                                                                                                                                                                               
07-JUN-94                                                                                                                                                                                               

20 rows selected.

SQL> SELECT HIRE_DATE , COUNT(*) FROM EMPLOYEES GROUP BY HIRE_DATE ORDER BY 1;

HIRE_DATE   COUNT(*)                                                                                                                                                                                    
--------- ----------                                                                                                                                                                                    
17-JUL-87          1                                                                                                                                                                                    
17-SEP-87          1                                                                                                                                                                                    
21-SEP-89          1                                                                                                                                                                                    
03-JAN-90          1                                                                                                                                                                                    
21-MAY-91          1                                                                                                                                                                                    
13-JAN-93          1                                                                                                                                                                                    
07-JUN-94          2                                                                                                                                                                                    
17-OCT-95          1                                                                                                                                                                                    
17-FEB-96          1                                                                                                                                                                                    
11-MAY-96          1                                                                                                                                                                                    
29-JAN-97          1                                                                                                                                                                                    
17-AUG-97          1                                                                                                                                                                                    
15-MAR-98          1                                                                                                                                                                                    
24-MAR-98          1                                                                                                                                                                                    
09-JUL-98          1                                                                                                                                                                                    
07-FEB-99          1                                                                                                                                                                                    
24-MAY-99          1                                                                                                                                                                                    
16-NOV-99          1                                                                                                                                                                                    
29-JAN-00          1                                                                                                                                                                                    

19 rows selected.

SQL> SELECT HIRE_DATE , COUNT(*) FROM EMPLOYEES GROUP BY TO_CHAR(HIRE_DATE,'YYYY') ORDER BY 1;
SELECT HIRE_DATE , COUNT(*) FROM EMPLOYEES GROUP BY TO_CHAR(HIRE_DATE,'YYYY') ORDER BY 1
       *
ERROR at line 1:
ORA-00979: not a GROUP BY expression 


SQL> SELECT * FROM EMPLOYEES;

EMPLOYEE_ID FIRST_NAME LAST_NAME  EMAIL      PHONE_NUMBER         HIRE_DATE JOB_ID         SALARY COMMISSION_PCT MANAGER_ID DEPARTMENT_ID                                                               
----------- ---------- ---------- ---------- -------------------- --------- ---------- ---------- -------------- ---------- -------------                                                               
        100 Steven     King       SKING      515.123.4567         17-JUL-87 AD_PRES         24000                                      90                                                               
        101 Neena      Kochhar    NKOCHHAR   515.123.4568         21-SEP-89 AD_VP           17000                       100            90                                                               
        102 Lex        De Haan    LDEHAAN    515.123.4569         13-JAN-93 AD_VP           17000                       100            90                                                               
        103 Alexander  Hunold     AHUNOLD    590.423.4567         03-JAN-90 IT_PROG          9000                       102            60                                                               
        104 Bruce      Ernst      BERNST     590.423.4568         21-MAY-91 IT_PROG          6000                       103            60                                                               
        107 Diana      Lorentz    DLORENTZ   590.423.5567         07-FEB-99 IT_PROG          4200                       103            60                                                               
        124 Kevin      Mourgos    KMOURGOS   650.123.5234         16-NOV-99 ST_MAN           5800                       100            50                                                               
        141 Trenna     Rajs       TRAJS      650.121.8009         17-OCT-95 ST_CLERK         3500                       124            50                                                               
        142 Curtis     Davies     CDAVIES    650.121.2994         29-JAN-97 ST_CLERK         3100                       124            50                                                               
        143 Randall    Matos      RMATOS     650.121.2874         15-MAR-98 ST_CLERK         2600                       124            50                                                               
        144 Peter      Vargas     PVARGAS    650.121.2004         09-JUL-98 ST_CLERK         2500                       124            50                                                               
        149 Eleni      Zlotkey    EZLOTKEY   011.44.1344.429018   29-JAN-00 SA_MAN          10500             .2        100            80                                                               
        174 Ellen      Abel       EABEL      011.44.1644.429267   11-MAY-96 SA_REP          11000             .3        149            80                                                               
        176 Jonathon   Taylor     JTAYLOR    011.44.1644.429265   24-MAR-98 SA_REP           8600             .3        149            80                                                               
        178 Kimerely   Grant      KGRANT     011.44.1644.429263   24-MAY-99 SA_REP           7000            .15        149                                                                             
        200 Jennifer   Whalen     JWHALEN    515.123.4444         17-SEP-87 AD_ASST          4400                       101            10                                                               
        201 Michael    Hartstein  MHARTSTE   515.123.5555         17-FEB-96 MK_MAN          13000                       100            20                                                               
        202 Pat        Fay        PFAY       603.123.6666         17-AUG-97 MK_REP           6000                       201            20                                                               
        205 Shelley    Higgins    SHIGGINS   515.123.8080         07-JUN-94 AC_MGR          12000                       101           110                                                               
        206 William    Gietz      WGIETZ     515.123.8181         07-JUN-94 AC_ACCOUNT       8300                       205           110                                                               

20 rows selected.

SQL> REM DEPARTMENT_ID WISE , JOB_ID WISE , LOWEST , HIGHEST SALARY
SQL> 
SQL> SELECT DEPARTMENT_ID , JOB_ID , MIN(SALARY) , MAX(SALARY)
  2  FROM EMPLOYEES
  3  GROUP BY DEPARTMENT_ID , JOB_ID;

DEPARTMENT_ID JOB_ID     MIN(SALARY) MAX(SALARY)                                                                                                                                                        
------------- ---------- ----------- -----------                                                                                                                                                        
          110 AC_ACCOUNT        8300        8300                                                                                                                                                        
           90 AD_VP            17000       17000                                                                                                                                                        
           50 ST_CLERK          2500        3500                                                                                                                                                        
           80 SA_REP            8600       11000                                                                                                                                                        
           50 ST_MAN            5800        5800                                                                                                                                                        
           80 SA_MAN           10500       10500                                                                                                                                                        
          110 AC_MGR           12000       12000                                                                                                                                                        
           90 AD_PRES          24000       24000                                                                                                                                                        
           60 IT_PROG           4200        9000                                                                                                                                                        
           20 MK_MAN           13000       13000                                                                                                                                                        
              SA_REP            7000        7000                                                                                                                                                        
           10 AD_ASST           4400        4400                                                                                                                                                        
           20 MK_REP            6000        6000                                                                                                                                                        

13 rows selected.

SQL> SELECT DEPARTMENT_ID , JOB_ID , MIN(SALARY) , MAX(SALARY)
  2  FROM EMPLOYEES
  3  GROUP BY DEPARTMENT_ID , JOB_ID
  4  ORDER BY 1,2;

DEPARTMENT_ID JOB_ID     MIN(SALARY) MAX(SALARY)                                                                                                                                                        
------------- ---------- ----------- -----------                                                                                                                                                        
           10 AD_ASST           4400        4400                                                                                                                                                        
           20 MK_MAN           13000       13000                                                                                                                                                        
           20 MK_REP            6000        6000                                                                                                                                                        
           50 ST_CLERK          2500        3500                                                                                                                                                        
           50 ST_MAN            5800        5800                                                                                                                                                        
           60 IT_PROG           4200        9000                                                                                                                                                        
           80 SA_MAN           10500       10500                                                                                                                                                        
           80 SA_REP            8600       11000                                                                                                                                                        
           90 AD_PRES          24000       24000                                                                                                                                                        
           90 AD_VP            17000       17000                                                                                                                                                        
          110 AC_ACCOUNT        8300        8300                                                                                                                                                        
          110 AC_MGR           12000       12000                                                                                                                                                        
              SA_REP            7000        7000                                                                                                                                                        

13 rows selected.

SQL> SELECT DEPARTMENT_ID || JOB_ID , MIN(SALARY) , MAX(SALARY)
  2  FROM EMPLOYEES
  3  GROUP BY DEPARTMENT_ID || JOB_ID
  4  ORDER BY 1;

DEPARTMENT_ID||JOB_ID                              MIN(SALARY) MAX(SALARY)                                                                                                                              
-------------------------------------------------- ----------- -----------                                                                                                                              
10AD_ASST                                                 4400        4400                                                                                                                              
110AC_ACCOUNT                                             8300        8300                                                                                                                              
110AC_MGR                                                12000       12000                                                                                                                              
20MK_MAN                                                 13000       13000                                                                                                                              
20MK_REP                                                  6000        6000                                                                                                                              
50ST_CLERK                                                2500        3500                                                                                                                              
50ST_MAN                                                  5800        5800                                                                                                                              
60IT_PROG                                                 4200        9000                                                                                                                              
80SA_MAN                                                 10500       10500                                                                                                                              
80SA_REP                                                  8600       11000                                                                                                                              
90AD_PRES                                                24000       24000                                                                                                                              
90AD_VP                                                  17000       17000                                                                                                                              
SA_REP                                                    7000        7000                                                                                                                              

13 rows selected.

SQL> SELECT * FROM EMPLOYEES;

EMPLOYEE_ID FIRST_NAME LAST_NAME  EMAIL      PHONE_NUMBER         HIRE_DATE JOB_ID         SALARY COMMISSION_PCT MANAGER_ID DEPARTMENT_ID                                                               
----------- ---------- ---------- ---------- -------------------- --------- ---------- ---------- -------------- ---------- -------------                                                               
        100 Steven     King       SKING      515.123.4567         17-JUL-87 AD_PRES         24000                                      90                                                               
        101 Neena      Kochhar    NKOCHHAR   515.123.4568         21-SEP-89 AD_VP           17000                       100            90                                                               
        102 Lex        De Haan    LDEHAAN    515.123.4569         13-JAN-93 AD_VP           17000                       100            90                                                               
        103 Alexander  Hunold     AHUNOLD    590.423.4567         03-JAN-90 IT_PROG          9000                       102            60                                                               
        104 Bruce      Ernst      BERNST     590.423.4568         21-MAY-91 IT_PROG          6000                       103            60                                                               
        107 Diana      Lorentz    DLORENTZ   590.423.5567         07-FEB-99 IT_PROG          4200                       103            60                                                               
        124 Kevin      Mourgos    KMOURGOS   650.123.5234         16-NOV-99 ST_MAN           5800                       100            50                                                               
        141 Trenna     Rajs       TRAJS      650.121.8009         17-OCT-95 ST_CLERK         3500                       124            50                                                               
        142 Curtis     Davies     CDAVIES    650.121.2994         29-JAN-97 ST_CLERK         3100                       124            50                                                               
        143 Randall    Matos      RMATOS     650.121.2874         15-MAR-98 ST_CLERK         2600                       124            50                                                               
        144 Peter      Vargas     PVARGAS    650.121.2004         09-JUL-98 ST_CLERK         2500                       124            50                                                               
        149 Eleni      Zlotkey    EZLOTKEY   011.44.1344.429018   29-JAN-00 SA_MAN          10500             .2        100            80                                                               
        174 Ellen      Abel       EABEL      011.44.1644.429267   11-MAY-96 SA_REP          11000             .3        149            80                                                               
        176 Jonathon   Taylor     JTAYLOR    011.44.1644.429265   24-MAR-98 SA_REP           8600             .3        149            80                                                               
        178 Kimerely   Grant      KGRANT     011.44.1644.429263   24-MAY-99 SA_REP           7000            .15        149                                                                             
        200 Jennifer   Whalen     JWHALEN    515.123.4444         17-SEP-87 AD_ASST          4400                       101            10                                                               
        201 Michael    Hartstein  MHARTSTE   515.123.5555         17-FEB-96 MK_MAN          13000                       100            20                                                               
        202 Pat        Fay        PFAY       603.123.6666         17-AUG-97 MK_REP           6000                       201            20                                                               
        205 Shelley    Higgins    SHIGGINS   515.123.8080         07-JUN-94 AC_MGR          12000                       101           110                                                               
        206 William    Gietz      WGIETZ     515.123.8181         07-JUN-94 AC_ACCOUNT       8300                       205           110                                                               

20 rows selected.

SQL> REM HIRE YEAR WISE , HIRE QUARTER WISE , TOTAL SALARY
SQL> 
SQL> SELECT TO_CHAR(HIRE_DATE,'YYYY'),TO_CHAR(HIRE_DATE,'Q'),SUM(SALARY) FROM EMPLOYEES GROUP BY(HIRE_DATE,'YYYY'),(HIRE_DATE,'Q');

TO_C T SUM(SALARY)                                                                                                                                                                                      
---- - -----------                                                                                                                                                                                      
1997 3        6000                                                                                                                                                                                      
1990 1        9000                                                                                                                                                                                      
1999 4        5800                                                                                                                                                                                      
1998 1        8600                                                                                                                                                                                      
1987 3       24000                                                                                                                                                                                      
1991 2        6000                                                                                                                                                                                      
1997 1        3100                                                                                                                                                                                      
1998 3        2500                                                                                                                                                                                      
1996 2       11000                                                                                                                                                                                      
1989 3       17000                                                                                                                                                                                      
1993 1       17000                                                                                                                                                                                      
1999 1        4200                                                                                                                                                                                      
1995 4        3500                                                                                                                                                                                      
2000 1       10500                                                                                                                                                                                      
1994 2       20300                                                                                                                                                                                      
1998 1        2600                                                                                                                                                                                      
1999 2        7000                                                                                                                                                                                      
1987 3        4400                                                                                                                                                                                      
1996 1       13000                                                                                                                                                                                      

19 rows selected.

SQL> 
SQL> SELECT TO_CHAR(HIRE_DATE,'YYYY') YEAR ,TO_CHAR(HIRE_DATE,'Q'),SUM(SALARY) FROM EMPLOYEES GROUP BY(HIRE_DATE,'YYYY'),(HIRE_DATE,'Q');

YEAR T SUM(SALARY)                                                                                                                                                                                      
---- - -----------                                                                                                                                                                                      
1997 3        6000                                                                                                                                                                                      
1990 1        9000                                                                                                                                                                                      
1999 4        5800                                                                                                                                                                                      
1998 1        8600                                                                                                                                                                                      
1987 3       24000                                                                                                                                                                                      
1991 2        6000                                                                                                                                                                                      
1997 1        3100                                                                                                                                                                                      
1998 3        2500                                                                                                                                                                                      
1996 2       11000                                                                                                                                                                                      
1989 3       17000                                                                                                                                                                                      
1993 1       17000                                                                                                                                                                                      
1999 1        4200                                                                                                                                                                                      
1995 4        3500                                                                                                                                                                                      
2000 1       10500                                                                                                                                                                                      
1994 2       20300                                                                                                                                                                                      
1998 1        2600                                                                                                                                                                                      
1999 2        7000                                                                                                                                                                                      
1987 3        4400                                                                                                                                                                                      
1996 1       13000                                                                                                                                                                                      

19 rows selected.

SQL> SELECT TO_CHAR(HIRE_DATE,'YYYY Q') "YEAR AND Q" ,SUM(SALARY) FROM EMPLOYEES GROUP BY(HIRE_DATE,'YYYY Q');

YEAR A SUM(SALARY)                                                                                                                                                                                      
------ -----------                                                                                                                                                                                      
1999 4        5800                                                                                                                                                                                      
1995 4        3500                                                                                                                                                                                      
1998 1        8600                                                                                                                                                                                      
1999 1        4200                                                                                                                                                                                      
1999 2        7000                                                                                                                                                                                      
1993 1       17000                                                                                                                                                                                      
1990 1        9000                                                                                                                                                                                      
2000 1       10500                                                                                                                                                                                      
1996 1       13000                                                                                                                                                                                      
1987 3        4400                                                                                                                                                                                      
1989 3       17000                                                                                                                                                                                      
1997 3        6000                                                                                                                                                                                      
1987 3       24000                                                                                                                                                                                      
1991 2        6000                                                                                                                                                                                      
1997 1        3100                                                                                                                                                                                      
1998 1        2600                                                                                                                                                                                      
1994 2       20300                                                                                                                                                                                      
1998 3        2500                                                                                                                                                                                      
1996 2       11000                                                                                                                                                                                      

19 rows selected.

SQL> SELECT TO_CHAR(HIRE_DATE,'YYYY Q') "YEAR AND Q" ,SUM(SALARY) FROM EMPLOYEES GROUP BY(HIRE_DATE,'YYYY Q') ORDER BY 1;

YEAR A SUM(SALARY)                                                                                                                                                                                      
------ -----------                                                                                                                                                                                      
1987 3       24000                                                                                                                                                                                      
1987 3        4400                                                                                                                                                                                      
1989 3       17000                                                                                                                                                                                      
1990 1        9000                                                                                                                                                                                      
1991 2        6000                                                                                                                                                                                      
1993 1       17000                                                                                                                                                                                      
1994 2       20300                                                                                                                                                                                      
1995 4        3500                                                                                                                                                                                      
1996 1       13000                                                                                                                                                                                      
1996 2       11000                                                                                                                                                                                      
1997 1        3100                                                                                                                                                                                      
1997 3        6000                                                                                                                                                                                      
1998 1        8600                                                                                                                                                                                      
1998 1        2600                                                                                                                                                                                      
1998 3        2500                                                                                                                                                                                      
1999 1        4200                                                                                                                                                                                      
1999 2        7000                                                                                                                                                                                      
1999 4        5800                                                                                                                                                                                      
2000 1       10500                                                                                                                                                                                      

19 rows selected.

SQL> SELECT SYSDATE , TO_CHAR(SYSDATE,'"Today is" ddth "day of month" Month, "year " yyyysp') FROM DUAL;

SYSDATE   TO_CHAR(SYSDATE,'"TODAYIS"DDTH"DAYOFMONTH"MONTH,"YEAR"YYYYSP')                                                                                                                                
--------- -----------------------------------------------------------------------------------------------------------------                                                                             
22-OCT-22 Today is 22nd day of month October  , year  two thousand twenty-two                                                                                                                           

SQL> SELECT SYSDATE , TO_CHAR(SYSDATE,'FM"Today is" ddth "day of month" Month, "year " yyyysp') FROM DUAL;

SYSDATE   TO_CHAR(SYSDATE,'FM"TODAYIS"DDTH"DAYOFMONTH"MONTH,"YEAR"YYYYSP')                                                                                                                              
--------- -----------------------------------------------------------------------------------------------------------------                                                                             
22-OCT-22 Today is 22nd day of month October, year  two thousand twenty-two                                                                                                                             

SQL> SELECT SYSDATE , TO_CHAR(SYSDATE,'FM"Today is" ddth "day of month" Month, "year "yyyysp') FROM DUAL;

SYSDATE   TO_CHAR(SYSDATE,'FM"TODAYIS"DDTH"DAYOFMONTH"MONTH,"YEAR"YYYYSP')                                                                                                                              
--------- ----------------------------------------------------------------------------------------------------------------                                                                              
22-OCT-22 Today is 22nd day of month October, year two thousand twenty-two                                                                                                                              

SQL> SELECT SYSDATE , TO_CHAR(SYSDATE,'year yyyysp') FROM DUAL;

SYSDATE   TO_CHAR(SYSDATE,'YEARYYYYSP')                                                                                                                                                                 
--------- -------------------------------------------------------------------------------------                                                                                                         
22-OCT-22 twenty twenty-two two thousand twenty-two                                                                                                                                                     

SQL> SELECT * FROM EMPLOYEES;

EMPLOYEE_ID FIRST_NAME LAST_NAME  EMAIL      PHONE_NUMBER         HIRE_DATE JOB_ID         SALARY COMMISSION_PCT MANAGER_ID DEPARTMENT_ID                                                               
----------- ---------- ---------- ---------- -------------------- --------- ---------- ---------- -------------- ---------- -------------                                                               
        100 Steven     King       SKING      515.123.4567         17-JUL-87 AD_PRES         24000                                      90                                                               
        101 Neena      Kochhar    NKOCHHAR   515.123.4568         21-SEP-89 AD_VP           17000                       100            90                                                               
        102 Lex        De Haan    LDEHAAN    515.123.4569         13-JAN-93 AD_VP           17000                       100            90                                                               
        103 Alexander  Hunold     AHUNOLD    590.423.4567         03-JAN-90 IT_PROG          9000                       102            60                                                               
        104 Bruce      Ernst      BERNST     590.423.4568         21-MAY-91 IT_PROG          6000                       103            60                                                               
        107 Diana      Lorentz    DLORENTZ   590.423.5567         07-FEB-99 IT_PROG          4200                       103            60                                                               
        124 Kevin      Mourgos    KMOURGOS   650.123.5234         16-NOV-99 ST_MAN           5800                       100            50                                                               
        141 Trenna     Rajs       TRAJS      650.121.8009         17-OCT-95 ST_CLERK         3500                       124            50                                                               
        142 Curtis     Davies     CDAVIES    650.121.2994         29-JAN-97 ST_CLERK         3100                       124            50                                                               
        143 Randall    Matos      RMATOS     650.121.2874         15-MAR-98 ST_CLERK         2600                       124            50                                                               
        144 Peter      Vargas     PVARGAS    650.121.2004         09-JUL-98 ST_CLERK         2500                       124            50                                                               
        149 Eleni      Zlotkey    EZLOTKEY   011.44.1344.429018   29-JAN-00 SA_MAN          10500             .2        100            80                                                               
        174 Ellen      Abel       EABEL      011.44.1644.429267   11-MAY-96 SA_REP          11000             .3        149            80                                                               
        176 Jonathon   Taylor     JTAYLOR    011.44.1644.429265   24-MAR-98 SA_REP           8600             .3        149            80                                                               
        178 Kimerely   Grant      KGRANT     011.44.1644.429263   24-MAY-99 SA_REP           7000            .15        149                                                                             
        200 Jennifer   Whalen     JWHALEN    515.123.4444         17-SEP-87 AD_ASST          4400                       101            10                                                               
        201 Michael    Hartstein  MHARTSTE   515.123.5555         17-FEB-96 MK_MAN          13000                       100            20                                                               
        202 Pat        Fay        PFAY       603.123.6666         17-AUG-97 MK_REP           6000                       201            20                                                               
        205 Shelley    Higgins    SHIGGINS   515.123.8080         07-JUN-94 AC_MGR          12000                       101           110                                                               
        206 William    Gietz      WGIETZ     515.123.8181         07-JUN-94 AC_ACCOUNT       8300                       205           110                                                               

20 rows selected.

SQL> REM A-D : CNT  , E-H : CNT , I-N : CNT , O-T : CNT , REMAINING : CNT
SQL> 
SQL> SELECT CASE WHEN SUBSTR(FIRST_NAME,1,1) BETWEEN 'A' AND 'Dz' THEN 'A-Z'
  2              WHEN SUBSTR(FIRST_NAME,1,1) BETWEEN 'E' AND 'Hz' THEN 'E-H'
  3              WHEN SUBSTR(FIRST_NAME,1,1) BETWEEN 'I' AND 'Nz' THEN 'I-N'
  4              WHEN SUBSTR(FIRST_NAME,1,1) BETWEEN 'O' AND 'Tz' THEN 'O-T' ELSE 'U-Z' END, COUNT(*)
  5  FROM EMPLOYEES
  6  
SQL> SELECT CASE WHEN SUBSTR(FIRST_NAME,1,1) BETWEEN 'A' AND 'Dz' THEN 'A-D'
  2              WHEN SUBSTR(FIRST_NAME,1,1) BETWEEN 'E' AND 'Hz' THEN 'E-H'
  3              WHEN SUBSTR(FIRST_NAME,1,1) BETWEEN 'I' AND 'Nz' THEN 'I-N'
  4              WHEN SUBSTR(FIRST_NAME,1,1) BETWEEN 'O' AND 'Tz' THEN 'O-T' ELSE 'U-Z' END, COUNT(*)
  5  FROM EMPLOYEES
  6  GROUP BY CASE WHEN SUBSTR(FIRST_NAME,1,1) BETWEEN 'A' AND 'Dz' THEN 'A-D'
  7       WHEN SUBSTR(FIRST_NAME,1,1) BETWEEN 'E' AND 'Hz' THEN 'E-H'
  8       WHEN SUBSTR(FIRST_NAME,1,1) BETWEEN 'I' AND 'Nz' THEN 'I-N'
  9       WHEN SUBSTR(FIRST_NAME,1,1) BETWEEN 'O' AND 'Tz' THEN 'O-T' ELSE 'U-Z' END
 10  ORDER BY 1;

CAS   COUNT(*)                                                                                                                                                                                          
--- ----------                                                                                                                                                                                          
A-D          4                                                                                                                                                                                          
E-H          2                                                                                                                                                                                          
I-N          7                                                                                                                                                                                          
O-T          6                                                                                                                                                                                          
U-Z          1                                                                                                                                                                                          

SQL> REM 1 CNT , 2 CNT , 3 CNT , 4 CNT
SQL> 
SQL> REM LAST_NAME
SQL> 
SQL> SELECT   length(TRANSLATE(LOWER(LAST_NAME),'*pytrwqlkjhgfdsmnbvcxz','*')),count(*) from employees group by  length(TRANSLATE(LOWER(LAST_NAME),'*pytrwqlkjhgfdsmnbvcxz','*'));

LENGTH(TRANSLATE(LOWER(LAST_NAME),'*PYTRWQLKJHGFDSMNBVCXZ','*'))   COUNT(*)                                                                                                                             
---------------------------------------------------------------- ----------                                                                                                                             
                                                               1          5                                                                                                                             
                                                               2         11                                                                                                                             
                                                               4          1                                                                                                                             
                                                               3          3                                                                                                                             

SQL> SELECT LAST_NAME FROM EMPLOYEES;

LAST_NAME                                                                                                                                                                                               
----------                                                                                                                                                                                              
King                                                                                                                                                                                                    
Kochhar                                                                                                                                                                                                 
De Haan                                                                                                                                                                                                 
Hunold                                                                                                                                                                                                  
Ernst                                                                                                                                                                                                   
Lorentz                                                                                                                                                                                                 
Mourgos                                                                                                                                                                                                 
Rajs                                                                                                                                                                                                    
Davies                                                                                                                                                                                                  
Matos                                                                                                                                                                                                   
Vargas                                                                                                                                                                                                  
Zlotkey                                                                                                                                                                                                 
Abel                                                                                                                                                                                                    
Taylor                                                                                                                                                                                                  
Grant                                                                                                                                                                                                   
Whalen                                                                                                                                                                                                  
Hartstein                                                                                                                                                                                               
Fay                                                                                                                                                                                                     
Higgins                                                                                                                                                                                                 
Gietz                                                                                                                                                                                                   

20 rows selected.

SQL> SELECT LAST_NAME , length(TRANSLATE(LOWER(LAST_NAME),'*pytrwqlkjhgfdsmnbvcxz','*')) FROM EMPLOYEES;

LAST_NAME  LENGTH(TRANSLATE(LOWER(LAST_NAME),'*PYTRWQLKJHGFDSMNBVCXZ','*'))                                                                                                                             
---------- ----------------------------------------------------------------                                                                                                                             
King                                                                      1                                                                                                                             
Kochhar                                                                   2                                                                                                                             
De Haan                                                                   4                                                                                                                             
Hunold                                                                    2                                                                                                                             
Ernst                                                                     1                                                                                                                             
Lorentz                                                                   2                                                                                                                             
Mourgos                                                                   3                                                                                                                             
Rajs                                                                      1                                                                                                                             
Davies                                                                    3                                                                                                                             
Matos                                                                     2                                                                                                                             
Vargas                                                                    2                                                                                                                             
Zlotkey                                                                   2                                                                                                                             
Abel                                                                      2                                                                                                                             
Taylor                                                                    2                                                                                                                             
Grant                                                                     1                                                                                                                             
Whalen                                                                    2                                                                                                                             
Hartstein                                                                 3                                                                                                                             
Fay                                                                       1                                                                                                                             
Higgins                                                                   2                                                                                                                             
Gietz                                                                     2                                                                                                                             

20 rows selected.

SQL> SELECT   length(TRANSLATE(LOWER(LAST_NAME),'*pytrwqlkjhgfdsmnbvcxz ','*')),count(*) from employees group by  length(TRANSLATE(LOWER(LAST_NAME),'*pytrwqlkjhgfdsmnbvcxz ','*'));

LENGTH(TRANSLATE(LOWER(LAST_NAME),'*PYTRWQLKJHGFDSMNBVCXZ','*'))   COUNT(*)                                                                                                                             
---------------------------------------------------------------- ----------                                                                                                                             
                                                               1          5                                                                                                                             
                                                               2         11                                                                                                                             
                                                               3          4                                                                                                                             

SQL> SPOOL OFF
