SQL> 
SQL> REM ORACLE : WORLD'S NO. 1 PRODUCT OF TYPE RDBMS (RELATIONAL DATA BASE MANAGEMENT SYSTEM)
SQL> 
SQL> REM WORLD :43/100
SQL> 
SQL> REM FORBES 500 COMPANIES : 97% COMPANIES USE ORACLE
SQL> 
SQL> REM E R CODD : 12 RULES : 9/12 MAXIMUM RULES ORACLE IMPLEMENT
SQL> 
SQL> REM LERRY ELISON : CEO : WORLDS TOP 10 RICHEST
SQL> 
SQL> REM IBM+MICROSOFT : 41/100
SQL> 
SQL> REM 1 COMMENT 2 COMMAND
SQL> 
SQL> REM COMMENT : IS WRITTEN FOR OUR SELVES
SQL> 
SQL> REM COMMAND : IS FOR ORACLE SQL ENGINE
SQL> 
SQL> REM TYPES OF COMMENTS : 1 SINGLE LINE 2 MULIT LINE
SQL> 
SQL> REM HOW TO WRITE SINGLE LINE COMMENT ? : 1 REMARK/REM 2 --
> 
SQL> REM THIS IS FIRST STYLE OF WRITING COMMENT.
SQL> 
SQL> -- THIS IS SECOND STYLE OF WRITING SINGLE LINE COMMENT.
SQL> 
SQL> /*
SQL> THIS
SQL> IS
SQL> MULTI
SQL> LINE
SQL> COMMENT.
SQL> */
SQL> 
SQL> 
SQL> REM SELECT : IS USED TO DISPLAY DATA ON SCREEN FROM TABLE
SQL> 
SQL> REM FILE / FOLDER
SQL> 
SQL> 
SQL> SELECT * FROM EMPLOYEES;

EMPLOYEE_ID FIRST_NAME      LAST_NAME       EMAIL      PHONE_NUMBER         HIRE_DATE            JOB_ID         SALARY COMMISSION_PCT MANAGER_ID DEPARTMENT_ID                                          
----------- --------------- --------------- ---------- -------------------- -------------------- ---------- ---------- -------------- ---------- -------------                                          
        100 Steven          King            SKING      515.123.4567         17-JUL-1987 00:00.00 AD_PRES         24000                                      90                                          
        101 Neena           Kochhar         NKOCHHAR   515.123.4568         21-SEP-1989 00:00.00 AD_VP           17000                       100            90                                          
        102 Lex             De Haan         LDEHAAN    515.123.4569         13-JAN-1993 00:00.00 AD_VP           17000                       100            90                                          
        103 Alexander       Hunold          AHUNOLD    590.423.4567         03-JAN-1990 00:00.00 IT_PROG          9000                       102            60                                          
        104 Bruce           Ernst           BERNST     590.423.4568         21-MAY-1991 00:00.00 IT_PROG          6000                       103            60                                          
        107 Diana           Lorentz         DLORENTZ   590.423.5567         07-FEB-1999 00:00.00 IT_PROG          4200                       103            60                                          
        124 Kevin           Mourgos         KMOURGOS   650.123.5234         16-NOV-1999 00:00.00 ST_MAN           5800                       100            50                                          
        141 Trenna          Rajs            TRAJS      650.121.8009         17-OCT-1995 00:00.00 ST_CLERK         3500                       124            50                                          
        142 Curtis          Davies          CDAVIES    650.121.2994         29-JAN-1997 00:00.00 ST_CLERK         3100                       124            50                                          
        143 Randall         Matos           RMATOS     650.121.2874         15-MAR-1998 00:00.00 ST_CLERK         2600                       124            50                                          
        144 Peter           Vargas          PVARGAS    650.121.2004         09-JUL-1998 00:00.00 ST_CLERK         2500                       124            50                                          
        149 Eleni           Zlotkey         EZLOTKEY   011.44.1344.429018   29-JAN-2000 00:00.00 SA_MAN          10500             .2        100            80                                          
        174 Ellen           Abel            EABEL      011.44.1644.429267   11-MAY-1996 00:00.00 SA_REP          11000             .3        149            80                                          
        176 Jonathon        Taylor          JTAYLOR    011.44.1644.429265   24-MAR-1998 00:00.00 SA_REP           8600             .3        149            80                                          
        178 Kimerely        Grant           KGRANT     011.44.1644.429263   24-MAY-1999 00:00.00 SA_REP           7000            .15        149                                                        
        200 Jennifer        Whalen          JWHALEN    515.123.4444         17-SEP-1987 00:00.00 AD_ASST          4400                       101            10                                          
        201 Michael         Hartstein       MHARTSTE   515.123.5555         17-FEB-1996 00:00.00 MK_MAN          13000                       100            20                                          
        202 Pat             Fay             PFAY       603.123.6666         17-AUG-1997 00:00.00 MK_REP           6000                       201            20                                          
        205 Shelley         Higgins         SHIGGINS   515.123.8080         07-JUN-1994 00:00.00 AC_MGR          12000                       101           110                                          
        206 William         Gietz           WGIETZ     515.123.8181         07-JUN-1994 00:00.00 AC_ACCOUNT       8300                       205           110                                          

20 rows selected.

SQL> CONN SCOTT/TIGER
Connected.
SQL> SELECT * FROM EMPLOYEES;

EMPLOYEE_ID FIRST_NAME      LAST_NAME       EMAIL      PHONE_NUMBER         HIRE_DATE JOB_ID         SALARY COMMISSION_PCT MANAGER_ID DEPARTMENT_ID                                                     
----------- --------------- --------------- ---------- -------------------- --------- ---------- ---------- -------------- ---------- -------------                                                     
        100 Steven          King            SKING      515.123.4567         17-JUL-87 AD_PRES         24000                                      90                                                     
        101 Neena           Kochhar         NKOCHHAR   515.123.4568         21-SEP-89 AD_VP           17000                       100            90                                                     
        102 Lex             De Haan         LDEHAAN    515.123.4569         13-JAN-93 AD_VP           17000                       100            90                                                     
        103 Alexander       Hunold          AHUNOLD    590.423.4567         03-JAN-90 IT_PROG          9000                       102            60                                                     
        104 Bruce           Ernst           BERNST     590.423.4568         21-MAY-91 IT_PROG          6000                       103            60                                                     
        107 Diana           Lorentz         DLORENTZ   590.423.5567         07-FEB-99 IT_PROG          4200                       103            60                                                     
        124 Kevin           Mourgos         KMOURGOS   650.123.5234         16-NOV-99 ST_MAN           5800                       100            50                                                     
        141 Trenna          Rajs            TRAJS      650.121.8009         17-OCT-95 ST_CLERK         3500                       124            50                                                     
        142 Curtis          Davies          CDAVIES    650.121.2994         29-JAN-97 ST_CLERK         3100                       124            50                                                     
        143 Randall         Matos           RMATOS     650.121.2874         15-MAR-98 ST_CLERK         2600                       124            50                                                     
        144 Peter           Vargas          PVARGAS    650.121.2004         09-JUL-98 ST_CLERK         2500                       124            50                                                     
        149 Eleni           Zlotkey         EZLOTKEY   011.44.1344.429018   29-JAN-00 SA_MAN          10500             .2        100            80                                                     
        174 Ellen           Abel            EABEL      011.44.1644.429267   11-MAY-96 SA_REP          11000             .3        149            80                                                     
        176 Jonathon        Taylor          JTAYLOR    011.44.1644.429265   24-MAR-98 SA_REP           8600             .3        149            80                                                     
        178 Kimerely        Grant           KGRANT     011.44.1644.429263   24-MAY-99 SA_REP           7000            .15        149                                                                   
        200 Jennifer        Whalen          JWHALEN    515.123.4444         17-SEP-87 AD_ASST          4400                       101            10                                                     
        201 Michael         Hartstein       MHARTSTE   515.123.5555         17-FEB-96 MK_MAN          13000                       100            20                                                     
        202 Pat             Fay             PFAY       603.123.6666         17-AUG-97 MK_REP           6000                       201            20                                                     
        205 Shelley         Higgins         SHIGGINS   515.123.8080         07-JUN-94 AC_MGR          12000                       101           110                                                     
        206 William         Gietz           WGIETZ     515.123.8181         07-JUN-94 AC_ACCOUNT       8300                       205           110                                                     

20 rows selected.

SQL> REM VERTICAL : COLUMN
SQL> 
SQL> REM HORIZONTAL : ROW
SQL> 
SQL> REM INTERSECTION : FIELD
SQL> 
SQL> REM COMBINATION : TABLE
SQL> 
SQL> REM FIRST ROW : COLUMN NAMES/HEADINGS/ALIAS/TITLES
SQL> 
SQL> REM SECOND ROW : LINE SEPARATOR
SQL> 
SQL> REM 3rd ROW ONWARDS 20 ROWS : ROWS/VALUES/DATA
SQL> 
SQL> REM LAST ROW : FEEDBACK MESSAGE
SQL> 
SQL> REM CHAPTER 10
SQL> 
SQL> REM SELECT CHAPTER 1-8
SQL> 
SQL> REM SELECT 500 EXAMPLES : 450 EXAMPLES : EMPLOYEES
SQL> 
SQL> SELECT * FROM EMPLOYEES;

EMPLOYEE_ID FIRST_NAME      LAST_NAME       EMAIL      PHONE_NUMBER         HIRE_DATE JOB_ID         SALARY COMMISSION_PCT MANAGER_ID DEPARTMENT_ID                                                     
----------- --------------- --------------- ---------- -------------------- --------- ---------- ---------- -------------- ---------- -------------                                                     
        100 Steven          King            SKING      515.123.4567         17-JUL-87 AD_PRES         24000                                      90                                                     
        101 Neena           Kochhar         NKOCHHAR   515.123.4568         21-SEP-89 AD_VP           17000                       100            90                                                     
        102 Lex             De Haan         LDEHAAN    515.123.4569         13-JAN-93 AD_VP           17000                       100            90                                                     
        103 Alexander       Hunold          AHUNOLD    590.423.4567         03-JAN-90 IT_PROG          9000                       102            60                                                     
        104 Bruce           Ernst           BERNST     590.423.4568         21-MAY-91 IT_PROG          6000                       103            60                                                     
        107 Diana           Lorentz         DLORENTZ   590.423.5567         07-FEB-99 IT_PROG          4200                       103            60                                                     
        124 Kevin           Mourgos         KMOURGOS   650.123.5234         16-NOV-99 ST_MAN           5800                       100            50                                                     
        141 Trenna          Rajs            TRAJS      650.121.8009         17-OCT-95 ST_CLERK         3500                       124            50                                                     
        142 Curtis          Davies          CDAVIES    650.121.2994         29-JAN-97 ST_CLERK         3100                       124            50                                                     
        143 Randall         Matos           RMATOS     650.121.2874         15-MAR-98 ST_CLERK         2600                       124            50                                                     
        144 Peter           Vargas          PVARGAS    650.121.2004         09-JUL-98 ST_CLERK         2500                       124            50                                                     
        149 Eleni           Zlotkey         EZLOTKEY   011.44.1344.429018   29-JAN-00 SA_MAN          10500             .2        100            80                                                     
        174 Ellen           Abel            EABEL      011.44.1644.429267   11-MAY-96 SA_REP          11000             .3        149            80                                                     
        176 Jonathon        Taylor          JTAYLOR    011.44.1644.429265   24-MAR-98 SA_REP           8600             .3        149            80                                                     
        178 Kimerely        Grant           KGRANT     011.44.1644.429263   24-MAY-99 SA_REP           7000            .15        149                                                                   
        200 Jennifer        Whalen          JWHALEN    515.123.4444         17-SEP-87 AD_ASST          4400                       101            10                                                     
        201 Michael         Hartstein       MHARTSTE   515.123.5555         17-FEB-96 MK_MAN          13000                       100            20                                                     
        202 Pat             Fay             PFAY       603.123.6666         17-AUG-97 MK_REP           6000                       201            20                                                     
        205 Shelley         Higgins         SHIGGINS   515.123.8080         07-JUN-94 AC_MGR          12000                       101           110                                                     
        206 William         Gietz           WGIETZ     515.123.8181         07-JUN-94 AC_ACCOUNT       8300                       205           110                                                     

20 rows selected.

SQL> SELECT * FROM DEPARTMENTS;

DEPARTMENT_ID DEPARTMENT_NAME                MANAGER_ID LOCATION_ID                                                                                                                                     
------------- ------------------------------ ---------- -----------                                                                                                                                     
           10 Administration                        200        1700                                                                                                                                     
           20 Marketing                             201        1800                                                                                                                                     
           50 Shiping                               124        1500                                                                                                                                     
           60 IT                                    103        1400                                                                                                                                     
           80 Sales                                 149        2500                                                                                                                                     
           90 Executive                             100        1700                                                                                                                                     
          110 Accounting                            205        1700                                                                                                                                     
          190 Contracting                                      1700                                                                                                                                     

8 rows selected.

SQL> SELECT * FROM LOCATIONS;

LOCATION_ID STREET_ADRESS                            POSTAL_CODE  CITY                           STATE_PROVINCE            CO                                                                           
----------- ---------------------------------------- ------------ ------------------------------ ------------------------- --                                                                           
       1400 2014 Jabberwocky Rd                      26192        Southlake                      Texas                     US                                                                           
       1500 2011 Interiors Blvd                      99236        South San Francisco            California                US                                                                           
       1700 2004 Charade Rd                          98199        Seattle                        Washington                US                                                                           
       1800 460 Bloor St. W.                         ON M5S 1X8   Toronto                        Ontario                   CA                                                                           
       2500 Magdalen Centre, The Oxford Science Park OX9 9ZB      Oxford                         Oxford                    UK                                                                           

SQL> REM DATE DEFAULT FORMAT : DD-MON-RR   (Roounding yeaR)
SQL> 
SQL> REM COUNT THOSE WHO GETS SALARY HIGHER THAN 10000
SQL> 
SQL> REM SEND YOUR ANSWER IN CHAT BOX, DON'T SPEAK
SQL> 
SQL> SELECT * FROM EMPLOYEES;

EMPLOYEE_ID FIRST_NAME      LAST_NAME       EMAIL      PHONE_NUMBER         HIRE_DATE JOB_ID         SALARY COMMISSION_PCT MANAGER_ID DEPARTMENT_ID                                                     
----------- --------------- --------------- ---------- -------------------- --------- ---------- ---------- -------------- ---------- -------------                                                     
        100 Steven          King            SKING      515.123.4567         17-JUL-87 AD_PRES         24000                                      90                                                     
        101 Neena           Kochhar         NKOCHHAR   515.123.4568         21-SEP-89 AD_VP           17000                       100            90                                                     
        102 Lex             De Haan         LDEHAAN    515.123.4569         13-JAN-93 AD_VP           17000                       100            90                                                     
        103 Alexander       Hunold          AHUNOLD    590.423.4567         03-JAN-90 IT_PROG          9000                       102            60                                                     
        104 Bruce           Ernst           BERNST     590.423.4568         21-MAY-91 IT_PROG          6000                       103            60                                                     
        107 Diana           Lorentz         DLORENTZ   590.423.5567         07-FEB-99 IT_PROG          4200                       103            60                                                     
        124 Kevin           Mourgos         KMOURGOS   650.123.5234         16-NOV-99 ST_MAN           5800                       100            50                                                     
        141 Trenna          Rajs            TRAJS      650.121.8009         17-OCT-95 ST_CLERK         3500                       124            50                                                     
        142 Curtis          Davies          CDAVIES    650.121.2994         29-JAN-97 ST_CLERK         3100                       124            50                                                     
        143 Randall         Matos           RMATOS     650.121.2874         15-MAR-98 ST_CLERK         2600                       124            50                                                     
        144 Peter           Vargas          PVARGAS    650.121.2004         09-JUL-98 ST_CLERK         2500                       124            50                                                     
        149 Eleni           Zlotkey         EZLOTKEY   011.44.1344.429018   29-JAN-00 SA_MAN          10500             .2        100            80                                                     
        174 Ellen           Abel            EABEL      011.44.1644.429267   11-MAY-96 SA_REP          11000             .3        149            80                                                     
        176 Jonathon        Taylor          JTAYLOR    011.44.1644.429265   24-MAR-98 SA_REP           8600             .3        149            80                                                     
        178 Kimerely        Grant           KGRANT     011.44.1644.429263   24-MAY-99 SA_REP           7000            .15        149                                                                   
        200 Jennifer        Whalen          JWHALEN    515.123.4444         17-SEP-87 AD_ASST          4400                       101            10                                                     
        201 Michael         Hartstein       MHARTSTE   515.123.5555         17-FEB-96 MK_MAN          13000                       100            20                                                     
        202 Pat             Fay             PFAY       603.123.6666         17-AUG-97 MK_REP           6000                       201            20                                                     
        205 Shelley         Higgins         SHIGGINS   515.123.8080         07-JUN-94 AC_MGR          12000                       101           110                                                     
        206 William         Gietz           WGIETZ     515.123.8181         07-JUN-94 AC_ACCOUNT       8300                       205           110                                                     

20 rows selected.

SQL> REM HOW MANY EMPLOYEES WORK AS IT_PROG
SQL> 
SQL> REM HOW MANY EMPLOYEES REPORT TO MANAGER 149
SQL> 
SQL> REM HOW MANY EMPLOYEES WERE HIRED IN YEAR 94

select COUNT(*) from EMPLOYEEs where TO_CHAR(HIRE_DATE ,'YY') = '94';
SQL> 
SQL> 
SQL> SELECT * FROM EMPLOYEES;

EMPLOYEE_ID FIRST_NAME      LAST_NAME       EMAIL      PHONE_NUMBER         HIRE_DATE JOB_ID         SALARY COMMISSION_PCT MANAGER_ID DEPARTMENT_ID                                                     
----------- --------------- --------------- ---------- -------------------- --------- ---------- ---------- -------------- ---------- -------------                                                     
        100 Steven          King            SKING      515.123.4567         17-JUL-87 AD_PRES         24000                                      90                                                     
        101 Neena           Kochhar         NKOCHHAR   515.123.4568         21-SEP-89 AD_VP           17000                       100            90                                                     
        102 Lex             De Haan         LDEHAAN    515.123.4569         13-JAN-93 AD_VP           17000                       100            90                                                     
        103 Alexander       Hunold          AHUNOLD    590.423.4567         03-JAN-90 IT_PROG          9000                       102            60                                                     
        104 Bruce           Ernst           BERNST     590.423.4568         21-MAY-91 IT_PROG          6000                       103            60                                                     
        107 Diana           Lorentz         DLORENTZ   590.423.5567         07-FEB-99 IT_PROG          4200                       103            60                                                     
        124 Kevin           Mourgos         KMOURGOS   650.123.5234         16-NOV-99 ST_MAN           5800                       100            50                                                     
        141 Trenna          Rajs            TRAJS      650.121.8009         17-OCT-95 ST_CLERK         3500                       124            50                                                     
        142 Curtis          Davies          CDAVIES    650.121.2994         29-JAN-97 ST_CLERK         3100                       124            50                                                     
        143 Randall         Matos           RMATOS     650.121.2874         15-MAR-98 ST_CLERK         2600                       124            50                                                     
        144 Peter           Vargas          PVARGAS    650.121.2004         09-JUL-98 ST_CLERK         2500                       124            50                                                     
        149 Eleni           Zlotkey         EZLOTKEY   011.44.1344.429018   29-JAN-00 SA_MAN          10500             .2        100            80                                                     
        174 Ellen           Abel            EABEL      011.44.1644.429267   11-MAY-96 SA_REP          11000             .3        149            80                                                     
        176 Jonathon        Taylor          JTAYLOR    011.44.1644.429265   24-MAR-98 SA_REP           8600             .3        149            80                                                     
        178 Kimerely        Grant           KGRANT     011.44.1644.429263   24-MAY-99 SA_REP           7000            .15        149                                                                   
        200 Jennifer        Whalen          JWHALEN    515.123.4444         17-SEP-87 AD_ASST          4400                       101            10                                                     
        201 Michael         Hartstein       MHARTSTE   515.123.5555         17-FEB-96 MK_MAN          13000                       100            20                                                     
        202 Pat             Fay             PFAY       603.123.6666         17-AUG-97 MK_REP           6000                       201            20                                                     
        205 Shelley         Higgins         SHIGGINS   515.123.8080         07-JUN-94 AC_MGR          12000                       101           110                                                     
        206 William         Gietz           WGIETZ     515.123.8181         07-JUN-94 AC_ACCOUNT       8300                       205           110                                                     

20 rows selected.

SQL> SELECT * FROM DEPARTMENTS;

DEPARTMENT_ID DEPARTMENT_NAME                MANAGER_ID LOCATION_ID                                                                                                                                     
------------- ------------------------------ ---------- -----------                                                                                                                                     
           10 Administration                        200        1700                                                                                                                                     
           20 Marketing                             201        1800                                                                                                                                     
           50 Shiping                               124        1500                                                                                                                                     
           60 IT                                    103        1400                                                                                                                                     
           80 Sales                                 149        2500                                                                                                                                     
           90 Executive                             100        1700                                                                                                                                     
          110 Accounting                            205        1700                                                                                                                                     
          190 Contracting                                      1700                                                                                                                                     

8 rows selected.

SQL> REM WRITE DEPARTMENT_NAME OF Diana
SQL> 
SQL> REM WRITE FIRST_NAME WHO WORKS IN Accounting DEPARTMENT
SQL> 
SQL> REM WRITE LAST_NAME WHO WORKS IN Sales DEPARTMENT
SQL> 
SQL> REM WRITE FIRST_NAME OF THE EMPLOYEE WHO IS HEAD OF Shiping DEPARTMENT
SQL> 
SQL> REM SELECT SYNTAX : SELECT what_to_display FROM table_name;
SQL> 
SQL> SELECT FIRST_NAME FROM EMPLOYEES;

FIRST_NAME                                                                                                                                                                                              
---------------                                                                                                                                                                                          
Steven                                                                                                                                                                                                  
Neena                                                                                                                                                                                                   
Lex                                                                                                                                                                                                     
Alexander                                                                                                                                                                                               
Bruce                                                                                                                                                                                                   
Diana                                                                                                                                                                                                   
Kevin                                                                                                                                                                                                   
Trenna                                                                                                                                                                                                  
Curtis                                                                                                                                                                                                  
Randall                                                                                                                                                                                                 
Peter                                                                                                                                                                                                   
Eleni                                                                                                                                                                                                   
Ellen                                                                                                                                                                                                   
Jonathon                                                                                                                                                                                                
Kimerely                                                                                                                                                                                                
Jennifer                                                                                                                                                                                                
Michael                                                                                                                                                                                                 
Pat                                                                                                                                                                                                     
Shelley                                                                                                                                                                                                 
William                                                                                                                                                                                                 

20 rows selected.

SQL> SELECT FIRST_NAME , SALARY FROM EMPLOYEES;

FIRST_NAME          SALARY                                                                                                                                                                              
--------------- ----------                                                                                                                                                                              
Steven               24000                                                                                                                                                                              
Neena                17000                                                                                                                                                                              
Lex                  17000                                                                                                                                                                              
Alexander             9000                                                                                                                                                                              
Bruce                 6000                                                                                                                                                                              
Diana                 4200                                                                                                                                                                              
Kevin                 5800                                                                                                                                                                              
Trenna                3500                                                                                                                                                                              
Curtis                3100                                                                                                                                                                              
Randall               2600                                                                                                                                                                              
Peter                 2500                                                                                                                                                                              
Eleni                10500                                                                                                                                                                              
Ellen                11000                                                                                                                                                                              
Jonathon              8600                                                                                                                                                                              
Kimerely              7000                                                                                                                                                                              
Jennifer              4400                                                                                                                                                                              
Michael              13000                                                                                                                                                                              
Pat                   6000                                                                                                                                                                              
Shelley              12000                                                                                                                                                                              
William               8300                                                                                                                                                                              

20 rows selected.

SQL> SELECT FIRST_NAME , SALARY , JOB_ID , HIRE_DATE FROM EMPLOYEES;

FIRST_NAME          SALARY JOB_ID     HIRE_DATE                                                                                                                                                         
--------------- ---------- ---------- ---------                                                                                                                                                         
Steven               24000 AD_PRES    17-JUL-87                                                                                                                                                         
Neena                17000 AD_VP      21-SEP-89                                                                                                                                                         
Lex                  17000 AD_VP      13-JAN-93                                                                                                                                                         
Alexander             9000 IT_PROG    03-JAN-90                                                                                                                                                         
Bruce                 6000 IT_PROG    21-MAY-91                                                                                                                                                         
Diana                 4200 IT_PROG    07-FEB-99                                                                                                                                                         
Kevin                 5800 ST_MAN     16-NOV-99                                                                                                                                                         
Trenna                3500 ST_CLERK   17-OCT-95                                                                                                                                                         
Curtis                3100 ST_CLERK   29-JAN-97                                                                                                                                                         
Randall               2600 ST_CLERK   15-MAR-98                                                                                                                                                         
Peter                 2500 ST_CLERK   09-JUL-98                                                                                                                                                         
Eleni                10500 SA_MAN     29-JAN-00                                                                                                                                                         
Ellen                11000 SA_REP     11-MAY-96                                                                                                                                                         
Jonathon              8600 SA_REP     24-MAR-98                                                                                                                                                         
Kimerely              7000 SA_REP     24-MAY-99                                                                                                                                                         
Jennifer              4400 AD_ASST    17-SEP-87                                                                                                                                                         
Michael              13000 MK_MAN     17-FEB-96                                                                                                                                                         
Pat                   6000 MK_REP     17-AUG-97                                                                                                                                                         
Shelley              12000 AC_MGR     07-JUN-94                                                                                                                                                         
William               8300 AC_ACCOUNT 07-JUN-94                                                                                                                                                         

20 rows selected.

SQL> SELECT * FROM EMPLOYEES;

EMPLOYEE_ID FIRST_NAME      LAST_NAME       EMAIL      PHONE_NUMBER         HIRE_DATE JOB_ID         SALARY COMMISSION_PCT MANAGER_ID DEPARTMENT_ID                                                     
----------- --------------- --------------- ---------- -------------------- --------- ---------- ---------- -------------- ---------- -------------                                                     
        100 Steven          King            SKING      515.123.4567         17-JUL-87 AD_PRES         24000                                      90                                                     
        101 Neena           Kochhar         NKOCHHAR   515.123.4568         21-SEP-89 AD_VP           17000                       100            90                                                     
        102 Lex             De Haan         LDEHAAN    515.123.4569         13-JAN-93 AD_VP           17000                       100            90                                                     
        103 Alexander       Hunold          AHUNOLD    590.423.4567         03-JAN-90 IT_PROG          9000                       102            60                                                     
        104 Bruce           Ernst           BERNST     590.423.4568         21-MAY-91 IT_PROG          6000                       103            60                                                     
        107 Diana           Lorentz         DLORENTZ   590.423.5567         07-FEB-99 IT_PROG          4200                       103            60                                                     
        124 Kevin           Mourgos         KMOURGOS   650.123.5234         16-NOV-99 ST_MAN           5800                       100            50                                                     
        141 Trenna          Rajs            TRAJS      650.121.8009         17-OCT-95 ST_CLERK         3500                       124            50                                                     
        142 Curtis          Davies          CDAVIES    650.121.2994         29-JAN-97 ST_CLERK         3100                       124            50                                                     
        143 Randall         Matos           RMATOS     650.121.2874         15-MAR-98 ST_CLERK         2600                       124            50                                                     
        144 Peter           Vargas          PVARGAS    650.121.2004         09-JUL-98 ST_CLERK         2500                       124            50                                                     
        149 Eleni           Zlotkey         EZLOTKEY   011.44.1344.429018   29-JAN-00 SA_MAN          10500             .2        100            80                                                     
        174 Ellen           Abel            EABEL      011.44.1644.429267   11-MAY-96 SA_REP          11000             .3        149            80                                                     
        176 Jonathon        Taylor          JTAYLOR    011.44.1644.429265   24-MAR-98 SA_REP           8600             .3        149            80                                                     
        178 Kimerely        Grant           KGRANT     011.44.1644.429263   24-MAY-99 SA_REP           7000            .15        149                                                                   
        200 Jennifer        Whalen          JWHALEN    515.123.4444         17-SEP-87 AD_ASST          4400                       101            10                                                     
        201 Michael         Hartstein       MHARTSTE   515.123.5555         17-FEB-96 MK_MAN          13000                       100            20                                                     
        202 Pat             Fay             PFAY       603.123.6666         17-AUG-97 MK_REP           6000                       201            20                                                     
        205 Shelley         Higgins         SHIGGINS   515.123.8080         07-JUN-94 AC_MGR          12000                       101           110                                                     
        206 William         Gietz           WGIETZ     515.123.8181         07-JUN-94 AC_ACCOUNT       8300                       205           110                                                     

20 rows selected.

SQL> REM * IS CALLED META CHARACTER
SQL> 
SQL> REM * IS AN EASY WAY TO DISPLAY ALL COLUMNS OF THE TABLE
SQL> 
SQL> REM PROJECTION : DISPLAYING SOME OF THE COLUMNS OF OUR CHOICE
SQL> 
SQL> SELECT FIRST_NAME FROM EMPLOYEES;

FIRST_NAME                                                                                                                                                                                              
---------------                                                                                                                                                                                         
Steven                                                                                                                                                                                                  
Neena                                                                                                                                                                                                   
Lex                                                                                                                                                                                                     
Alexander                                                                                                                                                                                               
Bruce                                                                                                                                                                                                   
Diana                                                                                                                                                                                                   
Kevin                                                                                                                                                                                                   
Trenna                                                                                                                                                                                                  
Curtis                                                                                                                                                                                                  
Randall                                                                                                                                                                                                 
Peter                                                                                                                                                                                                   
Eleni                                                                                                                                                                                                   
Ellen                                                                                                                                                                                                   
Jonathon                                                                                                                                                                                                
Kimerely                                                                                                                                                                                                
Jennifer                                                                                                                                                                                                
Michael                                                                                                                                                                                                 
Pat                                                                                                                                                                                                     
Shelley                                                                                                                                                                                                 
William                                                                                                                                                                                                 

20 rows selected.

SQL> SELECT FIRST_NAME , SALARY FROM EMPLOYEES;

FIRST_NAME          SALARY                                                                                                                                                                              
--------------- ----------                                                                                                                                                                              
Steven               24000                                                                                                                                                                              
Neena                17000                                                                                                                                                                              
Lex                  17000                                                                                                                                                                              
Alexander             9000                                                                                                                                                                              
Bruce                 6000                                                                                                                                                                              
Diana                 4200                                                                                                                                                                              
Kevin                 5800                                                                                                                                                                              
Trenna                3500                                                                                                                                                                              
Curtis                3100                                                                                                                                                                              
Randall               2600                                                                                                                                                                              
Peter                 2500                                                                                                                                                                              
Eleni                10500                                                                                                                                                                              
Ellen                11000                                                                                                                                                                              
Jonathon              8600                                                                                                                                                                              
Kimerely              7000                                                                                                                                                                              
Jennifer              4400                                                                                                                                                                              
Michael              13000                                                                                                                                                                              
Pat                   6000                                                                                                                                                                              
Shelley              12000                                                                                                                                                                              
William               8300                                                                                                                                                                              

20 rows selected.

SQL> SELECT FIRST_NAME , SALARY , HIRE_DATE FROM EMPLOYEES;

FIRST_NAME          SALARY HIRE_DATE                                                                                                                                                                    
--------------- ---------- ---------                                                                                                                                                                    
Steven               24000 17-JUL-87                                                                                                                                                                    
Neena                17000 21-SEP-89                                                                                                                                                                    
Lex                  17000 13-JAN-93                                                                                                                                                                    
Alexander             9000 03-JAN-90                                                                                                                                                                    
Bruce                 6000 21-MAY-91                                                                                                                                                                    
Diana                 4200 07-FEB-99                                                                                                                                                                    
Kevin                 5800 16-NOV-99                                                                                                                                                                    
Trenna                3500 17-OCT-95                                                                                                                                                                    
Curtis                3100 29-JAN-97                                                                                                                                                                    
Randall               2600 15-MAR-98                                                                                                                                                                    
Peter                 2500 09-JUL-98                                                                                                                                                                    
Eleni                10500 29-JAN-00                                                                                                                                                                    
Ellen                11000 11-MAY-96                                                                                                                                                                    
Jonathon              8600 24-MAR-98                                                                                                                                                                    
Kimerely              7000 24-MAY-99                                                                                                                                                                    
Jennifer              4400 17-SEP-87                                                                                                                                                                    
Michael              13000 17-FEB-96                                                                                                                                                                    
Pat                   6000 17-AUG-97                                                                                                                                                                    
Shelley              12000 07-JUN-94                                                                                                                                                                    
William               8300 07-JUN-94                                                                                                                                                                    

20 rows selected.

SQL> SELECT , FIRST_NAME , SALARY , HIRE_DATE FROM EMPLOYEES;
SELECT , FIRST_NAME , SALARY , HIRE_DATE FROM EMPLOYEES
       *
ERROR at line 1:
ORA-00936: missing expression 


SQL> SELECT FIRST_NAME , SALARY , HIRE_DATE , FROM EMPLOYEES;
SELECT FIRST_NAME , SALARY , HIRE_DATE , FROM EMPLOYEES
                                         *
ERROR at line 1:
ORA-00936: missing expression 


SQL> SELECT FIRST_NAME , SALARY HIRE_DATE FROM EMPLOYEES;

FIRST_NAME       HIRE_DATE                                                                                                                                                                              
--------------- ----------                                                                                                                                                                              
Steven               24000                                                                                                                                                                              
Neena                17000                                                                                                                                                                              
Lex                  17000                                                                                                                                                                              
Alexander             9000                                                                                                                                                                              
Bruce                 6000                                                                                                                                                                              
Diana                 4200                                                                                                                                                                              
Kevin                 5800                                                                                                                                                                              
Trenna                3500                                                                                                                                                                              
Curtis                3100                                                                                                                                                                              
Randall               2600                                                                                                                                                                              
Peter                 2500                                                                                                                                                                              
Eleni                10500                                                                                                                                                                              
Ellen                11000                                                                                                                                                                              
Jonathon              8600                                                                                                                                                                              
Kimerely              7000                                                                                                                                                                              
Jennifer              4400                                                                                                                                                                              
Michael              13000                                                                                                                                                                              
Pat                   6000                                                                                                                                                                              
Shelley              12000                                                                                                                                                                              
William               8300                                                                                                                                                                              

20 rows selected.

SQL> SELECT FIRST_NAME , SALARY , DEPARTMENT_ID , HIRE_DATE , FROM EMPLOYEES;
SELECT FIRST_NAME , SALARY , DEPARTMENT_ID , HIRE_DATE , FROM EMPLOYEES
                                                         *
ERROR at line 1:
ORA-00936: missing expression 


SQL> SELECT FIRST_NAME , SALARY , DEPARTMENT_ID , HIRE_DATE FROM EMPLOYEES;

FIRST_NAME          SALARY DEPARTMENT_ID HIRE_DATE                                                                                                                                                      
--------------- ---------- ------------- ---------                                                                                                                                                      
Steven               24000            90 17-JUL-87                                                                                                                                                      
Neena                17000            90 21-SEP-89                                                                                                                                                      
Lex                  17000            90 13-JAN-93                                                                                                                                                      
Alexander             9000            60 03-JAN-90                                                                                                                                                      
Bruce                 6000            60 21-MAY-91                                                                                                                                                      
Diana                 4200            60 07-FEB-99                                                                                                                                                      
Kevin                 5800            50 16-NOV-99                                                                                                                                                      
Trenna                3500            50 17-OCT-95                                                                                                                                                      
Curtis                3100            50 29-JAN-97                                                                                                                                                      
Randall               2600            50 15-MAR-98                                                                                                                                                      
Peter                 2500            50 09-JUL-98                                                                                                                                                      
Eleni                10500            80 29-JAN-00                                                                                                                                                      
Ellen                11000            80 11-MAY-96                                                                                                                                                      
Jonathon              8600            80 24-MAR-98                                                                                                                                                      
Kimerely              7000               24-MAY-99                                                                                                                                                      
Jennifer              4400            10 17-SEP-87                                                                                                                                                      
Michael              13000            20 17-FEB-96                                                                                                                                                      
Pat                   6000            20 17-AUG-97                                                                                                                                                      
Shelley              12000           110 07-JUN-94                                                                                                                                                      
William               8300           110 07-JUN-94                                                                                                                                                      

20 rows selected.

SQL> SELECT FIRST_NAME LAST_NAME , SALARY HIRE_DATE , MANAGER_ID , EMPLOYEE_ID FROM EMPLOYEES;

LAST_NAME        HIRE_DATE MANAGER_ID EMPLOYEE_ID                                                                                                                                                       
--------------- ---------- ---------- -----------                                                                                                                                                       
Steven               24000                    100                                                                                                                                                       
Neena                17000        100         101                                                                                                                                                       
Lex                  17000        100         102                                                                                                                                                       
Alexander             9000        102         103                                                                                                                                                       
Bruce                 6000        103         104                                                                                                                                                       
Diana                 4200        103         107                                                                                                                                                       
Kevin                 5800        100         124                                                                                                                                                       
Trenna                3500        124         141                                                                                                                                                       
Curtis                3100        124         142                                                                                                                                                       
Randall               2600        124         143                                                                                                                                                       
Peter                 2500        124         144                                                                                                                                                       
Eleni                10500        100         149                                                                                                                                                       
Ellen                11000        149         174                                                                                                                                                       
Jonathon              8600        149         176                                                                                                                                                       
Kimerely              7000        149         178                                                                                                                                                       
Jennifer              4400        101         200                                                                                                                                                       
Michael              13000        100         201                                                                                                                                                       
Pat                   6000        201         202                                                                                                                                                       
Shelley              12000        101         205                                                                                                                                                       
William               8300        205         206                                                                                                                                                       

20 rows selected.

SQL> REM / * + -
> 
SQL> REM / DIVISION
SQL> 
SQL> REM * MULTIPLICATION
SQL> 
SQL> REM + ADDITION
SQL> 
SQL> REM - SUBTRACTION
SQL> 
SQL> SELECT FIRST_NAME , SALARY FROM EMPLOYEES;

FIRST_NAME          SALARY                                                                                                                                                                              
--------------- ----------                                                                                                                                                                              
Steven               24000                                                                                                                                                                              
Neena                17000                                                                                                                                                                              
Lex                  17000                                                                                                                                                                              
Alexander             9000                                                                                                                                                                              
Bruce                 6000                                                                                                                                                                              
Diana                 4200                                                                                                                                                                              
Kevin                 5800                                                                                                                                                                              
Trenna                3500                                                                                                                                                                              
Curtis                3100                                                                                                                                                                              
Randall               2600                                                                                                                                                                              
Peter                 2500                                                                                                                                                                              
Eleni                10500                                                                                                                                                                              
Ellen                11000                                                                                                                                                                              
Jonathon              8600                                                                                                                                                                              
Kimerely              7000                                                                                                                                                                              
Jennifer              4400                                                                                                                                                                              
Michael              13000                                                                                                                                                                              
Pat                   6000                                                                                                                                                                              
Shelley              12000                                                                                                                                                                              
William               8300                                                                                                                                                                              

20 rows selected.

SQL> REM 1 MONTH = ?? (28/29/30/31) DAYS
SQL> 
SQL> REM 1 MONTH = 30 DAYS
SQL> 
SQL> REM DAILY SALARY = SALARY / 30
SQL> 
SQL> SELECT FIRST_NAME , SALARY , SALARY / 30 FROM EMPLOYEES;

FIRST_NAME          SALARY  SALARY/30                                                                                                                                                                   
--------------- ---------- ----------                                                                                                                                                                   
Steven               24000        800                                                                                                                                                                   
Neena                17000 566.666667                                                                                                                                                                   
Lex                  17000 566.666667                                                                                                                                                                   
Alexander             9000        300                                                                                                                                                                   
Bruce                 6000        200                                                                                                                                                                   
Diana                 4200        140                                                                                                                                                                   
Kevin                 5800 193.333333                                                                                                                                                                   
Trenna                3500 116.666667                                                                                                                                                                   
Curtis                3100 103.333333                                                                                                                                                                   
Randall               2600 86.6666667                                                                                                                                                                   
Peter                 2500 83.3333333                                                                                                                                                                   
Eleni                10500        350                                                                                                                                                                   
Ellen                11000 366.666667                                                                                                                                                                   
Jonathon              8600 286.666667                                                                                                                                                                   
Kimerely              7000 233.333333                                                                                                                                                                   
Jennifer              4400 146.666667                                                                                                                                                                   
Michael              13000 433.333333                                                                                                                                                                   
Pat                   6000        200                                                                                                                                                                   
Shelley              12000        400                                                                                                                                                                   
William               8300 276.666667                                                                                                                                                                   

20 rows selected.

SQL> REM YEARLY SALARY = SALARY * 12
SQL> 
SQL> SELECT FIRST_NAME , SALARY , SALARY * 12 FROM EMPLOYEES;

FIRST_NAME          SALARY  SALARY*12                                                                                                                                                                   
--------------- ---------- ----------                                                                                                                                                                   
Steven               24000     288000                                                                                                                                                                   
Neena                17000     204000                                                                                                                                                                   
Lex                  17000     204000                                                                                                                                                                   
Alexander             9000     108000                                                                                                                                                                   
Bruce                 6000      72000                                                                                                                                                                   
Diana                 4200      50400                                                                                                                                                                   
Kevin                 5800      69600                                                                                                                                                                   
Trenna                3500      42000                                                                                                                                                                   
Curtis                3100      37200                                                                                                                                                                   
Randall               2600      31200                                                                                                                                                                   
Peter                 2500      30000                                                                                                                                                                   
Eleni                10500     126000                                                                                                                                                                   
Ellen                11000     132000                                                                                                                                                                   
Jonathon              8600     103200                                                                                                                                                                   
Kimerely              7000      84000                                                                                                                                                                   
Jennifer              4400      52800                                                                                                                                                                   
Michael              13000     156000                                                                                                                                                                   
Pat                   6000      72000                                                                                                                                                                   
Shelley              12000     144000                                                                                                                                                                   
William               8300      99600                                                                                                                                                                   

20 rows selected.

SQL> SELECT FIRST_NAME , SALARY , SALARY + 1200 FROM EMPLOYEES;

FIRST_NAME          SALARY SALARY+1200                                                                                                                                                                  
--------------- ---------- -----------                                                                                                                                                                  
Steven               24000       25200                                                                                                                                                                  
Neena                17000       18200                                                                                                                                                                  
Lex                  17000       18200                                                                                                                                                                  
Alexander             9000       10200                                                                                                                                                                  
Bruce                 6000        7200                                                                                                                                                                  
Diana                 4200        5400                                                                                                                                                                  
Kevin                 5800        7000                                                                                                                                                                  
Trenna                3500        4700                                                                                                                                                                  
Curtis                3100        4300                                                                                                                                                                  
Randall               2600        3800                                                                                                                                                                  
Peter                 2500        3700                                                                                                                                                                  
Eleni                10500       11700                                                                                                                                                                  
Ellen                11000       12200                                                                                                                                                                  
Jonathon              8600        9800                                                                                                                                                                  
Kimerely              7000        8200                                                                                                                                                                  
Jennifer              4400        5600                                                                                                                                                                  
Michael              13000       14200                                                                                                                                                                  
Pat                   6000        7200                                                                                                                                                                  
Shelley              12000       13200                                                                                                                                                                  
William               8300        9500                                                                                                                                                                  

20 rows selected.

SQL> SELECT FIRST_NAME , SALARY , SALARY - 500 FROM EMPLOYEES;

FIRST_NAME          SALARY SALARY-500                                                                                                                                                                   
--------------- ---------- ----------                                                                                                                                                                   
Steven               24000      23500                                                                                                                                                                   
Neena                17000      16500                                                                                                                                                                   
Lex                  17000      16500                                                                                                                                                                   
Alexander             9000       8500                                                                                                                                                                   
Bruce                 6000       5500                                                                                                                                                                   
Diana                 4200       3700                                                                                                                                                                   
Kevin                 5800       5300                                                                                                                                                                   
Trenna                3500       3000                                                                                                                                                                   
Curtis                3100       2600                                                                                                                                                                   
Randall               2600       2100                                                                                                                                                                   
Peter                 2500       2000                                                                                                                                                                   
Eleni                10500      10000                                                                                                                                                                   
Ellen                11000      10500                                                                                                                                                                   
Jonathon              8600       8100                                                                                                                                                                   
Kimerely              7000       6500                                                                                                                                                                   
Jennifer              4400       3900                                                                                                                                                                   
Michael              13000      12500                                                                                                                                                                   
Pat                   6000       5500                                                                                                                                                                   
Shelley              12000      11500                                                                                                                                                                   
William               8300       7800                                                                                                                                                                   

20 rows selected.

SQL> REM ARITHMETIC OPERATORS : / * + -
SQL>
SQL> REM CONCATENATION OPERATOR : ||
SQL> 
SQL> REM CONCATENATION OPERATOR : || : TO JOIN/CLUB TWO ITEMS
SQL> 
SQL> SELECT FIRST_NAME , LAST_NAME FROM EMPLOYEES;

FIRST_NAME      LAST_NAME                                                                                                                                                                               
--------------- ---------------                                                                                                                                                                         
Steven          King                                                                                                                                                                                    
Neena           Kochhar                                                                                                                                                                                 
Lex             De Haan                                                                                                                                                                                 
Alexander       Hunold                                                                                                                                                                                  
Bruce           Ernst                                                                                                                                                                                   
Diana           Lorentz                                                                                                                                                                                 
Kevin           Mourgos                                                                                                                                                                                 
Trenna          Rajs                                                                                                                                                                                    
Curtis          Davies                                                                                                                                                                                  
Randall         Matos                                                                                                                                                                                   
Peter           Vargas                                                                                                                                                                                  
Eleni           Zlotkey                                                                                                                                                                                 
Ellen           Abel                                                                                                                                                                                    
Jonathon        Taylor                                                                                                                                                                                  
Kimerely        Grant                                                                                                                                                                                   
Jennifer        Whalen                                                                                                                                                                                  
Michael         Hartstein                                                                                                                                                                               
Pat             Fay                                                                                                                                                                                     
Shelley         Higgins                                                                                                                                                                                 
William         Gietz                                                                                                                                                                                   

20 rows selected.

SQL> SELECT FIRST_NAME || LAST_NAME FROM EMPLOYEES;

FIRST_NAME||LAST_NAME                                                                                                                                                                                   
------------------------------                                                                                                                                                                          
StevenKing                                                                                                                                                                                              
NeenaKochhar                                                                                                                                                                                            
LexDe Haan                                                                                                                                                                                              
AlexanderHunold                                                                                                                                                                                         
BruceErnst                                                                                                                                                                                              
DianaLorentz                                                                                                                                                                                            
KevinMourgos                                                                                                                                                                                            
TrennaRajs                                                                                                                                                                                              
CurtisDavies                                                                                                                                                                                            
RandallMatos                                                                                                                                                                                            
PeterVargas                                                                                                                                                                                             
EleniZlotkey                                                                                                                                                                                            
EllenAbel                                                                                                                                                                                               
JonathonTaylor                                                                                                                                                                                          
KimerelyGrant                                                                                                                                                                                           
JenniferWhalen                                                                                                                                                                                          
MichaelHartstein                                                                                                                                                                                        
PatFay                                                                                                                                                                                                  
ShelleyHiggins                                                                                                                                                                                          
WilliamGietz                                                                                                                                                                                            

20 rows selected.

SQL> SELECT FIRST_NAME || LAST_NAME || HIRE_DATE FROM EMPLOYEES;

FIRST_NAME||LAST_NAME||HIRE_DATE                                                                                                                                                                        
------------------------------------------------                                                                                                                                                        
StevenKing17-JUL-87                                                                                                                                                                                     
NeenaKochhar21-SEP-89                                                                                                                                                                                   
LexDe Haan13-JAN-93                                                                                                                                                                                     
AlexanderHunold03-JAN-90                                                                                                                                                                                
BruceErnst21-MAY-91                                                                                                                                                                                     
DianaLorentz07-FEB-99                                                                                                                                                                                   
KevinMourgos16-NOV-99                                                                                                                                                                                   
TrennaRajs17-OCT-95                                                                                                                                                                                     
CurtisDavies29-JAN-97                                                                                                                                                                                   
RandallMatos15-MAR-98                                                                                                                                                                                   
PeterVargas09-JUL-98                                                                                                                                                                                    
EleniZlotkey29-JAN-00                                                                                                                                                                                   
EllenAbel11-MAY-96                                                                                                                                                                                      
JonathonTaylor24-MAR-98                                                                                                                                                                                 
KimerelyGrant24-MAY-99                                                                                                                                                                                  
JenniferWhalen17-SEP-87                                                                                                                                                                                 
MichaelHartstein17-FEB-96                                                                                                                                                                               
PatFay17-AUG-97                                                                                                                                                                                         
ShelleyHiggins07-JUN-94                                                                                                                                                                                 
WilliamGietz07-JUN-94                                                                                                                                                                                   

20 rows selected.

SQL> SELECT FIRST_NAME || SALARY || HIRE_DATE FROM EMPLOYEES;

FIRST_NAME||SALARY||HIRE_DATE                                                                                                                                                                           
-------------------------------------------------------------------------                                                                                                                               
Steven2400017-JUL-87                                                                                                                                                                                    
Neena1700021-SEP-89                                                                                                                                                                                     
Lex1700013-JAN-93                                                                                                                                                                                       
Alexander900003-JAN-90                                                                                                                                                                                  
Bruce600021-MAY-91                                                                                                                                                                                      
Diana420007-FEB-99                                                                                                                                                                                      
Kevin580016-NOV-99                                                                                                                                                                                      
Trenna350017-OCT-95                                                                                                                                                                                     
Curtis310029-JAN-97                                                                                                                                                                                     
Randall260015-MAR-98                                                                                                                                                                                    
Peter250009-JUL-98                                                                                                                                                                                      
Eleni1050029-JAN-00                                                                                                                                                                                     
Ellen1100011-MAY-96                                                                                                                                                                                     
Jonathon860024-MAR-98                                                                                                                                                                                   
Kimerely700024-MAY-99                                                                                                                                                                                   
Jennifer440017-SEP-87                                                                                                                                                                                   
Michael1300017-FEB-96                                                                                                                                                                                   
Pat600017-AUG-97                                                                                                                                                                                        
Shelley1200007-JUN-94                                                                                                                                                                                   
William830007-JUN-94                                                                                                                                                                                    

20 rows selected.

SQL> SELECT || FIRST_NAME || LAST_NAME || HIRE_DATE FROM EMPLOYEES;
SELECT || FIRST_NAME || LAST_NAME || HIRE_DATE FROM EMPLOYEES
       *
ERROR at line 1:
ORA-00936: missing expression 


SQL> SELECT FIRST_NAME || SALARY || HIRE_DATE || FROM EMPLOYEES;
SELECT FIRST_NAME || SALARY || HIRE_DATE || FROM EMPLOYEES
                                            *
ERROR at line 1:
ORA-00936: missing expression 


SQL> SELECT FIRST_NAME || LAST_NAME FROM EMPLOYEES;

FIRST_NAME||LAST_NAME                                                                                                                                                                                   
------------------------------                                                                                                                                                                          
StevenKing                                                                                                                                                                                              
NeenaKochhar                                                                                                                                                                                            
LexDe Haan                                                                                                                                                                                              
AlexanderHunold                                                                                                                                                                                         
BruceErnst                                                                                                                                                                                              
DianaLorentz                                                                                                                                                                                            
KevinMourgos                                                                                                                                                                                            
TrennaRajs                                                                                                                                                                                              
CurtisDavies                                                                                                                                                                                            
RandallMatos                                                                                                                                                                                            
PeterVargas                                                                                                                                                                                             
EleniZlotkey                                                                                                                                                                                            
EllenAbel                                                                                                                                                                                               
JonathonTaylor                                                                                                                                                                                          
KimerelyGrant                                                                                                                                                                                           
JenniferWhalen                                                                                                                                                                                          
MichaelHartstein                                                                                                                                                                                        
PatFay                                                                                                                                                                                                  
ShelleyHiggins                                                                                                                                                                                          
WilliamGietz                                                                                                                                                                                            

20 rows selected.

SQL> SELECT FIRST_NAME || ' ' || LAST_NAME FROM EMPLOYEES;

FIRST_NAME||''||LAST_NAME                                                                                                                                                                               
-------------------------------                                                                                                                                                                         
Steven King                                                                                                                                                                                             
Neena Kochhar                                                                                                                                                                                           
Lex De Haan                                                                                                                                                                                             
Alexander Hunold                                                                                                                                                                                        
Bruce Ernst                                                                                                                                                                                             
Diana Lorentz                                                                                                                                                                                           
Kevin Mourgos                                                                                                                                                                                           
Trenna Rajs                                                                                                                                                                                             
Curtis Davies                                                                                                                                                                                           
Randall Matos                                                                                                                                                                                           
Peter Vargas                                                                                                                                                                                            
Eleni Zlotkey                                                                                                                                                                                           
Ellen Abel                                                                                                                                                                                              
Jonathon Taylor                                                                                                                                                                                         
Kimerely Grant                                                                                                                                                                                          
Jennifer Whalen                                                                                                                                                                                         
Michael Hartstein                                                                                                                                                                                       
Pat Fay                                                                                                                                                                                                 
Shelley Higgins                                                                                                                                                                                         
William Gietz                                                                                                                                                                                           

20 rows selected.

SQL> SELECT FIRST_NAME || '-' || LAST_NAME FROM EMPLOYEES;

FIRST_NAME||'-'||LAST_NAME                                                                                                                                                                              
-------------------------------                                                                                                                                                                         
Steven-King                                                                                                                                                                                             
Neena-Kochhar                                                                                                                                                                                           
Lex-De Haan                                                                                                                                                                                             
Alexander-Hunold                                                                                                                                                                                        
Bruce-Ernst                                                                                                                                                                                             
Diana-Lorentz                                                                                                                                                                                           
Kevin-Mourgos                                                                                                                                                                                           
Trenna-Rajs                                                                                                                                                                                             
Curtis-Davies                                                                                                                                                                                           
Randall-Matos                                                                                                                                                                                           
Peter-Vargas                                                                                                                                                                                            
Eleni-Zlotkey                                                                                                                                                                                           
Ellen-Abel                                                                                                                                                                                              
Jonathon-Taylor                                                                                                                                                                                         
Kimerely-Grant                                                                                                                                                                                          
Jennifer-Whalen                                                                                                                                                                                         
Michael-Hartstein                                                                                                                                                                                       
Pat-Fay                                                                                                                                                                                                 
Shelley-Higgins                                                                                                                                                                                         
William-Gietz                                                                                                                                                                                           

20 rows selected.

SQL> SELECT FIRST_NAME || ',' || LAST_NAME FROM EMPLOYEES;

FIRST_NAME||','||LAST_NAME                                                                                                                                                                              
-------------------------------                                                                                                                                                                         
Steven,King                                                                                                                                                                                             
Neena,Kochhar                                                                                                                                                                                           
Lex,De Haan                                                                                                                                                                                             
Alexander,Hunold                                                                                                                                                                                        
Bruce,Ernst                                                                                                                                                                                             
Diana,Lorentz                                                                                                                                                                                           
Kevin,Mourgos                                                                                                                                                                                           
Trenna,Rajs                                                                                                                                                                                             
Curtis,Davies                                                                                                                                                                                           
Randall,Matos                                                                                                                                                                                           
Peter,Vargas                                                                                                                                                                                            
Eleni,Zlotkey                                                                                                                                                                                           
Ellen,Abel                                                                                                                                                                                              
Jonathon,Taylor                                                                                                                                                                                         
Kimerely,Grant                                                                                                                                                                                          
Jennifer,Whalen                                                                                                                                                                                         
Michael,Hartstein                                                                                                                                                                                       
Pat,Fay                                                                                                                                                                                                 
Shelley,Higgins                                                                                                                                                                                         
William,Gietz                                                                                                                                                                                           

20 rows selected.

SQL> SELECT FIRST_NAME , JOB_ID FROM EMPLOYEES;

FIRST_NAME      JOB_ID                                                                                                                                                                                  
--------------- ----------                                                                                                                                                                              
Steven          AD_PRES                                                                                                                                                                                 
Neena           AD_VP                                                                                                                                                                                   
Lex             AD_VP                                                                                                                                                                                   
Alexander       IT_PROG                                                                                                                                                                                 
Bruce           IT_PROG                                                                                                                                                                                 
Diana           IT_PROG                                                                                                                                                                                 
Kevin           ST_MAN                                                                                                                                                                                  
Trenna          ST_CLERK                                                                                                                                                                                
Curtis          ST_CLERK                                                                                                                                                                                
Randall         ST_CLERK                                                                                                                                                                                
Peter           ST_CLERK                                                                                                                                                                                
Eleni           SA_MAN                                                                                                                                                                                  
Ellen           SA_REP                                                                                                                                                                                  
Jonathon        SA_REP                                                                                                                                                                                  
Kimerely        SA_REP                                                                                                                                                                                  
Jennifer        AD_ASST                                                                                                                                                                                 
Michael         MK_MAN                                                                                                                                                                                  
Pat             MK_REP                                                                                                                                                                                  
Shelley         AC_MGR                                                                                                                                                                                  
William         AC_ACCOUNT                                                                                                                                                                              

20 rows selected.

SQL> REM Steven works as AD_PRES.
SQL> REM Neena works as AD_VP.
SQL> 
SQL> REM William works as AC_ACCOUNT.
SQL> 
SQL> SELECT FIRST_NAME || ' works as ' || JOB_ID || '.' FROM EMPLOYEES;

FIRST_NAME||'WORKSAS'||JOB_ID||'.'                                                                                                                                                                      
------------------------------------                                                                                                                                                                    
Steven works as AD_PRES.                                                                                                                                                                                
Neena works as AD_VP.                                                                                                                                                                                   
Lex works as AD_VP.                                                                                                                                                                                     
Alexander works as IT_PROG.                                                                                                                                                                             
Bruce works as IT_PROG.                                                                                                                                                                                 
Diana works as IT_PROG.                                                                                                                                                                                 
Kevin works as ST_MAN.                                                                                                                                                                                  
Trenna works as ST_CLERK.                                                                                                                                                                               
Curtis works as ST_CLERK.                                                                                                                                                                               
Randall works as ST_CLERK.                                                                                                                                                                              
Peter works as ST_CLERK.                                                                                                                                                                                
Eleni works as SA_MAN.                                                                                                                                                                                  
Ellen works as SA_REP.                                                                                                                                                                                  
Jonathon works as SA_REP.                                                                                                                                                                               
Kimerely works as SA_REP.                                                                                                                                                                               
Jennifer works as AD_ASST.                                                                                                                                                                              
Michael works as MK_MAN.                                                                                                                                                                                
Pat works as MK_REP.                                                                                                                                                                                    
Shelley works as AC_MGR.                                                                                                                                                                                
William works as AC_ACCOUNT.                                                                                                                                                                            

20 rows selected.

SQL> SELECT LAST_NAME , SALARY FROM EMPLOYEES;

LAST_NAME           SALARY                                                                                                                                                                              
--------------- ----------                                                                                                                                                                              
King                 24000                                                                                                                                                                              
Kochhar              17000                                                                                                                                                                              
De Haan              17000                                                                                                                                                                              
Hunold                9000                                                                                                                                                                              
Ernst                 6000                                                                                                                                                                              
Lorentz               4200                                                                                                                                                                              
Mourgos               5800                                                                                                                                                                              
Rajs                  3500                                                                                                                                                                              
Davies                3100                                                                                                                                                                              
Matos                 2600                                                                                                                                                                              
Vargas                2500                                                                                                                                                                              
Zlotkey              10500                                                                                                                                                                              
Abel                 11000                                                                                                                                                                              
Taylor                8600                                                                                                                                                                              
Grant                 7000                                                                                                                                                                              
Whalen                4400                                                                                                                                                                              
Hartstein            13000                                                                                                                                                                              
Fay                   6000                                                                                                                                                                              
Higgins              12000                                                                                                                                                                              
Gietz                 8300                                                                                                                                                                              

20 rows selected.

SQL> REM King gets Rs.24000 as monthly salary.
SQL> 
SQL> SELECT LAST_NAME || ' get Rs.' || SALARY || ' as monthly salary.' FROM EMPLOYEES;

LAST_NAME||'GETRS.'||SALARY||'ASMONTHLYSALARY.'                                                                                                                                                         
----------------------------------------------------------------------------------                                                                                                                      
King get Rs.24000 as monthly salary.                                                                                                                                                                    
Kochhar get Rs.17000 as monthly salary.                                                                                                                                                                 
De Haan get Rs.17000 as monthly salary.                                                                                                                                                                 
Hunold get Rs.9000 as monthly salary.                                                                                                                                                                   
Ernst get Rs.6000 as monthly salary.                                                                                                                                                                    
Lorentz get Rs.4200 as monthly salary.                                                                                                                                                                  
Mourgos get Rs.5800 as monthly salary.                                                                                                                                                                  
Rajs get Rs.3500 as monthly salary.                                                                                                                                                                     
Davies get Rs.3100 as monthly salary.                                                                                                                                                                   
Matos get Rs.2600 as monthly salary.                                                                                                                                                                    
Vargas get Rs.2500 as monthly salary.                                                                                                                                                                   
Zlotkey get Rs.10500 as monthly salary.                                                                                                                                                                 
Abel get Rs.11000 as monthly salary.                                                                                                                                                                    
Taylor get Rs.8600 as monthly salary.                                                                                                                                                                   
Grant get Rs.7000 as monthly salary.                                                                                                                                                                    
Whalen get Rs.4400 as monthly salary.                                                                                                                                                                   
Hartstein get Rs.13000 as monthly salary.                                                                                                                                                               
Fay get Rs.6000 as monthly salary.                                                                                                                                                                      
Higgins get Rs.12000 as monthly salary.                                                                                                                                                                 
Gietz get Rs.8300 as monthly salary.                                                                                                                                                                    

20 rows selected.

SQL> REM * , PROJECTION , ARITHMETIC OPERATORS , CONCATENATION OPERATOR
SQL> 
SQL> SPOOL OFF
****************************************************************************************************************************
****************************************************************************************************************************
****************************************************************************************************************************
****************************************************************************************************************************
****************************************************************************************************************************
****************************************************************************************************************************
****************************************************************************************************************************
****************************************************************************************************************************
										CH1-2
SQL> 
SQL> CL SCR

SQL> REM * , PROJECTION , ARITHMETIC OPERATORS , CONCATENATION OPERATOR , ALIAS
SQL> 
SQL> SELECT FIRST_NAME , SALARY , SALARY * 12 FROM EMPLOYEES;

FIRST_NAME     SALARY  SALARY*12                                                                                                                                                                        
---------- ---------- ----------                                                                                                                                                                        
Steven          24000     288000                                                                                                                                                                        
Neena           17000     204000                                                                                                                                                                        
Lex             17000     204000                                                                                                                                                                        
Alexander        9000     108000                                                                                                                                                                        
Bruce            6000      72000                                                                                                                                                                        
Diana            4200      50400                                                                                                                                                                        
Kevin            5800      69600                                                                                                                                                                        
Trenna           3500      42000                                                                                                                                                                        
Curtis           3100      37200                                                                                                                                                                        
Randall          2600      31200                                                                                                                                                                        
Peter            2500      30000                                                                                                                                                                        
Eleni           10500     126000                                                                                                                                                                        
Ellen           11000     132000                                                                                                                                                                        
Jonathon         8600     103200                                                                                                                                                                        
Kimerely         7000      84000                                                                                                                                                                        
Jennifer         4400      52800                                                                                                                                                                        
Michael         13000     156000                                                                                                                                                                        
Pat              6000      72000                                                                                                                                                                        
Shelley         12000     144000                                                                                                                                                                        
William          8300      99600                                                                                                                                                                        

20 rows selected.

SQL> SELECT FIRST_NAME , SALARY , SALARY * 12 YEARLY_SALARY FROM EMPLOYEES;

FIRST_NAME     SALARY YEARLY_SALARY                                                                                                                                                                     
---------- ---------- -------------                                                                                                                                                                     
Steven          24000        288000                                                                                                                                                                     
Neena           17000        204000                                                                                                                                                                     
Lex             17000        204000                                                                                                                                                                     
Alexander        9000        108000                                                                                                                                                                     
Bruce            6000         72000                                                                                                                                                                     
Diana            4200         50400                                                                                                                                                                     
Kevin            5800         69600                                                                                                                                                                     
Trenna           3500         42000                                                                                                                                                                     
Curtis           3100         37200                                                                                                                                                                     
Randall          2600         31200                                                                                                                                                                     
Peter            2500         30000                                                                                                                                                                     
Eleni           10500        126000                                                                                                                                                                     
Ellen           11000        132000                                                                                                                                                                     
Jonathon         8600        103200                                                                                                                                                                     
Kimerely         7000         84000                                                                                                                                                                     
Jennifer         4400         52800                                                                                                                                                                     
Michael         13000        156000                                                                                                                                                                     
Pat              6000         72000                                                                                                                                                                     
Shelley         12000        144000                                                                                                                                                                     
William          8300         99600                                                                                                                                                                     

20 rows selected.

SQL> SELECT FIRST_NAME , SALARY , SALARY * 12 YEARLY_#$SALARY FROM EMPLOYEES;

FIRST_NAME     SALARY YEARLY_#$SALARY                                                                                                                                                                   
---------- ---------- ---------------                                                                                                                                                                   
Steven          24000          288000                                                                                                                                                                   
Neena           17000          204000                                                                                                                                                                   
Lex             17000          204000                                                                                                                                                                   
Alexander        9000          108000                                                                                                                                                                   
Bruce            6000           72000                                                                                                                                                                   
Diana            4200           50400                                                                                                                                                                   
Kevin            5800           69600                                                                                                                                                                   
Trenna           3500           42000                                                                                                                                                                   
Curtis           3100           37200                                                                                                                                                                   
Randall          2600           31200                                                                                                                                                                   
Peter            2500           30000                                                                                                                                                                   
Eleni           10500          126000                                                                                                                                                                   
Ellen           11000          132000                                                                                                                                                                   
Jonathon         8600          103200                                                                                                                                                                   
Kimerely         7000           84000                                                                                                                                                                   
Jennifer         4400           52800                                                                                                                                                                   
Michael         13000          156000                                                                                                                                                                   
Pat              6000           72000                                                                                                                                                                   
Shelley         12000          144000                                                                                                                                                                   
William          8300           99600                                                                                                                                                                   

20 rows selected.

SQL> SELECT FIRST_NAME , SALARY , SALARY * 12 YEARLY_#$SALARY FROM EMPLOYEES;

FIRST_NAME     SALARY YEARLY_#$SALARY                                                                                                                                                                   
---------- ---------- ---------------                                                                                                                                                                   
Steven          24000          288000                                                                                                                                                                   
Neena           17000          204000                                                                                                                                                                   
Lex             17000          204000                                                                                                                                                                   
Alexander        9000          108000                                                                                                                                                                   
Bruce            6000           72000                                                                                                                                                                   
Diana            4200           50400                                                                                                                                                                   
Kevin            5800           69600                                                                                                                                                                   
Trenna           3500           42000                                                                                                                                                                   
Curtis           3100           37200                                                                                                                                                                   
Randall          2600           31200                                                                                                                                                                   
Peter            2500           30000                                                                                                                                                                   
Eleni           10500          126000                                                                                                                                                                   
Ellen           11000          132000                                                                                                                                                                   
Jonathon         8600          103200                                                                                                                                                                   
Kimerely         7000           84000                                                                                                                                                                   
Jennifer         4400           52800                                                                                                                                                                   
Michael         13000          156000                                                                                                                                                                   
Pat              6000           72000                                                                                                                                                                   
Shelley         12000          144000                                                                                                                                                                   
William          8300           99600                                                                                                                                                                   

20 rows selected.

SQL> SELECT FIRST_NAME , SALARY , SALARY * 12 YEARLY_#$^SALARY FROM EMPLOYEES;
SELECT FIRST_NAME , SALARY , SALARY * 12 YEARLY_#$^SALARY FROM EMPLOYEES
                                                  *
ERROR at line 1:
ORA-00923: FROM keyword not found where expected 


SQL> SELECT FIRST_NAME , SALARY , SALARY * 12 "YEARLY_#$^SALARY" FROM EMPLOYEES;

FIRST_NAME     SALARY YEARLY_#$^SALARY                                                                                                                                                                  
---------- ---------- ----------------                                                                                                                                                                  
Steven          24000           288000                                                                                                                                                                  
Neena           17000           204000                                                                                                                                                                  
Lex             17000           204000                                                                                                                                                                  
Alexander        9000           108000                                                                                                                                                                  
Bruce            6000            72000                                                                                                                                                                  
Diana            4200            50400                                                                                                                                                                  
Kevin            5800            69600                                                                                                                                                                  
Trenna           3500            42000                                                                                                                                                                  
Curtis           3100            37200                                                                                                                                                                  
Randall          2600            31200                                                                                                                                                                  
Peter            2500            30000                                                                                                                                                                  
Eleni           10500           126000                                                                                                                                                                  
Ellen           11000           132000                                                                                                                                                                  
Jonathon         8600           103200                                                                                                                                                                  
Kimerely         7000            84000                                                                                                                                                                  
Jennifer         4400            52800                                                                                                                                                                  
Michael         13000           156000                                                                                                                                                                  
Pat              6000            72000                                                                                                                                                                  
Shelley         12000           144000                                                                                                                                                                  
William          8300            99600                                                                                                                                                                  

20 rows selected.

SQL> SELECT FIRST_NAME , SALARY , SALARY * 12 "YEARLY SALARY" FROM EMPLOYEES;

FIRST_NAME     SALARY YEARLY SALARY                                                                                                                                                                     
---------- ---------- -------------                                                                                                                                                                     
Steven          24000        288000                                                                                                                                                                     
Neena           17000        204000                                                                                                                                                                     
Lex             17000        204000                                                                                                                                                                     
Alexander        9000        108000                                                                                                                                                                     
Bruce            6000         72000                                                                                                                                                                     
Diana            4200         50400                                                                                                                                                                     
Kevin            5800         69600                                                                                                                                                                     
Trenna           3500         42000                                                                                                                                                                     
Curtis           3100         37200                                                                                                                                                                     
Randall          2600         31200                                                                                                                                                                     
Peter            2500         30000                                                                                                                                                                     
Eleni           10500        126000                                                                                                                                                                     
Ellen           11000        132000                                                                                                                                                                     
Jonathon         8600        103200                                                                                                                                                                     
Kimerely         7000         84000                                                                                                                                                                     
Jennifer         4400         52800                                                                                                                                                                     
Michael         13000        156000                                                                                                                                                                     
Pat              6000         72000                                                                                                                                                                     
Shelley         12000        144000                                                                                                                                                                     
William          8300         99600                                                                                                                                                                     

20 rows selected.

SQL> SELECT FIRST_NAME , SALARY , SALARY * 12 "Yearly Salary" FROM EMPLOYEES;

FIRST_NAME     SALARY Yearly Salary                                                                                                                                                                     
---------- ---------- -------------                                                                                                                                                                     
Steven          24000        288000                                                                                                                                                                     
Neena           17000        204000                                                                                                                                                                     
Lex             17000        204000                                                                                                                                                                     
Alexander        9000        108000                                                                                                                                                                     
Bruce            6000         72000                                                                                                                                                                     
Diana            4200         50400                                                                                                                                                                     
Kevin            5800         69600                                                                                                                                                                     
Trenna           3500         42000                                                                                                                                                                     
Curtis           3100         37200                                                                                                                                                                     
Randall          2600         31200                                                                                                                                                                     
Peter            2500         30000                                                                                                                                                                     
Eleni           10500        126000                                                                                                                                                                     
Ellen           11000        132000                                                                                                                                                                     
Jonathon         8600        103200                                                                                                                                                                     
Kimerely         7000         84000                                                                                                                                                                     
Jennifer         4400         52800                                                                                                                                                                     
Michael         13000        156000                                                                                                                                                                     
Pat              6000         72000                                                                                                                                                                     
Shelley         12000        144000                                                                                                                                                                     
William          8300         99600                                                                                                                                                                     

20 rows selected.

SQL> SELECT FIRST_NAME , SALARY , SALARY * 12 "select" FROM EMPLOYEES;

FIRST_NAME     SALARY     select                                                                                                                                                                        
---------- ---------- ----------                                                                                                                                                                        
Steven          24000     288000                                                                                                                                                                        
Neena           17000     204000                                                                                                                                                                        
Lex             17000     204000                                                                                                                                                                        
Alexander        9000     108000                                                                                                                                                                        
Bruce            6000      72000                                                                                                                                                                        
Diana            4200      50400                                                                                                                                                                        
Kevin            5800      69600                                                                                                                                                                        
Trenna           3500      42000                                                                                                                                                                        
Curtis           3100      37200                                                                                                                                                                        
Randall          2600      31200                                                                                                                                                                        
Peter            2500      30000                                                                                                                                                                        
Eleni           10500     126000                                                                                                                                                                        
Ellen           11000     132000                                                                                                                                                                        
Jonathon         8600     103200                                                                                                                                                                        
Kimerely         7000      84000                                                                                                                                                                        
Jennifer         4400      52800                                                                                                                                                                        
Michael         13000     156000                                                                                                                                                                        
Pat              6000      72000                                                                                                                                                                        
Shelley         12000     144000                                                                                                                                                                        
William          8300      99600                                                                                                                                                                        

20 rows selected.

SQL> SELECT 5 * 5 FROM DUAL;

       5*5                                                                                                                                                                                              
----------                                                                                                                                                                                              
        25                                                                                                                                                                                              

SQL> REM DUAL IS A DUMMY TABLE
SQL> 
SQL> REM DUAL IS SYSTEM GENERATED TABLE
SQL> 
SQL> REM DUAL HAS SINGLE COLUMN AND SINGLE ROW
SQL> 
SQL> SELECT 5 * 5 FROM EMPLOYEES;

       5*5                                                                                                                                                                                              
----------                                                                                                                                                                                              
        25                                                                                                                                                                                              
        25                                                                                                                                                                                              
        25                                                                                                                                                                                              
        25                                                                                                                                                                                              
        25                                                                                                                                                                                              
        25                                                                                                                                                                                              
        25                                                                                                                                                                                              
        25                                                                                                                                                                                              
        25                                                                                                                                                                                              
        25                                                                                                                                                                                              
        25                                                                                                                                                                                              
        25                                                                                                                                                                                              
        25                                                                                                                                                                                              
        25                                                                                                                                                                                              
        25                                                                                                                                                                                              
        25                                                                                                                                                                                              
        25                                                                                                                                                                                              
        25                                                                                                                                                                                              
        25                                                                                                                                                                                              
        25                                                                                                                                                                                              

20 rows selected.

SQL> SELECT DISTINCT 5 * 5 FROM EMPLOYEES;

       5*5                                                                                                                                                                                              
----------                                                                                                                                                                                              
        25                                                                                                                                                                                              

SQL> SELECT UNIQUE 5 * 5 FROM EMPLOYEES;

       5*5                                                                                                                                                                                              
----------                                                                                                                                                                                              
        25                                                                                                                                                                                              

SQL> SELECT DEPARTMENT_ID FROM EMPLOYEES;

DEPARTMENT_ID                                                                                                                                                                                           
-------------                                                                                                                                                                                           
           90                                                                                                                                                                                           
           90                                                                                                                                                                                           
           90                                                                                                                                                                                           
           60                                                                                                                                                                                           
           60                                                                                                                                                                                           
           60                                                                                                                                                                                           
           50                                                                                                                                                                                           
           50                                                                                                                                                                                           
           50                                                                                                                                                                                           
           50                                                                                                                                                                                           
           50                                                                                                                                                                                           
           80                                                                                                                                                                                           
           80                                                                                                                                                                                           
           80                                                                                                                                                                                           
                                                                                                                                                                                                        
           10                                                                                                                                                                                           
           20                                                                                                                                                                                           
           20                                                                                                                                                                                           
          110                                                                                                                                                                                           
          110                                                                                                                                                                                           

20 rows selected.

SQL> SELECT FIRST_NAME , DEPARTMENT_ID FROM EMPLOYEES;

FIRST_NAME DEPARTMENT_ID                                                                                                                                                                                
---------- -------------                                                                                                                                                                                
Steven                90                                                                                                                                                                                
Neena                 90                                                                                                                                                                                
Lex                   90                                                                                                                                                                                
Alexander             60                                                                                                                                                                                
Bruce                 60                                                                                                                                                                                
Diana                 60                                                                                                                                                                                
Kevin                 50                                                                                                                                                                                
Trenna                50                                                                                                                                                                                
Curtis                50                                                                                                                                                                                
Randall               50                                                                                                                                                                                
Peter                 50                                                                                                                                                                                
Eleni                 80                                                                                                                                                                                
Ellen                 80                                                                                                                                                                                
Jonathon              80                                                                                                                                                                                
Kimerely                                                                                                                                                                                                
Jennifer              10                                                                                                                                                                                
Michael               20                                                                                                                                                                                
Pat                   20                                                                                                                                                                                
Shelley              110                                                                                                                                                                                
William              110                                                                                                                                                                                

20 rows selected.

SQL> SELECT DEPARTMENT_ID FROM EMPLOYEES;

DEPARTMENT_ID                                                                                                                                                                                           
-------------                                                                                                                                                                                           
           90                                                                                                                                                                                           
           90                                                                                                                                                                                           
           90                                                                                                                                                                                           
           60                                                                                                                                                                                           
           60                                                                                                                                                                                           
           60                                                                                                                                                                                           
           50                                                                                                                                                                                           
           50                                                                                                                                                                                           
           50                                                                                                                                                                                           
           50                                                                                                                                                                                           
           50                                                                                                                                                                                           
           80                                                                                                                                                                                           
           80                                                                                                                                                                                           
           80                                                                                                                                                                                           
                                                                                                                                                                                                        
           10                                                                                                                                                                                           
           20                                                                                                                                                                                           
           20                                                                                                                                                                                           
          110                                                                                                                                                                                           
          110                                                                                                                                                                                           

20 rows selected.

SQL> SELECT DISTINCT DEPARTMENT_ID FROM EMPLOYEES;

DEPARTMENT_ID                                                                                                                                                                                           
-------------                                                                                                                                                                                           
                                                                                                                                                                                                        
           90                                                                                                                                                                                           
           20                                                                                                                                                                                           
          110                                                                                                                                                                                           
           50                                                                                                                                                                                           
           80                                                                                                                                                                                           
           60                                                                                                                                                                                           
           10                                                                                                                                                                                           

8 rows selected.

SQL> SELECT UNIQUE DEPARTMENT_ID FROM EMPLOYEES;

DEPARTMENT_ID                                                                                                                                                                                           
-------------                                                                                                                                                                                           
                                                                                                                                                                                                        
           90                                                                                                                                                                                           
           20                                                                                                                                                                                           
          110                                                                                                                                                                                           
           50                                                                                                                                                                                           
           80                                                                                                                                                                                           
           60                                                                                                                                                                                               
                                                                                                                                               
           10                                        
8 rows selected.

SQL> REM DISTINCT OR UNIQUE CAN BE USED SINGLE TIME IN SINGLE COMMAND
SQL> 
SQL> REM DISTINCT OR UNIQUE MUST BE FIRST ITEM IN SELECT LIST.
SQL> 
SQL> SELECT DEPARTMENT_ID , MANAGER_ID FROM EMPLOYEES ORDER BY 1,2;

DEPARTMENT_ID MANAGER_ID                                                                                                                                                                                
------------- ----------                                                                                                                                                                                
           10        101                                                                                                                                                                                
           20        100                                                                                                                                                                                
           20        201                                                                                                                                                                                
           50        100                                                                                                                                                                                
           50        124                                                                                                                                                                                
           50        124                                                                                                                                                                                
           50        124                                                                                                                                                                                
           50        124                                                                                                                                                                                
           60        102                                                                                                                                                                                
           60        103                                                                                                                                                                                
           60        103                                                                                                                                                                                
           80        100                                                                                                                                                                                
           80        149                                                                                                                                                                                
           80        149                                                                                                                                                                                
           90        100                                                                                                                                                                                
           90        100                                                                                                                                                                                
           90                                                                                                                                                                                           
          110        101                                                                                                                                                                                
          110        205                                                                                                                                                                                
                     149                                                                                                                                                                                

20 rows selected.

SQL> SELECT DISTINCT DEPARTMENT_ID , DISTINCT MANAGER_ID FROM EMPLOYEES ORDER BY 1,2;
SELECT DISTINCT DEPARTMENT_ID , DISTINCT MANAGER_ID FROM EMPLOYEES ORDER BY 1,2
                                *
ERROR at line 1:
ORA-00936: missing expression 


SQL> SELECT DEPARTMENT_ID , DISTINCT MANAGER_ID FROM EMPLOYEES ORDER BY 1,2;
SELECT DEPARTMENT_ID , DISTINCT MANAGER_ID FROM EMPLOYEES ORDER BY 1,2
                       *
ERROR at line 1:
ORA-00936: missing expression 


SQL> SELECT UNIQUE DEPARTMENT_ID , DISTINCT MANAGER_ID FROM EMPLOYEES ORDER BY 1,2;
SELECT UNIQUE DEPARTMENT_ID , DISTINCT MANAGER_ID FROM EMPLOYEES ORDER BY 1,2
                              *
ERROR at line 1:
ORA-00936: missing expression 


SQL> SELECT DEPARTMENT_ID , MANAGER_ID FROM EMPLOYEES ORDER BY 1,2;

DEPARTMENT_ID MANAGER_ID                                                                                                                                                                                
------------- ----------                                                                                                                                                                                
           10        101                                                                                                                                                                                
           20        100                                                                                                                                                                                
           20        201                                                                                                                                                                                
           50        100                                                                                                                                                                                
           50        124                                                                                                                                                                                
           50        124                                                                                                                                                                                
           50        124                                                                                                                                                                                
           50        124                                                                                                                                                                                
           60        102                                                                                                                                                                                
           60        103                                                                                                                                                                                
           60        103                                                                                                                                                                                
           80        100                                                                                                                                                                                
           80        149                                                                                                                                                                                
           80        149                                                                                                                                                                                
           90        100                                                                                                                                                                                
           90        100                                                                                                                                                                                
           90                                                                                                                                                                                           
          110        101                                                                                                                                                                                
          110        205                                                                                                                                                                                
                     149                                                                                                                                                                                

20 rows selected.

SQL> SELECT DISTINCT DEPARTMENT_ID , MANAGER_ID FROM EMPLOYEES ORDER BY 1,2;

DEPARTMENT_ID MANAGER_ID                                                                                                                                                                                
------------- ----------                                                                                                                                                                                
           10        101                                                                                                                                                                                
           20        100                                                                                                                                                                                
           20        201                                                                                                                                                                                
           50        100                                                                                                                                                                                
           50        124                                                                                                                                                                                
           60        102                                                                                                                                                                                
           60        103                                                                                                                                                                                
           80        100                                                                                                                                                                                
           80        149                                                                                                                                                                                
           90        100                                                                                                                                                                                
           90                                                                                                                                                                                           
          110        101                                                                                                                                                                                
          110        205                                                                                                                                                                                
                     149                                                                                                                                                                                

14 rows selected.

SQL> SELECT MANAGER_ID , JOB_ID FROM EMPLOYEES ORDER BY 1,2;

MANAGER_ID JOB_ID                                                                                                                                                                                       
---------- ----------                                                                                                                                                                                   
       100 AD_VP                                                                                                                                                                                        
       100 AD_VP                                                                                                                                                                                        
       100 MK_MAN                                                                                                                                                                                       
       100 SA_MAN                                                                                                                                                                                       
       100 ST_MAN                                                                                                                                                                                       
       101 AC_MGR                                                                                                                                                                                       
       101 AD_ASST                                                                                                                                                                                      
       102 IT_PROG                                                                                                                                                                                      
       103 IT_PROG                                                                                                                                                                                      
       103 IT_PROG                                                                                                                                                                                      
       124 ST_CLERK                                                                                                                                                                                     
       124 ST_CLERK                                                                                                                                                                                     
       124 ST_CLERK                                                                                                                                                                                     
       124 ST_CLERK                                                                                                                                                                                     
       149 SA_REP                                                                                                                                                                                       
       149 SA_REP                                                                                                                                                                                       
       149 SA_REP                                                                                                                                                                                       
       201 MK_REP                                                                                                                                                                                       
       205 AC_ACCOUNT                                                                                                                                                                                   
           AD_PRES                                                                                                                                                                                      

20 rows selected.

SQL> SELECT UNIQUE MANAGER_ID , JOB_ID FROM EMPLOYEES ORDER BY 1,2;

MANAGER_ID JOB_ID                                                                                                                                                                                       
---------- ----------                                                                                                                                                                                   
       100 AD_VP                                                                                                                                                                                        
       100 MK_MAN                                                                                                                                                                                       
       100 SA_MAN                                                                                                                                                                                       
       100 ST_MAN                                                                                                                                                                                       
       101 AC_MGR                                                                                                                                                                                       
       101 AD_ASST                                                                                                                                                                                      
       102 IT_PROG                                                                                                                                                                                      
       103 IT_PROG                                                                                                                                                                                      
       124 ST_CLERK                                                                                                                                                                                     
       149 SA_REP                                                                                                                                                                                       
       201 MK_REP                                                                                                                                                                                       
       205 AC_ACCOUNT                                                                                                                                                                                   
           AD_PRES                                                                                                                                                                                      

13 rows selected.

SQL> SELECT FIRST_NAME , SALARY , COMMISSION_PCT , SALARY * COMMISSION_PCT COMM_AMOUNT FROM EMPLOYEES;

FIRST_NAME     SALARY COMMISSION_PCT COMM_AMOUNT                                                                                                                                                        
---------- ---------- -------------- -----------                                                                                                                                                        
Steven          24000                                                                                                                                                                                   
Neena           17000                                                                                                                                                                                   
Lex             17000                                                                                                                                                                                   
Alexander        9000                                                                                                                                                                                   
Bruce            6000                                                                                                                                                                                   
Diana            4200                                                                                                                                                                                   
Kevin            5800                                                                                                                                                                                   
Trenna           3500                                                                                                                                                                                   
Curtis           3100                                                                                                                                                                                   
Randall          2600                                                                                                                                                                                   
Peter            2500                                                                                                                                                                                   
Eleni           10500             .2        2100                                                                                                                                                        
Ellen           11000             .3        3300                                                                                                                                                        
Jonathon         8600             .3        2580                                                                                                                                                        
Kimerely         7000            .15        1050                                                                                                                                                        
Jennifer         4400                                                                                                                                                                                   
Michael         13000                                                                                                                                                                                   
Pat              6000                                                                                                                                                                                   
Shelley         12000                                                                                                                                                                                   
William          8300                                                                                                                                                                                   

20 rows selected.

SQL> SELECT FIRST_NAME , SALARY , COMMISSION_PCT , SALARY * COMMISSION_PCT COMM_AMOUNT , SALARY + COMM_AMOUNT FROM EMPLOYEES;
SELECT FIRST_NAME , SALARY , COMMISSION_PCT , SALARY * COMMISSION_PCT COMM_AMOUNT , SALARY + COMM_AMOUNT FROM EMPLOYEES
                                                                                             *
ERROR at line 1:
ORA-00904: "COMM_AMOUNT": invalid identifier 


SQL> SELECT FIRST_NAME , SALARY , COMMISSION_PCT , SALARY * COMMISSION_PCT COMM_AMOUNT , SALARY + SALARY * COMMISSION_PCT TOTAL_PAYMENT FROM EMPLOYEES;

FIRST_NAME     SALARY COMMISSION_PCT COMM_AMOUNT TOTAL_PAYMENT                                                                                                                                          
---------- ---------- -------------- ----------- -------------                                                                                                                                          
Steven          24000                                                                                                                                                                                   
Neena           17000                                                                                                                                                                                   
Lex             17000                                                                                                                                                                                   
Alexander        9000                                                                                                                                                                                   
Bruce            6000                                                                                                                                                                                   
Diana            4200                                                                                                                                                                                   
Kevin            5800                                                                                                                                                                                   
Trenna           3500                                                                                                                                                                                   
Curtis           3100                                                                                                                                                                                   
Randall          2600                                                                                                                                                                                   
Peter            2500                                                                                                                                                                                   
Eleni           10500             .2        2100         12600                                                                                                                                          
Ellen           11000             .3        3300         14300                                                                                                                                          
Jonathon         8600             .3        2580         11180                                                                                                                                          
Kimerely         7000            .15        1050          8050                                                                                                                                          
Jennifer         4400                                                                                                                                                                                   
Michael         13000                                                                                                                                                                                   
Pat              6000                                                                                                                                                                                   
Shelley         12000                                                                                                                                                                                   
William          8300                                                                                                                                                                                   

20 rows selected.

SQL> REM ANY ARITHMETIC CALCULATION WITY NULL RESULT INTO NULL ONLY.
SQL> 
SQL> SELECT 5 + NULL FROM DUAL;

    5+NULL                                                                                                                                                                                              
----------                                                                                                                                                                                              
                                                                                                                                                                                                        

SQL> SELECT 5 - NULL FROM DUAL;

    5-NULL                                                                                                                                                                                              
----------                                                                                                                                                                                              
                                                                                                                                                                                                        

SQL> SELECT 5 * NULL FROM DUAL;

    5*NULL                                                                                                                                                                                              
----------                                                                                                                                                                                              
                                                                                                                                                                                                        

SQL> SELECT 5 / NULL FROM DUAL;

    5/NULL                                                                                                                                                                                              
----------                                                                                                                                                                                              
                                                                                                                                                                                                        

SQL> SELECT 5 || NULL FROM DUAL;

5                                                                                                                                                                                                       
-                                                                                                                                                                                                       
5                                                                                                                                                                                                       

SQL> REM NVL : IS A FUNCTION WHICH IS USED TO REPLACE NULL VALUE WITH ANOTHER VALUE.
SQL> 
SQL> SELECT FIRST_NAME , SALARY , COMMISSION_PCT , SALARY * COMMISSION_PCT COMM_AMOUNT , SALARY + SALARY * NVL(COMMISSION_PCT,0) TOTAL_PAYMENT FROM EMPLOYEES;

FIRST_NAME     SALARY COMMISSION_PCT COMM_AMOUNT TOTAL_PAYMENT                                                                                                                                          
---------- ---------- -------------- ----------- -------------                                                                                                                                          
Steven          24000                                    24000                                                                                                                                          
Neena           17000                                    17000                                                                                                                                          
Lex             17000                                    17000                                                                                                                                          
Alexander        9000                                     9000                                                                                                                                          
Bruce            6000                                     6000                                                                                                                                          
Diana            4200                                     4200                                                                                                                                          
Kevin            5800                                     5800                                                                                                                                          
Trenna           3500                                     3500                                                                                                                                          
Curtis           3100                                     3100                                                                                                                                          
Randall          2600                                     2600                                                                                                                                          
Peter            2500                                     2500                                                                                                                                          
Eleni           10500             .2        2100         12600                                                                                                                                          
Ellen           11000             .3        3300         14300                                                                                                                                          
Jonathon         8600             .3        2580         11180                                                                                                                                          
Kimerely         7000            .15        1050          8050                                                                                                                                          
Jennifer         4400                                     4400                                                                                                                                          
Michael         13000                                    13000                                                                                                                                          
Pat              6000                                     6000                                                                                                                                          
Shelley         12000                                    12000                                                                                                                                          
William          8300                                     8300                                                                                                                                          

20 rows selected.

SQL> SELECT FIRST_NAME , SALARY , COMMISSION_PCT , SALARY * NVL(COMMISSION_PCT,0) COMM_AMOUNT , SALARY + SALARY * NVL(COMMISSION_PCT,0) TOTAL_PAYMENT FROM EMPLOYEES;

FIRST_NAME     SALARY COMMISSION_PCT COMM_AMOUNT TOTAL_PAYMENT                                                                                                                                          
---------- ---------- -------------- ----------- -------------                                                                                                                                          
Steven          24000                          0         24000                                                                                                                                          
Neena           17000                          0         17000                                                                                                                                          
Lex             17000                          0         17000                                                                                                                                          
Alexander        9000                          0          9000                                                                                                                                          
Bruce            6000                          0          6000                                                                                                                                          
Diana            4200                          0          4200                                                                                                                                          
Kevin            5800                          0          5800                                                                                                                                          
Trenna           3500                          0          3500                                                                                                                                          
Curtis           3100                          0          3100                                                                                                                                          
Randall          2600                          0          2600                                                                                                                                          
Peter            2500                          0          2500                                                                                                                                          
Eleni           10500             .2        2100         12600                                                                                                                                          
Ellen           11000             .3        3300         14300                                                                                                                                          
Jonathon         8600             .3        2580         11180                                                                                                                                          
Kimerely         7000            .15        1050          8050                                                                                                                                          
Jennifer         4400                          0          4400                                                                                                                                          
Michael         13000                          0         13000                                                                                                                                          
Pat              6000                          0          6000                                                                                                                                          
Shelley         12000                          0         12000                                                                                                                                          
William          8300                          0          8300                                                                                                                                          

20 rows selected.

SQL> SELECT FIRST_NAME , SALARY , NVL(COMMISSION_PCT,0) , SALARY * NVL(COMMISSION_PCT,0) COMM_AMOUNT , SALARY + SALARY * NVL(COMMISSION_PCT,0) TOTAL_PAYMENT FROM EMPLOYEES;

FIRST_NAME     SALARY NVL(COMMISSION_PCT,0) COMM_AMOUNT TOTAL_PAYMENT                                                                                                                                   
---------- ---------- --------------------- ----------- -------------                                                                                                                                   
Steven          24000                     0           0         24000                                                                                                                                   
Neena           17000                     0           0         17000                                                                                                                                   
Lex             17000                     0           0         17000                                                                                                                                   
Alexander        9000                     0           0          9000                                                                                                                                   
Bruce            6000                     0           0          6000                                                                                                                                   
Diana            4200                     0           0          4200                                                                                                                                   
Kevin            5800                     0           0          5800                                                                                                                                   
Trenna           3500                     0           0          3500                                                                                                                                   
Curtis           3100                     0           0          3100                                                                                                                                   
Randall          2600                     0           0          2600                                                                                                                                   
Peter            2500                     0           0          2500                                                                                                                                   
Eleni           10500                    .2        2100         12600                                                                                                                                   
Ellen           11000                    .3        3300         14300                                                                                                                                   
Jonathon         8600                    .3        2580         11180                                                                                                                                   
Kimerely         7000                   .15        1050          8050                                                                                                                                   
Jennifer         4400                     0           0          4400                                                                                                                                   
Michael         13000                     0           0         13000                                                                                                                                   
Pat              6000                     0           0          6000                                                                                                                                   
Shelley         12000                     0           0         12000                                                                                                                                   
William          8300                     0           0          8300                                                                                                                                   

20 rows selected.

SQL> SELECT DEPARTMENT_ID , MANAGER_ID FROM EMPLOYEES;

DEPARTMENT_ID MANAGER_ID                                                                                                                                                                                
------------- ----------                                                                                                                                                                                
           90                                                                                                                                                                                           
           90        100                                                                                                                                                                                
           90        100                                                                                                                                                                                
           60        102                                                                                                                                                                                
           60        103                                                                                                                                                                                
           60        103                                                                                                                                                                                
           50        100                                                                                                                                                                                
           50        124                                                                                                                                                                                
           50        124                                                                                                                                                                                
           50        124                                                                                                                                                                                
           50        124                                                                                                                                                                                
           80        100                                                                                                                                                                                
           80        149                                                                                                                                                                                
           80        149                                                                                                                                                                                
                     149                                                                                                                                                                                
           10        101                                                                                                                                                                                
           20        100                                                                                                                                                                                
           20        201                                                                                                                                                                                
          110        101                                                                                                                                                                                
          110        205                                                                                                                                                                                

20 rows selected.

SQL> SELECT DISTINCT DEPARTMENT_ID + MANAGER_ID FROM EMPLOYEES;

DEPARTMENT_ID+MANAGER_ID                                                                                                                                                                                
------------------------                                                                                                                                                                                
                                                                                                                                                                                                        
                     180                                                                                                                                                                                
                     120                                                                                                                                                                                
                     229                                                                                                                                                                                
                     211                                                                                                                                                                                
                     315                                                                                                                                                                                
                     162                                                                                                                                                                                
                     163                                                                                                                                                                                
                     190                                                                                                                                                                                
                     221                                                                                                                                                                                
                     150                                                                                                                                                                                
                     174                                                                                                                                                                                
                     111                                                                                                                                                                                

13 rows selected.

SQL> SELECT 5 * 5 FROM DUAL;

       5*5                                                                                                                                                                                              
----------                                                                                                                                                                                              
        25                                                                                                                                                                                              

SQL> SELECT 5 * 5 * 5 FROM DUAL;

     5*5*5                                                                                                                                                                                              
----------                                                                                                                                                                                              
       125                                                                                                                                                                                              

SQL> SELECT 5 * 5 * 5 * 5 * 5 * 5 * 5 FROM DUAL;

5*5*5*5*5*5*5                                                                                                                                                                                           
-------------                                                                                                                                                                                           
        78125                                                                                                                                                                                           

SQL> SELECT POWER(5,2) FROM DUAL;

POWER(5,2)                                                                                                                                                                                              
----------                                                                                                                                                                                              
        25                                                                                                                                                                                              

SQL> SELECT POWER(5,3) FROM DUAL;

POWER(5,3)                                                                                                                                                                                              
----------                                                                                                                                                                                              
       125                                                                                                                                                                                              

SQL> SELECT POWER(5,7) FROM DUAL;

POWER(5,7)                                                                                                                                                                                              
----------                                                                                                                                                                                              
     78125                                                                                                                                                                                              

SQL> REM PRECEDENCE OF AO , CO AND POWER FUNCTION :
SQL> 
SQL> REM PRECDENCE : ORDER OF EXECUTION
SQL> 
SQL> REM 1 () : BRACKET : (    )   (     ) : LEFT TO RIGHT , (   (   )   ) : NESTED BRACKET : INNER TO OUTER
SQL> 
SQL> REM 2 POWER FUNCTION
SQL> 
SQL> REM 3 / * (LEFT TO RIGHT IN FORMULA)
SQL> 
SQL> REM 4 + - || (LEFT TO RIGHT IN FORMULA)
SQL> 
SQL> 
SQL> 
SQL> SELECT 4 * 4 + 4 / 2 - 1 FROM DUAL;

 4*4+4/2-1                                                                                                                                                                                              
----------                                                                                                                                                                                              
        17                                                                                                                                                                                              

SQL> SELECT 10 + (30 + 20) / 5 * 2 FROM DUAL;

10+(30+20)/5*2                                                                                                                                                                                          
--------------                                                                                                                                                                                          
            30                                                                                                                                                                                          

SQL> SELECT 'SHRI' || 210 + 210 FROM DUAL;
SELECT 'SHRI' || 210 + 210 FROM DUAL
               *
ERROR at line 1:
ORA-01722: invalid number 


SQL> SELECT 'SHRI' || (210 + 210) FROM DUAL;

'SHRI'|                                                                                                                                                                                                 
-------                                                                                                                                                                                                 
SHRI420                                                                                                                                                                                                 

SQL> SELECT 'SHRI' || 210 * 2 FROM DUAL;

'SHRI'|                                                                                                                                                                                                 
-------                                                                                                                                                                                                 
SHRI420                                                                                                                                                                                                 

SQL> SELECT FIRST_NAME , SALARY , SALARY + 1000 NEW_SALARY FROM EMPLOYEES;

FIRST_NAME     SALARY NEW_SALARY                                                                                                                                                                        
---------- ---------- ----------                                                                                                                                                                        
Steven          24000      25000                                                                                                                                                                        
Neena           17000      18000                                                                                                                                                                        
Lex             17000      18000                                                                                                                                                                        
Alexander        9000      10000                                                                                                                                                                        
Bruce            6000       7000                                                                                                                                                                        
Diana            4200       5200                                                                                                                                                                        
Kevin            5800       6800                                                                                                                                                                        
Trenna           3500       4500                                                                                                                                                                        
Curtis           3100       4100                                                                                                                                                                        
Randall          2600       3600                                                                                                                                                                        
Peter            2500       3500                                                                                                                                                                        
Eleni           10500      11500                                                                                                                                                                        
Ellen           11000      12000                                                                                                                                                                        
Jonathon         8600       9600                                                                                                                                                                        
Kimerely         7000       8000                                                                                                                                                                        
Jennifer         4400       5400                                                                                                                                                                        
Michael         13000      14000                                                                                                                                                                        
Pat              6000       7000                                                                                                                                                                        
Shelley         12000      13000                                                                                                                                                                        
William          8300       9300                                                                                                                                                                        

20 rows selected.

SQL> SELECT FIRST_NAME , SALARY * 12 YEARLY_SALARY, SALARY + 1000 * 12 NEW_YEARLY_SALARY FROM EMPLOYEES;

FIRST_NAME YEARLY_SALARY NEW_YEARLY_SALARY                                                                                                                                                              
---------- ------------- -----------------                                                                                                                                                              
Steven            288000             36000                                                                                                                                                              
Neena             204000             29000                                                                                                                                                              
Lex               204000             29000                                                                                                                                                              
Alexander         108000             21000                                                                                                                                                              
Bruce              72000             18000                                                                                                                                                              
Diana              50400             16200                                                                                                                                                              
Kevin              69600             17800                                                                                                                                                              
Trenna             42000             15500                                                                                                                                                              
Curtis             37200             15100                                                                                                                                                              
Randall            31200             14600                                                                                                                                                              
Peter              30000             14500                                                                                                                                                              
Eleni             126000             22500                                                                                                                                                              
Ellen             132000             23000                                                                                                                                                              
Jonathon          103200             20600                                                                                                                                                              
Kimerely           84000             19000                                                                                                                                                              
Jennifer           52800             16400                                                                                                                                                              
Michael           156000             25000                                                                                                                                                              
Pat                72000             18000                                                                                                                                                              
Shelley           144000             24000                                                                                                                                                              
William            99600             20300                                                                                                                                                              

20 rows selected.

SQL> SELECT FIRST_NAME , SALARY * 12 YEARLY_SALARY, (SALARY + 1000) * 12 NEW_YEARLY_SALARY FROM EMPLOYEES;

FIRST_NAME YEARLY_SALARY NEW_YEARLY_SALARY                                                                                                                                                              
---------- ------------- -----------------                                                                                                                                                              
Steven            288000            300000                                                                                                                                                              
Neena             204000            216000                                                                                                                                                              
Lex               204000            216000                                                                                                                                                              
Alexander         108000            120000                                                                                                                                                              
Bruce              72000             84000                                                                                                                                                              
Diana              50400             62400                                                                                                                                                              
Kevin              69600             81600                                                                                                                                                              
Trenna             42000             54000                                                                                                                                                              
Curtis             37200             49200                                                                                                                                                              
Randall            31200             43200                                                                                                                                                              
Peter              30000             42000                                                                                                                                                              
Eleni             126000            138000                                                                                                                                                              
Ellen             132000            144000                                                                                                                                                              
Jonathon          103200            115200                                                                                                                                                              
Kimerely           84000             96000                                                                                                                                                              
Jennifer           52800             64800                                                                                                                                                              
Michael           156000            168000                                                                                                                                                              
Pat                72000             84000                                                                                                                                                              
Shelley           144000            156000                                                                                                                                                              
William            99600            111600                                                                                                                                                              

20 rows selected.

SQL> SELECT FIRST_NAME , JOB_ID FROM EMPLOYEES;

FIRST_NAME JOB_ID                                                                                                                                                                                       
---------- ----------                                                                                                                                                                                   
Steven     AD_PRES                                                                                                                                                                                      
Neena      AD_VP                                                                                                                                                                                        
Lex        AD_VP                                                                                                                                                                                        
Alexander  IT_PROG                                                                                                                                                                                      
Bruce      IT_PROG                                                                                                                                                                                      
Diana      IT_PROG                                                                                                                                                                                      
Kevin      ST_MAN                                                                                                                                                                                       
Trenna     ST_CLERK                                                                                                                                                                                     
Curtis     ST_CLERK                                                                                                                                                                                     
Randall    ST_CLERK                                                                                                                                                                                     
Peter      ST_CLERK                                                                                                                                                                                     
Eleni      SA_MAN                                                                                                                                                                                       
Ellen      SA_REP                                                                                                                                                                                       
Jonathon   SA_REP                                                                                                                                                                                       
Kimerely   SA_REP                                                                                                                                                                                       
Jennifer   AD_ASST                                                                                                                                                                                      
Michael    MK_MAN                                                                                                                                                                                       
Pat        MK_REP                                                                                                                                                                                       
Shelley    AC_MGR                                                                                                                                                                                       
William    AC_ACCOUNT                                                                                                                                                                                   

20 rows selected.

SQL> REM Steven works as AD_PRES.
SQL> 
SQL> SELECT FIRST_NAME , SALARY FROM EMPLOYEES;

FIRST_NAME     SALARY                                                                                                                                                                                   
---------- ----------                                                                                                                                                                                   
Steven          24000                                                                                                                                                                                   
Neena           17000                                                                                                                                                                                   
Lex             17000                                                                                                                                                                                   
Alexander        9000                                                                                                                                                                                   
Bruce            6000                                                                                                                                                                                   
Diana            4200                                                                                                                                                                                   
Kevin            5800                                                                                                                                                                                   
Trenna           3500                                                                                                                                                                                   
Curtis           3100                                                                                                                                                                                   
Randall          2600                                                                                                                                                                                   
Peter            2500                                                                                                                                                                                   
Eleni           10500                                                                                                                                                                                   
Ellen           11000                                                                                                                                                                                   
Jonathon         8600                                                                                                                                                                                   
Kimerely         7000                                                                                                                                                                                   
Jennifer         4400                                                                                                                                                                                   
Michael         13000                                                                                                                                                                                   
Pat              6000                                                                                                                                                                                   
Shelley         12000                                                                                                                                                                                   
William          8300                                                                                                                                                                                   

20 rows selected.

SQL> REM Steven get Rs.24000 as monthly salary.
SQL> 
SQL> SELECT f
  2  
SQL> SELECT FIRST_NAME || ' gets Rs.' || SALARY || ' as monthly salary.' "EMPLOYEE_INFO." FROM EMPLOYEES;

EMPLOYEE_INFO.                                                                                                                                                                                          
------------------------------------------------------------------------------                                                                                                                          
Steven gets Rs.24000 as monthly salary.                                                                                                                                                                 
Neena gets Rs.17000 as monthly salary.                                                                                                                                                                  
Lex gets Rs.17000 as monthly salary.                                                                                                                                                                    
Alexander gets Rs.9000 as monthly salary.                                                                                                                                                               
Bruce gets Rs.6000 as monthly salary.                                                                                                                                                                   
Diana gets Rs.4200 as monthly salary.                                                                                                                                                                   
Kevin gets Rs.5800 as monthly salary.                                                                                                                                                                   
Trenna gets Rs.3500 as monthly salary.                                                                                                                                                                  
Curtis gets Rs.3100 as monthly salary.                                                                                                                                                                  
Randall gets Rs.2600 as monthly salary.                                                                                                                                                                 
Peter gets Rs.2500 as monthly salary.                                                                                                                                                                   
Eleni gets Rs.10500 as monthly salary.                                                                                                                                                                  
Ellen gets Rs.11000 as monthly salary.                                                                                                                                                                  
Jonathon gets Rs.8600 as monthly salary.                                                                                                                                                                
Kimerely gets Rs.7000 as monthly salary.                                                                                                                                                                
Jennifer gets Rs.4400 as monthly salary.                                                                                                                                                                
Michael gets Rs.13000 as monthly salary.                                                                                                                                                                
Pat gets Rs.6000 as monthly salary.                                                                                                                                                                     
Shelley gets Rs.12000 as monthly salary.                                                                                                                                                                
William gets Rs.8300 as monthly salary.                                                                                                                                                                 

20 rows selected.

SQL> REM Steven's monthly salary is Rs.24000/-.
SQL> 
SQL> SELECT FIRST_NAME || ' gets Rs.' || SALARY || ' as monthly salary.' 'EMPLOYEE_INFO.' FROM EMPLOYEES;
SELECT FIRST_NAME || ' gets Rs.' || SALARY || ' as monthly salary.' 'EMPLOYEE_INFO.' FROM EMPLOYEES
                                                                    *
ERROR at line 1:
ORA-00923: FROM keyword not found where expected 


SQL> SELECT FIRST_NAME || ' gets Rs.' || SALARY || " as monthly salary." "EMPLOYEE_INFO." FROM EMPLOYEES;
SELECT FIRST_NAME || ' gets Rs.' || SALARY || " as monthly salary." "EMPLOYEE_INFO." FROM EMPLOYEES
                                              *
ERROR at line 1:
ORA-00904: " as monthly salary.": invalid identifier 


SQL> SELECT FIRST_NAME || ' gets Rs.' || SALARY || ' as monthly salary.' "EMPLOYEE_INFO." FROM EMPLOYEES;

EMPLOYEE_INFO.                                                                                                                                                                                          
------------------------------------------------------------------------------                                                                                                                          
Steven gets Rs.24000 as monthly salary.                                                                                                                                                                 
Neena gets Rs.17000 as monthly salary.                                                                                                                                                                  
Lex gets Rs.17000 as monthly salary.                                                                                                                                                                    
Alexander gets Rs.9000 as monthly salary.                                                                                                                                                               
Bruce gets Rs.6000 as monthly salary.                                                                                                                                                                   
Diana gets Rs.4200 as monthly salary.                                                                                                                                                                   
Kevin gets Rs.5800 as monthly salary.                                                                                                                                                                   
Trenna gets Rs.3500 as monthly salary.                                                                                                                                                                  
Curtis gets Rs.3100 as monthly salary.                                                                                                                                                                  
Randall gets Rs.2600 as monthly salary.                                                                                                                                                                 
Peter gets Rs.2500 as monthly salary.                                                                                                                                                                   
Eleni gets Rs.10500 as monthly salary.                                                                                                                                                                  
Ellen gets Rs.11000 as monthly salary.                                                                                                                                                                  
Jonathon gets Rs.8600 as monthly salary.                                                                                                                                                                
Kimerely gets Rs.7000 as monthly salary.                                                                                                                                                                
Jennifer gets Rs.4400 as monthly salary.                                                                                                                                                                
Michael gets Rs.13000 as monthly salary.                                                                                                                                                                
Pat gets Rs.6000 as monthly salary.                                                                                                                                                                     
Shelley gets Rs.12000 as monthly salary.                                                                                                                                                                
William gets Rs.8300 as monthly salary.                                                                                                                                                                 

20 rows selected.

SQL> REM Steven's monthly salary is Rs.24000/-.
SQL> 
SQL> SELECT FIRST_NAME || 's monthly salary is Rs.' || SALARY || '/.' FROM EMPLOYEES;

FIRST_NAME||'SMONTHLYSALARYISRS.'||SALARY||'/.'                                                                                                                                                         
---------------------------------------------------------------------------                                                                                                                             
Stevens monthly salary is Rs.24000/.                                                                                                                                                                    
Neenas monthly salary is Rs.17000/.                                                                                                                                                                     
Lexs monthly salary is Rs.17000/.                                                                                                                                                                       
Alexanders monthly salary is Rs.9000/.                                                                                                                                                                  
Bruces monthly salary is Rs.6000/.                                                                                                                                                                      
Dianas monthly salary is Rs.4200/.                                                                                                                                                                      
Kevins monthly salary is Rs.5800/.                                                                                                                                                                      
Trennas monthly salary is Rs.3500/.                                                                                                                                                                     
Curtiss monthly salary is Rs.3100/.                                                                                                                                                                     
Randalls monthly salary is Rs.2600/.                                                                                                                                                                    
Peters monthly salary is Rs.2500/.                                                                                                                                                                      
Elenis monthly salary is Rs.10500/.                                                                                                                                                                     
Ellens monthly salary is Rs.11000/.                                                                                                                                                                     
Jonathons monthly salary is Rs.8600/.                                                                                                                                                                   
Kimerelys monthly salary is Rs.7000/.                                                                                                                                                                   
Jennifers monthly salary is Rs.4400/.                                                                                                                                                                   
Michaels monthly salary is Rs.13000/.                                                                                                                                                                   
Pats monthly salary is Rs.6000/.                                                                                                                                                                        
Shelleys monthly salary is Rs.12000/.                                                                                                                                                                   
Williams monthly salary is Rs.8300/.                                                                                                                                                                    

20 rows selected.

SQL> SELECT FIRST_NAME || ''s monthly salary is Rs.' || SALARY || '/.' FROM EMPLOYEES;
ERROR:
ORA-01756: quoted string not properly terminated 


SQL> SELECT FIRST_NAME || '''s monthly salary is Rs.' || SALARY || '/.' FROM EMPLOYEES;

FIRST_NAME||'''SMONTHLYSALARYISRS.'||SALARY||'/.'                                                                                                                                                       
----------------------------------------------------------------------------                                                                                                                            
Steven's monthly salary is Rs.24000/.                                                                                                                                                                   
Neena's monthly salary is Rs.17000/.                                                                                                                                                                    
Lex's monthly salary is Rs.17000/.                                                                                                                                                                      
Alexander's monthly salary is Rs.9000/.                                                                                                                                                                 
Bruce's monthly salary is Rs.6000/.                                                                                                                                                                     
Diana's monthly salary is Rs.4200/.                                                                                                                                                                     
Kevin's monthly salary is Rs.5800/.                                                                                                                                                                     
Trenna's monthly salary is Rs.3500/.                                                                                                                                                                    
Curtis's monthly salary is Rs.3100/.                                                                                                                                                                    
Randall's monthly salary is Rs.2600/.                                                                                                                                                                   
Peter's monthly salary is Rs.2500/.                                                                                                                                                                     
Eleni's monthly salary is Rs.10500/.                                                                                                                                                                    
Ellen's monthly salary is Rs.11000/.                                                                                                                                                                    
Jonathon's monthly salary is Rs.8600/.                                                                                                                                                                  
Kimerely's monthly salary is Rs.7000/.                                                                                                                                                                  
Jennifer's monthly salary is Rs.4400/.                                                                                                                                                                  
Michael's monthly salary is Rs.13000/.                                                                                                                                                                  
Pat's monthly salary is Rs.6000/.                                                                                                                                                                       
Shelley's monthly salary is Rs.12000/.                                                                                                                                                                  
William's monthly salary is Rs.8300/.                                                                                                                                                                   

20 rows selected.

SQL> REM Q/QUOTE : IS USED TO CHANGE DELIMITER CHARACTER
SQL> 
SQL> SELECT FIRST_NAME || Q'*'s monthly salary is Rs.*' || SALARY || '/.' FROM EMPLOYEES;

FIRST_NAME||Q'*'SMONTHLYSALARYISRS.*'||SALARY||'/.'                                                                                                                                                     
----------------------------------------------------------------------------                                                                                                                            
Steven's monthly salary is Rs.24000/.                                                                                                                                                                   
Neena's monthly salary is Rs.17000/.                                                                                                                                                                    
Lex's monthly salary is Rs.17000/.                                                                                                                                                                      
Alexander's monthly salary is Rs.9000/.                                                                                                                                                                 
Bruce's monthly salary is Rs.6000/.                                                                                                                                                                     
Diana's monthly salary is Rs.4200/.                                                                                                                                                                     
Kevin's monthly salary is Rs.5800/.                                                                                                                                                                     
Trenna's monthly salary is Rs.3500/.                                                                                                                                                                    
Curtis's monthly salary is Rs.3100/.                                                                                                                                                                    
Randall's monthly salary is Rs.2600/.                                                                                                                                                                   
Peter's monthly salary is Rs.2500/.                                                                                                                                                                     
Eleni's monthly salary is Rs.10500/.                                                                                                                                                                    
Ellen's monthly salary is Rs.11000/.                                                                                                                                                                    
Jonathon's monthly salary is Rs.8600/.                                                                                                                                                                  
Kimerely's monthly salary is Rs.7000/.                                                                                                                                                                  
Jennifer's monthly salary is Rs.4400/.                                                                                                                                                                  
Michael's monthly salary is Rs.13000/.                                                                                                                                                                  
Pat's monthly salary is Rs.6000/.                                                                                                                                                                       
Shelley's monthly salary is Rs.12000/.                                                                                                                                                                  
William's monthly salary is Rs.8300/.                                                                                                                                                                   

20 rows selected.

SQL> SELECT FIRST_NAME || Q'#'s monthly salary is Rs.#' || SALARY || '/.' FROM EMPLOYEES;

FIRST_NAME||Q'#'SMONTHLYSALARYISRS.#'||SALARY||'/.'                                                                                                                                                     
----------------------------------------------------------------------------                                                                                                                            
Steven's monthly salary is Rs.24000/.                                                                                                                                                                   
Neena's monthly salary is Rs.17000/.                                                                                                                                                                    
Lex's monthly salary is Rs.17000/.                                                                                                                                                                      
Alexander's monthly salary is Rs.9000/.                                                                                                                                                                 
Bruce's monthly salary is Rs.6000/.                                                                                                                                                                     
Diana's monthly salary is Rs.4200/.                                                                                                                                                                     
Kevin's monthly salary is Rs.5800/.                                                                                                                                                                     
Trenna's monthly salary is Rs.3500/.                                                                                                                                                                    
Curtis's monthly salary is Rs.3100/.                                                                                                                                                                    
Randall's monthly salary is Rs.2600/.                                                                                                                                                                   
Peter's monthly salary is Rs.2500/.                                                                                                                                                                     
Eleni's monthly salary is Rs.10500/.                                                                                                                                                                    
Ellen's monthly salary is Rs.11000/.                                                                                                                                                                    
Jonathon's monthly salary is Rs.8600/.                                                                                                                                                                  
Kimerely's monthly salary is Rs.7000/.                                                                                                                                                                  
Jennifer's monthly salary is Rs.4400/.                                                                                                                                                                  
Michael's monthly salary is Rs.13000/.                                                                                                                                                                  
Pat's monthly salary is Rs.6000/.                                                                                                                                                                       
Shelley's monthly salary is Rs.12000/.                                                                                                                                                                  
William's monthly salary is Rs.8300/.                                                                                                                                                                   

20 rows selected.

SQL> SELECT FIRST_NAME || Q'6's monthly salary is Rs.6' || SALARY || '/.' FROM EMPLOYEES;

FIRST_NAME||Q'6'SMONTHLYSALARYISRS.6'||SALARY||'/.'                                                                                                                                                     
----------------------------------------------------------------------------                                                                                                                            
Steven's monthly salary is Rs.24000/.                                                                                                                                                                   
Neena's monthly salary is Rs.17000/.                                                                                                                                                                    
Lex's monthly salary is Rs.17000/.                                                                                                                                                                      
Alexander's monthly salary is Rs.9000/.                                                                                                                                                                 
Bruce's monthly salary is Rs.6000/.                                                                                                                                                                     
Diana's monthly salary is Rs.4200/.                                                                                                                                                                     
Kevin's monthly salary is Rs.5800/.                                                                                                                                                                     
Trenna's monthly salary is Rs.3500/.                                                                                                                                                                    
Curtis's monthly salary is Rs.3100/.                                                                                                                                                                    
Randall's monthly salary is Rs.2600/.                                                                                                                                                                   
Peter's monthly salary is Rs.2500/.                                                                                                                                                                     
Eleni's monthly salary is Rs.10500/.                                                                                                                                                                    
Ellen's monthly salary is Rs.11000/.                                                                                                                                                                    
Jonathon's monthly salary is Rs.8600/.                                                                                                                                                                  
Kimerely's monthly salary is Rs.7000/.                                                                                                                                                                  
Jennifer's monthly salary is Rs.4400/.                                                                                                                                                                  
Michael's monthly salary is Rs.13000/.                                                                                                                                                                  
Pat's monthly salary is Rs.6000/.                                                                                                                                                                       
Shelley's monthly salary is Rs.12000/.                                                                                                                                                                  
William's monthly salary is Rs.8300/.                                                                                                                                                                   

20 rows selected.

SQL> SELECT FIRST_NAME || Q'A's monthly salary is Rs.A' || SALARY || '/.' FROM EMPLOYEES;

FIRST_NAME||Q'A'SMONTHLYSALARYISRS.A'||SALARY||'/.'                                                                                                                                                     
----------------------------------------------------------------------------                                                                                                                            
Steven's monthly salary is Rs.24000/.                                                                                                                                                                   
Neena's monthly salary is Rs.17000/.                                                                                                                                                                    
Lex's monthly salary is Rs.17000/.                                                                                                                                                                      
Alexander's monthly salary is Rs.9000/.                                                                                                                                                                 
Bruce's monthly salary is Rs.6000/.                                                                                                                                                                     
Diana's monthly salary is Rs.4200/.                                                                                                                                                                     
Kevin's monthly salary is Rs.5800/.                                                                                                                                                                     
Trenna's monthly salary is Rs.3500/.                                                                                                                                                                    
Curtis's monthly salary is Rs.3100/.                                                                                                                                                                    
Randall's monthly salary is Rs.2600/.                                                                                                                                                                   
Peter's monthly salary is Rs.2500/.                                                                                                                                                                     
Eleni's monthly salary is Rs.10500/.                                                                                                                                                                    
Ellen's monthly salary is Rs.11000/.                                                                                                                                                                    
Jonathon's monthly salary is Rs.8600/.                                                                                                                                                                  
Kimerely's monthly salary is Rs.7000/.                                                                                                                                                                  
Jennifer's monthly salary is Rs.4400/.                                                                                                                                                                  
Michael's monthly salary is Rs.13000/.                                                                                                                                                                  
Pat's monthly salary is Rs.6000/.                                                                                                                                                                       
Shelley's monthly salary is Rs.12000/.                                                                                                                                                                  
William's monthly salary is Rs.8300/.                                                                                                                                                                   

20 rows selected.

SQL> SELECT FIRST_NAME || Q'A's monthly salary is Rs.a' || SALARY || '/.' FROM EMPLOYEES;
ERROR:
ORA-01756: quoted string not properly terminated 


SQL> SELECT FIRST_NAME || Q' 's monthly salary is Rs. ' || SALARY || '/.' FROM EMPLOYEES;
SELECT FIRST_NAME || Q' 's monthly salary is Rs. ' || SALARY || '/.' FROM EMPLOYEES
                     *
ERROR at line 1:
ORA-00911: invalid character 


SQL> SELECT FIRST_NAME || Q'['s monthly salary is Rs.]' || SALARY || '/.' FROM EMPLOYEES;

FIRST_NAME||Q'['SMONTHLYSALARYISRS.]'||SALARY||'/.'                                                                                                                                                     
----------------------------------------------------------------------------                                                                                                                            
Steven's monthly salary is Rs.24000/.                                                                                                                                                                   
Neena's monthly salary is Rs.17000/.                                                                                                                                                                    
Lex's monthly salary is Rs.17000/.                                                                                                                                                                      
Alexander's monthly salary is Rs.9000/.                                                                                                                                                                 
Bruce's monthly salary is Rs.6000/.                                                                                                                                                                     
Diana's monthly salary is Rs.4200/.                                                                                                                                                                     
Kevin's monthly salary is Rs.5800/.                                                                                                                                                                     
Trenna's monthly salary is Rs.3500/.                                                                                                                                                                    
Curtis's monthly salary is Rs.3100/.                                                                                                                                                                    
Randall's monthly salary is Rs.2600/.                                                                                                                                                                   
Peter's monthly salary is Rs.2500/.                                                                                                                                                                     
Eleni's monthly salary is Rs.10500/.                                                                                                                                                                    
Ellen's monthly salary is Rs.11000/.                                                                                                                                                                    
Jonathon's monthly salary is Rs.8600/.                                                                                                                                                                  
Kimerely's monthly salary is Rs.7000/.                                                                                                                                                                  
Jennifer's monthly salary is Rs.4400/.                                                                                                                                                                  
Michael's monthly salary is Rs.13000/.                                                                                                                                                                  
Pat's monthly salary is Rs.6000/.                                                                                                                                                                       
Shelley's monthly salary is Rs.12000/.                                                                                                                                                                  
William's monthly salary is Rs.8300/.                                                                                                                                                                   

20 rows selected.

SQL> SELECT FIRST_NAME || Q']'s monthly salary is Rs.]' || SALARY || '/.' FROM EMPLOYEES;

FIRST_NAME||Q']'SMONTHLYSALARYISRS.]'||SALARY||'/.'                                                                                                                                                     
----------------------------------------------------------------------------                                                                                                                            
Steven's monthly salary is Rs.24000/.                                                                                                                                                                   
Neena's monthly salary is Rs.17000/.                                                                                                                                                                    
Lex's monthly salary is Rs.17000/.                                                                                                                                                                      
Alexander's monthly salary is Rs.9000/.                                                                                                                                                                 
Bruce's monthly salary is Rs.6000/.                                                                                                                                                                     
Diana's monthly salary is Rs.4200/.                                                                                                                                                                     
Kevin's monthly salary is Rs.5800/.                                                                                                                                                                     
Trenna's monthly salary is Rs.3500/.                                                                                                                                                                    
Curtis's monthly salary is Rs.3100/.                                                                                                                                                                    
Randall's monthly salary is Rs.2600/.                                                                                                                                                                   
Peter's monthly salary is Rs.2500/.                                                                                                                                                                     
Eleni's monthly salary is Rs.10500/.                                                                                                                                                                    
Ellen's monthly salary is Rs.11000/.                                                                                                                                                                    
Jonathon's monthly salary is Rs.8600/.                                                                                                                                                                  
Kimerely's monthly salary is Rs.7000/.                                                                                                                                                                  
Jennifer's monthly salary is Rs.4400/.                                                                                                                                                                  
Michael's monthly salary is Rs.13000/.                                                                                                                                                                  
Pat's monthly salary is Rs.6000/.                                                                                                                                                                       
Shelley's monthly salary is Rs.12000/.                                                                                                                                                                  
William's monthly salary is Rs.8300/.                                                                                                                                                                   

20 rows selected.

SQL> SELECT FIRST_NAME || Q']'s monthly salary is Rs.[' || SALARY || '/.' FROM EMPLOYEES;
ERROR:
ORA-01756: quoted string not properly terminated 


SQL> SELECT FIRST_NAME || Q'['s monthly salary is Rs.[' || SALARY || '/.' FROM EMPLOYEES;
ERROR:
ORA-01756: quoted string not properly terminated 


SQL> SELECT FIRST_NAME || Q'['s monthly salary is Rs.}' || SALARY || '/.' FROM EMPLOYEES;
ERROR:
ORA-01756: quoted string not properly terminated 


SQL> SELECT FIRST_NAME || Q'''s monthly salary is Rs.'' || SALARY || '/.' FROM EMPLOYEES;

FIRST_NAME||Q'''SMONTHLYSALARYISRS.''||SALARY||'/.'                                                                                                                                                     
----------------------------------------------------------------------------                                                                                                                            
Steven's monthly salary is Rs.24000/.                                                                                                                                                                   
Neena's monthly salary is Rs.17000/.                                                                                                                                                                    
Lex's monthly salary is Rs.17000/.                                                                                                                                                                      
Alexander's monthly salary is Rs.9000/.                                                                                                                                                                 
Bruce's monthly salary is Rs.6000/.                                                                                                                                                                     
Diana's monthly salary is Rs.4200/.                                                                                                                                                                     
Kevin's monthly salary is Rs.5800/.                                                                                                                                                                     
Trenna's monthly salary is Rs.3500/.                                                                                                                                                                    
Curtis's monthly salary is Rs.3100/.                                                                                                                                                                    
Randall's monthly salary is Rs.2600/.                                                                                                                                                                   
Peter's monthly salary is Rs.2500/.                                                                                                                                                                     
Eleni's monthly salary is Rs.10500/.                                                                                                                                                                    
Ellen's monthly salary is Rs.11000/.                                                                                                                                                                    
Jonathon's monthly salary is Rs.8600/.                                                                                                                                                                  
Kimerely's monthly salary is Rs.7000/.                                                                                                                                                                  
Jennifer's monthly salary is Rs.4400/.                                                                                                                                                                  
Michael's monthly salary is Rs.13000/.                                                                                                                                                                  
Pat's monthly salary is Rs.6000/.                                                                                                                                                                       
Shelley's monthly salary is Rs.12000/.                                                                                                                                                                  
William's monthly salary is Rs.8300/.                                                                                                                                                                   

20 rows selected.

SQL> SELECT FIRST_NAME || Q';'s monthly salary is Rs.;' || SALARY || '/.' FROM EMPLOYEES;

FIRST_NAME||Q';'SMONTHLYSALARYISRS.;'||SALARY||'/.'                                                                                                                                                     
----------------------------------------------------------------------------                                                                                                                            
Steven's monthly salary is Rs.24000/.                                                                                                                                                                   
Neena's monthly salary is Rs.17000/.                                                                                                                                                                    
Lex's monthly salary is Rs.17000/.                                                                                                                                                                      
Alexander's monthly salary is Rs.9000/.                                                                                                                                                                 
Bruce's monthly salary is Rs.6000/.                                                                                                                                                                     
Diana's monthly salary is Rs.4200/.                                                                                                                                                                     
Kevin's monthly salary is Rs.5800/.                                                                                                                                                                     
Trenna's monthly salary is Rs.3500/.                                                                                                                                                                    
Curtis's monthly salary is Rs.3100/.                                                                                                                                                                    
Randall's monthly salary is Rs.2600/.                                                                                                                                                                   
Peter's monthly salary is Rs.2500/.                                                                                                                                                                     
Eleni's monthly salary is Rs.10500/.                                                                                                                                                                    
Ellen's monthly salary is Rs.11000/.                                                                                                                                                                    
Jonathon's monthly salary is Rs.8600/.                                                                                                                                                                  
Kimerely's monthly salary is Rs.7000/.                                                                                                                                                                  
Jennifer's monthly salary is Rs.4400/.                                                                                                                                                                  
Michael's monthly salary is Rs.13000/.                                                                                                                                                                  
Pat's monthly salary is Rs.6000/.                                                                                                                                                                       
Shelley's monthly salary is Rs.12000/.                                                                                                                                                                  
William's monthly salary is Rs.8300/.                                                                                                                                                                   

20 rows selected.

SQL> REM * META CHARACTER
SQL> 
SQL> REM PROJECTION : DISPLAYING SOME OF THE COLUMNS
SQL> 
SQL> REM AO / * + -
> 
SQL> REM CO ||
SQL> 
SQL> REM PRECEDENCE
SQL> 
SQL> REM NLV
SQL> 
SQL> REM NVL
SQL> 
SQL> REM POWER
SQL> 
SQL> REM DUAL
SQL> 
SQL> REM DISTINCT/UNIQUE
SQL> 
SQL> REM Q
SQL> 
SQL> REM COLUMN ALIAS
SQL> 
SQL> REM * HAS TWO MEANINGS : 1 META CHARACTER 2 MULTIPLICATION OPERATOR
SQL> 
SQL> REM WHEN WE USE ONLY * BETWEEN 'SELECT' AND 'FROM' KEY WORDS, IT IS USED AS META CHARACTER.
SQL> 
SQL> REM WHEN WE USE ANYTHING ELSE WITH * BETWEEN 'SELECT' AND 'FROM' KEY WORDS, IT IS USED AS MULTIPLICATION OPERATOR.
SQL> 
SQL> SELECT * FROM REGIONS;

       RID REGION_NAME                                                                                                                                                                                  
---------- -------------------------                                                                                                                                                                    
         1 Europe                                                                                                                                                                                       
         2 Americas                                                                                                                                                                                     
         3 Asia                                                                                                                                                                                         
         4 Middle East and Africa                                                                                                                                                                       

SQL> SELECT ROWNUM , * FROM REGIONS;
SELECT ROWNUM , * FROM REGIONS
                *
ERROR at line 1:
ORA-00936: missing expression 


SQL> SELECT * FROM EMPLOYEES;

EMPLOYEE_ID FIRST_NAME LAST_NAME  EMAIL      PHONE_NUMBER         HIRE_DATE JOB_ID         SALARY COMMISSION_PCT MANAGER_ID DEPARTMENT_ID                                                               
----------- ---------- ---------- ---------- -------------------- --------- ---------- ---------- -------------- ---------- -------------                                                               
        100 Steven     King       SKING      515.123.4567         17-JUL-87 AD_PRES         24000                                      90                                                               
        101 Neena      Kochhar    NKOCHHAR   515.123.4568         21-SEP-89 AD_VP           17000                       100            90                                                               
        102 Lex        De Haan    LDEHAAN    515.123.4569         13-JAN-93 AD_VP           17000                       100            90                                                               
        103 Alexander  Hunold     AHUNOLD    590.423.4567         03-JAN-90 IT_PROG          9000                       102            60                                                               
        104 Bruce      Ernst      BERNST     590.423.4568         21-MAY-91 IT_PROG          6000                       103            60                                                               
        107 Diana      Lorentz    DLORENTZ   590.423.5567         07-FEB-99 IT_PROG          4200                       103            60                                                               
        124 Kevin      Mourgos    KMOURGOS   650.123.5234         16-NOV-99 ST_MAN           5800                       100            50                                                               
        141 Trenna     Rajs       TRAJS      650.121.8009         17-OCT-95 ST_CLERK         3500                       124            50                                                               
        142 Curtis     Davies     CDAVIES    650.121.2994         29-JAN-97 ST_CLERK         3100                       124            50                                                               
        143 Randall    Matos      RMATOS     650.121.2874         15-MAR-98 ST_CLERK         2600                       124            50                                                               
        144 Peter      Vargas     PVARGAS    650.121.2004         09-JUL-98 ST_CLERK         2500                       124            50                                                               
        149 Eleni      Zlotkey    EZLOTKEY   011.44.1344.429018   29-JAN-00 SA_MAN          10500             .2        100            80                                                               
        174 Ellen      Abel       EABEL      011.44.1644.429267   11-MAY-96 SA_REP          11000             .3        149            80                                                               
        176 Jonathon   Taylor     JTAYLOR    011.44.1644.429265   24-MAR-98 SA_REP           8600             .3        149            80                                                               
        178 Kimerely   Grant      KGRANT     011.44.1644.429263   24-MAY-99 SA_REP           7000            .15        149                                                                             
        200 Jennifer   Whalen     JWHALEN    515.123.4444         17-SEP-87 AD_ASST          4400                       101            10                                                               
        201 Michael    Hartstein  MHARTSTE   515.123.5555         17-FEB-96 MK_MAN          13000                       100            20                                                               
        202 Pat        Fay        PFAY       603.123.6666         17-AUG-97 MK_REP           6000                       201            20                                                               
        205 Shelley    Higgins    SHIGGINS   515.123.8080         07-JUN-94 AC_MGR          12000                       101           110                                                               
        206 William    Gietz      WGIETZ     515.123.8181         07-JUN-94 AC_ACCOUNT       8300                       205           110                                                               

20 rows selected.

SQL> SELECT * , SALARY * 12 FROM EMPLOYEES;
SELECT * , SALARY * 12 FROM EMPLOYEES
         *
ERROR at line 1:
ORA-00923: FROM keyword not found where expected 


SQL> SELECT ROWNUM , REGIONS.* FROM REGIONS;

    ROWNUM        RID REGION_NAME                                                                                                                                                                       
---------- ---------- -------------------------                                                                                                                                                         
         1          1 Europe                                                                                                                                                                            
         2          2 Americas                                                                                                                                                                          
         3          3 Asia                                                                                                                                                                              
         4          4 Middle East and Africa                                                                                                                                                            

SQL> SELECT ROWID , REGIONS.* FROM REGIONS;

ROWID                     RID REGION_NAME                                                                                                                                                               
------------------ ---------- -------------------------                                                                                                                                                 
AAAVN3AAHAAAADUAAA          1 Europe                                                                                                                                                                    
AAAVN3AAHAAAADUAAB          2 Americas                                                                                                                                                                  
AAAVN3AAHAAAADUAAC          3 Asia                                                                                                                                                                      
AAAVN3AAHAAAADUAAD          4 Middle East and Africa                                                                                                                                                    

SQL> REM ROWNUM IS SERIAL NUMBER OF RESULT ROWS
SQL> 
SQL> REM ROWID IS UNIQUE ADDRESS OF EACH ROW
SQL> 
SQL> SELECT ROWID , R.* FROM REGIONS R;

ROWID                     RID REGION_NAME                                                                                                                                                               
------------------ ---------- -------------------------                                                                                                                                                 
AAAVN3AAHAAAADUAAA          1 Europe                                                                                                                                                                    
AAAVN3AAHAAAADUAAB          2 Americas                                                                                                                                                                  
AAAVN3AAHAAAADUAAC          3 Asia                                                                                                                                                                      
AAAVN3AAHAAAADUAAD          4 Middle East and Africa                                                                                                                                                    

SQL> SELECT ROWID , REGIONS.* FROM REGIONS R;
SELECT ROWID , REGIONS.* FROM REGIONS R
                       *
ERROR at line 1:
ORA-00904: "REGIONS": invalid identifier 


SQL> SPOOL OFF
****************************************************************************************************************************
****************************************************************************************************************************
****************************************************************************************************************************
****************************************************************************************************************************
****************************************************************************************************************************
****************************************************************************************************************************
****************************************************************************************************************************
****************************************************************************************************************************
