SQL> 
SQL> CL SCR

SQL> REM SUMMARY FUNCTIONS
SQL> 
SQL> REM SUMMARY/GROUP/AGGREGATE/MULTI ROW FUNCTIONS
SQL> 
SQL> REM TYPES OF FUNCTOINS : 1 SINGLE ROW 2 MULTI ROW
SQL> 
SQL> REM EXAMPLE OF SINGLE ROW FUNCTION
SQL> 
SQL> SELECT EMAIL , LOWER(EMAIL) FROM EMPLOYEES
  2  
SQL> 
SQL> SET LINES 200 PAGES 24
SQL> 
SQL> SELECT EMAIL , LOWER(EMAIL) FROM EMPLOYEES;

EMAIL      LOWER(EMAI                                                                                                                                                                                   
---------- ----------                                                                                                                                                                                   
SKING      sking                                                                                                                                                                                        
NKOCHHAR   nkochhar                                                                                                                                                                                     
LDEHAAN    ldehaan                                                                                                                                                                                      
AHUNOLD    ahunold                                                                                                                                                                                      
BERNST     bernst                                                                                                                                                                                       
DLORENTZ   dlorentz                                                                                                                                                                                     
KMOURGOS   kmourgos                                                                                                                                                                                     
TRAJS      trajs                                                                                                                                                                                        
CDAVIES    cdavies                                                                                                                                                                                      
RMATOS     rmatos                                                                                                                                                                                       
PVARGAS    pvargas                                                                                                                                                                                      
EZLOTKEY   ezlotkey                                                                                                                                                                                     
EABEL      eabel                                                                                                                                                                                        
JTAYLOR    jtaylor                                                                                                                                                                                      
KGRANT     kgrant                                                                                                                                                                                       
JWAHLEN    jwahlen                                                                                                                                                                                      
MHARTSTE   mhartste                                                                                                                                                                                     
PFAY       pfay                                                                                                                                                                                         
SHIGGINS   shiggins                                                                                                                                                                                     
WGIETZ     wgietz                                                                                                                                                                                       

20 rows selected.

SQL> REM SINGLE ROW FUNCTION TAKES SINGLE ROW AT A TIME AS INPUT AND RETURNS SINGLE ROW FOR IT
SQL> 
SQL> REM EXAMPLE OF MULTI ROW FUNCTION
SQL> 
SQL> SELECT SALRAY FROM EMPLOYEES ORDER BY 1;
SELECT SALRAY FROM EMPLOYEES ORDER BY 1
       *
ERROR at line 1:
ORA-00904: "SALRAY": invalid identifier 


SQL> SELECT SALARY FROM EMPLOYEES ORDER BY 1;

    SALARY                                                                                                                                                                                              
----------                                                                                                                                                                                              
      2500                                                                                                                                                                                              
      2600                                                                                                                                                                                              
      3100                                                                                                                                                                                              
      3500                                                                                                                                                                                              
      4200                                                                                                                                                                                              
      4400                                                                                                                                                                                              
      5800                                                                                                                                                                                              
      6000                                                                                                                                                                                              
      6000                                                                                                                                                                                              
      7000                                                                                                                                                                                              
      8300                                                                                                                                                                                              
      8600                                                                                                                                                                                              
      9000                                                                                                                                                                                              
     10500                                                                                                                                                                                              
     11000                                                                                                                                                                                              
     12000                                                                                                                                                                                              
     13000                                                                                                                                                                                              
     17000                                                                                                                                                                                              
     17000                                                                                                                                                                                              
     24000                                                                                                                                                                                              

20 rows selected.

SQL> SELECT MIN(SALARY) FROM EMPLOYEES;

MIN(SALARY)                                                                                                                                                                                             
-----------                                                                                                                                                                                             
       2500                                                                                                                                                                                             

SQL> SELECT DEPARTMENT_ID , SALARY FROM EMPLOYEES ORDER BY 1,2;

DEPARTMENT_ID     SALARY                                                                                                                                                                                
------------- ----------                                                                                                                                                                                
           10       4400                                                                                                                                                                                
           20       6000                                                                                                                                                                                
           20      13000                                                                                                                                                                                
           50       2500                                                                                                                                                                                
           50       2600                                                                                                                                                                                
           50       3100                                                                                                                                                                                
           50       3500                                                                                                                                                                                
           50       5800                                                                                                                                                                                
           60       4200                                                                                                                                                                                
           60       6000                                                                                                                                                                                
           60       9000                                                                                                                                                                                
           80       8600                                                                                                                                                                                
           80      10500                                                                                                                                                                                
           80      11000                                                                                                                                                                                
           90      17000                                                                                                                                                                                
           90      17000                                                                                                                                                                                
           90      24000                                                                                                                                                                                
          110       8300                                                                                                                                                                                
          110      12000                                                                                                                                                                                
                    7000                                                                                                                                                                                

20 rows selected.

SQL> SELECT DEPARTMENT_ID , MIN(SALARY) FROM EMPLOYEES ORDER BY 1;
SELECT DEPARTMENT_ID , MIN(SALARY) FROM EMPLOYEES ORDER BY 1
       *
ERROR at line 1:
ORA-00937: not a single-group group function 


SQL> SELECT DEPARTMENT_ID , MIN(SALARY) FROM EMPLOYEES GROUP BY DEPARTMENT_ID ORDER BY 1;

DEPARTMENT_ID MIN(SALARY)                                                                                                                                                                               
------------- -----------                                                                                                                                                                               
           10        4400                                                                                                                                                                               
           20        6000                                                                                                                                                                               
           50        2500                                                                                                                                                                               
           60        4200                                                                                                                                                                               
           80        8600                                                                                                                                                                               
           90       17000                                                                                                                                                                               
          110        8300                                                                                                                                                                               
                     7000                                                                                                                                                                               

8 rows selected.

SQL> SELECT DEPARTMENT_ID , SALARY FROM EMPLOYEES ORDER BY 1,2;

DEPARTMENT_ID     SALARY                                                                                                                                                                                
------------- ----------                                                                                                                                                                                
           10       4400                                                                                                                                                                                
           20       6000                                                                                                                                                                                
           20      13000                                                                                                                                                                                
           50       2500                                                                                                                                                                                
           50       2600                                                                                                                                                                                
           50       3100                                                                                                                                                                                
           50       3500                                                                                                                                                                                
           50       5800                                                                                                                                                                                
           60       4200                                                                                                                                                                                
           60       6000                                                                                                                                                                                
           60       9000                                                                                                                                                                                
           80       8600                                                                                                                                                                                
           80      10500                                                                                                                                                                                
           80      11000                                                                                                                                                                                
           90      17000                                                                                                                                                                                
           90      17000                                                                                                                                                                                
           90      24000                                                                                                                                                                                
          110       8300                                                                                                                                                                                
          110      12000                                                                                                                                                                                
                    7000                                                                                                                                                                                

20 rows selected.

SQL> SELECT DEPARTMENT_ID , MIN(SALARY) FROM EMPLOYEES GROUP BY DEPARTMENT_ID ORDER BY 1;

DEPARTMENT_ID MIN(SALARY)                                                                                                                                                                               
------------- -----------                                                                                                                                                                               
           10        4400                                                                                                                                                                               
           20        6000                                                                                                                                                                               
           50        2500                                                                                                                                                                               
           60        4200                                                                                                                                                                               
           80        8600                                                                                                                                                                               
           90       17000                                                                                                                                                                               
          110        8300                                                                                                                                                                               
                     7000                                                                                                                                                                               

8 rows selected.

SQL> REM MULTI ROW FUNCTION TAKES MULTIPLE ROWS AS INPUT AND MAY RETURN SINGLE ROW OR MULTIPLE ROWS
SQL> 
SQL> REM IF WE OMIT GROUP BY CLAUSE, IT WILL RETURN SINGLE ROW
SQL> 
SQL> REM IF WE USE GROUP BY CLAUSE, IT WILL RETURN MULTIPLE ROWS
SQL> 
SQL> REM SUMMARY FUNCTIONS : MIN MAX COUNT   SUM AVG
SQL> 
SQL> REM GROUP BY
SQL> 
SQL> REM HAVING
SQL> 
SQL> REM NESTED SUMMARY FUNCTIONS
SQL> 
SQL> REM PCM : PIVOTE TABLE REPORT/CROSS TAB REPORT/MATRIX REPORT
SQL> 
SQL> 
SQL> 
SQL> REM EXAMPLES OF SUMMARY FUNCTIONS WITH NUMBER INPUT
SQL> 
SQL> SELECT SALARY FROM EMPLOYEES ORDER BY 1;

    SALARY                                                                                                                                                                                              
----------                                                                                                                                                                                              
      2500                                                                                                                                                                                              
      2600                                                                                                                                                                                              
      3100                                                                                                                                                                                              
      3500                                                                                                                                                                                              
      4200                                                                                                                                                                                              
      4400                                                                                                                                                                                              
      5800                                                                                                                                                                                              
      6000                                                                                                                                                                                              
      6000                                                                                                                                                                                              
      7000                                                                                                                                                                                              
      8300                                                                                                                                                                                              
      8600                                                                                                                                                                                              
      9000                                                                                                                                                                                              
     10500                                                                                                                                                                                              
     11000                                                                                                                                                                                              
     12000                                                                                                                                                                                              
     13000                                                                                                                                                                                              
     17000                                                                                                                                                                                              
     17000                                                                                                                                                                                              
     24000                                                                                                                                                                                              

20 rows selected.

SQL> SELECT MIN(SALARY) , MAX(SALARY) FROM EMPLOYEES;

MIN(SALARY) MAX(SALARY)                                                                                                                                                                                 
----------- -----------                                                                                                                                                                                 
       2500       24000                                                                                                                                                                                 

SQL> SELECT COUNT(SALARY) , COUNT(DISTINCT SALARY) , COUNT(*) FROM EMPLOYEES;

COUNT(SALARY) COUNT(DISTINCTSALARY)   COUNT(*)                                                                                                                                                          
------------- --------------------- ----------                                                                                                                                                          
           20                    18         20                                                                                                                                                          

SQL> SELECT COMMISSION_PCT FROM EMPLOYEES;

COMMISSION_PCT                                                                                                                                                                                          
--------------                                                                                                                                                                                          
                                                                                                                                                                                                        
                                                                                                                                                                                                        
                                                                                                                                                                                                        
                                                                                                                                                                                                        
                                                                                                                                                                                                        
                                                                                                                                                                                                        
                                                                                                                                                                                                        
                                                                                                                                                                                                        
                                                                                                                                                                                                        
                                                                                                                                                                                                        
                                                                                                                                                                                                        
            .2                                                                                                                                                                                          
            .3                                                                                                                                                                                          
            .3                                                                                                                                                                                          
           .15                                                                                                                                                                                          
                                                                                                                                                                                                        
                                                                                                                                                                                                        
                                                                                                                                                                                                        
                                                                                                                                                                                                        
                                                                                                                                                                                                        

20 rows selected.

SQL> REM ALL SUMMARY FUNCTIONS IGNORE NULL VALUES.
SQL> 
SQL> SELECT COUNT(COMMISSION_PCT) , COUNT(DISTINCT COMMISSION_PCT) , COUNT(*) FROM EMPLOYEES;

COUNT(COMMISSION_PCT) COUNT(DISTINCTCOMMISSION_PCT)   COUNT(*)                                                                                                                                          
--------------------- ----------------------------- ----------                                                                                                                                          
                    4                             3         20                                                                                                                                          

SQL> SELECT SUM(SALARY) FROM EMPLOYEES;

SUM(SALARY)                                                                                                                                                                                             
-----------                                                                                                                                                                                             
     175500                                                                                                                                                                                             

SQL> SELECT AVG(SALARY) , SUM(SALARY)/COUNT(SALARY) FROM EMPLOYEES;

AVG(SALARY) SUM(SALARY)/COUNT(SALARY)                                                                                                                                                                   
----------- -------------------------                                                                                                                                                                   
       8775                      8775                                                                                                                                                                   

SQL> SELECT AVG(SALARY) , SUM(SALARY)/COUNT(*) FROM EMPLOYEES;

AVG(SALARY) SUM(SALARY)/COUNT(*)                                                                                                                                                                        
----------- --------------------                                                                                                                                                                        
       8775                 8775                                                                                                                                                                        

SQL> SELECT AVG(SALARY) , SUM(SALARY)/COUNT(DISTINCT SALARY) FROM EMPLOYEES;

AVG(SALARY) SUM(SALARY)/COUNT(DISTINCTSALARY)                                                                                                                                                           
----------- ---------------------------------                                                                                                                                                           
       8775                              9750                                                                                                                                                           

SQL> REM EXAMPLES OF SUMMARY FUNCTIONS WITH DATE INPUT
SQL> 
SQL> SELECT HIRE_DATE FROM EMPLOYEES ORDER BY 1;

HIRE_DATE                                                                                                                                                                                               
---------                                                                                                                                                                                               
17-JUL-87                                                                                                                                                                                               
17-SEP-87                                                                                                                                                                                               
21-SEP-89                                                                                                                                                                                               
03-JAN-90                                                                                                                                                                                               
21-MAY-91                                                                                                                                                                                               
13-JAN-93                                                                                                                                                                                               
07-JUN-94                                                                                                                                                                                               
07-JUN-94                                                                                                                                                                                               
17-OCT-95                                                                                                                                                                                               
17-FEB-96                                                                                                                                                                                               
11-MAY-96                                                                                                                                                                                               
29-JAN-97                                                                                                                                                                                               
17-AUG-97                                                                                                                                                                                               
15-MAR-98                                                                                                                                                                                               
24-MAR-98                                                                                                                                                                                               
09-JUL-98                                                                                                                                                                                               
07-FEB-99                                                                                                                                                                                               
24-MAY-99                                                                                                                                                                                               
16-NOV-99                                                                                                                                                                                               
29-JAN-00                                                                                                                                                                                               

20 rows selected.

SQL> SELECT MIN(HIRE_DATE) , MAX(HIRE_DATE) FROM EMPLOYEES;

MIN(HIRE_ MAX(HIRE_                                                                                                                                                                                     
--------- ---------                                                                                                                                                                                     
17-JUL-87 29-JAN-00                                                                                                                                                                                     

SQL> 
SQL> SELECT COUNT(HIRE_DATE) , COUNT(UNIQUE HIRE_DATE) , COUNT(*) FROM EMPLOYEES;

COUNT(HIRE_DATE) COUNT(UNIQUEHIRE_DATE)   COUNT(*)                                                                                                                                                      
---------------- ---------------------- ----------                                                                                                                                                      
              20                     19         20                                                                                                                                                      

SQL> 
SQL> REM WE CAN'T USE DISTINCT/UNIQUE WITH * INSIDE SUMMARY FUNCTION.
SQL> 
SQL> SELECT HIRE_DATE FROM EMPLOYEES ORDER BY 1;

HIRE_DATE                                                                                                                                                                                               
---------                                                                                                                                                                                               
17-JUL-87                                                                                                                                                                                               
17-SEP-87                                                                                                                                                                                               
21-SEP-89                                                                                                                                                                                               
03-JAN-90                                                                                                                                                                                               
21-MAY-91                                                                                                                                                                                               
13-JAN-93                                                                                                                                                                                               
07-JUN-94                                                                                                                                                                                               
07-JUN-94                                                                                                                                                                                               
17-OCT-95                                                                                                                                                                                               
17-FEB-96                                                                                                                                                                                               
11-MAY-96                                                                                                                                                                                               
29-JAN-97                                                                                                                                                                                               
17-AUG-97                                                                                                                                                                                               
15-MAR-98                                                                                                                                                                                               
24-MAR-98                                                                                                                                                                                               
09-JUL-98                                                                                                                                                                                               
07-FEB-99                                                                                                                                                                                               
24-MAY-99                                                                                                                                                                                               
16-NOV-99                                                                                                                                                                                               
29-JAN-00                                                                                                                                                                                               

20 rows selected.

SQL> SELECT SUM(HIRE_DATE) FROM EMPLOYEES;
SELECT SUM(HIRE_DATE) FROM EMPLOYEES
           *
ERROR at line 1:
ORA-00932: inconsistent datatypes: expected NUMBER got DATE 


SQL> SELECT AVG(HIRE_DATE) FROM EMPLOYEES;
SELECT AVG(HIRE_DATE) FROM EMPLOYEES
           *
ERROR at line 1:
ORA-00932: inconsistent datatypes: expected NUMBER got DATE 


SQL> REM SUM AND AVG DOESN'T SUPPORT DATE AND CHARACTER INPUT.
SQL> 
SQL> SELECT FIRST_NAME FROM EMPLOYEES ORDER BY 1;

FIRST_NAME                                                                                                                                                                                              
----------                                                                                                                                                                                              
Alexander                                                                                                                                                                                               
Bruce                                                                                                                                                                                                   
Curtis                                                                                                                                                                                                  
Diana                                                                                                                                                                                                   
Eleni                                                                                                                                                                                                   
Ellen                                                                                                                                                                                                   
Jennifer                                                                                                                                                                                                
Jonathon                                                                                                                                                                                                
Kevin                                                                                                                                                                                                   
Kimerely                                                                                                                                                                                                
Lex                                                                                                                                                                                                     
Michael                                                                                                                                                                                                 
Neena                                                                                                                                                                                                   
Pat                                                                                                                                                                                                     
Peter                                                                                                                                                                                                   
Randall                                                                                                                                                                                                 
Shelley                                                                                                                                                                                                 
Steven                                                                                                                                                                                                  
Trenna                                                                                                                                                                                                  
William                                                                                                                                                                                                 

20 rows selected.

SQL> SELECT MIN(FIRST_NAME) , MAX(FIRST_NAME) FROM EMPLOYEES;

MIN(FIRST_ MAX(FIRST_                                                                                                                                                                                   
---------- ----------                                                                                                                                                                                   
Alexander  William                                                                                                                                                                                      

SQL> SELECT COUNT(FIRST_NAME) FROM EMPLOYEES;

COUNT(FIRST_NAME)                                                                                                                                                                                       
-----------------                                                                                                                                                                                       
               20                                                                                                                                                                                       

SQL> SELECT SUM(FIRST_NAME) FROM EMPLOYEES;
SELECT SUM(FIRST_NAME) FROM EMPLOYEES
           *
ERROR at line 1:
ORA-01722: invalid number 


SQL> SELECT AVG(FIRST_NAME) FROM EMPLOYEES;
SELECT AVG(FIRST_NAME) FROM EMPLOYEES
           *
ERROR at line 1:
ORA-01722: invalid number 


SQL> REM FIND AND DISPLAY HIGHEST SALARY FIGURE
SQL> 
SQL> SELECT MAX(SALARY) FROM EMPLOYEES;

MAX(SALARY)                                                                                                                                                                                             
-----------                                                                                                                                                                                             
      24000                                                                                                                                                                                             

SQL> REM ON WHICH DATE FIRST EMPLOYEE WAS HIRED
SQL> 
SQL> SELECT MIN(HIRE_DATE) FROM EMPLOYEES;

MIN(HIRE_                                                                                                                                                                                               
---------                                                                                                                                                                                               
17-JUL-87                                                                                                                                                                                               

SQL> REM FIND AVERAGE SALARY PAID BY COMPANY
SQL> 
SQL> SELECT AVG(SALARY) FROM EMPLOYEES;

AVG(SALARY)                                                                                                                                                                                             
-----------                                                                                                                                                                                             
       8775                                                                                                                                                                                             

SQL> REM HOW MANY EMPLOYEE GETS COMMISSION
SQL> 
SQL> SELECT COUNT(COMMISSION_PCT) FROM EMPLOYEES;

COUNT(COMMISSION_PCT)                                                                                                                                                                                   
---------------------                                                                                                                                                                                   
                    4                                                                                                                                                                                   

SQL> SELECT COUNT(*) FROM EMPLOYEES WHERE COMMISSION_PCT IS NOT NULL;

  COUNT(*)                                                                                                                                                                                              
----------                                                                                                                                                                                              
         4                                                                                                                                                                                              

SQL> SELECT COUNT(*) FROM EMPLOYEES WHERE NVL(COMMISSION_PCT,0) = 0;

  COUNT(*)                                                                                                                                                                                              
----------                                                                                                                                                                                              
        16                                                                                                                                                                                              

SQL> SELECT COUNT(*) FROM EMPLOYEES WHERE NVL(COMMISSION_PCT,0) != 0;

  COUNT(*)                                                                                                                                                                                              
----------                                                                                                                                                                                              
         4                                                                                                                                                                                              

SQL> REM DISPLAY HIGHEST SALARY PAID TO DEPARTMENT 60 EMPLOYEES
SQL> 
SQL> SELECT MAX(SALARY) FROM EMPLOYEES WHERE DEPARTMENT_ID = 60;

MAX(SALARY)                                                                                                                                                                                             
-----------                                                                                                                                                                                             
       9000                                                                                                                                                                                             

SQL> REM HOW MANY EMPLOYEE WORKS AS AD_VP
SQL> 
SQL> SELECT COUNT(*) FROM EMPLOYEES WHERE JOB_ID = 'AD_VP';

  COUNT(*)                                                                                                                                                                                              
----------                                                                                                                                                                                              
         2                                                                                                                                                                                              

SQL> REM DISPLAY AVERAGE SALARY PAID TO THOSE WHO WERE HIRED IN YEAR 98
SQL> 
SQL> REM LIKE , BETWEEN , AND
SQL> 
SQL> SELECT AVG(SALARY) FROM EMPLOYEES WHERE HIRE_DATE BETWEEN '01-JAN-98' AND '31-DEC-98';

AVG(SALARY)                                                                                                                                                                                             
-----------                                                                                                                                                                                             
 4566.66667                                                                                                                                                                                             

SQL> SELECT AVG(SALARY) FROM EMPLOYEES WHERE HIRE_DATE >= '01-JAN-98' AND HIRE_DATE <= '31-DEC-98';

AVG(SALARY)                                                                                                                                                                                             
-----------                                                                                                                                                                                             
 4566.66667                                                                                                                                                                                             

SQL> SELECT AVG(SALARY) FROM EMPLOYEES WHERE HIRE_DATE LIKE '%98';

AVG(SALARY)                                                                                                                                                                                             
-----------                                                                                                                                                                                             
 4566.66667                                                                                                                                                                                             

SQL> SELECT TRUNC(AVG(SALARY),2) FROM EMPLOYEES WHERE HIRE_DATE LIKE '%98';

TRUNC(AVG(SALARY),2)                                                                                                                                                                                    
--------------------                                                                                                                                                                                    
             4566.66                                                                                                                                                                                    

SQL> REM FIND TOTAL SALARY PAID TO DEPARTMENT 20
SQL> 
SQL> SELECT SUM(SALARY) FROM EMPLOYEES WHERE DEPARTMENT_ID = 20;

SUM(SALARY)                                                                                                                                                                                             
-----------                                                                                                                                                                                             
      19000                                                                                                                                                                                             

SQL> 
SQL> REM FIND TOTAL SALARY PAID TO DEPARTMENT 50
SQL> 
SQL> SELECT SUM(SALARY) FROM EMPLOYEES WHERE DEPARTMENT_ID = 50;

SUM(SALARY)                                                                                                                                                                                             
-----------                                                                                                                                                                                             
      17500                                                                                                                                                                                             

SQL> 
SQL> 
SQL> REM FIND TOTAL SALARY PAID TO DEPARTMENT 90
SQL> 
SQL> SELECT SUM(SALARY) FROM EMPLOYEES WHERE DEPARTMENT_ID = 90;

SUM(SALARY)                                                                                                                                                                                             
-----------                                                                                                                                                                                             
      58000                                                                                                                                                                                             

SQL> REM DEPARTMENT_ID    SUM(SALRAY)
SQL> 
SQL> REM SUMMARY FUNCTIONS WITH GROUP BY CLAUSE
SQL> 
SQL> SELECT DEPARTMENT_ID ,SUM(SALRAY)
  2  FROM EMPLOYEES
  3  
SQL> SELECT DEPARTMENT_ID ,SUM(SALARY)
  2  FROM EMPLOYEES;
SELECT DEPARTMENT_ID ,SUM(SALARY)
       *
ERROR at line 1:
ORA-00937: not a single-group group function 


SQL> SELECT DEPARTMENT_ID ,SUM(SALARY) FROM EMPLOYEES;
SELECT DEPARTMENT_ID ,SUM(SALARY) FROM EMPLOYEES
       *
ERROR at line 1:
ORA-00937: not a single-group group function 


SQL> SELECT DEPARTMENT_ID FROM EMPLOYEES;

DEPARTMENT_ID                                                                                                                                                                                           
-------------                                                                                                                                                                                           
           90                                                                                                                                                                                           
           90                                                                                                                                                                                           
           90                                                                                                                                                                                           
           60                                                                                                                                                                                           
           60                                                                                                                                                                                           
           60                                                                                                                                                                                           
           50                                                                                                                                                                                           
           50                                                                                                                                                                                           
           50                                                                                                                                                                                           
           50                                                                                                                                                                                           
           50                                                                                                                                                                                           
           80                                                                                                                                                                                           
           80                                                                                                                                                                                           
           80                                                                                                                                                                                           
                                                                                                                                                                                                        
           10                                                                                                                                                                                           
           20                                                                                                                                                                                           
           20                                                                                                                                                                                           
          110                                                                                                                                                                                           
          110                                                                                                                                                                                           

20 rows selected.

SQL> SELECT SUM(SALARY) FROM EMPLOYEES;

SUM(SALARY)                                                                                                                                                                                             
-----------                                                                                                                                                                                             
     175500                                                                                                                                                                                             

SQL> SELECT DEPARTMENT_ID ,SUM(SALARY) FROM EMPLOYEES GROUP BY DEPARTMENT_ID ORDER BY 1;

DEPARTMENT_ID SUM(SALARY)                                                                                                                                                                               
------------- -----------                                                                                                                                                                               
           10        4400                                                                                                                                                                               
           20       19000                                                                                                                                                                               
           50       17500                                                                                                                                                                               
           60       19200                                                                                                                                                                               
           80       30100                                                                                                                                                                               
           90       58000                                                                                                                                                                               
          110       20300                                                                                                                                                                               
                     7000                                                                                                                                                                               

8 rows selected.

SQL> SELECT DEPARTMENT_ID ,SALARY FROM EMPLOYEES ORDER BY 1,2;

DEPARTMENT_ID     SALARY                                                                                                                                                                                
------------- ----------                                                                                                                                                                                
           10       4400                                                                                                                                                                                
           20       6000                                                                                                                                                                                
           20      13000                                                                                                                                                                                
           50       2500                                                                                                                                                                                
           50       2600                                                                                                                                                                                
           50       3100                                                                                                                                                                                
           50       3500                                                                                                                                                                                
           50       5800                                                                                                                                                                                
           60       4200                                                                                                                                                                                
           60       6000                                                                                                                                                                                
           60       9000                                                                                                                                                                                
           80       8600                                                                                                                                                                                
           80      10500                                                                                                                                                                                
           80      11000                                                                                                                                                                                
           90      17000                                                                                                                                                                                
           90      17000                                                                                                                                                                                
           90      24000                                                                                                                                                                                
          110       8300                                                                                                                                                                                
          110      12000                                                                                                                                                                                
                    7000                                                                                                                                                                                

20 rows selected.

SQL> REM WHEN WE USE NON-SUMMARY ITEM WITH SUMMARY ITEM IN SELECT, ALL NON-SUMMARY ITEMS MUST PRESENT BE IN GROUP CLAUSE
SQL> 
SQL> REM JOB WISE LOWEST SALARY
SQL> 
SQL> SELECT MIN(SALARY) FROM EMPLOYEES GROUP BY JOB_ID ;

MIN(SALARY)                                                                                                                                                                                             
-----------                                                                                                                                                                                             
       4200                                                                                                                                                                                             
      12000                                                                                                                                                                                             
       8300                                                                                                                                                                                             
       5800                                                                                                                                                                                             
       4400                                                                                                                                                                                             
      17000                                                                                                                                                                                             
      10500                                                                                                                                                                                             
      13000                                                                                                                                                                                             
      24000                                                                                                                                                                                             
       7000                                                                                                                                                                                             
       6000                                                                                                                                                                                             
       2500                                                                                                                                                                                             

12 rows selected.

SQL> SELECT JOB_ID , MIN(SALARY) FROM EMPLOYEES GROUP BY JOB_ID  ORDER BY 1;

JOB_ID     MIN(SALARY)                                                                                                                                                                                  
---------- -----------                                                                                                                                                                                  
AC_ACCOUNT        8300                                                                                                                                                                                  
AC_MGR           12000                                                                                                                                                                                  
AD_ASST           4400                                                                                                                                                                                  
AD_PRES          24000                                                                                                                                                                                  
AD_VP            17000                                                                                                                                                                                  
IT_PROG           4200                                                                                                                                                                                  
MK_MAN           13000                                                                                                                                                                                  
MK_REP            6000                                                                                                                                                                                  
SA_MAN           10500                                                                                                                                                                                  
SA_REP            7000                                                                                                                                                                                  
ST_CLERK          2500                                                                                                                                                                                  
ST_MAN            5800                                                                                                                                                                                  

12 rows selected.

SQL> REM MANAGER WISE COUNT OF EMPLOYEES
SQL> 
SQL> SELECT MANAGER_ID , COUNT(*) FROM EMPLOYEES GROUP BY MANAGER_ID ORDER BY 1 ;

MANAGER_ID   COUNT(*)                                                                                                                                                                                   
---------- ----------                                                                                                                                                                                   
       100          5                                                                                                                                                                                   
       101          2                                                                                                                                                                                   
       102          1                                                                                                                                                                                   
       103          2                                                                                                                                                                                   
       124          4                                                                                                                                                                                   
       149          3                                                                                                                                                                                   
       201          1                                                                                                                                                                                   
       205          1                                                                                                                                                                                   
                    1                                                                                                                                                                                   

9 rows selected.

SQL> REM HIRE QUARTER WISE , LOWEST AND HIGHEST SALARY
SQL> 
SQL> SELECT TO_CHAR(HIRE_DATE,'Q') , MIN(SALARY) , MAX(SALARY) FROM EMPLOYEES GROUP BY TO_CHAR(HIRE_DATE,'Q') ORDER BY 1;

T MIN(SALARY) MAX(SALARY)                                                                                                                                                                               
- ----------- -----------                                                                                                                                                                               
1        2600       17000                                                                                                                                                                               
2        6000       12000                                                                                                                                                                               
3        2500       24000                                                                                                                                                                               
4        3500        5800                                                                                                                                                                               

SQL> SELECT TO_CHAR(HIRE_DATE,'Q') , MIN(SALARY) , MAX(SALARY) FROM EMPLOYEES GROUP BY HIRE_DATE ORDER BY 1;

T MIN(SALARY) MAX(SALARY)                                                                                                                                                                               
- ----------- -----------                                                                                                                                                                               
1        9000        9000                                                                                                                                                                               
1       13000       13000                                                                                                                                                                               
1        3100        3100                                                                                                                                                                               
1        2600        2600                                                                                                                                                                               
1        8600        8600                                                                                                                                                                               
1       10500       10500                                                                                                                                                                               
1       17000       17000                                                                                                                                                                               
1        4200        4200                                                                                                                                                                               
2       11000       11000                                                                                                                                                                               
2        6000        6000                                                                                                                                                                               
2        8300       12000                                                                                                                                                                               
2        7000        7000                                                                                                                                                                               
3        4400        4400                                                                                                                                                                               
3        6000        6000                                                                                                                                                                               
3       24000       24000                                                                                                                                                                               
3        2500        2500                                                                                                                                                                               
3       17000       17000                                                                                                                                                                               
4        3500        3500                                                                                                                                                                               
4        5800        5800                                                                                                                                                                               

19 rows selected.

SQL> REM HIRE YEAR WISE NO. OF EMPLOYEES HIRED
SQL> 
SQL> SELECT TO_CHAR(HIRE_DATE,'RRRR') YEAR , COUNT(*) FROM EMPLOYEES GROUP BY TO_CHAR(HIRE_DATE,'YYYY');
SELECT TO_CHAR(HIRE_DATE,'RRRR') YEAR , COUNT(*) FROM EMPLOYEES GROUP BY TO_CHAR(HIRE_DATE,'YYYY')
               *
ERROR at line 1:
ORA-00979: not a GROUP BY expression 


SQL> SELECT TO_CHAR(HIRE_DATE,'RRRR') YEAR , COUNT(*) FROM EMPLOYEES GROUP BY TO_CHAR(HIRE_DATE,'RRRR');

YEAR   COUNT(*)                                                                                                                                                                                         
---- ----------                                                                                                                                                                                         
1987          2                                                                                                                                                                                         
1997          2                                                                                                                                                                                         
2000          1                                                                                                                                                                                         
1994          2                                                                                                                                                                                         
1991          1                                                                                                                                                                                         
1995          1                                                                                                                                                                                         
1990          1                                                                                                                                                                                         
1989          1                                                                                                                                                                                         
1993          1                                                                                                                                                                                         
1999          3                                                                                                                                                                                         
1996          2                                                                                                                                                                                         
1998          3                                                                                                                                                                                         

12 rows selected.

SQL> SELECT TO_CHAR(HIRE_DATE,'RRRR') YEAR , COUNT(*) FROM EMPLOYEES GROUP BY HIRE_DATE;

YEAR   COUNT(*)                                                                                                                                                                                         
---- ----------                                                                                                                                                                                         
1997          1                                                                                                                                                                                         
1998          1                                                                                                                                                                                         
1987          1                                                                                                                                                                                         
1993          1                                                                                                                                                                                         
1999          1                                                                                                                                                                                         
1997          1                                                                                                                                                                                         
1998          1                                                                                                                                                                                         
1994          2                                                                                                                                                                                         
1996          1                                                                                                                                                                                         
1987          1                                                                                                                                                                                         
1996          1                                                                                                                                                                                         
1991          1                                                                                                                                                                                         
1995          1                                                                                                                                                                                         
1998          1                                                                                                                                                                                         
1999          1                                                                                                                                                                                         
1999          1                                                                                                                                                                                         
1989          1                                                                                                                                                                                         
2000          1                                                                                                                                                                                         
1990          1                                                                                                                                                                                         

19 rows selected.

SQL> SELECT TO_CHAR(HIRE_DATE,'RRRR') YEAR , COUNT(*) FROM EMPLOYEES GROUP BY TO_CHAR(HIRE_DATE,'Q');
SELECT TO_CHAR(HIRE_DATE,'RRRR') YEAR , COUNT(*) FROM EMPLOYEES GROUP BY TO_CHAR(HIRE_DATE,'Q')
               *
ERROR at line 1:
ORA-00979: not a GROUP BY expression 


SQL> SELECT SUM(SALARY || COMMISSION_PCT) FROM EMPLOYEES;

SUM(SALARY||COMMISSION_PCT)                                                                                                                                                                             
---------------------------                                                                                                                                                                             
                  175500.95                                                                                                                                                                             

SQL> REM ALL SUMMARY FUNCTIONS ACCEPTS SINGLE INPUT.
SQL> 
SQL> SPOOL OFF
