SQL> 
SQL> SET LINES 200 PAGES 24
SQL> 
SQL> SELECT * FROM EMPLOYEES;

EMPLOYEE_ID FIRST_NAME      LAST_NAME       EMAIL      PHONE_NUMBER         HIRE_DATE JOB_ID         SALARY COMMISSION_PCT MANAGER_ID DEPARTMENT_ID                                                     
----------- --------------- --------------- ---------- -------------------- --------- ---------- ---------- -------------- ---------- -------------                                                     
        100 Steven          King            SKING      515.123.4567         17-JUL-87 AD_PRES         24000                                      90                                                     
        101 Neena           Kochhar         NKOCHHAR   515.123.4568         21-SEP-89 AD_VP           17000                       100            90                                                     
        102 Lex             De Haan         LDEHAAN    515.123.4569         13-JAN-93 AD_VP           17000                       100            90                                                     
        103 Alexander       Hunold          AHUNOLD    590.423.4567         03-JAN-90 IT_PROG          9000                       102            60                                                     
        104 Bruce           Ernst           BERNST     590.423.4568         21-MAY-91 IT_PROG          6000                       103            60                                                     
        107 Diana           Lorentz         DLORENTZ   590.423.5567         07-FEB-99 IT_PROG          4200                       103            60                                                     
        124 Kevin           Mourgos         KMOURGOS   650.123.5234         16-NOV-99 ST_MAN           5800                       100            50                                                     
        141 Trenna          Rajs            TRAJS      650.121.8009         17-OCT-95 ST_CLERK         3500                       124            50                                                     
        142 Curtis          Davies          CDAVIES    650.121.2994         29-JAN-97 ST_CLERK         3100                       124            50                                                     
        143 Randall         Matos           RMATOS     650.121.2874         15-MAR-98 ST_CLERK         2600                       124            50                                                     
        144 Peter           Vargas          PVARGAS    650.121.2004         09-JUL-98 ST_CLERK         2500                       124            50                                                     
        149 Eleni           Zlotkey         EZLOTKEY   011.44.1344.429018   29-JAN-00 SA_MAN          10500             .2        100            80                                                     
        174 Ellen           Abel            EABEL      011.44.1644.429267   11-MAY-96 SA_REP          11000             .3        149            80                                                     
        176 Jonathon        Taylor          JTAYLOR    011.44.1644.429265   24-MAR-98 SA_REP           8600             .3        149            80                                                     
        178 Kimerely        Grant           KGRANT     011.44.1644.429263   24-MAY-99 SA_REP           7000            .15        149                                                                   
        200 Jennifer        Whalen          JWHALEN    515.123.4444         17-SEP-87 AD_ASST          4400                       101            10                                                     
        201 Michael         Hartstein       MHARTSTE   515.123.5555         17-FEB-96 MK_MAN          13000                       100            20                                                     
        202 Pat             Fay             PFAY       603.123.6666         17-AUG-97 MK_REP           6000                       201            20                                                     
        205 Shelley         Higgins         SHIGGINS   515.123.8080         07-JUN-94 AC_MGR          12000                       101           110                                                     
        206 William         Gietz           WGIETZ     515.123.8181         07-JUN-94 AC_ACCOUNT       8300                       205           110                                                     

20 rows selected.

SQL> REM VERTICAL : COLUMN
SQL> 
SQL> REM HORTIZONTAL : ROW
SQL> 
SQL> REM INTERSECTION : FIELD
SQL> 
SQL> REM COMBINATION : TABLE
SQL> 
SQL> REM FIRST ROW : COLUMN HEADINGS/TITLES/NAMES/ALIASES
SQL> 
SQL> REM SECOND ROW : LINE SEPARATOR BETWEEN COLUMN HEADING AND DATA/VALUES/ROWS
SQL> 
SQL> REM 3ROW ONWARDS 20 ROWS : DATA/VALUES
SQL> 
SQL> REM LAST ROW : FEEDBACK MESSAGE
SQL> 
SQL> 
SQL> 
SQL> REM SQL : STRUCTURED QUERY LANGUAGE
SQL> 
SQL> REM SQL> IS CALLED PROMPT
SQL> 
SQL> REM PROMPT MEANS, ORACLE IS READY TO TAKE 1 COMMENT 2 COMMAND
SQL> 
SQL> 
SQL> REM COMMENT IS FOR OUR SELEVES.
SQL> 
SQL> REM COMMAND IS FOR ORACLE/SQL ENGINE.
SQL> 
SQL> 
SQL> 
SQL> REM TYPES OF COMMENTS : 1 SINGLE LINE 2 MULTI LINE 3 INLINE
SQL> 
SQL> REM THIS IS FIRST STYLE OF WRITING SINGLE LINE COMMENT.
SQL> 
SQL> REMARK THIS IS FIRST STYLE OF WRITING SINGLE LINE COMMENT.
SQL> 
SQL> -- THIS IS SECOND STYLE OF WRITING SINGLE LINE COMMENT.
SQL> 
SQL> 
SQL> 
SQL> /*
SQL> THIS
SQL> IS
SQL> MULTI
SQL> LINE
SQL> COMMENT.
SQL> */
SQL> 
SQL> 
SQL> SELECT * /* THIS IS INLINE COMMENT. */ FROM EMPLOYEES;

EMPLOYEE_ID FIRST_NAME      LAST_NAME       EMAIL      PHONE_NUMBER         HIRE_DATE JOB_ID         SALARY COMMISSION_PCT MANAGER_ID DEPARTMENT_ID                                                     
----------- --------------- --------------- ---------- -------------------- --------- ---------- ---------- -------------- ---------- -------------                                                     
        100 Steven          King            SKING      515.123.4567         17-JUL-87 AD_PRES         24000                                      90                                                     
        101 Neena           Kochhar         NKOCHHAR   515.123.4568         21-SEP-89 AD_VP           17000                       100            90                                                     
        102 Lex             De Haan         LDEHAAN    515.123.4569         13-JAN-93 AD_VP           17000                       100            90                                                     
        103 Alexander       Hunold          AHUNOLD    590.423.4567         03-JAN-90 IT_PROG          9000                       102            60                                                     
        104 Bruce           Ernst           BERNST     590.423.4568         21-MAY-91 IT_PROG          6000                       103            60                                                     
        107 Diana           Lorentz         DLORENTZ   590.423.5567         07-FEB-99 IT_PROG          4200                       103            60                                                     
        124 Kevin           Mourgos         KMOURGOS   650.123.5234         16-NOV-99 ST_MAN           5800                       100            50                                                     
        141 Trenna          Rajs            TRAJS      650.121.8009         17-OCT-95 ST_CLERK         3500                       124            50                                                     
        142 Curtis          Davies          CDAVIES    650.121.2994         29-JAN-97 ST_CLERK         3100                       124            50                                                     
        143 Randall         Matos           RMATOS     650.121.2874         15-MAR-98 ST_CLERK         2600                       124            50                                                     
        144 Peter           Vargas          PVARGAS    650.121.2004         09-JUL-98 ST_CLERK         2500                       124            50                                                     
        149 Eleni           Zlotkey         EZLOTKEY   011.44.1344.429018   29-JAN-00 SA_MAN          10500             .2        100            80                                                     
        174 Ellen           Abel            EABEL      011.44.1644.429267   11-MAY-96 SA_REP          11000             .3        149            80                                                     
        176 Jonathon        Taylor          JTAYLOR    011.44.1644.429265   24-MAR-98 SA_REP           8600             .3        149            80                                                     
        178 Kimerely        Grant           KGRANT     011.44.1644.429263   24-MAY-99 SA_REP           7000            .15        149                                                                   
        200 Jennifer        Whalen          JWHALEN    515.123.4444         17-SEP-87 AD_ASST          4400                       101            10                                                     
        201 Michael         Hartstein       MHARTSTE   515.123.5555         17-FEB-96 MK_MAN          13000                       100            20                                                     
        202 Pat             Fay             PFAY       603.123.6666         17-AUG-97 MK_REP           6000                       201            20                                                     
        205 Shelley         Higgins         SHIGGINS   515.123.8080         07-JUN-94 AC_MGR          12000                       101           110                                                     
        206 William         Gietz           WGIETZ     515.123.8181         07-JUN-94 AC_ACCOUNT       8300                       205           110                                                     

20 rows selected.

SQL> SELECT * FROM EMPLOYEES;

EMPLOYEE_ID FIRST_NAME      LAST_NAME       EMAIL      PHONE_NUMBER         HIRE_DATE JOB_ID         SALARY COMMISSION_PCT MANAGER_ID DEPARTMENT_ID                                                     
----------- --------------- --------------- ---------- -------------------- --------- ---------- ---------- -------------- ---------- -------------                                                     
        100 Steven          King            SKING      515.123.4567         17-JUL-87 AD_PRES         24000                                      90                                                     
        101 Neena           Kochhar         NKOCHHAR   515.123.4568         21-SEP-89 AD_VP           17000                       100            90                                                     
        102 Lex             De Haan         LDEHAAN    515.123.4569         13-JAN-93 AD_VP           17000                       100            90                                                     
        103 Alexander       Hunold          AHUNOLD    590.423.4567         03-JAN-90 IT_PROG          9000                       102            60                                                     
        104 Bruce           Ernst           BERNST     590.423.4568         21-MAY-91 IT_PROG          6000                       103            60                                                     
        107 Diana           Lorentz         DLORENTZ   590.423.5567         07-FEB-99 IT_PROG          4200                       103            60                                                     
        124 Kevin           Mourgos         KMOURGOS   650.123.5234         16-NOV-99 ST_MAN           5800                       100            50                                                     
        141 Trenna          Rajs            TRAJS      650.121.8009         17-OCT-95 ST_CLERK         3500                       124            50                                                     
        142 Curtis          Davies          CDAVIES    650.121.2994         29-JAN-97 ST_CLERK         3100                       124            50                                                     
        143 Randall         Matos           RMATOS     650.121.2874         15-MAR-98 ST_CLERK         2600                       124            50                                                     
        144 Peter           Vargas          PVARGAS    650.121.2004         09-JUL-98 ST_CLERK         2500                       124            50                                                     
        149 Eleni           Zlotkey         EZLOTKEY   011.44.1344.429018   29-JAN-00 SA_MAN          10500             .2        100            80                                                     
        174 Ellen           Abel            EABEL      011.44.1644.429267   11-MAY-96 SA_REP          11000             .3        149            80                                                     
        176 Jonathon        Taylor          JTAYLOR    011.44.1644.429265   24-MAR-98 SA_REP           8600             .3        149            80                                                     
        178 Kimerely        Grant           KGRANT     011.44.1644.429263   24-MAY-99 SA_REP           7000            .15        149                                                                   
        200 Jennifer        Whalen          JWHALEN    515.123.4444         17-SEP-87 AD_ASST          4400                       101            10                                                     
        201 Michael         Hartstein       MHARTSTE   515.123.5555         17-FEB-96 MK_MAN          13000                       100            20                                                     
        202 Pat             Fay             PFAY       603.123.6666         17-AUG-97 MK_REP           6000                       201            20                                                     
        205 Shelley         Higgins         SHIGGINS   515.123.8080         07-JUN-94 AC_MGR          12000                       101           110                                                     
        206 William         Gietz           WGIETZ     515.123.8181         07-JUN-94 AC_ACCOUNT       8300                       205           110                                                     

20 rows selected.

SQL> REM SELECT SYNTAX : SELECT what_to_display FROM table_name;
SQL> 
SQL> REM SYNTAX : COMPUTER LANGUAGE GRAMMER
SQL> 
SQL> REM table_names : EMPLOYEES  DEPARTMENTS   LOCATIONS   COUNTRIES   REGIONS
SQL> 
SQL> 
SQL> REM what_to_display : 1 * 2 SINGLE COLUMN NAME 3 COLUMN LIST
SQL> 
SQL> SELECT * FROM DEPARTMENTS;

DEPARTMENT_ID DEPARTMENT_NAME                MANAGER_ID LOCATION_ID                                                                                                                                     
------------- ------------------------------ ---------- -----------                                                                                                                                     
           10 Administration                        200        1700                                                                                                                                     
           20 Marketing                             201        1800                                                                                                                                     
           50 Shiping                               124        1500                                                                                                                                     
           60 IT                                    103        1400                                                                                                                                     
           80 Sales                                 149        2500                                                                                                                                     
           90 Executive                             100        1700                                                                                                                                     
          110 Accounting                            205        1700                                                                                                                                     
          190 Contracting                                      1700                                                                                                                                     

8 rows selected.

SQL> REM * IS CALLED META CHRACTER AND IT REPRESENTS ALL COLUMNS OF THE TABLE
SQL> 
SQL> 
SQL> SELECT DEPARTMENT_NAME FROM DEPARTMENTS;

DEPARTMENT_NAME                                                                                                                                                                                         
------------------------------                                                                                                                                                                          
Administration                                                                                                                                                                                          
Marketing                                                                                                                                                                                               
Shiping                                                                                                                                                                                                 
IT                                                                                                                                                                                                      
Sales                                                                                                                                                                                                   
Executive                                                                                                                                                                                               
Accounting                                                                                                                                                                                              
Contracting                                                                                                                                                                                             

8 rows selected.

SQL> SELECT DEPARTMENT_ID FROM DEPARTMENTS;

DEPARTMENT_ID                                                                                                                                                                                           
-------------                                                                                                                                                                                           
           10                                                                                                                                                                                           
           20                                                                                                                                                                                           
           50                                                                                                                                                                                           
           60                                                                                                                                                                                           
           80                                                                                                                                                                                           
           90                                                                                                                                                                                           
          110                                                                                                                                                                                           
          190                                                                                                                                                                                           

8 rows selected.

SQL> SELECT MANAGER_ID, DEPARTMENT_ID FROM DEPARTMENTS;

MANAGER_ID DEPARTMENT_ID                                                                                                                                                                                
---------- -------------                                                                                                                                                                                
       200            10                                                                                                                                                                                
       201            20                                                                                                                                                                                
       124            50                                                                                                                                                                                
       103            60                                                                                                                                                                                
       149            80                                                                                                                                                                                
       100            90                                                                                                                                                                                
       205           110                                                                                                                                                                                
                     190                                                                                                                                                                                

8 rows selected.

SQL> 
SQL> SELECT DEPARTMENT_ID ,  MANAGER_ID FROM DEPARTMENTS;

DEPARTMENT_ID MANAGER_ID                                                                                                                                                                                
------------- ----------                                                                                                                                                                                
           10        200                                                                                                                                                                                
           20        201                                                                                                                                                                                
           50        124                                                                                                                                                                                
           60        103                                                                                                                                                                                
           80        149                                                                                                                                                                                
           90        100                                                                                                                                                                                
          110        205                                                                                                                                                                                
          190                                                                                                                                                                                           

8 rows selected.

SQL> SELECT FROM LOCATIONS;
SELECT FROM LOCATIONS
       *
ERROR at line 1:
ORA-00936: missing expression 


SQL> SELECT * FROM LOCATIONS;

LOCATION_ID STREET_ADRESS                            POSTAL_CODE  CITY                           STATE_PROVINCE            CO                                                                           
----------- ---------------------------------------- ------------ ------------------------------ ------------------------- --                                                                           
       1400 2014 Jabberwocky Rd                      26192        Southlake                      Texas                     US                                                                           
       1500 2011 Interiors Blvd                      99236        South San Francisco            California                US                                                                           
       1700 2004 Charade Rd                          98199        Seattle                        Washington                US                                                                           
       1800 460 Bloor St. W.                         ON M5S 1X8   Toronto                        Ontario                   CA                                                                           
       2500 Magdalen Centre, The Oxford Science Park OX9 9ZB      Oxford                         Oxford                    UK                                                                           

SQL> SELECT * FROM REGIONS;

 REGION_ID REGION_NAME                                                                                                                                                                                  
---------- -------------------------                                                                                                                                                                    
         1 Europe                                                                                                                                                                                       
         2 Americas                                                                                                                                                                                     
         3 Asia                                                                                                                                                                                         
         4 Middle East and Africa                                                                                                                                                                       

SQL> SELECT CITY , LOCATION_ID FROM LOCATIONS;

CITY                           LOCATION_ID                                                                                                                                                              
------------------------------ -----------                                                                                                                                                              
Southlake                             1400                                                                                                                                                              
South San Francisco                   1500                                                                                                                                                              
Seattle                               1700                                                                                                                                                              
Toronto                               1800                                                                                                                                                              
Oxford                                2500                                                                                                                                                              

SQL> SELECT CITY LOCATION_ID FROM LOCATIONS;

LOCATION_ID                                                                                                                                                                                             
------------------------------                                                                                                                                                                          
Southlake                                                                                                                                                                                               
South San Francisco                                                                                                                                                                                     
Seattle                                                                                                                                                                                                 
Toronto                                                                                                                                                                                                 
Oxford                                                                                                                                                                                                  

SQL> SELECT * FROM REGIONS;

 REGION_ID REGION_NAME                                                                                                                                                                                  
---------- -------------------------                                                                                                                                                                    
         1 Europe                                                                                                                                                                                       
         2 Americas                                                                                                                                                                                     
         3 Asia                                                                                                                                                                                         
         4 Middle East and Africa                                                                                                                                                                       

SQL> SELECT FROM * REGIONS;
SELECT FROM * REGIONS
       *
ERROR at line 1:
ORA-00936: missing expression 


SQL> REM * : IS META CHARACTER
SQL> 
SQL> REM * IS USED TO DISPLAY ALL COLUMNS OF THE TABLE
SQL> 
SQL> REM * IS AN EASY WAYS TO DISPLAY ALL COLUMN DATA
SQL> 
SQL> SELECT * FROM REGIONS;

 REGION_ID REGION_NAME                                                                                                                                                                                  
---------- -------------------------                                                                                                                                                                    
         1 Europe                                                                                                                                                                                       
         2 Americas                                                                                                                                                                                     
         3 Asia                                                                                                                                                                                         
         4 Middle East and Africa                                                                                                                                                                       

SQL> SELECT REGION_ID , REGION_NAME FROM REGIONS;

 REGION_ID REGION_NAME                                                                                                                                                                                  
---------- -------------------------                                                                                                                                                                    
         1 Europe                                                                                                                                                                                       
         2 Americas                                                                                                                                                                                     
         3 Asia                                                                                                                                                                                         
         4 Middle East and Africa                                                                                                                                                                       

SQL> SELECT * FROM DEPARTMENTS;

DEPARTMENT_ID DEPARTMENT_NAME                MANAGER_ID LOCATION_ID                                                                                                                                     
------------- ------------------------------ ---------- -----------                                                                                                                                     
           10 Administration                        200        1700                                                                                                                                     
           20 Marketing                             201        1800                                                                                                                                     
           50 Shiping                               124        1500                                                                                                                                     
           60 IT                                    103        1400                                                                                                                                     
           80 Sales                                 149        2500                                                                                                                                     
           90 Executive                             100        1700                                                                                                                                     
          110 Accounting                            205        1700                                                                                                                                     
          190 Contracting                                      1700                                                                                                                                     

8 rows selected.

SQL> SELECT DEPARTMENT_ID , DEPARTMENT_NAME , MANAGER_ID , LOCATION_ID FROM DEPARTMENTS;

DEPARTMENT_ID DEPARTMENT_NAME                MANAGER_ID LOCATION_ID                                                                                                                                     
------------- ------------------------------ ---------- -----------                                                                                                                                     
           10 Administration                        200        1700                                                                                                                                     
           20 Marketing                             201        1800                                                                                                                                     
           50 Shiping                               124        1500                                                                                                                                     
           60 IT                                    103        1400                                                                                                                                     
           80 Sales                                 149        2500                                                                                                                                     
           90 Executive                             100        1700                                                                                                                                     
          110 Accounting                            205        1700                                                                                                                                     
          190 Contracting                                      1700                                                                                                                                     

8 rows selected.

SQL> SELECT * FROM EMPLOYEES;

EMPLOYEE_ID FIRST_NAME      LAST_NAME       EMAIL      PHONE_NUMBER         HIRE_DATE JOB_ID         SALARY COMMISSION_PCT MANAGER_ID DEPARTMENT_ID                                                     
----------- --------------- --------------- ---------- -------------------- --------- ---------- ---------- -------------- ---------- -------------                                                     
        100 Steven          King            SKING      515.123.4567         17-JUL-87 AD_PRES         24000                                      90                                                     
        101 Neena           Kochhar         NKOCHHAR   515.123.4568         21-SEP-89 AD_VP           17000                       100            90                                                     
        102 Lex             De Haan         LDEHAAN    515.123.4569         13-JAN-93 AD_VP           17000                       100            90                                                     
        103 Alexander       Hunold          AHUNOLD    590.423.4567         03-JAN-90 IT_PROG          9000                       102            60                                                     
        104 Bruce           Ernst           BERNST     590.423.4568         21-MAY-91 IT_PROG          6000                       103            60                                                     
        107 Diana           Lorentz         DLORENTZ   590.423.5567         07-FEB-99 IT_PROG          4200                       103            60                                                     
        124 Kevin           Mourgos         KMOURGOS   650.123.5234         16-NOV-99 ST_MAN           5800                       100            50                                                     
        141 Trenna          Rajs            TRAJS      650.121.8009         17-OCT-95 ST_CLERK         3500                       124            50                                                     
        142 Curtis          Davies          CDAVIES    650.121.2994         29-JAN-97 ST_CLERK         3100                       124            50                                                     
        143 Randall         Matos           RMATOS     650.121.2874         15-MAR-98 ST_CLERK         2600                       124            50                                                     
        144 Peter           Vargas          PVARGAS    650.121.2004         09-JUL-98 ST_CLERK         2500                       124            50                                                     
        149 Eleni           Zlotkey         EZLOTKEY   011.44.1344.429018   29-JAN-00 SA_MAN          10500             .2        100            80                                                     
        174 Ellen           Abel            EABEL      011.44.1644.429267   11-MAY-96 SA_REP          11000             .3        149            80                                                     
        176 Jonathon        Taylor          JTAYLOR    011.44.1644.429265   24-MAR-98 SA_REP           8600             .3        149            80                                                     
        178 Kimerely        Grant           KGRANT     011.44.1644.429263   24-MAY-99 SA_REP           7000            .15        149                                                                   
        200 Jennifer        Whalen          JWHALEN    515.123.4444         17-SEP-87 AD_ASST          4400                       101            10                                                     
        201 Michael         Hartstein       MHARTSTE   515.123.5555         17-FEB-96 MK_MAN          13000                       100            20                                                     
        202 Pat             Fay             PFAY       603.123.6666         17-AUG-97 MK_REP           6000                       201            20                                                     
        205 Shelley         Higgins         SHIGGINS   515.123.8080         07-JUN-94 AC_MGR          12000                       101           110                                                     
        206 William         Gietz           WGIETZ     515.123.8181         07-JUN-94 AC_ACCOUNT       8300                       205           110                                                     

20 rows selected.

SQL> REM PROJECTION : DISPLAYING SOME OF THE COLUMNS OF TABLE INSTEAD OF DISPLAYING ALL COLUMNS.
SQL> 
SQL> SELECT FIRST_NAME FROM EMPLOYEES;

FIRST_NAME                                                                                                                                                                                              
---------------                                                                                                                                                                                         
Steven                                                                                                                                                                                                  
Neena                                                                                                                                                                                                   
Lex                                                                                                                                                                                                     
Alexander                                                                                                                                                                                               
Bruce                                                                                                                                                                                                   
Diana                                                                                                                                                                                                   
Kevin                                                                                                                                                                                                   
Trenna                                                                                                                                                                                                  
Curtis                                                                                                                                                                                                  
Randall                                                                                                                                                                                                 
Peter                                                                                                                                                                                                   
Eleni                                                                                                                                                                                                   
Ellen                                                                                                                                                                                                   
Jonathon                                                                                                                                                                                                
Kimerely                                                                                                                                                                                                
Jennifer                                                                                                                                                                                                
Michael                                                                                                                                                                                                 
Pat                                                                                                                                                                                                     
Shelley                                                                                                                                                                                                 
William                                                                                                                                                                                                 

20 rows selected.

SQL> SELECT DEPARTMENT_NAME ,LOCATION_ID FROM DEPARTMENTS;

DEPARTMENT_NAME                LOCATION_ID                                                                                                                                                              
------------------------------ -----------                                                                                                                                                              
Administration                        1700                                                                                                                                                              
Marketing                             1800                                                                                                                                                              
Shiping                               1500                                                                                                                                                              
IT                                    1400                                                                                                                                                              
Sales                                 2500                                                                                                                                                              
Executive                             1700                                                                                                                                                              
Accounting                            1700                                                                                                                                                              
Contracting                           1700                                                                                                                                                              

8 rows selected.

SQL> REM SQL IS CASE INSENSITIVE/RETENTIVE LANGUAGE.
SQL> 
SQL> SELECT * FROM REGIONS;

 REGION_ID REGION_NAME                                                                                                                                                                                  
---------- -------------------------                                                                                                                                                                    
         1 Europe                                                                                                                                                                                       
         2 Americas                                                                                                                                                                                     
         3 Asia                                                                                                                                                                                         
         4 Middle East and Africa                                                                                                                                                                       

SQL> select * from regions;

 REGION_ID REGION_NAME                                                                                                                                                                                  
---------- -------------------------                                                                                                                                                                    
         1 Europe                                                                                                                                                                                       
         2 Americas                                                                                                                                                                                     
         3 Asia                                                                                                                                                                                         
         4 Middle East and Africa                                                                                                                                                                       

SQL> Select * From Regions;

 REGION_ID REGION_NAME                                                                                                                                                                                  
---------- -------------------------                                                                                                                                                                    
         1 Europe                                                                                                                                                                                       
         2 Americas                                                                                                                                                                                     
         3 Asia                                                                                                                                                                                         
         4 Middle East and Africa                                                                                                                                                                       

SQL> SELect * froM regiONS;

 REGION_ID REGION_NAME                                                                                                                                                                                  
---------- -------------------------                                                                                                                                                                    
         1 Europe                                                                                                                                                                                       
         2 Americas                                                                                                                                                                                     
         3 Asia                                                                                                                                                                                         
         4 Middle East and Africa                                                                                                                                                                       

SQL> REM WHILE COMPARING CHARACTER TYPE VALUES, ORACLE IS CASE SENSITIVE.
SQL> 
SQL> REM SQL IS FREE-FLOW LANGUAGE.
SQL> 
SQL> SELECT * FROM REGIONS;

 REGION_ID REGION_NAME                                                                                                                                                                                  
---------- -------------------------                                                                                                                                                                    
         1 Europe                                                                                                                                                                                       
         2 Americas                                                                                                                                                                                     
         3 Asia                                                                                                                                                                                         
         4 Middle East and Africa                                                                                                                                                                       

SQL> SELECT *
  2  FROM REGIONS;

 REGION_ID REGION_NAME                                                                                                                                                                                  
---------- -------------------------                                                                                                                                                                    
         1 Europe                                                                                                                                                                                       
         2 Americas                                                                                                                                                                                     
         3 Asia                                                                                                                                                                                         
         4 Middle East and Africa                                                                                                                                                                       

SQL> SELECT
  2  *
  3  FROM
  4  REGIONS
  5  ;

 REGION_ID REGION_NAME                                                                                                                                                                                  
---------- -------------------------                                                                                                                                                                    
         1 Europe                                                                                                                                                                                       
         2 Americas                                                                                                                                                                                     
         3 Asia                                                                                                                                                                                         
         4 Middle East and Africa                                                                                                                                                                       

SQL> SELECT * FR
  2  OM REGIONS;
SELECT * FR
         *
ERROR at line 1:
ORA-00923: FROM keyword not found where expected 


SQL> SELECT * FROM REG
  2  IONS;
SELECT * FROM REG
              *
ERROR at line 1:
ORA-00942: table or view does not exist 


SQL> SELECT * FROM REGIONS;

 REGION_ID REGION_NAME                                                                                                                                                                                  
---------- -------------------------                                                                                                                                                                    
         1 Europe                                                                                                                                                                                       
         2 Americas                                                                                                                                                                                     
         3 Asia                                                                                                                                                                                         
         4 Middle East and Africa                                                                                                                                                                       

SQL> SELECT * FROM REGIONS
  2  
SQL> SELECT * FROM REGION;
SELECT * FROM REGION
              *
ERROR at line 1:
ORA-00942: table or view does not exist 


SQL> SELECT * FROM ;
SELECT * FROM 
             *
ERROR at line 1:
ORA-00903: invalid table name 


SQL> SELECT * FRM REGIONS;
SELECT * FRM REGIONS
         *
ERROR at line 1:
ORA-00923: FROM keyword not found where expected 


SQL> SELECT * REGIONS;
SELECT * REGIONS
         *
ERROR at line 1:
ORA-00923: FROM keyword not found where expected 


SQL> SELECT FROM * REGIONS;
SELECT FROM * REGIONS
       *
ERROR at line 1:
ORA-00936: missing expression 


SQL> SELECT FROM REGIONS;
SELECT FROM REGIONS
       *
ERROR at line 1:
ORA-00936: missing expression 


SQL> REM TABLENAME : EMPLOYEES   DEPARTMENTS   LOCATIONS   COUNTRIES   REGIONS
SQL> 
SQL> REM 1 DISPLAY ALL DATA OF REGIONS TABLE
SQL> 
SQL> SELECT * FROM REGIONS;

 REGION_ID REGION_NAME                                                                                                                                                                                  
---------- -------------------------                                                                                                                                                                    
         1 Europe                                                                                                                                                                                       
         2 Americas                                                                                                                                                                                     
         3 Asia                                                                                                                                                                                         
         4 Middle East and Africa                                                                                                                                                                       

SQL> REM DISPLAY ALL DATA OF DEPARTMENTS TABLE
SQL> 
SQL> SELECT * FROM DEPARTMENTS;

DEPARTMENT_ID DEPARTMENT_NAME                MANAGER_ID LOCATION_ID                                                                                                                                     
------------- ------------------------------ ---------- -----------                                                                                                                                     
           10 Administration                        200        1700                                                                                                                                     
           20 Marketing                             201        1800                                                                                                                                     
           50 Shiping                               124        1500                                                                                                                                     
           60 IT                                    103        1400                                                                                                                                     
           80 Sales                                 149        2500                                                                                                                                     
           90 Executive                             100        1700                                                                                                                                     
          110 Accounting                            205        1700                                                                                                                                     
          190 Contracting                                      1700                                                                                                                                     

8 rows selected.

SQL> 
SQL> REM DISPLAY DEPARTMENT_NAME
SQL> 
SQL> REM SELECT what_to_display FROM table_name;
SQL> 
SQL> SELECT DEPARTMENT_NAME FROM DEPARTMENTS;

DEPARTMENT_NAME                                                                                                                                                                                         
------------------------------                                                                                                                                                                          
Administration                                                                                                                                                                                          
Marketing                                                                                                                                                                                               
Shiping                                                                                                                                                                                                 
IT                                                                                                                                                                                                      
Sales                                                                                                                                                                                                   
Executive                                                                                                                                                                                               
Accounting                                                                                                                                                                                              
Contracting                                                                                                                                                                                             

8 rows selected.

SQL> REM DISPLAY FIRST_NAME AND SALARY (EMPLOYEES)
SQL> 
SQL> SELECT FIRST_NAME , SALARY FROM EMPLOYEES;

FIRST_NAME          SALARY                                                                                                                                                                              
--------------- ----------                                                                                                                                                                              
Steven               24000                                                                                                                                                                              
Neena                17000                                                                                                                                                                              
Lex                  17000                                                                                                                                                                              
Alexander             9000                                                                                                                                                                              
Bruce                 6000                                                                                                                                                                              
Diana                 4200                                                                                                                                                                              
Kevin                 5800                                                                                                                                                                              
Trenna                3500                                                                                                                                                                              
Curtis                3100                                                                                                                                                                              
Randall               2600                                                                                                                                                                              
Peter                 2500                                                                                                                                                                              
Eleni                10500                                                                                                                                                                              
Ellen                11000                                                                                                                                                                              
Jonathon              8600                                                                                                                                                                              
Kimerely              7000                                                                                                                                                                              
Jennifer              4400                                                                                                                                                                              
Michael              13000                                                                                                                                                                              
Pat                   6000                                                                                                                                                                              
Shelley              12000                                                                                                                                                                              
William               8300                                                                                                                                                                              

20 rows selected.

SQL> REM DISPLAY CITY , STATE_PROVINCE (LOCATIONS)
SQL> 
SQL> SELECT CITY, STATE_PROVINCE FROM LOCATIONS;

CITY                           STATE_PROVINCE                                                                                                                                                           
------------------------------ -------------------------                                                                                                                                                
Southlake                      Texas                                                                                                                                                                    
South San Francisco            California                                                                                                                                                               
Seattle                        Washington                                                                                                                                                               
Toronto                        Ontario                                                                                                                                                                  
Oxford                         Oxford                                                                                                                                                                   

SQL> SELECT FIRST_NAME , LAST_NAME FROM EMPLOYEES;

FIRST_NAME      LAST_NAME                                                                                                                                                                               
--------------- ---------------                                                                                                                                                                         
Steven          King                                                                                                                                                                                    
Neena           Kochhar                                                                                                                                                                                 
Lex             De Haan                                                                                                                                                                                 
Alexander       Hunold                                                                                                                                                                                  
Bruce           Ernst                                                                                                                                                                                   
Diana           Lorentz                                                                                                                                                                                 
Kevin           Mourgos                                                                                                                                                                                 
Trenna          Rajs                                                                                                                                                                                    
Curtis          Davies                                                                                                                                                                                  
Randall         Matos                                                                                                                                                                                   
Peter           Vargas                                                                                                                                                                                  
Eleni           Zlotkey                                                                                                                                                                                 
Ellen           Abel                                                                                                                                                                                    
Jonathon        Taylor                                                                                                                                                                                  
Kimerely        Grant                                                                                                                                                                                   
Jennifer        Whalen                                                                                                                                                                                  
Michael         Hartstein                                                                                                                                                                               
Pat             Fay                                                                                                                                                                                     
Shelley         Higgins                                                                                                                                                                                 
William         Gietz                                                                                                                                                                                   

20 rows selected.

SQL> SELECT FIRST_NAME || LAST_NAME FROM EMPLOYEES;

FIRST_NAME||LAST_NAME                                                                                                                                                                                   
------------------------------                                                                                                                                                                          
StevenKing                                                                                                                                                                                              
NeenaKochhar                                                                                                                                                                                            
LexDe Haan                                                                                                                                                                                              
AlexanderHunold                                                                                                                                                                                         
BruceErnst                                                                                                                                                                                              
DianaLorentz                                                                                                                                                                                            
KevinMourgos                                                                                                                                                                                            
TrennaRajs                                                                                                                                                                                              
CurtisDavies                                                                                                                                                                                            
RandallMatos                                                                                                                                                                                            
PeterVargas                                                                                                                                                                                             
EleniZlotkey                                                                                                                                                                                            
EllenAbel                                                                                                                                                                                               
JonathonTaylor                                                                                                                                                                                          
KimerelyGrant                                                                                                                                                                                           
JenniferWhalen                                                                                                                                                                                          
MichaelHartstein                                                                                                                                                                                        
PatFay                                                                                                                                                                                                  
ShelleyHiggins                                                                                                                                                                                          
WilliamGietz                                                                                                                                                                                            

20 rows selected.

SQL> REM || : CONCATENATION OPERATOR
SQL> 
SQL> REM || : CONCATENATION OPERATOR : TO JOIN TWO ITEMS
SQL> 
SQL> SELECT * FROM EMPLOYEES;

EMPLOYEE_ID FIRST_NAME      LAST_NAME       EMAIL      PHONE_NUMBER         HIRE_DATE JOB_ID         SALARY COMMISSION_PCT MANAGER_ID DEPARTMENT_ID                                                     
----------- --------------- --------------- ---------- -------------------- --------- ---------- ---------- -------------- ---------- -------------                                                     
        100 Steven          King            SKING      515.123.4567         17-JUL-87 AD_PRES         24000                                      90                                                     
        101 Neena           Kochhar         NKOCHHAR   515.123.4568         21-SEP-89 AD_VP           17000                       100            90                                                     
        102 Lex             De Haan         LDEHAAN    515.123.4569         13-JAN-93 AD_VP           17000                       100            90                                                     
        103 Alexander       Hunold          AHUNOLD    590.423.4567         03-JAN-90 IT_PROG          9000                       102            60                                                     
        104 Bruce           Ernst           BERNST     590.423.4568         21-MAY-91 IT_PROG          6000                       103            60                                                     
        107 Diana           Lorentz         DLORENTZ   590.423.5567         07-FEB-99 IT_PROG          4200                       103            60                                                     
        124 Kevin           Mourgos         KMOURGOS   650.123.5234         16-NOV-99 ST_MAN           5800                       100            50                                                     
        141 Trenna          Rajs            TRAJS      650.121.8009         17-OCT-95 ST_CLERK         3500                       124            50                                                     
        142 Curtis          Davies          CDAVIES    650.121.2994         29-JAN-97 ST_CLERK         3100                       124            50                                                     
        143 Randall         Matos           RMATOS     650.121.2874         15-MAR-98 ST_CLERK         2600                       124            50                                                     
        144 Peter           Vargas          PVARGAS    650.121.2004         09-JUL-98 ST_CLERK         2500                       124            50                                                     
        149 Eleni           Zlotkey         EZLOTKEY   011.44.1344.429018   29-JAN-00 SA_MAN          10500             .2        100            80                                                     
        174 Ellen           Abel            EABEL      011.44.1644.429267   11-MAY-96 SA_REP          11000             .3        149            80                                                     
        176 Jonathon        Taylor          JTAYLOR    011.44.1644.429265   24-MAR-98 SA_REP           8600             .3        149            80                                                     
        178 Kimerely        Grant           KGRANT     011.44.1644.429263   24-MAY-99 SA_REP           7000            .15        149                                                                   
        200 Jennifer        Whalen          JWHALEN    515.123.4444         17-SEP-87 AD_ASST          4400                       101            10                                                     
        201 Michael         Hartstein       MHARTSTE   515.123.5555         17-FEB-96 MK_MAN          13000                       100            20                                                     
        202 Pat             Fay             PFAY       603.123.6666         17-AUG-97 MK_REP           6000                       201            20                                                     
        205 Shelley         Higgins         SHIGGINS   515.123.8080         07-JUN-94 AC_MGR          12000                       101           110                                                     
        206 William         Gietz           WGIETZ     515.123.8181         07-JUN-94 AC_ACCOUNT       8300                       205           110                                                     

20 rows selected.

SQL> SELECT FIRST_NAME || HIRE_DATE  || SALARY FROM EMPLOYEES;

FIRST_NAME||HIRE_DATE||SALARY                                                                                                                                                                           
-------------------------------------------------------------------------                                                                                                                               
Steven17-JUL-8724000                                                                                                                                                                                    
Neena21-SEP-8917000                                                                                                                                                                                     
Lex13-JAN-9317000                                                                                                                                                                                       
Alexander03-JAN-909000                                                                                                                                                                                  
Bruce21-MAY-916000                                                                                                                                                                                      
Diana07-FEB-994200                                                                                                                                                                                      
Kevin16-NOV-995800                                                                                                                                                                                      
Trenna17-OCT-953500                                                                                                                                                                                     
Curtis29-JAN-973100                                                                                                                                                                                     
Randall15-MAR-982600                                                                                                                                                                                    
Peter09-JUL-982500                                                                                                                                                                                      
Eleni29-JAN-0010500                                                                                                                                                                                     
Ellen11-MAY-9611000                                                                                                                                                                                     
Jonathon24-MAR-988600                                                                                                                                                                                   
Kimerely24-MAY-997000                                                                                                                                                                                   
Jennifer17-SEP-874400                                                                                                                                                                                   
Michael17-FEB-9613000                                                                                                                                                                                   
Pat17-AUG-976000                                                                                                                                                                                        
Shelley07-JUN-9412000                                                                                                                                                                                   
William07-JUN-948300                                                                                                                                                                                    

20 rows selected.

SQL> SELECT FIRST_NAME , HIRE_DATE , SALARY FROM EMPLOYEES;

FIRST_NAME      HIRE_DATE     SALARY                                                                                                                                                                    
--------------- --------- ----------                                                                                                                                                                    
Steven          17-JUL-87      24000                                                                                                                                                                    
Neena           21-SEP-89      17000                                                                                                                                                                    
Lex             13-JAN-93      17000                                                                                                                                                                    
Alexander       03-JAN-90       9000                                                                                                                                                                    
Bruce           21-MAY-91       6000                                                                                                                                                                    
Diana           07-FEB-99       4200                                                                                                                                                                    
Kevin           16-NOV-99       5800                                                                                                                                                                    
Trenna          17-OCT-95       3500                                                                                                                                                                    
Curtis          29-JAN-97       3100                                                                                                                                                                    
Randall         15-MAR-98       2600                                                                                                                                                                    
Peter           09-JUL-98       2500                                                                                                                                                                    
Eleni           29-JAN-00      10500                                                                                                                                                                    
Ellen           11-MAY-96      11000                                                                                                                                                                    
Jonathon        24-MAR-98       8600                                                                                                                                                                    
Kimerely        24-MAY-99       7000                                                                                                                                                                    
Jennifer        17-SEP-87       4400                                                                                                                                                                    
Michael         17-FEB-96      13000                                                                                                                                                                    
Pat             17-AUG-97       6000                                                                                                                                                                    
Shelley         07-JUN-94      12000                                                                                                                                                                    
William         07-JUN-94       8300                                                                                                                                                                    

20 rows selected.

SQL> SELECT  , FIRST_NAME , HIRE_DATE , SALARY FROM EMPLOYEES;
SELECT  , FIRST_NAME , HIRE_DATE , SALARY FROM EMPLOYEES
        *
ERROR at line 1:
ORA-00936: missing expression 


SQL> SELECT  , FIRST_NAME , HIRE_DATE , SALARY , FROM EMPLOYEES;
SELECT  , FIRST_NAME , HIRE_DATE , SALARY , FROM EMPLOYEES
        *
ERROR at line 1:
ORA-00936: missing expression 


SQL> SELECT || FIRST_NAME || HIRE_DATE  || SALARY FROM EMPLOYEES;
SELECT || FIRST_NAME || HIRE_DATE  || SALARY FROM EMPLOYEES
       *
ERROR at line 1:
ORA-00936: missing expression 


SQL> SELECT FIRST_NAME || HIRE_DATE  || SALARY || FROM EMPLOYEES;
SELECT FIRST_NAME || HIRE_DATE  || SALARY || FROM EMPLOYEES
                                             *
ERROR at line 1:
ORA-00936: missing expression 


SQL> SELECT * FROM EMPLOYEES;

EMPLOYEE_ID FIRST_NAME      LAST_NAME       EMAIL      PHONE_NUMBER         HIRE_DATE JOB_ID         SALARY COMMISSION_PCT MANAGER_ID DEPARTMENT_ID                                                     
----------- --------------- --------------- ---------- -------------------- --------- ---------- ---------- -------------- ---------- -------------                                                     
        100 Steven          King            SKING      515.123.4567         17-JUL-87 AD_PRES         24000                                      90                                                     
        101 Neena           Kochhar         NKOCHHAR   515.123.4568         21-SEP-89 AD_VP           17000                       100            90                                                     
        102 Lex             De Haan         LDEHAAN    515.123.4569         13-JAN-93 AD_VP           17000                       100            90                                                     
        103 Alexander       Hunold          AHUNOLD    590.423.4567         03-JAN-90 IT_PROG          9000                       102            60                                                     
        104 Bruce           Ernst           BERNST     590.423.4568         21-MAY-91 IT_PROG          6000                       103            60                                                     
        107 Diana           Lorentz         DLORENTZ   590.423.5567         07-FEB-99 IT_PROG          4200                       103            60                                                     
        124 Kevin           Mourgos         KMOURGOS   650.123.5234         16-NOV-99 ST_MAN           5800                       100            50                                                     
        141 Trenna          Rajs            TRAJS      650.121.8009         17-OCT-95 ST_CLERK         3500                       124            50                                                     
        142 Curtis          Davies          CDAVIES    650.121.2994         29-JAN-97 ST_CLERK         3100                       124            50                                                     
        143 Randall         Matos           RMATOS     650.121.2874         15-MAR-98 ST_CLERK         2600                       124            50                                                     
        144 Peter           Vargas          PVARGAS    650.121.2004         09-JUL-98 ST_CLERK         2500                       124            50                                                     
        149 Eleni           Zlotkey         EZLOTKEY   011.44.1344.429018   29-JAN-00 SA_MAN          10500             .2        100            80                                                     
        174 Ellen           Abel            EABEL      011.44.1644.429267   11-MAY-96 SA_REP          11000             .3        149            80                                                     
        176 Jonathon        Taylor          JTAYLOR    011.44.1644.429265   24-MAR-98 SA_REP           8600             .3        149            80                                                     
        178 Kimerely        Grant           KGRANT     011.44.1644.429263   24-MAY-99 SA_REP           7000            .15        149                                                                   
        200 Jennifer        Whalen          JWHALEN    515.123.4444         17-SEP-87 AD_ASST          4400                       101            10                                                     
        201 Michael         Hartstein       MHARTSTE   515.123.5555         17-FEB-96 MK_MAN          13000                       100            20                                                     
        202 Pat             Fay             PFAY       603.123.6666         17-AUG-97 MK_REP           6000                       201            20                                                     
        205 Shelley         Higgins         SHIGGINS   515.123.8080         07-JUN-94 AC_MGR          12000                       101           110                                                     
        206 William         Gietz           WGIETZ     515.123.8181         07-JUN-94 AC_ACCOUNT       8300                       205           110                                                     

20 rows selected.

SQL> REM JOIN : EMAIL SALARY JOB_ID
SQL> 
SQL> SELECT EMAIL || SALARY || JOB_ID FROM EMPLOYEES;

EMAIL||SALARY||JOB_ID                                                                                                                                                                                   
------------------------------------------------------------                                                                                                                                            
SKING24000AD_PRES                                                                                                                                                                                       
NKOCHHAR17000AD_VP                                                                                                                                                                                      
LDEHAAN17000AD_VP                                                                                                                                                                                       
AHUNOLD9000IT_PROG                                                                                                                                                                                      
BERNST6000IT_PROG                                                                                                                                                                                       
DLORENTZ4200IT_PROG                                                                                                                                                                                     
KMOURGOS5800ST_MAN                                                                                                                                                                                      
TRAJS3500ST_CLERK                                                                                                                                                                                       
CDAVIES3100ST_CLERK                                                                                                                                                                                     
RMATOS2600ST_CLERK                                                                                                                                                                                      
PVARGAS2500ST_CLERK                                                                                                                                                                                     
EZLOTKEY10500SA_MAN                                                                                                                                                                                     
EABEL11000SA_REP                                                                                                                                                                                        
JTAYLOR8600SA_REP                                                                                                                                                                                       
KGRANT7000SA_REP                                                                                                                                                                                        
JWHALEN4400AD_ASST                                                                                                                                                                                      
MHARTSTE13000MK_MAN                                                                                                                                                                                     
PFAY6000MK_REP                                                                                                                                                                                          
SHIGGINS12000AC_MGR                                                                                                                                                                                     
WGIETZ8300AC_ACCOUNT                                                                                                                                                                                    

20 rows selected.

SQL> SELECT EMAIL || SALARY , JOB_ID FROM EMPLOYEES;

EMAIL||SALARY                                      JOB_ID                                                                                                                                               
-------------------------------------------------- ----------                                                                                                                                           
SKING24000                                         AD_PRES                                                                                                                                              
NKOCHHAR17000                                      AD_VP                                                                                                                                                
LDEHAAN17000                                       AD_VP                                                                                                                                                
AHUNOLD9000                                        IT_PROG                                                                                                                                              
BERNST6000                                         IT_PROG                                                                                                                                              
DLORENTZ4200                                       IT_PROG                                                                                                                                              
KMOURGOS5800                                       ST_MAN                                                                                                                                               
TRAJS3500                                          ST_CLERK                                                                                                                                             
CDAVIES3100                                        ST_CLERK                                                                                                                                             
RMATOS2600                                         ST_CLERK                                                                                                                                             
PVARGAS2500                                        ST_CLERK                                                                                                                                             
EZLOTKEY10500                                      SA_MAN                                                                                                                                               
EABEL11000                                         SA_REP                                                                                                                                               
JTAYLOR8600                                        SA_REP                                                                                                                                               
KGRANT7000                                         SA_REP                                                                                                                                               
JWHALEN4400                                        AD_ASST                                                                                                                                              
MHARTSTE13000                                      MK_MAN                                                                                                                                               
PFAY6000                                           MK_REP                                                                                                                                               
SHIGGINS12000                                      AC_MGR                                                                                                                                               
WGIETZ8300                                         AC_ACCOUNT                                                                                                                                           

20 rows selected.

SQL> SELECT EMAIL , SALARY || JOB_ID FROM EMPLOYEES;

EMAIL      SALARY||JOB_ID                                                                                                                                                                               
---------- --------------------------------------------------                                                                                                                                           
SKING      24000AD_PRES                                                                                                                                                                                 
NKOCHHAR   17000AD_VP                                                                                                                                                                                   
LDEHAAN    17000AD_VP                                                                                                                                                                                   
AHUNOLD    9000IT_PROG                                                                                                                                                                                  
BERNST     6000IT_PROG                                                                                                                                                                                  
DLORENTZ   4200IT_PROG                                                                                                                                                                                  
KMOURGOS   5800ST_MAN                                                                                                                                                                                   
TRAJS      3500ST_CLERK                                                                                                                                                                                 
CDAVIES    3100ST_CLERK                                                                                                                                                                                 
RMATOS     2600ST_CLERK                                                                                                                                                                                 
PVARGAS    2500ST_CLERK                                                                                                                                                                                 
EZLOTKEY   10500SA_MAN                                                                                                                                                                                  
EABEL      11000SA_REP                                                                                                                                                                                  
JTAYLOR    8600SA_REP                                                                                                                                                                                   
KGRANT     7000SA_REP                                                                                                                                                                                   
JWHALEN    4400AD_ASST                                                                                                                                                                                  
MHARTSTE   13000MK_MAN                                                                                                                                                                                  
PFAY       6000MK_REP                                                                                                                                                                                   
SHIGGINS   12000AC_MGR                                                                                                                                                                                  
WGIETZ     8300AC_ACCOUNT                                                                                                                                                                               

20 rows selected.

SQL> REM ARTIMATIC OPERATORS : / * + -
> 
SQL> REM / DIVISION
SQL> 
SQL> REM * MULTIPLICATION
SQL> 
SQL> REM + ADDITION
SQL> 
SQL> REM - SUBTRACTION
SQL> 
SQL> SELECT FIRST_NAME , SALARY FROM EMPLOYEES;

FIRST_NAME          SALARY                                                                                                                                                                              
--------------- ----------                                                                                                                                                                              
Steven               24000                                                                                                                                                                              
Neena                17000                                                                                                                                                                              
Lex                  17000                                                                                                                                                                              
Alexander             9000                                                                                                                                                                              
Bruce                 6000                                                                                                                                                                              
Diana                 4200                                                                                                                                                                              
Kevin                 5800                                                                                                                                                                              
Trenna                3500                                                                                                                                                                              
Curtis                3100                                                                                                                                                                              
Randall               2600                                                                                                                                                                              
Peter                 2500                                                                                                                                                                              
Eleni                10500                                                                                                                                                                              
Ellen                11000                                                                                                                                                                              
Jonathon              8600                                                                                                                                                                              
Kimerely              7000                                                                                                                                                                              
Jennifer              4400                                                                                                                                                                              
Michael              13000                                                                                                                                                                              
Pat                   6000                                                                                                                                                                              
Shelley              12000                                                                                                                                                                              
William               8300                                                                                                                                                                              

20 rows selected.

SQL> REM DAILY SALARY = SALARY / 30
SQL> 
SQL> SELECT FIRST_NAME , SALARY , SALARY / 30 FROM EMPLOYEES;

FIRST_NAME          SALARY  SALARY/30                                                                                                                                                                   
--------------- ---------- ----------                                                                                                                                                                   
Steven               24000        800                                                                                                                                                                   
Neena                17000 566.666667                                                                                                                                                                   
Lex                  17000 566.666667                                                                                                                                                                   
Alexander             9000        300                                                                                                                                                                   
Bruce                 6000        200                                                                                                                                                                   
Diana                 4200        140                                                                                                                                                                   
Kevin                 5800 193.333333                                                                                                                                                                   
Trenna                3500 116.666667                                                                                                                                                                   
Curtis                3100 103.333333                                                                                                                                                                   
Randall               2600 86.6666667                                                                                                                                                                   
Peter                 2500 83.3333333                                                                                                                                                                   
Eleni                10500        350                                                                                                                                                                   
Ellen                11000 366.666667                                                                                                                                                                   
Jonathon              8600 286.666667                                                                                                                                                                   
Kimerely              7000 233.333333                                                                                                                                                                   
Jennifer              4400 146.666667                                                                                                                                                                   
Michael              13000 433.333333                                                                                                                                                                   
Pat                   6000        200                                                                                                                                                                   
Shelley              12000        400                                                                                                                                                                   
William               8300 276.666667                                                                                                                                                                   

20 rows selected.

SQL> SELECT FIRST_NAME , SALARY , SALARY / 30 DAILYSALARY FROM EMPLOYEES;

FIRST_NAME          SALARY DAILYSALARY                                                                                                                                                                  
--------------- ---------- -----------                                                                                                                                                                  
Steven               24000         800                                                                                                                                                                  
Neena                17000  566.666667                                                                                                                                                                  
Lex                  17000  566.666667                                                                                                                                                                  
Alexander             9000         300                                                                                                                                                                  
Bruce                 6000         200                                                                                                                                                                  
Diana                 4200         140                                                                                                                                                                  
Kevin                 5800  193.333333                                                                                                                                                                  
Trenna                3500  116.666667                                                                                                                                                                  
Curtis                3100  103.333333                                                                                                                                                                  
Randall               2600  86.6666667                                                                                                                                                                  
Peter                 2500  83.3333333                                                                                                                                                                  
Eleni                10500         350                                                                                                                                                                  
Ellen                11000  366.666667                                                                                                                                                                  
Jonathon              8600  286.666667                                                                                                                                                                  
Kimerely              7000  233.333333                                                                                                                                                                  
Jennifer              4400  146.666667                                                                                                                                                                  
Michael              13000  433.333333                                                                                                                                                                  
Pat                   6000         200                                                                                                                                                                  
Shelley              12000         400                                                                                                                                                                  
William               8300  276.666667                                                                                                                                                                  

20 rows selected.

SQL> REM YEARLY SALARY = SALARY * 12
SQL> 
SQL> SELECT FIRST_NAME , SALARY , SALARY * 12 YEARLYSALARY FROM EMPLOYEES;

FIRST_NAME          SALARY YEARLYSALARY                                                                                                                                                                 
--------------- ---------- ------------                                                                                                                                                                 
Steven               24000       288000                                                                                                                                                                 
Neena                17000       204000                                                                                                                                                                 
Lex                  17000       204000                                                                                                                                                                 
Alexander             9000       108000                                                                                                                                                                 
Bruce                 6000        72000                                                                                                                                                                 
Diana                 4200        50400                                                                                                                                                                 
Kevin                 5800        69600                                                                                                                                                                 
Trenna                3500        42000                                                                                                                                                                 
Curtis                3100        37200                                                                                                                                                                 
Randall               2600        31200                                                                                                                                                                 
Peter                 2500        30000                                                                                                                                                                 
Eleni                10500       126000                                                                                                                                                                 
Ellen                11000       132000                                                                                                                                                                 
Jonathon              8600       103200                                                                                                                                                                 
Kimerely              7000        84000                                                                                                                                                                 
Jennifer              4400        52800                                                                                                                                                                 
Michael              13000       156000                                                                                                                                                                 
Pat                   6000        72000                                                                                                                                                                 
Shelley              12000       144000                                                                                                                                                                 
William               8300        99600                                                                                                                                                                 

20 rows selected.

SQL> SELECT FIRST_NAME , SALARY , SALARY * 12 YEARLY SALARY FROM EMPLOYEES;
SELECT FIRST_NAME , SALARY , SALARY * 12 YEARLY SALARY FROM EMPLOYEES
                                                *
ERROR at line 1:
ORA-00923: FROM keyword not found where expected 


SQL> REM SALARY + 1500
SQL> 
SQL> SELECT FIRST_NAME , SALARY , SALARY + 1500 NEWSALARY FROM EMPLOYEES;

FIRST_NAME          SALARY  NEWSALARY                                                                                                                                                                   
--------------- ---------- ----------                                                                                                                                                                   
Steven               24000      25500                                                                                                                                                                   
Neena                17000      18500                                                                                                                                                                   
Lex                  17000      18500                                                                                                                                                                   
Alexander             9000      10500                                                                                                                                                                   
Bruce                 6000       7500                                                                                                                                                                   
Diana                 4200       5700                                                                                                                                                                   
Kevin                 5800       7300                                                                                                                                                                   
Trenna                3500       5000                                                                                                                                                                   
Curtis                3100       4600                                                                                                                                                                   
Randall               2600       4100                                                                                                                                                                   
Peter                 2500       4000                                                                                                                                                                   
Eleni                10500      12000                                                                                                                                                                   
Ellen                11000      12500                                                                                                                                                                   
Jonathon              8600      10100                                                                                                                                                                   
Kimerely              7000       8500                                                                                                                                                                   
Jennifer              4400       5900                                                                                                                                                                   
Michael              13000      14500                                                                                                                                                                   
Pat                   6000       7500                                                                                                                                                                   
Shelley              12000      13500                                                                                                                                                                   
William               8300       9800                                                                                                                                                                   

20 rows selected.

SQL> REM -600
SQL> 
SQL> SELECT FIRST_NAME , SALARY , SALARY - 600 NEWSALARY FROM EMPLOYEES;

FIRST_NAME          SALARY  NEWSALARY                                                                                                                                                                   
--------------- ---------- ----------                                                                                                                                                                   
Steven               24000      23400                                                                                                                                                                   
Neena                17000      16400                                                                                                                                                                   
Lex                  17000      16400                                                                                                                                                                   
Alexander             9000       8400                                                                                                                                                                   
Bruce                 6000       5400                                                                                                                                                                   
Diana                 4200       3600                                                                                                                                                                   
Kevin                 5800       5200                                                                                                                                                                   
Trenna                3500       2900                                                                                                                                                                   
Curtis                3100       2500                                                                                                                                                                   
Randall               2600       2000                                                                                                                                                                   
Peter                 2500       1900                                                                                                                                                                   
Eleni                10500       9900                                                                                                                                                                   
Ellen                11000      10400                                                                                                                                                                   
Jonathon              8600       8000                                                                                                                                                                   
Kimerely              7000       6400                                                                                                                                                                   
Jennifer              4400       3800                                                                                                                                                                   
Michael              13000      12400                                                                                                                                                                   
Pat                   6000       5400                                                                                                                                                                   
Shelley              12000      11400                                                                                                                                                                   
William               8300       7700                                                                                                                                                                   

20 rows selected.

SQL> SELECT 5 * 5 * 5 FROM DUAL;

     5*5*5                                                                                                                                                                                              
----------                                                                                                                                                                                              
       125                                                                                                                                                                                              

SQL> REM DUAL IS A DUMMY TABLE
SQL> 
SQL> REM DUAL IS SYSTEM GENERATED TABLE
SQL> 
SQL> REM DUAL HAS SINGLE COLUMN AND SINGLE ROW
SQL> 
SQL> REM DUAL IS GENERALLY USED TO DISPLAY THOSE VALUES WHICH ARE NOT STORED IN ANY TABLE.
SQL> 
SQL> SELECT 5 * 5 * 5 FROM;
SELECT 5 * 5 * 5 FROM
                    *
ERROR at line 1:
ORA-00903: invalid table name 


SQL> SELECT 5 * 5 * 5;
SELECT 5 * 5 * 5
               *
ERROR at line 1:
ORA-00923: FROM keyword not found where expected 


SQL> SELECT 'OM NAMAH SHIVAYA!' FROM DUAL;

'OMNAMAHSHIVAYA!'                                                                                                                                                                                       
-----------------                                                                                                                                                                                       
OM NAMAH SHIVAYA!                                                                                                                                                                                       

SQL> SELECT 5 * 5 * 5 FROM DUAL;

     5*5*5                                                                                                                                                                                              
----------                                                                                                                                                                                              
       125                                                                                                                                                                                              

SQL> SELECT 5 * 5 * 5 * 5 * 5 FROM DUAL;

 5*5*5*5*5                                                                                                                                                                                              
----------                                                                                                                                                                                              
      3125                                                                                                                                                                                              

SQL> SELECT 5 * 5 * 5 * 5 * 5 * 5 * 5 FROM DUAL;

5*5*5*5*5*5*5                                                                                                                                                                                           
-------------                                                                                                                                                                                           
        78125                                                                                                                                                                                           

SQL> REM POWER FUNCTION : CAN BE USED TO FIND RAISED TO VALUE OR ROOT VALUE.
SQL> 
SQL> 
SQL> SELECT POWER(5,3) FROM DUAL;

POWER(5,3)                                                                                                                                                                                              
----------                                                                                                                                                                                              
       125                                                                                                                                                                                              

SQL> SELECT POWER(5,5) FROM DUAL;

POWER(5,5)                                                                                                                                                                                              
----------                                                                                                                                                                                              
      3125                                                                                                                                                                                              

SQL> SELECT POWER(5,7) FROM DUAL;

POWER(5,7)                                                                                                                                                                                              
----------                                                                                                                                                                                              
     78125                                                                                                                                                                                              

SQL> SELECT POWER(25) FROM DUAL;
SELECT POWER(25) FROM DUAL
       *
ERROR at line 1:
ORA-00909: invalid number of arguments 


SQL> SELECT POWER(25,1/2) FROM DUAL;

POWER(25,1/2)                                                                                                                                                                                           
-------------                                                                                                                                                                                           
            5                                                                                                                                                                                           

SQL> SELECT POWER(125,1/3) FROM DUAL;

POWER(125,1/3)                                                                                                                                                                                          
--------------                                                                                                                                                                                          
             5                                                                                                                                                                                          

SQL> SELECT POWER(625,1/4) FROM DUAL;

POWER(625,1/4)                                                                                                                                                                                          
--------------                                                                                                                                                                                          
             5                                                                                                                                                                                          

SQL> REM PRECEDENCE : ORDER OF EXECUTION
SQL> 
SQL> REM COMPANY : 1500 INCREMENT
SQL> 
SQL> SELECT FIRST_NAME , SALARY , SALARY + 1500 NEWSALARY FROM EMPLOYEES;

FIRST_NAME          SALARY  NEWSALARY                                                                                                                                                                   
--------------- ---------- ----------                                                                                                                                                                   
Steven               24000      25500                                                                                                                                                                   
Neena                17000      18500                                                                                                                                                                   
Lex                  17000      18500                                                                                                                                                                   
Alexander             9000      10500                                                                                                                                                                   
Bruce                 6000       7500                                                                                                                                                                   
Diana                 4200       5700                                                                                                                                                                   
Kevin                 5800       7300                                                                                                                                                                   
Trenna                3500       5000                                                                                                                                                                   
Curtis                3100       4600                                                                                                                                                                   
Randall               2600       4100                                                                                                                                                                   
Peter                 2500       4000                                                                                                                                                                   
Eleni                10500      12000                                                                                                                                                                   
Ellen                11000      12500                                                                                                                                                                   
Jonathon              8600      10100                                                                                                                                                                   
Kimerely              7000       8500                                                                                                                                                                   
Jennifer              4400       5900                                                                                                                                                                   
Michael              13000      14500                                                                                                                                                                   
Pat                   6000       7500                                                                                                                                                                   
Shelley              12000      13500                                                                                                                                                                   
William               8300       9800                                                                                                                                                                   

20 rows selected.

SQL> REM CURRENT_YEARLY_SALARY , NEW_YEARLY_SALARY
SQL> 
SQL> SELECT FIRST_NAME , SALARY , SALARY * 12 CURRENT_YEARLY_SALARY, SALARY + 1500 NEWSALARY , SALARY + 1500 * 12 NEW_YEARLY_SALARY FROM EMPLOYEES;

FIRST_NAME          SALARY CURRENT_YEARLY_SALARY  NEWSALARY NEW_YEARLY_SALARY                                                                                                                           
--------------- ---------- --------------------- ---------- -----------------                                                                                                                           
Steven               24000                288000      25500             42000                                                                                                                           
Neena                17000                204000      18500             35000                                                                                                                           
Lex                  17000                204000      18500             35000                                                                                                                           
Alexander             9000                108000      10500             27000                                                                                                                           
Bruce                 6000                 72000       7500             24000                                                                                                                           
Diana                 4200                 50400       5700             22200                                                                                                                           
Kevin                 5800                 69600       7300             23800                                                                                                                           
Trenna                3500                 42000       5000             21500                                                                                                                           
Curtis                3100                 37200       4600             21100                                                                                                                           
Randall               2600                 31200       4100             20600                                                                                                                           
Peter                 2500                 30000       4000             20500                                                                                                                           
Eleni                10500                126000      12000             28500                                                                                                                           
Ellen                11000                132000      12500             29000                                                                                                                           
Jonathon              8600                103200      10100             26600                                                                                                                           
Kimerely              7000                 84000       8500             25000                                                                                                                           
Jennifer              4400                 52800       5900             22400                                                                                                                           
Michael              13000                156000      14500             31000                                                                                                                           
Pat                   6000                 72000       7500             24000                                                                                                                           
Shelley              12000                144000      13500             30000                                                                                                                           
William               8300                 99600       9800             26300                                                                                                                           

20 rows selected.

SQL> REM DEFAULT PRECEDENCE OF ARITHMATIC OPERATORS POWER AND CONCATENATION OPERATOR
SQL> 
SQL> REM 1 () : BRACKET : (  )  (  ) : LEFT TO RIGHT : (   (  )   ) : NESTED BRACKETS : INNER TO OUTER
SQL> 
SQL> REM 2 POWER
SQL> 
SQL> REM 3 / * (LEFT TO RIGHT IN FORMULA)
SQL> 
SQL> REM 4 + - || (LEFT TO RIGHT IN FORMULA)
SQL> 
SQL> SELECT FIRST_NAME , SALARY , SALARY * 12 CURRENT_YEARLY_SALARY, SALARY + 1500 NEWSALARY , (SALARY + 1500) * 12 NEW_YEARLY_SALARY FROM EMPLOYEES;

FIRST_NAME          SALARY CURRENT_YEARLY_SALARY  NEWSALARY NEW_YEARLY_SALARY                                                                                                                           
--------------- ---------- --------------------- ---------- -----------------                                                                                                                           
Steven               24000                288000      25500            306000                                                                                                                           
Neena                17000                204000      18500            222000                                                                                                                           
Lex                  17000                204000      18500            222000                                                                                                                           
Alexander             9000                108000      10500            126000                                                                                                                           
Bruce                 6000                 72000       7500             90000                                                                                                                           
Diana                 4200                 50400       5700             68400                                                                                                                           
Kevin                 5800                 69600       7300             87600                                                                                                                           
Trenna                3500                 42000       5000             60000                                                                                                                           
Curtis                3100                 37200       4600             55200                                                                                                                           
Randall               2600                 31200       4100             49200                                                                                                                           
Peter                 2500                 30000       4000             48000                                                                                                                           
Eleni                10500                126000      12000            144000                                                                                                                           
Ellen                11000                132000      12500            150000                                                                                                                           
Jonathon              8600                103200      10100            121200                                                                                                                           
Kimerely              7000                 84000       8500            102000                                                                                                                           
Jennifer              4400                 52800       5900             70800                                                                                                                           
Michael              13000                156000      14500            174000                                                                                                                           
Pat                   6000                 72000       7500             90000                                                                                                                           
Shelley              12000                144000      13500            162000                                                                                                                           
William               8300                 99600       9800            117600                                                                                                                           

20 rows selected.

SQL> SELECT 40 / 8 * 2 FROM DUAL;

    40/8*2                                                                                                                                                                                              
----------                                                                                                                                                                                              
        10                                                                                                                                                                                              

SQL> 
SQL> SELECT 48 / (8 * 2) FROM DUAL;

  48/(8*2)                                                                                                                                                                                              
----------                                                                                                                                                                                              
         3                                                                                                                                                                                              

SQL> 
SQL> REM DEFAULT PRECEDENCE OF ARITHMATIC OPERATORS POWER AND CONCATENATION OPERATOR
SQL> 
SQL> REM 1 () : BRACKET : (  )  (  ) : LEFT TO RIGHT : (   (  )   ) : NESTED BRACKETS : INNER TO OUTER
SQL> 
SQL> REM 2 POWER
SQL> 
SQL> REM 3 / * (LEFT TO RIGHT IN FORMULA)
SQL> 
SQL> REM 4 + - || (LEFT TO RIGHT IN FORMULA)
SQL> 
SQL> SELECT 'SHRI' || 210 + 210 FROM DUAL;
SELECT 'SHRI' || 210 + 210 FROM DUAL
               *
ERROR at line 1:
ORA-01722: invalid number 


SQL> SELECT 'SHRI' || 210 + 210 FROM DUAL;
SELECT 'SHRI' || 210 + 210 FROM DUAL
               *
ERROR at line 1:
ORA-01722: invalid number 


SQL> SELECT 'SHRI' || (210 + 210) FROM DUAL;

'SHRI'|                                                                                                                                                                                                 
-------                                                                                                                                                                                                 
SHRI420                                                                                                                                                                                                 

SQL> SELECT 'SHRI' || {210 + 210} FROM DUAL;
SELECT 'SHRI' || {210 + 210} FROM DUAL
                 *
ERROR at line 1:
ORA-00936: missing expression 


SQL> SELECT FIRST_NAME , SALARY , SALARY * 12 YEARLY SALARY FROM EMPLOYEES;
SELECT FIRST_NAME , SALARY , SALARY * 12 YEARLY SALARY FROM EMPLOYEES
                                                *
ERROR at line 1:
ORA-00923: FROM keyword not found where expected 


SQL> SELECT FIRST_NAME , SALARY , SALARY * 12 "YEARLY SALARY" FROM EMPLOYEES;

FIRST_NAME          SALARY YEARLY SALARY                                                                                                                                                                
--------------- ---------- -------------                                                                                                                                                                
Steven               24000        288000                                                                                                                                                                
Neena                17000        204000                                                                                                                                                                
Lex                  17000        204000                                                                                                                                                                
Alexander             9000        108000                                                                                                                                                                
Bruce                 6000         72000                                                                                                                                                                
Diana                 4200         50400                                                                                                                                                                
Kevin                 5800         69600                                                                                                                                                                
Trenna                3500         42000                                                                                                                                                                
Curtis                3100         37200                                                                                                                                                                
Randall               2600         31200                                                                                                                                                                
Peter                 2500         30000                                                                                                                                                                
Eleni                10500        126000                                                                                                                                                                
Ellen                11000        132000                                                                                                                                                                
Jonathon              8600        103200                                                                                                                                                                
Kimerely              7000         84000                                                                                                                                                                
Jennifer              4400         52800                                                                                                                                                                
Michael              13000        156000                                                                                                                                                                
Pat                   6000         72000                                                                                                                                                                
Shelley              12000        144000                                                                                                                                                                
William               8300         99600                                                                                                                                                                

20 rows selected.

SQL> SELECT FIRST_NAME , SALARY , SALARY * 12 'YEARLY SALARY' FROM EMPLOYEES;
SELECT FIRST_NAME , SALARY , SALARY * 12 'YEARLY SALARY' FROM EMPLOYEES
                                         *
ERROR at line 1:
ORA-00923: FROM keyword not found where expected 


SQL> SELECT FIRST_NAME , SALARY , SALARY * 12 YearlySalary FROM EMPLOYEES;

FIRST_NAME          SALARY YEARLYSALARY                                                                                                                                                                 
--------------- ---------- ------------                                                                                                                                                                 
Steven               24000       288000                                                                                                                                                                 
Neena                17000       204000                                                                                                                                                                 
Lex                  17000       204000                                                                                                                                                                 
Alexander             9000       108000                                                                                                                                                                 
Bruce                 6000        72000                                                                                                                                                                 
Diana                 4200        50400                                                                                                                                                                 
Kevin                 5800        69600                                                                                                                                                                 
Trenna                3500        42000                                                                                                                                                                 
Curtis                3100        37200                                                                                                                                                                 
Randall               2600        31200                                                                                                                                                                 
Peter                 2500        30000                                                                                                                                                                 
Eleni                10500       126000                                                                                                                                                                 
Ellen                11000       132000                                                                                                                                                                 
Jonathon              8600       103200                                                                                                                                                                 
Kimerely              7000        84000                                                                                                                                                                 
Jennifer              4400        52800                                                                                                                                                                 
Michael              13000       156000                                                                                                                                                                 
Pat                   6000        72000                                                                                                                                                                 
Shelley              12000       144000                                                                                                                                                                 
William               8300        99600                                                                                                                                                                 

20 rows selected.

SQL> SELECT FIRST_NAME , SALARY , SALARY * 12 "YearlySalary" FROM EMPLOYEES;

FIRST_NAME          SALARY YearlySalary                                                                                                                                                                 
--------------- ---------- ------------                                                                                                                                                                 
Steven               24000       288000                                                                                                                                                                 
Neena                17000       204000                                                                                                                                                                 
Lex                  17000       204000                                                                                                                                                                 
Alexander             9000       108000                                                                                                                                                                 
Bruce                 6000        72000                                                                                                                                                                 
Diana                 4200        50400                                                                                                                                                                 
Kevin                 5800        69600                                                                                                                                                                 
Trenna                3500        42000                                                                                                                                                                 
Curtis                3100        37200                                                                                                                                                                 
Randall               2600        31200                                                                                                                                                                 
Peter                 2500        30000                                                                                                                                                                 
Eleni                10500       126000                                                                                                                                                                 
Ellen                11000       132000                                                                                                                                                                 
Jonathon              8600       103200                                                                                                                                                                 
Kimerely              7000        84000                                                                                                                                                                 
Jennifer              4400        52800                                                                                                                                                                 
Michael              13000       156000                                                                                                                                                                 
Pat                   6000        72000                                                                                                                                                                 
Shelley              12000       144000                                                                                                                                                                 
William               8300        99600                                                                                                                                                                 

20 rows selected.

SQL> SELECT FIRST_NAME , SALARY , SALARY * 12 Yearly_#$Salary FROM EMPLOYEES;

FIRST_NAME          SALARY YEARLY_#$SALARY                                                                                                                                                              
--------------- ---------- ---------------                                                                                                                                                              
Steven               24000          288000                                                                                                                                                              
Neena                17000          204000                                                                                                                                                              
Lex                  17000          204000                                                                                                                                                              
Alexander             9000          108000                                                                                                                                                              
Bruce                 6000           72000                                                                                                                                                              
Diana                 4200           50400                                                                                                                                                              
Kevin                 5800           69600                                                                                                                                                              
Trenna                3500           42000                                                                                                                                                              
Curtis                3100           37200                                                                                                                                                              
Randall               2600           31200                                                                                                                                                              
Peter                 2500           30000                                                                                                                                                              
Eleni                10500          126000                                                                                                                                                              
Ellen                11000          132000                                                                                                                                                              
Jonathon              8600          103200                                                                                                                                                              
Kimerely              7000           84000                                                                                                                                                              
Jennifer              4400           52800                                                                                                                                                              
Michael              13000          156000                                                                                                                                                              
Pat                   6000           72000                                                                                                                                                              
Shelley              12000          144000                                                                                                                                                              
William               8300           99600                                                                                                                                                              

20 rows selected.

SQL> SELECT FIRST_NAME , SALARY , SALARY * 12 Yearly_#$^Salary FROM EMPLOYEES;
SELECT FIRST_NAME , SALARY , SALARY * 12 Yearly_#$^Salary FROM EMPLOYEES
                                                  *
ERROR at line 1:
ORA-00923: FROM keyword not found where expected 


SQL> SELECT FIRST_NAME , SALARY , SALARY * 12 "Yearly_#$^Salary" FROM EMPLOYEES;

FIRST_NAME          SALARY Yearly_#$^Salary                                                                                                                                                             
--------------- ---------- ----------------                                                                                                                                                             
Steven               24000           288000                                                                                                                                                             
Neena                17000           204000                                                                                                                                                             
Lex                  17000           204000                                                                                                                                                             
Alexander             9000           108000                                                                                                                                                             
Bruce                 6000            72000                                                                                                                                                             
Diana                 4200            50400                                                                                                                                                             
Kevin                 5800            69600                                                                                                                                                             
Trenna                3500            42000                                                                                                                                                             
Curtis                3100            37200                                                                                                                                                             
Randall               2600            31200                                                                                                                                                             
Peter                 2500            30000                                                                                                                                                             
Eleni                10500           126000                                                                                                                                                             
Ellen                11000           132000                                                                                                                                                             
Jonathon              8600           103200                                                                                                                                                             
Kimerely              7000            84000                                                                                                                                                             
Jennifer              4400            52800                                                                                                                                                             
Michael              13000           156000                                                                                                                                                             
Pat                   6000            72000                                                                                                                                                             
Shelley              12000           144000                                                                                                                                                             
William               8300            99600                                                                                                                                                             

20 rows selected.

SQL> SELECT FIRST_NAME , SALARY , SALARY * 12 select FROM EMPLOYEES;
SELECT FIRST_NAME , SALARY , SALARY * 12 select FROM EMPLOYEES
                                         *
ERROR at line 1:
ORA-00923: FROM keyword not found where expected 


SQL> SELECT FIRST_NAME , SALARY , SALARY * 12 "select" FROM EMPLOYEES;

FIRST_NAME          SALARY     select                                                                                                                                                                   
--------------- ---------- ----------                                                                                                                                                                   
Steven               24000     288000                                                                                                                                                                   
Neena                17000     204000                                                                                                                                                                   
Lex                  17000     204000                                                                                                                                                                   
Alexander             9000     108000                                                                                                                                                                   
Bruce                 6000      72000                                                                                                                                                                   
Diana                 4200      50400                                                                                                                                                                   
Kevin                 5800      69600                                                                                                                                                                   
Trenna                3500      42000                                                                                                                                                                   
Curtis                3100      37200                                                                                                                                                                   
Randall               2600      31200                                                                                                                                                                   
Peter                 2500      30000                                                                                                                                                                   
Eleni                10500     126000                                                                                                                                                                   
Ellen                11000     132000                                                                                                                                                                   
Jonathon              8600     103200                                                                                                                                                                   
Kimerely              7000      84000                                                                                                                                                                   
Jennifer              4400      52800                                                                                                                                                                   
Michael              13000     156000                                                                                                                                                                   
Pat                   6000      72000                                                                                                                                                                   
Shelley              12000     144000                                                                                                                                                                   
William               8300      99600                                                                                                                                                                   

20 rows selected.

SQL> REM IN BELOW 4 CASES WE NEED TO PUT COLUMN ALIAS WITHIN DOUBLE QUOTES :
SQL> 
SQL> REM 1 IF WE WANT TO USE MULTIPLE WORDS
SQL> 
SQL> REM 2 IF WE WANT TO USE CASE SENSITIVE
SQL> 
SQL> REM 3 IF WE WANT TO USE SPECIAL CHARACTERS OTHER THAN _ # $
SQL> 
SQL> REM 4 IF WE WANT TO USE SQL/ORACLE KEY/RESERVE WORD
SQL> 
SQL> 
SQL> SELECT FIRST_NAME , LAST_NAME FROM EMPLOYEES;

FIRST_NAME      LAST_NAME                                                                                                                                                                               
--------------- ---------------                                                                                                                                                                         
Steven          King                                                                                                                                                                                    
Neena           Kochhar                                                                                                                                                                                 
Lex             De Haan                                                                                                                                                                                 
Alexander       Hunold                                                                                                                                                                                  
Bruce           Ernst                                                                                                                                                                                   
Diana           Lorentz                                                                                                                                                                                 
Kevin           Mourgos                                                                                                                                                                                 
Trenna          Rajs                                                                                                                                                                                    
Curtis          Davies                                                                                                                                                                                  
Randall         Matos                                                                                                                                                                                   
Peter           Vargas                                                                                                                                                                                  
Eleni           Zlotkey                                                                                                                                                                                 
Ellen           Abel                                                                                                                                                                                    
Jonathon        Taylor                                                                                                                                                                                  
Kimerely        Grant                                                                                                                                                                                   
Jennifer        Whalen                                                                                                                                                                                  
Michael         Hartstein                                                                                                                                                                               
Pat             Fay                                                                                                                                                                                     
Shelley         Higgins                                                                                                                                                                                 
William         Gietz                                                                                                                                                                                   

20 rows selected.

SQL> SELECT FIRST_NAME || LAST_NAME FROM EMPLOYEES;

FIRST_NAME||LAST_NAME                                                                                                                                                                                   
------------------------------                                                                                                                                                                          
StevenKing                                                                                                                                                                                              
NeenaKochhar                                                                                                                                                                                            
LexDe Haan                                                                                                                                                                                              
AlexanderHunold                                                                                                                                                                                         
BruceErnst                                                                                                                                                                                              
DianaLorentz                                                                                                                                                                                            
KevinMourgos                                                                                                                                                                                            
TrennaRajs                                                                                                                                                                                              
CurtisDavies                                                                                                                                                                                            
RandallMatos                                                                                                                                                                                            
PeterVargas                                                                                                                                                                                             
EleniZlotkey                                                                                                                                                                                            
EllenAbel                                                                                                                                                                                               
JonathonTaylor                                                                                                                                                                                          
KimerelyGrant                                                                                                                                                                                           
JenniferWhalen                                                                                                                                                                                          
MichaelHartstein                                                                                                                                                                                        
PatFay                                                                                                                                                                                                  
ShelleyHiggins                                                                                                                                                                                          
WilliamGietz                                                                                                                                                                                            

20 rows selected.

SQL> SELECT FIRST_NAME || LAST_NAME FULLNAME FROM EMPLOYEES;

FULLNAME                                                                                                                                                                                                
------------------------------                                                                                                                                                                          
StevenKing                                                                                                                                                                                              
NeenaKochhar                                                                                                                                                                                            
LexDe Haan                                                                                                                                                                                              
AlexanderHunold                                                                                                                                                                                         
BruceErnst                                                                                                                                                                                              
DianaLorentz                                                                                                                                                                                            
KevinMourgos                                                                                                                                                                                            
TrennaRajs                                                                                                                                                                                              
CurtisDavies                                                                                                                                                                                            
RandallMatos                                                                                                                                                                                            
PeterVargas                                                                                                                                                                                             
EleniZlotkey                                                                                                                                                                                            
EllenAbel                                                                                                                                                                                               
JonathonTaylor                                                                                                                                                                                          
KimerelyGrant                                                                                                                                                                                           
JenniferWhalen                                                                                                                                                                                          
MichaelHartstein                                                                                                                                                                                        
PatFay                                                                                                                                                                                                  
ShelleyHiggins                                                                                                                                                                                          
WilliamGietz                                                                                                                                                                                            

20 rows selected.

SQL> SELECT FIRST_NAME | | LAST_NAME FULLNAME FROM EMPLOYEES;

FULLNAME                                                                                                                                                                                                
------------------------------                                                                                                                                                                          
StevenKing                                                                                                                                                                                              
NeenaKochhar                                                                                                                                                                                            
LexDe Haan                                                                                                                                                                                              
AlexanderHunold                                                                                                                                                                                         
BruceErnst                                                                                                                                                                                              
DianaLorentz                                                                                                                                                                                            
KevinMourgos                                                                                                                                                                                            
TrennaRajs                                                                                                                                                                                              
CurtisDavies                                                                                                                                                                                            
RandallMatos                                                                                                                                                                                            
PeterVargas                                                                                                                                                                                             
EleniZlotkey                                                                                                                                                                                            
EllenAbel                                                                                                                                                                                               
JonathonTaylor                                                                                                                                                                                          
KimerelyGrant                                                                                                                                                                                           
JenniferWhalen                                                                                                                                                                                          
MichaelHartstein                                                                                                                                                                                        
PatFay                                                                                                                                                                                                  
ShelleyHiggins                                                                                                                                                                                          
WilliamGietz                                                                                                                                                                                            

20 rows selected.

SQL> SELECT FIRST_NAME || ' ' || LAST_NAME FULLNAME FROM EMPLOYEES;

FULLNAME                                                                                                                                                                                                
-------------------------------                                                                                                                                                                         
Steven King                                                                                                                                                                                             
Neena Kochhar                                                                                                                                                                                           
Lex De Haan                                                                                                                                                                                             
Alexander Hunold                                                                                                                                                                                        
Bruce Ernst                                                                                                                                                                                             
Diana Lorentz                                                                                                                                                                                           
Kevin Mourgos                                                                                                                                                                                           
Trenna Rajs                                                                                                                                                                                             
Curtis Davies                                                                                                                                                                                           
Randall Matos                                                                                                                                                                                           
Peter Vargas                                                                                                                                                                                            
Eleni Zlotkey                                                                                                                                                                                           
Ellen Abel                                                                                                                                                                                              
Jonathon Taylor                                                                                                                                                                                         
Kimerely Grant                                                                                                                                                                                          
Jennifer Whalen                                                                                                                                                                                         
Michael Hartstein                                                                                                                                                                                       
Pat Fay                                                                                                                                                                                                 
Shelley Higgins                                                                                                                                                                                         
William Gietz                                                                                                                                                                                           

20 rows selected.

SQL> SELECT FIRST_NAME || ' ' || LAST_NAME FULL NAME FROM EMPLOYEES;
SELECT FIRST_NAME || ' ' || LAST_NAME FULL NAME FROM EMPLOYEES
                                           *
ERROR at line 1:
ORA-00923: FROM keyword not found where expected 


SQL> SELECT FIRST_NAME || ' ' || LAST_NAME "FULL NAME" FROM EMPLOYEES;

FULL NAME                                                                                                                                                                                               
-------------------------------                                                                                                                                                                         
Steven King                                                                                                                                                                                             
Neena Kochhar                                                                                                                                                                                           
Lex De Haan                                                                                                                                                                                             
Alexander Hunold                                                                                                                                                                                        
Bruce Ernst                                                                                                                                                                                             
Diana Lorentz                                                                                                                                                                                           
Kevin Mourgos                                                                                                                                                                                           
Trenna Rajs                                                                                                                                                                                             
Curtis Davies                                                                                                                                                                                           
Randall Matos                                                                                                                                                                                           
Peter Vargas                                                                                                                                                                                            
Eleni Zlotkey                                                                                                                                                                                           
Ellen Abel                                                                                                                                                                                              
Jonathon Taylor                                                                                                                                                                                         
Kimerely Grant                                                                                                                                                                                          
Jennifer Whalen                                                                                                                                                                                         
Michael Hartstein                                                                                                                                                                                       
Pat Fay                                                                                                                                                                                                 
Shelley Higgins                                                                                                                                                                                         
William Gietz                                                                                                                                                                                           

20 rows selected.

SQL> SELECT FIRST_NAME || ' ' || LAST_NAME 'FULL NAME' FROM EMPLOYEES;
SELECT FIRST_NAME || ' ' || LAST_NAME 'FULL NAME' FROM EMPLOYEES
                                      *
ERROR at line 1:
ORA-00923: FROM keyword not found where expected 


SQL> SELECT FIRST_NAME || " " || LAST_NAME "FULL NAME" FROM EMPLOYEES;
SELECT FIRST_NAME || " " || LAST_NAME "FULL NAME" FROM EMPLOYEES
                     *
ERROR at line 1:
ORA-00904: " ": invalid identifier 


SQL> SELECT FIRST_NAME || ' ' || LAST_NAME "FULL NAME" FROM EMPLOYEES;

FULL NAME                                                                                                                                                                                               
-------------------------------                                                                                                                                                                         
Steven King                                                                                                                                                                                             
Neena Kochhar                                                                                                                                                                                           
Lex De Haan                                                                                                                                                                                             
Alexander Hunold                                                                                                                                                                                        
Bruce Ernst                                                                                                                                                                                             
Diana Lorentz                                                                                                                                                                                           
Kevin Mourgos                                                                                                                                                                                           
Trenna Rajs                                                                                                                                                                                             
Curtis Davies                                                                                                                                                                                           
Randall Matos                                                                                                                                                                                           
Peter Vargas                                                                                                                                                                                            
Eleni Zlotkey                                                                                                                                                                                           
Ellen Abel                                                                                                                                                                                              
Jonathon Taylor                                                                                                                                                                                         
Kimerely Grant                                                                                                                                                                                          
Jennifer Whalen                                                                                                                                                                                         
Michael Hartstein                                                                                                                                                                                       
Pat Fay                                                                                                                                                                                                 
Shelley Higgins                                                                                                                                                                                         
William Gietz                                                                                                                                                                                           

20 rows selected.

SQL> SELECT FIRST_NAME || ',' || LAST_NAME "FULL NAME" FROM EMPLOYEES;

FULL NAME                                                                                                                                                                                               
-------------------------------                                                                                                                                                                         
Steven,King                                                                                                                                                                                             
Neena,Kochhar                                                                                                                                                                                           
Lex,De Haan                                                                                                                                                                                             
Alexander,Hunold                                                                                                                                                                                        
Bruce,Ernst                                                                                                                                                                                             
Diana,Lorentz                                                                                                                                                                                           
Kevin,Mourgos                                                                                                                                                                                           
Trenna,Rajs                                                                                                                                                                                             
Curtis,Davies                                                                                                                                                                                           
Randall,Matos                                                                                                                                                                                           
Peter,Vargas                                                                                                                                                                                            
Eleni,Zlotkey                                                                                                                                                                                           
Ellen,Abel                                                                                                                                                                                              
Jonathon,Taylor                                                                                                                                                                                         
Kimerely,Grant                                                                                                                                                                                          
Jennifer,Whalen                                                                                                                                                                                         
Michael,Hartstein                                                                                                                                                                                       
Pat,Fay                                                                                                                                                                                                 
Shelley,Higgins                                                                                                                                                                                         
William,Gietz                                                                                                                                                                                           

20 rows selected.

SQL> SELECT FIRST_NAME || ' - ' || LAST_NAME "FULL NAME" FROM EMPLOYEES;

FULL NAME                                                                                                                                                                                               
---------------------------------                                                                                                                                                                       
Steven - King                                                                                                                                                                                           
Neena - Kochhar                                                                                                                                                                                         
Lex - De Haan                                                                                                                                                                                           
Alexander - Hunold                                                                                                                                                                                      
Bruce - Ernst                                                                                                                                                                                           
Diana - Lorentz                                                                                                                                                                                         
Kevin - Mourgos                                                                                                                                                                                         
Trenna - Rajs                                                                                                                                                                                           
Curtis - Davies                                                                                                                                                                                         
Randall - Matos                                                                                                                                                                                         
Peter - Vargas                                                                                                                                                                                          
Eleni - Zlotkey                                                                                                                                                                                         
Ellen - Abel                                                                                                                                                                                            
Jonathon - Taylor                                                                                                                                                                                       
Kimerely - Grant                                                                                                                                                                                        
Jennifer - Whalen                                                                                                                                                                                       
Michael - Hartstein                                                                                                                                                                                     
Pat - Fay                                                                                                                                                                                               
Shelley - Higgins                                                                                                                                                                                       
William - Gietz                                                                                                                                                                                         

20 rows selected.

SQL> SELECT FIRST_NAME , JOB_ID FROM EMPLOYEES;

FIRST_NAME      JOB_ID                                                                                                                                                                                  
--------------- ----------                                                                                                                                                                              
Steven          AD_PRES                                                                                                                                                                                 
Neena           AD_VP                                                                                                                                                                                   
Lex             AD_VP                                                                                                                                                                                   
Alexander       IT_PROG                                                                                                                                                                                 
Bruce           IT_PROG                                                                                                                                                                                 
Diana           IT_PROG                                                                                                                                                                                 
Kevin           ST_MAN                                                                                                                                                                                  
Trenna          ST_CLERK                                                                                                                                                                                
Curtis          ST_CLERK                                                                                                                                                                                
Randall         ST_CLERK                                                                                                                                                                                
Peter           ST_CLERK                                                                                                                                                                                
Eleni           SA_MAN                                                                                                                                                                                  
Ellen           SA_REP                                                                                                                                                                                  
Jonathon        SA_REP                                                                                                                                                                                  
Kimerely        SA_REP                                                                                                                                                                                  
Jennifer        AD_ASST                                                                                                                                                                                 
Michael         MK_MAN                                                                                                                                                                                  
Pat             MK_REP                                                                                                                                                                                  
Shelley         AC_MGR                                                                                                                                                                                  
William         AC_ACCOUNT                                                                                                                                                                              

20 rows selected.

SQL> REM StevenAD_PRES : FIRST_NAME || JOB_ID
SQL> 
SQL> REM Steven AD_PRES : FIRST_NAME || ' ' || JOB_ID
SQL> 
SQL> REM Steven-AD_PRES : FIRST_NAME || '-' || JOB_ID
SQL> 
SQL> REM Steven works as AD_PRES. : FIRST_NAME || ' works as ' || JOB_ID || '.'
SQL> 
SQL> 
SQL> SELECT FIRST_NAME , JOB_ID FROM EMPLOYEES;

FIRST_NAME      JOB_ID                                                                                                                                                                                  
--------------- ----------                                                                                                                                                                              
Steven          AD_PRES                                                                                                                                                                                 
Neena           AD_VP                                                                                                                                                                                   
Lex             AD_VP                                                                                                                                                                                   
Alexander       IT_PROG                                                                                                                                                                                 
Bruce           IT_PROG                                                                                                                                                                                 
Diana           IT_PROG                                                                                                                                                                                 
Kevin           ST_MAN                                                                                                                                                                                  
Trenna          ST_CLERK                                                                                                                                                                                
Curtis          ST_CLERK                                                                                                                                                                                
Randall         ST_CLERK                                                                                                                                                                                
Peter           ST_CLERK                                                                                                                                                                                
Eleni           SA_MAN                                                                                                                                                                                  
Ellen           SA_REP                                                                                                                                                                                  
Jonathon        SA_REP                                                                                                                                                                                  
Kimerely        SA_REP                                                                                                                                                                                  
Jennifer        AD_ASST                                                                                                                                                                                 
Michael         MK_MAN                                                                                                                                                                                  
Pat             MK_REP                                                                                                                                                                                  
Shelley         AC_MGR                                                                                                                                                                                  
William         AC_ACCOUNT                                                                                                                                                                              

20 rows selected.

SQL> REM Steven works as AD_PRES.
SQL> 
SQL> SELECT FIRST_NAME || ' works as ' || JOB_ID || '.' FROM EMPLOEYES;
SELECT FIRST_NAME || ' works as ' || JOB_ID || '.' FROM EMPLOEYES
                                                        *
ERROR at line 1:
ORA-00942: table or view does not exist 


SQL> SELECT FIRST_NAME || ' works as ' || JOB_ID || '.' FROM EMPLOYEES;

FIRST_NAME||'WORKSAS'||JOB_ID||'.'                                                                                                                                                                      
------------------------------------                                                                                                                                                                    
Steven works as AD_PRES.                                                                                                                                                                                
Neena works as AD_VP.                                                                                                                                                                                   
Lex works as AD_VP.                                                                                                                                                                                     
Alexander works as IT_PROG.                                                                                                                                                                             
Bruce works as IT_PROG.                                                                                                                                                                                 
Diana works as IT_PROG.                                                                                                                                                                                 
Kevin works as ST_MAN.                                                                                                                                                                                  
Trenna works as ST_CLERK.                                                                                                                                                                               
Curtis works as ST_CLERK.                                                                                                                                                                               
Randall works as ST_CLERK.                                                                                                                                                                              
Peter works as ST_CLERK.                                                                                                                                                                                
Eleni works as SA_MAN.                                                                                                                                                                                  
Ellen works as SA_REP.                                                                                                                                                                                  
Jonathon works as SA_REP.                                                                                                                                                                               
Kimerely works as SA_REP.                                                                                                                                                                               
Jennifer works as AD_ASST.                                                                                                                                                                              
Michael works as MK_MAN.                                                                                                                                                                                
Pat works as MK_REP.                                                                                                                                                                                    
Shelley works as AC_MGR.                                                                                                                                                                                
William works as AC_ACCOUNT.                                                                                                                                                                            

20 rows selected.

SQL> SELECT LAST_NAME , SALARY FROM EMPLOYEES;

LAST_NAME           SALARY                                                                                                                                                                              
--------------- ----------                                                                                                                                                                              
King                 24000                                                                                                                                                                              
Kochhar              17000                                                                                                                                                                              
De Haan              17000                                                                                                                                                                              
Hunold                9000                                                                                                                                                                              
Ernst                 6000                                                                                                                                                                              
Lorentz               4200                                                                                                                                                                              
Mourgos               5800                                                                                                                                                                              
Rajs                  3500                                                                                                                                                                              
Davies                3100                                                                                                                                                                              
Matos                 2600                                                                                                                                                                              
Vargas                2500                                                                                                                                                                              
Zlotkey              10500                                                                                                                                                                              
Abel                 11000                                                                                                                                                                              
Taylor                8600                                                                                                                                                                              
Grant                 7000                                                                                                                                                                              
Whalen                4400                                                                                                                                                                              
Hartstein            13000                                                                                                                                                                              
Fay                   6000                                                                                                                                                                              
Higgins              12000                                                                                                                                                                              
Gietz                 8300                                                                                                                                                                              

20 rows selected.

SQL> REM King gets Rs.24000
SQL> REM Kochhar gets Rs.17000
SQL> 
SQL> REM Gietz gets Rs.8300
SQL> 
SQL> 
SQL> SELECT LAST_NAME || ' gets Rs.' || salary from employees;

LAST_NAME||'GETSRS.'||SALARY                                                                                                                                                                            
----------------------------------------------------------------                                                                                                                                        
King gets Rs.24000                                                                                                                                                                                      
Kochhar gets Rs.17000                                                                                                                                                                                   
De Haan gets Rs.17000                                                                                                                                                                                   
Hunold gets Rs.9000                                                                                                                                                                                     
Ernst gets Rs.6000                                                                                                                                                                                      
Lorentz gets Rs.4200                                                                                                                                                                                    
Mourgos gets Rs.5800                                                                                                                                                                                    
Rajs gets Rs.3500                                                                                                                                                                                       
Davies gets Rs.3100                                                                                                                                                                                     
Matos gets Rs.2600                                                                                                                                                                                      
Vargas gets Rs.2500                                                                                                                                                                                     
Zlotkey gets Rs.10500                                                                                                                                                                                   
Abel gets Rs.11000                                                                                                                                                                                      
Taylor gets Rs.8600                                                                                                                                                                                     
Grant gets Rs.7000                                                                                                                                                                                      
Whalen gets Rs.4400                                                                                                                                                                                     
Hartstein gets Rs.13000                                                                                                                                                                                 
Fay gets Rs.6000                                                                                                                                                                                        
Higgins gets Rs.12000                                                                                                                                                                                   
Gietz gets Rs.8300                                                                                                                                                                                      

20 rows selected.

SQL> SELECT * FROM EMPLOYEES;

EMPLOYEE_ID FIRST_NAME      LAST_NAME       EMAIL      PHONE_NUMBER         HIRE_DATE JOB_ID         SALARY COMMISSION_PCT MANAGER_ID DEPARTMENT_ID                                                     
----------- --------------- --------------- ---------- -------------------- --------- ---------- ---------- -------------- ---------- -------------                                                     
        100 Steven          King            SKING      515.123.4567         17-JUL-87 AD_PRES         24000                                      90                                                     
        101 Neena           Kochhar         NKOCHHAR   515.123.4568         21-SEP-89 AD_VP           17000                       100            90                                                     
        102 Lex             De Haan         LDEHAAN    515.123.4569         13-JAN-93 AD_VP           17000                       100            90                                                     
        103 Alexander       Hunold          AHUNOLD    590.423.4567         03-JAN-90 IT_PROG          9000                       102            60                                                     
        104 Bruce           Ernst           BERNST     590.423.4568         21-MAY-91 IT_PROG          6000                       103            60                                                     
        107 Diana           Lorentz         DLORENTZ   590.423.5567         07-FEB-99 IT_PROG          4200                       103            60                                                     
        124 Kevin           Mourgos         KMOURGOS   650.123.5234         16-NOV-99 ST_MAN           5800                       100            50                                                     
        141 Trenna          Rajs            TRAJS      650.121.8009         17-OCT-95 ST_CLERK         3500                       124            50                                                     
        142 Curtis          Davies          CDAVIES    650.121.2994         29-JAN-97 ST_CLERK         3100                       124            50                                                     
        143 Randall         Matos           RMATOS     650.121.2874         15-MAR-98 ST_CLERK         2600                       124            50                                                     
        144 Peter           Vargas          PVARGAS    650.121.2004         09-JUL-98 ST_CLERK         2500                       124            50                                                     
        149 Eleni           Zlotkey         EZLOTKEY   011.44.1344.429018   29-JAN-00 SA_MAN          10500             .2        100            80                                                     
        174 Ellen           Abel            EABEL      011.44.1644.429267   11-MAY-96 SA_REP          11000             .3        149            80                                                     
        176 Jonathon        Taylor          JTAYLOR    011.44.1644.429265   24-MAR-98 SA_REP           8600             .3        149            80                                                     
        178 Kimerely        Grant           KGRANT     011.44.1644.429263   24-MAY-99 SA_REP           7000            .15        149                                                                   
        200 Jennifer        Whalen          JWHALEN    515.123.4444         17-SEP-87 AD_ASST          4400                       101            10                                                     
        201 Michael         Hartstein       MHARTSTE   515.123.5555         17-FEB-96 MK_MAN          13000                       100            20                                                     
        202 Pat             Fay             PFAY       603.123.6666         17-AUG-97 MK_REP           6000                       201            20                                                     
        205 Shelley         Higgins         SHIGGINS   515.123.8080         07-JUN-94 AC_MGR          12000                       101           110                                                     
        206 William         Gietz           WGIETZ     515.123.8181         07-JUN-94 AC_ACCOUNT       8300                       205           110                                                     

20 rows selected.

SQL> REM Employee 101 reports to Manager 100
SQL> 
SQL> REM Employee 206 reports to Manager 205
SQL> 
SQL> 
SQL> SELECT 'Employee ' || EMPLOYEE_ID || ' reports to Manager ' || MANAGER_ID FROM EMPLOYEES;

'EMPLOYEE'||EMPLOYEE_ID||'REPORTSTOMANAGER'||MANAGER_ID                                                                                                                                                 
-------------------------------------------------------------------------------------------------------------                                                                                           
Employee 100 reports to Manager                                                                                                                                                                         
Employee 101 reports to Manager 100                                                                                                                                                                     
Employee 102 reports to Manager 100                                                                                                                                                                     
Employee 103 reports to Manager 102                                                                                                                                                                     
Employee 104 reports to Manager 103                                                                                                                                                                     
Employee 107 reports to Manager 103                                                                                                                                                                     
Employee 124 reports to Manager 100                                                                                                                                                                     
Employee 141 reports to Manager 124                                                                                                                                                                     
Employee 142 reports to Manager 124                                                                                                                                                                     
Employee 143 reports to Manager 124                                                                                                                                                                     
Employee 144 reports to Manager 124                                                                                                                                                                     
Employee 149 reports to Manager 100                                                                                                                                                                     
Employee 174 reports to Manager 149                                                                                                                                                                     
Employee 176 reports to Manager 149                                                                                                                                                                     
Employee 178 reports to Manager 149                                                                                                                                                                     
Employee 200 reports to Manager 101                                                                                                                                                                     
Employee 201 reports to Manager 100                                                                                                                                                                     
Employee 202 reports to Manager 201                                                                                                                                                                     
Employee 205 reports to Manager 101                                                                                                                                                                     
Employee 206 reports to Manager 205                                                                                                                                                                     

20 rows selected.

SQL> REM Steven's monthly salary is Rs.24000
SQL> 
SQL> 
SQL> SELECT FIRST_NAME || 's monthly salary is Rs.' || SALARY FROM EMPLOYEES;

FIRST_NAME||'SMONTHLYSALARYISRS.'||SALARY                                                                                                                                                               
------------------------------------------------------------------------------                                                                                                                          
Stevens monthly salary is Rs.24000                                                                                                                                                                      
Neenas monthly salary is Rs.17000                                                                                                                                                                       
Lexs monthly salary is Rs.17000                                                                                                                                                                         
Alexanders monthly salary is Rs.9000                                                                                                                                                                    
Bruces monthly salary is Rs.6000                                                                                                                                                                        
Dianas monthly salary is Rs.4200                                                                                                                                                                        
Kevins monthly salary is Rs.5800                                                                                                                                                                        
Trennas monthly salary is Rs.3500                                                                                                                                                                       
Curtiss monthly salary is Rs.3100                                                                                                                                                                       
Randalls monthly salary is Rs.2600                                                                                                                                                                      
Peters monthly salary is Rs.2500                                                                                                                                                                        
Elenis monthly salary is Rs.10500                                                                                                                                                                       
Ellens monthly salary is Rs.11000                                                                                                                                                                       
Jonathons monthly salary is Rs.8600                                                                                                                                                                     
Kimerelys monthly salary is Rs.7000                                                                                                                                                                     
Jennifers monthly salary is Rs.4400                                                                                                                                                                     
Michaels monthly salary is Rs.13000                                                                                                                                                                     
Pats monthly salary is Rs.6000                                                                                                                                                                          
Shelleys monthly salary is Rs.12000                                                                                                                                                                     
Williams monthly salary is Rs.8300                                                                                                                                                                      

20 rows selected.

SQL> SELECT FIRST_NAME || ''s monthly salary is Rs.' || SALARY FROM EMPLOYEES;
ERROR:
ORA-01756: quoted string not properly terminated 


SQL> SELECT FIRST_NAME || '''s monthly salary is Rs.' || SALARY FROM EMPLOYEES;

FIRST_NAME||'''SMONTHLYSALARYISRS.'||SALARY                                                                                                                                                             
-------------------------------------------------------------------------------                                                                                                                         
Steven's monthly salary is Rs.24000                                                                                                                                                                     
Neena's monthly salary is Rs.17000                                                                                                                                                                      
Lex's monthly salary is Rs.17000                                                                                                                                                                        
Alexander's monthly salary is Rs.9000                                                                                                                                                                   
Bruce's monthly salary is Rs.6000                                                                                                                                                                       
Diana's monthly salary is Rs.4200                                                                                                                                                                       
Kevin's monthly salary is Rs.5800                                                                                                                                                                       
Trenna's monthly salary is Rs.3500                                                                                                                                                                      
Curtis's monthly salary is Rs.3100                                                                                                                                                                      
Randall's monthly salary is Rs.2600                                                                                                                                                                     
Peter's monthly salary is Rs.2500                                                                                                                                                                       
Eleni's monthly salary is Rs.10500                                                                                                                                                                      
Ellen's monthly salary is Rs.11000                                                                                                                                                                      
Jonathon's monthly salary is Rs.8600                                                                                                                                                                    
Kimerely's monthly salary is Rs.7000                                                                                                                                                                    
Jennifer's monthly salary is Rs.4400                                                                                                                                                                    
Michael's monthly salary is Rs.13000                                                                                                                                                                    
Pat's monthly salary is Rs.6000                                                                                                                                                                         
Shelley's monthly salary is Rs.12000                                                                                                                                                                    
William's monthly salary is Rs.8300                                                                                                                                                                     

20 rows selected.

SQL> SELECT FIRST_NAME || '''s monthly salary is Rs.' || SALARY "EMPLOYEE INFO." FROM EMPLOYEES;

EMPLOYEE INFO.                                                                                                                                                                                          
-------------------------------------------------------------------------------                                                                                                                         
Steven's monthly salary is Rs.24000                                                                                                                                                                     
Neena's monthly salary is Rs.17000                                                                                                                                                                      
Lex's monthly salary is Rs.17000                                                                                                                                                                        
Alexander's monthly salary is Rs.9000                                                                                                                                                                   
Bruce's monthly salary is Rs.6000                                                                                                                                                                       
Diana's monthly salary is Rs.4200                                                                                                                                                                       
Kevin's monthly salary is Rs.5800                                                                                                                                                                       
Trenna's monthly salary is Rs.3500                                                                                                                                                                      
Curtis's monthly salary is Rs.3100                                                                                                                                                                      
Randall's monthly salary is Rs.2600                                                                                                                                                                     
Peter's monthly salary is Rs.2500                                                                                                                                                                       
Eleni's monthly salary is Rs.10500                                                                                                                                                                      
Ellen's monthly salary is Rs.11000                                                                                                                                                                      
Jonathon's monthly salary is Rs.8600                                                                                                                                                                    
Kimerely's monthly salary is Rs.7000                                                                                                                                                                    
Jennifer's monthly salary is Rs.4400                                                                                                                                                                    
Michael's monthly salary is Rs.13000                                                                                                                                                                    
Pat's monthly salary is Rs.6000                                                                                                                                                                         
Shelley's monthly salary is Rs.12000                                                                                                                                                                    
William's monthly salary is Rs.8300                                                                                                                                                                     

20 rows selected.

SQL> REM Q OPERATOR : IS USED TO CHANGE QUOTATION CHARACTER
SQL> 
SQL> SELECT FIRST_NAME || 's monthly salary is Rs.' || SALARY FROM EMPLOYEES;

FIRST_NAME||'SMONTHLYSALARYISRS.'||SALARY                                                                                                                                                               
------------------------------------------------------------------------------                                                                                                                          
Stevens monthly salary is Rs.24000                                                                                                                                                                      
Neenas monthly salary is Rs.17000                                                                                                                                                                       
Lexs monthly salary is Rs.17000                                                                                                                                                                         
Alexanders monthly salary is Rs.9000                                                                                                                                                                    
Bruces monthly salary is Rs.6000                                                                                                                                                                        
Dianas monthly salary is Rs.4200                                                                                                                                                                        
Kevins monthly salary is Rs.5800                                                                                                                                                                        
Trennas monthly salary is Rs.3500                                                                                                                                                                       
Curtiss monthly salary is Rs.3100                                                                                                                                                                       
Randalls monthly salary is Rs.2600                                                                                                                                                                      
Peters monthly salary is Rs.2500                                                                                                                                                                        
Elenis monthly salary is Rs.10500                                                                                                                                                                       
Ellens monthly salary is Rs.11000                                                                                                                                                                       
Jonathons monthly salary is Rs.8600                                                                                                                                                                     
Kimerelys monthly salary is Rs.7000                                                                                                                                                                     
Jennifers monthly salary is Rs.4400                                                                                                                                                                     
Michaels monthly salary is Rs.13000                                                                                                                                                                     
Pats monthly salary is Rs.6000                                                                                                                                                                          
Shelleys monthly salary is Rs.12000                                                                                                                                                                     
Williams monthly salary is Rs.8300                                                                                                                                                                      

20 rows selected.

SQL> SELECT FIRST_NAME || Q'#'s monthly salary is Rs.#' || SALARY FROM EMPLOYEES;

FIRST_NAME||Q'#'SMONTHLYSALARYISRS.#'||SALARY                                                                                                                                                           
-------------------------------------------------------------------------------                                                                                                                         
Steven's monthly salary is Rs.24000                                                                                                                                                                     
Neena's monthly salary is Rs.17000                                                                                                                                                                      
Lex's monthly salary is Rs.17000                                                                                                                                                                        
Alexander's monthly salary is Rs.9000                                                                                                                                                                   
Bruce's monthly salary is Rs.6000                                                                                                                                                                       
Diana's monthly salary is Rs.4200                                                                                                                                                                       
Kevin's monthly salary is Rs.5800                                                                                                                                                                       
Trenna's monthly salary is Rs.3500                                                                                                                                                                      
Curtis's monthly salary is Rs.3100                                                                                                                                                                      
Randall's monthly salary is Rs.2600                                                                                                                                                                     
Peter's monthly salary is Rs.2500                                                                                                                                                                       
Eleni's monthly salary is Rs.10500                                                                                                                                                                      
Ellen's monthly salary is Rs.11000                                                                                                                                                                      
Jonathon's monthly salary is Rs.8600                                                                                                                                                                    
Kimerely's monthly salary is Rs.7000                                                                                                                                                                    
Jennifer's monthly salary is Rs.4400                                                                                                                                                                    
Michael's monthly salary is Rs.13000                                                                                                                                                                    
Pat's monthly salary is Rs.6000                                                                                                                                                                         
Shelley's monthly salary is Rs.12000                                                                                                                                                                    
William's monthly salary is Rs.8300                                                                                                                                                                     

20 rows selected.

SQL> SELECT FIRST_NAME || Q'*'s monthly salary is Rs.*' || SALARY FROM EMPLOYEES;

FIRST_NAME||Q'*'SMONTHLYSALARYISRS.*'||SALARY                                                                                                                                                           
-------------------------------------------------------------------------------                                                                                                                         
Steven's monthly salary is Rs.24000                                                                                                                                                                     
Neena's monthly salary is Rs.17000                                                                                                                                                                      
Lex's monthly salary is Rs.17000                                                                                                                                                                        
Alexander's monthly salary is Rs.9000                                                                                                                                                                   
Bruce's monthly salary is Rs.6000                                                                                                                                                                       
Diana's monthly salary is Rs.4200                                                                                                                                                                       
Kevin's monthly salary is Rs.5800                                                                                                                                                                       
Trenna's monthly salary is Rs.3500                                                                                                                                                                      
Curtis's monthly salary is Rs.3100                                                                                                                                                                      
Randall's monthly salary is Rs.2600                                                                                                                                                                     
Peter's monthly salary is Rs.2500                                                                                                                                                                       
Eleni's monthly salary is Rs.10500                                                                                                                                                                      
Ellen's monthly salary is Rs.11000                                                                                                                                                                      
Jonathon's monthly salary is Rs.8600                                                                                                                                                                    
Kimerely's monthly salary is Rs.7000                                                                                                                                                                    
Jennifer's monthly salary is Rs.4400                                                                                                                                                                    
Michael's monthly salary is Rs.13000                                                                                                                                                                    
Pat's monthly salary is Rs.6000                                                                                                                                                                         
Shelley's monthly salary is Rs.12000                                                                                                                                                                    
William's monthly salary is Rs.8300                                                                                                                                                                     

20 rows selected.

SQL> SELECT FIRST_NAME || Q'A's monthly salary is Rs.A' || SALARY FROM EMPLOYEES;

FIRST_NAME||Q'A'SMONTHLYSALARYISRS.A'||SALARY                                                                                                                                                           
-------------------------------------------------------------------------------                                                                                                                         
Steven's monthly salary is Rs.24000                                                                                                                                                                     
Neena's monthly salary is Rs.17000                                                                                                                                                                      
Lex's monthly salary is Rs.17000                                                                                                                                                                        
Alexander's monthly salary is Rs.9000                                                                                                                                                                   
Bruce's monthly salary is Rs.6000                                                                                                                                                                       
Diana's monthly salary is Rs.4200                                                                                                                                                                       
Kevin's monthly salary is Rs.5800                                                                                                                                                                       
Trenna's monthly salary is Rs.3500                                                                                                                                                                      
Curtis's monthly salary is Rs.3100                                                                                                                                                                      
Randall's monthly salary is Rs.2600                                                                                                                                                                     
Peter's monthly salary is Rs.2500                                                                                                                                                                       
Eleni's monthly salary is Rs.10500                                                                                                                                                                      
Ellen's monthly salary is Rs.11000                                                                                                                                                                      
Jonathon's monthly salary is Rs.8600                                                                                                                                                                    
Kimerely's monthly salary is Rs.7000                                                                                                                                                                    
Jennifer's monthly salary is Rs.4400                                                                                                                                                                    
Michael's monthly salary is Rs.13000                                                                                                                                                                    
Pat's monthly salary is Rs.6000                                                                                                                                                                         
Shelley's monthly salary is Rs.12000                                                                                                                                                                    
William's monthly salary is Rs.8300                                                                                                                                                                     

20 rows selected.

SQL> SELECT FIRST_NAME || Q'4's monthly salary is Rs.4' || SALARY FROM EMPLOYEES;

FIRST_NAME||Q'4'SMONTHLYSALARYISRS.4'||SALARY                                                                                                                                                           
-------------------------------------------------------------------------------                                                                                                                         
Steven's monthly salary is Rs.24000                                                                                                                                                                     
Neena's monthly salary is Rs.17000                                                                                                                                                                      
Lex's monthly salary is Rs.17000                                                                                                                                                                        
Alexander's monthly salary is Rs.9000                                                                                                                                                                   
Bruce's monthly salary is Rs.6000                                                                                                                                                                       
Diana's monthly salary is Rs.4200                                                                                                                                                                       
Kevin's monthly salary is Rs.5800                                                                                                                                                                       
Trenna's monthly salary is Rs.3500                                                                                                                                                                      
Curtis's monthly salary is Rs.3100                                                                                                                                                                      
Randall's monthly salary is Rs.2600                                                                                                                                                                     
Peter's monthly salary is Rs.2500                                                                                                                                                                       
Eleni's monthly salary is Rs.10500                                                                                                                                                                      
Ellen's monthly salary is Rs.11000                                                                                                                                                                      
Jonathon's monthly salary is Rs.8600                                                                                                                                                                    
Kimerely's monthly salary is Rs.7000                                                                                                                                                                    
Jennifer's monthly salary is Rs.4400                                                                                                                                                                    
Michael's monthly salary is Rs.13000                                                                                                                                                                    
Pat's monthly salary is Rs.6000                                                                                                                                                                         
Shelley's monthly salary is Rs.12000                                                                                                                                                                    
William's monthly salary is Rs.8300                                                                                                                                                                     

20 rows selected.

SQL> SELECT FIRST_NAME || Q'A's monthly salary is Rs.a' || SALARY FROM EMPLOYEES;
ERROR:
ORA-01756: quoted string not properly terminated 


SQL> SELECT FIRST_NAME || Q'A's monthly salary is Rs.B' || SALARY FROM EMPLOYEES;
ERROR:
ORA-01756: quoted string not properly terminated 


SQL> SELECT FIRST_NAME || Q'A's monthly salary is Rs.4' || SALARY FROM EMPLOYEES;
ERROR:
ORA-01756: quoted string not properly terminated 


SQL> SELECT FIRST_NAME || Q'['s monthly salary is Rs.]' || SALARY FROM EMPLOYEES;

FIRST_NAME||Q'['SMONTHLYSALARYISRS.]'||SALARY                                                                                                                                                           
-------------------------------------------------------------------------------                                                                                                                         
Steven's monthly salary is Rs.24000                                                                                                                                                                     
Neena's monthly salary is Rs.17000                                                                                                                                                                      
Lex's monthly salary is Rs.17000                                                                                                                                                                        
Alexander's monthly salary is Rs.9000                                                                                                                                                                   
Bruce's monthly salary is Rs.6000                                                                                                                                                                       
Diana's monthly salary is Rs.4200                                                                                                                                                                       
Kevin's monthly salary is Rs.5800                                                                                                                                                                       
Trenna's monthly salary is Rs.3500                                                                                                                                                                      
Curtis's monthly salary is Rs.3100                                                                                                                                                                      
Randall's monthly salary is Rs.2600                                                                                                                                                                     
Peter's monthly salary is Rs.2500                                                                                                                                                                       
Eleni's monthly salary is Rs.10500                                                                                                                                                                      
Ellen's monthly salary is Rs.11000                                                                                                                                                                      
Jonathon's monthly salary is Rs.8600                                                                                                                                                                    
Kimerely's monthly salary is Rs.7000                                                                                                                                                                    
Jennifer's monthly salary is Rs.4400                                                                                                                                                                    
Michael's monthly salary is Rs.13000                                                                                                                                                                    
Pat's monthly salary is Rs.6000                                                                                                                                                                         
Shelley's monthly salary is Rs.12000                                                                                                                                                                    
William's monthly salary is Rs.8300                                                                                                                                                                     

20 rows selected.

SQL> SELECT FIRST_NAME || Q']'s monthly salary is Rs.]' || SALARY FROM EMPLOYEES;

FIRST_NAME||Q']'SMONTHLYSALARYISRS.]'||SALARY                                                                                                                                                           
-------------------------------------------------------------------------------                                                                                                                         
Steven's monthly salary is Rs.24000                                                                                                                                                                     
Neena's monthly salary is Rs.17000                                                                                                                                                                      
Lex's monthly salary is Rs.17000                                                                                                                                                                        
Alexander's monthly salary is Rs.9000                                                                                                                                                                   
Bruce's monthly salary is Rs.6000                                                                                                                                                                       
Diana's monthly salary is Rs.4200                                                                                                                                                                       
Kevin's monthly salary is Rs.5800                                                                                                                                                                       
Trenna's monthly salary is Rs.3500                                                                                                                                                                      
Curtis's monthly salary is Rs.3100                                                                                                                                                                      
Randall's monthly salary is Rs.2600                                                                                                                                                                     
Peter's monthly salary is Rs.2500                                                                                                                                                                       
Eleni's monthly salary is Rs.10500                                                                                                                                                                      
Ellen's monthly salary is Rs.11000                                                                                                                                                                      
Jonathon's monthly salary is Rs.8600                                                                                                                                                                    
Kimerely's monthly salary is Rs.7000                                                                                                                                                                    
Jennifer's monthly salary is Rs.4400                                                                                                                                                                    
Michael's monthly salary is Rs.13000                                                                                                                                                                    
Pat's monthly salary is Rs.6000                                                                                                                                                                         
Shelley's monthly salary is Rs.12000                                                                                                                                                                    
William's monthly salary is Rs.8300                                                                                                                                                                     

20 rows selected.

SQL> SELECT FIRST_NAME || Q']'s monthly salary is Rs.[' || SALARY FROM EMPLOYEES;
ERROR:
ORA-01756: quoted string not properly terminated 


SQL> SELECT FIRST_NAME || Q'['s monthly salary is Rs.[' || SALARY FROM EMPLOYEES;
ERROR:
ORA-01756: quoted string not properly terminated 


SQL> SELECT FIRST_NAME || Q'['s monthly salary is Rs.)' || SALARY FROM EMPLOYEES;
ERROR:
ORA-01756: quoted string not properly terminated 


SQL> REM DISTINCT/UNIQUE
SQL> 
SQL> SELECT DEPARTMENT_ID FROM EMPLOYEES;

DEPARTMENT_ID                                                                                                                                                                                           
-------------                                                                                                                                                                                           
           90                                                                                                                                                                                           
           90                                                                                                                                                                                           
           90                                                                                                                                                                                           
           60                                                                                                                                                                                           
           60                                                                                                                                                                                           
           60                                                                                                                                                                                           
           50                                                                                                                                                                                           
           50                                                                                                                                                                                           
           50                                                                                                                                                                                           
           50                                                                                                                                                                                           
           50                                                                                                                                                                                           
           80                                                                                                                                                                                           
           80                                                                                                                                                                                           
           80                                                                                                                                                                                           
                                                                                                                                                                                                        
           10                                                                                                                                                                                           
           20                                                                                                                                                                                           
           20                                                                                                                                                                                           
          110                                                                                                                                                                                           
          110                                                                                                                                                                                           

20 rows selected.

SQL> SELECT ALL DEPARTMENT_ID FROM EMPLOYEES;

DEPARTMENT_ID                                                                                                                                                                                           
-------------                                                                                                                                                                                           
           90                                                                                                                                                                                           
           90                                                                                                                                                                                           
           90                                                                                                                                                                                           
           60                                                                                                                                                                                           
           60                                                                                                                                                                                           
           60                                                                                                                                                                                           
           50                                                                                                                                                                                           
           50                                                                                                                                                                                           
           50                                                                                                                                                                                           
           50                                                                                                                                                                                           
           50                                                                                                                                                                                           
           80                                                                                                                                                                                           
           80                                                                                                                                                                                           
           80                                                                                                                                                                                           
                                                                                                                                                                                                        
           10                                                                                                                                                                                           
           20                                                                                                                                                                                           
           20                                                                                                                                                                                           
          110                                                                                                                                                                                           
          110                                                                                                                                                                                           

20 rows selected.

SQL> REM ALL : IS DEFAULT, IT SHOWS ALL DATA INCLUDING DUPLICATES
SQL> 
SQL> REM DISTINCT/UNIQUE : IT SHOWS DATA EXCLUDING DUPLICATES
SQL> 
SQL> SELECT DISTINCT DEPARTMENT_ID FROM EMPLOYEES;

DEPARTMENT_ID                                                                                                                                                                                           
-------------                                                                                                                                                                                           
                                                                                                                                                                                                        
           90                                                                                                                                                                                           
           20                                                                                                                                                                                           
          110                                                                                                                                                                                           
           50                                                                                                                                                                                           
           80                                                                                                                                                                                           
           60                                                                                                                                                                                           
           10                                                                                                                                                                                           

8 rows selected.

SQL> SELECT UNIQUE DEPARTMENT_ID FROM EMPLOYEES;

DEPARTMENT_ID                                                                                                                                                                                           
-------------                                                                                                                                                                                           
                                                                                                                                                                                                        
           90                                                                                                                                                                                           
           20                                                                                                                                                                                           
          110                                                                                                                                                                                           
           50                                                                                                                                                                                           
           80                                                                                                                                                                                           
           60                                                                                                                                                                                           
           10                                                                                                                                                                                           

8 rows selected.

SQL> SELECT JOB_ID FROM EMPLOYEES;

JOB_ID                                                                                                                                                                                                  
----------                                                                                                                                                                                              
AD_PRES                                                                                                                                                                                                 
AD_VP                                                                                                                                                                                                   
AD_VP                                                                                                                                                                                                   
IT_PROG                                                                                                                                                                                                 
IT_PROG                                                                                                                                                                                                 
IT_PROG                                                                                                                                                                                                 
ST_MAN                                                                                                                                                                                                  
ST_CLERK                                                                                                                                                                                                
ST_CLERK                                                                                                                                                                                                
ST_CLERK                                                                                                                                                                                                
ST_CLERK                                                                                                                                                                                                
SA_MAN                                                                                                                                                                                                  
SA_REP                                                                                                                                                                                                  
SA_REP                                                                                                                                                                                                  
SA_REP                                                                                                                                                                                                  
AD_ASST                                                                                                                                                                                                 
MK_MAN                                                                                                                                                                                                  
MK_REP                                                                                                                                                                                                  
AC_MGR                                                                                                                                                                                                  
AC_ACCOUNT                                                                                                                                                                                              

20 rows selected.

SQL> SELECT UNIQUE JOB_ID FROM EMPLOYEES;

JOB_ID                                                                                                                                                                                                  
----------                                                                                                                                                                                              
IT_PROG                                                                                                                                                                                                 
AC_MGR                                                                                                                                                                                                  
AC_ACCOUNT                                                                                                                                                                                              
ST_MAN                                                                                                                                                                                                  
AD_ASST                                                                                                                                                                                                 
AD_VP                                                                                                                                                                                                   
SA_MAN                                                                                                                                                                                                  
MK_MAN                                                                                                                                                                                                  
AD_PRES                                                                                                                                                                                                 
SA_REP                                                                                                                                                                                                  
MK_REP                                                                                                                                                                                                  
ST_CLERK                                                                                                                                                                                                

12 rows selected.

SQL> SELECT MANAGER_ID FROM EMPLOYEES;

MANAGER_ID                                                                                                                                                                                              
----------                                                                                                                                                                                              
                                                                                                                                                                                                        
       100                                                                                                                                                                                              
       100                                                                                                                                                                                              
       102                                                                                                                                                                                              
       103                                                                                                                                                                                              
       103                                                                                                                                                                                              
       100                                                                                                                                                                                              
       124                                                                                                                                                                                              
       124                                                                                                                                                                                              
       124                                                                                                                                                                                              
       124                                                                                                                                                                                              
       100                                                                                                                                                                                              
       149                                                                                                                                                                                              
       149                                                                                                                                                                                              
       149                                                                                                                                                                                              
       101                                                                                                                                                                                              
       100                                                                                                                                                                                              
       201                                                                                                                                                                                              
       101                                                                                                                                                                                              
       205                                                                                                                                                                                              

20 rows selected.

SQL> SELECT MANAGER_ID FROM EMPLOYEES ORDER BY 1;

MANAGER_ID                                                                                                                                                                                              
----------                                                                                                                                                                                              
       100                                                                                                                                                                                              
       100                                                                                                                                                                                              
       100                                                                                                                                                                                              
       100                                                                                                                                                                                              
       100                                                                                                                                                                                              
       101                                                                                                                                                                                              
       101                                                                                                                                                                                              
       102                                                                                                                                                                                              
       103                                                                                                                                                                                              
       103                                                                                                                                                                                              
       124                                                                                                                                                                                              
       124                                                                                                                                                                                              
       124                                                                                                                                                                                              
       124                                                                                                                                                                                              
       149                                                                                                                                                                                              
       149                                                                                                                                                                                              
       149                                                                                                                                                                                              
       201                                                                                                                                                                                              
       205                                                                                                                                                                                              
                                                                                                                                                                                                        

20 rows selected.

SQL> SELECT DISTINCT MANAGER_ID FROM EMPLOYEES ORDER BY 1;

MANAGER_ID                                                                                                                                                                                              
----------                                                                                                                                                                                              
       100                                                                                                                                                                                              
       101                                                                                                                                                                                              
       102                                                                                                                                                                                              
       103                                                                                                                                                                                              
       124                                                                                                                                                                                              
       149                                                                                                                                                                                              
       201                                                                                                                                                                                              
       205                                                                                                                                                                                              
                                                                                                                                                                                                        

9 rows selected.

SQL> REM DISTINCT / UNIQUE MUST BE PLACED JUST AFTER SELECT KEY WORD
SQL> 
SQL> REM WE CAN WRITE DISTINCT / UNIQUE SINGLE TIME ONLY
SQL> 
SQL> SELECT DEPARTMENT_ID , MANAGER_ID FROM EMPLOYEES ORDER BY 1,2;

DEPARTMENT_ID MANAGER_ID                                                                                                                                                                                
------------- ----------                                                                                                                                                                                
           10        101                                                                                                                                                                                
           20        100                                                                                                                                                                                
           20        201                                                                                                                                                                                
           50        100                                                                                                                                                                                
           50        124                                                                                                                                                                                
           50        124                                                                                                                                                                                
           50        124                                                                                                                                                                                
           50        124                                                                                                                                                                                
           60        102                                                                                                                                                                                
           60        103                                                                                                                                                                                
           60        103                                                                                                                                                                                
           80        100                                                                                                                                                                                
           80        149                                                                                                                                                                                
           80        149                                                                                                                                                                                
           90        100                                                                                                                                                                                
           90        100                                                                                                                                                                                
           90                                                                                                                                                                                           
          110        101                                                                                                                                                                                
          110        205                                                                                                                                                                                
                     149                                                                                                                                                                                

20 rows selected.

SQL> SELECT DISTINCT DEPARTMENT_ID , UNIQUE MANAGER_ID FROM EMPLOYEES ORDER BY 1,2;
SELECT DISTINCT DEPARTMENT_ID , UNIQUE MANAGER_ID FROM EMPLOYEES ORDER BY 1,2
                                *
ERROR at line 1:
ORA-00936: missing expression 


SQL> SELECT DISTINCT DEPARTMENT_ID , DISTINCT MANAGER_ID FROM EMPLOYEES ORDER BY 1,2;
SELECT DISTINCT DEPARTMENT_ID , DISTINCT MANAGER_ID FROM EMPLOYEES ORDER BY 1,2
                                *
ERROR at line 1:
ORA-00936: missing expression 


SQL> SELECT DEPARTMENT_ID , DISTINCT MANAGER_ID FROM EMPLOYEES ORDER BY 1,2;
SELECT DEPARTMENT_ID , DISTINCT MANAGER_ID FROM EMPLOYEES ORDER BY 1,2
                       *
ERROR at line 1:
ORA-00936: missing expression 


SQL> SELECT DEPARTMENT_ID , MANAGER_ID FROM EMPLOYEES ORDER BY 1,2;

DEPARTMENT_ID MANAGER_ID                                                                                                                                                                                
------------- ----------                                                                                                                                                                                
           10        101                                                                                                                                                                                
           20        100                                                                                                                                                                                
           20        201                                                                                                                                                                                
           50        100                                                                                                                                                                                
           50        124                                                                                                                                                                                
           50        124                                                                                                                                                                                
           50        124                                                                                                                                                                                
           50        124                                                                                                                                                                                
           60        102                                                                                                                                                                                
           60        103                                                                                                                                                                                
           60        103                                                                                                                                                                                
           80        100                                                                                                                                                                                
           80        149                                                                                                                                                                                
           80        149                                                                                                                                                                                
           90        100                                                                                                                                                                                
           90        100                                                                                                                                                                                
           90                                                                                                                                                                                           
          110        101                                                                                                                                                                                
          110        205                                                                                                                                                                                
                     149                                                                                                                                                                                

20 rows selected.

SQL> SELECT DISTINCT DEPARTMENT_ID , MANAGER_ID FROM EMPLOYEES ORDER BY 1,2;

DEPARTMENT_ID MANAGER_ID                                                                                                                                                                                
------------- ----------                                                                                                                                                                                
           10        101                                                                                                                                                                                
           20        100                                                                                                                                                                                
           20        201                                                                                                                                                                                
           50        100                                                                                                                                                                                
           50        124                                                                                                                                                                                
           60        102                                                                                                                                                                                
           60        103                                                                                                                                                                                
           80        100                                                                                                                                                                                
           80        149                                                                                                                                                                                
           90        100                                                                                                                                                                                
           90                                                                                                                                                                                           
          110        101                                                                                                                                                                                
          110        205                                                                                                                                                                                
                     149                                                                                                                                                                                

14 rows selected.

SQL> SELECT JOB_ID , MANAGER_ID , DEPARTMENT_ID FROM EMPLOYEES ORDER BY 1,2,3;

JOB_ID     MANAGER_ID DEPARTMENT_ID                                                                                                                                                                     
---------- ---------- -------------                                                                                                                                                                     
AC_ACCOUNT        205           110                                                                                                                                                                     
AC_MGR            101           110                                                                                                                                                                     
AD_ASST           101            10                                                                                                                                                                     
AD_PRES                          90                                                                                                                                                                     
AD_VP             100            90                                                                                                                                                                     
AD_VP             100            90                                                                                                                                                                     
IT_PROG           102            60                                                                                                                                                                     
IT_PROG           103            60                                                                                                                                                                     
IT_PROG           103            60                                                                                                                                                                     
MK_MAN            100            20                                                                                                                                                                     
MK_REP            201            20                                                                                                                                                                     
SA_MAN            100            80                                                                                                                                                                     
SA_REP            149            80                                                                                                                                                                     
SA_REP            149            80                                                                                                                                                                     
SA_REP            149                                                                                                                                                                                   
ST_CLERK          124            50                                                                                                                                                                     
ST_CLERK          124            50                                                                                                                                                                     
ST_CLERK          124            50                                                                                                                                                                     
ST_CLERK          124            50                                                                                                                                                                     
ST_MAN            100            50                                                                                                                                                                     

20 rows selected.

SQL> SELECT UNIQUE JOB_ID , MANAGER_ID , DEPARTMENT_ID FROM EMPLOYEES ORDER BY 1,2,3;

JOB_ID     MANAGER_ID DEPARTMENT_ID                                                                                                                                                                     
---------- ---------- -------------                                                                                                                                                                     
AC_ACCOUNT        205           110                                                                                                                                                                     
AC_MGR            101           110                                                                                                                                                                     
AD_ASST           101            10                                                                                                                                                                     
AD_PRES                          90                                                                                                                                                                     
AD_VP             100            90                                                                                                                                                                     
IT_PROG           102            60                                                                                                                                                                     
IT_PROG           103            60                                                                                                                                                                     
MK_MAN            100            20                                                                                                                                                                     
MK_REP            201            20                                                                                                                                                                     
SA_MAN            100            80                                                                                                                                                                     
SA_REP            149            80                                                                                                                                                                     
SA_REP            149                                                                                                                                                                                   
ST_CLERK          124            50                                                                                                                                                                     
ST_MAN            100            50                                                                                                                                                                     

14 rows selected.

SQL> REM NVL
SQL> 
SQL> SELECT FIRST_NAME , SALARY , COMMISSION_PCT FROM EMPLOYEES;

FIRST_NAME          SALARY COMMISSION_PCT                                                                                                                                                               
--------------- ---------- --------------                                                                                                                                                               
Steven               24000                                                                                                                                                                              
Neena                17000                                                                                                                                                                              
Lex                  17000                                                                                                                                                                              
Alexander             9000                                                                                                                                                                              
Bruce                 6000                                                                                                                                                                              
Diana                 4200                                                                                                                                                                              
Kevin                 5800                                                                                                                                                                              
Trenna                3500                                                                                                                                                                              
Curtis                3100                                                                                                                                                                              
Randall               2600                                                                                                                                                                              
Peter                 2500                                                                                                                                                                              
Eleni                10500             .2                                                                                                                                                               
Ellen                11000             .3                                                                                                                                                               
Jonathon              8600             .3                                                                                                                                                               
Kimerely              7000            .15                                                                                                                                                               
Jennifer              4400                                                                                                                                                                              
Michael              13000                                                                                                                                                                              
Pat                   6000                                                                                                                                                                              
Shelley              12000                                                                                                                                                                              
William               8300                                                                                                                                                                              

20 rows selected.

SQL> REM COMM_AMOUNT = SALARY * COMMISSION_PCT
SQL> 
SQL> SELECT FIRST_NAME , SALARY , COMMISSION_PCT , SALARY * COMMISSION_PCT COMM_AMOUNT FROM EMPLOYEES;

FIRST_NAME          SALARY COMMISSION_PCT COMM_AMOUNT                                                                                                                                                   
--------------- ---------- -------------- -----------                                                                                                                                                   
Steven               24000                                                                                                                                                                              
Neena                17000                                                                                                                                                                              
Lex                  17000                                                                                                                                                                              
Alexander             9000                                                                                                                                                                              
Bruce                 6000                                                                                                                                                                              
Diana                 4200                                                                                                                                                                              
Kevin                 5800                                                                                                                                                                              
Trenna                3500                                                                                                                                                                              
Curtis                3100                                                                                                                                                                              
Randall               2600                                                                                                                                                                              
Peter                 2500                                                                                                                                                                              
Eleni                10500             .2        2100                                                                                                                                                   
Ellen                11000             .3        3300                                                                                                                                                   
Jonathon              8600             .3        2580                                                                                                                                                   
Kimerely              7000            .15        1050                                                                                                                                                   
Jennifer              4400                                                                                                                                                                              
Michael              13000                                                                                                                                                                              
Pat                   6000                                                                                                                                                                              
Shelley              12000                                                                                                                                                                              
William               8300                                                                                                                                                                              

20 rows selected.

SQL> REM ANY ARITHMATIC CALCULATION WITH NULL ALWAYS RESULTS INTO NULL.
SQL> 
SQL> 
SQL> SELECT 5 + NULL FROM DUAL;

    5+NULL                                                                                                                                                                                              
----------                                                                                                                                                                                              
                                                                                                                                                                                                        

SQL> SELECT 5 - NULL FROM DUAL;

    5-NULL                                                                                                                                                                                              
----------                                                                                                                                                                                              
                                                                                                                                                                                                        

SQL> SELECT 5 * NULL FROM DUAL;

    5*NULL                                                                                                                                                                                              
----------                                                                                                                                                                                              
                                                                                                                                                                                                        

SQL> SELECT 5 / NULL FROM DUAL;

    5/NULL                                                                                                                                                                                              
----------                                                                                                                                                                                              
                                                                                                                                                                                                        

SQL> SELECT POWER(5,NULL) FROM DUAL;

POWER(5,NULL)                                                                                                                                                                                           
-------------                                                                                                                                                                                           
                                                                                                                                                                                                        

SQL> SELECT 5 || NULL FROM DUAL;

5                                                                                                                                                                                                       
-                                                                                                                                                                                                       
5                                                                                                                                                                                                       

SQL> SELECT FIRST_NAME , SALARY , COMMISSION_PCT , SALARY * COMMISSION_PCT COMM_AMOUNT , SALARY + COMM_AMOUNT FROM EMPLOYEES;
SELECT FIRST_NAME , SALARY , COMMISSION_PCT , SALARY * COMMISSION_PCT COMM_AMOUNT , SALARY + COMM_AMOUNT FROM EMPLOYEES
                                                                                             *
ERROR at line 1:
ORA-00904: "COMM_AMOUNT": invalid identifier 


SQL> SELECT FIRST_NAME , SALARY , COMMISSION_PCT , SALARY * COMMISSION_PCT COMM_AMOUNT , SALARY + SALARY * COMMISSION_PCT TOTAL_PAYMENT FROM EMPLOYEES;

FIRST_NAME          SALARY COMMISSION_PCT COMM_AMOUNT TOTAL_PAYMENT                                                                                                                                     
--------------- ---------- -------------- ----------- -------------                                                                                                                                     
Steven               24000                                                                                                                                                                              
Neena                17000                                                                                                                                                                              
Lex                  17000                                                                                                                                                                              
Alexander             9000                                                                                                                                                                              
Bruce                 6000                                                                                                                                                                              
Diana                 4200                                                                                                                                                                              
Kevin                 5800                                                                                                                                                                              
Trenna                3500                                                                                                                                                                              
Curtis                3100                                                                                                                                                                              
Randall               2600                                                                                                                                                                              
Peter                 2500                                                                                                                                                                              
Eleni                10500             .2        2100         12600                                                                                                                                     
Ellen                11000             .3        3300         14300                                                                                                                                     
Jonathon              8600             .3        2580         11180                                                                                                                                     
Kimerely              7000            .15        1050          8050                                                                                                                                     
Jennifer              4400                                                                                                                                                                              
Michael              13000                                                                                                                                                                              
Pat                   6000                                                                                                                                                                              
Shelley              12000                                                                                                                                                                              
William               8300                                                                                                                                                                              

20 rows selected.

SQL> REM NVL : IS USED TO REPLACE NULL VALUE WITH OTHER VALUE.
SQL> 
SQL> SELECT FIRST_NAME , SALARY , COMMISSION_PCT , SALARY * COMMISSION_PCT COMM_AMOUNT , SALARY + SALARY * NVL(COMMISSION_PCT,0) TOTAL_PAYMENT FROM EMPLOYEES;

FIRST_NAME          SALARY COMMISSION_PCT COMM_AMOUNT TOTAL_PAYMENT                                                                                                                                     
--------------- ---------- -------------- ----------- -------------                                                                                                                                     
Steven               24000                                    24000                                                                                                                                     
Neena                17000                                    17000                                                                                                                                     
Lex                  17000                                    17000                                                                                                                                     
Alexander             9000                                     9000                                                                                                                                     
Bruce                 6000                                     6000                                                                                                                                     
Diana                 4200                                     4200                                                                                                                                     
Kevin                 5800                                     5800                                                                                                                                     
Trenna                3500                                     3500                                                                                                                                     
Curtis                3100                                     3100                                                                                                                                     
Randall               2600                                     2600                                                                                                                                     
Peter                 2500                                     2500                                                                                                                                     
Eleni                10500             .2        2100         12600                                                                                                                                     
Ellen                11000             .3        3300         14300                                                                                                                                     
Jonathon              8600             .3        2580         11180                                                                                                                                     
Kimerely              7000            .15        1050          8050                                                                                                                                     
Jennifer              4400                                     4400                                                                                                                                     
Michael              13000                                    13000                                                                                                                                     
Pat                   6000                                     6000                                                                                                                                     
Shelley              12000                                    12000                                                                                                                                     
William               8300                                     8300                                                                                                                                     

20 rows selected.

SQL> SELECT FIRST_NAME , SALARY , NVL(COMMISSION_PCT,0) , SALARY * COMMISSION_PCT COMM_AMOUNT , SALARY + SALARY * NVL(COMMISSION_PCT,0) TOTAL_PAYMENT FROM EMPLOYEES;

FIRST_NAME          SALARY NVL(COMMISSION_PCT,0) COMM_AMOUNT TOTAL_PAYMENT                                                                                                                              
--------------- ---------- --------------------- ----------- -------------                                                                                                                              
Steven               24000                     0                     24000                                                                                                                              
Neena                17000                     0                     17000                                                                                                                              
Lex                  17000                     0                     17000                                                                                                                              
Alexander             9000                     0                      9000                                                                                                                              
Bruce                 6000                     0                      6000                                                                                                                              
Diana                 4200                     0                      4200                                                                                                                              
Kevin                 5800                     0                      5800                                                                                                                              
Trenna                3500                     0                      3500                                                                                                                              
Curtis                3100                     0                      3100                                                                                                                              
Randall               2600                     0                      2600                                                                                                                              
Peter                 2500                     0                      2500                                                                                                                              
Eleni                10500                    .2        2100         12600                                                                                                                              
Ellen                11000                    .3        3300         14300                                                                                                                              
Jonathon              8600                    .3        2580         11180                                                                                                                              
Kimerely              7000                   .15        1050          8050                                                                                                                              
Jennifer              4400                     0                      4400                                                                                                                              
Michael              13000                     0                     13000                                                                                                                              
Pat                   6000                     0                      6000                                                                                                                              
Shelley              12000                     0                     12000                                                                                                                              
William               8300                     0                      8300                                                                                                                              

20 rows selected.

SQL> REM ROWNUM , ROWID
SQL> 
SQL> SELECT * , ROWNUM FROM EMPLOYEES;
SELECT * , ROWNUM FROM EMPLOYEES
         *
ERROR at line 1:
ORA-00923: FROM keyword not found where expected 


SQL> REM * HAS TWO MEANINGS
SQL> 
SQL> REM IF WE USE ONLY * IN SELECT, IT IS USED AS META CHARACTER AND SO IT DISPLAYS ALL COLUMNS OF THE TABLE.
SQL> 
SQL> REM IF WE USE SOMETHING ELSE WITH * IN SELECT, IT IS USED AS MULTIPLICATION OPERATOR.
SQL> 
SQL> SELECT * FROM EMPLOYEES;

EMPLOYEE_ID FIRST_NAME      LAST_NAME       EMAIL      PHONE_NUMBER         HIRE_DATE JOB_ID         SALARY COMMISSION_PCT MANAGER_ID DEPARTMENT_ID                                                     
----------- --------------- --------------- ---------- -------------------- --------- ---------- ---------- -------------- ---------- -------------                                                     
        100 Steven          King            SKING      515.123.4567         17-JUL-87 AD_PRES         24000                                      90                                                     
        101 Neena           Kochhar         NKOCHHAR   515.123.4568         21-SEP-89 AD_VP           17000                       100            90                                                     
        102 Lex             De Haan         LDEHAAN    515.123.4569         13-JAN-93 AD_VP           17000                       100            90                                                     
        103 Alexander       Hunold          AHUNOLD    590.423.4567         03-JAN-90 IT_PROG          9000                       102            60                                                     
        104 Bruce           Ernst           BERNST     590.423.4568         21-MAY-91 IT_PROG          6000                       103            60                                                     
        107 Diana           Lorentz         DLORENTZ   590.423.5567         07-FEB-99 IT_PROG          4200                       103            60                                                     
        124 Kevin           Mourgos         KMOURGOS   650.123.5234         16-NOV-99 ST_MAN           5800                       100            50                                                     
        141 Trenna          Rajs            TRAJS      650.121.8009         17-OCT-95 ST_CLERK         3500                       124            50                                                     
        142 Curtis          Davies          CDAVIES    650.121.2994         29-JAN-97 ST_CLERK         3100                       124            50                                                     
        143 Randall         Matos           RMATOS     650.121.2874         15-MAR-98 ST_CLERK         2600                       124            50                                                     
        144 Peter           Vargas          PVARGAS    650.121.2004         09-JUL-98 ST_CLERK         2500                       124            50                                                     
        149 Eleni           Zlotkey         EZLOTKEY   011.44.1344.429018   29-JAN-00 SA_MAN          10500             .2        100            80                                                     
        174 Ellen           Abel            EABEL      011.44.1644.429267   11-MAY-96 SA_REP          11000             .3        149            80                                                     
        176 Jonathon        Taylor          JTAYLOR    011.44.1644.429265   24-MAR-98 SA_REP           8600             .3        149            80                                                     
        178 Kimerely        Grant           KGRANT     011.44.1644.429263   24-MAY-99 SA_REP           7000            .15        149                                                                   
        200 Jennifer        Whalen          JWHALEN    515.123.4444         17-SEP-87 AD_ASST          4400                       101            10                                                     
        201 Michael         Hartstein       MHARTSTE   515.123.5555         17-FEB-96 MK_MAN          13000                       100            20                                                     
        202 Pat             Fay             PFAY       603.123.6666         17-AUG-97 MK_REP           6000                       201            20                                                     
        205 Shelley         Higgins         SHIGGINS   515.123.8080         07-JUN-94 AC_MGR          12000                       101           110                                                     
        206 William         Gietz           WGIETZ     515.123.8181         07-JUN-94 AC_ACCOUNT       8300                       205           110                                                     

20 rows selected.

SQL> SELECT * , ROWNUM FROM EMPLOYEES;
SELECT * , ROWNUM FROM EMPLOYEES
         *
ERROR at line 1:
ORA-00923: FROM keyword not found where expected 


SQL> SELECT ROWNUM , * FROM EMPLOYEES;
SELECT ROWNUM , * FROM EMPLOYEES
                *
ERROR at line 1:
ORA-00936: missing expression 


SQL> SELECT * , SALARY * 12 YEARLY_SALARY FROM EMPLOYEES;
SELECT * , SALARY * 12 YEARLY_SALARY FROM EMPLOYEES
         *
ERROR at line 1:
ORA-00923: FROM keyword not found where expected 


SQL> REM WE CAN GUIDE ORACLE TO USE * AS META CHARACTER BY QUALIFYING IT.
SQL> 
SQL> REM WE CAN QUALIFY * IN TWO WAYS : 1 TABLENAME.* 2 TABLEALIAS.*
SQL> 
SQL> SELECT EMPLOYEES.* , SALARY * 12 YEARLY_SALARY FROM EMPLOYEES;

EMPLOYEE_ID FIRST_NAME      LAST_NAME       EMAIL      PHONE_NUMBER         HIRE_DATE JOB_ID         SALARY COMMISSION_PCT MANAGER_ID DEPARTMENT_ID YEARLY_SALARY                                       
----------- --------------- --------------- ---------- -------------------- --------- ---------- ---------- -------------- ---------- ------------- -------------                                       
        100 Steven          King            SKING      515.123.4567         17-JUL-87 AD_PRES         24000                                      90        288000                                       
        101 Neena           Kochhar         NKOCHHAR   515.123.4568         21-SEP-89 AD_VP           17000                       100            90        204000                                       
        102 Lex             De Haan         LDEHAAN    515.123.4569         13-JAN-93 AD_VP           17000                       100            90        204000                                       
        103 Alexander       Hunold          AHUNOLD    590.423.4567         03-JAN-90 IT_PROG          9000                       102            60        108000                                       
        104 Bruce           Ernst           BERNST     590.423.4568         21-MAY-91 IT_PROG          6000                       103            60         72000                                       
        107 Diana           Lorentz         DLORENTZ   590.423.5567         07-FEB-99 IT_PROG          4200                       103            60         50400                                       
        124 Kevin           Mourgos         KMOURGOS   650.123.5234         16-NOV-99 ST_MAN           5800                       100            50         69600                                       
        141 Trenna          Rajs            TRAJS      650.121.8009         17-OCT-95 ST_CLERK         3500                       124            50         42000                                       
        142 Curtis          Davies          CDAVIES    650.121.2994         29-JAN-97 ST_CLERK         3100                       124            50         37200                                       
        143 Randall         Matos           RMATOS     650.121.2874         15-MAR-98 ST_CLERK         2600                       124            50         31200                                       
        144 Peter           Vargas          PVARGAS    650.121.2004         09-JUL-98 ST_CLERK         2500                       124            50         30000                                       
        149 Eleni           Zlotkey         EZLOTKEY   011.44.1344.429018   29-JAN-00 SA_MAN          10500             .2        100            80        126000                                       
        174 Ellen           Abel            EABEL      011.44.1644.429267   11-MAY-96 SA_REP          11000             .3        149            80        132000                                       
        176 Jonathon        Taylor          JTAYLOR    011.44.1644.429265   24-MAR-98 SA_REP           8600             .3        149            80        103200                                       
        178 Kimerely        Grant           KGRANT     011.44.1644.429263   24-MAY-99 SA_REP           7000            .15        149                       84000                                       
        200 Jennifer        Whalen          JWHALEN    515.123.4444         17-SEP-87 AD_ASST          4400                       101            10         52800                                       
        201 Michael         Hartstein       MHARTSTE   515.123.5555         17-FEB-96 MK_MAN          13000                       100            20        156000                                       
        202 Pat             Fay             PFAY       603.123.6666         17-AUG-97 MK_REP           6000                       201            20         72000                                       
        205 Shelley         Higgins         SHIGGINS   515.123.8080         07-JUN-94 AC_MGR          12000                       101           110        144000                                       
        206 William         Gietz           WGIETZ     515.123.8181         07-JUN-94 AC_ACCOUNT       8300                       205           110         99600                                       

20 rows selected.

SQL> SELECT SALARY * 12 YEARLY_SALARY , EMPLOYEES,* FROM EMPLOYEES;
SELECT SALARY * 12 YEARLY_SALARY , EMPLOYEES,* FROM EMPLOYEES
                                             *
ERROR at line 1:
ORA-00936: missing expression 


SQL> SELECT SALARY * 12 YEARLY_SALARY , EMPLOYEES.* FROM EMPLOYEES;

YEARLY_SALARY EMPLOYEE_ID FIRST_NAME      LAST_NAME       EMAIL      PHONE_NUMBER         HIRE_DATE JOB_ID         SALARY COMMISSION_PCT MANAGER_ID DEPARTMENT_ID                                       
------------- ----------- --------------- --------------- ---------- -------------------- --------- ---------- ---------- -------------- ---------- -------------                                       
       288000         100 Steven          King            SKING      515.123.4567         17-JUL-87 AD_PRES         24000                                      90                                       
       204000         101 Neena           Kochhar         NKOCHHAR   515.123.4568         21-SEP-89 AD_VP           17000                       100            90                                       
       204000         102 Lex             De Haan         LDEHAAN    515.123.4569         13-JAN-93 AD_VP           17000                       100            90                                       
       108000         103 Alexander       Hunold          AHUNOLD    590.423.4567         03-JAN-90 IT_PROG          9000                       102            60                                       
        72000         104 Bruce           Ernst           BERNST     590.423.4568         21-MAY-91 IT_PROG          6000                       103            60                                       
        50400         107 Diana           Lorentz         DLORENTZ   590.423.5567         07-FEB-99 IT_PROG          4200                       103            60                                       
        69600         124 Kevin           Mourgos         KMOURGOS   650.123.5234         16-NOV-99 ST_MAN           5800                       100            50                                       
        42000         141 Trenna          Rajs            TRAJS      650.121.8009         17-OCT-95 ST_CLERK         3500                       124            50                                       
        37200         142 Curtis          Davies          CDAVIES    650.121.2994         29-JAN-97 ST_CLERK         3100                       124            50                                       
        31200         143 Randall         Matos           RMATOS     650.121.2874         15-MAR-98 ST_CLERK         2600                       124            50                                       
        30000         144 Peter           Vargas          PVARGAS    650.121.2004         09-JUL-98 ST_CLERK         2500                       124            50                                       
       126000         149 Eleni           Zlotkey         EZLOTKEY   011.44.1344.429018   29-JAN-00 SA_MAN          10500             .2        100            80                                       
       132000         174 Ellen           Abel            EABEL      011.44.1644.429267   11-MAY-96 SA_REP          11000             .3        149            80                                       
       103200         176 Jonathon        Taylor          JTAYLOR    011.44.1644.429265   24-MAR-98 SA_REP           8600             .3        149            80                                       
        84000         178 Kimerely        Grant           KGRANT     011.44.1644.429263   24-MAY-99 SA_REP           7000            .15        149                                                     
        52800         200 Jennifer        Whalen          JWHALEN    515.123.4444         17-SEP-87 AD_ASST          4400                       101            10                                       
       156000         201 Michael         Hartstein       MHARTSTE   515.123.5555         17-FEB-96 MK_MAN          13000                       100            20                                       
        72000         202 Pat             Fay             PFAY       603.123.6666         17-AUG-97 MK_REP           6000                       201            20                                       
       144000         205 Shelley         Higgins         SHIGGINS   515.123.8080         07-JUN-94 AC_MGR          12000                       101           110                                       
        99600         206 William         Gietz           WGIETZ     515.123.8181         07-JUN-94 AC_ACCOUNT       8300                       205           110                                       

20 rows selected.

SQL> SELECT FIRST_NAME , HIRE_DATE JOINDATE FROM EMPLOYEES;

FIRST_NAME      JOINDATE                                                                                                                                                                                
--------------- ---------                                                                                                                                                                               
Steven          17-JUL-87                                                                                                                                                                               
Neena           21-SEP-89                                                                                                                                                                               
Lex             13-JAN-93                                                                                                                                                                               
Alexander       03-JAN-90                                                                                                                                                                               
Bruce           21-MAY-91                                                                                                                                                                               
Diana           07-FEB-99                                                                                                                                                                               
Kevin           16-NOV-99                                                                                                                                                                               
Trenna          17-OCT-95                                                                                                                                                                               
Curtis          29-JAN-97                                                                                                                                                                               
Randall         15-MAR-98                                                                                                                                                                               
Peter           09-JUL-98                                                                                                                                                                               
Eleni           29-JAN-00                                                                                                                                                                               
Ellen           11-MAY-96                                                                                                                                                                               
Jonathon        24-MAR-98                                                                                                                                                                               
Kimerely        24-MAY-99                                                                                                                                                                               
Jennifer        17-SEP-87                                                                                                                                                                               
Michael         17-FEB-96                                                                                                                                                                               
Pat             17-AUG-97                                                                                                                                                                               
Shelley         07-JUN-94                                                                                                                                                                               
William         07-JUN-94                                                                                                                                                                               

20 rows selected.

SQL> SELECT SALARY * 12 YEARLY_SALARY , E.* FROM EMPLOYEES E;

YEARLY_SALARY EMPLOYEE_ID FIRST_NAME      LAST_NAME       EMAIL      PHONE_NUMBER         HIRE_DATE JOB_ID         SALARY COMMISSION_PCT MANAGER_ID DEPARTMENT_ID                                       
------------- ----------- --------------- --------------- ---------- -------------------- --------- ---------- ---------- -------------- ---------- -------------                                       
       288000         100 Steven          King            SKING      515.123.4567         17-JUL-87 AD_PRES         24000                                      90                                       
       204000         101 Neena           Kochhar         NKOCHHAR   515.123.4568         21-SEP-89 AD_VP           17000                       100            90                                       
       204000         102 Lex             De Haan         LDEHAAN    515.123.4569         13-JAN-93 AD_VP           17000                       100            90                                       
       108000         103 Alexander       Hunold          AHUNOLD    590.423.4567         03-JAN-90 IT_PROG          9000                       102            60                                       
        72000         104 Bruce           Ernst           BERNST     590.423.4568         21-MAY-91 IT_PROG          6000                       103            60                                       
        50400         107 Diana           Lorentz         DLORENTZ   590.423.5567         07-FEB-99 IT_PROG          4200                       103            60                                       
        69600         124 Kevin           Mourgos         KMOURGOS   650.123.5234         16-NOV-99 ST_MAN           5800                       100            50                                       
        42000         141 Trenna          Rajs            TRAJS      650.121.8009         17-OCT-95 ST_CLERK         3500                       124            50                                       
        37200         142 Curtis          Davies          CDAVIES    650.121.2994         29-JAN-97 ST_CLERK         3100                       124            50                                       
        31200         143 Randall         Matos           RMATOS     650.121.2874         15-MAR-98 ST_CLERK         2600                       124            50                                       
        30000         144 Peter           Vargas          PVARGAS    650.121.2004         09-JUL-98 ST_CLERK         2500                       124            50                                       
       126000         149 Eleni           Zlotkey         EZLOTKEY   011.44.1344.429018   29-JAN-00 SA_MAN          10500             .2        100            80                                       
       132000         174 Ellen           Abel            EABEL      011.44.1644.429267   11-MAY-96 SA_REP          11000             .3        149            80                                       
       103200         176 Jonathon        Taylor          JTAYLOR    011.44.1644.429265   24-MAR-98 SA_REP           8600             .3        149            80                                       
        84000         178 Kimerely        Grant           KGRANT     011.44.1644.429263   24-MAY-99 SA_REP           7000            .15        149                                                     
        52800         200 Jennifer        Whalen          JWHALEN    515.123.4444         17-SEP-87 AD_ASST          4400                       101            10                                       
       156000         201 Michael         Hartstein       MHARTSTE   515.123.5555         17-FEB-96 MK_MAN          13000                       100            20                                       
        72000         202 Pat             Fay             PFAY       603.123.6666         17-AUG-97 MK_REP           6000                       201            20                                       
       144000         205 Shelley         Higgins         SHIGGINS   515.123.8080         07-JUN-94 AC_MGR          12000                       101           110                                       
        99600         206 William         Gietz           WGIETZ     515.123.8181         07-JUN-94 AC_ACCOUNT       8300                       205           110                                       

20 rows selected.

SQL> 
SQL> SELECT * FROM REGIONS;

 REGION_ID REGION_NAME                                                                                                                                                                                  
---------- -------------------------                                                                                                                                                                    
         1 Europe                                                                                                                                                                                       
         2 Americas                                                                                                                                                                                     
         3 Asia                                                                                                                                                                                         
         4 Middle East and Africa                                                                                                                                                                       

SQL> SELECT * FROM EMPLOYEES;

EMPLOYEE_ID FIRST_NAME      LAST_NAME       EMAIL      PHONE_NUMBER         HIRE_DATE JOB_ID         SALARY COMMISSION_PCT MANAGER_ID DEPARTMENT_ID                                                     
----------- --------------- --------------- ---------- -------------------- --------- ---------- ---------- -------------- ---------- -------------                                                     
        100 Steven          King            SKING      515.123.4567         17-JUL-87 AD_PRES         24000                                      90                                                     
        101 Neena           Kochhar         NKOCHHAR   515.123.4568         21-SEP-89 AD_VP           17000                       100            90                                                     
        102 Lex             De Haan         LDEHAAN    515.123.4569         13-JAN-93 AD_VP           17000                       100            90                                                     
        103 Alexander       Hunold          AHUNOLD    590.423.4567         03-JAN-90 IT_PROG          9000                       102            60                                                     
        104 Bruce           Ernst           BERNST     590.423.4568         21-MAY-91 IT_PROG          6000                       103            60                                                     
        107 Diana           Lorentz         DLORENTZ   590.423.5567         07-FEB-99 IT_PROG          4200                       103            60                                                     
        124 Kevin           Mourgos         KMOURGOS   650.123.5234         16-NOV-99 ST_MAN           5800                       100            50                                                     
        141 Trenna          Rajs            TRAJS      650.121.8009         17-OCT-95 ST_CLERK         3500                       124            50                                                     
        142 Curtis          Davies          CDAVIES    650.121.2994         29-JAN-97 ST_CLERK         3100                       124            50                                                     
        143 Randall         Matos           RMATOS     650.121.2874         15-MAR-98 ST_CLERK         2600                       124            50                                                     
        144 Peter           Vargas          PVARGAS    650.121.2004         09-JUL-98 ST_CLERK         2500                       124            50                                                     
        149 Eleni           Zlotkey         EZLOTKEY   011.44.1344.429018   29-JAN-00 SA_MAN          10500             .2        100            80                                                     
        174 Ellen           Abel            EABEL      011.44.1644.429267   11-MAY-96 SA_REP          11000             .3        149            80                                                     
        176 Jonathon        Taylor          JTAYLOR    011.44.1644.429265   24-MAR-98 SA_REP           8600             .3        149            80                                                     
        178 Kimerely        Grant           KGRANT     011.44.1644.429263   24-MAY-99 SA_REP           7000            .15        149                                                                   
        200 Jennifer        Whalen          JWHALEN    515.123.4444         17-SEP-87 AD_ASST          4400                       101            10                                                     
        201 Michael         Hartstein       MHARTSTE   515.123.5555         17-FEB-96 MK_MAN          13000                       100            20                                                     
        202 Pat             Fay             PFAY       603.123.6666         17-AUG-97 MK_REP           6000                       201            20                                                     
        205 Shelley         Higgins         SHIGGINS   515.123.8080         07-JUN-94 AC_MGR          12000                       101           110                                                     
        206 William         Gietz           WGIETZ     515.123.8181         07-JUN-94 AC_ACCOUNT       8300                       205           110                                                     

20 rows selected.

SQL> SELECT ROWNUM , * FROM EMPLOYEES;
SELECT ROWNUM , * FROM EMPLOYEES
                *
ERROR at line 1:
ORA-00936: missing expression 


SQL> SELECT ROWNUM , EMPLOYEES.* FROM EMPLOYEES;

    ROWNUM EMPLOYEE_ID FIRST_NAME      LAST_NAME       EMAIL      PHONE_NUMBER         HIRE_DATE JOB_ID         SALARY COMMISSION_PCT MANAGER_ID DEPARTMENT_ID                                          
---------- ----------- --------------- --------------- ---------- -------------------- --------- ---------- ---------- -------------- ---------- -------------                                          
         1         100 Steven          King            SKING      515.123.4567         17-JUL-87 AD_PRES         24000                                      90                                          
         2         101 Neena           Kochhar         NKOCHHAR   515.123.4568         21-SEP-89 AD_VP           17000                       100            90                                          
         3         102 Lex             De Haan         LDEHAAN    515.123.4569         13-JAN-93 AD_VP           17000                       100            90                                          
         4         103 Alexander       Hunold          AHUNOLD    590.423.4567         03-JAN-90 IT_PROG          9000                       102            60                                          
         5         104 Bruce           Ernst           BERNST     590.423.4568         21-MAY-91 IT_PROG          6000                       103            60                                          
         6         107 Diana           Lorentz         DLORENTZ   590.423.5567         07-FEB-99 IT_PROG          4200                       103            60                                          
         7         124 Kevin           Mourgos         KMOURGOS   650.123.5234         16-NOV-99 ST_MAN           5800                       100            50                                          
         8         141 Trenna          Rajs            TRAJS      650.121.8009         17-OCT-95 ST_CLERK         3500                       124            50                                          
         9         142 Curtis          Davies          CDAVIES    650.121.2994         29-JAN-97 ST_CLERK         3100                       124            50                                          
        10         143 Randall         Matos           RMATOS     650.121.2874         15-MAR-98 ST_CLERK         2600                       124            50                                          
        11         144 Peter           Vargas          PVARGAS    650.121.2004         09-JUL-98 ST_CLERK         2500                       124            50                                          
        12         149 Eleni           Zlotkey         EZLOTKEY   011.44.1344.429018   29-JAN-00 SA_MAN          10500             .2        100            80                                          
        13         174 Ellen           Abel            EABEL      011.44.1644.429267   11-MAY-96 SA_REP          11000             .3        149            80                                          
        14         176 Jonathon        Taylor          JTAYLOR    011.44.1644.429265   24-MAR-98 SA_REP           8600             .3        149            80                                          
        15         178 Kimerely        Grant           KGRANT     011.44.1644.429263   24-MAY-99 SA_REP           7000            .15        149                                                        
        16         200 Jennifer        Whalen          JWHALEN    515.123.4444         17-SEP-87 AD_ASST          4400                       101            10                                          
        17         201 Michael         Hartstein       MHARTSTE   515.123.5555         17-FEB-96 MK_MAN          13000                       100            20                                          
        18         202 Pat             Fay             PFAY       603.123.6666         17-AUG-97 MK_REP           6000                       201            20                                          
        19         205 Shelley         Higgins         SHIGGINS   515.123.8080         07-JUN-94 AC_MGR          12000                       101           110                                          
        20         206 William         Gietz           WGIETZ     515.123.8181         07-JUN-94 AC_ACCOUNT       8300                       205           110                                          

20 rows selected.

SQL> SELECT ROWNUM , E.* FROM EMPLOYEES E;

    ROWNUM EMPLOYEE_ID FIRST_NAME      LAST_NAME       EMAIL      PHONE_NUMBER         HIRE_DATE JOB_ID         SALARY COMMISSION_PCT MANAGER_ID DEPARTMENT_ID                                          
---------- ----------- --------------- --------------- ---------- -------------------- --------- ---------- ---------- -------------- ---------- -------------                                          
         1         100 Steven          King            SKING      515.123.4567         17-JUL-87 AD_PRES         24000                                      90                                          
         2         101 Neena           Kochhar         NKOCHHAR   515.123.4568         21-SEP-89 AD_VP           17000                       100            90                                          
         3         102 Lex             De Haan         LDEHAAN    515.123.4569         13-JAN-93 AD_VP           17000                       100            90                                          
         4         103 Alexander       Hunold          AHUNOLD    590.423.4567         03-JAN-90 IT_PROG          9000                       102            60                                          
         5         104 Bruce           Ernst           BERNST     590.423.4568         21-MAY-91 IT_PROG          6000                       103            60                                          
         6         107 Diana           Lorentz         DLORENTZ   590.423.5567         07-FEB-99 IT_PROG          4200                       103            60                                          
         7         124 Kevin           Mourgos         KMOURGOS   650.123.5234         16-NOV-99 ST_MAN           5800                       100            50                                          
         8         141 Trenna          Rajs            TRAJS      650.121.8009         17-OCT-95 ST_CLERK         3500                       124            50                                          
         9         142 Curtis          Davies          CDAVIES    650.121.2994         29-JAN-97 ST_CLERK         3100                       124            50                                          
        10         143 Randall         Matos           RMATOS     650.121.2874         15-MAR-98 ST_CLERK         2600                       124            50                                          
        11         144 Peter           Vargas          PVARGAS    650.121.2004         09-JUL-98 ST_CLERK         2500                       124            50                                          
        12         149 Eleni           Zlotkey         EZLOTKEY   011.44.1344.429018   29-JAN-00 SA_MAN          10500             .2        100            80                                          
        13         174 Ellen           Abel            EABEL      011.44.1644.429267   11-MAY-96 SA_REP          11000             .3        149            80                                          
        14         176 Jonathon        Taylor          JTAYLOR    011.44.1644.429265   24-MAR-98 SA_REP           8600             .3        149            80                                          
        15         178 Kimerely        Grant           KGRANT     011.44.1644.429263   24-MAY-99 SA_REP           7000            .15        149                                                        
        16         200 Jennifer        Whalen          JWHALEN    515.123.4444         17-SEP-87 AD_ASST          4400                       101            10                                          
        17         201 Michael         Hartstein       MHARTSTE   515.123.5555         17-FEB-96 MK_MAN          13000                       100            20                                          
        18         202 Pat             Fay             PFAY       603.123.6666         17-AUG-97 MK_REP           6000                       201            20                                          
        19         205 Shelley         Higgins         SHIGGINS   515.123.8080         07-JUN-94 AC_MGR          12000                       101           110                                          
        20         206 William         Gietz           WGIETZ     515.123.8181         07-JUN-94 AC_ACCOUNT       8300                       205           110                                          

20 rows selected.

SQL> SELECT ROWNUM , EMPLOYEES.* FROM EMPLOYEES E;
SELECT ROWNUM , EMPLOYEES.* FROM EMPLOYEES E
                          *
ERROR at line 1:
ORA-00904: "EMPLOYEES": invalid identifier 


SQL> REM COMMENT
SQL> 
SQL> REM COMMAND
SQL> 
SQL> REM * META CHARACTER
SQL> 
SQL> REM PROJECTION : DISPLAYING SOME COLUMNS OF OUR CHOICE
SQL> 
SQL> REM CONCATENATION OPERATOR ||
SQL> 
SQL> REM ARITHMATIC OPERATORS / * + -
> 
SQL> REM POWER FUNCTION
SQL> 
SQL> REM PRECDENCE OF AO CO POWER
SQL> 
SQL> REM COLUMN ALIAS
SQL> 
SQL> REM COLUMN ALIAS WITHIN DOUBLE QUOTES
SQL> 
SQL> REM DISTINCT/UNIQUE
SQL> 
SQL> REM Q/QUOTE OPERATOR
SQL> 
SQL> REM QUALIFYING *
SQL> 
SQL> REM NVL FUNCTION
SQL> 
SQL> REM ROWNUM , ROWID
SQL> 
SQL> 
SQL> 
SQL> REM ROWNUM : IT IS USED TO GENERATE SERIAL NUMBER
SQL> 
SQL> 
SQL> SELECT ROWNUM , DEPARTMENTS.* FROM DEPARTMENTS;

    ROWNUM DEPARTMENT_ID DEPARTMENT_NAME                MANAGER_ID LOCATION_ID                                                                                                                          
---------- ------------- ------------------------------ ---------- -----------                                                                                                                          
         1            10 Administration                        200        1700                                                                                                                          
         2            20 Marketing                             201        1800                                                                                                                          
         3            50 Shiping                               124        1500                                                                                                                          
         4            60 IT                                    103        1400                                                                                                                          
         5            80 Sales                                 149        2500                                                                                                                          
         6            90 Executive                             100        1700                                                                                                                          
         7           110 Accounting                            205        1700                                                                                                                          
         8           190 Contracting                                      1700                                                                                                                          

8 rows selected.

SQL> REM ROWID : IS UNIQUE ROW ADDRESS WHICH IS GENERATED AUTOMATICALLY BY ORACLE
SQL> 
SQL> 
SQL> SELECT ROWID , DEPARTMENTS.* FROM DEPARTMENTS;

ROWID              DEPARTMENT_ID DEPARTMENT_NAME                MANAGER_ID LOCATION_ID                                                                                                                  
------------------ ------------- ------------------------------ ---------- -----------                                                                                                                  
AAAeCQAAHAAAA2HAAA            10 Administration                        200        1700                                                                                                                  
AAAeCQAAHAAAA2HAAB            20 Marketing                             201        1800                                                                                                                  
AAAeCQAAHAAAA2HAAC            50 Shiping                               124        1500                                                                                                                  
AAAeCQAAHAAAA2HAAD            60 IT                                    103        1400                                                                                                                  
AAAeCQAAHAAAA2HAAE            80 Sales                                 149        2500                                                                                                                  
AAAeCQAAHAAAA2HAAF            90 Executive                             100        1700                                                                                                                  
AAAeCQAAHAAAA2HAAG           110 Accounting                            205        1700                                                                                                                  
AAAeCQAAHAAAA2HAAH           190 Contracting                                      1700                                                                                                                  

8 rows selected.

SQL> REM ROWNUM AND ROWID ARE PSEUDOCOLUMNS
SQL> 
SQL> REM PSEUDOCOLUMN : A VARIABLE DECLARED , INTILIAZED , USED AND DISCARDED BY ORACLE AS AND WHEN REQUIRED.
SQL> 
SQL> SELECT * FROM DEPARTMENTS;

DEPARTMENT_ID DEPARTMENT_NAME                MANAGER_ID LOCATION_ID                                                                                                                                     
------------- ------------------------------ ---------- -----------                                                                                                                                     
           10 Administration                        200        1700                                                                                                                                     
           20 Marketing                             201        1800                                                                                                                                     
           50 Shiping                               124        1500                                                                                                                                     
           60 IT                                    103        1400                                                                                                                                     
           80 Sales                                 149        2500                                                                                                                                     
           90 Executive                             100        1700                                                                                                                                     
          110 Accounting                            205        1700                                                                                                                                     
          190 Contracting                                      1700                                                                                                                                     

8 rows selected.

SQL> SELECT DEPARTMENT_NAME FROM EMPLOYEES;
SELECT DEPARTMENT_NAME FROM EMPLOYEES
       *
ERROR at line 1:
ORA-00904: "DEPARTMENT_NAME": invalid identifier 


SQL> SELECT DEPARTMENT_NAME FROM DEPARTMENTS;

DEPARTMENT_NAME                                                                                                                                                                                         
------------------------------                                                                                                                                                                          
Administration                                                                                                                                                                                          
Marketing                                                                                                                                                                                               
Shiping                                                                                                                                                                                                 
IT                                                                                                                                                                                                      
Sales                                                                                                                                                                                                   
Executive                                                                                                                                                                                               
Accounting                                                                                                                                                                                              
Contracting                                                                                                                                                                                             

8 rows selected.

SQL> REM DEFAULT PRECEDENCE OF ARITHMATIC OPERATORS POWER AND CONCATENATION OPERATOR
SQL> 
SQL> REM 1 () : BRACKET : (  )  (  ) : LEFT TO RIGHT : (   (  )   ) : NESTED BRACKETS : INNER TO OUTER
SQL> 
SQL> REM 2 POWER
SQL> 
SQL> REM 3 / * (LEFT TO RIGHT IN FORMULA)
SQL> 
SQL> REM 4 + - || (LEFT TO RIGHT IN FORMULA)
SQL> 
SQL> 
SQL> SELECT 38 + 7 / 5 FROM DUAL;

    38+7/5                                                                                                                                                                                              
----------                                                                                                                                                                                              
      39.4                                                                                                                                                                                              

SQL> SELECT (38 + 7) / 5 FROM DUAL;

  (38+7)/5                                                                                                                                                                                              
----------                                                                                                                                                                                              
         9                                                                                                                                                                                              

SQL> REM NVL
SQL> 
SQL> SELECT FIRST_NAME , SALARY , COMMISSION_PCT , SALARY * COMMISSION_PCT COMM_AMOUNT FROM EMPLOYEES;

FIRST_NAME          SALARY COMMISSION_PCT COMM_AMOUNT                                                                                                                                                   
--------------- ---------- -------------- -----------                                                                                                                                                   
Steven               24000                                                                                                                                                                              
Neena                17000                                                                                                                                                                              
Lex                  17000                                                                                                                                                                              
Alexander             9000                                                                                                                                                                              
Bruce                 6000                                                                                                                                                                              
Diana                 4200                                                                                                                                                                              
Kevin                 5800                                                                                                                                                                              
Trenna                3500                                                                                                                                                                              
Curtis                3100                                                                                                                                                                              
Randall               2600                                                                                                                                                                              
Peter                 2500                                                                                                                                                                              
Eleni                10500             .2        2100                                                                                                                                                   
Ellen                11000             .3        3300                                                                                                                                                   
Jonathon              8600             .3        2580                                                                                                                                                   
Kimerely              7000            .15        1050                                                                                                                                                   
Jennifer              4400                                                                                                                                                                              
Michael              13000                                                                                                                                                                              
Pat                   6000                                                                                                                                                                              
Shelley              12000                                                                                                                                                                              
William               8300                                                                                                                                                                              

20 rows selected.

SQL> SELECT FIRST_NAME , SALARY , COMMISSION_PCT , SALARY * NVL(COMMISSION_PCT,0) COMM_AMOUNT FROM EMPLOYEES;

FIRST_NAME          SALARY COMMISSION_PCT COMM_AMOUNT                                                                                                                                                   
--------------- ---------- -------------- -----------                                                                                                                                                   
Steven               24000                          0                                                                                                                                                   
Neena                17000                          0                                                                                                                                                   
Lex                  17000                          0                                                                                                                                                   
Alexander             9000                          0                                                                                                                                                   
Bruce                 6000                          0                                                                                                                                                   
Diana                 4200                          0                                                                                                                                                   
Kevin                 5800                          0                                                                                                                                                   
Trenna                3500                          0                                                                                                                                                   
Curtis                3100                          0                                                                                                                                                   
Randall               2600                          0                                                                                                                                                   
Peter                 2500                          0                                                                                                                                                   
Eleni                10500             .2        2100                                                                                                                                                   
Ellen                11000             .3        3300                                                                                                                                                   
Jonathon              8600             .3        2580                                                                                                                                                   
Kimerely              7000            .15        1050                                                                                                                                                   
Jennifer              4400                          0                                                                                                                                                   
Michael              13000                          0                                                                                                                                                   
Pat                   6000                          0                                                                                                                                                   
Shelley              12000                          0                                                                                                                                                   
William               8300                          0                                                                                                                                                   

20 rows selected.

SQL> SPOOL OFF
