SQL> 
SQL> CL SCR

SQL> SELECT JOB FROM MPSEMP;

JOB                                                                                                                                                                                                     
----------                                                                                                                                                                                              
PRESIDENT                                                                                                                                                                                               
MANAGER                                                                                                                                                                                                 
MANAGER                                                                                                                                                                                                 
ANALYST                                                                                                                                                                                                 
MANAGER                                                                                                                                                                                                 
CLERK                                                                                                                                                                                                   
SALESMAN                                                                                                                                                                                                
SALESMAN                                                                                                                                                                                                
SALESMAN                                                                                                                                                                                                
ANALYST                                                                                                                                                                                                 
SALESMAN                                                                                                                                                                                                
CLERK                                                                                                                                                                                                   
CLERK                                                                                                                                                                                                   
CLERK                                                                                                                                                                                                   

14 rows selected.

SQL> SELECT JOB FROM MPSEMP WHERE DEPTNO = 10;

JOB                                                                                                                                                                                                     
----------                                                                                                                                                                                              
PRESIDENT                                                                                                                                                                                               
MANAGER                                                                                                                                                                                                 
CLERK                                                                                                                                                                                                   

SQL> SELECT JOB FROM MPSEMP WHERE DEPTNO = 20;

JOB                                                                                                                                                                                                     
----------                                                                                                                                                                                              
MANAGER                                                                                                                                                                                                 
ANALYST                                                                                                                                                                                                 
CLERK                                                                                                                                                                                                   
ANALYST                                                                                                                                                                                                 
CLERK                                                                                                                                                                                                   

SQL> SELECT JOB FROM MPSEMP WHERE DEPTNO = 30;

JOB                                                                                                                                                                                                     
----------                                                                                                                                                                                              
MANAGER                                                                                                                                                                                                 
SALESMAN                                                                                                                                                                                                
SALESMAN                                                                                                                                                                                                
SALESMAN                                                                                                                                                                                                
SALESMAN                                                                                                                                                                                                
CLERK                                                                                                                                                                                                   

6 rows selected.

SQL> REM 1 UNION ALL : IT WILL SIMPLY CLUB BOTH THE RESULT SET. IT WILL KEEP TOP TO BOTTOM ROW ORDER AS IT IS.
SQL> 
SQL> SELECT JOB FROM MPSEMP WHERE DEPTNO = 10
  2  UNION ALL
  3  SELECT JOB FROM MPSEMP WHERE DEPTNO = 20;

JOB                                                                                                                                                                                                     
----------                                                                                                                                                                                              
PRESIDENT                                                                                                                                                                                               
MANAGER                                                                                                                                                                                                 
CLERK                                                                                                                                                                                                   
MANAGER                                                                                                                                                                                                 
ANALYST                                                                                                                                                                                                 
CLERK                                                                                                                                                                                                   
ANALYST                                                                                                                                                                                                 
CLERK                                                                                                                                                                                                   

8 rows selected.

SQL> SELECT JOB FROM MPSEMP WHERE DEPTNO = 20
  2  UNION ALL
  3  SELECT JOB FROM MPSEMP WHERE DEPTNO = 10;

JOB                                                                                                                                                                                                     
----------                                                                                                                                                                                              
MANAGER                                                                                                                                                                                                 
ANALYST                                                                                                                                                                                                 
CLERK                                                                                                                                                                                                   
ANALYST                                                                                                                                                                                                 
CLERK                                                                                                                                                                                                   
PRESIDENT                                                                                                                                                                                               
MANAGER                                                                                                                                                                                                 
CLERK                                                                                                                                                                                                   

8 rows selected.

SQL> REM REMAINING 3 SET OPERATORS PERFORM 2 COMMON TASKS : 1 REMOVE DUPLICATE ROWS 2 SORTS RESULT IN ASCENDING ORDER OF FIRST COLUMN TO LAST COLUMN
SQL> 
SQL> REM UNION : IT WILL PERFORM ONLY ABOVE TWO COMMON TASKS.
SQL> 
SQL> SELECT JOB FROM MPSEMP WHERE DEPTNO = 10;

JOB                                                                                                                                                                                                     
----------                                                                                                                                                                                              
PRESIDENT                                                                                                                                                                                               
MANAGER                                                                                                                                                                                                 
CLERK                                                                                                                                                                                                   

SQL> SELECT JOB FROM MPSEMP WHERE DEPTNO = 20;

JOB                                                                                                                                                                                                     
----------                                                                                                                                                                                              
MANAGER                                                                                                                                                                                                 
ANALYST                                                                                                                                                                                                 
CLERK                                                                                                                                                                                                   
ANALYST                                                                                                                                                                                                 
CLERK                                                                                                                                                                                                   

SQL> SELECT JOB FROM MPSEMP WHERE DEPTNO = 10
  2  UNION
  3  SELECT JOB FROM MPSEMP WHERE DEPTNO = 20
  4  
SQL> 
SQL> REM PRESIDENT MANAGER CLERK ANALYST : ANALYST CLERK MANAGER PRESIDENT
SQL> 
SQL> SELECT JOB FROM MPSEMP WHERE DEPTNO = 10
  2  UNION
  3  SELECT JOB FROM MPSEMP WHERE DEPTNO = 20;

JOB                                                                                                                                                                                                     
----------                                                                                                                                                                                              
ANALYST                                                                                                                                                                                                 
CLERK                                                                                                                                                                                                   
MANAGER                                                                                                                                                                                                 
PRESIDENT                                                                                                                                                                                               

SQL> REM INTERSECT : IT WILL PICK COMMON ROWS OF BOTH THE RESULT SETS + ABOVE TWO COMMON TASKS.
SQL> 
SQL> SELECT JOB FROM MPSEMP WHERE DEPTNO = 10;

JOB                                                                                                                                                                                                     
----------                                                                                                                                                                                              
PRESIDENT                                                                                                                                                                                               
MANAGER                                                                                                                                                                                                 
CLERK                                                                                                                                                                                                   

SQL> SELECT JOB FROM MPSEMP WHERE DEPTNO = 20;

JOB                                                                                                                                                                                                     
----------                                                                                                                                                                                              
MANAGER                                                                                                                                                                                                 
ANALYST                                                                                                                                                                                                 
CLERK                                                                                                                                                                                                   
ANALYST                                                                                                                                                                                                 
CLERK                                                                                                                                                                                                   

SQL> REM MANAGER MANAGER CLERK CLERK CLERK -> MANAGER CLERK -> CLERK MANAGER
SQL> 
SQL> SELECT JOB FROM MPSEMP WHERE DEPTNO = 10
  2  INTERSECT
  3  SELECT JOB FROM MPSEMP WHERE DEPTNO = 20;

JOB                                                                                                                                                                                                     
----------                                                                                                                                                                                              
CLERK                                                                                                                                                                                                   
MANAGER                                                                                                                                                                                                 

SQL> SELECT JOB FROM MPSEMP WHERE DEPTNO = 20
  2  INTERSECT
  3  SELECT JOB FROM MPSEMP WHERE DEPTNO = 10;

JOB                                                                                                                                                                                                     
----------                                                                                                                                                                                              
CLERK                                                                                                                                                                                                   
MANAGER                                                                                                                                                                                                 

SQL> SELECT JOB FROM MPSEMP WHERE DEPTNO = 10
  2  UNION
  3  SELECT JOB FROM MPSEMP WHERE DEPTNO = 20;

JOB                                                                                                                                                                                                     
----------                                                                                                                                                                                              
ANALYST                                                                                                                                                                                                 
CLERK                                                                                                                                                                                                   
MANAGER                                                                                                                                                                                                 
PRESIDENT                                                                                                                                                                                               

SQL> SELECT JOB FROM MPSEMP WHERE DEPTNO = 20
  2  UNION
  3  SELECT JOB FROM MPSEMP WHERE DEPTNO = 10;

JOB                                                                                                                                                                                                     
----------                                                                                                                                                                                              
ANALYST                                                                                                                                                                                                 
CLERK                                                                                                                                                                                                   
MANAGER                                                                                                                                                                                                 
PRESIDENT                                                                                                                                                                                               

SQL> REM MINUS : IT WILL FIRST REMOVE COMMON ROWS FROM FIRST RESULT SET. + TWO COMMON TASKS
SQL> 
SQL> SELECT JOB FROM MPSEMP WHERE DEPTNO = 10;

JOB                                                                                                                                                                                                     
----------                                                                                                                                                                                              
PRESIDENT                                                                                                                                                                                               
MANAGER                                                                                                                                                                                                 
CLERK                                                                                                                                                                                                   

SQL> SELECT JOB FROM MPSEMP WHERE DEPTNO = 20;

JOB                                                                                                                                                                                                     
----------                                                                                                                                                                                              
MANAGER                                                                                                                                                                                                 
ANALYST                                                                                                                                                                                                 
CLERK                                                                                                                                                                                                   
ANALYST                                                                                                                                                                                                 
CLERK                                                                                                                                                                                                   

SQL> REM PRESIDENT
SQL> 
SQL> 
SQL> SELECT JOB FROM MPSEMP WHERE DEPTNO = 10
  2  MINUS
  3  SELECT JOB FROM MPSEMP WHERE DEPTNO = 20;

JOB                                                                                                                                                                                                     
----------                                                                                                                                                                                              
PRESIDENT                                                                                                                                                                                               

SQL> SELECT JOB FROM MPSEMP WHERE DEPTNO = 20;

JOB                                                                                                                                                                                                     
----------                                                                                                                                                                                              
MANAGER                                                                                                                                                                                                 
ANALYST                                                                                                                                                                                                 
CLERK                                                                                                                                                                                                   
ANALYST                                                                                                                                                                                                 
CLERK                                                                                                                                                                                                   

SQL> SELECT JOB FROM MPSEMP WHERE DEPTNO = 10;

JOB                                                                                                                                                                                                     
----------                                                                                                                                                                                              
PRESIDENT                                                                                                                                                                                               
MANAGER                                                                                                                                                                                                 
CLERK                                                                                                                                                                                                   

SQL> SELECT JOB FROM MPSEMP WHERE DEPTNO = 20
  2  MINUS
  3  SELECT JOB FROM MPSEMP WHERE DEPTNO = 10
  4  
SQL> REM ANALYST ANALYST : ANALYST
SQL> 
SQL> 
SQL> SELECT JOB FROM MPSEMP WHERE DEPTNO = 20
  2  MINUS
  3  SELECT JOB FROM MPSEMP WHERE DEPTNO = 10;

JOB                                                                                                                                                                                                     
----------                                                                                                                                                                                              
ANALYST                                                                                                                                                                                                 

SQL> SELECT JOB FROM MPSEMP WHERE DEPTNO = 10;

JOB                                                                                                                                                                                                     
----------                                                                                                                                                                                              
PRESIDENT                                                                                                                                                                                               
MANAGER                                                                                                                                                                                                 
CLERK                                                                                                                                                                                                   

SQL> SELECT JOB FROM MPSEMP WHERE DEPTNO = 20;

JOB                                                                                                                                                                                                     
----------                                                                                                                                                                                              
MANAGER                                                                                                                                                                                                 
ANALYST                                                                                                                                                                                                 
CLERK                                                                                                                                                                                                   
ANALYST                                                                                                                                                                                                 
CLERK                                                                                                                                                                                                   

SQL> SELECT JOB FROM MPSEMP WHERE DEPTNO = 30;

JOB                                                                                                                                                                                                     
----------                                                                                                                                                                                              
MANAGER                                                                                                                                                                                                 
SALESMAN                                                                                                                                                                                                
SALESMAN                                                                                                                                                                                                
SALESMAN                                                                                                                                                                                                
SALESMAN                                                                                                                                                                                                
CLERK                                                                                                                                                                                                   

6 rows selected.

SQL> SELECT JOB FROM MPSEMP WHERE DEPTNO = 10
  2  UNION ALL
  3  SELECT JOB FROM MPSEMP WHERE DEPTNO = 20
  4  UNION
  5  SELECT JOB FROM MPSEMP WHERE DEPTNO = 30
  6  
SQL> REM PRESIDENT MANAGER CLERK ANALYST SALESMAN -> ANALYST CLERK MANAGER PRESIDENT SALESMAN
SQL> 
SQL> SELECT JOB FROM MPSEMP WHERE DEPTNO = 10
  2  UNION ALL
  3  SELECT JOB FROM MPSEMP WHERE DEPTNO = 20
  4  UNION
  5  SELECT JOB FROM MPSEMP WHERE DEPTNO = 30;

JOB                                                                                                                                                                                                     
----------                                                                                                                                                                                              
ANALYST                                                                                                                                                                                                 
CLERK                                                                                                                                                                                                   
MANAGER                                                                                                                                                                                                 
PRESIDENT                                                                                                                                                                                               
SALESMAN                                                                                                                                                                                                

SQL> SELECT JOB FROM MPSEMP WHERE DEPTNO = 10;

JOB                                                                                                                                                                                                     
----------                                                                                                                                                                                              
PRESIDENT                                                                                                                                                                                               
MANAGER                                                                                                                                                                                                 
CLERK                                                                                                                                                                                                   

SQL> SELECT JOB FROM MPSEMP WHERE DEPTNO = 20;

JOB                                                                                                                                                                                                     
----------                                                                                                                                                                                              
MANAGER                                                                                                                                                                                                 
ANALYST                                                                                                                                                                                                 
CLERK                                                                                                                                                                                                   
ANALYST                                                                                                                                                                                                 
CLERK                                                                                                                                                                                                   

SQL> SELECT JOB FROM MPSEMP WHERE DEPTNO = 30;

JOB                                                                                                                                                                                                     
----------                                                                                                                                                                                              
MANAGER                                                                                                                                                                                                 
SALESMAN                                                                                                                                                                                                
SALESMAN                                                                                                                                                                                                
SALESMAN                                                                                                                                                                                                
SALESMAN                                                                                                                                                                                                
CLERK                                                                                                                                                                                                   

6 rows selected.

SQL> SELECT JOB FROM MPSEMP WHERE DEPTNO = 10
  2  UNION ALL
  3  (SELECT JOB FROM MPSEMP WHERE DEPTNO = 20
  4  UNION
  5  SELECT JOB FROM MPSEMP WHERE DEPTNO = 30)
  6  
SQL> REM MANAGER ANALYST CLERK SALESMAN -> PRESIDENT MANAGER CLERK ANALYST CLERK MANAGER SALESMAN
SQL> 
SQL> SELECT JOB FROM MPSEMP WHERE DEPTNO = 10
  2  UNION ALL
  3  (SELECT JOB FROM MPSEMP WHERE DEPTNO = 20
  4  UNION
  5  SELECT JOB FROM MPSEMP WHERE DEPTNO = 30);

JOB                                                                                                                                                                                                     
----------                                                                                                                                                                                              
PRESIDENT                                                                                                                                                                                               
MANAGER                                                                                                                                                                                                 
CLERK                                                                                                                                                                                                   
ANALYST                                                                                                                                                                                                 
CLERK                                                                                                                                                                                                   
MANAGER                                                                                                                                                                                                 
SALESMAN                                                                                                                                                                                                

7 rows selected.

SQL> SELECT JOB FROM MPSEMP WHERE DEPTNO = 10;

JOB                                                                                                                                                                                                     
----------                                                                                                                                                                                              
PRESIDENT                                                                                                                                                                                               
MANAGER                                                                                                                                                                                                 
CLERK                                                                                                                                                                                                   

SQL> SELECT JOB FROM MPSEMP WHERE DEPTNO = 20;

JOB                                                                                                                                                                                                     
----------                                                                                                                                                                                              
MANAGER                                                                                                                                                                                                 
ANALYST                                                                                                                                                                                                 
CLERK                                                                                                                                                                                                   
ANALYST                                                                                                                                                                                                 
CLERK                                                                                                                                                                                                   

SQL> SELECT JOB FROM MPSEMP WHERE DEPTNO = 30;

JOB                                                                                                                                                                                                     
----------                                                                                                                                                                                              
MANAGER                                                                                                                                                                                                 
SALESMAN                                                                                                                                                                                                
SALESMAN                                                                                                                                                                                                
SALESMAN                                                                                                                                                                                                
SALESMAN                                                                                                                                                                                                
CLERK                                                                                                                                                                                                   

6 rows selected.

SQL> REM 10 MINUS 20 UNION 30 :
SQL> 
SQL> 
SQL> SELECT JOB FROM MPSEMP WHERE DEPTNO = 10
  2  MINUS
  3  SELECT JOB FROM MPSEMP WHERE DEPTNO = 20
  4  UNION
  5  SELECT JOB FROM MPSEMP WHERE DEPTNO = 30;

JOB                                                                                                                                                                                                     
----------                                                                                                                                                                                              
CLERK                                                                                                                                                                                                   
MANAGER                                                                                                                                                                                                 
PRESIDENT                                                                                                                                                                                               
SALESMAN                                                                                                                                                                                                

SQL> SELECT JOB FROM MPSEMP WHERE DEPTNO = 10;

JOB                                                                                                                                                                                                     
----------                                                                                                                                                                                              
PRESIDENT                                                                                                                                                                                               
MANAGER                                                                                                                                                                                                 
CLERK                                                                                                                                                                                                   

SQL> SELECT JOB FROM MPSEMP WHERE DEPTNO = 20;

JOB                                                                                                                                                                                                     
----------                                                                                                                                                                                              
MANAGER                                                                                                                                                                                                 
ANALYST                                                                                                                                                                                                 
CLERK                                                                                                                                                                                                   
ANALYST                                                                                                                                                                                                 
CLERK                                                                                                                                                                                                   

SQL> SELECT JOB FROM MPSEMP WHERE DEPTNO = 30;

JOB                                                                                                                                                                                                     
----------                                                                                                                                                                                              
MANAGER                                                                                                                                                                                                 
SALESMAN                                                                                                                                                                                                
SALESMAN                                                                                                                                                                                                
SALESMAN                                                                                                                                                                                                
SALESMAN                                                                                                                                                                                                
CLERK                                                                                                                                                                                                   

6 rows selected.

SQL> REM 10 MINUS (20 UNION 30) :
SQL> 
SQL> SELECT JOB FROM MPSEMP WHERE DEPTNO = 10
  2  MINUS
  3  (SELECT JOB FROM MPSEMP WHERE DEPTNO = 20
  4  UNION
  5  SELECT JOB FROM MPSEMP WHERE DEPTNO = 30);

JOB                                                                                                                                                                                                     
----------                                                                                                                                                                                              
PRESIDENT                                                                                                                                                                                               

SQL> REM WE NEED TO FOLLOW SOME RULES WHILE USING SET OPERATORS :
SQL> 
SQL> REM 1 NUMBER OF ITEMS LISTED IN ALL SELECT MUST BE SAME.
SQL> 
SQL> SELECT DEPARTMENT_ID , DEPARTMENT_NAME FROM DEPARTMENTS
  2  UNION ALL
  3  SELECT EMPLOYEE_ID FROM EMPLOYEES;
SELECT DEPARTMENT_ID , DEPARTMENT_NAME FROM DEPARTMENTS
*
ERROR at line 1:
ORA-01789: query block has incorrect number of result columns 


SQL> SELECT DEPARTMENT_ID , DEPARTMENT_NAME FROM DEPARTMENTS
  2  UNION ALL
  3  SELECT EMPLOYEE_ID , NULL FROM EMPLOYEES;

DEPARTMENT_ID DEPARTMENT_NAME                                                                                                                                                                           
------------- ------------------------------                                                                                                                                                            
           10 Administration                                                                                                                                                                            
           20 Marketing                                                                                                                                                                                 
           50 Shiping                                                                                                                                                                                   
           60 IT                                                                                                                                                                                        
           80 Sales                                                                                                                                                                                     
           90 Executive                                                                                                                                                                                 
          110 Accounting                                                                                                                                                                                
          190 Contracting                                                                                                                                                                               
          100                                                                                                                                                                                           
          101                                                                                                                                                                                           
          102                                                                                                                                                                                           
          103                                                                                                                                                                                           
          104                                                                                                                                                                                           
          107                                                                                                                                                                                           
          124                                                                                                                                                                                           
          141                                                                                                                                                                                           
          142                                                                                                                                                                                           
          143                                                                                                                                                                                           
          144                                                                                                                                                                                           
          149                                                                                                                                                                                           
          174                                                                                                                                                                                           

DEPARTMENT_ID DEPARTMENT_NAME                                                                                                                                                                           
------------- ------------------------------                                                                                                                                                            
          176                                                                                                                                                                                           
          178                                                                                                                                                                                           
          200                                                                                                                                                                                           
          201                                                                                                                                                                                           
          202                                                                                                                                                                                           
          205                                                                                                                                                                                           
          206                                                                                                                                                                                           

28 rows selected.

SQL> SET PAGES 100
SQL> 
SQL> R
  1  SELECT DEPARTMENT_ID , DEPARTMENT_NAME FROM DEPARTMENTS
  2  UNION ALL
  3* SELECT EMPLOYEE_ID , NULL FROM EMPLOYEES

DEPARTMENT_ID DEPARTMENT_NAME                                                                                                                                                                           
------------- ------------------------------                                                                                                                                                            
           10 Administration                                                                                                                                                                            
           20 Marketing                                                                                                                                                                                 
           50 Shiping                                                                                                                                                                                   
           60 IT                                                                                                                                                                                        
           80 Sales                                                                                                                                                                                     
           90 Executive                                                                                                                                                                                 
          110 Accounting                                                                                                                                                                                
          190 Contracting                                                                                                                                                                               
          100                                                                                                                                                                                           
          101                                                                                                                                                                                           
          102                                                                                                                                                                                           
          103                                                                                                                                                                                           
          104                                                                                                                                                                                           
          107                                                                                                                                                                                           
          124                                                                                                                                                                                           
          141                                                                                                                                                                                           
          142                                                                                                                                                                                           
          143                                                                                                                                                                                           
          144                                                                                                                                                                                           
          149                                                                                                                                                                                           
          174                                                                                                                                                                                           
          176                                                                                                                                                                                           
          178                                                                                                                                                                                           
          200                                                                                                                                                                                           
          201                                                                                                                                                                                           
          202                                                                                                                                                                                           
          205                                                                                                                                                                                           
          206                                                                                                                                                                                           

28 rows selected.

SQL> SELECT DEPARTMENT_ID , DEPARTMENT_NAME FROM DEPARTMENTS
  2  UNION ALL
  3  SELECT EMPLOYEE_ID , 'OM NAMAH SHIVAYA!' FROM EMPLOYEES;

DEPARTMENT_ID DEPARTMENT_NAME                                                                                                                                                                           
------------- ------------------------------                                                                                                                                                            
           10 Administration                                                                                                                                                                            
           20 Marketing                                                                                                                                                                                 
           50 Shiping                                                                                                                                                                                   
           60 IT                                                                                                                                                                                        
           80 Sales                                                                                                                                                                                     
           90 Executive                                                                                                                                                                                 
          110 Accounting                                                                                                                                                                                
          190 Contracting                                                                                                                                                                               
          100 OM NAMAH SHIVAYA!                                                                                                                                                                         
          101 OM NAMAH SHIVAYA!                                                                                                                                                                         
          102 OM NAMAH SHIVAYA!                                                                                                                                                                         
          103 OM NAMAH SHIVAYA!                                                                                                                                                                         
          104 OM NAMAH SHIVAYA!                                                                                                                                                                         
          107 OM NAMAH SHIVAYA!                                                                                                                                                                         
          124 OM NAMAH SHIVAYA!                                                                                                                                                                         
          141 OM NAMAH SHIVAYA!                                                                                                                                                                         
          142 OM NAMAH SHIVAYA!                                                                                                                                                                         
          143 OM NAMAH SHIVAYA!                                                                                                                                                                         
          144 OM NAMAH SHIVAYA!                                                                                                                                                                         
          149 OM NAMAH SHIVAYA!                                                                                                                                                                         
          174 OM NAMAH SHIVAYA!                                                                                                                                                                         
          176 OM NAMAH SHIVAYA!                                                                                                                                                                         
          178 OM NAMAH SHIVAYA!                                                                                                                                                                         
          200 OM NAMAH SHIVAYA!                                                                                                                                                                         
          201 OM NAMAH SHIVAYA!                                                                                                                                                                         
          202 OM NAMAH SHIVAYA!                                                                                                                                                                         
          205 OM NAMAH SHIVAYA!                                                                                                                                                                         
          206 OM NAMAH SHIVAYA!                                                                                                                                                                         

28 rows selected.

SQL> REM 2 ITEMS LISTED IN ALL SELECT MUST HAVE CORRESPONDING DATA TYPES MATCHING.
SQL> 
SQL> SELECT DEPARTMENT_ID , DEPARTMENT_NAME FROM DEPARTMENTS
  2  UNION
  3  SELECT FIRST_NAME , EMPLOYEE_ID FROM EMPLOYEES;
SELECT DEPARTMENT_ID , DEPARTMENT_NAME FROM DEPARTMENTS
       *
ERROR at line 1:
ORA-01790: expression must have same datatype as corresponding expression 


SQL> SELECT TO_CHAR(DEPARTMENT_ID) , DEPARTMENT_NAME FROM DEPARTMENTS
  2  UNION
  3  SELECT FIRST_NAME , TO_CHAR(EMPLOYEE_ID) FROM EMPLOYEES;

TO_CHAR(DEPARTMENT_ID)                   DEPARTMENT_NAME                                                                                                                                                
---------------------------------------- ----------------------------------------                                                                                                                       
10                                       Administration                                                                                                                                                 
110                                      Accounting                                                                                                                                                     
190                                      Contracting                                                                                                                                                    
20                                       Marketing                                                                                                                                                      
50                                       Shiping                                                                                                                                                        
60                                       IT                                                                                                                                                             
80                                       Sales                                                                                                                                                          
90                                       Executive                                                                                                                                                      
Alexander                                103                                                                                                                                                            
Bruce                                    104                                                                                                                                                            
Curtis                                   142                                                                                                                                                            
Diana                                    107                                                                                                                                                            
Eleni                                    149                                                                                                                                                            
Ellen                                    174                                                                                                                                                            
Jennifer                                 200                                                                                                                                                            
Jonathon                                 176                                                                                                                                                            
Kevin                                    124                                                                                                                                                            
Kimerely                                 178                                                                                                                                                            
Lex                                      102                                                                                                                                                            
Michael                                  201                                                                                                                                                            
Neena                                    101                                                                                                                                                            
Pat                                      202                                                                                                                                                            
Peter                                    144                                                                                                                                                            
Randall                                  143                                                                                                                                                            
Shelley                                  205                                                                                                                                                            
Steven                                   100                                                                                                                                                            
Trenna                                   141                                                                                                                                                            
William                                  206                                                                                                                                                            

28 rows selected.

SQL> SELECT TO_CHAR(DEPARTMENT_ID) , DEPARTMENT_NAME FROM DEPARTMENTS
  2  UNION
  3  SELECT HIRE_DATE , TO_CHAR(EMPLOYEE_ID) FROM EMPLOYEES;
SELECT TO_CHAR(DEPARTMENT_ID) , DEPARTMENT_NAME FROM DEPARTMENTS
       *
ERROR at line 1:
ORA-01790: expression must have same datatype as corresponding expression 


SQL> SELECT TO_CHAR(DEPARTMENT_ID) , DEPARTMENT_NAME FROM DEPARTMENTS
  2  UNION
  3  SELECT TO_CHAR(HIRE_DATE) , TO_CHAR(EMPLOYEE_ID) FROM EMPLOYEES;

TO_CHAR(DEPARTMENT_ID)                   DEPARTMENT_NAME                                                                                                                                                
---------------------------------------- ----------------------------------------                                                                                                                       
03-JAN-90                                103                                                                                                                                                            
07-FEB-99                                107                                                                                                                                                            
07-JUN-94                                205                                                                                                                                                            
07-JUN-94                                206                                                                                                                                                            
09-JUL-98                                144                                                                                                                                                            
10                                       Administration                                                                                                                                                 
11-MAY-96                                174                                                                                                                                                            
110                                      Accounting                                                                                                                                                     
13-JAN-93                                102                                                                                                                                                            
15-MAR-98                                143                                                                                                                                                            
16-NOV-99                                124                                                                                                                                                            
17-AUG-97                                202                                                                                                                                                            
17-FEB-96                                201                                                                                                                                                            
17-JUL-87                                100                                                                                                                                                            
17-OCT-95                                141                                                                                                                                                            
17-SEP-87                                200                                                                                                                                                            
190                                      Contracting                                                                                                                                                    
20                                       Marketing                                                                                                                                                      
21-MAY-91                                104                                                                                                                                                            
21-SEP-89                                101                                                                                                                                                            
24-MAR-98                                176                                                                                                                                                            
24-MAY-99                                178                                                                                                                                                            
29-JAN-00                                149                                                                                                                                                            
29-JAN-97                                142                                                                                                                                                            
50                                       Shiping                                                                                                                                                        
60                                       IT                                                                                                                                                             
80                                       Sales                                                                                                                                                          
90                                       Executive                                                                                                                                                      

28 rows selected.

SQL> SELECT DEPARTMENT_ID , DEPARTMENT_NAME FROM DEPARTMENTS
  2  UNION
  3  SELECT HIRE_DATE , TO_CHAR(EMPLOYEE_ID) FROM EMPLOYEES;
SELECT DEPARTMENT_ID , DEPARTMENT_NAME FROM DEPARTMENTS
       *
ERROR at line 1:
ORA-01790: expression must have same datatype as corresponding expression 


SQL> REM 3 COLUMN ALIAS OF FIRST STATEMENT GETS DISPLAYED IN RESULT SET. ANY OTHER COLUMN ALIAS WILL BE SILENTLY IGNORED.
SQL> 
SQL> SELECT TO_CHAR(DEPARTMENT_ID) DID_HD, DEPARTMENT_NAME FROM DEPARTMENTS
  2  UNION
  3  SELECT HIRE_DATE , TO_CHAR(EMPLOYEE_ID) DNAME_EID FROM EMPLOYEES;
SELECT TO_CHAR(DEPARTMENT_ID) DID_HD, DEPARTMENT_NAME FROM DEPARTMENTS
       *
ERROR at line 1:
ORA-01790: expression must have same datatype as corresponding expression 


SQL> SELECT TO_CHAR(DEPARTMENT_ID) DID_HD, DEPARTMENT_NAME FROM DEPARTMENTS
  2  UNION
  3  SELECT TO_CHAR(HIRE_DATE) , TO_CHAR(EMPLOYEE_ID) DNAME_EID FROM EMPLOYEES;

DID_HD                                   DEPARTMENT_NAME                                                                                                                                                
---------------------------------------- ----------------------------------------                                                                                                                       
03-JAN-90                                103                                                                                                                                                            
07-FEB-99                                107                                                                                                                                                            
07-JUN-94                                205                                                                                                                                                            
07-JUN-94                                206                                                                                                                                                            
09-JUL-98                                144                                                                                                                                                            
10                                       Administration                                                                                                                                                 
11-MAY-96                                174                                                                                                                                                            
110                                      Accounting                                                                                                                                                     
13-JAN-93                                102                                                                                                                                                            
15-MAR-98                                143                                                                                                                                                            
16-NOV-99                                124                                                                                                                                                            
17-AUG-97                                202                                                                                                                                                            
17-FEB-96                                201                                                                                                                                                            
17-JUL-87                                100                                                                                                                                                            
17-OCT-95                                141                                                                                                                                                            
17-SEP-87                                200                                                                                                                                                            
190                                      Contracting                                                                                                                                                    
20                                       Marketing                                                                                                                                                      
21-MAY-91                                104                                                                                                                                                            
21-SEP-89                                101                                                                                                                                                            
24-MAR-98                                176                                                                                                                                                            
24-MAY-99                                178                                                                                                                                                            
29-JAN-00                                149                                                                                                                                                            
29-JAN-97                                142                                                                                                                                                            
50                                       Shiping                                                                                                                                                        
60                                       IT                                                                                                                                                             
80                                       Sales                                                                                                                                                          
90                                       Executive                                                                                                                                                      

28 rows selected.

SQL> REM ORDER BY , OFFSET AND FETCH CAN BE USED ONCE PER COMPOUND STATEMENT.
SQL> 
SQL> REM IT IS PLACED AT THE END OF COMPOUND STATEMENT.
SQL> 
SQL> SELECT TO_CHAR(DEPARTMENT_ID) DID_HD, DEPARTMENT_NAME FROM DEPARTMENTS
  2  UNION
  3  SELECT TO_CHAR(HIRE_DATE) , TO_CHAR(EMPLOYEE_ID) DNAME_EID FROM EMPLOYEES ORDER BY 2;

DID_HD                                   DEPARTMENT_NAME                                                                                                                                                
---------------------------------------- ----------------------------------------                                                                                                                       
17-JUL-87                                100                                                                                                                                                            
21-SEP-89                                101                                                                                                                                                            
13-JAN-93                                102                                                                                                                                                            
03-JAN-90                                103                                                                                                                                                            
21-MAY-91                                104                                                                                                                                                            
07-FEB-99                                107                                                                                                                                                            
16-NOV-99                                124                                                                                                                                                            
17-OCT-95                                141                                                                                                                                                            
29-JAN-97                                142                                                                                                                                                            
15-MAR-98                                143                                                                                                                                                            
09-JUL-98                                144                                                                                                                                                            
29-JAN-00                                149                                                                                                                                                            
11-MAY-96                                174                                                                                                                                                            
24-MAR-98                                176                                                                                                                                                            
24-MAY-99                                178                                                                                                                                                            
17-SEP-87                                200                                                                                                                                                            
17-FEB-96                                201                                                                                                                                                            
17-AUG-97                                202                                                                                                                                                            
07-JUN-94                                205                                                                                                                                                            
07-JUN-94                                206                                                                                                                                                            
110                                      Accounting                                                                                                                                                     
10                                       Administration                                                                                                                                                 
190                                      Contracting                                                                                                                                                    
90                                       Executive                                                                                                                                                      
60                                       IT                                                                                                                                                             
20                                       Marketing                                                                                                                                                      
80                                       Sales                                                                                                                                                          
50                                       Shiping                                                                                                                                                        

28 rows selected.

SQL> SELECT TO_CHAR(DEPARTMENT_ID) DID_HD, DEPARTMENT_NAME FROM DEPARTMENTS
  2  UNION
  3  (SELECT TO_CHAR(HIRE_DATE) , TO_CHAR(EMPLOYEE_ID) DNAME_EID FROM EMPLOYEES ORDER BY 2);
(SELECT TO_CHAR(HIRE_DATE) , TO_CHAR(EMPLOYEE_ID) DNAME_EID FROM EMPLOYEES ORDER BY 2)
                                                                           *
ERROR at line 3:
ORA-00907: missing right parenthesis 


SQL> SELECT TO_CHAR(DEPARTMENT_ID) DID_HD, DEPARTMENT_NAME FROM DEPARTMENTS
  2  UNION
  3  (SELECT TO_CHAR(HIRE_DATE) , TO_CHAR(EMPLOYEE_ID) DNAME_EID FROM EMPLOYEES ORDER BY 2);
(SELECT TO_CHAR(HIRE_DATE) , TO_CHAR(EMPLOYEE_ID) DNAME_EID FROM EMPLOYEES ORDER BY 2)
                                                                           *
ERROR at line 3:
ORA-00907: missing right parenthesis 


SQL> SELECT TO_CHAR(DEPARTMENT_ID) DID_HD, DEPARTMENT_NAME FROM DEPARTMENTS
  2  UNION
  3  (SELECT TO_CHAR(HIRE_DATE) , TO_CHAR(EMPLOYEE_ID) DNAME_EID FROM EMPLOYEES) ORDER BY 2;

DID_HD                                   DEPARTMENT_NAME                                                                                                                                                
---------------------------------------- ----------------------------------------                                                                                                                       
17-JUL-87                                100                                                                                                                                                            
21-SEP-89                                101                                                                                                                                                            
13-JAN-93                                102                                                                                                                                                            
03-JAN-90                                103                                                                                                                                                            
21-MAY-91                                104                                                                                                                                                            
07-FEB-99                                107                                                                                                                                                            
16-NOV-99                                124                                                                                                                                                            
17-OCT-95                                141                                                                                                                                                            
29-JAN-97                                142                                                                                                                                                            
15-MAR-98                                143                                                                                                                                                            
09-JUL-98                                144                                                                                                                                                            
29-JAN-00                                149                                                                                                                                                            
11-MAY-96                                174                                                                                                                                                            
24-MAR-98                                176                                                                                                                                                            
24-MAY-99                                178                                                                                                                                                            
17-SEP-87                                200                                                                                                                                                            
17-FEB-96                                201                                                                                                                                                            
17-AUG-97                                202                                                                                                                                                            
07-JUN-94                                205                                                                                                                                                            
07-JUN-94                                206                                                                                                                                                            
110                                      Accounting                                                                                                                                                     
10                                       Administration                                                                                                                                                 
190                                      Contracting                                                                                                                                                    
90                                       Executive                                                                                                                                                      
60                                       IT                                                                                                                                                             
20                                       Marketing                                                                                                                                                      
80                                       Sales                                                                                                                                                          
50                                       Shiping                                                                                                                                                        

28 rows selected.

SQL> SELECT TO_CHAR(DEPARTMENT_ID) DID_HD, DEPARTMENT_NAME FROM DEPARTMENTS ORDER BY 2
  2  UNION
  3  SELECT TO_CHAR(HIRE_DATE) , TO_CHAR(EMPLOYEE_ID) DNAME_EID FROM EMPLOYEES;
UNION
*
ERROR at line 2:
ORA-00933: SQL command not properly ended 


SQL> SELECT FIRST_NAME FROM EMPLOYEES
  2  UNION ALL
  3  SELECT DEPARTMENT_NAME DEPARTMENTS;
SELECT DEPARTMENT_NAME DEPARTMENTS
                                 *
ERROR at line 3:
ORA-00923: FROM keyword not found where expected 


SQL> SELECT FIRST_NAME FROM EMPLOYEES
  2  UNION ALL
  3  SELECT DEPARTMENT_NAME FROM DEPARTMENTS;

FIRST_NAME                                                                                                                                                                                              
------------------------------                                                                                                                                                                          
Steven                                                                                                                                                                                                  
Neena                                                                                                                                                                                                   
Lex                                                                                                                                                                                                     
Alexander                                                                                                                                                                                               
Bruce                                                                                                                                                                                                   
Diana                                                                                                                                                                                                   
Kevin                                                                                                                                                                                                   
Trenna                                                                                                                                                                                                  
Curtis                                                                                                                                                                                                  
Randall                                                                                                                                                                                                 
Peter                                                                                                                                                                                                   
Eleni                                                                                                                                                                                                   
Ellen                                                                                                                                                                                                   
Jonathon                                                                                                                                                                                                
Kimerely                                                                                                                                                                                                
Jennifer                                                                                                                                                                                                
Michael                                                                                                                                                                                                 
Pat                                                                                                                                                                                                     
Shelley                                                                                                                                                                                                 
William                                                                                                                                                                                                 
Administration                                                                                                                                                                                          
Marketing                                                                                                                                                                                               
Shiping                                                                                                                                                                                                 
IT                                                                                                                                                                                                      
Sales                                                                                                                                                                                                   
Executive                                                                                                                                                                                               
Accounting                                                                                                                                                                                              
Contracting                                                                                                                                                                                             

28 rows selected.

SQL> SELECT FIRST_NAME FROM EMPLOYEES
  2  UNION ALL
  3  SELECT DEPARTMENT_NAME FROM DEPARTMENTS ORDER BY 1;

FIRST_NAME                                                                                                                                                                                              
------------------------------                                                                                                                                                                          
Accounting                                                                                                                                                                                              
Administration                                                                                                                                                                                          
Alexander                                                                                                                                                                                               
Bruce                                                                                                                                                                                                   
Contracting                                                                                                                                                                                             
Curtis                                                                                                                                                                                                  
Diana                                                                                                                                                                                                   
Eleni                                                                                                                                                                                                   
Ellen                                                                                                                                                                                                   
Executive                                                                                                                                                                                               
IT                                                                                                                                                                                                      
Jennifer                                                                                                                                                                                                
Jonathon                                                                                                                                                                                                
Kevin                                                                                                                                                                                                   
Kimerely                                                                                                                                                                                                
Lex                                                                                                                                                                                                     
Marketing                                                                                                                                                                                               
Michael                                                                                                                                                                                                 
Neena                                                                                                                                                                                                   
Pat                                                                                                                                                                                                     
Peter                                                                                                                                                                                                   
Randall                                                                                                                                                                                                 
Sales                                                                                                                                                                                                   
Shelley                                                                                                                                                                                                 
Shiping                                                                                                                                                                                                 
Steven                                                                                                                                                                                                  
Trenna                                                                                                                                                                                                  
William                                                                                                                                                                                                 

28 rows selected.

SQL> SELECT FIRST_NAME FROM EMPLOYEES
  2  UNION ALL
  3  SELECT DEPARTMENT_NAME FROM DEPARTMENTS ORDER BY 1 DESC;

FIRST_NAME                                                                                                                                                                                              
------------------------------                                                                                                                                                                          
William                                                                                                                                                                                                 
Trenna                                                                                                                                                                                                  
Steven                                                                                                                                                                                                  
Shiping                                                                                                                                                                                                 
Shelley                                                                                                                                                                                                 
Sales                                                                                                                                                                                                   
Randall                                                                                                                                                                                                 
Peter                                                                                                                                                                                                   
Pat                                                                                                                                                                                                     
Neena                                                                                                                                                                                                   
Michael                                                                                                                                                                                                 
Marketing                                                                                                                                                                                               
Lex                                                                                                                                                                                                     
Kimerely                                                                                                                                                                                                
Kevin                                                                                                                                                                                                   
Jonathon                                                                                                                                                                                                
Jennifer                                                                                                                                                                                                
IT                                                                                                                                                                                                      
Executive                                                                                                                                                                                               
Ellen                                                                                                                                                                                                   
Eleni                                                                                                                                                                                                   
Diana                                                                                                                                                                                                   
Curtis                                                                                                                                                                                                  
Contracting                                                                                                                                                                                             
Bruce                                                                                                                                                                                                   
Alexander                                                                                                                                                                                               
Administration                                                                                                                                                                                          
Accounting                                                                                                                                                                                              

28 rows selected.

SQL> SELECT * FROM (SELECT FIRST_NAME FROM EMPLOYEES ORDER BY 1)
  2  UNION ALL
  3  SELECT * FROM (SELECT DEPARTMENTS_NAME FROM DEPARTMENTS ORDER BY 1 DESC);
SELECT * FROM (SELECT DEPARTMENTS_NAME FROM DEPARTMENTS ORDER BY 1 DESC)
                      *
ERROR at line 3:
ORA-00904: "DEPARTMENTS_NAME": invalid identifier 


SQL> SELECT * FROM (SELECT FIRST_NAME FROM EMPLOYEES ORDER BY 1)
  2  UNION ALL
  3  SELECT * FROM (SELECT DEPARTMENT_NAME FROM DEPARTMENTS ORDER BY 1 DESC);

FIRST_NAME                                                                                                                                                                                              
------------------------------                                                                                                                                                                          
Alexander                                                                                                                                                                                               
Bruce                                                                                                                                                                                                   
Curtis                                                                                                                                                                                                  
Diana                                                                                                                                                                                                   
Eleni                                                                                                                                                                                                   
Ellen                                                                                                                                                                                                   
Jennifer                                                                                                                                                                                                
Jonathon                                                                                                                                                                                                
Kevin                                                                                                                                                                                                   
Kimerely                                                                                                                                                                                                
Lex                                                                                                                                                                                                     
Michael                                                                                                                                                                                                 
Neena                                                                                                                                                                                                   
Pat                                                                                                                                                                                                     
Peter                                                                                                                                                                                                   
Randall                                                                                                                                                                                                 
Shelley                                                                                                                                                                                                 
Steven                                                                                                                                                                                                  
Trenna                                                                                                                                                                                                  
William                                                                                                                                                                                                 
Shiping                                                                                                                                                                                                 
Sales                                                                                                                                                                                                   
Marketing                                                                                                                                                                                               
IT                                                                                                                                                                                                      
Executive                                                                                                                                                                                               
Contracting                                                                                                                                                                                             
Administration                                                                                                                                                                                          
Accounting                                                                                                                                                                                              

28 rows selected.

SQL> SELECT * FROM (SELECT FIRST_NAME FROM EMPLOYEES ORDER BY 1)
  2  UNION
  3  SELECT * FROM (SELECT DEPARTMENT_NAME FROM DEPARTMENTS ORDER BY 1 DESC);

FIRST_NAME                                                                                                                                                                                              
------------------------------                                                                                                                                                                          
Accounting                                                                                                                                                                                              
Administration                                                                                                                                                                                          
Alexander                                                                                                                                                                                               
Bruce                                                                                                                                                                                                   
Contracting                                                                                                                                                                                             
Curtis                                                                                                                                                                                                  
Diana                                                                                                                                                                                                   
Eleni                                                                                                                                                                                                   
Ellen                                                                                                                                                                                                   
Executive                                                                                                                                                                                               
IT                                                                                                                                                                                                      
Jennifer                                                                                                                                                                                                
Jonathon                                                                                                                                                                                                
Kevin                                                                                                                                                                                                   
Kimerely                                                                                                                                                                                                
Lex                                                                                                                                                                                                     
Marketing                                                                                                                                                                                               
Michael                                                                                                                                                                                                 
Neena                                                                                                                                                                                                   
Pat                                                                                                                                                                                                     
Peter                                                                                                                                                                                                   
Randall                                                                                                                                                                                                 
Sales                                                                                                                                                                                                   
Shelley                                                                                                                                                                                                 
Shiping                                                                                                                                                                                                 
Steven                                                                                                                                                                                                  
Trenna                                                                                                                                                                                                  
William                                                                                                                                                                                                 

28 rows selected.

SQL> SELECT * FROM (SELECT FIRST_NAME FROM EMPLOYEES ORDER BY 1)
  2  UNION ALL
  3  SELECT * FROM (SELECT DEPARTMENT_NAME FROM DEPARTMENTS);

FIRST_NAME                                                                                                                                                                                              
------------------------------                                                                                                                                                                          
Alexander                                                                                                                                                                                               
Bruce                                                                                                                                                                                                   
Curtis                                                                                                                                                                                                  
Diana                                                                                                                                                                                                   
Eleni                                                                                                                                                                                                   
Ellen                                                                                                                                                                                                   
Jennifer                                                                                                                                                                                                
Jonathon                                                                                                                                                                                                
Kevin                                                                                                                                                                                                   
Kimerely                                                                                                                                                                                                
Lex                                                                                                                                                                                                     
Michael                                                                                                                                                                                                 
Neena                                                                                                                                                                                                   
Pat                                                                                                                                                                                                     
Peter                                                                                                                                                                                                   
Randall                                                                                                                                                                                                 
Shelley                                                                                                                                                                                                 
Steven                                                                                                                                                                                                  
Trenna                                                                                                                                                                                                  
William                                                                                                                                                                                                 
Administration                                                                                                                                                                                          
Marketing                                                                                                                                                                                               
Shiping                                                                                                                                                                                                 
IT                                                                                                                                                                                                      
Sales                                                                                                                                                                                                   
Executive                                                                                                                                                                                               
Accounting                                                                                                                                                                                              
Contracting                                                                                                                                                                                             

28 rows selected.

SQL> SELECT * FROM (SELECT FIRST_NAME FROM EMPLOYEES ORDER BY 1)
  2  UNION ALL
  3  SELECT DEPARTMENT_NAME FROM DEPARTMENTS;

FIRST_NAME                                                                                                                                                                                              
------------------------------                                                                                                                                                                          
Alexander                                                                                                                                                                                               
Bruce                                                                                                                                                                                                   
Curtis                                                                                                                                                                                                  
Diana                                                                                                                                                                                                   
Eleni                                                                                                                                                                                                   
Ellen                                                                                                                                                                                                   
Jennifer                                                                                                                                                                                                
Jonathon                                                                                                                                                                                                
Kevin                                                                                                                                                                                                   
Kimerely                                                                                                                                                                                                
Lex                                                                                                                                                                                                     
Michael                                                                                                                                                                                                 
Neena                                                                                                                                                                                                   
Pat                                                                                                                                                                                                     
Peter                                                                                                                                                                                                   
Randall                                                                                                                                                                                                 
Shelley                                                                                                                                                                                                 
Steven                                                                                                                                                                                                  
Trenna                                                                                                                                                                                                  
William                                                                                                                                                                                                 
Administration                                                                                                                                                                                          
Marketing                                                                                                                                                                                               
Shiping                                                                                                                                                                                                 
IT                                                                                                                                                                                                      
Sales                                                                                                                                                                                                   
Executive                                                                                                                                                                                               
Accounting                                                                                                                                                                                              
Contracting                                                                                                                                                                                             

28 rows selected.

SQL> SELECT * FROM MPSSTAFF;

NAME                                                                                                                                                                                                    
----------                                                                                                                                                                                              
ASHWIN                                                                                                                                                                                                  
SARITA                                                                                                                                                                                                  
BIMAL                                                                                                                                                                                                   

SQL> SELECT * FROM MPSSUBJECT;

NAME                                                                                                                                                                                                    
----------                                                                                                                                                                                              
TOEFL                                                                                                                                                                                                   
GMAT                                                                                                                                                                                                    
SAT                                                                                                                                                                                                     
GRE                                                                                                                                                                                                     

SQL> SELECT * FROM MPSCENTEACH;
SELECT * FROM MPSCENTEACH
              *
ERROR at line 1:
ORA-00942: table or view does not exist 


SQL> SELECT * FROM MPSCANTEACH;

STAFF      SUBJECT                                                                                                                                                                                      
---------- ----------                                                                                                                                                                                   
ASHWIN     TOEFL                                                                                                                                                                                        
ASHWIN     GRE                                                                                                                                                                                          
SARITA     GMAT                                                                                                                                                                                         
BIMAL      SAT                                                                                                                                                                                          

SQL> REM STAFF   SUBJECT   CAN?
SQL> 
SQL> REM ASHWIN  TOEFL     YES
SQL> REM ASHWIN  GMAT      NO
SQL> 
SQL> 
SQL> SELECT T.NAME STAFF , B.NAME SUBJECT , 'NO  ' FROM MPSSTAFF T CROSS JOIN MPSSUBJECT B;

STAFF      SUBJECT    'NO'                                                                                                                                                                              
---------- ---------- ----                                                                                                                                                                              
ASHWIN     TOEFL      NO                                                                                                                                                                                
ASHWIN     GMAT       NO                                                                                                                                                                                
ASHWIN     SAT        NO                                                                                                                                                                                
ASHWIN     GRE        NO                                                                                                                                                                                
SARITA     TOEFL      NO                                                                                                                                                                                
SARITA     GMAT       NO                                                                                                                                                                                
SARITA     SAT        NO                                                                                                                                                                                
SARITA     GRE        NO                                                                                                                                                                                
BIMAL      TOEFL      NO                                                                                                                                                                                
BIMAL      GMAT       NO                                                                                                                                                                                
BIMAL      SAT        NO                                                                                                                                                                                
BIMAL      GRE        NO                                                                                                                                                                                

12 rows selected.

SQL> SELECT T.NAME STAFF , B.NAME SUBJECT , 'NO  ' FROM MPSSTAFF T CROSS JOIN MPSSUBJECT B
  2  MINUS
  3  SELECT STAFF , SUBJECT , 'NO  ' FROM MPSCANTEACH;

STAFF      SUBJECT    'NO'                                                                                                                                                                              
---------- ---------- ----                                                                                                                                                                              
ASHWIN     GMAT       NO                                                                                                                                                                                
ASHWIN     SAT        NO                                                                                                                                                                                
BIMAL      GMAT       NO                                                                                                                                                                                
BIMAL      GRE        NO                                                                                                                                                                                
BIMAL      TOEFL      NO                                                                                                                                                                                
SARITA     GRE        NO                                                                                                                                                                                
SARITA     SAT        NO                                                                                                                                                                                
SARITA     TOEFL      NO                                                                                                                                                                                

8 rows selected.

SQL> SELECT T.NAME STAFF , B.NAME SUBJECT , 'NO  ' "CAN?" FROM MPSSTAFF T CROSS JOIN MPSSUBJECT B
  2  MINUS
  3  SELECT STAFF , SUBJECT , 'NO  ' FROM MPSCANTEACH
  4  UNION
  5  SELECT STAFF , SUBJECT , 'YES ' FROM MPSCANTEACH;

STAFF      SUBJECT    CAN?                                                                                                                                                                              
---------- ---------- ----                                                                                                                                                                              
ASHWIN     GMAT       NO                                                                                                                                                                                
ASHWIN     GRE        YES                                                                                                                                                                               
ASHWIN     SAT        NO                                                                                                                                                                                
ASHWIN     TOEFL      YES                                                                                                                                                                               
BIMAL      GMAT       NO                                                                                                                                                                                
BIMAL      GRE        NO                                                                                                                                                                                
BIMAL      SAT        YES                                                                                                                                                                               
BIMAL      TOEFL      NO                                                                                                                                                                                
SARITA     GMAT       YES                                                                                                                                                                               
SARITA     GRE        NO                                                                                                                                                                                
SARITA     SAT        NO                                                                                                                                                                                
SARITA     TOEFL      NO                                                                                                                                                                                

12 rows selected.

SQL> SELECT * FROM MPSSTAFF;

NAME                                                                                                                                                                                                    
----------                                                                                                                                                                                              
ASHWIN                                                                                                                                                                                                  
SARITA                                                                                                                                                                                                  
BIMAL                                                                                                                                                                                                   

SQL> SELECT * FROM MPSSUBJECT;

NAME                                                                                                                                                                                                    
----------                                                                                                                                                                                              
TOEFL                                                                                                                                                                                                   
GMAT                                                                                                                                                                                                    
SAT                                                                                                                                                                                                     
GRE                                                                                                                                                                                                     

SQL> SELECT * FROM MPSCENTEACH;
SELECT * FROM MPSCENTEACH
              *
ERROR at line 1:
ORA-00942: table or view does not exist 


SQL> SELECT * FROM MPSCANTEACH;

STAFF      SUBJECT                                                                                                                                                                                      
---------- ----------                                                                                                                                                                                   
ASHWIN     TOEFL                                                                                                                                                                                        
ASHWIN     GRE                                                                                                                                                                                          
SARITA     GMAT                                                                                                                                                                                         
BIMAL      SAT                                                                                                                                                                                          

SQL> SELECT T.NAME STAFF , B.NAME SUBJECT FROM MPSSTAFF T CROSS JOIN MPSSUBJECT B;

STAFF      SUBJECT                                                                                                                                                                                      
---------- ----------                                                                                                                                                                                   
ASHWIN     TOEFL                                                                                                                                                                                        
ASHWIN     GMAT                                                                                                                                                                                         
ASHWIN     SAT                                                                                                                                                                                          
ASHWIN     GRE                                                                                                                                                                                          
SARITA     TOEFL                                                                                                                                                                                        
SARITA     GMAT                                                                                                                                                                                         
SARITA     SAT                                                                                                                                                                                          
SARITA     GRE                                                                                                                                                                                          
BIMAL      TOEFL                                                                                                                                                                                        
BIMAL      GMAT                                                                                                                                                                                         
BIMAL      SAT                                                                                                                                                                                          
BIMAL      GRE                                                                                                                                                                                          

12 rows selected.

SQL> SELECT T.NAME STAFF , B.NAME SUBJECT , 'NO  ' "CAN?" FROM MPSSTAFF T CROSS JOIN MPSSUBJECT B;

STAFF      SUBJECT    CAN?                                                                                                                                                                              
---------- ---------- ----                                                                                                                                                                              
ASHWIN     TOEFL      NO                                                                                                                                                                                
ASHWIN     GMAT       NO                                                                                                                                                                                
ASHWIN     SAT        NO                                                                                                                                                                                
ASHWIN     GRE        NO                                                                                                                                                                                
SARITA     TOEFL      NO                                                                                                                                                                                
SARITA     GMAT       NO                                                                                                                                                                                
SARITA     SAT        NO                                                                                                                                                                                
SARITA     GRE        NO                                                                                                                                                                                
BIMAL      TOEFL      NO                                                                                                                                                                                
BIMAL      GMAT       NO                                                                                                                                                                                
BIMAL      SAT        NO                                                                                                                                                                                
BIMAL      GRE        NO                                                                                                                                                                                

12 rows selected.

SQL> SELECT T.NAME STAFF , B.NAME SUBJECT , 'NO  ' "CAN?" FROM MPSSTAFF T CROSS JOIN MPSSUBJECT B
  2  MINUS
  3  SELECT STAFF , SUBJECT , 'NO  ' FROM MPSCANTEACH;

STAFF      SUBJECT    CAN?                                                                                                                                                                              
---------- ---------- ----                                                                                                                                                                              
ASHWIN     GMAT       NO                                                                                                                                                                                
ASHWIN     SAT        NO                                                                                                                                                                                
BIMAL      GMAT       NO                                                                                                                                                                                
BIMAL      GRE        NO                                                                                                                                                                                
BIMAL      TOEFL      NO                                                                                                                                                                                
SARITA     GRE        NO                                                                                                                                                                                
SARITA     SAT        NO                                                                                                                                                                                
SARITA     TOEFL      NO                                                                                                                                                                                

8 rows selected.

SQL> SELECT * FROM MPSCANTEACH;

STAFF      SUBJECT                                                                                                                                                                                      
---------- ----------                                                                                                                                                                                   
ASHWIN     TOEFL                                                                                                                                                                                        
ASHWIN     GRE                                                                                                                                                                                          
SARITA     GMAT                                                                                                                                                                                         
BIMAL      SAT                                                                                                                                                                                          

SQL> SELECT T.NAME STAFF , B.NAME SUBJECT , 'NO  ' "CAN?" FROM MPSSTAFF T CROSS JOIN MPSSUBJECT B
  2  MINUS
  3  SELECT STAFF , SUBJECT , 'NO  ' FROM MPSCANTEACH
  4  UNION
  5  SELECT STAFF , SUBJECT , 'YES ' FROM MPSCANTEACH;

STAFF      SUBJECT    CAN?                                                                                                                                                                              
---------- ---------- ----                                                                                                                                                                              
ASHWIN     GMAT       NO                                                                                                                                                                                
ASHWIN     GRE        YES                                                                                                                                                                               
ASHWIN     SAT        NO                                                                                                                                                                                
ASHWIN     TOEFL      YES                                                                                                                                                                               
BIMAL      GMAT       NO                                                                                                                                                                                
BIMAL      GRE        NO                                                                                                                                                                                
BIMAL      SAT        YES                                                                                                                                                                               
BIMAL      TOEFL      NO                                                                                                                                                                                
SARITA     GMAT       YES                                                                                                                                                                               
SARITA     GRE        NO                                                                                                                                                                                
SARITA     SAT        NO                                                                                                                                                                                
SARITA     TOEFL      NO                                                                                                                                                                                

12 rows selected.

SQL> REM SUB QUERY , JOIN
SQL> 
SQL> REM SUB QUERY + JOIN
SQL> 
SQL> SELECT * FROM MPSSTAFF;

NAME                                                                                                                                                                                                    
----------                                                                                                                                                                                              
ASHWIN                                                                                                                                                                                                  
SARITA                                                                                                                                                                                                  
BIMAL                                                                                                                                                                                                   

SQL> SELECT * FROM MPSSUBJECT;

NAME                                                                                                                                                                                                    
----------                                                                                                                                                                                              
TOEFL                                                                                                                                                                                                   
GMAT                                                                                                                                                                                                    
SAT                                                                                                                                                                                                     
GRE                                                                                                                                                                                                     

SQL> SELECT * FROM MPSCANTEACH;

STAFF      SUBJECT                                                                                                                                                                                      
---------- ----------                                                                                                                                                                                   
ASHWIN     TOEFL                                                                                                                                                                                        
ASHWIN     GRE                                                                                                                                                                                          
SARITA     GMAT                                                                                                                                                                                         
BIMAL      SAT                                                                                                                                                                                          

SQL> SELECT T.NAME STAFF , B.NAME SUBJECT ,
  2  CASE WHEN (T.NAME , B.NAME) IN (SELECT * FROM MPSCANTEACH) THEN 'YES ' ELSE 'NO  ' END "CAN?"
  3  FROM MPSSTAFF T CROSS JOIN MPSSUBJECT B;

STAFF      SUBJECT    CAN?                                                                                                                                                                              
---------- ---------- ----                                                                                                                                                                              
ASHWIN     TOEFL      YES                                                                                                                                                                               
ASHWIN     GMAT       NO                                                                                                                                                                                
ASHWIN     SAT        NO                                                                                                                                                                                
ASHWIN     GRE        YES                                                                                                                                                                               
SARITA     TOEFL      NO                                                                                                                                                                                
SARITA     GMAT       YES                                                                                                                                                                               
SARITA     SAT        NO                                                                                                                                                                                
SARITA     GRE        NO                                                                                                                                                                                
BIMAL      TOEFL      NO                                                                                                                                                                                
BIMAL      GMAT       NO                                                                                                                                                                                
BIMAL      SAT        YES                                                                                                                                                                               
BIMAL      GRE        NO                                                                                                                                                                                

12 rows selected.

SQL> SELECT * FROM EMPLOYEES;

EMPLOYEE_ID FIRST_NAME LAST_NAME  EMAIL      PHONE_NUMBER         HIRE_DATE JOB_ID         SALARY COMMISSION_PCT MANAGER_ID DEPARTMENT_ID                                                               
----------- ---------- ---------- ---------- -------------------- --------- ---------- ---------- -------------- ---------- -------------                                                               
        100 Steven     King       SKING      515.123.4567         17-JUL-87 AD_PRES         24000                                      90                                                               
        101 Neena      Kochhar    NKOCHHAR   515.123.4568         21-SEP-89 AD_VP           17000                       100            90                                                               
        102 Lex        De Haan    LDEHAAN    515.123.4569         13-JAN-93 AD_VP           17000                       100            90                                                               
        103 Alexander  Hunold     AHUNOLD    590.423.4567         03-JAN-90 IT_PROG          9000                       102            60                                                               
        104 Bruce      Ernst      BERNST     590.423.4568         21-MAY-91 IT_PROG          6000                       103            60                                                               
        107 Diana      Lorentz    DLORENTZ   590.423.5567         07-FEB-99 IT_PROG          4200                       103            60                                                               
        124 Kevin      Mourgos    KMOURGOS   650.123.5234         16-NOV-99 ST_MAN           5800                       100            50                                                               
        141 Trenna     Rajs                  650.121.8009         17-OCT-95 ST_CLERK         3500                       124            50                                                               
        142 Curtis     Davies     CDAVIES    650.121.2994         29-JAN-97 ST_CLERK         3100                       124            50                                                               
        143 Randall    Matos      RMATOS     650.121.2874         15-MAR-98 ST_CLERK         2600                       124            50                                                               
        144 Peter      Vargas     PVARGAS    650.121.2004         09-JUL-98 ST_CLERK         2500                       124            50                                                               
        149 Eleni      Zlotkey    EZLOTKEY   011.44.1344.429018   29-JAN-00 SA_MAN          10500             .2        100            80                                                               
        174 Ellen      Abel       EABEL      011.44.1644.429267   11-MAY-96 SA_REP          11000             .3        149            80                                                               
        176 Jonathon   Taylor     JTAYLOR    011.44.1644.429265   24-MAR-98 SA_REP           8600             .3        149            80                                                               
        178 Kimerely   Grant      KGRANT     011.44.1644.429263   24-MAY-99 SA_REP           7000            .15        149                                                                             
        200 Jennifer   Whalen     JWHALEN    515.123.4444         17-SEP-87 AD_ASST          4400                       101            10                                                               
        201 Michael    Hartstein  MHARTSTE   515.123.5555         17-FEB-96 MK_MAN          13000                       100            20                                                               
        202 Pat        Fay        PFAY       603.123.6666         17-AUG-97 MK_REP           6000                       201            20                                                               
        205 Shelley    Higgins    SHIGGINS   515.123.8080         07-JUN-94 AC_MGR          12000                       101           110                                                               
        206 William    Gietz      WGIETZ     515.123.8181         07-JUN-94 AC_ACCOUNT       8300                       205           110                                                               

20 rows selected.

SQL> SELECT * FROM JOB_HISTORY;

EMPLOYEE_ID START_DAT END_DATE  JOB_ID     DEPARTMENT_ID                                                                                                                                                
----------- --------- --------- ---------- -------------                                                                                                                                                
        102 13-JAN-93 24-JUL-98 IT_PROG               60                                                                                                                                                
        101 21-SEP-89 27-OCT-93 AC_ACCOUNT           110                                                                                                                                                
        101 28-OCT-93 15-MAR-97 AC_MGR               110                                                                                                                                                
        201 17-FEB-96 19-DEC-99 MK_REP                20                                                                                                                                                
        114 24-MAR-98 31-DEC-99 ST_CLERK              50                                                                                                                                                
        122 01-JAN-99 31-DEC-99 ST_CLERK              50                                                                                                                                                
        200 17-SEP-87 17-JUN-93 AD_ASST               90                                                                                                                                                
        176 24-MAR-98 31-DEC-98 SA_REP                80                                                                                                                                                
        176 01-JAN-99 31-DEC-99 SA_MAN                80                                                                                                                                                
        200 01-JUL-94 31-DEC-98 AC_ACCOUNT            90                                                                                                                                                

10 rows selected.

SQL> REM DISPLAY FIRST_NAME FOR THOSE WHO HAVE GOT PROMOTION.
SQL> 
SQL> REM DISPLAY FIRST_NAME FOR THOSE EXISTING EMPLOYEES, WHO HAVE GOT PROMOTION.
SQL> 
SQL> REM DISPLAY FIRST_NAME FOR THOSE EXISTING EMPLOYEES, WHO HAVE NOT ANY GOT PROMOTION.
SQL> 
SQL> REM DISPLAY EMPLOYEE_ID WHO HAVE LEFT THE COMPANY.
SQL> 
SQL> M
SP2-0042: unknown command "M" - rest of line ignored.
SQL> 
SQL> 
SQL> 
SQL> SPSPOOL OFF
SP2-0734: unknown command beginning "SPSPOOL OF..." - rest of line ignored.
SQL> SPOOL OFF
