SQL> 
SQL> REM SUMMARY / GROUP / AGGREGATE / MULTI ROW FUNCTIONS :
SQL> 
SQL> REM LIST OF SUMMARY FUNCTIONS : MIN MAX COUNT SUM AVG
SQL> 
SQL> REM MULTI ROW : IT TAKES MULTIPLE ROWS AS INPUT AND MAY RETURN SINGLE OR MULTIPLE ROWS
SQL> 
SQL> SELECT SALARY FROM EMPLOYEES ORDER BY 1;

    SALARY                                                                                                                                                                                              
----------                                                                                                                                                                                              
      2500                                                                                                                                                                                              
      2600                                                                                                                                                                                              
      3100                                                                                                                                                                                              
      3500                                                                                                                                                                                              
      4200                                                                                                                                                                                              
      4400                                                                                                                                                                                              
      5800                                                                                                                                                                                              
      6000                                                                                                                                                                                              
      6000                                                                                                                                                                                              
      7000                                                                                                                                                                                              
      8300                                                                                                                                                                                              
      8600                                                                                                                                                                                              
      9000                                                                                                                                                                                              
     10500                                                                                                                                                                                              
     11000                                                                                                                                                                                              
     12000                                                                                                                                                                                              
     13000                                                                                                                                                                                              
     17000                                                                                                                                                                                              
     17000                                                                                                                                                                                              
     24000                                                                                                                                                                                              

20 rows selected.

SQL> SELECT MIN(SALARY) FROM EMPLOYEES ORDER BY 1;

MIN(SALARY)                                                                                                                                                                                             
-----------                                                                                                                                                                                             
       2500                                                                                                                                                                                             

SQL> REM MIN : LOWEST
SQL> 
SQL> REM MAX : HIGHEST
SQL> 
SQL> REM COUNT : NUMBER OF ROWS
SQL> 
SQL> REM SUM : TOTAL
SQL> 
SQL> REM AVG : AVERAGE
SQL> 
SQL> REM IF WE OMIT GROUP BY CLAUSE, SUMMARY FUNCTION RETURNS SINGLE ROW
SQL> 
SQL> REM IF WE USE GROUP BY CLAUSE, SUMMARY FUNCTION RETURNS MULTIPLE ROWS
SQL> 
SQL> SELECT MAX(SALARY) FROM EMPLOYEES;

MAX(SALARY)                                                                                                                                                                                             
-----------                                                                                                                                                                                             
      24000                                                                                                                                                                                             

SQL> SELECT DEPARTMENTID , SALARY FROM EMPLOYEES ORDER BY 1,2;
SELECT DEPARTMENTID , SALARY FROM EMPLOYEES ORDER BY 1,2
       *
ERROR at line 1:
ORA-00904: "DEPARTMENTID": invalid identifier 


SQL> SELECT DEPARTMENT_ID , SALARY FROM EMPLOYEES ORDER BY 1,2;

DEPARTMENT_ID     SALARY                                                                                                                                                                                
------------- ----------                                                                                                                                                                                
           10       4400                                                                                                                                                                                
           20       6000                                                                                                                                                                                
           20      13000                                                                                                                                                                                
           50       2500                                                                                                                                                                                
           50       2600                                                                                                                                                                                
           50       3100                                                                                                                                                                                
           50       3500                                                                                                                                                                                
           50       5800                                                                                                                                                                                
           60       4200                                                                                                                                                                                
           60       6000                                                                                                                                                                                
           60       9000                                                                                                                                                                                
           80       8600                                                                                                                                                                                
           80      10500                                                                                                                                                                                
           80      11000                                                                                                                                                                                
           90      17000                                                                                                                                                                                
           90      17000                                                                                                                                                                                
           90      24000                                                                                                                                                                                
          110       8300                                                                                                                                                                                
          110      12000                                                                                                                                                                                
                    7000                                                                                                                                                                                

20 rows selected.

SQL> SELECT DEPARTMENT_ID , MAX(SALARY) FROM EMPLOYEES GROUP BY DEPARTMENT_ID ORDER BY 1,2;

DEPARTMENT_ID MAX(SALARY)                                                                                                                                                                               
------------- -----------                                                                                                                                                                               
           10        4400                                                                                                                                                                               
           20       13000                                                                                                                                                                               
           50        5800                                                                                                                                                                               
           60        9000                                                                                                                                                                               
           80       11000                                                                                                                                                                               
           90       24000                                                                                                                                                                               
          110       12000                                                                                                                                                                               
                     7000                                                                                                                                                                               

8 rows selected.

SQL> REM NUMBER INPUTS WITH SUMMARY FUNCTIONS
SQL> 
SQL> SELECT SALARY FROM EMPLOYEES ORDER BY 1;

    SALARY                                                                                                                                                                                              
----------                                                                                                                                                                                              
      2500                                                                                                                                                                                              
      2600                                                                                                                                                                                              
      3100                                                                                                                                                                                              
      3500                                                                                                                                                                                              
      4200                                                                                                                                                                                              
      4400                                                                                                                                                                                              
      5800                                                                                                                                                                                              
      6000                                                                                                                                                                                              
      6000                                                                                                                                                                                              
      7000                                                                                                                                                                                              
      8300                                                                                                                                                                                              
      8600                                                                                                                                                                                              
      9000                                                                                                                                                                                              
     10500                                                                                                                                                                                              
     11000                                                                                                                                                                                              
     12000                                                                                                                                                                                              
     13000                                                                                                                                                                                              
     17000                                                                                                                                                                                              
     17000                                                                                                                                                                                              
     24000                                                                                                                                                                                              

20 rows selected.

SQL> SELECT MIN(SALARY) , MAX(SALARY) , COUNT(SALARY) , SUM(SALARY) , AVG(SALARY) FROM EMPLOYEES;

MIN(SALARY) MAX(SALARY) COUNT(SALARY) SUM(SALARY) AVG(SALARY)                                                                                                                                           
----------- ----------- ------------- ----------- -----------                                                                                                                                           
       2500       24000            20      175500        8775                                                                                                                                           

SQL> SELECT COMMISSION_PCT FROM EMPLOYEES;

COMMISSION_PCT                                                                                                                                                                                          
--------------                                                                                                                                                                                          
                                                                                                                                                                                                        
                                                                                                                                                                                                        
                                                                                                                                                                                                        
                                                                                                                                                                                                        
                                                                                                                                                                                                        
                                                                                                                                                                                                        
                                                                                                                                                                                                        
                                                                                                                                                                                                        
                                                                                                                                                                                                        
                                                                                                                                                                                                        
                                                                                                                                                                                                        
            .2                                                                                                                                                                                          
            .3                                                                                                                                                                                          
            .3                                                                                                                                                                                          
           .15                                                                                                                                                                                          
                                                                                                                                                                                                        
                                                                                                                                                                                                        
                                                                                                                                                                                                        
                                                                                                                                                                                                        
                                                                                                                                                                                                        

20 rows selected.

SQL> SELECT COUNT(COMMISSION_PCT) FROM EMPLOYEES;

COUNT(COMMISSION_PCT)                                                                                                                                                                                   
---------------------                                                                                                                                                                                   
                    4                                                                                                                                                                                   

SQL> SELECT COUNT(DISTINCT COMMISSION_PCT) FROM EMPLOYEES;

COUNT(DISTINCTCOMMISSION_PCT)                                                                                                                                                                           
-----------------------------                                                                                                                                                                           
                            3                                                                                                                                                                           

SQL> SELECT COUNT(*) FROM EMPLOYEES;

  COUNT(*)                                                                                                                                                                                              
----------                                                                                                                                                                                              
        20                                                                                                                                                                                              

SQL> SELECT COUNT(DISTINCT *) FROM EMPLOYEES;
SELECT COUNT(DISTINCT *) FROM EMPLOYEES
                      *
ERROR at line 1:
ORA-00936: missing expression 


SQL> SELECT DEPARTMENT_ID , MANAGER_ID FROM EMPLOYEES;

DEPARTMENT_ID MANAGER_ID                                                                                                                                                                                
------------- ----------                                                                                                                                                                                
           90                                                                                                                                                                                           
           90        100                                                                                                                                                                                
           90        100                                                                                                                                                                                
           60        102                                                                                                                                                                                
           60        103                                                                                                                                                                                
           60        103                                                                                                                                                                                
           50        100                                                                                                                                                                                
           50        124                                                                                                                                                                                
           50        124                                                                                                                                                                                
           50        124                                                                                                                                                                                
           50        124                                                                                                                                                                                
           80        100                                                                                                                                                                                
           80        149                                                                                                                                                                                
           80        149                                                                                                                                                                                
                     149                                                                                                                                                                                
           10        101                                                                                                                                                                                
           20        100                                                                                                                                                                                
           20        201                                                                                                                                                                                
          110        101                                                                                                                                                                                
          110        205                                                                                                                                                                                

20 rows selected.

SQL> SELECT DEPARTMENT_ID , MANAGER_ID FROM EMPLOYEES ORDER BY 1,2;

DEPARTMENT_ID MANAGER_ID                                                                                                                                                                                
------------- ----------                                                                                                                                                                                
           10        101                                                                                                                                                                                
           20        100                                                                                                                                                                                
           20        201                                                                                                                                                                                
           50        100                                                                                                                                                                                
           50        124                                                                                                                                                                                
           50        124                                                                                                                                                                                
           50        124                                                                                                                                                                                
           50        124                                                                                                                                                                                
           60        102                                                                                                                                                                                
           60        103                                                                                                                                                                                
           60        103                                                                                                                                                                                
           80        100                                                                                                                                                                                
           80        149                                                                                                                                                                                
           80        149                                                                                                                                                                                
           90        100                                                                                                                                                                                
           90        100                                                                                                                                                                                
           90                                                                                                                                                                                           
          110        101                                                                                                                                                                                
          110        205                                                                                                                                                                                
                     149                                                                                                                                                                                

20 rows selected.

SQL> SELECT COUNT(DEPARTMENT_ID + MANAGER_ID) FROM EMPLOYEES ORDER BY 1,2;
SELECT COUNT(DEPARTMENT_ID + MANAGER_ID) FROM EMPLOYEES ORDER BY 1,2
                                                                   *
ERROR at line 1:
ORA-01785: ORDER BY item must be the number of a SELECT-list expression 


SQL> SELECT COUNT(DEPARTMENT_ID + MANAGER_ID) FROM EMPLOYEES ORDER BY 1;

COUNT(DEPARTMENT_ID+MANAGER_ID)                                                                                                                                                                         
-------------------------------                                                                                                                                                                         
                             18                                                                                                                                                                         

SQL> SELECT DEPARTMENT_ID , MANAGER_ID FROM EMPLOYEES ORDER BY 1,2;

DEPARTMENT_ID MANAGER_ID                                                                                                                                                                                
------------- ----------                                                                                                                                                                                
           10        101                                                                                                                                                                                
           20        100                                                                                                                                                                                
           20        201                                                                                                                                                                                
           50        100                                                                                                                                                                                
           50        124                                                                                                                                                                                
           50        124                                                                                                                                                                                
           50        124                                                                                                                                                                                
           50        124                                                                                                                                                                                
           60        102                                                                                                                                                                                
           60        103                                                                                                                                                                                
           60        103                                                                                                                                                                                
           80        100                                                                                                                                                                                
           80        149                                                                                                                                                                                
           80        149                                                                                                                                                                                
           90        100                                                                                                                                                                                
           90        100                                                                                                                                                                                
           90                                                                                                                                                                                           
          110        101                                                                                                                                                                                
          110        205                                                                                                                                                                                
                     149                                                                                                                                                                                

20 rows selected.

SQL> SELECT COUNT(DISTINCT DEPARTMENT_ID || MANAGER_ID) FROM EMPLOYEES ORDER BY 1;

COUNT(DISTINCTDEPARTMENT_ID||MANAGER_ID)                                                                                                                                                                
----------------------------------------                                                                                                                                                                
                                      14                                                                                                                                                                

SQL> SELECT SALARY FROM EMPLOYEES ORDER BY 1;

    SALARY                                                                                                                                                                                              
----------                                                                                                                                                                                              
      2500                                                                                                                                                                                              
      2600                                                                                                                                                                                              
      3100                                                                                                                                                                                              
      3500                                                                                                                                                                                              
      4200                                                                                                                                                                                              
      4400                                                                                                                                                                                              
      5800                                                                                                                                                                                              
      6000                                                                                                                                                                                              
      6000                                                                                                                                                                                              
      7000                                                                                                                                                                                              
      8300                                                                                                                                                                                              
      8600                                                                                                                                                                                              
      9000                                                                                                                                                                                              
     10500                                                                                                                                                                                              
     11000                                                                                                                                                                                              
     12000                                                                                                                                                                                              
     13000                                                                                                                                                                                              
     17000                                                                                                                                                                                              
     17000                                                                                                                                                                                              
     24000                                                                                                                                                                                              

20 rows selected.

SQL> SELECT SUM(SALARY) - SUM(DISTINCT SALARY) FROM EMPLOYEES ORDER BY 1;

SUM(SALARY)-SUM(DISTINCTSALARY)                                                                                                                                                                         
-------------------------------                                                                                                                                                                         
                          23000                                                                                                                                                                         

SQL> REM DATE INPUTS WITH SUMMARY FUNCTIONS
SQL> 
SQL> SELECT HIRE_DATE FROM EMPLOYEES ORDER BY 1;

HIRE_DATE                                                                                                                                                                                               
---------                                                                                                                                                                                               
17-JUL-87                                                                                                                                                                                               
17-SEP-87                                                                                                                                                                                               
21-SEP-89                                                                                                                                                                                               
03-JAN-90                                                                                                                                                                                               
21-MAY-91                                                                                                                                                                                               
13-JAN-93                                                                                                                                                                                               
07-JUN-94                                                                                                                                                                                               
07-JUN-94                                                                                                                                                                                               
17-OCT-95                                                                                                                                                                                               
17-FEB-96                                                                                                                                                                                               
11-MAY-96                                                                                                                                                                                               
29-JAN-97                                                                                                                                                                                               
17-AUG-97                                                                                                                                                                                               
15-MAR-98                                                                                                                                                                                               
24-MAR-98                                                                                                                                                                                               
09-JUL-98                                                                                                                                                                                               
07-FEB-99                                                                                                                                                                                               
24-MAY-99                                                                                                                                                                                               
16-NOV-99                                                                                                                                                                                               
29-JAN-00                                                                                                                                                                                               

20 rows selected.

SQL> SELECT MIN(HIRE_DATE) , MAX(HIRE_DATE) , COUNT(HIRE_DATE) FROM EMPLOYEES;

MIN(HIRE_ MAX(HIRE_ COUNT(HIRE_DATE)                                                                                                                                                                    
--------- --------- ----------------                                                                                                                                                                    
17-JUL-87 29-JAN-00               20                                                                                                                                                                    

SQL> SELECT COUNT(UNIQUE HIRE_DATE) FROM EMPLOYEES;

COUNT(UNIQUEHIRE_DATE)                                                                                                                                                                                  
----------------------                                                                                                                                                                                  
                    19                                                                                                                                                                                  

SQL> SELECT HIRE_DATE FROM EMPLOYEES ORDER BY 1;

HIRE_DATE                                                                                                                                                                                               
---------                                                                                                                                                                                               
17-JUL-87                                                                                                                                                                                               
17-SEP-87                                                                                                                                                                                               
21-SEP-89                                                                                                                                                                                               
03-JAN-90                                                                                                                                                                                               
21-MAY-91                                                                                                                                                                                               
13-JAN-93                                                                                                                                                                                               
07-JUN-94                                                                                                                                                                                               
07-JUN-94                                                                                                                                                                                               
17-OCT-95                                                                                                                                                                                               
17-FEB-96                                                                                                                                                                                               
11-MAY-96                                                                                                                                                                                               
29-JAN-97                                                                                                                                                                                               
17-AUG-97                                                                                                                                                                                               
15-MAR-98                                                                                                                                                                                               
24-MAR-98                                                                                                                                                                                               
09-JUL-98                                                                                                                                                                                               
07-FEB-99                                                                                                                                                                                               
24-MAY-99                                                                                                                                                                                               
16-NOV-99                                                                                                                                                                                               
29-JAN-00                                                                                                                                                                                               

20 rows selected.

SQL> SELECT SUM(HIRE_DATE) FROM EMPLOYEES;
SELECT SUM(HIRE_DATE) FROM EMPLOYEES
           *
ERROR at line 1:
ORA-00932: inconsistent datatypes: expected NUMBER got DATE 


SQL> SELECT SUM(COMMISSION_PCT) / COUNT(COMMISSION_PCT) , AVG(COMMISSION_PCT) FROM EMPLOYEES;

SUM(COMMISSION_PCT)/COUNT(COMMISSION_PCT) AVG(COMMISSION_PCT)                                                                                                                                           
----------------------------------------- -------------------                                                                                                                                           
                                    .2375               .2375                                                                                                                                           

SQL> SELECT SUM(COMMISSION_PCT) / COUNT(*) , AVG(COMMISSION_PCT) FROM EMPLOYEES;

SUM(COMMISSION_PCT)/COUNT(*) AVG(COMMISSION_PCT)                                                                                                                                                        
---------------------------- -------------------                                                                                                                                                        
                       .0475               .2375                                                                                                                                                        

SQL> SELECT AVG(HIRE_DATE) FROM EMPLOYEES;
SELECT AVG(HIRE_DATE) FROM EMPLOYEES
           *
ERROR at line 1:
ORA-00932: inconsistent datatypes: expected NUMBER got DATE 


SQL> 
SQL> REM SUM AND AVG WILL NOT SUPPORT DATE INPUT.
SQL> 
SQL> REM CHARACTER INPUT WITH SUMMARY FUNCTIONS
SQL> 
SQL> 
SQL> SELECT FIRST_NAME FROM EMPLOYEES;

FIRST_NAME                                                                                                                                                                                              
----------                                                                                                                                                                                              
Steven                                                                                                                                                                                                  
Neena                                                                                                                                                                                                   
Lex                                                                                                                                                                                                     
Alexander                                                                                                                                                                                               
Bruce                                                                                                                                                                                                   
Diana                                                                                                                                                                                                   
Kevin                                                                                                                                                                                                   
Trenna                                                                                                                                                                                                  
Curtis                                                                                                                                                                                                  
Randall                                                                                                                                                                                                 
Peter                                                                                                                                                                                                   
Eleni                                                                                                                                                                                                   
Ellen                                                                                                                                                                                                   
Jonathon                                                                                                                                                                                                
Kimerely                                                                                                                                                                                                
Jennifer                                                                                                                                                                                                
Michael                                                                                                                                                                                                 
Pat                                                                                                                                                                                                     
Shelley                                                                                                                                                                                                 
William                                                                                                                                                                                                 

20 rows selected.

SQL> SELECT MIN(FIRST_NAME) , MAX(FIRST_NAME) FROM EMPLOYEES;

MIN(FIRST_ MAX(FIRST_                                                                                                                                                                                   
---------- ----------                                                                                                                                                                                   
Alexander  William                                                                                                                                                                                      

SQL> 
SQL> SELECT COUNT(FIRST_NAME) FROM EMPLOYEES;

COUNT(FIRST_NAME)                                                                                                                                                                                       
-----------------                                                                                                                                                                                       
               20                                                                                                                                                                                       

SQL> SELECT SUM(FIRST_NAME) FROM EMPLOYEES;
SELECT SUM(FIRST_NAME) FROM EMPLOYEES
           *
ERROR at line 1:
ORA-01722: invalid number 


SQL> SELECT AVG(FIRST_NAME) FROM EMPLOYEES;
SELECT AVG(FIRST_NAME) FROM EMPLOYEES
           *
ERROR at line 1:
ORA-01722: invalid number 


SQL> REM SUM AND AVG WILL NOT SUPPORT CHARACTER INPUT.
SQL> 
SQL> REM DISPLAY TOTAL SALARY PAID BY COMPANY.
SQL> 
SQL> SELECT SUM(SALARY) FROM EMPLOYEES;

SUM(SALARY)                                                                                                                                                                                             
-----------                                                                                                                                                                                             
     175500                                                                                                                                                                                             

SQL> REM DISPLAY THE DATE ON WHICH FIRST EMPLOYEE WAS HIRED
SQL> 
SQL> SELECT MIN(HIRE_DATE) FROM EMPLOYEES;

MIN(HIRE_                                                                                                                                                                                               
---------                                                                                                                                                                                               
17-JUL-87                                                                                                                                                                                               

SQL> REM DISPLAY HIGHEST COMMISSION_PCT PAID BY COMPANY
SQL> 
SQL> SELECT MAX(COMMISSION_PCT) FROM EMPLOYEES;

MAX(COMMISSION_PCT)                                                                                                                                                                                     
-------------------                                                                                                                                                                                     
                 .3                                                                                                                                                                                     

SQL> REM HOW MANY EMPLOYEES ARE NOT GETTING COMMISSION
SQL> 
SQL> SELECT COUNT(*) - COUNT(COMMISSION_PCT) FROM EMPLOYEES;

COUNT(*)-COUNT(COMMISSION_PCT)                                                                                                                                                                          
------------------------------                                                                                                                                                                          
                            16                                                                                                                                                                          

SQL> SELECT COUNT(*) FROM EMPLOYEES WHERE COMMISSION_PCT IS NULL;

  COUNT(*)                                                                                                                                                                                              
----------                                                                                                                                                                                              
        16                                                                                                                                                                                              

SQL> REM DISPLAY COUNT OF EMPLOYEES WHO WORKS AS IT_PROG
SQL> 
SQL> SELECT COUNT(*) FROM EMPLOYEES WHERE JOB_ID = 'IT_PROG';

  COUNT(*)                                                                                                                                                                                              
----------                                                                                                                                                                                              
         3                                                                                                                                                                                              

SQL> REM DISPLAY AVERAGE SALARY PAID TO DEPARTMENT 80
SQL> 
SQL> SELECT AVG(SALARY) FROM EMPLOYEES WHERE DEPARTMENT_ID = 80;

AVG(SALARY)                                                                                                                                                                                             
-----------                                                                                                                                                                                             
 10033.3333                                                                                                                                                                                             

SQL> REM DISPLAY LOWEST AND HIGHEST SALARY PAID TO THOSE WHO WERE HIRED IN YEAR 99
SQL> 
SQL> SELECT MIN(SALARY) , MAX(SALARY) FROM EMPLOYEES WHERE HIRE_DATE LIKE '%99';

MIN(SALARY) MAX(SALARY)                                                                                                                                                                                 
----------- -----------                                                                                                                                                                                 
       4200        7000                                                                                                                                                                                 

SQL> SELECT MIN(SALARY) , MAX(SALARY) FROM EMPLOYEES WHERE HIRE_DATE LIKE '__-___-99';

MIN(SALARY) MAX(SALARY)                                                                                                                                                                                 
----------- -----------                                                                                                                                                                                 
       4200        7000                                                                                                                                                                                 

SQL> SELECT MIN(SALARY) , MAX(SALARY) FROM EMPLOYEES WHERE HIRE_DATE BETWEEN '01-JAN-99' AND '31-DEC-99';

MIN(SALARY) MAX(SALARY)                                                                                                                                                                                 
----------- -----------                                                                                                                                                                                 
       4200        7000                                                                                                                                                                                 

SQL> SELECT MIN(SALARY) , MAX(SALARY) FROM EMPLOYEES WHERE HIRE_DATE >= '01-JAN-99' AND HIRE_DATE <= '31-DEC-99';

MIN(SALARY) MAX(SALARY)                                                                                                                                                                                 
----------- -----------                                                                                                                                                                                 
       4200        7000                                                                                                                                                                                 

SQL> SELECT MIN(SALARY) , MAX(SALARY) FROM EMPLOYEES WHERE TO_CHAR(HIRE_DATE,'RR') = '99';

MIN(SALARY) MAX(SALARY)                                                                                                                                                                                 
----------- -----------                                                                                                                                                                                 
       4200        7000                                                                                                                                                                                 

SQL> SELECT MIN(SALARY) , MAX(SALARY) FROM EMPLOYEES WHERE SUBSTR(HIRE_DATE,8) = 99;

MIN(SALARY) MAX(SALARY)                                                                                                                                                                                 
----------- -----------                                                                                                                                                                                 
       4200        7000                                                                                                                                                                                 

SQL> SELECT MIN(SALARY) , MAX(SALARY) FROM EMPLOYEES WHERE SUBSTR(HIRE_DATE,8) LIKE '99';

MIN(SALARY) MAX(SALARY)                                                                                                                                                                                 
----------- -----------                                                                                                                                                                                 
       4200        7000                                                                                                                                                                                 

SQL> SELECT * FROM EMPLOYEES;

EMPLOYEE_ID FIRST_NAME LAST_NAME  EMAIL      PHONE_NUMBER         HIRE_DATE JOB_ID         SALARY COMMISSION_PCT MANAGER_ID DEPARTMENT_ID                                                               
----------- ---------- ---------- ---------- -------------------- --------- ---------- ---------- -------------- ---------- -------------                                                               
        100 Steven     King       SKING      515.123.4567         17-JUL-87 AD_PRES         24000                                      90                                                               
        101 Neena      Kochhar    NKOCHHAR   515.123.4568         21-SEP-89 AD_VP           17000                       100            90                                                               
        102 Lex        De Haan    LDEHAAN    515.123.4569         13-JAN-93 AD_VP           17000                       100            90                                                               
        103 Alexander  Hunold     AHUNOLD    590.423.4567         03-JAN-90 IT_PROG          9000                       102            60                                                               
        104 Bruce      Ernst      BERNST     590.423.4568         21-MAY-91 IT_PROG          6000                       103            60                                                               
        107 Diana      Lorentz    DLORENTZ   590.423.5567         07-FEB-99 IT_PROG          4200                       103            60                                                               
        124 Kevin      Mourgos    KMOURGOS   650.123.5234         16-NOV-99 ST_MAN           5800                       100            50                                                               
        141 Trenna     Rajs       TRAJS      650.121.8009         17-OCT-95 ST_CLERK         3500                       124            50                                                               
        142 Curtis     Davies     CDAVIES    650.121.2994         29-JAN-97 ST_CLERK         3100                       124            50                                                               
        143 Randall    Matos      RMATOS     650.121.2874         15-MAR-98 ST_CLERK         2600                       124            50                                                               
        144 Peter      Vargas     PVARGAS    650.121.2004         09-JUL-98 ST_CLERK         2500                       124            50                                                               
        149 Eleni      Zlotkey    EZLOTKEY   011.44.1344.429018   29-JAN-00 SA_MAN          10500             .2        100            80                                                               
        174 Ellen      Abel       EABEL      011.44.1644.429267   11-MAY-96 SA_REP          11000             .3        149            80                                                               
        176 Jonathon   Taylor     JTAYLOR    011.44.1644.429265   24-MAR-98 SA_REP           8600             .3        149            80                                                               
        178 Kimerely   Grant      KGRANT     011.44.1644.429263   24-MAY-99 SA_REP           7000            .15        149                                                                             
        200 Jennifer   Whalen     JWHALEN    515.123.4444         17-SEP-87 AD_ASST          4400                       101            10                                                               
        201 Michael    Hartstein  MHARTSTE   515.123.5555         17-FEB-96 MK_MAN          13000                       100            20                                                               
        202 Pat        Fay        PFAY       603.123.6666         17-AUG-97 MK_REP           6000                       201            20                                                               
        205 Shelley    Higgins    SHIGGINS   515.123.8080         07-JUN-94 AC_MGR          12000                       101           110                                                               
        206 William    Gietz      WGIETZ     515.123.8181         07-JUN-94 AC_ACCOUNT       8300                       205           110                                                               

20 rows selected.

SQL> REM DISPLAY COUNT OF EMPLOYEES WHO WORKS IN DEPARTMENT 60 10 OR 110.
SQL> 
SQL> SELECT COUNT(*) FROM EMPLOYEES WHERE DEPARTMENT_ID IN (60,10,110);

  COUNT(*)                                                                                                                                                                                              
----------                                                                                                                                                                                              
         6                                                                                                                                                                                              

SQL> SELECT COUNT(*) FROM EMPLOYEES WHERE DEPARTMENT_ID = ANY (60,10,110);

  COUNT(*)                                                                                                                                                                                              
----------                                                                                                                                                                                              
         6                                                                                                                                                                                              

SQL> SELECT COUNT(*) FROM EMPLOYEES WHERE DEPARTMENT_ID = SOME (60,10,110);

  COUNT(*)                                                                                                                                                                                              
----------                                                                                                                                                                                              
         6                                                                                                                                                                                              

SQL> SELECT COUNT(*) FROM EMPLOYEES WHERE DEPARTMENT_ID = 60 OR DEPARTMENT_ID = 10 OR DEPARTMENT_ID = 110;

  COUNT(*)                                                                                                                                                                                              
----------                                                                                                                                                                                              
         6                                                                                                                                                                                              

SQL> REM GROUP BY + HAVING + NESTED SUMMARY FUNCTIONS + PCM (PIVOTE / CROSS TAB / MATRIX REPORT)
SQL> 
SQL> SPOOL OFF
