SQL> 
SQL> REM AVERAGE SALARY
SQL> 
SQL> SELECT AVG(SALARY) FROM EMPLOYEES;

AVG(SALARY)                                                                                                                                                                                             
-----------                                                                                                                                                                                             
       8775                                                                                                                                                                                             

SQL> SELECT AVG(SALARY) FROM EMPLOYEES WHERE DEPARTMENT_ID = 50;

AVG(SALARY)                                                                                                                                                                                             
-----------                                                                                                                                                                                             
       3500                                                                                                                                                                                             

SQL> SELECT AVG(SALARY) FROM EMPLOYEES WHERE DEPARTMENT_ID = 60;

AVG(SALARY)                                                                                                                                                                                             
-----------                                                                                                                                                                                             
       6400                                                                                                                                                                                             

SQL> SELECT AVG(SALARY) FROM EMPLOYEES WHERE DEPARTMENT_ID = 90;

AVG(SALARY)                                                                                                                                                                                             
-----------                                                                                                                                                                                             
 19333.3333                                                                                                                                                                                             

SQL> SELECT AVG(SALARY) FROM EMPLOYEES WHERE DEPARTMENT_ID = ANY (50,60,90);

AVG(SALARY)                                                                                                                                                                                             
-----------                                                                                                                                                                                             
 8609.09091                                                                                                                                                                                             

SQL> SELECT DEPARTMENT_ID , AVG(SALARY) FROM EMPLOYEES;
SELECT DEPARTMENT_ID , AVG(SALARY) FROM EMPLOYEES
       *
ERROR at line 1:
ORA-00937: not a single-group group function 


SQL> REM SUMMARY ITEMS : MIN MAX COUNT   SUM AVG
SQL> 
SQL> REM WHEN WE USE SUMMARY ITEMS WITH NON-SUMMARY ITEMS IN SELECT, ALL NON-SUMMARY ITEMS MUST BE PRESENT IN GROUP BY CLAUSE.
SQL> 
SQL> 
SQL> REM SELECT ... FROM ... WHERE ... GROUP BY / HAVING ... ORDER BY ... OFFSET ... FETCH ...;
SQL> 
SQL> 
SQL> SELECT DEPARTMENT_ID , SALARY FROM EMPLOYEES ORDER BY 1;

DEPARTMENT_ID     SALARY                                                                                                                                                                                
------------- ----------                                                                                                                                                                                
           10       4400                                                                                                                                                                                
           20      13000                                                                                                                                                                                
           20       6000                                                                                                                                                                                
           50       5800                                                                                                                                                                                
           50       2500                                                                                                                                                                                
           50       2600                                                                                                                                                                                
           50       3100                                                                                                                                                                                
           50       3500                                                                                                                                                                                
           60       4200                                                                                                                                                                                
           60       6000                                                                                                                                                                                
           60       9000                                                                                                                                                                                
           80      11000                                                                                                                                                                                
           80      10500                                                                                                                                                                                
           80       8600                                                                                                                                                                                
           90      17000                                                                                                                                                                                
           90      24000                                                                                                                                                                                
           90      17000                                                                                                                                                                                
          110       8300                                                                                                                                                                                
          110      12000                                                                                                                                                                                
                    7000                                                                                                                                                                                

20 rows selected.

SQL> SELECT DEPARTMENT_ID , AVG(SALARY) FROM EMPLOYEES GROUP BY DEPARTMENT_ID ORDER BY 1;

DEPARTMENT_ID AVG(SALARY)                                                                                                                                                                               
------------- -----------                                                                                                                                                                               
           10        4400                                                                                                                                                                               
           20        9500                                                                                                                                                                               
           50        3500                                                                                                                                                                               
           60        6400                                                                                                                                                                               
           80  10033.3333                                                                                                                                                                               
           90  19333.3333                                                                                                                                                                               
          110       10150                                                                                                                                                                               
                     7000                                                                                                                                                                               

8 rows selected.

SQL> REM GROUP BY : 1 FINDS DISTINCT VALUES FOR GROUP BY COLUMN 2 SEPARATES ALL ROWS IN GROUPS 3 GENERATES SUMMARY ROW FOR EACH GROUP
SQL> 
SQL> REM DISPLAY DEPARTMENT_ID WISE AVERAGE SALARY
SQL> 
SQL> SELECT DEPARTMENT_ID , AVG(SALARY) FROM EMPLOYEES GROUP BY DEPARTMENT_ID ORDER BY 1;

DEPARTMENT_ID AVG(SALARY)                                                                                                                                                                               
------------- -----------                                                                                                                                                                               
           10        4400                                                                                                                                                                               
           20        9500                                                                                                                                                                               
           50        3500                                                                                                                                                                               
           60        6400                                                                                                                                                                               
           80  10033.3333                                                                                                                                                                               
           90  19333.3333                                                                                                                                                                               
          110       10150                                                                                                                                                                               
                     7000                                                                                                                                                                               

8 rows selected.

SQL> SELECT DEPARTMENT_ID , AVG(SALARY) FROM EMPLOYEES GROUP BY DEPARTMENT_ID , SALARY ORDER BY 1;

DEPARTMENT_ID AVG(SALARY)                                                                                                                                                                               
------------- -----------                                                                                                                                                                               
           10        4400                                                                                                                                                                               
           20        6000                                                                                                                                                                               
           20       13000                                                                                                                                                                               
           50        2500                                                                                                                                                                               
           50        2600                                                                                                                                                                               
           50        3100                                                                                                                                                                               
           50        3500                                                                                                                                                                               
           50        5800                                                                                                                                                                               
           60        4200                                                                                                                                                                               
           60        6000                                                                                                                                                                               
           60        9000                                                                                                                                                                               
           80        8600                                                                                                                                                                               
           80       10500                                                                                                                                                                               
           80       11000                                                                                                                                                                               
           90       17000                                                                                                                                                                               
           90       24000                                                                                                                                                                               
          110        8300                                                                                                                                                                               
          110       12000                                                                                                                                                                               
                     7000                                                                                                                                                                               

19 rows selected.

SQL> SELECT * FROM EMPLOYEES;

EMPLOYEE_ID FIRST_NAME LAST_NAME  EMAIL      PHONE_NUMBER         HIRE_DATE JOB_ID         SALARY COMMISSION_PCT MANAGER_ID DEPARTMENT_ID                                                               
----------- ---------- ---------- ---------- -------------------- --------- ---------- ---------- -------------- ---------- -------------                                                               
        100 Steven     King       SKING      515.123.4567         17-JUL-87 AD_PRES         24000                                      90                                                               
        101 Neena      Kochhar    NKOCHHAR   515.123.4568         21-SEP-89 AD_VP           17000                       100            90                                                               
        102 Lex        De Haan    LDEHAAN    515.123.4569         13-JAN-93 AD_VP           17000                       100            90                                                               
        103 Alexander  Hunold     AHUNOLD    590.423.4567         03-JAN-90 IT_PROG          9000                       102            60                                                               
        104 Bruce      Ernst      BERNST     590.423.4568         21-MAY-91 IT_PROG          6000                       103            60                                                               
        107 Diana      Lorentz    DLORENTZ   590.423.5567         07-FEB-99 IT_PROG          4200                       103            60                                                               
        124 Kevin      Mourgos    KMOURGOS   650.123.5234         16-NOV-99 ST_MAN           5800                       100            50                                                               
        141 Trenna     Rajs       TRAJS      650.121.8009         17-OCT-95 ST_CLERK         3500                       124            50                                                               
        142 Curtis     Davies     CDAVIES    650.121.2994         29-JAN-97 ST_CLERK         3100                       124            50                                                               
        143 Randall    Matos      RMATOS     650.121.2874         15-MAR-98 ST_CLERK         2600                       124            50                                                               
        144 Peter      Vargas     PVARGAS    650.121.2004         09-JUL-98 ST_CLERK         2500                       124            50                                                               
        149 Eleni      Zlotkey    EZLOTKEY   011.44.1344.429018   29-JAN-00 SA_MAN          10500             .2        100            80                                                               
        174 Ellen      Abel       EABEL      011.44.1644.429267   11-MAY-96 SA_REP          11000             .3        149            80                                                               
        176 Jonathon   Taylor     JTAYLOR    011.44.1644.429265   24-MAR-98 SA_REP           8600             .3        149            80                                                               
        178 Kimerely   Grant      KGRANT     011.44.1644.429263   24-MAY-99 SA_REP           7000            .15        149                                                                             
        200 Jennifer   Whalen     JWHALEN    515.123.4444         17-SEP-87 AD_ASST          4400                       101            10                                                               
        201 Michael    Hartstein  MHARTSTE   515.123.5555         17-FEB-96 MK_MAN          13000                       100            20                                                               
        202 Pat        Fay        PFAY       603.123.6666         17-AUG-97 MK_REP           6000                       201            20                                                               
        205 Shelley    Higgins    SHIGGINS   515.123.8080         07-JUN-94 AC_MGR          12000                       101           110                                                               
        206 William    Gietz      WGIETZ     515.123.8181         07-JUN-94 AC_ACCOUNT       8300                       205           110                                                               

20 rows selected.

SQL> REM JOB_ID WISE LOWEST SALARY
SQL> 
SQL> SELECT JOB_ID , MIN(SALARY) FROM EMPLOYEES GROUP BY JOB_ID ORDER BY 1;

JOB_ID     MIN(SALARY)                                                                                                                                                                                  
---------- -----------                                                                                                                                                                                  
AC_ACCOUNT        8300                                                                                                                                                                                  
AC_MGR           12000                                                                                                                                                                                  
AD_ASST           4400                                                                                                                                                                                  
AD_PRES          24000                                                                                                                                                                                  
AD_VP            17000                                                                                                                                                                                  
IT_PROG           4200                                                                                                                                                                                  
MK_MAN           13000                                                                                                                                                                                  
MK_REP            6000                                                                                                                                                                                  
SA_MAN           10500                                                                                                                                                                                  
SA_REP            7000                                                                                                                                                                                  
ST_CLERK          2500                                                                                                                                                                                  
ST_MAN            5800                                                                                                                                                                                  

12 rows selected.

SQL> SELECT JOB_ID , SALARY FROM EMPLOYEES ORDER BY 1,2;

JOB_ID         SALARY                                                                                                                                                                                   
---------- ----------                                                                                                                                                                                   
AC_ACCOUNT       8300                                                                                                                                                                                   
AC_MGR          12000                                                                                                                                                                                   
AD_ASST          4400                                                                                                                                                                                   
AD_PRES         24000                                                                                                                                                                                   
AD_VP           17000                                                                                                                                                                                   
AD_VP           17000                                                                                                                                                                                   
IT_PROG          4200                                                                                                                                                                                   
IT_PROG          6000                                                                                                                                                                                   
IT_PROG          9000                                                                                                                                                                                   
MK_MAN          13000                                                                                                                                                                                   
MK_REP           6000                                                                                                                                                                                   
SA_MAN          10500                                                                                                                                                                                   
SA_REP           7000                                                                                                                                                                                   
SA_REP           8600                                                                                                                                                                                   
SA_REP          11000                                                                                                                                                                                   
ST_CLERK         2500                                                                                                                                                                                   
ST_CLERK         2600                                                                                                                                                                                   
ST_CLERK         3100                                                                                                                                                                                   
ST_CLERK         3500                                                                                                                                                                                   
ST_MAN           5800                                                                                                                                                                                   

20 rows selected.

SQL> REM DEPARTMENT_ID WISE NO. OF EMPLOYEES WORKING
SQL> 
SQL> SELECT DEPARTMENT_ID , COUNT(*) , COUNT(DEPARTMENT_ID) FROM EMPLOYEES GROUP BY DEPARTMENT_ID;

DEPARTMENT_ID   COUNT(*) COUNT(DEPARTMENT_ID)                                                                                                                                                           
------------- ---------- --------------------                                                                                                                                                           
                       1                    0                                                                                                                                                           
           90          3                    3                                                                                                                                                           
           20          2                    2                                                                                                                                                           
          110          2                    2                                                                                                                                                           
           50          5                    5                                                                                                                                                           
           80          3                    3                                                                                                                                                           
           60          3                    3                                                                                                                                                           
           10          1                    1                                                                                                                                                           

8 rows selected.

SQL> REM JOB_ID WISE LOWEST SALARY AND HIGHEST SALARY , DIFFERENCE
SQL> 
SQL> SELECT JOB_ID , MIN(SALARY) , MAX(SALARY) , MAX(SALARY) - MIN(SALARY) DIFFERENCE FROM EMPLOYEES GROUP BY JOB_ID ORDER BY 1;

JOB_ID     MIN(SALARY) MAX(SALARY) DIFFERENCE                                                                                                                                                           
---------- ----------- ----------- ----------                                                                                                                                                           
AC_ACCOUNT        8300        8300          0                                                                                                                                                           
AC_MGR           12000       12000          0                                                                                                                                                           
AD_ASST           4400        4400          0                                                                                                                                                           
AD_PRES          24000       24000          0                                                                                                                                                           
AD_VP            17000       17000          0                                                                                                                                                           
IT_PROG           4200        9000       4800                                                                                                                                                           
MK_MAN           13000       13000          0                                                                                                                                                           
MK_REP            6000        6000          0                                                                                                                                                           
SA_MAN           10500       10500          0                                                                                                                                                           
SA_REP            7000       11000       4000                                                                                                                                                           
ST_CLERK          2500        3500       1000                                                                                                                                                           
ST_MAN            5800        5800          0                                                                                                                                                           

12 rows selected.

SQL> REM DEPARTMENT_ID , MANAGER_ID WISE TOTAL SALARY
SQL> 
SQL> SELECT DEPARTMENT_ID , MANAGER_ID , SUM(SALARY) FROM EMPLOYEES GROUP BY DEPARTMENT_ID , MANAGER_ID ORDER BY 1,2;

DEPARTMENT_ID MANAGER_ID SUM(SALARY)                                                                                                                                                                    
------------- ---------- -----------                                                                                                                                                                    
           10        101        4400                                                                                                                                                                    
           20        100       13000                                                                                                                                                                    
           20        201        6000                                                                                                                                                                    
           50        100        5800                                                                                                                                                                    
           50        124       11700                                                                                                                                                                    
           60        102        9000                                                                                                                                                                    
           60        103       10200                                                                                                                                                                    
           80        100       10500                                                                                                                                                                    
           80        149       19600                                                                                                                                                                    
           90        100       34000                                                                                                                                                                    
           90                  24000                                                                                                                                                                    
          110        101       12000                                                                                                                                                                    
          110        205        8300                                                                                                                                                                    
                     149        7000                                                                                                                                                                    

14 rows selected.

SQL> SELECT DEPARTMENT_ID , MANAGER_ID , SUM(SALARY) FROM EMPLOYEES GROUP BY MANAGER_ID , DEPARTMENT_ID ORDER BY 1,2;

DEPARTMENT_ID MANAGER_ID SUM(SALARY)                                                                                                                                                                    
------------- ---------- -----------                                                                                                                                                                    
           10        101        4400                                                                                                                                                                    
           20        100       13000                                                                                                                                                                    
           20        201        6000                                                                                                                                                                    
           50        100        5800                                                                                                                                                                    
           50        124       11700                                                                                                                                                                    
           60        102        9000                                                                                                                                                                    
           60        103       10200                                                                                                                                                                    
           80        100       10500                                                                                                                                                                    
           80        149       19600                                                                                                                                                                    
           90        100       34000                                                                                                                                                                    
           90                  24000                                                                                                                                                                    
          110        101       12000                                                                                                                                                                    
          110        205        8300                                                                                                                                                                    
                     149        7000                                                                                                                                                                    

14 rows selected.

SQL> SELECT DEPARTMENT_ID , MANAGER_ID , SUM(SALARY) FROM EMPLOYEES GROUP BY MANAGER_ID ORDER BY 1,2;
SELECT DEPARTMENT_ID , MANAGER_ID , SUM(SALARY) FROM EMPLOYEES GROUP BY MANAGER_ID ORDER BY 1,2
       *
ERROR at line 1:
ORA-00979: not a GROUP BY expression 


SQL> SELECT DEPARTMENT_ID , SUM(SALARY) FROM EMPLOYEES GROUP BY MANAGER_ID , DEPARTMENT_ID ORDER BY 1,2;

DEPARTMENT_ID SUM(SALARY)                                                                                                                                                                               
------------- -----------                                                                                                                                                                               
           10        4400                                                                                                                                                                               
           20        6000                                                                                                                                                                               
           20       13000                                                                                                                                                                               
           50        5800                                                                                                                                                                               
           50       11700                                                                                                                                                                               
           60        9000                                                                                                                                                                               
           60       10200                                                                                                                                                                               
           80       10500                                                                                                                                                                               
           80       19600                                                                                                                                                                               
           90       24000                                                                                                                                                                               
           90       34000                                                                                                                                                                               
          110        8300                                                                                                                                                                               
          110       12000                                                                                                                                                                               
                     7000                                                                                                                                                                               

14 rows selected.

SQL> SELECT JOB_ID , SUM(SALARY) FROM EMPLOYEES GROUP BY JOB_ID ORDER BY 1,2;

JOB_ID     SUM(SALARY)                                                                                                                                                                                  
---------- -----------                                                                                                                                                                                  
AC_ACCOUNT        8300                                                                                                                                                                                  
AC_MGR           12000                                                                                                                                                                                  
AD_ASST           4400                                                                                                                                                                                  
AD_PRES          24000                                                                                                                                                                                  
AD_VP            34000                                                                                                                                                                                  
IT_PROG          19200                                                                                                                                                                                  
MK_MAN           13000                                                                                                                                                                                  
MK_REP            6000                                                                                                                                                                                  
SA_MAN           10500                                                                                                                                                                                  
SA_REP           26600                                                                                                                                                                                  
ST_CLERK         11700                                                                                                                                                                                  
ST_MAN            5800                                                                                                                                                                                  

12 rows selected.

SQL> SELECT JOB_ID , SUM(SALARY) FROM EMPLOYEES GROUP BY LOWER(JOB_ID) ORDER BY 1,2;
SELECT JOB_ID , SUM(SALARY) FROM EMPLOYEES GROUP BY LOWER(JOB_ID) ORDER BY 1,2
       *
ERROR at line 1:
ORA-00979: not a GROUP BY expression 


SQL> SELECT LOWER(JOB_ID) , SUM(SALARY) FROM EMPLOYEES GROUP BY LOWER(JOB_ID) ORDER BY 1,2;

LOWER(JOB_ SUM(SALARY)                                                                                                                                                                                  
---------- -----------                                                                                                                                                                                  
ac_account        8300                                                                                                                                                                                  
ac_mgr           12000                                                                                                                                                                                  
ad_asst           4400                                                                                                                                                                                  
ad_pres          24000                                                                                                                                                                                  
ad_vp            34000                                                                                                                                                                                  
it_prog          19200                                                                                                                                                                                  
mk_man           13000                                                                                                                                                                                  
mk_rep            6000                                                                                                                                                                                  
sa_man           10500                                                                                                                                                                                  
sa_rep           26600                                                                                                                                                                                  
st_clerk         11700                                                                                                                                                                                  
st_man            5800                                                                                                                                                                                  

12 rows selected.

SQL> SELECT LOWER(JOB_ID) , SUM(SALARY) FROM EMPLOYEES GROUP BY JOB_ID ORDER BY 1,2;

LOWER(JOB_ SUM(SALARY)                                                                                                                                                                                  
---------- -----------                                                                                                                                                                                  
ac_account        8300                                                                                                                                                                                  
ac_mgr           12000                                                                                                                                                                                  
ad_asst           4400                                                                                                                                                                                  
ad_pres          24000                                                                                                                                                                                  
ad_vp            34000                                                                                                                                                                                  
it_prog          19200                                                                                                                                                                                  
mk_man           13000                                                                                                                                                                                  
mk_rep            6000                                                                                                                                                                                  
sa_man           10500                                                                                                                                                                                  
sa_rep           26600                                                                                                                                                                                  
st_clerk         11700                                                                                                                                                                                  
st_man            5800                                                                                                                                                                                  

12 rows selected.

SQL> SELECT SUBSTR(HIRE_DATE,8) , COUNT(*) FROM EMPLOYEES GROUP BY SUBSTR(HIRE_DATE,-2);
SELECT SUBSTR(HIRE_DATE,8) , COUNT(*) FROM EMPLOYEES GROUP BY SUBSTR(HIRE_DATE,-2)
              *
ERROR at line 1:
ORA-00979: not a GROUP BY expression 


SQL> SELECT TO_CHAR(HIRE_DATE,'RRRR') , COUNT(*) FROM EMPLOYEES GROUP BY TO_CHAR(HIRE_DATE,'YYYY');
SELECT TO_CHAR(HIRE_DATE,'RRRR') , COUNT(*) FROM EMPLOYEES GROUP BY TO_CHAR(HIRE_DATE,'YYYY')
               *
ERROR at line 1:
ORA-00979: not a GROUP BY expression 


SQL> SELECT DEPARTMENT_ID || JOB_ID , MIN(SALARY) FROM EMPLOYEES GROUP BY DEPARTMENT_ID , JOB_ID;

DEPARTMENT_ID||JOB_ID                              MIN(SALARY)                                                                                                                                          
-------------------------------------------------- -----------                                                                                                                                          
110AC_ACCOUNT                                             8300                                                                                                                                          
90AD_VP                                                  17000                                                                                                                                          
50ST_CLERK                                                2500                                                                                                                                          
80SA_REP                                                  8600                                                                                                                                          
50ST_MAN                                                  5800                                                                                                                                          
80SA_MAN                                                 10500                                                                                                                                          
110AC_MGR                                                12000                                                                                                                                          
90AD_PRES                                                24000                                                                                                                                          
60IT_PROG                                                 4200                                                                                                                                          
20MK_MAN                                                 13000                                                                                                                                          
SA_REP                                                    7000                                                                                                                                          
10AD_ASST                                                 4400                                                                                                                                          
20MK_REP                                                  6000                                                                                                                                          

13 rows selected.

SQL> SELECT DEPARTMENT_ID || JOB_ID , MIN(SALARY) FROM EMPLOYEES GROUP BY DEPARTMENT_ID || JOB_ID;

DEPARTMENT_ID||JOB_ID                              MIN(SALARY)                                                                                                                                          
-------------------------------------------------- -----------                                                                                                                                          
90AD_VP                                                  17000                                                                                                                                          
80SA_REP                                                  8600                                                                                                                                          
20MK_MAN                                                 13000                                                                                                                                          
20MK_REP                                                  6000                                                                                                                                          
60IT_PROG                                                 4200                                                                                                                                          
10AD_ASST                                                 4400                                                                                                                                          
50ST_MAN                                                  5800                                                                                                                                          
110AC_ACCOUNT                                             8300                                                                                                                                          
50ST_CLERK                                                2500                                                                                                                                          
90AD_PRES                                                24000                                                                                                                                          
80SA_MAN                                                 10500                                                                                                                                          
SA_REP                                                    7000                                                                                                                                          
110AC_MGR                                                12000                                                                                                                                          

13 rows selected.

SQL> SELECT DEPARTMENT_ID || JOB_ID , MIN(SALARY) FROM EMPLOYEES GROUP BY JOB_ID || DEPARTMENT_ID;
SELECT DEPARTMENT_ID || JOB_ID , MIN(SALARY) FROM EMPLOYEES GROUP BY JOB_ID || DEPARTMENT_ID
       *
ERROR at line 1:
ORA-00979: not a GROUP BY expression 


SQL> SELECT DEPARTMENT_ID || JOB_ID , MIN(SALARY) FROM EMPLOYEES GROUP BY JOB_ID , DEPARTMENT_ID;

DEPARTMENT_ID||JOB_ID                              MIN(SALARY)                                                                                                                                          
-------------------------------------------------- -----------                                                                                                                                          
60IT_PROG                                                 4200                                                                                                                                          
50ST_MAN                                                  5800                                                                                                                                          
80SA_REP                                                  8600                                                                                                                                          
90AD_VP                                                  17000                                                                                                                                          
10AD_ASST                                                 4400                                                                                                                                          
20MK_MAN                                                 13000                                                                                                                                          
20MK_REP                                                  6000                                                                                                                                          
80SA_MAN                                                 10500                                                                                                                                          
SA_REP                                                    7000                                                                                                                                          
90AD_PRES                                                24000                                                                                                                                          
50ST_CLERK                                                2500                                                                                                                                          
110AC_MGR                                                12000                                                                                                                                          
110AC_ACCOUNT                                             8300                                                                                                                                          

13 rows selected.

SQL> SELECT CONCAT(DEPARTMENT_ID , JOB_ID) , MIN(SALARY) FROM EMPLOYEES GROUP BY JOB_ID , DEPARTMENT_ID;

CONCAT(DEPARTMENT_ID,JOB_ID)                       MIN(SALARY)                                                                                                                                          
-------------------------------------------------- -----------                                                                                                                                          
60IT_PROG                                                 4200                                                                                                                                          
50ST_MAN                                                  5800                                                                                                                                          
80SA_REP                                                  8600                                                                                                                                          
90AD_VP                                                  17000                                                                                                                                          
10AD_ASST                                                 4400                                                                                                                                          
20MK_MAN                                                 13000                                                                                                                                          
20MK_REP                                                  6000                                                                                                                                          
80SA_MAN                                                 10500                                                                                                                                          
SA_REP                                                    7000                                                                                                                                          
90AD_PRES                                                24000                                                                                                                                          
50ST_CLERK                                                2500                                                                                                                                          
110AC_MGR                                                12000                                                                                                                                          
110AC_ACCOUNT                                             8300                                                                                                                                          

13 rows selected.

SQL> REM HIRE YEAR WISE , NO. OF EMPLOYEES HIRED
SQL> 
SQL> SELECT TO_CHAR(HIRE_DATE,'RRRR') , COUNT(*) FROM EMPLOYEES GROUP BY TO_CHAR(HIRE_DATE,'RRRR') ORDER BY 1;

TO_C   COUNT(*)                                                                                                                                                                                         
---- ----------                                                                                                                                                                                         
1987          2                                                                                                                                                                                         
1989          1                                                                                                                                                                                         
1990          1                                                                                                                                                                                         
1991          1                                                                                                                                                                                         
1993          1                                                                                                                                                                                         
1994          2                                                                                                                                                                                         
1995          1                                                                                                                                                                                         
1996          2                                                                                                                                                                                         
1997          2                                                                                                                                                                                         
1998          3                                                                                                                                                                                         
1999          3                                                                                                                                                                                         
2000          1                                                                                                                                                                                         

12 rows selected.

SQL> REM HIRE QUARTER WISE SUM OF SALARY
SQL> 
SQL> SELECT TO_CHAR(HIRE_DATE,'Q') , SUM(SALARY) FROM EMPLOYEES GROUP BY TO_CHAR(HIRE_DATE,'Q') ORDER BY 1;

T SUM(SALARY)                                                                                                                                                                                           
- -----------                                                                                                                                                                                           
1       68000                                                                                                                                                                                           
2       44300                                                                                                                                                                                           
3       53900                                                                                                                                                                                           
4        9300                                                                                                                                                                                           

SQL> SELECT * FROM EMPLOYEES;

EMPLOYEE_ID FIRST_NAME LAST_NAME  EMAIL      PHONE_NUMBER         HIRE_DATE JOB_ID         SALARY COMMISSION_PCT MANAGER_ID DEPARTMENT_ID                                                               
----------- ---------- ---------- ---------- -------------------- --------- ---------- ---------- -------------- ---------- -------------                                                               
        100 Steven     King       SKING      515.123.4567         17-JUL-87 AD_PRES         24000                                      90                                                               
        101 Neena      Kochhar    NKOCHHAR   515.123.4568         21-SEP-89 AD_VP           17000                       100            90                                                               
        102 Lex        De Haan    LDEHAAN    515.123.4569         13-JAN-93 AD_VP           17000                       100            90                                                               
        103 Alexander  Hunold     AHUNOLD    590.423.4567         03-JAN-90 IT_PROG          9000                       102            60                                                               
        104 Bruce      Ernst      BERNST     590.423.4568         21-MAY-91 IT_PROG          6000                       103            60                                                               
        107 Diana      Lorentz    DLORENTZ   590.423.5567         07-FEB-99 IT_PROG          4200                       103            60                                                               
        124 Kevin      Mourgos    KMOURGOS   650.123.5234         16-NOV-99 ST_MAN           5800                       100            50                                                               
        141 Trenna     Rajs       TRAJS      650.121.8009         17-OCT-95 ST_CLERK         3500                       124            50                                                               
        142 Curtis     Davies     CDAVIES    650.121.2994         29-JAN-97 ST_CLERK         3100                       124            50                                                               
        143 Randall    Matos      RMATOS     650.121.2874         15-MAR-98 ST_CLERK         2600                       124            50                                                               
        144 Peter      Vargas     PVARGAS    650.121.2004         09-JUL-98 ST_CLERK         2500                       124            50                                                               
        149 Eleni      Zlotkey    EZLOTKEY   011.44.1344.429018   29-JAN-00 SA_MAN          10500             .2        100            80                                                               
        174 Ellen      Abel       EABEL      011.44.1644.429267   11-MAY-96 SA_REP          11000             .3        149            80                                                               
        176 Jonathon   Taylor     JTAYLOR    011.44.1644.429265   24-MAR-98 SA_REP           8600             .3        149            80                                                               
        178 Kimerely   Grant      KGRANT     011.44.1644.429263   24-MAY-99 SA_REP           7000            .15        149                                                                             
        200 Jennifer   Whalen     JWHALEN    515.123.4444         17-SEP-87 AD_ASST          4400                       101            10                                                               
        201 Michael    Hartstein  MHARTSTE   515.123.5555         17-FEB-96 MK_MAN          13000                       100            20                                                               
        202 Pat        Fay        PFAY       603.123.6666         17-AUG-97 MK_REP           6000                       201            20                                                               
        205 Shelley    Higgins    SHIGGINS   515.123.8080         07-JUN-94 AC_MGR          12000                       101           110                                                               
        206 William    Gietz      WGIETZ     515.123.8181         07-JUN-94 AC_ACCOUNT       8300                       205           110                                                               

20 rows selected.

SQL> REM FIRST_NAME : 1 VOWEL : COUNT , 2 VOWELS : COUNT , 3 VOWELS : COUNT 4 VOWELS : COUNT
SQL> 
SQL> 
SQL> REM A E I O U
SQL> 
SQL> REM A E I O U a e i o u
SQL> 
SQL> SELECT LENGTH(TRANSLATE(UPPER(FIRST_NAME), '*QWRTYPSDFGHJKLZXCVBNM', '*')), COUNT(*) FROM EMPLOYEES GROUP BY LENGTH(TRANSLATE(UPPER(FIRST_NAME), '*QWRTYPSDFGHJKLZXCVBNM', '*'));

LENGTH(TRANSLATE(UPPER(FIRST_NAME),'*QWRTYPSDFGHJKLZXCVBNM','*'))   COUNT(*)                                                                                                                            
----------------------------------------------------------------- ----------                                                                                                                            
                                                                1          2                                                                                                                            
                                                                2          9                                                                                                                            
                                                                4          1                                                                                                                            
                                                                3          8                                                                                                                            

SQL> SELECT LENGTH(TRANSLATE(UPPER(FIRST_NAME), '*QWRTYPSDFGHJKLZXCVBNM', '*')) COUNT, COUNT(*) FROM EMPLOYEES GROUP BY LENGTH(TRANSLATE(UPPER(FIRST_NAME), '*QWRTYPSDFGHJKLZXCVBNM', '*'));

     COUNT   COUNT(*)                                                                                                                                                                                   
---------- ----------                                                                                                                                                                                   
         1          2                                                                                                                                                                                   
         2          9                                                                                                                                                                                   
         4          1                                                                                                                                                                                   
         3          8                                                                                                                                                                                   

SQL> SELECT LENGTH(FIRST_NAME)-LENGTH(TRANSLATE(FIRST_NAME,'*AEIOUaeiou','*')) , COUNT(*) FROM EMPLOYEES GROUP BY LENGTH(FIRST_NAME)-LENGTH(TRANSLATE(FIRST_NAME,'*AEIOUaeiou','*'));

LENGTH(FIRST_NAME)-LENGTH(TRANSLATE(FIRST_NAME,'*AEIOUAEIOU','*'))   COUNT(*)                                                                                                                           
------------------------------------------------------------------ ----------                                                                                                                           
                                                                 1          2                                                                                                                           
                                                                 2          9                                                                                                                           
                                                                 4          1                                                                                                                           
                                                                 3          8                                                                                                                           

SQL> SELECT LENGTH(FIRST_NAME)-LENGTH(TRANSLATE(FIRST_NAME,'*AEIOUaeiou','*')) COUNT , COUNT(*) FROM EMPLOYEES GROUP BY LENGTH(FIRST_NAME)-LENGTH(TRANSLATE(FIRST_NAME,'*AEIOUaeiou','*'));

     COUNT   COUNT(*)                                                                                                                                                                                   
---------- ----------                                                                                                                                                                                   
         1          2                                                                                                                                                                                   
         2          9                                                                                                                                                                                   
         4          1                                                                                                                                                                                   
         3          8                                                                                                                                                                                   

SQL> SELECT DEPARTMENT_ID , AVG(SALARY) FROM EMPLOYEES GROUP BY DEPARTMENT_ID;

DEPARTMENT_ID AVG(SALARY)                                                                                                                                                                               
------------- -----------                                                                                                                                                                               
                     7000                                                                                                                                                                               
           90  19333.3333                                                                                                                                                                               
           20        9500                                                                                                                                                                               
          110       10150                                                                                                                                                                               
           50        3500                                                                                                                                                                               
           80  10033.3333                                                                                                                                                                               
           60        6400                                                                                                                                                                               
           10        4400                                                                                                                                                                               

8 rows selected.

SQL> REM SYNTAX PRECEDENCE : SELECT ... FROM ... WHERE ... GROUP BY / HAVING ... ORDER BY ... OFFSET ... FETCH ...;
SQL> 
SQL> REM EXECUTION PRECEDENCE : FROM ... WHERE ... GROUP BY ... HAVING ... COLUMN ALIAS ... ORDER BY ... OFFSET ... FETCH ... SELECT ...;
SQL> 
SQL> REM FROM : IT WILL READ ALL ROWS FROM TABLE AND PUT IT INTO RAM/MEMORY.
SQL> 
SQL> REM WHERE : IT WILL REMOVE ALL ROWS WHICH DOESN'T SATISFY CONDITION. IT WORKS ON TABLES' ORIGINAL ROWS.
SQL> 
SQL> REM GROUP BY : 1 WILL FIND DISTINCT VALUES OF GROUP BY COLUMN(S) 2 WILL SEPARATE TABLE'S ORIGINAL ROWS IN GROUPS 3 WILL GENERATE SUMMARY ROW FOR EACH GROUP
SQL> 
SQL> REM HAVING : IT WILL REMOVE ALL SUMMARY ROWS WHICH DOESN'T SATIFY CONDITION.
SQL> 
SQL> REM COLUMN ALIAS : WILL BE ATTACHED AND ACCESSIBLE ONLY IN ORDER BY CLAUSE.
SQL> 
SQL> REM ORDER BY : TO SORT ROWS ON SINGLE/MULTIPLE COLOUMNS IN ASC/DESC ORDER KEEPING NULLS AT THE TOP/BOTTOM
SQL> 
SQL> REM OFFSET : TO FIX FIRST ROW OF RESULT SET
SQL> 
SQL> REM FETCH : TO FIX COUNT OF ROWS OF RESULT SET
SQL> 
SQL> REM SELECT : TO DISPLAY/RETURN RESULT ON SCREEN/MAIN STATEMENT
SQL> 
SQL> 
SQL> REM WHERE : SUPPORTS ONLY NON-SUMMARY ITEMS
SQL> 
SQL> REM HAVING : SUPPORTS ALL SUMMARY ITEMS + THOSE NON-SUMMARY ITEMS WHICH ARE PART OF GROUP BY CLAUSE.
SQL> 
SQL> 
SQL> SELECT DEPARTMENT_ID , AVG(SALARY) FROM EMPLOYEES GROUP BY DEPARTMENT_ID;

DEPARTMENT_ID AVG(SALARY)                                                                                                                                                                               
------------- -----------                                                                                                                                                                               
                     7000                                                                                                                                                                               
           90  19333.3333                                                                                                                                                                               
           20        9500                                                                                                                                                                               
          110       10150                                                                                                                                                                               
           50        3500                                                                                                                                                                               
           80  10033.3333                                                                                                                                                                               
           60        6400                                                                                                                                                                               
           10        4400                                                                                                                                                                               

8 rows selected.

SQL> 
SQL> REM DISPLAY DEPARTMENT_ID AND AVERAGE SALARY FOR THE DEPARTMENTS TO WHICH 10000 OR MORE AVERAGE SALARY IS PAID
SQL> 
SQL> 
SQL> SELECT DEPARTMENT_ID , AVG(SALARY) FROM EMPLOYEES WHERE AVG(SALARY) > 10000 GROUP BY DEPARTMENT_ID;
SELECT DEPARTMENT_ID , AVG(SALARY) FROM EMPLOYEES WHERE AVG(SALARY) > 10000 GROUP BY DEPARTMENT_ID
                                                        *
ERROR at line 1:
ORA-00934: group function is not allowed here 


SQL> SELECT DEPARTMENT_ID , AVG(SALARY) FROM EMPLOYEES HAVING AVG(SALARY) > 10000 GROUP BY DEPARTMENT_ID;

DEPARTMENT_ID AVG(SALARY)                                                                                                                                                                               
------------- -----------                                                                                                                                                                               
           90  19333.3333                                                                                                                                                                               
          110       10150                                                                                                                                                                               
           80  10033.3333                                                                                                                                                                               

SQL> SELECT DEPARTMENT_ID , AVG(SALARY) FROM EMPLOYEES GROUP BY DEPARTMENT_ID HAVING AVG(SALARY) > 10000;

DEPARTMENT_ID AVG(SALARY)                                                                                                                                                                               
------------- -----------                                                                                                                                                                               
           90  19333.3333                                                                                                                                                                               
          110       10150                                                                                                                                                                               
           80  10033.3333                                                                                                                                                                               

SQL> SELECT DEPARTMENT_ID , AVG(SALARY) FROM EMPLOYEES GROUP BY DEPARTMENT_ID HAVING DEPARTMENT_ID NOT IN (10,110,80);

DEPARTMENT_ID AVG(SALARY)                                                                                                                                                                               
------------- -----------                                                                                                                                                                               
           90  19333.3333                                                                                                                                                                               
           20        9500                                                                                                                                                                               
           50        3500                                                                                                                                                                               
           60        6400                                                                                                                                                                               

SQL> SELECT DEPARTMENT_ID , AVG(SALARY) FROM EMPLOYEES GROUP BY DEPARTMENT_ID HAVING SALARY > 10000;
SELECT DEPARTMENT_ID , AVG(SALARY) FROM EMPLOYEES GROUP BY DEPARTMENT_ID HAVING SALARY > 10000
                                                                                *
ERROR at line 1:
ORA-00979: not a GROUP BY expression 


SQL> SELECT DEPARTMENT_ID , AVG(SALARY) FROM EMPLOYEES GROUP BY DEPARTMENT_ID WHERE SALARY > 10000;
SELECT DEPARTMENT_ID , AVG(SALARY) FROM EMPLOYEES GROUP BY DEPARTMENT_ID WHERE SALARY > 10000
                                                                         *
ERROR at line 1:
ORA-00933: SQL command not properly ended 


SQL> SELECT DEPARTMENT_ID , AVG(SALARY) FROM EMPLOYEES WHERE SALARY > 10000 GROUP BY DEPARTMENT_ID;

DEPARTMENT_ID AVG(SALARY)                                                                                                                                                                               
------------- -----------                                                                                                                                                                               
           90  19333.3333                                                                                                                                                                               
           20       13000                                                                                                                                                                               
          110       12000                                                                                                                                                                               
           80       10750                                                                                                                                                                               

SQL> SELECT DEPARTMENT_ID , AVG(SALARY) FROM EMPLOYEES WHERE SALARY > 10000 GROUP BY DEPARTMENT_ID HAVING MIN(SALARY) > 8000;

DEPARTMENT_ID AVG(SALARY)                                                                                                                                                                               
------------- -----------                                                                                                                                                                               
           90  19333.3333                                                                                                                                                                               
           20       13000                                                                                                                                                                               
          110       12000                                                                                                                                                                               
           80       10750                                                                                                                                                                               

SQL> SELECT DEPARTMENT_ID , AVG(SALARY) FROM EMPLOYEES WHERE SALARY > 10000 HAVING MIN(SALARY) > 8000 GROUP BY DEPARTMENT_ID;

DEPARTMENT_ID AVG(SALARY)                                                                                                                                                                               
------------- -----------                                                                                                                                                                               
           90  19333.3333                                                                                                                                                                               
           20       13000                                                                                                                                                                               
          110       12000                                                                                                                                                                               
           80       10750                                                                                                                                                                               

SQL> SELECT DEPARTMENT_ID , AVG(SALARY) FROM EMPLOYEES HAVING SALARY > 10000 WHERE MIN(SALARY) > 8000 GROUP BY DEPARTMENT_ID;
SELECT DEPARTMENT_ID , AVG(SALARY) FROM EMPLOYEES HAVING SALARY > 10000 WHERE MIN(SALARY) > 8000 GROUP BY DEPARTMENT_ID
                                                                        *
ERROR at line 1:
ORA-00933: SQL command not properly ended 


SQL> SELECT DEPARTMENT_ID , AVG(SALARY) FROM EMPLOYEES WHERE SALARY > 10000 HAVING MIN(SALARY) > 8000 GROUP BY DEPARTMENT_ID ORDER BY 2 DESC;

DEPARTMENT_ID AVG(SALARY)                                                                                                                                                                               
------------- -----------                                                                                                                                                                               
           90  19333.3333                                                                                                                                                                               
           20       13000                                                                                                                                                                               
          110       12000                                                                                                                                                                               
           80       10750                                                                                                                                                                               

SQL> SELECT DEPARTMENT_ID , AVG(SALARY) AVGSAL FROM EMPLOYEES WHERE SALARY > 10000 HAVING MIN(SALARY) > 8000 GROUP BY DEPARTMENT_ID ORDER BY AVGSAL DESC;

DEPARTMENT_ID     AVGSAL                                                                                                                                                                                
------------- ----------                                                                                                                                                                                
           90 19333.3333                                                                                                                                                                                
           20      13000                                                                                                                                                                                
          110      12000                                                                                                                                                                                
           80      10750                                                                                                                                                                                

SQL> REM JOB_ID WISE TOTAL SALARY FOR THE JOBS TO WHICH 30000 OR MORE TOTAL SALARY IS PAID
SQL> 
SQL> SELECT JOB_ID,SUM (SALARY) FROM EMPLOYEES GROUP BY JOB_ID HAVING JON_ID>30000 ORDER BY1;
SELECT JOB_ID,SUM (SALARY) FROM EMPLOYEES GROUP BY JOB_ID HAVING JON_ID>30000 ORDER BY1
                                                                                    *
ERROR at line 1:
ORA-00924: missing BY keyword 


SQL> SELECT JOB_ID,SUM (SALARY) FROM EMPLOYEES GROUP BY JOB_ID HAVING JON_ID>30000 ORDER BY 1;
SELECT JOB_ID,SUM (SALARY) FROM EMPLOYEES GROUP BY JOB_ID HAVING JON_ID>30000 ORDER BY 1
                                                                 *
ERROR at line 1:
ORA-00904: "JON_ID": invalid identifier 


SQL> SELECT JOB_ID,SUM (SALARY) FROM EMPLOYEES GROUP BY JOB_ID HAVING JOB_ID>30000 ORDER BY 1;
SELECT JOB_ID,SUM (SALARY) FROM EMPLOYEES GROUP BY JOB_ID HAVING JOB_ID>30000 ORDER BY 1
                                                                 *
ERROR at line 1:
ORA-01722: invalid number 


SQL> SELECT JOB_ID,SUM (SALARY) FROM EMPLOYEES GROUP BY JOB_ID HAVING SUM(SALARY) >30000 ORDER BY 1;

JOB_ID     SUM(SALARY)                                                                                                                                                                                  
---------- -----------                                                                                                                                                                                  
AD_VP            34000                                                                                                                                                                                  

SQL> SELECT JOB_ID,SUM (SALARY) FROM EMPLOYEES GROUP BY JOB_ID HAVING SUM(SALARY) > 15000 ORDER BY 1;

JOB_ID     SUM(SALARY)                                                                                                                                                                                  
---------- -----------                                                                                                                                                                                  
AD_PRES          24000                                                                                                                                                                                  
AD_VP            34000                                                                                                                                                                                  
IT_PROG          19200                                                                                                                                                                                  
SA_REP           26600                                                                                                                                                                                  

SQL> REM DEPARTMENT_ID WISE , LOWEST SALARY , HIGHEST SALARY FOR THE DEPARTMENT_ID TO WHICH 9000 OR LESS AVERAGE SALARY IS PAID
SQL> 
SQL> SELECT DEPARTMENT_ID , MIN(SALARY) , MAX(SALARY)
  2  FROM EMPLOYEES
  3  GROUP BY DEPARTMENT_ID
  4  HAVING AVG(SALARY) <= 9000
  5  ORDER BY 1;

DEPARTMENT_ID MIN(SALARY) MAX(SALARY)                                                                                                                                                                   
------------- ----------- -----------                                                                                                                                                                   
           10        4400        4400                                                                                                                                                                   
           50        2500        5800                                                                                                                                                                   
           60        4200        9000                                                                                                                                                                   
                     7000        7000                                                                                                                                                                   

SQL> REM DISPLAY JOB_ID WISE COUNT OF EMPLOYEES. EXCLUDE THOSE WHO WERE HIRED BEFORE YEAR 95. DISPLAY ONLY THOSE JOBS FOR WHICH 2 OR LESS EMPLOYEES HIRED.
SQL> 
SQL> SELECT JOB_ID , COUNT(*)
  2  FROM EMPLOYEES
  3  WHERE HIRE_DATE >= '01-JAN-95'
  4  GROUP BY JOB_ID
  5  HAVING COUNT(*) <= 2;

JOB_ID       COUNT(*)                                                                                                                                                                                   
---------- ----------                                                                                                                                                                                   
IT_PROG             1                                                                                                                                                                                   
ST_MAN              1                                                                                                                                                                                   
SA_MAN              1                                                                                                                                                                                   
MK_MAN              1                                                                                                                                                                                   
MK_REP              1                                                                                                                                                                                   

SQL> SELECT JOB_ID , COUNT(*)
  2  FROM EMPLOYEES
  3  WHERE TO_CHAR(HIRE_DATE,'YY') >= 95
  4  GROUP BY JOB_ID
  5  HAVING COUNT(*) <= 2;

JOB_ID       COUNT(*)                                                                                                                                                                                   
---------- ----------                                                                                                                                                                                   
IT_PROG             1                                                                                                                                                                                   
ST_MAN              1                                                                                                                                                                                   
MK_MAN              1                                                                                                                                                                                   
MK_REP              1                                                                                                                                                                                   

SQL> SELECT JOB_ID , COUNT(*)
  2  FROM EMPLOYEES
  3  WHERE HIRE_DATE >= '01-JAN-95'
  4  
SQL> 
SQL> SELECT JOB_ID , COUNT(*)
  2  FROM EMPLOYEES
  3  WHERE TO_CHAR(HIRE_DATE,'RR') >= 95
  4  GROUP BY JOB_ID
  5  HAVING COUNT(*) <= 2;

JOB_ID       COUNT(*)                                                                                                                                                                                   
---------- ----------                                                                                                                                                                                   
IT_PROG             1                                                                                                                                                                                   
ST_MAN              1                                                                                                                                                                                   
MK_MAN              1                                                                                                                                                                                   
MK_REP              1                                                                                                                                                                                   

SQL> SELECT JOB_ID , COUNT(*)
  2  FROM EMPLOYEES
  3  WHERE TO_CHAR(HIRE_DATE,'RR') > 94
  4  GROUP BY JOB_ID
  5  HAVING COUNT(*) <= 2;

JOB_ID       COUNT(*)                                                                                                                                                                                   
---------- ----------                                                                                                                                                                                   
IT_PROG             1                                                                                                                                                                                   
ST_MAN              1                                                                                                                                                                                   
MK_MAN              1                                                                                                                                                                                   
MK_REP              1                                                                                                                                                                                   

SQL> SELECT HIRE_DATE , JOB_ID FROM EMPLOYEES;

HIRE_DATE JOB_ID                                                                                                                                                                                        
--------- ----------                                                                                                                                                                                    
17-JUL-87 AD_PRES                                                                                                                                                                                       
21-SEP-89 AD_VP                                                                                                                                                                                         
13-JAN-93 AD_VP                                                                                                                                                                                         
03-JAN-90 IT_PROG                                                                                                                                                                                       
21-MAY-91 IT_PROG                                                                                                                                                                                       
07-FEB-99 IT_PROG                                                                                                                                                                                       
16-NOV-99 ST_MAN                                                                                                                                                                                        
17-OCT-95 ST_CLERK                                                                                                                                                                                      
29-JAN-97 ST_CLERK                                                                                                                                                                                      
15-MAR-98 ST_CLERK                                                                                                                                                                                      
09-JUL-98 ST_CLERK                                                                                                                                                                                      
29-JAN-00 SA_MAN                                                                                                                                                                                        
11-MAY-96 SA_REP                                                                                                                                                                                        
24-MAR-98 SA_REP                                                                                                                                                                                        
24-MAY-99 SA_REP                                                                                                                                                                                        
17-SEP-87 AD_ASST                                                                                                                                                                                       
17-FEB-96 MK_MAN                                                                                                                                                                                        
17-AUG-97 MK_REP                                                                                                                                                                                        
07-JUN-94 AC_MGR                                                                                                                                                                                        
07-JUN-94 AC_ACCOUNT                                                                                                                                                                                    

20 rows selected.

SQL> SELECT JOB_ID , COUNT(*)
  2  FROM EMPLOYEES
  3  WHERE TO_CHAR(HIRE_DATE,'RRRR') > 1994
  4  GROUP BY JOB_ID
  5  HAVING COUNT(*) <= 2;

JOB_ID       COUNT(*)                                                                                                                                                                                   
---------- ----------                                                                                                                                                                                   
IT_PROG             1                                                                                                                                                                                   
ST_MAN              1                                                                                                                                                                                   
SA_MAN              1                                                                                                                                                                                   
MK_MAN              1                                                                                                                                                                                   
MK_REP              1                                                                                                                                                                                   

SQL> SELECT JOB_ID , COUNT(*)
  2  FROM EMPLOYEES
  3  WHERE TO_CHAR(HIRE_DATE,'RRRR') >= 1995
  4  GROUP BY JOB_ID
  5  HAVING COUNT(*) <= 2;

JOB_ID       COUNT(*)                                                                                                                                                                                   
---------- ----------                                                                                                                                                                                   
IT_PROG             1                                                                                                                                                                                   
ST_MAN              1                                                                                                                                                                                   
SA_MAN              1                                                                                                                                                                                   
MK_MAN              1                                                                                                                                                                                   
MK_REP              1                                                                                                                                                                                   

SQL> SELECT HIRE_DATE , JOB_ID FROM EMPLOYEES;

HIRE_DATE JOB_ID                                                                                                                                                                                        
--------- ----------                                                                                                                                                                                    
17-JUL-87 AD_PRES                                                                                                                                                                                       
21-SEP-89 AD_VP                                                                                                                                                                                         
13-JAN-93 AD_VP                                                                                                                                                                                         
03-JAN-90 IT_PROG                                                                                                                                                                                       
21-MAY-91 IT_PROG                                                                                                                                                                                       
07-FEB-99 IT_PROG                                                                                                                                                                                       
16-NOV-99 ST_MAN                                                                                                                                                                                        
17-OCT-95 ST_CLERK                                                                                                                                                                                      
29-JAN-97 ST_CLERK                                                                                                                                                                                      
15-MAR-98 ST_CLERK                                                                                                                                                                                      
09-JUL-98 ST_CLERK                                                                                                                                                                                      
29-JAN-00 SA_MAN                                                                                                                                                                                        
11-MAY-96 SA_REP                                                                                                                                                                                        
24-MAR-98 SA_REP                                                                                                                                                                                        
24-MAY-99 SA_REP                                                                                                                                                                                        
17-SEP-87 AD_ASST                                                                                                                                                                                       
17-FEB-96 MK_MAN                                                                                                                                                                                        
17-AUG-97 MK_REP                                                                                                                                                                                        
07-JUN-94 AC_MGR                                                                                                                                                                                        
07-JUN-94 AC_ACCOUNT                                                                                                                                                                                    

20 rows selected.

SQL> SELECT JOB_ID , COUNT(*)
  2  FROM EMPLOYEES
  3  WHERE TO_CHAR(HIRE_DATE,'YYYY') > 1994
  4  HAVING COUNT(*) <= 2;
SELECT JOB_ID , COUNT(*)
       *
ERROR at line 1:
ORA-00937: not a single-group group function 


SQL> SELECT JOB_ID , COUNT(*)
  2  FROM EMPLOYEES
  3  WHERE TO_CHAR(HIRE_DATE,'YYYY') > 1994
  4  HAVING COUNT(*) <= 2
  5  GROUP BY JOB_ID;

JOB_ID       COUNT(*)                                                                                                                                                                                   
---------- ----------                                                                                                                                                                                   
IT_PROG             1                                                                                                                                                                                   
ST_MAN              1                                                                                                                                                                                   
SA_MAN              1                                                                                                                                                                                   
MK_MAN              1                                                                                                                                                                                   
MK_REP              1                                                                                                                                                                                   

SQL> REM NESTED SUMMARY ITEMS , PCM (PIVOTE REPORT/CROSS TAB/MATRIX)
SQL> 
SQL> SPOOL OFF
