SQL> 
SQL> CL SCR

SQL> SET LINES 200 PAGES 24
SQL> 
SQL> SELECT * FROM EMPLOYEES;

EMPLOYEE_ID FIRST_NAME      LAST_NAME       EMAIL      PHONE_NUMBER         HIRE_DATE JOB_ID         SALARY COMMISSION_PCT MANAGER_ID DEPARTMENT_ID                                                     
----------- --------------- --------------- ---------- -------------------- --------- ---------- ---------- -------------- ---------- -------------                                                     
        100 Steven          King            SKING      515.123.4567         17-JUL-87 AD_PRES         24000                                      90                                                     
        101 Neena           Kochhar         NKOCHHAR   515.123.4568         21-SEP-89 AD_VP           17000                       100            90                                                     
        102 Lex             De Haan         LDEHAAN    515.123.4569         13-JAN-93 AD_VP           17000                       100            90                                                     
        103 Alexander       Hunold          AHUNOLD    590.423.4567         03-JAN-90 IT_PROG          9000                       102            60                                                     
        104 Bruce           Ernst           BERNST     590.423.4568         21-MAY-91 IT_PROG          6000                       103            60                                                     
        107 Diana           Lorentz         DLORENTZ   590.423.5567         07-FEB-99 IT_PROG          4200                       103            60                                                     
        124 Kevin           Mourgos         KMOURGOS   650.123.5234         16-NOV-99 ST_MAN           5800                       100            50                                                     
        141 Trenna          Rajs            TRAJS      650.121.8009         17-OCT-95 ST_CLERK         3500                       124            50                                                     
        142 Curtis          Davies          CDAVIES    650.121.2994         29-JAN-97 ST_CLERK         3100                       124            50                                                     
        143 Randall         Matos           RMATOS     650.121.2874         15-MAR-98 ST_CLERK         2600                       124            50                                                     
        144 Peter           Vargas          PVARGAS    650.121.2004         09-JUL-98 ST_CLERK         2500                       124            50                                                     
        149 Eleni           Zlotkey         EZLOTKEY   011.44.1344.429018   29-JAN-00 SA_MAN          10500             .2        100            80                                                     
        174 Ellen           Abel            EABEL      011.44.1644.429267   11-MAY-96 SA_REP          11000             .3        149            80                                                     
        176 Jonathon        Taylor          JTAYLOR    011.44.1644.429265   24-MAR-98 SA_REP           8600             .3        149            80                                                     
        178 Kimerely        Grant           KGRANT     011.44.1644.429263   24-MAY-99 SA_REP           7000            .15        149                                                                   
        200 Jennifer        Whalen          JWHALEN    515.123.4444         17-SEP-87 AD_ASST          4400                       101            10                                                     
        201 Michael         Hartstein       MHARTSTE   515.123.5555         17-FEB-96 MK_MAN          13000                       100            20                                                     
        202 Pat             Fay             PFAY       603.123.6666         17-AUG-97 MK_REP           6000                       201            20                                                     
        205 Shelley         Higgins         SHIGGINS   515.123.8080         07-JUN-94 AC_MGR          12000                       101           110                                                     
        206 William         Gietz           WGIETZ     515.123.8181         07-JUN-94 AC_ACCOUNT       8300                       205           110                                                     

20 rows selected.

SQL> REM VERTICAL = COLUMN
SQL> 
SQL> REM HORIZONTAL = ROW
SQL> 
SQL> REM INTERSECTION = FIELD
SQL> 
SQL> REM COMBINATION = TABLE
SQL> 
SQL> REM FIRST ROW : COLUMN NAMES/LIST
SQL> 
SQL> REM SECOND ROW : LINE SEPARATOR
SQL> 
SQL> REM 3rd ROW ONWARDS (20 ROWS) : DATA/VALUES
SQL> 
SQL> REM LAST ROW : FEEDBACK MESSAGE (6 OR MORE ROWS)
SQL> 
SQL> REM SQL : STRUCUTRED QUERY LANGUAGE
SQL> 
SQL> REM SQL> : IS CALLED PROMPT
SQL> 
SQL> REM PROMPT MEANS SQL IS READY TO TAKE : 1 COMMENT 2 COMMAND
SQL> 
SQL> REM COMMENT : IS FOR OUR SELVES, ORACLE WILL NOT EXECTUE IT BUT WILL SKIP IT.
SQL> 
SQL> REM COMMAND : IS FOR ORACLE SQL ENGINE, IT WILL EXECUTE IT AND WILL PROVIDE SOME RESULT.
SQL> 
SQL> 
SQL> 
SQL> REM TYPES OF COMMENTS : 1 SINGLE LINE 2 MULTI LINE 3 INLINE
SQL> 
SQL> REM THIS IS FIRST STYLE OF WRITING SINGLE LINE COMMENT.
SQL> 
SQL> REMARK THIS IS FIRST STYLE OF WRITING SINGLE LINE COMMENT.
SQL> 
SQL> -- THIS IS SECOND STYLE OF WRITING SINGLE LINE COMMENT.
SQL>
SQL> 
SQL> 
SQL> /*
SQL> THIS
SQL> IS
SQL> EXAMPLE
SQL> OF
SQL> MULTI
SQL> LINE
SQL> COMMENT.
SQL> */
SQL> 
SQL> 
SQL> 
SQL> REM THE BELOW IS COMMAND.
SQL> 
SQL> 
SQL> SELECT * FROM REGIONS;

 REGION_ID REGION_NAME                                                                                                                                                                                  
---------- -------------------------                                                                                                                                                                    
         1 Europe                                                                                                                                                                                       
         2 Americas                                                                                                                                                                                     
         3 Asia                                                                                                                                                                                         
         4 Middle East and Africa                                                                                                                                                                       

SQL> 
SQL> 
SQL> REM THE BELOW IS COMMAND + INLINE COMMENT.
SQL> 
SQL>/* This is multiline comment.  */ 
SQL>
SQL> SELECT * /* THIS IS INLINE COMMENT. */ FROM REGIONS;

 REGION_ID REGION_NAME                                                                                                                                                                                  
---------- -------------------------                                                                                                                                                                    
         1 Europe                                                                                                                                                                                       
         2 Americas                                                                                                                                                                                     
         3 Asia                                                                                                                                                                                         
         4 Middle East and Africa                                                                                                                                                                       

SQL> REM SELECT : IS A COMMAND WHICH IS USED TO READ DATA FROM TABLE AND DISPLAY IT ON SCREEN.
SQL> 
SQL> REM SYNTAX : COMPUTER LANGUAGE GRAMMER
SQL> 
SQL> REM SELECT SYNTAX : SELECT what_to_display FROM table_name;
SQL> 
SQL> REM what_to_display :  1 */META CHARACTER 2 SINGLE COLUMN NAME 3 COLUMN LIST COMMA SEPARATED
SQL> 
SQL> SELECT * FROM EMPLOYEES;

EMPLOYEE_ID FIRST_NAME      LAST_NAME       EMAIL      PHONE_NUMBER         HIRE_DATE JOB_ID         SALARY COMMISSION_PCT MANAGER_ID DEPARTMENT_ID                                                     
----------- --------------- --------------- ---------- -------------------- --------- ---------- ---------- -------------- ---------- -------------                                                     
        100 Steven          King            SKING      515.123.4567         17-JUL-87 AD_PRES         24000                                      90                                                     
        101 Neena           Kochhar         NKOCHHAR   515.123.4568         21-SEP-89 AD_VP           17000                       100            90                                                     
        102 Lex             De Haan         LDEHAAN    515.123.4569         13-JAN-93 AD_VP           17000                       100            90                                                     
        103 Alexander       Hunold          AHUNOLD    590.423.4567         03-JAN-90 IT_PROG          9000                       102            60                                                     
        104 Bruce           Ernst           BERNST     590.423.4568         21-MAY-91 IT_PROG          6000                       103            60                                                     
        107 Diana           Lorentz         DLORENTZ   590.423.5567         07-FEB-99 IT_PROG          4200                       103            60                                                     
        124 Kevin           Mourgos         KMOURGOS   650.123.5234         16-NOV-99 ST_MAN           5800                       100            50                                                     
        141 Trenna          Rajs            TRAJS      650.121.8009         17-OCT-95 ST_CLERK         3500                       124            50                                                     
        142 Curtis          Davies          CDAVIES    650.121.2994         29-JAN-97 ST_CLERK         3100                       124            50                                                     
        143 Randall         Matos           RMATOS     650.121.2874         15-MAR-98 ST_CLERK         2600                       124            50                                                     
        144 Peter           Vargas          PVARGAS    650.121.2004         09-JUL-98 ST_CLERK         2500                       124            50                                                     
        149 Eleni           Zlotkey         EZLOTKEY   011.44.1344.429018   29-JAN-00 SA_MAN          10500             .2        100            80                                                     
        174 Ellen           Abel            EABEL      011.44.1644.429267   11-MAY-96 SA_REP          11000             .3        149            80                                                     
        176 Jonathon        Taylor          JTAYLOR    011.44.1644.429265   24-MAR-98 SA_REP           8600             .3        149            80                                                     
        178 Kimerely        Grant           KGRANT     011.44.1644.429263   24-MAY-99 SA_REP           7000            .15        149                                                                   
        200 Jennifer        Whalen          JWHALEN    515.123.4444         17-SEP-87 AD_ASST          4400                       101            10                                                     
        201 Michael         Hartstein       MHARTSTE   515.123.5555         17-FEB-96 MK_MAN          13000                       100            20                                                     
        202 Pat             Fay             PFAY       603.123.6666         17-AUG-97 MK_REP           6000                       201            20                                                     
        205 Shelley         Higgins         SHIGGINS   515.123.8080         07-JUN-94 AC_MGR          12000                       101           110                                                     
        206 William         Gietz           WGIETZ     515.123.8181         07-JUN-94 AC_ACCOUNT       8300                       205           110                                                     

20 rows selected.

SQL> REM * IS AN EASY WAY TO DISPLAY ALL COLUMNS OF THE TABLE.
SQL> 
SQL> SELECT FIRST_NAME FROM EMPLOYEES;

FIRST_NAME                                                                                                                                                                                              
---------------                                                                                                                                                                                         
Steven                                                                                                                                                                                                  
Neena                                                                                                                                                                                                   
Lex                                                                                                                                                                                                     
Alexander                                                                                                                                                                                               
Bruce                                                                                                                                                                                                   
Diana                                                                                                                                                                                                   
Kevin                                                                                                                                                                                                   
Trenna                                                                                                                                                                                                  
Curtis                                                                                                                                                                                                  
Randall                                                                                                                                                                                                 
Peter                                                                                                                                                                                                   
Eleni                                                                                                                                                                                                   
Ellen                                                                                                                                                                                                   
Jonathon                                                                                                                                                                                                
Kimerely                                                                                                                                                                                                
Jennifer                                                                                                                                                                                                
Michael                                                                                                                                                                                                 
Pat                                                                                                                                                                                                     
Shelley                                                                                                                                                                                                 
William                                                                                                                                                                                                 

20 rows selected.

SQL> SELECT LSST_NAME FROM EMPLOYEES;
SELECT LSST_NAME FROM EMPLOYEES
       *
ERROR at line 1:
ORA-00904: "LSST_NAME": invalid identifier 


SQL> SELECT LAST_NAME FROM EMPLOYEES;

LAST_NAME                                                                                                                                                                                               
---------------                                                                                                                                                                                         
King                                                                                                                                                                                                    
Kochhar                                                                                                                                                                                                 
De Haan                                                                                                                                                                                                 
Hunold                                                                                                                                                                                                  
Ernst                                                                                                                                                                                                   
Lorentz                                                                                                                                                                                                 
Mourgos                                                                                                                                                                                                 
Rajs                                                                                                                                                                                                    
Davies                                                                                                                                                                                                  
Matos                                                                                                                                                                                                   
Vargas                                                                                                                                                                                                  
Zlotkey                                                                                                                                                                                                 
Abel                                                                                                                                                                                                    
Taylor                                                                                                                                                                                                  
Grant                                                                                                                                                                                                   
Whalen                                                                                                                                                                                                  
Hartstein                                                                                                                                                                                               
Fay                                                                                                                                                                                                     
Higgins                                                                                                                                                                                                 
Gietz                                                                                                                                                                                                   

20 rows selected.

SQL> SELECT SALARY FROM EMPLOYEES;

    SALARY                                                                                                                                                                                              
----------                                                                                                                                                                                              
     24000                                                                                                                                                                                              
     17000                                                                                                                                                                                              
     17000                                                                                                                                                                                              
      9000                                                                                                                                                                                              
      6000                                                                                                                                                                                              
      4200                                                                                                                                                                                              
      5800                                                                                                                                                                                              
      3500                                                                                                                                                                                              
      3100                                                                                                                                                                                              
      2600                                                                                                                                                                                              
      2500                                                                                                                                                                                              
     10500                                                                                                                                                                                              
     11000                                                                                                                                                                                              
      8600                                                                                                                                                                                              
      7000                                                                                                                                                                                              
      4400                                                                                                                                                                                              
     13000                                                                                                                                                                                              
      6000                                                                                                                                                                                              
     12000                                                                                                                                                                                              
      8300                                                                                                                                                                                              

20 rows selected.

SQL> SELECT DEPARTMENT_ID FROM EMPLOYEES;

DEPARTMENT_ID                                                                                                                                                                                           
-------------                                                                                                                                                                                           
           90                                                                                                                                                                                           
           90                                                                                                                                                                                           
           90                                                                                                                                                                                           
           60                                                                                                                                                                                           
           60                                                                                                                                                                                           
           60                                                                                                                                                                                           
           50                                                                                                                                                                                           
           50                                                                                                                                                                                           
           50                                                                                                                                                                                           
           50                                                                                                                                                                                           
           50                                                                                                                                                                                           
           80                                                                                                                                                                                           
           80                                                                                                                                                                                           
           80                                                                                                                                                                                           
                                                                                                                                                                                                        
           10                                                                                                                                                                                           
           20                                                                                                                                                                                           
           20                                                                                                                                                                                           
          110                                                                                                                                                                                           
          110                                                                                                                                                                                           

20 rows selected.

SQL> SELECT FIRST_NAME , JOB_ID FROM EMPLOYEES;

FIRST_NAME      JOB_ID                                                                                                                                                                                  
--------------- ----------                                                                                                                                                                              
Steven          AD_PRES                                                                                                                                                                                 
Neena           AD_VP                                                                                                                                                                                   
Lex             AD_VP                                                                                                                                                                                   
Alexander       IT_PROG                                                                                                                                                                                 
Bruce           IT_PROG                                                                                                                                                                                 
Diana           IT_PROG                                                                                                                                                                                 
Kevin           ST_MAN                                                                                                                                                                                  
Trenna          ST_CLERK                                                                                                                                                                                
Curtis          ST_CLERK                                                                                                                                                                                
Randall         ST_CLERK                                                                                                                                                                                
Peter           ST_CLERK                                                                                                                                                                                
Eleni           SA_MAN                                                                                                                                                                                  
Ellen           SA_REP                                                                                                                                                                                  
Jonathon        SA_REP                                                                                                                                                                                  
Kimerely        SA_REP                                                                                                                                                                                  
Jennifer        AD_ASST                                                                                                                                                                                 
Michael         MK_MAN                                                                                                                                                                                  
Pat             MK_REP                                                                                                                                                                                  
Shelley         AC_MGR                                                                                                                                                                                  
William         AC_ACCOUNT                                                                                                                                                                              

20 rows selected.

SQL> SELECT FIRST_NAME , JOB_ID SALARY FROM EMPLOYEES;

FIRST_NAME      SALARY                                                                                                                                                                                  
--------------- ----------                                                                                                                                                                              
Steven          AD_PRES                                                                                                                                                                                 
Neena           AD_VP                                                                                                                                                                                   
Lex             AD_VP                                                                                                                                                                                   
Alexander       IT_PROG                                                                                                                                                                                 
Bruce           IT_PROG                                                                                                                                                                                 
Diana           IT_PROG                                                                                                                                                                                 
Kevin           ST_MAN                                                                                                                                                                                  
Trenna          ST_CLERK                                                                                                                                                                                
Curtis          ST_CLERK                                                                                                                                                                                
Randall         ST_CLERK                                                                                                                                                                                
Peter           ST_CLERK                                                                                                                                                                                
Eleni           SA_MAN                                                                                                                                                                                  
Ellen           SA_REP                                                                                                                                                                                  
Jonathon        SA_REP                                                                                                                                                                                  
Kimerely        SA_REP                                                                                                                                                                                  
Jennifer        AD_ASST                                                                                                                                                                                 
Michael         MK_MAN                                                                                                                                                                                  
Pat             MK_REP                                                                                                                                                                                  
Shelley         AC_MGR                                                                                                                                                                                  
William         AC_ACCOUNT                                                                                                                                                                              

20 rows selected.

SQL> REM IF WE WANT TO CHANGE COLUMN HEADING, WE CAN WRITE NEW HEADING BY PUTING SPACE BETWEEN COLUMN NAME AND HEADING.
SQL>
SQL> 
SQL> SELECT * FROM EMPLOYEES;

EMPLOYEE_ID FIRST_NAME      LAST_NAME       EMAIL      PHONE_NUMBER         HIRE_DATE JOB_ID         SALARY COMMISSION_PCT MANAGER_ID DEPARTMENT_ID                                                     
----------- --------------- --------------- ---------- -------------------- --------- ---------- ---------- -------------- ---------- -------------                                                     
        100 Steven          King            SKING      515.123.4567         17-JUL-87 AD_PRES         24000                                      90                                                     
        101 Neena           Kochhar         NKOCHHAR   515.123.4568         21-SEP-89 AD_VP           17000                       100            90                                                     
        102 Lex             De Haan         LDEHAAN    515.123.4569         13-JAN-93 AD_VP           17000                       100            90                                                     
        103 Alexander       Hunold          AHUNOLD    590.423.4567         03-JAN-90 IT_PROG          9000                       102            60                                                     
        104 Bruce           Ernst           BERNST     590.423.4568         21-MAY-91 IT_PROG          6000                       103            60                                                     
        107 Diana           Lorentz         DLORENTZ   590.423.5567         07-FEB-99 IT_PROG          4200                       103            60                                                     
        124 Kevin           Mourgos         KMOURGOS   650.123.5234         16-NOV-99 ST_MAN           5800                       100            50                                                     
        141 Trenna          Rajs            TRAJS      650.121.8009         17-OCT-95 ST_CLERK         3500                       124            50                                                     
        142 Curtis          Davies          CDAVIES    650.121.2994         29-JAN-97 ST_CLERK         3100                       124            50                                                     
        143 Randall         Matos           RMATOS     650.121.2874         15-MAR-98 ST_CLERK         2600                       124            50                                                     
        144 Peter           Vargas          PVARGAS    650.121.2004         09-JUL-98 ST_CLERK         2500                       124            50                                                     
        149 Eleni           Zlotkey         EZLOTKEY   011.44.1344.429018   29-JAN-00 SA_MAN          10500             .2        100            80                                                     
        174 Ellen           Abel            EABEL      011.44.1644.429267   11-MAY-96 SA_REP          11000             .3        149            80                                                     
        176 Jonathon        Taylor          JTAYLOR    011.44.1644.429265   24-MAR-98 SA_REP           8600             .3        149            80                                                     
        178 Kimerely        Grant           KGRANT     011.44.1644.429263   24-MAY-99 SA_REP           7000            .15        149                                                                   
        200 Jennifer        Whalen          JWHALEN    515.123.4444         17-SEP-87 AD_ASST          4400                       101            10                                                     
        201 Michael         Hartstein       MHARTSTE   515.123.5555         17-FEB-96 MK_MAN          13000                       100            20                                                     
        202 Pat             Fay             PFAY       603.123.6666         17-AUG-97 MK_REP           6000                       201            20                                                     
        205 Shelley         Higgins         SHIGGINS   515.123.8080         07-JUN-94 AC_MGR          12000                       101           110                                                     
        206 William         Gietz           WGIETZ     515.123.8181         07-JUN-94 AC_ACCOUNT       8300                       205           110                                                     

20 rows selected.

SQL> SELECT * FROM DEPARTMENTS;

DEPARTMENT_ID DEPARTMENT_NAME                MANAGER_ID LOCATION_ID                                                                                                                                     
------------- ------------------------------ ---------- -----------                                                                                                                                     
           10 Administration                        200        1700                                                                                                                                     
           20 Marketing                             201        1800                                                                                                                                     
           50 Shiping                               124        1500                                                                                                                                     
           60 IT                                    103        1400                                                                                                                                     
           80 Sales                                 149        2500                                                                                                                                     
           90 Executive                             100        1700                                                                                                                                     
          110 Accounting                            205        1700                                                                                                                                     
          190 Contracting                                      1700                                                                                                                                     

8 rows selected.

SQL> SELECT * FROM LOCATIONS;

LOCATION_ID STREET_ADRESS                            POSTAL_CODE  CITY                           STATE_PROVINCE            CO                                                                           
----------- ---------------------------------------- ------------ ------------------------------ ------------------------- --                                                                           
       1400 2014 Jabberwocky Rd                      26192        Southlake                      Texas                     US                                                                           
       1500 2011 Interiors Blvd                      99236        South San Francisco            California                US                                                                           
       1700 2004 Charade Rd                          98199        Seattle                        Washington                US                                                                           
       1800 460 Bloor St. W.                         ON M5S 1X8   Toronto                        Ontario                   CA                                                                           
       2500 Magdalen Centre, The Oxford Science Park OX9 9ZB      Oxford                         Oxford                    UK                                                                           

SQL> REM DD-MON-RR : DEFAULT DATE FORMAT
SQL> 
SQL> SELECT SALARY , SALARY * 20 / 100  FROM EMPLOYEES;

SELECT SALARY, SALARY*20/100 FROM EMPLOYEES;				

    SALARY SALARY*20/100                                                                                                                                                                                
---------- -------------                                                                                                                                                                                
     24000          4800                                                                                                                                                                                
     17000          3400                                                                                                                                                                                
     17000          3400                                                                                                                                                                                
      9000          1800                                                                                                                                                                                
      6000          1200                                                                                                                                                                                
      4200           840                                                                                                                                                                                
      5800          1160                                                                                                                                                                                
      3500           700                                                                                                                                                                                
      3100           620                                                                                                                                                                                
      2600           520                                                                                                                                                                                
      2500           500                                                                                                                                                                                
     10500          2100                                                                                                                                                                                
     11000          2200                                                                                                                                                                                
      8600          1720                                                                                                                                                                                
      7000          1400                                                                                                                                                                                
      4400           880                                                                                                                                                                                
     13000          2600                                                                                                                                                                                
      6000          1200                                                                                                                                                                                
     12000          2400                                                                                                                                                                                
      8300          1660                                                                                                                                                                                

20 rows selected.

SQL> SELECT 20/100 FROM DUAL;

    20/100                                                                                                                                                                                              
----------                                                                                                                                                                                              
        .2                                                                                                                                                                                              

SQL> SELECT SALARY , SALARY * 20 / 100 , SALARY * .2 FROM EMPLOYEES;

    SALARY SALARY*20/100  SALARY*.2                                                                                                                                                                     
---------- ------------- ----------                                                                                                                                                                     
     24000          4800       4800                                                                                                                                                                     
     17000          3400       3400                                                                                                                                                                     
     17000          3400       3400                                                                                                                                                                     
      9000          1800       1800                                                                                                                                                                     
      6000          1200       1200                                                                                                                                                                     
      4200           840        840                                                                                                                                                                     
      5800          1160       1160                                                                                                                                                                     
      3500           700        700                                                                                                                                                                     
      3100           620        620                                                                                                                                                                     
      2600           520        520                                                                                                                                                                     
      2500           500        500                                                                                                                                                                     
     10500          2100       2100                                                                                                                                                                     
     11000          2200       2200                                                                                                                                                                     
      8600          1720       1720                                                                                                                                                                     
      7000          1400       1400                                                                                                                                                                     
      4400           880        880                                                                                                                                                                     
     13000          2600       2600                                                                                                                                                                     
      6000          1200       1200                                                                                                                                                                     
     12000          2400       2400                                                                                                                                                                     
      8300          1660       1660                                                                                                                                                                     

20 rows selected.

SQL> SELECT * FROM DEPARTMENTS;

DEPARTMENT_ID DEPARTMENT_NAME                MANAGER_ID LOCATION_ID                                                                                                                                     
------------- ------------------------------ ---------- -----------                                                                                                                                     
           10 Administration                        200        1700                                                                                                                                     
           20 Marketing                             201        1800                                                                                                                                     
           50 Shiping                               124        1500                                                                                                                                     
           60 IT                                    103        1400                                                                                                                                     
           80 Sales                                 149        2500                                                                                                                                     
           90 Executive                             100        1700                                                                                                                                     
          110 Accounting                            205        1700                                                                                                                                     
          190 Contracting                                      1700                                                                                                                                     

8 rows selected.

SQL> SELECT DEPARTMENT_NAME FROM DEPARTMENTS;

DEPARTMENT_NAME                                                                                                                                                                                         
------------------------------                                                                                                                                                                          
Administration                                                                                                                                                                                          
Marketing                                                                                                                                                                                               
Shiping                                                                                                                                                                                                 
IT                                                                                                                                                                                                      
Sales                                                                                                                                                                                                   
Executive                                                                                                                                                                                               
Accounting                                                                                                                                                                                              
Contracting                                                                                                                                                                                             

8 rows selected.

SQL> SELECT DEPARTMENT_NAME , MANAGER_ID FROM DEPARTMENTS;

DEPARTMENT_NAME                MANAGER_ID                                                                                                                                                               
------------------------------ ----------                                                                                                                                                               
Administration                        200                                                                                                                                                               
Marketing                             201                                                                                                                                                               
Shiping                               124                                                                                                                                                               
IT                                    103                                                                                                                                                               
Sales                                 149                                                                                                                                                               
Executive                             100                                                                                                                                                               
Accounting                            205                                                                                                                                                               
Contracting                                                                                                                                                                                             

8 rows selected.



SQL> SELECT DEPARTMENT_NAME DEPARTMENT_ID , MANAGER_ID FROM DEPARTMENTS;

DEPARTMENT_ID                  MANAGER_ID                                                                                                                                                               
------------------------------ ----------                                                                                                                                                               
Administration                        200                                                                                                                                                               
Marketing                             201                                                                                                                                                               
Shiping                               124                                                                                                                                                               
IT                                    103                                                                                                                                                               
Sales                                 149                                                                                                                                                               
Executive                             100                                                                                                                                                               
Accounting                            205                                                                                                                                                               
Contracting                                                                                                                                                                                             

8 rows selected.

SQL> REM PROJECTION : DISPLAYING SOME OF THE COLUMNS OF OUR CHOICE.
SQL> 
SQL> REM || : CONCATENATION OPERATOR
SQL> 
SQL> REM || : CONCATENATION OPERATOR : TO JOIN/CLUB/COMBINE TWO COLUMNS
SQL> 
SQL> SELECT FIRST_NAME , LAST_NAME FROM EMPLOYEES;

FIRST_NAME      LAST_NAME                                                                                                                                                                               
--------------- ---------------                                                                                                                                                                         
Steven          King                                                                                                                                                                                    
Neena           Kochhar                                                                                                                                                                                 
Lex             De Haan                                                                                                                                                                                 
Alexander       Hunold                                                                                                                                                                                  
Bruce           Ernst                                                                                                                                                                                   
Diana           Lorentz                                                                                                                                                                                 
Kevin           Mourgos                                                                                                                                                                                 
Trenna          Rajs                                                                                                                                                                                    
Curtis          Davies                                                                                                                                                                                  
Randall         Matos                                                                                                                                                                                   
Peter           Vargas                                                                                                                                                                                  
Eleni           Zlotkey                                                                                                                                                                                 
Ellen           Abel                                                                                                                                                                                    
Jonathon        Taylor                                                                                                                                                                                  
Kimerely        Grant                                                                                                                                                                                   
Jennifer        Whalen                                                                                                                                                                                  
Michael         Hartstein                                                                                                                                                                               
Pat             Fay                                                                                                                                                                                     
Shelley         Higgins                                                                                                                                                                                 
William         Gietz                                                                                                                                                                                   

20 rows selected.

SQL> SELECT FIRST_NAME || LAST_NAME FROM EMPLOYEES;

FIRST_NAME||LAST_NAME                                                                                                                                                                                   
------------------------------                                                                                                                                                                          
StevenKing                                                                                                                                                                                              
NeenaKochhar                                                                                                                                                                                            
LexDe Haan                                                                                                                                                                                              
AlexanderHunold                                                                                                                                                                                         
BruceErnst                                                                                                                                                                                              
DianaLorentz                                                                                                                                                                                            
KevinMourgos                                                                                                                                                                                            
TrennaRajs                                                                                                                                                                                              
CurtisDavies                                                                                                                                                                                            
RandallMatos                                                                                                                                                                                            
PeterVargas                                                                                                                                                                                             
EleniZlotkey                                                                                                                                                                                            
EllenAbel                                                                                                                                                                                               
JonathonTaylor                                                                                                                                                                                          
KimerelyGrant                                                                                                                                                                                           
JenniferWhalen                                                                                                                                                                                          
MichaelHartstein                                                                                                                                                                                        
PatFay                                                                                                                                                                                                  
ShelleyHiggins                                                                                                                                                                                          
WilliamGietz                                                                                                                                                                                            

20 rows selected.

SQL> SELECT FIRST_NAME || ' ' || LAST_NAME FROM EMPLOYEES;

FIRST_NAME||''||LAST_NAME                                                                                                                                                                               
-------------------------------                                                                                                                                                                         
Steven King                                                                                                                                                                                             
Neena Kochhar                                                                                                                                                                                           
Lex De Haan                                                                                                                                                                                             
Alexander Hunold                                                                                                                                                                                        
Bruce Ernst                                                                                                                                                                                             
Diana Lorentz                                                                                                                                                                                           
Kevin Mourgos                                                                                                                                                                                           
Trenna Rajs                                                                                                                                                                                             
Curtis Davies                                                                                                                                                                                           
Randall Matos                                                                                                                                                                                           
Peter Vargas                                                                                                                                                                                            
Eleni Zlotkey                                                                                                                                                                                           
Ellen Abel                                                                                                                                                                                              
Jonathon Taylor                                                                                                                                                                                         
Kimerely Grant                                                                                                                                                                                          
Jennifer Whalen                                                                                                                                                                                         
Michael Hartstein                                                                                                                                                                                       
Pat Fay                                                                                                                                                                                                 
Shelley Higgins                                                                                                                                                                                         
William Gietz                                                                                                                                                                                           

20 rows selected.

SQL> SELECT , FIRST_NAME || ' ' || LAST_NAME FROM EMPLOYEES;
SELECT , FIRST_NAME || ' ' || LAST_NAME FROM EMPLOYEES
       *
ERROR at line 1:
ORA-00936: missing expression 


SQL> SELECT || FIRST_NAME || ' ' || LAST_NAME FROM EMPLOYEES;
SELECT || FIRST_NAME || ' ' || LAST_NAME FROM EMPLOYEES
       *
ERROR at line 1:
ORA-00936: missing expression 


SQL> SELECT FIRST_NAME || ' ' || LAST_NAME , FROM EMPLOYEES;
SELECT FIRST_NAME || ' ' || LAST_NAME , FROM EMPLOYEES
                                        *
ERROR at line 1:
ORA-00936: missing expression 


SQL> SELECT FIRST_NAME || ' ' || LAST_NAME || FROM EMPLOYEES;
SELECT FIRST_NAME || ' ' || LAST_NAME || FROM EMPLOYEES
                                         *
ERROR at line 1:
ORA-00936: missing expression 


SQL> SELECT FIRST_NAME , HIRE_DATE , SALARY FROM EMPLOYEES;

FIRST_NAME      HIRE_DATE     SALARY                                                                                                                                                                    
--------------- --------- ----------                                                                                                                                                                    
Steven          17-JUL-87      24000                                                                                                                                                                    
Neena           21-SEP-89      17000                                                                                                                                                                    
Lex             13-JAN-93      17000                                                                                                                                                                    
Alexander       03-JAN-90       9000                                                                                                                                                                    
Bruce           21-MAY-91       6000                                                                                                                                                                    
Diana           07-FEB-99       4200                                                                                                                                                                    
Kevin           16-NOV-99       5800                                                                                                                                                                    
Trenna          17-OCT-95       3500                                                                                                                                                                    
Curtis          29-JAN-97       3100                                                                                                                                                                    
Randall         15-MAR-98       2600                                                                                                                                                                    
Peter           09-JUL-98       2500                                                                                                                                                                    
Eleni           29-JAN-00      10500                                                                                                                                                                    
Ellen           11-MAY-96      11000                                                                                                                                                                    
Jonathon        24-MAR-98       8600                                                                                                                                                                    
Kimerely        24-MAY-99       7000                                                                                                                                                                    
Jennifer        17-SEP-87       4400                                                                                                                                                                    
Michael         17-FEB-96      13000                                                                                                                                                                    
Pat             17-AUG-97       6000                                                                                                                                                                    
Shelley         07-JUN-94      12000                                                                                                                                                                    
William         07-JUN-94       8300                                                                                                                                                                    

20 rows selected.

SQL> SELECT FIRST_NAME || HIRE_DATE || SALARY FROM EMPLOYEES;

FIRST_NAME||HIRE_DATE||SALARY                                                                                                                                                                           
-------------------------------------------------------------------------                                                                                                                               
Steven17-JUL-8724000                                                                                                                                                                                    
Neena21-SEP-8917000                                                                                                                                                                                     
Lex13-JAN-9317000                                                                                                                                                                                       
Alexander03-JAN-909000                                                                                                                                                                                  
Bruce21-MAY-916000                                                                                                                                                                                      
Diana07-FEB-994200                                                                                                                                                                                      
Kevin16-NOV-995800                                                                                                                                                                                      
Trenna17-OCT-953500                                                                                                                                                                                     
Curtis29-JAN-973100                                                                                                                                                                                     
Randall15-MAR-982600                                                                                                                                                                                    
Peter09-JUL-982500                                                                                                                                                                                      
Eleni29-JAN-0010500                                                                                                                                                                                     
Ellen11-MAY-9611000                                                                                                                                                                                     
Jonathon24-MAR-988600                                                                                                                                                                                   
Kimerely24-MAY-997000                                                                                                                                                                                   
Jennifer17-SEP-874400                                                                                                                                                                                   
Michael17-FEB-9613000                                                                                                                                                                                   
Pat17-AUG-976000                                                                                                                                                                                        
Shelley07-JUN-9412000                                                                                                                                                                                   
William07-JUN-948300                                                                                                                                                                                    

20 rows selected.

SQL> SELECT FIRST_NAME || '-' || LAST_NAME FROM EMPLOYEES;

FIRST_NAME||'-'||LAST_NAME                                                                                                                                                                              
-------------------------------                                                                                                                                                                         
Steven-King                                                                                                                                                                                             
Neena-Kochhar                                                                                                                                                                                           
Lex-De Haan                                                                                                                                                                                             
Alexander-Hunold                                                                                                                                                                                        
Bruce-Ernst                                                                                                                                                                                             
Diana-Lorentz                                                                                                                                                                                           
Kevin-Mourgos                                                                                                                                                                                           
Trenna-Rajs                                                                                                                                                                                             
Curtis-Davies                                                                                                                                                                                           
Randall-Matos                                                                                                                                                                                           
Peter-Vargas                                                                                                                                                                                            
Eleni-Zlotkey                                                                                                                                                                                           
Ellen-Abel                                                                                                                                                                                              
Jonathon-Taylor                                                                                                                                                                                         
Kimerely-Grant                                                                                                                                                                                          
Jennifer-Whalen                                                                                                                                                                                         
Michael-Hartstein                                                                                                                                                                                       
Pat-Fay                                                                                                                                                                                                 
Shelley-Higgins                                                                                                                                                                                         
William-Gietz                                                                                                                                                                                           

20 rows selected.

SQL> SELECT FIRST_NAME || ', ' || LAST_NAME FROM EMPLOYEES;

FIRST_NAME||','||LAST_NAME                                                                                                                                                                              
--------------------------------                                                                                                                                                                        
Steven, King                                                                                                                                                                                            
Neena, Kochhar                                                                                                                                                                                          
Lex, De Haan                                                                                                                                                                                            
Alexander, Hunold                                                                                                                                                                                       
Bruce, Ernst                                                                                                                                                                                            
Diana, Lorentz                                                                                                                                                                                          
Kevin, Mourgos                                                                                                                                                                                          
Trenna, Rajs                                                                                                                                                                                            
Curtis, Davies                                                                                                                                                                                          
Randall, Matos                                                                                                                                                                                          
Peter, Vargas                                                                                                                                                                                           
Eleni, Zlotkey                                                                                                                                                                                          
Ellen, Abel                                                                                                                                                                                             
Jonathon, Taylor                                                                                                                                                                                        
Kimerely, Grant                                                                                                                                                                                         
Jennifer, Whalen                                                                                                                                                                                        
Michael, Hartstein                                                                                                                                                                                      
Pat, Fay                                                                                                                                                                                                
Shelley, Higgins                                                                                                                                                                                        
William, Gietz                                                                                                                                                                                          

20 rows selected.

SQL> SELECT FIRST_NAME || ' : ' || LAST_NAME FROM EMPLOYEES;

FIRST_NAME||':'||LAST_NAME                                                                                                                                                                              
---------------------------------                                                                                                                                                                       
Steven : King                                                                                                                                                                                           
Neena : Kochhar                                                                                                                                                                                         
Lex : De Haan                                                                                                                                                                                           
Alexander : Hunold                                                                                                                                                                                      
Bruce : Ernst                                                                                                                                                                                           
Diana : Lorentz                                                                                                                                                                                         
Kevin : Mourgos                                                                                                                                                                                         
Trenna : Rajs                                                                                                                                                                                           
Curtis : Davies                                                                                                                                                                                         
Randall : Matos                                                                                                                                                                                         
Peter : Vargas                                                                                                                                                                                          
Eleni : Zlotkey                                                                                                                                                                                         
Ellen : Abel                                                                                                                                                                                            
Jonathon : Taylor                                                                                                                                                                                       
Kimerely : Grant                                                                                                                                                                                        
Jennifer : Whalen                                                                                                                                                                                       
Michael : Hartstein                                                                                                                                                                                     
Pat : Fay                                                                                                                                                                                               
Shelley : Higgins                                                                                                                                                                                       
William : Gietz                                                                                                                                                                                         

20 rows selected.

SQL> SELECT FIRST_NAME || ' -> ' || LAST_NAME FROM EMPLOYEES;

FIRST_NAME||'->'||LAST_NAME                                                                                                                                                                             
----------------------------------                                                                                                                                                                      
Steven -> King                                                                                                                                                                                          
Neena -> Kochhar                                                                                                                                                                                        
Lex -> De Haan                                                                                                                                                                                          
Alexander -> Hunold                                                                                                                                                                                     
Bruce -> Ernst                                                                                                                                                                                          
Diana -> Lorentz                                                                                                                                                                                        
Kevin -> Mourgos                                                                                                                                                                                        
Trenna -> Rajs                                                                                                                                                                                          
Curtis -> Davies                                                                                                                                                                                        
Randall -> Matos                                                                                                                                                                                        
Peter -> Vargas                                                                                                                                                                                         
Eleni -> Zlotkey                                                                                                                                                                                        
Ellen -> Abel                                                                                                                                                                                           
Jonathon -> Taylor                                                                                                                                                                                      
Kimerely -> Grant                                                                                                                                                                                       
Jennifer -> Whalen                                                                                                                                                                                      
Michael -> Hartstein                                                                                                                                                                                    
Pat -> Fay                                                                                                                                                                                              
Shelley -> Higgins                                                                                                                                                                                      
William -> Gietz                                                                                                                                                                                        

20 rows selected.

SQL> SELECT FIRST_NAME , JOB_ID FROM EMPLOYEES;

FIRST_NAME      JOB_ID                                                                                                                                                                                  
--------------- ----------                                                                                                                                                                              
Steven          AD_PRES                                                                                                                                                                                 
Neena           AD_VP                                                                                                                                                                                   
Lex             AD_VP                                                                                                                                                                                   
Alexander       IT_PROG                                                                                                                                                                                 
Bruce           IT_PROG                                                                                                                                                                                 
Diana           IT_PROG           			SELECT FIRST_NAME || ' WORKS AS ' || JOB_ID || '.' FROM EMPLOYEES;                                                                                                                                                                    
Kevin           ST_MAN                                                                                                                                                                                  
Trenna          ST_CLERK                                                                                                                                                                                
Curtis          ST_CLERK                                                                                                                                                                                
Randall         ST_CLERK                                                                                                                                                                                
Peter           ST_CLERK                                                                                                                                                                                
Eleni           SA_MAN                                                                                                                                                                                  
Ellen           SA_REP                                                                                                                                                                                  
Jonathon        SA_REP                                                                                                                                                                                  
Kimerely        SA_REP                                                                                                                                                                                  
Jennifer        AD_ASST                                                                                                                                                                                 
Michael         MK_MAN                                                                                                                                                                                  
Pat             MK_REP                                                                                                                                                                                  
Shelley         AC_MGR                                                                                                                                                                                  
William         AC_ACCOUNT                                                                                                                                                                              

20 rows selected.

SQL> REM Steven works as AD_PRES.
SQL> REM Neena works as AD_VP.
SQL> 
SQL> REM William works as AC_ACCOUNT.
SQL> 
SQL> SELECT FIRST_NAME || 'works as' || JOB_ID || '.' FROM EMPLOYEES;

FIRST_NAME||'WORKSAS'||JOB_ID||'.'                                                                                                                                                                      
----------------------------------                                                                                                                                                                      
Stevenworks asAD_PRES.                                                                                                                                                                                  
Neenaworks asAD_VP.                                                                                                                                                                                     
Lexworks asAD_VP.                                                                                                                                                                                       
Alexanderworks asIT_PROG.                                                                                                                                                                               
Bruceworks asIT_PROG.                                                                                                                                                                                   
Dianaworks asIT_PROG.                                                                                                                                                                                   
Kevinworks asST_MAN.                                                                                                                                                                                    
Trennaworks asST_CLERK.                                                                                                                                                                                 
Curtisworks asST_CLERK.                                                                                                                                                                                 
Randallworks asST_CLERK.                                                                                                                                                                                
Peterworks asST_CLERK.                                                                                                                                                                                  
Eleniworks asSA_MAN.                                                                                                                                                                                    
Ellenworks asSA_REP.                                                                                                                                                                                    
Jonathonworks asSA_REP.                                                                                                                                                                                 
Kimerelyworks asSA_REP.                                                                                                                                                                                 
Jenniferworks asAD_ASST.                                                                                                                                                                                
Michaelworks asMK_MAN.                                                                                                                                                                                  
Patworks asMK_REP.                                                                                                                                                                                      
Shelleyworks asAC_MGR.                                                                                                                                                                                  
Williamworks asAC_ACCOUNT.                                                                                                                                                                              

20 rows selected.

SQL> SELECT FIRST_NAME || ' works as ' || JOB_ID || '.' FROM EMPLOYEES;

FIRST_NAME||'WORKSAS'||JOB_ID||'.'                                                                                                                                                                      
------------------------------------                                                                                                                                                                    
Steven works as AD_PRES.                                                                                                                                                                                
Neena works as AD_VP.                                                                                                                                                                                   
Lex works as AD_VP.                                                                                                                                                                                     
Alexander works as IT_PROG.                                                                                                                                                                             
Bruce works as IT_PROG.                                                                                                                                                                                 
Diana works as IT_PROG.                                                                                                                                                                                 
Kevin works as ST_MAN.                                                                                                                                                                                  
Trenna works as ST_CLERK.                                                                                                                                                                               
Curtis works as ST_CLERK.                                                                                                                                                                               
Randall works as ST_CLERK.                                                                                                                                                                              
Peter works as ST_CLERK.                                                                                                                                                                                
Eleni works as SA_MAN.                                                                                                                                                                                  
Ellen works as SA_REP.                                                                                                                                                                                  
Jonathon works as SA_REP.                                                                                                                                                                               
Kimerely works as SA_REP.                                                                                                                                                                               
Jennifer works as AD_ASST.                                                                                                                                                                              
Michael works as MK_MAN.                                                                                                                                                                                
Pat works as MK_REP.                                                                                                                                                                                    
Shelley works as AC_MGR.                                                                                                                                                                                
William works as AC_ACCOUNT.                                                                                                                                                                            

20 rows selected.

SQL> SELECT * FROM EMPLOYEES;

EMPLOYEE_ID FIRST_NAME      LAST_NAME       EMAIL      PHONE_NUMBER         HIRE_DATE JOB_ID         SALARY COMMISSION_PCT MANAGER_ID DEPARTMENT_ID                                                     
----------- --------------- --------------- ---------- -------------------- --------- ---------- ---------- -------------- ---------- -------------                                                     
        100 Steven          King            SKING      515.123.4567         17-JUL-87 AD_PRES         24000                                      90                                                     
        101 Neena           Kochhar         NKOCHHAR   515.123.4568         21-SEP-89 AD_VP           17000                       100            90                                                     
        102 Lex             De Haan         LDEHAAN    515.123.4569         13-JAN-93 AD_VP           17000                       100            90                                                     
        103 Alexander       Hunold          AHUNOLD    590.423.4567         03-JAN-90 IT_PROG          9000                       102            60                                                     
        104 Bruce           Ernst           BERNST     590.423.4568         21-MAY-91 IT_PROG          6000                       103            60                                                     
        107 Diana           Lorentz         DLORENTZ   590.423.5567         07-FEB-99 IT_PROG          4200                       103            60                                                     
        124 Kevin           Mourgos         KMOURGOS   650.123.5234         16-NOV-99 ST_MAN           5800                       100            50                                                     
        141 Trenna          Rajs            TRAJS      650.121.8009         17-OCT-95 ST_CLERK         3500                       124            50                                                     
        142 Curtis          Davies          CDAVIES    650.121.2994         29-JAN-97 ST_CLERK         3100                       124            50                                                     
        143 Randall         Matos           RMATOS     650.121.2874         15-MAR-98 ST_CLERK         2600                       124            50                                                     
        144 Peter           Vargas          PVARGAS    650.121.2004         09-JUL-98 ST_CLERK         2500                       124            50                                                     
        149 Eleni           Zlotkey         EZLOTKEY   011.44.1344.429018   29-JAN-00 SA_MAN          10500             .2        100            80                                                     
        174 Ellen           Abel            EABEL      011.44.1644.429267   11-MAY-96 SA_REP          11000             .3        149            80                                                     
        176 Jonathon        Taylor          JTAYLOR    011.44.1644.429265   24-MAR-98 SA_REP           8600             .3        149            80                                                     
        178 Kimerely        Grant           KGRANT     011.44.1644.429263   24-MAY-99 SA_REP           7000            .15        149                                                                   
        200 Jennifer        Whalen          JWHALEN    515.123.4444         17-SEP-87 AD_ASST          4400                       101            10                                                     
        201 Michael         Hartstein       MHARTSTE   515.123.5555         17-FEB-96 MK_MAN          13000                       100            20                                                     
        202 Pat             Fay             PFAY       603.123.6666         17-AUG-97 MK_REP           6000                       201            20                                                     
        205 Shelley         Higgins         SHIGGINS   515.123.8080         07-JUN-94 AC_MGR          12000                       101           110                                                     
        206 William         Gietz           WGIETZ     515.123.8181         07-JUN-94 AC_ACCOUNT       8300                       205           110                                                     

20 rows selected.
		SELECT LAST_NAME || ' Gets Rs.' || SALARY || ' as monthly salary.' FROM EMPLOYEES;
SQL> REM King gets Rs.24000 as monthly salary.
SQL> REM Kochhar gets Rs.17000 as monthly salary.
SQL> 
SQL> REM Gietz gets Rs.8300 as monthly salary.
SQL> 
SQL> 
SQL> SELECT last_name || ' gets Rs.' || salary || ' as monthly salary.' FROM employees;

LAST_NAME||'GETSRS.'||SALARY||'ASMONTHLYSALARY.'                                                                                                                                                        
-----------------------------------------------------------------------------------                                                                                                                     
King gets Rs.24000 as monthly salary.                                                                                                                                                                   
Kochhar gets Rs.17000 as monthly salary.                                                                                                                                                                
De Haan gets Rs.17000 as monthly salary.                                                                                                                                                                
Hunold gets Rs.9000 as monthly salary.                                                                                                                                                                  
Ernst gets Rs.6000 as monthly salary.                                                                                                                                                                   
Lorentz gets Rs.4200 as monthly salary.                                                                                                                                                                 
Mourgos gets Rs.5800 as monthly salary.                                                                                                                                                                 
Rajs gets Rs.3500 as monthly salary.                                                                                                                                                                    
Davies gets Rs.3100 as monthly salary.                                                                                                                                                                  
Matos gets Rs.2600 as monthly salary.                                                                                                                                                                   
Vargas gets Rs.2500 as monthly salary.                                                                                                                                                                  
Zlotkey gets Rs.10500 as monthly salary.                                                                                                                                                                
Abel gets Rs.11000 as monthly salary.                                                                                                                                                                   
Taylor gets Rs.8600 as monthly salary.                                                                                                                                                                  
Grant gets Rs.7000 as monthly salary.                                                                                                                                                                   
Whalen gets Rs.4400 as monthly salary.                                                                                                                                                                  
Hartstein gets Rs.13000 as monthly salary.                                                                                                                                                              
Fay gets Rs.6000 as monthly salary.                                                                                                                                                                     
Higgins gets Rs.12000 as monthly salary.                                                                                                                                                                
Gietz gets Rs.8300 as monthly salary.                                                                                                                                                                   

20 rows selected.

SQL> SELECT * LAST_NAME || ' gets Rs.' || SALARY || ' as monthly salary. ' FROM EMPLOYEES ;
SELECT * LAST_NAME || ' gets Rs.' || SALARY || ' as monthly salary. ' FROM EMPLOYEES 
         *
ERROR at line 1:
ORA-00923: FROM keyword not found where expected 


SQL> SELECT LAST_NAME || ' gets Rs.' || SALARY || ' as monthly salary. ' FROM EMPLOYEES ;

LAST_NAME||'GETSRS.'||SALARY||'ASMONTHLYSALARY.'                                                                                                                                                        
------------------------------------------------------------------------------------                                                                                                                    
King gets Rs.24000 as monthly salary.                                                                                                                                                                   
Kochhar gets Rs.17000 as monthly salary.                                                                                                                                                                
De Haan gets Rs.17000 as monthly salary.                                                                                                                                                                
Hunold gets Rs.9000 as monthly salary.                                                                                                                                                                  
Ernst gets Rs.6000 as monthly salary.                                                                                                                                                                   
Lorentz gets Rs.4200 as monthly salary.                                                                                                                                                                 
Mourgos gets Rs.5800 as monthly salary.                                                                                                                                                                 
Rajs gets Rs.3500 as monthly salary.                                                                                                                                                                    
Davies gets Rs.3100 as monthly salary.                                                                                                                                                                  
Matos gets Rs.2600 as monthly salary.                                                                                                                                                                   
Vargas gets Rs.2500 as monthly salary.                                                                                                                                                                  
Zlotkey gets Rs.10500 as monthly salary.                                                                                                                                                                
Abel gets Rs.11000 as monthly salary.                                                                                                                                                                   
Taylor gets Rs.8600 as monthly salary.                                                                                                                                                                  
Grant gets Rs.7000 as monthly salary.                                                                                                                                                                   
Whalen gets Rs.4400 as monthly salary.                                                                                                                                                                  
Hartstein gets Rs.13000 as monthly salary.                                                                                                                                                              
Fay gets Rs.6000 as monthly salary.                                                                                                                                                                     
Higgins gets Rs.12000 as monthly salary.                                                                                                                                                                
Gietz gets Rs.8300 as monthly salary.                                                                                                                                                                   

20 rows selected.

SQL> SELECT LAST_NAME || ' gets Rs.' || SALARY || ' as monthly salary.' FROM EMPLOYEES ;

LAST_NAME||'GETSRS.'||SALARY||'ASMONTHLYSALARY.'                                                                                                                                                        
-----------------------------------------------------------------------------------                                                                                                                     
King gets Rs.24000 as monthly salary.                                                                                                                                                                   
Kochhar gets Rs.17000 as monthly salary.                                                                                                                                                                
De Haan gets Rs.17000 as monthly salary.                                                                                                                                                                
Hunold gets Rs.9000 as monthly salary.                                                                                                                                                                  
Ernst gets Rs.6000 as monthly salary.                                                                                                                                                                   
Lorentz gets Rs.4200 as monthly salary.                                                                                                                                                                 
Mourgos gets Rs.5800 as monthly salary.                                                                                                                                                                 
Rajs gets Rs.3500 as monthly salary.                                                                                                                                                                    
Davies gets Rs.3100 as monthly salary.                                                                                                                                                                  
Matos gets Rs.2600 as monthly salary.                                                                                                                                                                   
Vargas gets Rs.2500 as monthly salary.                                                                                                                                                                  
Zlotkey gets Rs.10500 as monthly salary.                                                                                                                                                                
Abel gets Rs.11000 as monthly salary.                                                                                                                                                                   
Taylor gets Rs.8600 as monthly salary.                                                                                                                                                                  
Grant gets Rs.7000 as monthly salary.                                                                                                                                                                   
Whalen gets Rs.4400 as monthly salary.                                                                                                                                                                  
Hartstein gets Rs.13000 as monthly salary.                                                                                                                                                              
Fay gets Rs.6000 as monthly salary.                                                                                                                                                                     
Higgins gets Rs.12000 as monthly salary.                                                                                                                                                                
Gietz gets Rs.8300 as monthly salary.                                                                                                                                                                   

20 rows selected.

SQL> SELECT * FROM EMPLOYEES;

EMPLOYEE_ID FIRST_NAME      LAST_NAME       EMAIL      PHONE_NUMBER         HIRE_DATE JOB_ID         SALARY COMMISSION_PCT MANAGER_ID DEPARTMENT_ID                                                     
----------- --------------- --------------- ---------- -------------------- --------- ---------- ---------- -------------- ---------- -------------                                                     
        100 Steven          King            SKING      515.123.4567         17-JUL-87 AD_PRES         24000                                      90                                                     
        101 Neena           Kochhar         NKOCHHAR   515.123.4568         21-SEP-89 AD_VP           17000                       100            90                                                     
        102 Lex             De Haan         LDEHAAN    515.123.4569         13-JAN-93 AD_VP           17000                       100            90                                                     
        103 Alexander       Hunold          AHUNOLD    590.423.4567         03-JAN-90 IT_PROG          9000                       102            60                                                     
        104 Bruce           Ernst           BERNST     590.423.4568         21-MAY-91 IT_PROG          6000                       103            60                                                     
        107 Diana           Lorentz         DLORENTZ   590.423.5567         07-FEB-99 IT_PROG          4200                       103            60                                                     
        124 Kevin           Mourgos         KMOURGOS   650.123.5234         16-NOV-99 ST_MAN           5800                       100            50                                                     
        141 Trenna          Rajs            TRAJS      650.121.8009         17-OCT-95 ST_CLERK         3500                       124            50                                                     
        142 Curtis          Davies          CDAVIES    650.121.2994         29-JAN-97 ST_CLERK         3100                       124            50                                                     
        143 Randall         Matos           RMATOS     650.121.2874         15-MAR-98 ST_CLERK         2600                       124            50                                                     
        144 Peter           Vargas          PVARGAS    650.121.2004         09-JUL-98 ST_CLERK         2500                       124            50                                                     
        149 Eleni           Zlotkey         EZLOTKEY   011.44.1344.429018   29-JAN-00 SA_MAN          10500             .2        100            80                                                     
        174 Ellen           Abel            EABEL      011.44.1644.429267   11-MAY-96 SA_REP          11000             .3        149            80                                                     
        176 Jonathon        Taylor          JTAYLOR    011.44.1644.429265   24-MAR-98 SA_REP           8600             .3        149            80                                                     
        178 Kimerely        Grant           KGRANT     011.44.1644.429263   24-MAY-99 SA_REP           7000            .15        149                                                                   
        200 Jennifer        Whalen          JWHALEN    515.123.4444         17-SEP-87 AD_ASST          4400                       101            10                                                     
        201 Michael         Hartstein       MHARTSTE   515.123.5555         17-FEB-96 MK_MAN          13000                       100            20                                                     
        202 Pat             Fay             PFAY       603.123.6666         17-AUG-97 MK_REP           6000                       201            20                                                     
        205 Shelley         Higgins         SHIGGINS   515.123.8080         07-JUN-94 AC_MGR          12000                       101           110                                                     
        206 William         Gietz           WGIETZ     515.123.8181         07-JUN-94 AC_ACCOUNT       8300                       205           110                                                     

20 rows selected.

SQL> REM King gets Rs.24000 as monthly salary.
SQL> 
SQL> SELECT LAST_NAME || ' gets Rs.' || SALARY || ' as monthly salary.' FROM EMPLOYEES;

LAST_NAME||'GETSRS.'||SALARY||'ASMONTHLYSALARY.'                                                                                                                                                        
-----------------------------------------------------------------------------------                                                                                                                     
King gets Rs.24000 as monthly salary.                                                                                                                                                                   
Kochhar gets Rs.17000 as monthly salary.                                                                                                                                                                
De Haan gets Rs.17000 as monthly salary.                                                                                                                                                                
Hunold gets Rs.9000 as monthly salary.                                                                                                                                                                  
Ernst gets Rs.6000 as monthly salary.                                                                                                                                                                   
Lorentz gets Rs.4200 as monthly salary.                                                                                                                                                                 
Mourgos gets Rs.5800 as monthly salary.                                                                                                                                                                 
Rajs gets Rs.3500 as monthly salary.                                                                                                                                                                    
Davies gets Rs.3100 as monthly salary.                                                                                                                                                                  
Matos gets Rs.2600 as monthly salary.                                                                                                                                                                   
Vargas gets Rs.2500 as monthly salary.                                                                                                                                                                  
Zlotkey gets Rs.10500 as monthly salary.                                                                                                                                                                
Abel gets Rs.11000 as monthly salary.                                                                                                                                                                   
Taylor gets Rs.8600 as monthly salary.                                                                                                                                                                  
Grant gets Rs.7000 as monthly salary.                                                                                                                                                                   
Whalen gets Rs.4400 as monthly salary.                                                                                                                                                                  
Hartstein gets Rs.13000 as monthly salary.                                                                                                                                                              
Fay gets Rs.6000 as monthly salary.                                                                                                                                                                     
Higgins gets Rs.12000 as monthly salary.                                                                                                                                                                
Gietz gets Rs.8300 as monthly salary.                                                                                                                                                                   

20 rows selected.

SQL> SELECT * FROM EMPLOYEES;

EMPLOYEE_ID FIRST_NAME      LAST_NAME       EMAIL      PHONE_NUMBER         HIRE_DATE JOB_ID         SALARY COMMISSION_PCT MANAGER_ID DEPARTMENT_ID                                                     
----------- --------------- --------------- ---------- -------------------- --------- ---------- ---------- -------------- ---------- -------------                                                     
        100 Steven          King            SKING      515.123.4567         17-JUL-87 AD_PRES         24000                                      90                                                     
        101 Neena           Kochhar         NKOCHHAR   515.123.4568         21-SEP-89 AD_VP           17000                       100            90                                                     
        102 Lex             De Haan         LDEHAAN    515.123.4569         13-JAN-93 AD_VP           17000                       100            90                                                     
        103 Alexander       Hunold          AHUNOLD    590.423.4567         03-JAN-90 IT_PROG          9000                       102            60                                                     
        104 Bruce           Ernst           BERNST     590.423.4568         21-MAY-91 IT_PROG          6000                       103            60                                                     
        107 Diana           Lorentz         DLORENTZ   590.423.5567         07-FEB-99 IT_PROG          4200                       103            60                                                     
        124 Kevin           Mourgos         KMOURGOS   650.123.5234         16-NOV-99 ST_MAN           5800                       100            50                                                     
        141 Trenna          Rajs            TRAJS      650.121.8009         17-OCT-95 ST_CLERK         3500                       124            50                                                     
        142 Curtis          Davies          CDAVIES    650.121.2994         29-JAN-97 ST_CLERK         3100                       124            50                                                     
        143 Randall         Matos           RMATOS     650.121.2874         15-MAR-98 ST_CLERK         2600                       124            50                                                     
        144 Peter           Vargas          PVARGAS    650.121.2004         09-JUL-98 ST_CLERK         2500                       124            50                                                     
        149 Eleni           Zlotkey         EZLOTKEY   011.44.1344.429018   29-JAN-00 SA_MAN          10500             .2        100            80                                                     
        174 Ellen           Abel            EABEL      011.44.1644.429267   11-MAY-96 SA_REP          11000             .3        149            80                                                     
        176 Jonathon        Taylor          JTAYLOR    011.44.1644.429265   24-MAR-98 SA_REP           8600             .3        149            80                                                     
        178 Kimerely        Grant           KGRANT     011.44.1644.429263   24-MAY-99 SA_REP           7000            .15        149                                                                   
        200 Jennifer        Whalen          JWHALEN    515.123.4444         17-SEP-87 AD_ASST          4400                       101            10                                                     
        201 Michael         Hartstein       MHARTSTE   515.123.5555         17-FEB-96 MK_MAN          13000                       100            20                                                     
        202 Pat             Fay             PFAY       603.123.6666         17-AUG-97 MK_REP           6000                       201            20                                                     
        205 Shelley         Higgins         SHIGGINS   515.123.8080         07-JUN-94 AC_MGR          12000                       101           110                                                     
        206 William         Gietz           WGIETZ     515.123.8181         07-JUN-94 AC_ACCOUNT       8300                       205           110                                                     

20 rows selected.								

SQL> REM Steven King works in department 90.
SQL> 
SQL> SELECT FIRST_NAME || '   ' ||  LAST_NAME || 'works in' || DEPARTMENT_ID || '.'
  2  FROM EMPLOYEES;

FIRST_NAME||''||LAST_NAME||'WORKSIN'||DEPARTMENT_ID||'.'                                                                                                                                                
----------------------------------------------------------------------------------                                                                                                                      
Steven   Kingworks in90.                                                                                                                                                                                
Neena   Kochharworks in90.                                                                                                                                                                              
Lex   De Haanworks in90.                                                                                                                                                                                
Alexander   Hunoldworks in60.                                                                                                                                                                           
Bruce   Ernstworks in60.                                                                                                                                                                                
Diana   Lorentzworks in60.                                                                                                                                                                              
Kevin   Mourgosworks in50.                                                                                                                                                                              
Trenna   Rajsworks in50.                                                                                                                                                                                
Curtis   Daviesworks in50.                                                                                                                                                                              
Randall   Matosworks in50.                                                                                                                                                                              
Peter   Vargasworks in50.                                                                                                                                                                               
Eleni   Zlotkeyworks in80.                                                                                                                                                                              
Ellen   Abelworks in80.                                                                                                                                                                                 
Jonathon   Taylorworks in80.                                                                                                                                                                            
Kimerely   Grantworks in.                                                                                                                                                                               
Jennifer   Whalenworks in10.                                                                                                                                                                            
Michael   Hartsteinworks in20.                                                                                                                                                                          
Pat   Fayworks in20.                                                                                                                                                                                    
Shelley   Higginsworks in110.                                                                                                                                                                           
William   Gietzworks in110.                                                                                                                                                                             

20 rows selected.

SQL> SELECT FIRST_NAME || ' ' ||  LAST_NAME || ' works in ' || DEPARTMENT_ID || '.' FROM EMPLOYEES;

FIRST_NAME||''||LAST_NAME||'WORKSIN'||DEPARTMENT_ID||'.'                                                                                                                                                
----------------------------------------------------------------------------------                                                                                                                      
Steven King works in 90.                                                                                                                                                                                
Neena Kochhar works in 90.                                                                                                                                                                              
Lex De Haan works in 90.                                                                                                                                                                                
Alexander Hunold works in 60.                                                                                                                                                                           
Bruce Ernst works in 60.                                                                                                                                                                                
Diana Lorentz works in 60.                                                                                                                                                                              
Kevin Mourgos works in 50.                                                                                                                                                                              
Trenna Rajs works in 50.                                                                                                                                                                                
Curtis Davies works in 50.                                                                                                                                                                              
Randall Matos works in 50.                                                                                                                                                                              
Peter Vargas works in 50.                                                                                                                                                                               
Eleni Zlotkey works in 80.                                                                                                                                                                              
Ellen Abel works in 80.                                                                                                                                                                                 
Jonathon Taylor works in 80.                                                                                                                                                                            
Kimerely Grant works in .                                                                                                                                                                               
Jennifer Whalen works in 10.                                                                                                                                                                            
Michael Hartstein works in 20.                                                                                                                                                                          
Pat Fay works in 20.                                                                                                                                                                                    
Shelley Higgins works in 110.                                                                                                                                                                           
William Gietz works in 110.                                                                                                                                                                             

20 rows selected.

SQL> SELECT FIRST_NAME , LAST_NAME !! ' works in department ' !! DEPARTMENT _ID FROM EMPLOYEES;
SELECT FIRST_NAME , LAST_NAME !! ' works in department ' !! DEPARTMENT _ID FROM EMPLOYEES
                              *
ERROR at line 1:
ORA-00923: FROM keyword not found where expected 


SQL> SELECT FIRST_NAME , LAST_NAME || ' works in department ' || DEPARTMENT _ID FROM EMPLOYEES;
SELECT FIRST_NAME , LAST_NAME || ' works in department ' || DEPARTMENT _ID FROM EMPLOYEES
                                                                       *
ERROR at line 1:
ORA-00911: invalid character 


SQL> SELECT FIRST_NAME , LAST_NAME !! ' works in department ' !! DEPARTMENT_ID FROM EMPLOYEES;
SELECT FIRST_NAME , LAST_NAME !! ' works in department ' !! DEPARTMENT_ID FROM EMPLOYEES
                              *
ERROR at line 1:
ORA-00923: FROM keyword not found where expected 


SQL> SELECT FIRST_NAME , LAST_NAME || ' works in department ' || DEPARTMENT_ID FROM EMPLOYEES;

FIRST_NAME      LAST_NAME||'WORKSINDEPARTMENT'||DEPARTMENT_ID                                                                                                                                           
--------------- ----------------------------------------------------------------------------                                                                                                            
Steven          King works in department 90                                                                                                                                                             
Neena           Kochhar works in department 90                                                                                                                                                          
Lex             De Haan works in department 90                                                                                                                                                          
Alexander       Hunold works in department 60                                                                                                                                                           
Bruce           Ernst works in department 60                                                                                                                                                            
Diana           Lorentz works in department 60                                                                                                                                                          
Kevin           Mourgos works in department 50                                                                                                                                                          
Trenna          Rajs works in department 50                                                                                                                                                             
Curtis          Davies works in department 50                                                                                                                                                           
Randall         Matos works in department 50                                                                                                                                                            
Peter           Vargas works in department 50                                                                                                                                                           
Eleni           Zlotkey works in department 80                                                                                                                                                          
Ellen           Abel works in department 80                                                                                                                                                             
Jonathon        Taylor works in department 80                                                                                                                                                           
Kimerely        Grant works in department                                                                                                                                                               
Jennifer        Whalen works in department 10                                                                                                                                                           
Michael         Hartstein works in department 20                                                                                                                                                        
Pat             Fay works in department 20                                                                                                                                                              
Shelley         Higgins works in department 110                                                                                                                                                         
William         Gietz works in department 110                                                                                                                                                           

20 rows selected.

SQL> SELECT FIRST_NAME || ' ' || LAST_NAME || ' works in department ' || DEPARTMENT_ID || '.' FROM EMPLOYEES;

FIRST_NAME||''||LAST_NAME||'WORKSINDEPARTMENT'||DEPARTMENT_ID||'.'                                                                                                                                      
---------------------------------------------------------------------------------------------                                                                                                           
Steven King works in department 90.                                                                                                                                                                     
Neena Kochhar works in department 90.                                                                                                                                                                   
Lex De Haan works in department 90.                                                                                                                                                                     
Alexander Hunold works in department 60.                                                                                                                                                                
Bruce Ernst works in department 60.                                                                                                                                                                     
Diana Lorentz works in department 60.                                                                                                                                                                   
Kevin Mourgos works in department 50.                                                                                                                                                                   
Trenna Rajs works in department 50.                                                                                                                                                                     
Curtis Davies works in department 50.                                                                                                                                                                   
Randall Matos works in department 50.                                                                                                                                                                   
Peter Vargas works in department 50.                                                                                                                                                                    
Eleni Zlotkey works in department 80.                                                                                                                                                                   
Ellen Abel works in department 80.                                                                                                                                                                      
Jonathon Taylor works in department 80.                                                                                                                                                                 
Kimerely Grant works in department .                                                                                                                                                                    
Jennifer Whalen works in department 10.                                                                                                                                                                 
Michael Hartstein works in department 20.                                                                                                                                                               
Pat Fay works in department 20.                                                                                                                                                                         
Shelley Higgins works in department 110.                                                                                                                                                                
William Gietz works in department 110.                                                                                                                                                                  

20 rows selected.

SQL> REM ARITHMATIC OPERATORS :
SQL> 
SQL> REM ARITHMATIC OPERATORS : / * + -
SQL> 
SQL> REM / DIVISION
SQL> 
SQL> REM * MULTIPLICATION
SQL> 
SQL> REM + ADDITION
SQL> 
SQL> REM - SUBTRACTION
SQL> 
SQL> 
SQL> 
SQL> 
SQL> REM DAILAY SALARY = SALARY / 30
SQL> 
SQL> SELECT FIRST_NAME , SALARY , SALARY / 30 FROM EMPLOYEES;

FIRST_NAME          SALARY  SALARY/30                                                                                                                                                                   
--------------- ---------- ----------                                                                                                                                                                   
Steven               24000        800                                                                                                                                                                   
Neena                17000 566.666667                                                                                                                                                                   
Lex                  17000 566.666667                                                                                                                                                                   
Alexander             9000        300                                                                                                                                                                   
Bruce                 6000        200                                                                                                                                                                   
Diana                 4200        140                                                                                                                                                                   
Kevin                 5800 193.333333                                                                                                                                                                   
Trenna                3500 116.666667                                                                                                                                                                   
Curtis                3100 103.333333                                                                                                                                                                   
Randall               2600 86.6666667                                                                                                                                                                   
Peter                 2500 83.3333333                                                                                                                                                                   
Eleni                10500        350                                                                                                                                                                   
Ellen                11000 366.666667                                                                                                                                                                   
Jonathon              8600 286.666667                                                                                                                                                                   
Kimerely              7000 233.333333                                                                                                                                                                   
Jennifer              4400 146.666667                                                                                                                                                                   
Michael              13000 433.333333                                                                                                                                                                   
Pat                   6000        200                                                                                                                                                                   
Shelley              12000        400                                                                                                                                                                   
William               8300 276.666667                                                                                                                                                                   

20 rows selected.

SQL> SELECT FIRST_NAME , SALARY , salary / 30 FROM EMPLOYEES;

FIRST_NAME          SALARY  SALARY/30                                                                                                                                                                   
--------------- ---------- ----------                                                                                                                                                                   
Steven               24000        800                                                                                                                                                                   
Neena                17000 566.666667                                                                                                                                                                   
Lex                  17000 566.666667                                                                                                                                                                   
Alexander             9000        300                                                                                                                                                                   
Bruce                 6000        200                                                                                                                                                                   
Diana                 4200        140                                                                                                                                                                   
Kevin                 5800 193.333333                                                                                                                                                                   
Trenna                3500 116.666667                                                                                                                                                                   
Curtis                3100 103.333333                                                                                                                                                                   
Randall               2600 86.6666667                                                                                                                                                                   
Peter                 2500 83.3333333                                                                                                                                                                   
Eleni                10500        350                                                                                                                                                                   
Ellen                11000 366.666667                                                                                                                                                                   
Jonathon              8600 286.666667                                                                                                                                                                   
Kimerely              7000 233.333333                                                                                                                                                                   
Jennifer              4400 146.666667                                                                                                                                                                   
Michael              13000 433.333333                                                                                                                                                                   
Pat                   6000        200                                                                                                                                                                   
Shelley              12000        400                                                                                                                                                                   
William               8300 276.666667                                                                                                                                                                   

20 rows selected.

SQL> REM SQL IS CASE INSENSITIVE LANGUAGE, BUT WHILE COMPARING CHARACTER VALUES IT IS CASE SENSITIVE.
SQL> 
SQL> SELECT * FROM REGIONS;

 REGION_ID REGION_NAME                                                                                                                                                                                  
---------- -------------------------                                                                                                                                                                    
         1 Europe                                                                                                                                                                                       
         2 Americas                                                                                                                                                                                     
         3 Asia                                                                                                                                                                                         
         4 Middle East and Africa                                                                                                                                                                       

SQL> select * from regions;

 REGION_ID REGION_NAME                                                                                                                                                                                  
---------- -------------------------                                                                                                                                                                    
         1 Europe                                                                                                                                                                                       
         2 Americas                                                                                                                                                                                     
         3 Asia                                                                                                                                                                                         
         4 Middle East and Africa                                                                                                                                                                       

SQL> seleCT * FRom reGIOns;

 REGION_ID REGION_NAME                                                                                                                                                                                  
---------- -------------------------                                                                                                                                                                    
         1 Europe                                                                                                                                                                                       
         2 Americas                                                                                                                                                                                     
         3 Asia                                                                                                                                                                                         
         4 Middle East and Africa                                                                                                                                                                       

SQL> seleCT         *               FRom                                       reGIOns;

 REGION_ID REGION_NAME                                                                                                                                                                                  
---------- -------------------------                                                                                                                                                                    
         1 Europe                                                                                                                                                                                       
         2 Americas                                                                                                                                                                                     
         3 Asia                                                                                                                                                                                         
         4 Middle East and Africa                                                                                                                                                                       

SQL> REM SQL IS FREE-FLOW LANGUAGE. WE CAN WRITE COMMAND IN SINGLE OR MULTIPLE LINES.
SQL> 
SQL> SELECT * FROM REGIONS;

 REGION_ID REGION_NAME                                                                                                                                                                                  
---------- -------------------------                                                                                                                                                                    
         1 Europe                                                                                                                                                                                       
         2 Americas                                                                                                                                                                                     
         3 Asia                                                                                                                                                                                         
         4 Middle East and Africa                                                                                                                                                                       

SQL> SELECT
  2  *
  3  FROM
  4  REGIONS;


 REGION_ID REGION_NAME                                                                                                                                                                                  
---------- -------------------------                                                                                                                                                                    
         1 Europe                                                                                                                                                                                       
         2 Americas                                                                                                                                                                                     
         3 Asia                                                                                                                                                                                         
         4 Middle East and Africa                                                                                                                                                                       

SQL> SELECT *
  2  FROM REGIONS;

 REGION_ID REGION_NAME                                                                                                                                                                                  
---------- -------------------------                                                                                                                                                                    
         1 Europe                                                                                                                                                                                       
         2 Americas                                                                                                                                                                                     
         3 Asia                                                                                                                                                                                         
         4 Middle East and Africa                                                                                                                                                                       

SQL> SELECt
  2  * frOM
  3  REGions;

 REGION_ID REGION_NAME                                                                                                                                                                                  
---------- -------------------------                                                                                                                                                                    
         1 Europe                                                                                                                                                                                       
         2 Americas                                                                                                                                                                                     
         3 Asia                                                                                                                                                                                         
         4 Middle East and Africa                                                                                                                                                                       

SQL> select
  2  * fr
  3  om REGIONS;
* fr
  *
ERROR at line 2:
ORA-00923: FROM keyword not found where expected 


SQL> SELECT FIRST_NAME , SALARY , salary / 30 FROM EMPLOYEES;

FIRST_NAME          SALARY  SALARY/30                                                                                                                                                                   
--------------- ---------- ----------                                                                                                                                                                   
Steven               24000        800                                                                                                                                                                   
Neena                17000 566.666667                                                                                                                                                                   
Lex                  17000 566.666667                                                                                                                                                                   
Alexander             9000        300                                                                                                                                                                   
Bruce                 6000        200                                                                                                                                                                   
Diana                 4200        140                                                                                                                                                                   
Kevin                 5800 193.333333                                                                                                                                                                   
Trenna                3500 116.666667                                                                                                                                                                   
Curtis                3100 103.333333                                                                                                                                                                   
Randall               2600 86.6666667                                                                                                                                                                   
Peter                 2500 83.3333333                                                                                                                                                                   
Eleni                10500        350                                                                                                                                                                   
Ellen                11000 366.666667                                                                                                                                                                   
Jonathon              8600 286.666667                                                                                                                                                                   
Kimerely              7000 233.333333                                                                                                                                                                   
Jennifer              4400 146.666667                                                                                                                                                                   
Michael              13000 433.333333                                                                                                                                                                   
Pat                   6000        200                                                                                                                                                                   
Shelley              12000        400                                                                                                                                                                   
William               8300 276.666667                                                                                                                                                                   

20 rows selected.

SQL> SELECT FIRST_NAME , SALARY , salary / 30 DAILAYSALARY FROM EMPLOYEES;

FIRST_NAME          SALARY DAILAYSALARY                                                                                                                                                                 
--------------- ---------- ------------                                                                                                                                                                 
Steven               24000          800                                                                                                                                                                 
Neena                17000   566.666667                                                                                                                                                                 
Lex                  17000   566.666667                                                                                                                                                                 
Alexander             9000          300                                                                                                                                                                 
Bruce                 6000          200                                                                                                                                                                 
Diana                 4200          140                                                                                                                                                                 
Kevin                 5800   193.333333                                                                                                                                                                 
Trenna                3500   116.666667                                                                                                                                                                 
Curtis                3100   103.333333                                                                                                                                                                 
Randall               2600   86.6666667                                                                                                                                                                 
Peter                 2500   83.3333333                                                                                                                                                                 
Eleni                10500          350                                                                                                                                                                 
Ellen                11000   366.666667                                                                                                                                                                 
Jonathon              8600   286.666667                                                                                                                                                                 
Kimerely              7000   233.333333                                                                                                                                                                 
Jennifer              4400   146.666667                                                                                                                                                                 
Michael              13000   433.333333                                                                                                                                                                 
Pat                   6000          200                                                                                                                                                                 
Shelley              12000          400                                                                                                                                                                 
William               8300   276.666667                                                                                                                                                                 

20 rows selected.

SQL> SELECT FIRST_NAME , SALARY , salary / 30 DAILYSALARY FROM EMPLOYEES;

FIRST_NAME          SALARY DAILYSALARY                                                                                                                                                                  
--------------- ---------- -----------                                                                                                                                                                  
Steven               24000         800                                                                                                                                                                  
Neena                17000  566.666667                                                                                                                                                                  
Lex                  17000  566.666667                                                                                                                                                                  
Alexander             9000         300                                                                                                                                                                  
Bruce                 6000         200                                                                                                                                                                  
Diana                 4200         140                                                                                                                                                                  
Kevin                 5800  193.333333                                                                                                                                                                  
Trenna                3500  116.666667                                                                                                                                                                  
Curtis                3100  103.333333                                                                                                                                                                  
Randall               2600  86.6666667                                                                                                                                                                  
Peter                 2500  83.3333333                                                                                                                                                                  
Eleni                10500         350                                                                                                                                                                  
Ellen                11000  366.666667                                                                                                                                                                  
Jonathon              8600  286.666667                                                                                                                                                                  
Kimerely              7000  233.333333                                                                                                                                                                  
Jennifer              4400  146.666667                                                                                                                                                                  
Michael              13000  433.333333                                                                                                                                                                  
Pat                   6000         200                                                                                                                                                                  
Shelley              12000         400                                                                                                                                                                  
William               8300  276.666667                                                                                                                                                                  

20 rows selected.

SQL> REM YEARLY SALARY = SALARY * 12
SQL> 
SQL> SELECT FIRST_NAME , SALARY , salary * 12 YEARLYSALARY FROM EMPLOYEES;

FIRST_NAME          SALARY YEARLYSALARY                                                                                                                                                                 
--------------- ---------- ------------                                                                                                                                                                 
Steven               24000       288000                                                                                                                                                                 
Neena                17000       204000                                                                                                                                                                 
Lex                  17000       204000                                                                                                                                                                 
Alexander             9000       108000                                                                                                                                                                 
Bruce                 6000        72000                                                                                                                                                                 
Diana                 4200        50400                                                                                                                                                                 
Kevin                 5800        69600                                                                                                                                                                 
Trenna                3500        42000                                                                                                                                                                 
Curtis                3100        37200                                                                                                                                                                 
Randall               2600        31200                                                                                                                                                                 
Peter                 2500        30000                                                                                                                                                                 
Eleni                10500       126000                                                                                                                                                                 
Ellen                11000       132000                                                                                                                                                                 
Jonathon              8600       103200                                                                                                                                                                 
Kimerely              7000        84000                                                                                                                                                                 
Jennifer              4400        52800                                                                                                                                                                 
Michael              13000       156000                                                                                                                                                                 
Pat                   6000        72000                                                                                                                                                                 
Shelley              12000       144000                                                                                                                                                                 
William               8300        99600                                                                                                                                                                 

20 rows selected.

SQL> SELECT FIRST_NAME , SALARY , salary + 1500 NEWSALARY FROM EMPLOYEES;

FIRST_NAME          SALARY  NEWSALARY                                                                                                                                                                   
--------------- ---------- ----------                                                                                                                                                                   
Steven               24000      25500                                                                                                                                                                   
Neena                17000      18500                                                                                                                                                                   
Lex                  17000      18500                                                                                                                                                                   
Alexander             9000      10500                                                                                                                                                                   
Bruce                 6000       7500                                                                                                                                                                   
Diana                 4200       5700                                                                                                                                                                   
Kevin                 5800       7300                                                                                                                                                                   
Trenna                3500       5000                                                                                                                                                                   
Curtis                3100       4600                                                                                                                                                                   
Randall               2600       4100                                                                                                                                                                   
Peter                 2500       4000                                                                                                                                                                   
Eleni                10500      12000                                                                                                                                                                   
Ellen                11000      12500                                                                                                                                                                   
Jonathon              8600      10100                                                                                                                                                                   
Kimerely              7000       8500                                                                                                                                                                   
Jennifer              4400       5900                                                                                                                                                                   
Michael              13000      14500                                                                                                                                                                   
Pat                   6000       7500                                                                                                                                                                   
Shelley              12000      13500                                                                                                                                                                   
William               8300       9800                                                                                                                                                                   

20 rows selected.

SQL> SELECT FIRST_NAME , SALARY , salary - 600 NEWSALARY FROM EMPLOYEES;

FIRST_NAME          SALARY  NEWSALARY                                                                                                                                                                   
--------------- ---------- ----------                                                                                                                                                                   
Steven               24000      23400                                                                                                                                                                   
Neena                17000      16400                                                                                                                                                                   
Lex                  17000      16400                                                                                                                                                                   
Alexander             9000       8400                                                                                                                                                                   
Bruce                 6000       5400                                                                                                                                                                   
Diana                 4200       3600                                                                                                                                                                   
Kevin                 5800       5200                                                                                                                                                                   
Trenna                3500       2900                                                                                                                                                                   
Curtis                3100       2500                                                                                                                                                                   
Randall               2600       2000                                                                                                                                                                   
Peter                 2500       1900                                                                                                                                                                   
Eleni                10500       9900                                                                                                                                                                   
Ellen                11000      10400                                                                                                                                                                   
Jonathon              8600       8000                                                                                                                                                                   
Kimerely              7000       6400                                                                                                                                                                   
Jennifer              4400       3800                                                                                                                                                                   
Michael              13000      12400                                                                                                                                                                   
Pat                   6000       5400                                                                                                                                                                   
Shelley              12000      11400                                                                                                                                                                   
William               8300       7700                                                                                                                                                                   

20 rows selected.

SQL> SELECT FIRST_NAME , SALARY , salary - 600 NEW SALARY FROM EMPLOYEES;
SELECT FIRST_NAME , SALARY , salary - 600 NEW SALARY FROM EMPLOYEES
                                              *
ERROR at line 1:
ORA-00923: FROM keyword not found where expected 


SQL> SELECT FIRST_NAME , SALARY , salary - 600 "NEW SALARY" FROM EMPLOYEES;

FIRST_NAME          SALARY NEW SALARY                                                                                                                                                                   
--------------- ---------- ----------                                                                                                                                                                   
Steven               24000      23400                                                                                                                                                                   
Neena                17000      16400                                                                                                                                                                   
Lex                  17000      16400                                                                                                                                                                   
Alexander             9000       8400                                                                                                                                                                   
Bruce                 6000       5400                                                                                                                                                                   
Diana                 4200       3600                                                                                                                                                                   
Kevin                 5800       5200                                                                                                                                                                   
Trenna                3500       2900                                                                                                                                                                   
Curtis                3100       2500                                                                                                                                                                   
Randall               2600       2000                                                                                                                                                                   
Peter                 2500       1900                                                                                                                                                                   
Eleni                10500       9900                                                                                                                                                                   
Ellen                11000      10400                                                                                                                                                                   
Jonathon              8600       8000                                                                                                                                                                   
Kimerely              7000       6400                                                                                                                                                                   
Jennifer              4400       3800                                                                                                                                                                   
Michael              13000      12400                                                                                                                                                                   
Pat                   6000       5400                                                                                                                                                                   
Shelley              12000      11400                                                                                                                                                                   
William               8300       7700                                                                                                                                                                   

20 rows selected.

SQL> SELECT FIRST_NAME , SALARY , salary - 600 NEW_#$SALARY FROM EMPLOYEES;

FIRST_NAME          SALARY NEW_#$SALARY                                                                                                                                                                 
--------------- ---------- ------------                                                                                                                                                                 
Steven               24000        23400                                                                                                                                                                 
Neena                17000        16400                                                                                                                                                                 
Lex                  17000        16400                                                                                                                                                                 
Alexander             9000         8400                                                                                                                                                                 
Bruce                 6000         5400                                                                                                                                                                 
Diana                 4200         3600                                                                                                                                                                 
Kevin                 5800         5200                                                                                                                                                                 
Trenna                3500         2900                                                                                                                                                                 
Curtis                3100         2500                                                                                                                                                                 
Randall               2600         2000                                                                                                                                                                 
Peter                 2500         1900                                                                                                                                                                 
Eleni                10500         9900                                                                                                                                                                 
Ellen                11000        10400                                                                                                                                                                 
Jonathon              8600         8000                                                                                                                                                                 
Kimerely              7000         6400                                                                                                                                                                 
Jennifer              4400         3800                                                                                                                                                                 
Michael              13000        12400                                                                                                                                                                 
Pat                   6000         5400                                                                                                                                                                 
Shelley              12000        11400                                                                                                                                                                 
William               8300         7700                                                                                                                                                                 

20 rows selected.

SQL> SELECT FIRST_NAME , SALARY , salary - 600 NEW_#$^SALARY FROM EMPLOYEES;
SELECT FIRST_NAME , SALARY , salary - 600 NEW_#$^SALARY FROM EMPLOYEES
                                                *
ERROR at line 1:
ORA-00923: FROM keyword not found where expected 


SQL> SELECT FIRST_NAME , SALARY , salary - 600 "NEW_#$^SALARY" FROM EMPLOYEES;

FIRST_NAME          SALARY NEW_#$^SALARY                                                                                                                                                                
--------------- ---------- -------------                                                                                                                                                                
Steven               24000         23400                                                                                                                                                                
Neena                17000         16400                                                                                                                                                                
Lex                  17000         16400                                                                                                                                                                
Alexander             9000          8400                                                                                                                                                                
Bruce                 6000          5400                                                                                                                                                                
Diana                 4200          3600                                                                                                                                                                
Kevin                 5800          5200                                                                                                                                                                
Trenna                3500          2900                                                                                                                                                                
Curtis                3100          2500                                                                                                                                                                
Randall               2600          2000                                                                                                                                                                
Peter                 2500          1900                                                                                                                                                                
Eleni                10500          9900                                                                                                                                                                
Ellen                11000         10400                                                                                                                                                                
Jonathon              8600          8000                                                                                                                                                                
Kimerely              7000          6400                                                                                                                                                                
Jennifer              4400          3800                                                                                                                                                                
Michael              13000         12400                                                                                                                                                                
Pat                   6000          5400                                                                                                                                                                
Shelley              12000         11400                                                                                                                                                                
William               8300          7700                                                                                                                                                                

20 rows selected.

SQL> SELECT FIRST_NAME , SALARY , salary - 600 NewSalary FROM EMPLOYEES;

FIRST_NAME          SALARY  NEWSALARY                                                                                                                                                                   
--------------- ---------- ----------                                                                                                                                                                   
Steven               24000      23400                                                                                                                                                                   
Neena                17000      16400                                                                                                                                                                   
Lex                  17000      16400                                                                                                                                                                   
Alexander             9000       8400                                                                                                                                                                   
Bruce                 6000       5400                                                                                                                                                                   
Diana                 4200       3600                                                                                                                                                                   
Kevin                 5800       5200                                                                                                                                                                   
Trenna                3500       2900                                                                                                                                                                   
Curtis                3100       2500                                                                                                                                                                   
Randall               2600       2000                                                                                                                                                                   
Peter                 2500       1900                                                                                                                                                                   
Eleni                10500       9900                                                                                                                                                                   
Ellen                11000      10400                                                                                                                                                                   
Jonathon              8600       8000                                                                                                                                                                   
Kimerely              7000       6400                                                                                                                                                                   
Jennifer              4400       3800                                                                                                                                                                   
Michael              13000      12400                                                                                                                                                                   
Pat                   6000       5400                                                                                                                                                                   
Shelley              12000      11400                                                                                                                                                                   
William               8300       7700                                                                                                                                                                   

20 rows selected.

SQL> SELECT FIRST_NAME , SALARY , salary - 600 NewSalary FROM EMPLOYEES;

FIRST_NAME          SALARY  NEWSALARY                                                                                                                                                                   
--------------- ---------- ----------                                                                                                                                                                   
Steven               24000      23400                                                                                                                                                                   
Neena                17000      16400                                                                                                                                                                   
Lex                  17000      16400                                                                                                                                                                   
Alexander             9000       8400                                                                                                                                                                   
Bruce                 6000       5400                                                                                                                                                                   
Diana                 4200       3600                                                                                                                                                                   
Kevin                 5800       5200                                                                                                                                                                   
Trenna                3500       2900                                                                                                                                                                   
Curtis                3100       2500                                                                                                                                                                   
Randall               2600       2000                                                                                                                                                                   
Peter                 2500       1900                                                                                                                                                                   
Eleni                10500       9900                                                                                                                                                                   
Ellen                11000      10400                                                                                                                                                                   
Jonathon              8600       8000                                                                                                                                                                   
Kimerely              7000       6400                                                                                                                                                                   
Jennifer              4400       3800                                                                                                                                                                   
Michael              13000      12400                                                                                                                                                                   
Pat                   6000       5400                                                                                                                                                                   
Shelley              12000      11400                                                                                                                                                                   
William               8300       7700                                                                                                                                                                   

20 rows selected.

SQL> SELECT FIRST_NAME , SALARY , salary - 600 "NewSalary" FROM EMPLOYEES;

FIRST_NAME          SALARY  NewSalary                                                                                                                                                                   
--------------- ---------- ----------                                                                                                                                                                   
Steven               24000      23400                                                                                                                                                                   
Neena                17000      16400                                                                                                                                                                   
Lex                  17000      16400                                                                                                                                                                   
Alexander             9000       8400                                                                                                                                                                   
Bruce                 6000       5400                                                                                                                                                                   
Diana                 4200       3600                                                                                                                                                                   
Kevin                 5800       5200                                                                                                                                                                   
Trenna                3500       2900                                                                                                                                                                   
Curtis                3100       2500                                                                                                                                                                   
Randall               2600       2000                                                                                                                                                                   
Peter                 2500       1900                                                                                                                                                                   
Eleni                10500       9900                                                                                                                                                                   
Ellen                11000      10400                                                                                                                                                                   
Jonathon              8600       8000                                                                                                                                                                   
Kimerely              7000       6400                                                                                                                                                                   
Jennifer              4400       3800                                                                                                                                                                   
Michael              13000      12400                                                                                                                                                                   
Pat                   6000       5400                                                                                                                                                                   
Shelley              12000      11400                                                                                                                                                                   
William               8300       7700                                                                                                                                                                   

20 rows selected.

SQL> SELECT FIRST_NAME , SALARY , salary - 600 select FROM EMPLOYEES;
SELECT FIRST_NAME , SALARY , salary - 600 select FROM EMPLOYEES
                                          *
ERROR at line 1:
ORA-00923: FROM keyword not found where expected 


SQL> SELECT FIRST_NAME , SALARY , salary - 600 "select" FROM EMPLOYEES;

FIRST_NAME          SALARY     select                                                                                                                                                                   
--------------- ---------- ----------                                                                                                                                                                   
Steven               24000      23400                                                                                                                                                                   
Neena                17000      16400                                                                                                                                                                   
Lex                  17000      16400                                                                                                                                                                   
Alexander             9000       8400                                                                                                                                                                   
Bruce                 6000       5400                                                                                                                                                                   
Diana                 4200       3600                                                                                                                                                                   
Kevin                 5800       5200                                                                                                                                                                   
Trenna                3500       2900                                                                                                                                                                   
Curtis                3100       2500                                                                                                                                                                   
Randall               2600       2000                                                                                                                                                                   
Peter                 2500       1900                                                                                                                                                                   
Eleni                10500       9900                                                                                                                                                                   
Ellen                11000      10400                                                                                                                                                                   
Jonathon              8600       8000                                                                                                                                                                   
Kimerely              7000       6400                                                                                                                                                                   
Jennifer              4400       3800                                                                                                                                                                   
Michael              13000      12400                                                                                                                                                                   
Pat                   6000       5400                                                                                                                                                                   
Shelley              12000      11400                                                                                                                                                                   
William               8300       7700                                                                                                                                                                   

20 rows selected.

SQL> SELECT FIRST_NAME , SALARY , salary - 600 'select' FROM EMPLOYEES;
SELECT FIRST_NAME , SALARY , salary - 600 'select' FROM EMPLOYEES
                                          *
ERROR at line 1:
ORA-00923: FROM keyword not found where expected 


SQL> SELECT FIRST_NAME || " works as "" || JOB_ID FROM EMPLOYEES;
ERROR:
ORA-01740: missing double quote in identifier 


SQL> SELECT FIRST_NAME || " works as " || JOB_ID FROM EMPLOYEES;
SELECT FIRST_NAME || " works as " || JOB_ID FROM EMPLOYEES
                     *
ERROR at line 1:
ORA-00904: " works as ": invalid identifier 


SQL> SELECT FIRST_NAME || ' works as ' || JOB_ID || '.' "Employee Info." FROM EMPLOYEES;

Employee Info.                                                                                                                                                                                          
------------------------------------                                                                                                                                                                    
Steven works as AD_PRES.                                                                                                                                                                                
Neena works as AD_VP.                                                                                                                                                                                   
Lex works as AD_VP.                                                                                                                                                                                     
Alexander works as IT_PROG.                                                                                                                                                                             
Bruce works as IT_PROG.                                                                                                                                                                                 
Diana works as IT_PROG.                                                                                                                                                                                 
Kevin works as ST_MAN.                                                                                                                                                                                  
Trenna works as ST_CLERK.                                                                                                                                                                               
Curtis works as ST_CLERK.                                                                                                                                                                               
Randall works as ST_CLERK.                                                                                                                                                                              
Peter works as ST_CLERK.                                                                                                                                                                                
Eleni works as SA_MAN.                                                                                                                                                                                  
Ellen works as SA_REP.                                                                                                                                                                                  
Jonathon works as SA_REP.                                                                                                                                                                               
Kimerely works as SA_REP.                                                                                                                                                                               
Jennifer works as AD_ASST.                                                                                                                                                                              
Michael works as MK_MAN.                                                                                                                                                                                
Pat works as MK_REP.                                                                                                                                                                                    
Shelley works as AC_MGR.                                                                                                                                                                                
William works as AC_ACCOUNT.                                                                                                                                                                            

20 rows selected.

SQL> REM THERE ARE 4 SITUATIONS WHEN WE NEED TO PUT COLUMN ALIAS IN DOUBLE QUOTES.
SQL> 
SQL> REM 1 WHEN WE WANT TO USE MULTIPLE WORDS IN COLUMN ALIAS.
SQL> 
SQL> REM 2 WHEN WE WANT TO USE SPECIAL CHARACTERS IN COLUMN ALIAS OTHER THAN _ # $
SQL> 
SQL> REM 3 WHEN WE WANT TO USE CASE SENSITIVE COLUMN ALIAS.
SQL> 
SQL> REM 4 WHEN WE WANT TO USE SQL/ORACLE KEY/RESERVE WORD AS COLUMN ALIAS.
SQL> 
SQL> 
SQL> SELECT FIRST_NAME , FIRST_NAME FROM EMPLOYEES;

FIRST_NAME      FIRST_NAME                                                                                                                                                                              
--------------- ---------------                                                                                                                                                                         
Steven          Steven                                                                                                                                                                                  
Neena           Neena                                                                                                                                                                                   
Lex             Lex                                                                                                                                                                                     
Alexander       Alexander                                                                                                                                                                               
Bruce           Bruce                                                                                                                                                                                   
Diana           Diana                                                                                                                                                                                   
Kevin           Kevin                                                                                                                                                                                   
Trenna          Trenna                                                                                                                                                                                  
Curtis          Curtis                                                                                                                                                                                  
Randall         Randall                                                                                                                                                                                 
Peter           Peter                                                                                                                                                                                   
Eleni           Eleni                                                                                                                                                                                   
Ellen           Ellen                                                                                                                                                                                   
Jonathon        Jonathon                                                                                                                                                                                
Kimerely        Kimerely                                                                                                                                                                                
Jennifer        Jennifer                                                                                                                                                                                
Michael         Michael                                                                                                                                                                                 
Pat             Pat                                                                                                                                                                                     
Shelley         Shelley                                                                                                                                                                                 
William         William                                                                                                                                                                                 

20 rows selected.

SQL> REM POWER FUNCTION :
SQL> 
SQL> SELECT 5 * 5 FROM DUAL;

       5*5                                                                                                                                                                                              
----------                                                                                                                                                                                              
        25                                                                                                                                                                                              

SQL> REM DUAL IS A DUMMY TABLE,
SQL> 
SQL> REM DUAL IS SYSTEM GENERATED TABLE.
SQL> 
SQL> REM DUAL TABLE HAS SINGLE COLUMN AND SINGLE ROW.
SQL> 
SQL> REM DUAL IS GENERALLY USED TO DISPLAY THOSE VALUES WHICH ARE NOT STORED IN ANY TABLE.
SQL> 
SQL> SELECT * FROM DUAL;

D                                                                                                                                                                                                       
-                                                                                                                                                                                                       
X                                                                                                                                                                                                       

SQL> SELECT 'SHRI RAM' FROM DUAL;

'SHRIRAM                                                                                                                                                                                                
--------                                                                                                                                                                                                
SHRI RAM                                                                                                                                                                                                

SQL> SELECT 5 * 5 FROM DUAL;

       5*5                                                                                                                                                                                              
----------                                                                                                                                                                                              
        25                                                                                                                                                                                              

SQL> SELECT 5 * 5 * 5 FROM DUAL;

     5*5*5                                                                                                                                                                                              
----------                                                                                                                                                                                              
       125                                                                                                                                                                                              

SQL> SELECT 5 * 5 * 5 * 5 * 5 FROM DUAL;

 5*5*5*5*5                                                                                                                                                                                              
----------                                                                                                                                                                                              
      3125                                                                                                                                                                                              

SQL> SELECT 5 * 5 * 5 * 5 * 5 * 5 * 5 FROM DUAL;

5*5*5*5*5*5*5                                                                                                                                                                                           
-------------                                                                                                                                                                                           
        78125   

SQL> SELECT POWER(5,2) FROM DUAL;

POWER(5,2)                                                                                                                                                                                              
----------                                                                                                                                                                                              
        25                                                                                                                                                                                              

SQL> SELECT POWER(5,3) FROM DUAL;

POWER(5,3)                                                                                                                                                                                              
----------                                                                                                                                                                                              
       125                                                                                                                                                                                              

SQL> SELECT POWER(5,4) FROM DUAL;

POWER(5,4)                                                                                                                                                                                              
----------                                                                                                                                                                                              
       625                                                                                                                                                                                              

SQL> SELECT POWER(5,5) FROM DUAL;

POWER(5,5)                                                                                                                                                                                              
----------                                                                                                                                                                                              
      3125                                                                                                                                                                                              

SQL> SELECT POWER(5,7) FROM DUAL;

POWER(5,7)                                                                                                                                                                                              
----------                                                                                                                                                                                              
     78125                                                                                                                                                                                              

SQL> SELECT POWER(25,1/2) FROM DUAL;

POWER(25,1/2)                                                                                                                                                                                           
-------------                                                                                                                                                                                           
            5                                                                                                                                                                                           

SQL> REM () , POWER , / , * , + , -
> 
SQL> REM PRECEDNECE : ORDER/SEQUENCE OF EXECUTION
SQL> 
SQL> 
SQL> 
SQL> REM PRECEDENCE OF POWER , AO AND CO :
SQL> 
SQL> REM 1 BRACKETS : () : (  )  (  ) : LEFT TO RIGHT IN FORMULA ,  (   (  )   ) : NESTED BRACKETS : INNER TO OUTER IN FORMULA
SQL> 
SQL> REM 2 POWER FUNCTION
SQL> 
SQL> REM 3 / * (LEFT TO RIGHT IN FORMULA)
SQL> 
SQL> 
SQL> REM 4 + - || (LEFT TO RIGHT IN FORMULA)
SQL> 
SQL> 
SQL> 
SQL> 
SQL> 
SQL> 
SQL> SELECT 10 / 2 + 3 * 4 FROM DUAL;

  10/2+3*4                                                                                                                                                                                              
----------                                                                                                                                                                                              
        17                                                                                                                                                                                              

SQL> SELECT 10 / (2 + 3) * 4 FROM DUAL;

10/(2+3)*4                                                                                                                                                                                              
----------                                                                                                                                                                                              
         8                                                                                                                                                                                              

SQL> 
SQL> 
SQL> SELECT 'SHRI' || 210 + 210 FROM DUAL;
SELECT 'SHRI' || 210 + 210 FROM DUAL
               *
ERROR at line 1:
ORA-01722: invalid number 


SQL> SELECT 'SHRI' || (210 + 210) FROM DUAL;

'SHRI'|                                                                                                                                                                                                 
-------                                                                                                                                                                                                 
SHRI420                                                                                                                                                                                                 

SQL> SELECT 'SHRI' || '210 + 210' FROM DUAL;

'SHRI'||'210+                                                                                                                                                                                           
-------------                                                                                                                                                                                           
SHRI210 + 210                                                                                                                                                                                           

SQL> SELECT 'SHRI' || '210' + '210' FROM DUAL;
SELECT 'SHRI' || '210' + '210' FROM DUAL
               *
ERROR at line 1:
ORA-01722: invalid number 


SQL> SELECT 'SHRI' || 210 * 2 FROM DUAL;

'SHRI'|                                                                                                                                                                                                 
-------                                                                                                                                                                                                 
SHRI420                                                                                                                                                                                                 

SQL> REM PRECEDNECE : ORDER/SEQUENCE OF EXECUTION
SQL> 
SQL> 
SQL> 
SQL> REM PRECEDENCE OF POWER , AO AND CO :
SQL> 
SQL> REM 1 BRACKETS : () : (  )  (  ) : LEFT TO RIGHT IN FORMULA ,  (   (  )   ) : NESTED BRACKETS : INNER TO OUTER IN FORMULA
SQL> 
SQL> REM 2 POWER FUNCTION
SQL> 
SQL> REM 3 / * (LEFT TO RIGHT IN FORMULA)
SQL> 
SQL> 
SQL> REM 4 + - || (LEFT TO RIGHT IN FORMULA)
SQL> 
SQL> 
SQL> REM COMPANY DECIDES TO PAY 1500 INCREMENT TO ALL
SQL> 
SQL> SELECT FIRST_NAME , SALARY , SALARY + 1500 "INCREMENTED SALARY" FROM EMPLOYEES;

FIRST_NAME          SALARY INCREMENTED SALARY                                                                                                                                                           
--------------- ---------- ------------------                                                                                                                                                           
Steven               24000              25500                                                                                                                                                           
Neena                17000              18500                                                                                                                                                           
Lex                  17000              18500                                                                                                                                                           
Alexander             9000              10500                                                                                                                                                           
Bruce                 6000               7500                                                                                                                                                           
Diana                 4200               5700                                                                                                                                                           
Kevin                 5800               7300                                                                                                                                                           
Trenna                3500               5000                                                                                                                                                           
Curtis                3100               4600                                                                                                                                                           
Randall               2600               4100                                                                                                                                                           
Peter                 2500               4000                                                                                                                                                           
Eleni                10500              12000                                                                                                                                                           
Ellen                11000              12500                                                                                                                                                           
Jonathon              8600              10100                                                                                                                                                           
Kimerely              7000               8500                                                                                                                                                           
Jennifer              4400               5900                                                                                                                                                           
Michael              13000              14500                                                                                                                                                           
Pat                   6000               7500                                                                                                                                                           
Shelley              12000              13500                                                                                                                                                           
William               8300               9800                                                                                                                                                           

20 rows selected.

SQL> REM DISPLAY CURRENT_YEARLY_SALARY AND NEW_YEARLY_SALARY
SQL> 
SQL> SELECT LAST_NAME , SALARY , SALARY * 12 CURRENT_YEARLY_SALARY , SALARY + 1500 , SALARY + 1500 * 12 NEW_YEARLY_SALARY FROM EMPLOYEES;

LAST_NAME           SALARY CURRENT_YEARLY_SALARY SALARY+1500 NEW_YEARLY_SALARY                                                                                                                          
--------------- ---------- --------------------- ----------- -----------------                                                                                                                          
King                 24000                288000       25500             42000                                                                                                                          
Kochhar              17000                204000       18500             35000                                                                                                                          
De Haan              17000                204000       18500             35000                                                                                                                          
Hunold                9000                108000       10500             27000                                                                                                                          
Ernst                 6000                 72000        7500             24000                                                                                                                          
Lorentz               4200                 50400        5700             22200                                                                                                                          
Mourgos               5800                 69600        7300             23800                                                                                                                          
Rajs                  3500                 42000        5000             21500                                                                                                                          
Davies                3100                 37200        4600             21100                                                                                                                          
Matos                 2600                 31200        4100             20600                                                                                                                          
Vargas                2500                 30000        4000             20500                                                                                                                          
Zlotkey              10500                126000       12000             28500                                                                                                                          
Abel                 11000                132000       12500             29000                                                                                                                          
Taylor                8600                103200       10100             26600                                                                                                                          
Grant                 7000                 84000        8500             25000                                                                                                                          
Whalen                4400                 52800        5900             22400                                                                                                                          
Hartstein            13000                156000       14500             31000                                                                                                                          
Fay                   6000                 72000        7500             24000                                                                                                                          
Higgins              12000                144000       13500             30000                                                                                                                          
Gietz                 8300                 99600        9800             26300                                                                                                                          

20 rows selected.

SQL> SELECT LAST_NAME , SALARY , SALARY * 12 CURRENT_YEARLY_SALARY , SALARY + 1500 , (SALARY + 1500) * 12 NEW_YEARLY_SALARY FROM EMPLOYEES;

LAST_NAME           SALARY CURRENT_YEARLY_SALARY SALARY+1500 NEW_YEARLY_SALARY                                                                                                                          
--------------- ---------- --------------------- ----------- -----------------                                                                                                                          
King                 24000                288000       25500            306000                                                                                                                           
Kochhar              17000                204000       18500            222000                                                                                                                          
De Haan              17000                204000       18500            222000                                                                                                                          
Hunold                9000                108000       10500            126000                                                                                                                          
Ernst                 6000                 72000        7500             90000                                                                                                                          
Lorentz               4200                 50400        5700             68400                                                                                                                          
Mourgos               5800                 69600        7300             87600                                                                                                                          
Rajs                  3500                 42000        5000             60000                                                                                                                          
Davies                3100                 37200        4600             55200                                                                                                                          
Matos                 2600                 31200        4100             49200                                                                                                                          
Vargas                2500                 30000        4000             48000                                                                                                                          
Zlotkey              10500                126000       12000            144000                                                                                                                          
Abel                 11000                132000       12500            150000                                                                                                                          
Taylor                8600                103200       10100            121200                                                                                                                          
Grant                 7000                 84000        8500            102000                                                                                                                          
Whalen                4400                 52800        5900             70800                                                                                                                          
Hartstein            13000                156000       14500            174000                                                                                                                          
Fay                   6000                 72000        7500             90000                                                                                                                          
Higgins              12000                144000       13500            162000                                                                                                                          
Gietz                 8300                 99600        9800            117600                                                                                                                          

20 rows selected.

SQL> SELECT FIRST_NAME , SALARY , COMMISSION_PCT , SALARY * COMMISSION_PCT COMM_AMOUNT FROM EMPLOYEES;

FIRST_NAME          SALARY COMMISSION_PCT COMM_AMOUNT                                                                                                                                                   
--------------- ---------- -------------- -----------                                                                                                                                                   
Steven               24000                                                                                                                                                                              
Neena                17000                                                                                                                                                                              
Lex                  17000                                                                                                                                                                              
Alexander             9000                                                                                                                                                                              
Bruce                 6000                                                                                                                                                                              
Diana                 4200                                                                                                                                                                              
Kevin                 5800                                                                                                                                                                              
Trenna                3500                                                                                                                                                                              
Curtis                3100                                                                                                                                                                              
Randall               2600                                                                                                                                                                              
Peter                 2500                                                                                                                                                                              
Eleni                10500             .2        2100                                                                                                                                                   
Ellen                11000             .3        3300                                                                                                                                                   
Jonathon              8600             .3        2580                                                                                                                                                   
Kimerely              7000            .15        1050                                                                                                                                                   
Jennifer              4400                                                                                                                                                                              
Michael              13000                                                                                                                                                                              
Pat                   6000                                                                                                                                                                              
Shelley              12000                                                                                                                                                                              
William               8300                                                                                                                                                                              

20 rows selected.

SQL> REM TOTAL_PAYMENT = SALARY + COMMISSION AMOUNT
SQL> 
SQL> SELECT FIRST_NAME , SALARY , COMMISSION_PCT , SALARY * COMMISSION_PCT COMM_AMOUNT , SALARY + COMM_AMOUNT TOTAL_PAYMENT FROM EMPLOYEES;
SELECT FIRST_NAME , SALARY , COMMISSION_PCT , SALARY * COMMISSION_PCT COMM_AMOUNT , SALARY + COMM_AMOUNT TOTAL_PAYMENT FROM EMPLOYEES
                                                                                             *
ERROR at line 1:
ORA-00904: "COMM_AMOUNT": invalid identifier 


SQL> SELECT FIRST_NAME , SALARY , COMMISSION_PCT , SALARY * COMMISSION_PCT COMM_AMOUNT , SALARY + SALARY * COMMISSION_PCT TOTAL_PAYMENT FROM EMPLOYEES;

FIRST_NAME          SALARY COMMISSION_PCT COMM_AMOUNT TOTAL_PAYMENT                                                                                                                                     
--------------- ---------- -------------- ----------- -------------                                                                                                                                     
Steven               24000                                                                                                                                                                              
Neena                17000                                                                                                                                                                              
Lex                  17000                                                  A>B ? TRUE : FALSE                                                                                                                            
Alexander             9000                                                                                                                                                                              
Bruce                 6000                                                                                                                                                                              
Diana                 4200                                                                                                                                                                             
Kevin                 5800                                                                                                                                                                              
Trenna                3500                                                                                                                                                                              
Curtis                3100                                                                                                                                                                              
Randall               2600                                                                                                                                                                              
Peter                 2500                                                                                                                                                                              
Eleni                10500             .2        2100         12600                                                                                                                                     
Ellen                11000             .3        3300         14300                                                                                                                                     
Jonathon              8600             .3        2580         11180                                                                                                                                     
Kimerely              7000            .15        1050          8050                                                                                                                                     
Jennifer              4400                                                                                                                                                                              
Michael              13000                                                                                                                                                                              
Pat                   6000                                                                                                                                                                              
Shelley              12000                                                                                                                                                                              
William               8300                                                                                                                                                                              

20 rows selected.

SQL> REM ANY ARITHMATIC CALCULATION WITH NULL RESULTS INTO NULL.
SQL> 
SQL> 
SQL> SELECT 5 * NULL FROM DUAL;

    5*NULL                                                                                                                                                                                              
----------                                                                                                                                                                                              
                                                                                                                                                                                                        

SQL> SELECT 5 / NULL FROM DUAL;

    5/NULL                                                                                                                                                                                              
----------                                                                                                                                                                                              
                                                                                                                                                                                                        

SQL> SELECT 5 + NULL FROM DUAL;

    5+NULL                                                                                                                                                                                              
----------                                                                                                                                                                                              
                                                                                                                                                                                                        

SQL> SELECT 5 - NULL FROM DUAL;

    5-NULL                                                                                                                                                                                              
----------                                                                                                                                                                                              
                                                                                                                                                                                                        

SQL> SELECT 5 || NULL FROM DUAL;

5                                                                                                                                                                                                       
-                                                                                                                                                                                                       
5                                                                                                                                                                                                       

SQL> SELECT FIRST_NAME , SALARY , COMMISSION_PCT , SALARY * COMMISSION_PCT COMM_AMOUNT , SALARY + SALARY * NVL(COMMISSION_PCT,0) TOTAL_PAYMENT FROM EMPLOYEES;

FIRST_NAME          SALARY COMMISSION_PCT COMM_AMOUNT TOTAL_PAYMENT                                                                                                                                     
--------------- ---------- -------------- ----------- -------------                                                                                                                                     
Steven               24000                                    24000                                                                                                                                     
Neena                17000                                    17000                                                                                                                                     
Lex                  17000                                    17000                                                                                                                                     
Alexander             9000                                     9000                                                                                                                                     
Bruce                 6000                                     6000                                                                                                                                     
Diana                 4200                                     4200                                                                                                                                     
Kevin                 5800                                     5800                                                                                                                                     
Trenna                3500                                     3500                                                                                                                                     
Curtis                3100                                     3100                                                                                                                                     
Randall               2600                                     2600                                                                                                                                     
Peter                 2500                                     2500                                                                                                                                     
Eleni                10500             .2        2100         12600                                                                                                                                     
Ellen                11000             .3        3300         14300                                                                                                                                     
Jonathon              8600             .3        2580         11180                                                                                                                                     
Kimerely              7000            .15        1050          8050                                                                                                                                     
Jennifer              4400                                     4400                                                                                                                                     
Michael              13000                                    13000                                                                                                                                     
Pat                   6000                                     6000                                                                                                                                     
Shelley              12000                                    12000                                                                                                                                     
William               8300                                     8300                                                                                                                                     

20 rows selected.

SQL> SELECT FIRST_NAME , SALARY , COMMISSION_PCT , SALARY * NVL(COMMISSION_PCT,0) COMM_AMOUNT , SALARY + SALARY * NVL(COMMISSION_PCT,0) TOTAL_PAYMENT FROM EMPLOYEES;

FIRST_NAME          SALARY COMMISSION_PCT COMM_AMOUNT TOTAL_PAYMENT                                                                                                                                     
--------------- ---------- -------------- ----------- -------------                                                                                                                                     
Steven               24000                          0         24000                                                                                                                                     
Neena                17000                          0         17000                                                                                                                                     
Lex                  17000                          0         17000                                                                                                                                     
Alexander             9000                          0          9000                                                                                                                                     
Bruce                 6000                          0          6000                                                                                                                                     
Diana                 4200                          0          4200                                                                                                                                     
Kevin                 5800                          0          5800                                                                                                                                     
Trenna                3500                          0          3500                                                                                                                                     
Curtis                3100                          0          3100                                                                                                                                     
Randall               2600                          0          2600                                                                                                                                     
Peter                 2500                          0          2500                                                                                                                                     
Eleni                10500             .2        2100         12600                                                                                                                                     
Ellen                11000             .3        3300         14300                                                                                                                                     
Jonathon              8600             .3        2580         11180                                                                                                                                     
Kimerely              7000            .15        1050          8050                                                                                                                                     
Jennifer              4400                          0          4400                                                                                                                                     
Michael              13000                          0         13000                                                                                                                                     
Pat                   6000                          0          6000                                                                                                                                     
Shelley              12000                          0         12000                                                                                                                                     
William               8300                          0          8300                                                                                                                                     

20 rows selected.

SQL> SELECT FIRST_NAME , SALARY , NVL(COMMISSION_PCT,0) , SALARY * NVL(COMMISSION_PCT,0) COMM_AMOUNT , SALARY + SALARY * NVL(COMMISSION_PCT,0) TOTAL_PAYMENT FROM EMPLOYEES;

FIRST_NAME          SALARY NVL(COMMISSION_PCT,0) COMM_AMOUNT TOTAL_PAYMENT                                                                                                                              
--------------- ---------- --------------------- ----------- -------------                                                                                                                              
Steven               24000                     0           0         24000                                                                                                                              
Neena                17000                     0           0         17000                                                                                                                              
Lex                  17000                     0           0         17000                                                                                                                              
Alexander             9000                     0           0          9000                                                                                                                              
Bruce                 6000                     0           0          6000                                                                                                                              
Diana                 4200                     0           0          4200                                                                                                                              
Kevin                 5800                     0           0          5800                                                                                                                              
Trenna                3500                     0           0          3500                                                                                                                              
Curtis                3100                     0           0          3100                                                                                                                              
Randall               2600                     0           0          2600                                                                                                                              
Peter                 2500                     0           0          2500                                                                                                                              
Eleni                10500                    .2        2100         12600                                                                                                                              
Ellen                11000                    .3        3300         14300                                                                                                                              
Jonathon              8600                    .3        2580         11180                                                                                                                              
Kimerely              7000                   .15        1050          8050                                                                                                                              
Jennifer              4400                     0           0          4400                                                                                                                              
Michael              13000                     0           0         13000                                                                                                                              
Pat                   6000                     0           0          6000                                                                                                                              
Shelley              12000                     0           0         12000                                                                                                                              
William               8300                     0           0          8300                                                                                                                              

20 rows selected.

SQL> REM DISTINCT/UNIQUE
SQL> 
SQL> SELECT DEPARTMENT_ID FROM EMPLOYEES;

DEPARTMENT_ID                                                                                                                                                                                           
-------------                                                                                                                                                                                           
           90                                                                                                                                                                                           
           90                                                                                                                                                                                           
           90                                                                                                                                                                                           
           60                                                                                                                                                                                           
           60                                                                                                                                                                                           
           60                                                                                                                                                                                           
           50                                                                                                                                                                                           
           50                                                                                                                                                                                           
           50                                                                                                                                                                                           
           50                                                                                                                                                                                           
           50                                                                                                                                                                                           
           80                                                                                                                                                                                           
           80                                                                                                                                                                                           
           80                                                                                                                                                                                           
                                                                                                                                                                                                        
           10                                                                                                                                                                                           
           20                                                                                                                                                                                           
           20                                                                                                                                                                                           
          110                                                                                                                                                                                           
          110                                                                                                                                                                                           

20 rows selected.

SQL> SELECT ALL DEPARTMENT_ID FROM EMPLOYEES;

DEPARTMENT_ID                                                                                                                                                                                           
-------------                                                                                                                                                                                           
           90                                                                                                                                                                                           
           90                                                                                                                                                                                           
           90                                                                                                                                                                                           
           60                                                                                                                                                                                           
           60                                                                                                                                                                                           
           60                                                                                                                                                                                           
           50                                                                                                                                                                                           
           50                                                                                                                                                                                           
           50                                                                                                                                                                                           
           50                                                                                                                                                                                           
           50                                                                                                                                                                                           
           80                                                                                                                                                                                           
           80                                                                                                                                                                                           
           80                                                                                                                                                                                           
                                                                                                                                                                                                        
           10                                                                                                                                                                                           
           20                                                                                                                                                                                           
           20                                                                                                                                                                                           
          110                                                                                                                                                                                           
          110           
		  
20 rows selected.

SQL> REM ALL : INCLUDING DUPLICATES
SQL> 
SQL> REM DISTINCT/UNIQUE : EXCLUDING DUPLICATES
SQL> 
SQL> SELECT DISTINCT DEPARTMENT_ID FROM EMPLOYEES;

DEPARTMENT_ID                                                                                                                                                                                           
-------------                                                                                                                                                                                           
                                                                                                                                                                                                        
           90                                                                                                                                                                                           
           20                                                                                                                                                                                           
          110                                                                                                                                                                                           
           50                                                                                                                                                                                           
           80                                                                                                                                                                                           
           60                                                                                                                                                                                           
           10                                                                                                                                                                                           

8 rows selected.

SQL> SELECT UNIQUE DEPARTMENT_ID FROM EMPLOYEES;

DEPARTMENT_ID                                                                                                                                                                                           
-------------                                                                                                                                                                                           
                                                                                                                                                                                                        
           90                                                                                                                                                                                           
           20                                                                                                                                                                                           
          110                                                                                                                                                                                           
           50                                                                                                                                                                                           
           80                                                                                                                                                                                           
           60                                                                                                                                                                                           
           10                                                                                                                                                                                           

8 rows selected.

SQL> REM DISTINCT / UNIQUE ONLY ONE CAN BE USED IN COMMAND
SQL> 
SQL> REM DISTINCT/ UNIQUE CAN BE USED SINGLE TIME WITHIN
SQL> 
SQL> REM DISTINCT/UNIQUE MUST BE THE FIRST WORD AFTER SELECT.
SQL> 
SQL> 
SQL> SELECT MANAGER_ID FROM EMPLOYEES;

MANAGER_ID                                                                                                                                                                                              
----------                                                                                                                                                                                              
                                                                                                                                                                                                        
       100                                                                                                                                                                                              
       100                                                                                                                                                                                              
       102                                                                                                                                                                                              
       103                                                                                                                                                                                              
       103                                                                                                                                                                                              
       100                                                                                                                                                                                              
       124                                                                                                                                                                                              
       124                                                                                                                                                                                              
       124                                                                                                                                                                                              
       124                                                                                                                                                                                              
       100                                                                                                                                                                                              
       149                                                                                                                                                                                              
       149                                                                                                                                                                                              
       149                                                                                                                                                                                              
       101                                                                                                                                                                                              
       100                                                                                                                                                                                              
       201                                                                                                                                                                                              
       101                                                                                                                                                                                              
       205                                                                                                                                                                                              

20 rows selected.

SQL> SELECT UNIQUE MANAGER_ID FROM EMPLOYEES;

MANAGER_ID                                                                                                                                                                                              
----------                                                                                                                                                                                              
                                                                                                                                                                                                        
       100                                                                                                                                                                                              
       149                                                                                                                                                                                              
       205                                                                                                                                                                                              
       102                                                                                                                                                                                              
       201                                                                                                                                                                                              
       101                                                                                                                                                                                              
       124                                                                                                                                                                                              
       103                                                                                                                                                                                              

9 rows selected.

SQL> SELECT JOB_ID FROM EMPLOYEES;

JOB_ID                                                                                                                                                                                                  
----------                                                                                                                                                                                              
AD_PRES                                                                                                                                                                                                 
AD_VP                                                                                                                                                                                                   
AD_VP                                                                                                                                                                                                   
IT_PROG                                                                                                                                                                                                 
IT_PROG                                                                                                                                                                                                 
IT_PROG                                                                                                                                                                                                 
ST_MAN                                                                                                                                                                                                  
ST_CLERK                                                                                                                                                                                                
ST_CLERK                                                                                                                                                                                                
ST_CLERK                                                                                                                                                                                                
ST_CLERK                                                                                                                                                                                                
SA_MAN                                                                                                                                                                                                  
SA_REP                                                                                                                                                                                                  
SA_REP                                                                                                                                                                                                  
SA_REP                                                                                                                                                                                                  
AD_ASST                                                                                                                                                                                                 
MK_MAN                                                                                                                                                                                                  
MK_REP                                                                                                                                                                                                  
AC_MGR                                                                                                                                                                                                  
AC_ACCOUNT                                                                                                                                                                                              

20 rows selected.

SQL> SELECT JOB_ID DISTINCT FROM EMPLOYEES;
SELECT JOB_ID DISTINCT FROM EMPLOYEES
              *
ERROR at line 1:
ORA-00923: FROM keyword not found where expected 


SQL> SELECT DISTINCT JOB_ID FROM EMPLOYEES;

JOB_ID                                                                                                                                                                                                  
----------                                                                                                                                                                                              
IT_PROG                                                                                                                                                                                                 
AC_MGR                                                                                                                                                                                                  
AC_ACCOUNT                                                                                                                                                                                              
ST_MAN                                                                                                                                                                                                  
AD_ASST                                                                                                                                                                                                 
AD_VP                                                                                                                                                                                                   
SA_MAN                                                                                                                                                                                                  
MK_MAN                                                                                                                                                                                                  
AD_PRES                                                                                                                                                                                                 
SA_REP                                                                                                                                                                                                  
MK_REP                                                                                                                                                                                                  
ST_CLERK                                                                                                                                                                                                

12 rows selected.

SQL> SELECT DEPARTMENT_ID , MANAGER_ID FROM EMPLOYEES ORDER BY 1,2;

DEPARTMENT_ID MANAGER_ID                                                                                                                                                                                
------------- ----------                                                                                                                                                                                
           10        101                                                                                                                                                                                
           20        100                                                                                                                                                                                
           20        201                                                                                                                                                                                
           50        100                                                                                                                                                                                
           50        124                                                                                                                                                                                
           50        124                                                                                                                                                                                
           50        124                                                                                                                                                                                
           50        124                                                                                                                                                                                
           60        102                                                                                                                                                                                
           60        103                                                                                                                                                                                
           60        103                                                                                                                                                                                
           80        100                                                                                                                                                                                
           80        149                                                                                                                                                                                
           80        149                                                                                                                                                                                
           90        100                                                                                                                                                                                
           90        100                                                                                                                                                                                
           90                                                                                                                                                                                           
          110        101                                                                                                                                                                                
          110        205                                                                                                                                                                                
                     149                                                                                                                                                                                

20 rows selected.

SQL> SELECT UNIQUE DEPARTMENT_ID , MANAGER_ID FROM EMPLOYEES ORDER BY 1,2;

DEPARTMENT_ID MANAGER_ID                                                                                                                                                                                
------------- ----------                                                                                                                                                                                
           10        101                                                                                                                                                                                
           20        100                                                                                                                                                                                
           20        201                                                                                                                                                                                
           50        100                                                                                                                                                                                
           50        124                                                                                                                                                                                
           60        102                                                                                                                                                                                
           60        103                                                                                                                                                                                
           80        100                                                                                                                                                                                
           80        149                                                                                                                                                                                
           90        100                                                                                                                                                                                
           90                                                                                                                                                                                           
          110        101                                                                                                                                                                                
          110        205                                                                                                                                                                                
                     149                                                                                                                                                                                

14 rows selected.

SQL> SELECT DEPARTMENT_ID , JOB_ID , MANAGER_ID FROM EMPLOYEES ORDER BY 1,2,3;

DEPARTMENT_ID JOB_ID     MANAGER_ID                                                                                                                                                                     
------------- ---------- ----------                                                                                                                                                                     
           10 AD_ASST           101                                                                                                                                                                     
           20 MK_MAN            100                                                                                                                                                                     
           20 MK_REP            201                                                                                                                                                                     
           50 ST_CLERK          124                                                                                                                                                                     
           50 ST_CLERK          124                                                                                                                                                                     
           50 ST_CLERK          124                                                                                                                                                                     
           50 ST_CLERK          124                                                                                                                                                                     
           50 ST_MAN            100                                                                                                                                                                     
           60 IT_PROG           102                                                                                                                                                                     
           60 IT_PROG           103                                                                                                                                                                     
           60 IT_PROG           103                                                                                                                                                                     
           80 SA_MAN            100                                                                                                                                                                     
           80 SA_REP            149                                                                                                                                                                     
           80 SA_REP            149                                                                                                                                                                     
           90 AD_PRES                                                                                                                                                                                   
           90 AD_VP             100                                                                                                                                                                     
           90 AD_VP             100                                                                                                                                                                     
          110 AC_ACCOUNT        205                                                                                                                                                                     
          110 AC_MGR            101                                                                                                                                                                     
              SA_REP            149                                                                                                                                                                     

20 rows selected.

SQL> SELECT UNIQUE DEPARTMENT_ID , JOB_ID , MANAGER_ID FROM EMPLOYEES ORDER BY 1,2,3;

DEPARTMENT_ID JOB_ID     MANAGER_ID                                                                                                                                                                     
------------- ---------- ----------                                                                                                                                                                     
           10 AD_ASST           101                                                                                                                                                                     
           20 MK_MAN            100                                                                                                                                                                     
           20 MK_REP            201                                                                                                                                                                     
           50 ST_CLERK          124                                                                                                                                                                     
           50 ST_MAN            100                                                                                                                                                                     
           60 IT_PROG           102                                                                                                                                                                     
           60 IT_PROG           103                                                                                                                                                                     
           80 SA_MAN            100                                                                                                                                                                     
           80 SA_REP            149                                                                                                                                                                     
           90 AD_PRES                                                                                                                                                                                   
           90 AD_VP             100                                                                                                                                                                     
          110 AC_ACCOUNT        205                                                                                                                                                                     
          110 AC_MGR            101                                                                                                                                                                     
              SA_REP            149                                                                                                                                                                     

14 rows selected.

SQL> REM * META CHARACTER
SQL> 
SQL> REM * META CHARACTER : TO DISPLAY ALL COLUMNS OF THE TABLE
SQL> 
SQL> REM PROJECTION : DISPLAYING SELECTED COLUMNS OF OUR CHOICE
SQL> 
SQL> REM ||
SQL> 
SQL> REM AO : / * + -
> 
SQL> REM PUTTING COLUMN ALIAS IN DOUBLE QUOTES
SQL> 
SQL> REM POWER , NVL
SQL> 
SQL> REM PRECEDENCE
SQL> 
SQL> REM DISTINCT/UNIQUE
SQL> 
SQL> 
SQL> 
SQL> REM Q/QUOTE OPERATOR , ROWNUM , ROWID
SQL> 
SQL> 
SQL> SELECT * FROM EMPLOYEES;

EMPLOYEE_ID FIRST_NAME      LAST_NAME       EMAIL      PHONE_NUMBER         HIRE_DATE JOB_ID         SALARY COMMISSION_PCT MANAGER_ID DEPARTMENT_ID                                                     
----------- --------------- --------------- ---------- -------------------- --------- ---------- ---------- -------------- ---------- -------------                                                     
        100 Steven          King            SKING      515.123.4567         17-JUL-87 AD_PRES         24000                                      90                                                     
        101 Neena           Kochhar         NKOCHHAR   515.123.4568         21-SEP-89 AD_VP           17000                       100            90                                                     
        102 Lex             De Haan         LDEHAAN    515.123.4569         13-JAN-93 AD_VP           17000                       100            90                                                     
        103 Alexander       Hunold          AHUNOLD    590.423.4567         03-JAN-90 IT_PROG          9000                       102            60                                                     
        104 Bruce           Ernst           BERNST     590.423.4568         21-MAY-91 IT_PROG          6000                       103            60                                                     
        107 Diana           Lorentz         DLORENTZ   590.423.5567         07-FEB-99 IT_PROG          4200                       103            60                                                     
        124 Kevin           Mourgos         KMOURGOS   650.123.5234         16-NOV-99 ST_MAN           5800                       100            50                                                     
        141 Trenna          Rajs            TRAJS      650.121.8009         17-OCT-95 ST_CLERK         3500                       124            50                                                     
        142 Curtis          Davies          CDAVIES    650.121.2994         29-JAN-97 ST_CLERK         3100                       124            50                                                     
        143 Randall         Matos           RMATOS     650.121.2874         15-MAR-98 ST_CLERK         2600                       124            50                                                     
        144 Peter           Vargas          PVARGAS    650.121.2004         09-JUL-98 ST_CLERK         2500                       124            50                                                     
        149 Eleni           Zlotkey         EZLOTKEY   011.44.1344.429018   29-JAN-00 SA_MAN          10500             .2        100            80                                                     
        174 Ellen           Abel            EABEL      011.44.1644.429267   11-MAY-96 SA_REP          11000             .3        149            80                                                     
        176 Jonathon        Taylor          JTAYLOR    011.44.1644.429265   24-MAR-98 SA_REP           8600             .3        149            80                                                     
        178 Kimerely        Grant           KGRANT     011.44.1644.429263   24-MAY-99 SA_REP           7000            .15        149                                                                   
        200 Jennifer        Whalen          JWHALEN    515.123.4444         17-SEP-87 AD_ASST          4400                       101            10                                                     
        201 Michael         Hartstein       MHARTSTE   515.123.5555         17-FEB-96 MK_MAN          13000                       100            20                                                     
        202 Pat             Fay             PFAY       603.123.6666         17-AUG-97 MK_REP           6000                       201            20                                                     
        205 Shelley         Higgins         SHIGGINS   515.123.8080         07-JUN-94 AC_MGR          12000                       101           110                                                     
        206 William         Gietz           WGIETZ     515.123.8181         07-JUN-94 AC_ACCOUNT       8300                       205           110                                                     

20 rows selected.

SQL> REM Steven gets Rs.24000 as monthly salary.
SQL> 
SQL> SELECT FIRST_NAME || ' gets Rs.' || SALARY || ' as monthly salary.' "Employee Info." FROM EMPLOYEES;

Employee Info.                                                                                                                                                                                          
-----------------------------------------------------------------------------------                                                                                                                     
Steven gets Rs.24000 as monthly salary.                                                                                                                                                                 
Neena gets Rs.17000 as monthly salary.                                                                                                                                                                  
Lex gets Rs.17000 as monthly salary.                                                                                                                                                                    
Alexander gets Rs.9000 as monthly salary.                                                                                                                                                               
Bruce gets Rs.6000 as monthly salary.                                                                                                                                                                   
Diana gets Rs.4200 as monthly salary.                                                                                                                                                                   
Kevin gets Rs.5800 as monthly salary.                                                                                                                                                                   
Trenna gets Rs.3500 as monthly salary.                                                                                                                                                                  
Curtis gets Rs.3100 as monthly salary.                                                                                                                                                                  
Randall gets Rs.2600 as monthly salary.                                                                                                                                                                 
Peter gets Rs.2500 as monthly salary.                                                                                                                                                                   
Eleni gets Rs.10500 as monthly salary.                                                                                                                                                                  
Ellen gets Rs.11000 as monthly salary.                                                                                                                                                                  
Jonathon gets Rs.8600 as monthly salary.                                                                                                                                                                
Kimerely gets Rs.7000 as monthly salary.                                                                                                                                                                
Jennifer gets Rs.4400 as monthly salary.                                                                                                                                                                
Michael gets Rs.13000 as monthly salary.                                                                                                                                                                
Pat gets Rs.6000 as monthly salary.                                                                                                                                                                     
Shelley gets Rs.12000 as monthly salary.                                                                                                                                                                
William gets Rs.8300 as monthly salary.                                                                                                                                                                 

20 rows selected.

SQL> REM DELIMITERS : ARE USED TO LIMIT THE VALUES
SQL> 
SQL> REM Steven's monthly salary is Rs.24000/-.
SQL> 
SQL> SELECT LAST_NAME || 's monthly salary is Rs.' || SALARY || '/-.' FROM EMPLOYEES;

LAST_NAME||'SMONTHLYSALARYISRS.'||SALARY||'/-.'                                                                                                                                                         
---------------------------------------------------------------------------------                                                                                                                       
Kings monthly salary is Rs.24000/-.                                                                                                                                                                     
Kochhars monthly salary is Rs.17000/-.                                                                                                                                                                  
De Haans monthly salary is Rs.17000/-.                                                                                                                                                                  
Hunolds monthly salary is Rs.9000/-.                                                                                                                                                                    
Ernsts monthly salary is Rs.6000/-.                                                                                                                                                                     
Lorentzs monthly salary is Rs.4200/-.                                                                                                                                                                   
Mourgoss monthly salary is Rs.5800/-.                                                                                                                                                                   
Rajss monthly salary is Rs.3500/-.                                                                                                                                                                      
Daviess monthly salary is Rs.3100/-.                                                                                                                                                                    
Matoss monthly salary is Rs.2600/-.                                                                                                                                                                     
Vargass monthly salary is Rs.2500/-.                                                                                                                                                                    
Zlotkeys monthly salary is Rs.10500/-.                                                                                                                                                                  
Abels monthly salary is Rs.11000/-.                                                                                                                                                                     
Taylors monthly salary is Rs.8600/-.                                                                                                                                                                    
Grants monthly salary is Rs.7000/-.                                                                                                                                                                     
Whalens monthly salary is Rs.4400/-.                                                                                                                                                                    
Hartsteins monthly salary is Rs.13000/-.                                                                                                                                                                
Fays monthly salary is Rs.6000/-.                                                                                                                                                                       
Higginss monthly salary is Rs.12000/-.                                                                                                                                                                  
Gietzs monthly salary is Rs.8300/-.                                                                                                                                                                     

20 rows selected.

SQL> REM Steven's monthly salary is Rs.24000/-.
SQL> 
SQL> SELECT FIRST_NAME || 's monthly salary is Rs.' || SALARY || '/-.' FROM EMPLOYEES;

FIRST_NAME||'SMONTHLYSALARYISRS.'||SALARY||'/-.'                                                                                                                                                        
---------------------------------------------------------------------------------                                                                                                                       
Stevens monthly salary is Rs.24000/-.                                                                                                                                                                   
Neenas monthly salary is Rs.17000/-.                                                                                                                                                                    
Lexs monthly salary is Rs.17000/-.                                                                                                                                                                      
Alexanders monthly salary is Rs.9000/-.                                                                                                                                                                 
Bruces monthly salary is Rs.6000/-.                                                                                                                                                                     
Dianas monthly salary is Rs.4200/-.                                                                                                                                                                     
Kevins monthly salary is Rs.5800/-.                                                                                                                                                                     
Trennas monthly salary is Rs.3500/-.                                                                                                                                                                    
Curtiss monthly salary is Rs.3100/-.                                                                                                                                                                    
Randalls monthly salary is Rs.2600/-.                                                                                                                                                                   
Peters monthly salary is Rs.2500/-.                                                                                                                                                                     
Elenis monthly salary is Rs.10500/-.                                                                                                                                                                    
Ellens monthly salary is Rs.11000/-.                                                                                                                                                                    
Jonathons monthly salary is Rs.8600/-.                                                                                                                                                                  
Kimerelys monthly salary is Rs.7000/-.                                                                                                                                                                  
Jennifers monthly salary is Rs.4400/-.                                                                                                                                                                  
Michaels monthly salary is Rs.13000/-.                                                                                                                                                                  
Pats monthly salary is Rs.6000/-.                                                                                                                                                                       
Shelleys monthly salary is Rs.12000/-.                                                                                                                                                                  
Williams monthly salary is Rs.8300/-.                                                                                                                                                                   

20 rows selected.

SQL> SELECT FIRST_NAME || ''s monthly salary is Rs.' || SALARY || '/-.' FROM EMPLOYEES;
ERROR:
ORA-01756: quoted string not properly terminated 


SQL> SELECT FIRST_NAME || 's monthly salary is Rs.' || SALARY || '/-.' FROM EMPLOYEES;

FIRST_NAME||'''SMONTHLYSALARYISRS.'||SALARY||'/-.'                                                                                                                                                      
----------------------------------------------------------------------------------                                                                                                                      
Steven's monthly salary is Rs.24000/-.                                                                                                                                                                  
Neena's monthly salary is Rs.17000/-.                                                                                                                                                                   
Lex's monthly salary is Rs.17000/-.                                                                                                                                                                     
Alexander's monthly salary is Rs.9000/-.                                                                                                                                                                
Bruce's monthly salary is Rs.6000/-.                                                                                                                                                                    
Diana's monthly salary is Rs.4200/-.                                                                                                                                                                    
Kevin's monthly salary is Rs.5800/-.                                                                                                                                                                    
Trenna's monthly salary is Rs.3500/-.                                                                                                                                                                   
Curtis's monthly salary is Rs.3100/-.                                                                                                                                                                   
Randall's monthly salary is Rs.2600/-.                                                                                                                                                                  
Peter's monthly salary is Rs.2500/-.                                                                                                                                                                    
Eleni's monthly salary is Rs.10500/-.                                                                                                                                                                   
Ellen's monthly salary is Rs.11000/-.                                                                                                                                                                   
Jonathon's monthly salary is Rs.8600/-.                                                                                                                                                                 
Kimerely's monthly salary is Rs.7000/-.                                                                                                                                                                 
Jennifer's monthly salary is Rs.4400/-.                                                                                                                                                                 
Michael's monthly salary is Rs.13000/-.                                                                                                                                                                 
Pat's monthly salary is Rs.6000/-.                                                                                                                                                                      
Shelley's monthly salary is Rs.12000/-.                                                                                                                                                                 
William's monthly salary is Rs.8300/-.                                                                                                                                                                  

20 rows selected.

SQL> REM Q/QUOTE : USED TO CHANGE QUOTATION CHRACTER
SQL> 
SQL> 
SQL> 
SQL> SELECT FIRST_NAME || Q'"'s monthly salary is Rs."' || SALARY || '/-.' FROM EMPLOYEES;

FIRST_NAME||Q'"'SMONTHLYSALARYISRS."'||SALARY||'/-.'                                                                                                                                                    
----------------------------------------------------------------------------------                                                                                                                      
Steven's monthly salary is Rs.24000/-.                                                                                                                                                                  
Neena's monthly salary is Rs.17000/-.                                                                                                                                                                   
Lex's monthly salary is Rs.17000/-.                                                                                                                                                                     
Alexander's monthly salary is Rs.9000/-.                                                                                                                                                                
Bruce's monthly salary is Rs.6000/-.                                                                                                                                                                    
Diana's monthly salary is Rs.4200/-.                                                                                                                                                                    
Kevin's monthly salary is Rs.5800/-.                                                                                                                                                                    
Trenna's monthly salary is Rs.3500/-.                                                                                                                                                                   
Curtis's monthly salary is Rs.3100/-.                                                                                                                                                                   
Randall's monthly salary is Rs.2600/-.                                                                                                                                                                  
Peter's monthly salary is Rs.2500/-.                                                                                                                                                                    
Eleni's monthly salary is Rs.10500/-.                                                                                                                                                                   
Ellen's monthly salary is Rs.11000/-.                                                                                                                                                                   
Jonathon's monthly salary is Rs.8600/-.                                                                                                                                                                 
Kimerely's monthly salary is Rs.7000/-.                                                                                                                                                                 
Jennifer's monthly salary is Rs.4400/-.                                                                                                                                                                 
Michael's monthly salary is Rs.13000/-.                                                                                                                                                                 
Pat's monthly salary is Rs.6000/-.                                                                                                                                                                      
Shelley's monthly salary is Rs.12000/-.                                                                                                                                                                 
William's monthly salary is Rs.8300/-.                                                                                                                                                                  

20 rows selected.

SQL> SELECT FIRST_NAME || Q'#'s monthly salary is Rs.#' || SALARY || '/-.' FROM EMPLOYEES;

FIRST_NAME||Q'#'SMONTHLYSALARYISRS.#'||SALARY||'/-.'                                                                                                                                                    
----------------------------------------------------------------------------------                                                                                                                      
Steven's monthly salary is Rs.24000/-.                                                                                                                                                                  
Neena's monthly salary is Rs.17000/-.                                                                                                                                                                   
Lex's monthly salary is Rs.17000/-.                                                                                                                                                                     
Alexander's monthly salary is Rs.9000/-.                                                                                                                                                                
Bruce's monthly salary is Rs.6000/-.                                                                                                                                                                    
Diana's monthly salary is Rs.4200/-.                                                                                                                                                                    
Kevin's monthly salary is Rs.5800/-.                                                                                                                                                                    
Trenna's monthly salary is Rs.3500/-.                                                                                                                                                                   
Curtis's monthly salary is Rs.3100/-.                                                                                                                                                                   
Randall's monthly salary is Rs.2600/-.                                                                                                                                                                  
Peter's monthly salary is Rs.2500/-.                                                                                                                                                                    
Eleni's monthly salary is Rs.10500/-.                                                                                                                                                                   
Ellen's monthly salary is Rs.11000/-.                                                                                                                                                                   
Jonathon's monthly salary is Rs.8600/-.                                                                                                                                                                 
Kimerely's monthly salary is Rs.7000/-.                                                                                                                                                                 
Jennifer's monthly salary is Rs.4400/-.                                                                                                                                                                 
Michael's monthly salary is Rs.13000/-.                                                                                                                                                                 
Pat's monthly salary is Rs.6000/-.                                                                                                                                                                      
Shelley's monthly salary is Rs.12000/-.                                                                                                                                                                 
William's monthly salary is Rs.8300/-.                                                                                                                                                                  

20 rows selected.

SQL> SELECT FIRST_NAME || Q'5's monthly salary is Rs.5' || SALARY || '/-.' FROM EMPLOYEES;

FIRST_NAME||Q'5'SMONTHLYSALARYISRS.5'||SALARY||'/-.'                                                                                                                                                    
----------------------------------------------------------------------------------                                                                                                                      
Steven's monthly salary is Rs.24000/-.                                                                                                                                                                  
Neena's monthly salary is Rs.17000/-.                                                                                                                                                                   
Lex's monthly salary is Rs.17000/-.                                                                                                                                                                     
Alexander's monthly salary is Rs.9000/-.                                                                                                                                                                
Bruce's monthly salary is Rs.6000/-.                                                                                                                                                                    
Diana's monthly salary is Rs.4200/-.                                                                                                                                                                    
Kevin's monthly salary is Rs.5800/-.                                                                                                                                                                    
Trenna's monthly salary is Rs.3500/-.                                                                                                                                                                   
Curtis's monthly salary is Rs.3100/-.                                                                                                                                                                   
Randall's monthly salary is Rs.2600/-.                                                                                                                                                                  
Peter's monthly salary is Rs.2500/-.                                                                                                                                                                    
Eleni's monthly salary is Rs.10500/-.                                                                                                                                                                   
Ellen's monthly salary is Rs.11000/-.                                                                                                                                                                   
Jonathon's monthly salary is Rs.8600/-.                                                                                                                                                                 
Kimerely's monthly salary is Rs.7000/-.                                                                                                                                                                 
Jennifer's monthly salary is Rs.4400/-.                                                                                                                                                                 
Michael's monthly salary is Rs.13000/-.                                                                                                                                                                 
Pat's monthly salary is Rs.6000/-.                                                                                                                                                                      
Shelley's monthly salary is Rs.12000/-.                                                                                                                                                                 
William's monthly salary is Rs.8300/-.                                                                                                                                                                  

20 rows selected.

SQL> SELECT FIRST_NAME || Q'A's monthly salary is Rs.A' || SALARY || '/-.' FROM EMPLOYEES;

FIRST_NAME||Q'A'SMONTHLYSALARYISRS.A'||SALARY||'/-.'                                                                                                                                                    
----------------------------------------------------------------------------------                                                                                                                      
Steven's monthly salary is Rs.24000/-.                                                                                                                                                                  
Neena's monthly salary is Rs.17000/-.                                                                                                                                                                   
Lex's monthly salary is Rs.17000/-.                                                                                                                                                                     
Alexander's monthly salary is Rs.9000/-.                                                                                                                                                                
Bruce's monthly salary is Rs.6000/-.                                                                                                                                                                    
Diana's monthly salary is Rs.4200/-.                                                                                                                                                                    
Kevin's monthly salary is Rs.5800/-.                                                                                                                                                                    
Trenna's monthly salary is Rs.3500/-.                                                                                                                                                                   
Curtis's monthly salary is Rs.3100/-.                                                                                                                                                                   
Randall's monthly salary is Rs.2600/-.                                                                                                                                                                  
Peter's monthly salary is Rs.2500/-.                                                                                                                                                                    
Eleni's monthly salary is Rs.10500/-.                                                                                                                                                                   
Ellen's monthly salary is Rs.11000/-.                                                                                                                                                                   
Jonathon's monthly salary is Rs.8600/-.                                                                                                                                                                 
Kimerely's monthly salary is Rs.7000/-.                                                                                                                                                                 
Jennifer's monthly salary is Rs.4400/-.                                                                                                                                                                 
Michael's monthly salary is Rs.13000/-.                                                                                                                                                                 
Pat's monthly salary is Rs.6000/-.                                                                                                                                                                      
Shelley's monthly salary is Rs.12000/-.                                                                                                                                                                 
William's monthly salary is Rs.8300/-.                                                                                                                                                                  

20 rows selected.

SQL> SELECT FIRST_NAME || Q' 's monthly salary is Rs. ' || SALARY || '/-.' FROM EMPLOYEES;
SELECT FIRST_NAME || Q' 's monthly salary is Rs. ' || SALARY || '/-.' FROM EMPLOYEES
                     *
ERROR at line 1:
ORA-00911: invalid character 


SQL> SELECT FIRST_NAME || Q'''s monthly salary is Rs.'' || SALARY || '/-.' FROM EMPLOYEES;

FIRST_NAME||Q'''SMONTHLYSALARYISRS.''||SALARY||'/-.'                                                                                                                                                    
----------------------------------------------------------------------------------                                                                                                                      
Steven's monthly salary is Rs.24000/-.                                                                                                                                                                  
Neena's monthly salary is Rs.17000/-.                                                                                                                                                                   
Lex's monthly salary is Rs.17000/-.                                                                                                                                                                     
Alexander's monthly salary is Rs.9000/-.                                                                                                                                                                
Bruce's monthly salary is Rs.6000/-.                                                                                                                                                                    
Diana's monthly salary is Rs.4200/-.                                                                                                                                                                    
Kevin's monthly salary is Rs.5800/-.                                                                                                                                                                    
Trenna's monthly salary is Rs.3500/-.                                                                                                                                                                   
Curtis's monthly salary is Rs.3100/-.                                                                                                                                                                   
Randall's monthly salary is Rs.2600/-.                                                                                                                                                                  
Peter's monthly salary is Rs.2500/-.                                                                                                                                                                    
Eleni's monthly salary is Rs.10500/-.                                                                                                                                                                   
Ellen's monthly salary is Rs.11000/-.                                                                                                                                                                   
Jonathon's monthly salary is Rs.8600/-.                                                                                                                                                                 
Kimerely's monthly salary is Rs.7000/-.                                                                                                                                                                 
Jennifer's monthly salary is Rs.4400/-.                                                                                                                                                                 
Michael's monthly salary is Rs.13000/-.                                                                                                                                                                 
Pat's monthly salary is Rs.6000/-.                                                                                                                                                                      
Shelley's monthly salary is Rs.12000/-.                                                                                                                                                                 
William's monthly salary is Rs.8300/-.                                                                                                                                                                  

20 rows selected.

SQL> SELECT FIRST_NAME || Q'['s monthly salary is Rs.]' || SALARY || '/-.' FROM EMPLOYEES;

FIRST_NAME||Q'['SMONTHLYSALARYISRS.]'||SALARY||'/-.'                                                                                                                                                    
----------------------------------------------------------------------------------                                                                                                                      
Steven's monthly salary is Rs.24000/-.                                                                                                                                                                  
Neena's monthly salary is Rs.17000/-.                                                                                                                                                                   
Lex's monthly salary is Rs.17000/-.                                                                                                                                                                     
Alexander's monthly salary is Rs.9000/-.                                                                                                                                                                
Bruce's monthly salary is Rs.6000/-.                                                                                                                                                                    
Diana's monthly salary is Rs.4200/-.                                                                                                                                                                    
Kevin's monthly salary is Rs.5800/-.                                                                                                                                                                    
Trenna's monthly salary is Rs.3500/-.                                                                                                                                                                   
Curtis's monthly salary is Rs.3100/-.                                                                                                                                                                   
Randall's monthly salary is Rs.2600/-.                                                                                                                                                                  
Peter's monthly salary is Rs.2500/-.                                                                                                                                                                    
Eleni's monthly salary is Rs.10500/-.                                                                                                                                                                   
Ellen's monthly salary is Rs.11000/-.                                                                                                                                                                   
Jonathon's monthly salary is Rs.8600/-.                                                                                                                                                                 
Kimerely's monthly salary is Rs.7000/-.                                                                                                                                                                 
Jennifer's monthly salary is Rs.4400/-.                                                                                                                                                                 
Michael's monthly salary is Rs.13000/-.                                                                                                                                                                 
Pat's monthly salary is Rs.6000/-.                                                                                                                                                                      
Shelley's monthly salary is Rs.12000/-.                                                                                                                                                                 
William's monthly salary is Rs.8300/-.                                                                                                                                                                  

20 rows selected.

SQL> SELECT FIRST_NAME || Q']'s monthly salary is Rs.]' || SALARY || '/-.' FROM EMPLOYEES;

FIRST_NAME||Q']'SMONTHLYSALARYISRS.]'||SALARY||'/-.'                                                                                                                                                    
----------------------------------------------------------------------------------                                                                                                                      
Steven's monthly salary is Rs.24000/-.                                                                                                                                                                  
Neena's monthly salary is Rs.17000/-.                                                                                                                                                                   
Lex's monthly salary is Rs.17000/-.                                                                                                                                                                     
Alexander's monthly salary is Rs.9000/-.                                                                                                                                                                
Bruce's monthly salary is Rs.6000/-.                                                                                                                                                                    
Diana's monthly salary is Rs.4200/-.                                                                                                                                                                    
Kevin's monthly salary is Rs.5800/-.                                                                                                                                                                    
Trenna's monthly salary is Rs.3500/-.                                                                                                                                                                   
Curtis's monthly salary is Rs.3100/-.                                                                                                                                                                   
Randall's monthly salary is Rs.2600/-.                                                                                                                                                                  
Peter's monthly salary is Rs.2500/-.                                                                                                                                                                    
Eleni's monthly salary is Rs.10500/-.                                                                                                                                                                   
Ellen's monthly salary is Rs.11000/-.                                                                                                                                                                   
Jonathon's monthly salary is Rs.8600/-.                                                                                                                                                                 
Kimerely's monthly salary is Rs.7000/-.                                                                                                                                                                 
Jennifer's monthly salary is Rs.4400/-.                                                                                                                                                                 
Michael's monthly salary is Rs.13000/-.                                                                                                                                                                 
Pat's monthly salary is Rs.6000/-.                                                                                                                                                                      
Shelley's monthly salary is Rs.12000/-.                                                                                                                                                                 
William's monthly salary is Rs.8300/-.                                                                                                                                                                  

20 rows selected.

SQL> SELECT FIRST_NAME || Q'['s monthly salary is Rs.[' || SALARY || '/-.' FROM EMPLOYEES;
ERROR:
ORA-01756: quoted string not properly terminated 


SQL> SELECT FIRST_NAME || Q']'s monthly salary is Rs.[' || SALARY || '/-.' FROM EMPLOYEES;
ERROR:
ORA-01756: quoted string not properly terminated 


SQL> SELECT FIRST_NAME || Q'['s monthly salary is Rs.}' || SALARY || '/-.' FROM EMPLOYEES;
ERROR:
ORA-01756: quoted string not properly terminated 


SQL> SELECT FIRST_NAME || Q'A's monthly salary is Rs.a' || SALARY || '/-.' FROM EMPLOYEES;
ERROR:
ORA-01756: quoted string not properly terminated 


SQL> SELECT FIRST_NAME || Q'A's monthly salary is Rs.A' || SALARY || '/-.' FROM EMPLOYEES;

FIRST_NAME||Q'A'SMONTHLYSALARYISRS.A'||SALARY||'/-.'                                                                                                                                                    
----------------------------------------------------------------------------------                                                                                                                      
Steven's monthly salary is Rs.24000/-.                                                                                                                                                                  
Neena's monthly salary is Rs.17000/-.                                                                                                                                                                   
Lex's monthly salary is Rs.17000/-.                                                                                                                                                                     
Alexander's monthly salary is Rs.9000/-.                                                                                                                                                                
Bruce's monthly salary is Rs.6000/-.                                                                                                                                                                    
Diana's monthly salary is Rs.4200/-.                                                                                                                                                                    
Kevin's monthly salary is Rs.5800/-.                                                                                                                                                                    
Trenna's monthly salary is Rs.3500/-.                                                                                                                                                                   
Curtis's monthly salary is Rs.3100/-.                                                                                                                                                                   
Randall's monthly salary is Rs.2600/-.                                                                                                                                                                  
Peter's monthly salary is Rs.2500/-.                                                                                                                                                                    
Eleni's monthly salary is Rs.10500/-.                                                                                                                                                                   
Ellen's monthly salary is Rs.11000/-.                                                                                                                                                                   
Jonathon's monthly salary is Rs.8600/-.                                                                                                                                                                 
Kimerely's monthly salary is Rs.7000/-.                                                                                                                                                                 
Jennifer's monthly salary is Rs.4400/-.                                                                                                                                                                 
Michael's monthly salary is Rs.13000/-.                                                                                                                                                                 
Pat's monthly salary is Rs.6000/-.                                                                                                                                                                      
Shelley's monthly salary is Rs.12000/-.                                                                                                                                                                 
William's monthly salary is Rs.8300/-.                                                                                                                                                                  

20 rows selected.

SQL> SELECT * FROM EMPLOYEES;

EMPLOYEE_ID FIRST_NAME      LAST_NAME       EMAIL      PHONE_NUMBER         HIRE_DATE JOB_ID         SALARY COMMISSION_PCT MANAGER_ID DEPARTMENT_ID                                                     
----------- --------------- --------------- ---------- -------------------- --------- ---------- ---------- -------------- ---------- -------------                                                     
        100 Steven          King            SKING      515.123.4567         17-JUL-87 AD_PRES         24000                                      90                                                     
        101 Neena           Kochhar         NKOCHHAR   515.123.4568         21-SEP-89 AD_VP           17000                       100            90                                                     
        102 Lex             De Haan         LDEHAAN    515.123.4569         13-JAN-93 AD_VP           17000                       100            90                                                     
        103 Alexander       Hunold          AHUNOLD    590.423.4567         03-JAN-90 IT_PROG          9000                       102            60                                                     
        104 Bruce           Ernst           BERNST     590.423.4568         21-MAY-91 IT_PROG          6000                       103            60                                                     
        107 Diana           Lorentz         DLORENTZ   590.423.5567         07-FEB-99 IT_PROG          4200                       103            60                                                     
        124 Kevin           Mourgos         KMOURGOS   650.123.5234         16-NOV-99 ST_MAN           5800                       100            50                                                     
        141 Trenna          Rajs            TRAJS      650.121.8009         17-OCT-95 ST_CLERK         3500                       124            50                                                     
        142 Curtis          Davies          CDAVIES    650.121.2994         29-JAN-97 ST_CLERK         3100                       124            50                                                     
        143 Randall         Matos           RMATOS     650.121.2874         15-MAR-98 ST_CLERK         2600                       124            50                                                     
        144 Peter           Vargas          PVARGAS    650.121.2004         09-JUL-98 ST_CLERK         2500                       124            50                                                     
        149 Eleni           Zlotkey         EZLOTKEY   011.44.1344.429018   29-JAN-00 SA_MAN          10500             .2        100            80                                                     
        174 Ellen           Abel            EABEL      011.44.1644.429267   11-MAY-96 SA_REP          11000             .3        149            80                                                     
        176 Jonathon        Taylor          JTAYLOR    011.44.1644.429265   24-MAR-98 SA_REP           8600             .3        149            80                                                     
        178 Kimerely        Grant           KGRANT     011.44.1644.429263   24-MAY-99 SA_REP           7000            .15        149                                                                   
        200 Jennifer        Whalen          JWHALEN    515.123.4444         17-SEP-87 AD_ASST          4400                       101            10                                                     
        201 Michael         Hartstein       MHARTSTE   515.123.5555         17-FEB-96 MK_MAN          13000                       100            20                                                     
        202 Pat             Fay             PFAY       603.123.6666         17-AUG-97 MK_REP           6000                       201            20                                                     
        205 Shelley         Higgins         SHIGGINS   515.123.8080         07-JUN-94 AC_MGR          12000                       101           110                                                     
        206 William         Gietz           WGIETZ     515.123.8181         07-JUN-94 AC_ACCOUNT       8300                       205           110                                                     

20 rows selected.

SQL> REM King's join date is 17-JUL-87.
SQL> 
SQL> REM 1 WITHOUT USING Q 2 USING Q
SQL> 
SQL> SELECT LAST_NAME || '''s join date is ' || HIRE_DATE || '.' "Employee Info." FROM EMPLOYEES;

Employee Info.                                                                                                                                                                                          
--------------------------------------------------                                                                                                                                                      
King's join date is 17-JUL-87.                                                                                                                                                                          
Kochhar's join date is 21-SEP-89.                                                                                                                                                                       
De Haan's join date is 13-JAN-93.                                                                                                                                                                       
Hunold's join date is 03-JAN-90.                                                                                                                                                                        
Ernst's join date is 21-MAY-91.                                                                                                                                                                         
Lorentz's join date is 07-FEB-99.                                                                                                                                                                       
Mourgos's join date is 16-NOV-99.                                                                                                                                                                       
Rajs's join date is 17-OCT-95.                                                                                                                                                                          
Davies's join date is 29-JAN-97.                                                                                                                                                                        
Matos's join date is 15-MAR-98.                                                                                                                                                                         
Vargas's join date is 09-JUL-98.                                                                                                                                                                        
Zlotkey's join date is 29-JAN-00.                                                                                                                                                                       
Abel's join date is 11-MAY-96.                                                                                                                                                                          
Taylor's join date is 24-MAR-98.                                                                                                                                                                        
Grant's join date is 24-MAY-99.                                                                                                                                                                         
Whalen's join date is 17-SEP-87.                                                                                                                                                                        
Hartstein's join date is 17-FEB-96.                                                                                                                                                                     
Fay's join date is 17-AUG-97.                                                                                                                                                                           
Higgins's join date is 07-JUN-94.                                                                                                                                                                       
Gietz's join date is 07-JUN-94.                                                                                                                                                                         

20 rows selected.

SQL> SELECT LAST_NAME || '''' || 's join date is ' || HIRE_DATE || '.' "Employee Info." FROM EMPLOYEES;

Employee Info.                                                                                                                                                                                          
--------------------------------------------------                                                                                                                                                      
King's join date is 17-JUL-87.                                                                                                                                                                          
Kochhar's join date is 21-SEP-89.                                                                                                                                                                       
De Haan's join date is 13-JAN-93.                                                                                                                                                                       
Hunold's join date is 03-JAN-90.                                                                                                                                                                        
Ernst's join date is 21-MAY-91.                                                                                                                                                                         
Lorentz's join date is 07-FEB-99.                                                                                                                                                                       
Mourgos's join date is 16-NOV-99.                                                                                                                                                                       
Rajs's join date is 17-OCT-95.                                                                                                                                                                          
Davies's join date is 29-JAN-97.                                                                                                                                                                        
Matos's join date is 15-MAR-98.                                                                                                                                                                         
Vargas's join date is 09-JUL-98.                                                                                                                                                                        
Zlotkey's join date is 29-JAN-00.                                                                                                                                                                       
Abel's join date is 11-MAY-96.                                                                                                                                                                          
Taylor's join date is 24-MAR-98.                                                                                                                                                                        
Grant's join date is 24-MAY-99.                                                                                                                                                                         
Whalen's join date is 17-SEP-87.                                                                                                                                                                        
Hartstein's join date is 17-FEB-96.                                                                                                                                                                     
Fay's join date is 17-AUG-97.                                                                                                                                                                           
Higgins's join date is 07-JUN-94.                                                                                                                                                                       
Gietz's join date is 07-JUN-94.                                                                                                                                                                         

20 rows selected.

SQL> SELECT LAST_NAME || Q'*'s join date is *' || HIRE_DATE || '.' "Employee Info." FROM EMPLOYEES;

Employee Info.                                                                                                                                                                                          
--------------------------------------------------                                                                                                                                                      
King's join date is 17-JUL-87.                                                                                                                                                                          
Kochhar's join date is 21-SEP-89.                                                                                                                                                                       
De Haan's join date is 13-JAN-93.                                                                                                                                                                       
Hunold's join date is 03-JAN-90.                                                                                                                                                                        
Ernst's join date is 21-MAY-91.                                                                                                                                                                         
Lorentz's join date is 07-FEB-99.                                                                                                                                                                       
Mourgos's join date is 16-NOV-99.                                                                                                                                                                       
Rajs's join date is 17-OCT-95.                                                                                                                                                                          
Davies's join date is 29-JAN-97.                                                                                                                                                                        
Matos's join date is 15-MAR-98.                                                                                                                                                                         
Vargas's join date is 09-JUL-98.                                                                                                                                                                        
Zlotkey's join date is 29-JAN-00.                                                                                                                                                                       
Abel's join date is 11-MAY-96.                                                                                                                                                                          
Taylor's join date is 24-MAR-98.                                                                                                                                                                        
Grant's join date is 24-MAY-99.                                                                                                                                                                         
Whalen's join date is 17-SEP-87.                                                                                                                                                                        
Hartstein's join date is 17-FEB-96.                                                                                                                                                                     
Fay's join date is 17-AUG-97.                                                                                                                                                                           
Higgins's join date is 07-JUN-94.                                                                                                                                                                       
Gietz's join date is 07-JUN-94.                                                                                                                                                                         

20 rows selected.

SQL> SELECT LAST_NAME || ''' || 's join date is ' || HIRE_DATE || '.' "Employee Info." FROM EMPLOYEES;
ERROR:
ORA-01756: quoted string not properly terminated 


SQL> REM * : 1 META CHARACTER : TO DISPLAY ALL COLUMNS OF THE TABLE
SQL> 
SQL> REM 2 : ARITHMATIC OPERATOR FOR MULTIPLICATION
SQL> 
SQL> 
SQL> 
SQL> REM 1 WHEN WE USE ONLY * AS SINGLE ITEM OF SELECT, IT IS USED AS META CHARACTER.
SQL> 
SQL> REM 2 WHEN WE USE ANYTHING ELSE WITH * IN SELECT, IT IS USED AS ARITHMATIC OPERATOR.
SQL> 
SQL> 
SQL> 
SQL> REM 1 WHEN WE USE ONLY * AS SINGLE ITEM OF SELECT, IT IS USED AS META CHARACTER.
SQL> 
SQL> SELECT * FROM EMPLOYEES;

EMPLOYEE_ID FIRST_NAME      LAST_NAME       EMAIL      PHONE_NUMBER         HIRE_DATE JOB_ID         SALARY COMMISSION_PCT MANAGER_ID DEPARTMENT_ID                                                     
----------- --------------- --------------- ---------- -------------------- --------- ---------- ---------- -------------- ---------- -------------                                                     
        100 Steven          King            SKING      515.123.4567         17-JUL-87 AD_PRES         24000                                      90                                                     
        101 Neena           Kochhar         NKOCHHAR   515.123.4568         21-SEP-89 AD_VP           17000                       100            90                                                     
        102 Lex             De Haan         LDEHAAN    515.123.4569         13-JAN-93 AD_VP           17000                       100            90                                                     
        103 Alexander       Hunold          AHUNOLD    590.423.4567         03-JAN-90 IT_PROG          9000                       102            60                                                     
        104 Bruce           Ernst           BERNST     590.423.4568         21-MAY-91 IT_PROG          6000                       103            60                                                     
        107 Diana           Lorentz         DLORENTZ   590.423.5567         07-FEB-99 IT_PROG          4200                       103            60                                                     
        124 Kevin           Mourgos         KMOURGOS   650.123.5234         16-NOV-99 ST_MAN           5800                       100            50                                                     
        141 Trenna          Rajs            TRAJS      650.121.8009         17-OCT-95 ST_CLERK         3500                       124            50                                                     
        142 Curtis          Davies          CDAVIES    650.121.2994         29-JAN-97 ST_CLERK         3100                       124            50                                                     
        143 Randall         Matos           RMATOS     650.121.2874         15-MAR-98 ST_CLERK         2600                       124            50                                                     
        144 Peter           Vargas          PVARGAS    650.121.2004         09-JUL-98 ST_CLERK         2500                       124            50                                                     
        149 Eleni           Zlotkey         EZLOTKEY   011.44.1344.429018   29-JAN-00 SA_MAN          10500             .2        100            80                                                     
        174 Ellen           Abel            EABEL      011.44.1644.429267   11-MAY-96 SA_REP          11000             .3        149            80                                                     
        176 Jonathon        Taylor          JTAYLOR    011.44.1644.429265   24-MAR-98 SA_REP           8600             .3        149            80                                                     
        178 Kimerely        Grant           KGRANT     011.44.1644.429263   24-MAY-99 SA_REP           7000            .15        149                                                                   
        200 Jennifer        Whalen          JWHALEN    515.123.4444         17-SEP-87 AD_ASST          4400                       101            10                                                     
        201 Michael         Hartstein       MHARTSTE   515.123.5555         17-FEB-96 MK_MAN          13000                       100            20                                                     
        202 Pat             Fay             PFAY       603.123.6666         17-AUG-97 MK_REP           6000                       201            20                                                     
        205 Shelley         Higgins         SHIGGINS   515.123.8080         07-JUN-94 AC_MGR          12000                       101           110                                                     
        206 William         Gietz           WGIETZ     515.123.8181         07-JUN-94 AC_ACCOUNT       8300                       205           110                                                     

20 rows selected.

SQL> REM 2 WHEN WE USE ANYTHING ELSE WITH * IN SELECT, IT IS USED AS ARITHMATIC OPERATOR.
SQL> 
SQL> SELECT * , ROWNUM FROM EMPLOYEES;
SELECT * , ROWNUM FROM EMPLOYEES
         *
ERROR at line 1:
ORA-00923: FROM keyword not found where expected 


SQL> SELECT SALARY * 12 FROM EMPLOYEES;

 SALARY*12                                                                                                                                                                                              
----------                                                                                                                                                                                              
    288000                                                                                                                                                                                              
    204000                                                                                                                                                                                              
    204000                                                                                                                                                                                              
    108000                                                                                                                                                                                              
     72000                                                                                                                                                                                              
     50400                                                                                                                                                                                              
     69600                                                                                                                                                                                              
     42000                                                                                                                                                                                              
     37200                                                                                                                                                                                              
     31200                                                                                                                                                                                              
     30000                                                                                                                                                                                              
    126000                                                                                                                                                                                              
    132000                                                                                                                                                                                              
    103200                                                                                                                                                                                              
     84000                                                                                                                                                                                              
     52800                                                                                                                                                                                              
    156000                                                                                                                                                                                              
     72000                                                                                                                                                                                              
    144000                                                                                                                                                                                              
     99600                                                                                                                                                                                              

20 rows selected.

SQL> SELECT * , SALARY * 12 FROM EMPLOYEES;
SELECT * , SALARY * 12 FROM EMPLOYEES
         *
ERROR at line 1:
ORA-00923: FROM keyword not found where expected 


SQL> REM WE CAN GUIDE ORACLE TO USE * AS META CHRACTER BY QUALIFYING IT.
SQL> 
SQL> REM WE CAN QUALIFY * IN TWO WAYS : 1 TABLENAME.* 2 TABLEALIAS.*
SQL> 
SQL> SELECT ROWNUM , * FROM EMPLOYEES;
SELECT ROWNUM , * FROM EMPLOYEES
                *
ERROR at line 1:
ORA-00936: missing expression 


SQL> SELECT ROWNUM , EMPLOYEES.* FROM EMPLOYEES;

    ROWNUM EMPLOYEE_ID FIRST_NAME      LAST_NAME       EMAIL      PHONE_NUMBER         HIRE_DATE JOB_ID         SALARY COMMISSION_PCT MANAGER_ID DEPARTMENT_ID                                          
---------- ----------- --------------- --------------- ---------- -------------------- --------- ---------- ---------- -------------- ---------- -------------                                          
         1         100 Steven          King            SKING      515.123.4567         17-JUL-87 AD_PRES         24000                                      90                                          
         2         101 Neena           Kochhar         NKOCHHAR   515.123.4568         21-SEP-89 AD_VP           17000                       100            90                                          
         3         102 Lex             De Haan         LDEHAAN    515.123.4569         13-JAN-93 AD_VP           17000                       100            90                                          
         4         103 Alexander       Hunold          AHUNOLD    590.423.4567         03-JAN-90 IT_PROG          9000                       102            60                                          
         5         104 Bruce           Ernst           BERNST     590.423.4568         21-MAY-91 IT_PROG          6000                       103            60                                          
         6         107 Diana           Lorentz         DLORENTZ   590.423.5567         07-FEB-99 IT_PROG          4200                       103            60                                          
         7         124 Kevin           Mourgos         KMOURGOS   650.123.5234         16-NOV-99 ST_MAN           5800                       100            50                                          
         8         141 Trenna          Rajs            TRAJS      650.121.8009         17-OCT-95 ST_CLERK         3500                       124            50                                          
         9         142 Curtis          Davies          CDAVIES    650.121.2994         29-JAN-97 ST_CLERK         3100                       124            50                                          
        10         143 Randall         Matos           RMATOS     650.121.2874         15-MAR-98 ST_CLERK         2600                       124            50                                          
        11         144 Peter           Vargas          PVARGAS    650.121.2004         09-JUL-98 ST_CLERK         2500                       124            50                                          
        12         149 Eleni           Zlotkey         EZLOTKEY   011.44.1344.429018   29-JAN-00 SA_MAN          10500             .2        100            80                                          
        13         174 Ellen           Abel            EABEL      011.44.1644.429267   11-MAY-96 SA_REP          11000             .3        149            80                                          
        14         176 Jonathon        Taylor          JTAYLOR    011.44.1644.429265   24-MAR-98 SA_REP           8600             .3        149            80                                          
        15         178 Kimerely        Grant           KGRANT     011.44.1644.429263   24-MAY-99 SA_REP           7000            .15        149                                                        
        16         200 Jennifer        Whalen          JWHALEN    515.123.4444         17-SEP-87 AD_ASST          4400                       101            10                                          
        17         201 Michael         Hartstein       MHARTSTE   515.123.5555         17-FEB-96 MK_MAN          13000                       100            20                                          
        18         202 Pat             Fay             PFAY       603.123.6666         17-AUG-97 MK_REP           6000                       201            20                                          
        19         205 Shelley         Higgins         SHIGGINS   515.123.8080         07-JUN-94 AC_MGR          12000                       101           110                                          
        20         206 William         Gietz           WGIETZ     515.123.8181         07-JUN-94 AC_ACCOUNT       8300                       205           110                                          

20 rows selected.

SQL> SELECT SALARY PAYMENT FROM EMPLOYEES;

   PAYMENT                                                                                                                                                                                              
----------                                                                                                                                                                                              
     24000                                                                                                                                                                                              
     17000                                                                                                                                                                                              
     17000                                                                                                                                                                                              
      9000                                                                                                                                                                                              
      6000                                                                                                                                                                                              
      4200                                                                                                                                                                                              
      5800                                                                                                                                                                                              
      3500                                                                                                                                                                                              
      3100                                                                                                                                                                                              
      2600                                                                                                                                                                                              
      2500                                                                                                                                                                                              
     10500                                                                                                                                                                                              
     11000                                                                                                                                                                                              
      8600                                                                                                                                                                                              
      7000                                                                                                                                                                                              
      4400                                                                                                                                                                                              
     13000                                                                                                                                                                                              
      6000                                                                                                                                                                                              
     12000                                                                                                                                                                                              
      8300                                                                                                                                                                                              

20 rows selected.

SQL> SELECT ROWNUM , E.* FROM EMPLOYEES E;

    ROWNUM EMPLOYEE_ID FIRST_NAME      LAST_NAME       EMAIL      PHONE_NUMBER         HIRE_DATE JOB_ID         SALARY COMMISSION_PCT MANAGER_ID DEPARTMENT_ID                                          
---------- ----------- --------------- --------------- ---------- -------------------- --------- ---------- ---------- -------------- ---------- -------------                                          
         1         100 Steven          King            SKING      515.123.4567         17-JUL-87 AD_PRES         24000                                      90                                          
         2         101 Neena           Kochhar         NKOCHHAR   515.123.4568         21-SEP-89 AD_VP           17000                       100            90                                          
         3         102 Lex             De Haan         LDEHAAN    515.123.4569         13-JAN-93 AD_VP           17000                       100            90                                          
         4         103 Alexander       Hunold          AHUNOLD    590.423.4567         03-JAN-90 IT_PROG          9000                       102            60                                          
         5         104 Bruce           Ernst           BERNST     590.423.4568         21-MAY-91 IT_PROG          6000                       103            60                                          
         6         107 Diana           Lorentz         DLORENTZ   590.423.5567         07-FEB-99 IT_PROG          4200                       103            60                                          
         7         124 Kevin           Mourgos         KMOURGOS   650.123.5234         16-NOV-99 ST_MAN           5800                       100            50                                          
         8         141 Trenna          Rajs            TRAJS      650.121.8009         17-OCT-95 ST_CLERK         3500                       124            50                                          
         9         142 Curtis          Davies          CDAVIES    650.121.2994         29-JAN-97 ST_CLERK         3100                       124            50                                          
        10         143 Randall         Matos           RMATOS     650.121.2874         15-MAR-98 ST_CLERK         2600                       124            50                                          
        11         144 Peter           Vargas          PVARGAS    650.121.2004         09-JUL-98 ST_CLERK         2500                       124            50                                          
        12         149 Eleni           Zlotkey         EZLOTKEY   011.44.1344.429018   29-JAN-00 SA_MAN          10500             .2        100            80                                          
        13         174 Ellen           Abel            EABEL      011.44.1644.429267   11-MAY-96 SA_REP          11000             .3        149            80                                          
        14         176 Jonathon        Taylor          JTAYLOR    011.44.1644.429265   24-MAR-98 SA_REP           8600             .3        149            80                                          
        15         178 Kimerely        Grant           KGRANT     011.44.1644.429263   24-MAY-99 SA_REP           7000            .15        149                                                        
        16         200 Jennifer        Whalen          JWHALEN    515.123.4444         17-SEP-87 AD_ASST          4400                       101            10                                          
        17         201 Michael         Hartstein       MHARTSTE   515.123.5555         17-FEB-96 MK_MAN          13000                       100            20                                          
        18         202 Pat             Fay             PFAY       603.123.6666         17-AUG-97 MK_REP           6000                       201            20                                          
        19         205 Shelley         Higgins         SHIGGINS   515.123.8080         07-JUN-94 AC_MGR          12000                       101           110                                          
        20         206 William         Gietz           WGIETZ     515.123.8181         07-JUN-94 AC_ACCOUNT       8300                       205           110                                          

20 rows selected.

SQL> SELECT ROWNUM , EMPLOYEES.* FROM EMPLOYEES E;
SELECT ROWNUM , EMPLOYEES.* FROM EMPLOYEES E
                          *
ERROR at line 1:
ORA-00904: "EMPLOYEES": invalid identifier 


SQL> SELECT ROWNUM , E.* FROM EMPLOYEES;
SELECT ROWNUM , E.* FROM EMPLOYEES
                  *
ERROR at line 1:
ORA-00904: "E": invalid identifier 


SQL> SELECT ROWNUM , *.E FROM EMPLOYEES;
SELECT ROWNUM , *.E FROM EMPLOYEES
                *
ERROR at line 1:
ORA-00936: missing expression 


SQL> SELECT ROWNUM , *.E FROM EMPLOYEES W;
SELECT ROWNUM , *.E FROM EMPLOYEES W
                *
ERROR at line 1:
ORA-00936: missing expression 


SQL> SELECT ROWNUM , *.E FROM EMPLOYEES E;
SELECT ROWNUM , *.E FROM EMPLOYEES E
                *
ERROR at line 1:
ORA-00936: missing expression 


SQL> SELECT * FROM REGIONS;

 REGION_ID REGION_NAME                                                                                                                                                                                  
---------- -------------------------                                                                                                                                                                    
         1 Europe                                                                                                                                                                                       
         2 Americas                                                                                                                                                                                     
         3 Asia                                                                                                                                                                                         
         4 Middle East and Africa                                                                                                                                                                       

SQL> SELECT REGION_ID , REGION_NAME FROM REGIONS;

 REGION_ID REGION_NAME                                                                                                                                                                                  
---------- -------------------------                                                                                                                                                                    
         1 Europe                                                                                                                                                                                       
         2 Americas                                                                                                                                                                                     
         3 Asia                                                                                                                                                                                         
         4 Middle East and Africa                                                                                                                                                                       

SQL> SELECT * FROM DEPARTMENTS;

DEPARTMENT_ID DEPARTMENT_NAME                MANAGER_ID LOCATION_ID                                                                                                                                     
------------- ------------------------------ ---------- -----------                                                                                                                                     
           10 Administration                        200        1700                                                                                                                                     
           20 Marketing                             201        1800                                                                                                                                     
           50 Shiping                               124        1500                                                                                                                                     
           60 IT                                    103        1400                                                                                                                                     
           80 Sales                                 149        2500                                                                                                                                     
           90 Executive                             100        1700                                                                                                                                     
          110 Accounting                            205        1700                                                                                                                                     
          190 Contracting                                      1700                                                                                                                                     

8 rows selected.

SQL> SELECT DEPARTMENT_ID , DEPARTMENT_NAME , MANAGER_ID , LOCATION_ID FROM DEPARTMENTS;

DEPARTMENT_ID DEPARTMENT_NAME                MANAGER_ID LOCATION_ID                                                                                                                                     
------------- ------------------------------ ---------- -----------                                                                                                                                     
           10 Administration                        200        1700                                                                                                                                     
           20 Marketing                             201        1800                                                                                                                                     
           50 Shiping                               124        1500                                                                                                                                     
           60 IT                                    103        1400                                                                                                                                     
           80 Sales                                 149        2500                                                                                                                                     
           90 Executive                             100        1700                                                                                                                                     
          110 Accounting                            205        1700                                                                                                                                     
          190 Contracting                                      1700                                                                                                                                     

8 rows selected.

SQL> SELECT * FROM EMPLOYEES;;
SELECT * FROM EMPLOYEES;
                       *
ERROR at line 1:
ORA-00933: SQL command not properly ended 


SQL> SELECT * FROM EMPLOYEES;

EMPLOYEE_ID FIRST_NAME      LAST_NAME       EMAIL      PHONE_NUMBER         HIRE_DATE JOB_ID         SALARY COMMISSION_PCT MANAGER_ID DEPARTMENT_ID                                                     
----------- --------------- --------------- ---------- -------------------- --------- ---------- ---------- -------------- ---------- -------------                                                     
        100 Steven          King            SKING      515.123.4567         17-JUL-87 AD_PRES         24000                                      90                                                     
        101 Neena           Kochhar         NKOCHHAR   515.123.4568         21-SEP-89 AD_VP           17000                       100            90                                                     
        102 Lex             De Haan         LDEHAAN    515.123.4569         13-JAN-93 AD_VP           17000                       100            90                                                     
        103 Alexander       Hunold          AHUNOLD    590.423.4567         03-JAN-90 IT_PROG          9000                       102            60                                                     
        104 Bruce           Ernst           BERNST     590.423.4568         21-MAY-91 IT_PROG          6000                       103            60                                                     
        107 Diana           Lorentz         DLORENTZ   590.423.5567         07-FEB-99 IT_PROG          4200                       103            60                                                     
        124 Kevin           Mourgos         KMOURGOS   650.123.5234         16-NOV-99 ST_MAN           5800                       100            50                                                     
        141 Trenna          Rajs            TRAJS      650.121.8009         17-OCT-95 ST_CLERK         3500                       124            50                                                     
        142 Curtis          Davies          CDAVIES    650.121.2994         29-JAN-97 ST_CLERK         3100                       124            50                                                     
        143 Randall         Matos           RMATOS     650.121.2874         15-MAR-98 ST_CLERK         2600                       124            50                                                     
        144 Peter           Vargas          PVARGAS    650.121.2004         09-JUL-98 ST_CLERK         2500                       124            50                                                     
        149 Eleni           Zlotkey         EZLOTKEY   011.44.1344.429018   29-JAN-00 SA_MAN          10500             .2        100            80                                                     
        174 Ellen           Abel            EABEL      011.44.1644.429267   11-MAY-96 SA_REP          11000             .3        149            80                                                     
        176 Jonathon        Taylor          JTAYLOR    011.44.1644.429265   24-MAR-98 SA_REP           8600             .3        149            80                                                     
        178 Kimerely        Grant           KGRANT     011.44.1644.429263   24-MAY-99 SA_REP           7000            .15        149                                                                   
        200 Jennifer        Whalen          JWHALEN    515.123.4444         17-SEP-87 AD_ASST          4400                       101            10                                                     
        201 Michael         Hartstein       MHARTSTE   515.123.5555         17-FEB-96 MK_MAN          13000                       100            20                                                     
        202 Pat             Fay             PFAY       603.123.6666         17-AUG-97 MK_REP           6000                       201            20                                                     
        205 Shelley         Higgins         SHIGGINS   515.123.8080         07-JUN-94 AC_MGR          12000                       101           110                                                     
        206 William         Gietz           WGIETZ     515.123.8181         07-JUN-94 AC_ACCOUNT       8300                       205           110                                                     

20 rows selected.

SQL> SELECT * FROM DEPARTMENTS;

DEPARTMENT_ID DEPARTMENT_NAME                MANAGER_ID LOCATION_ID                                                                                                                                     
------------- ------------------------------ ---------- -----------                                                                                                                                     
           10 Administration                        200        1700                                                                                                                                     
           20 Marketing                             201        1800                                                                                                                                     
           50 Shiping                               124        1500                                                                                                                                     
           60 IT                                    103        1400                                                                                                                                     
           80 Sales                                 149        2500                                                                                                                                     
           90 Executive                             100        1700                                                                                                                                     
          110 Accounting                            205        1700                                                                                                                                     
          190 Contracting                                      1700                                                                                                                                     

8 rows selected.

SQL> SELECT DEPARTMENT_ID , DEPARTMENT_NAME , MANAGER_ID , LOCATION_ID FROM DEPARTMENTS;

DEPARTMENT_ID DEPARTMENT_NAME                MANAGER_ID LOCATION_ID                                                                                                                                     
------------- ------------------------------ ---------- -----------                                                                                                                                     
           10 Administration                        200        1700                                                                                                                                     
           20 Marketing                             201        1800                                                                                                                                     
           50 Shiping                               124        1500                                                                                                                                     
           60 IT                                    103        1400                                                                                                                                     
           80 Sales                                 149        2500                                                                                                                                     
           90 Executive                             100        1700                                                                                                                                     
          110 Accounting                            205        1700                                                                                                                                     
          190 Contracting                                      1700                                                                                                                                     

8 rows selected.

SQL> SELECT DEPARTMENT_NAME , DEPARTMENT_ID , LOCATION_ID ,  MANAGER_ID FROM DEPARTMENTS;

DEPARTMENT_NAME                DEPARTMENT_ID LOCATION_ID MANAGER_ID                                                                                                                                     
------------------------------ ------------- ----------- ----------                                                                                                                                     
Administration                            10        1700        200                                                                                                                                     
Marketing                                 20        1800        201                                                                                                                                     
Shiping                                   50        1500        124                                                                                                                                     
IT                                        60        1400        103                                                                                                                                     
Sales                                     80        2500        149                                                                                                                                     
Executive                                 90        1700        100                                                                                                                                     
Accounting                               110        1700        205                                                                                                                                     
Contracting                              190        1700                                                                                                                                                

8 rows selected.

SQL> REM ROWNUM , ROWID : ARE PSEUDOCOLUMNS
SQL> 
SQL> REM PSEUDOCOLUMNS ARE THE VARIABLES WHICH ARE DECLARED, INITIALIZED, USED/REFERRED AND DISCARDED BY ORACLE AS AND WHEN REQUIRED.
SQL> 
SQL> 
SQL> REM ROWNUM IS USED FOR GENERATING SERIAL NUMBERS FOR THE ROWS.
SQL> 
SQL> REM ROWID IS UNIQUE ROW ADDRESS OF EACH ROW.
SQL> 
SQL> SELECT * FROM EMPLOYEES;

EMPLOYEE_ID FIRST_NAME      LAST_NAME       EMAIL      PHONE_NUMBER         HIRE_DATE JOB_ID         SALARY COMMISSION_PCT MANAGER_ID DEPARTMENT_ID                                                     
----------- --------------- --------------- ---------- -------------------- --------- ---------- ---------- -------------- ---------- -------------                                                     
        100 Steven          King            SKING      515.123.4567         17-JUL-87 AD_PRES         24000                                      90                                                     
        101 Neena           Kochhar         NKOCHHAR   515.123.4568         21-SEP-89 AD_VP           17000                       100            90                                                     
        102 Lex             De Haan         LDEHAAN    515.123.4569         13-JAN-93 AD_VP           17000                       100            90                                                     
        103 Alexander       Hunold          AHUNOLD    590.423.4567         03-JAN-90 IT_PROG          9000                       102            60                                                     
        104 Bruce           Ernst           BERNST     590.423.4568         21-MAY-91 IT_PROG          6000                       103            60                                                     
        107 Diana           Lorentz         DLORENTZ   590.423.5567         07-FEB-99 IT_PROG          4200                       103            60                                                     
        124 Kevin           Mourgos         KMOURGOS   650.123.5234         16-NOV-99 ST_MAN           5800                       100            50                                                     
        141 Trenna          Rajs            TRAJS      650.121.8009         17-OCT-95 ST_CLERK         3500                       124            50                                                     
        142 Curtis          Davies          CDAVIES    650.121.2994         29-JAN-97 ST_CLERK         3100                       124            50                                                     
        143 Randall         Matos           RMATOS     650.121.2874         15-MAR-98 ST_CLERK         2600                       124            50                                                     
        144 Peter           Vargas          PVARGAS    650.121.2004         09-JUL-98 ST_CLERK         2500                       124            50                                                     
        149 Eleni           Zlotkey         EZLOTKEY   011.44.1344.429018   29-JAN-00 SA_MAN          10500             .2        100            80                                                     
        174 Ellen           Abel            EABEL      011.44.1644.429267   11-MAY-96 SA_REP          11000             .3        149            80                                                     
        176 Jonathon        Taylor          JTAYLOR    011.44.1644.429265   24-MAR-98 SA_REP           8600             .3        149            80                                                     
        178 Kimerely        Grant           KGRANT     011.44.1644.429263   24-MAY-99 SA_REP           7000            .15        149                                                                   
        200 Jennifer        Whalen          JWHALEN    515.123.4444         17-SEP-87 AD_ASST          4400                       101            10                                                     
        201 Michael         Hartstein       MHARTSTE   515.123.5555         17-FEB-96 MK_MAN          13000                       100            20                                                     
        202 Pat             Fay             PFAY       603.123.6666         17-AUG-97 MK_REP           6000                       201            20                                                     
        205 Shelley         Higgins         SHIGGINS   515.123.8080         07-JUN-94 AC_MGR          12000                       101           110                                                     
        206 William         Gietz           WGIETZ     515.123.8181         07-JUN-94 AC_ACCOUNT       8300                       205           110                                                     

20 rows selected.

SQL> SELECT ROWNUM , * FROM EMPLOYEES;
SELECT ROWNUM , * FROM EMPLOYEES
                *
ERROR at line 1:
ORA-00936: missing expression 


SQL> SELECT ROWNUM , E.* FROM EMPLOYEES;
SELECT ROWNUM , E.* FROM EMPLOYEES
                  *
ERROR at line 1:
ORA-00904: "E": invalid identifier 


SQL> SELECT ROWNUM , E.* FROM EMPLOYEES E;

    ROWNUM EMPLOYEE_ID FIRST_NAME      LAST_NAME       EMAIL      PHONE_NUMBER         HIRE_DATE JOB_ID         SALARY COMMISSION_PCT MANAGER_ID DEPARTMENT_ID                                          
---------- ----------- --------------- --------------- ---------- -------------------- --------- ---------- ---------- -------------- ---------- -------------                                          
         1         100 Steven          King            SKING      515.123.4567         17-JUL-87 AD_PRES         24000                                      90                                          
         2         101 Neena           Kochhar         NKOCHHAR   515.123.4568         21-SEP-89 AD_VP           17000                       100            90                                          
         3         102 Lex             De Haan         LDEHAAN    515.123.4569         13-JAN-93 AD_VP           17000                       100            90                                          
         4         103 Alexander       Hunold          AHUNOLD    590.423.4567         03-JAN-90 IT_PROG          9000                       102            60                                          
         5         104 Bruce           Ernst           BERNST     590.423.4568         21-MAY-91 IT_PROG          6000                       103            60                                          
         6         107 Diana           Lorentz         DLORENTZ   590.423.5567         07-FEB-99 IT_PROG          4200                       103            60                                          
         7         124 Kevin           Mourgos         KMOURGOS   650.123.5234         16-NOV-99 ST_MAN           5800                       100            50                                          
         8         141 Trenna          Rajs            TRAJS      650.121.8009         17-OCT-95 ST_CLERK         3500                       124            50                                          
         9         142 Curtis          Davies          CDAVIES    650.121.2994         29-JAN-97 ST_CLERK         3100                       124            50                                          
        10         143 Randall         Matos           RMATOS     650.121.2874         15-MAR-98 ST_CLERK         2600                       124            50                                          
        11         144 Peter           Vargas          PVARGAS    650.121.2004         09-JUL-98 ST_CLERK         2500                       124            50                                          
        12         149 Eleni           Zlotkey         EZLOTKEY   011.44.1344.429018   29-JAN-00 SA_MAN          10500             .2        100            80                                          
        13         174 Ellen           Abel            EABEL      011.44.1644.429267   11-MAY-96 SA_REP          11000             .3        149            80                                          
        14         176 Jonathon        Taylor          JTAYLOR    011.44.1644.429265   24-MAR-98 SA_REP           8600             .3        149            80                                          
        15         178 Kimerely        Grant           KGRANT     011.44.1644.429263   24-MAY-99 SA_REP           7000            .15        149                                                        
        16         200 Jennifer        Whalen          JWHALEN    515.123.4444         17-SEP-87 AD_ASST          4400                       101            10                                          
        17         201 Michael         Hartstein       MHARTSTE   515.123.5555         17-FEB-96 MK_MAN          13000                       100            20                                          
        18         202 Pat             Fay             PFAY       603.123.6666         17-AUG-97 MK_REP           6000                       201            20                                          
        19         205 Shelley         Higgins         SHIGGINS   515.123.8080         07-JUN-94 AC_MGR          12000                       101           110                                          
        20         206 William         Gietz           WGIETZ     515.123.8181         07-JUN-94 AC_ACCOUNT       8300                       205           110                                          

20 rows selected.

SQL> SELECT ROWNUM , EMPLOYEES.* FROM EMPLOYEES E;
SELECT ROWNUM , EMPLOYEES.* FROM EMPLOYEES E
                          *
ERROR at line 1:
ORA-00904: "EMPLOYEES": invalid identifier 


SQL> SELECT ROWID , E.* FROM EMPLOYEES E;

ROWID              EMPLOYEE_ID FIRST_NAME      LAST_NAME       EMAIL      PHONE_NUMBER         HIRE_DATE JOB_ID         SALARY COMMISSION_PCT MANAGER_ID DEPARTMENT_ID                                  
------------------ ----------- --------------- --------------- ---------- -------------------- --------- ---------- ---------- -------------- ---------- -------------                                  
AAAeCSAAHAAAA2XAAA         100 Steven          King            SKING      515.123.4567         17-JUL-87 AD_PRES         24000                                      90                                  
AAAeCSAAHAAAA2XAAB         101 Neena           Kochhar         NKOCHHAR   515.123.4568         21-SEP-89 AD_VP           17000                       100            90                                  
AAAeCSAAHAAAA2XAAC         102 Lex             De Haan         LDEHAAN    515.123.4569         13-JAN-93 AD_VP           17000                       100            90                                  
AAAeCSAAHAAAA2XAAD         103 Alexander       Hunold          AHUNOLD    590.423.4567         03-JAN-90 IT_PROG          9000                       102            60                                  
AAAeCSAAHAAAA2XAAE         104 Bruce           Ernst           BERNST     590.423.4568         21-MAY-91 IT_PROG          6000                       103            60                                  
AAAeCSAAHAAAA2XAAF         107 Diana           Lorentz         DLORENTZ   590.423.5567         07-FEB-99 IT_PROG          4200                       103            60                                  
AAAeCSAAHAAAA2XAAG         124 Kevin           Mourgos         KMOURGOS   650.123.5234         16-NOV-99 ST_MAN           5800                       100            50                                  
AAAeCSAAHAAAA2XAAH         141 Trenna          Rajs            TRAJS      650.121.8009         17-OCT-95 ST_CLERK         3500                       124            50                                  
AAAeCSAAHAAAA2XAAI         142 Curtis          Davies          CDAVIES    650.121.2994         29-JAN-97 ST_CLERK         3100                       124            50                                  
AAAeCSAAHAAAA2XAAJ         143 Randall         Matos           RMATOS     650.121.2874         15-MAR-98 ST_CLERK         2600                       124            50                                  
AAAeCSAAHAAAA2XAAK         144 Peter           Vargas          PVARGAS    650.121.2004         09-JUL-98 ST_CLERK         2500                       124            50                                  
AAAeCSAAHAAAA2XAAL         149 Eleni           Zlotkey         EZLOTKEY   011.44.1344.429018   29-JAN-00 SA_MAN          10500             .2        100            80                                  
AAAeCSAAHAAAA2XAAM         174 Ellen           Abel            EABEL      011.44.1644.429267   11-MAY-96 SA_REP          11000             .3        149            80                                  
AAAeCSAAHAAAA2XAAN         176 Jonathon        Taylor          JTAYLOR    011.44.1644.429265   24-MAR-98 SA_REP           8600             .3        149            80                                  
AAAeCSAAHAAAA2XAAO         178 Kimerely        Grant           KGRANT     011.44.1644.429263   24-MAY-99 SA_REP           7000            .15        149                                                
AAAeCSAAHAAAA2XAAP         200 Jennifer        Whalen          JWHALEN    515.123.4444         17-SEP-87 AD_ASST          4400                       101            10                                  
AAAeCSAAHAAAA2XAAQ         201 Michael         Hartstein       MHARTSTE   515.123.5555         17-FEB-96 MK_MAN          13000                       100            20                                  
AAAeCSAAHAAAA2XAAR         202 Pat             Fay             PFAY       603.123.6666         17-AUG-97 MK_REP           6000                       201            20                                  
AAAeCSAAHAAAA2XAAS         205 Shelley         Higgins         SHIGGINS   515.123.8080         07-JUN-94 AC_MGR          12000                       101           110                                  
AAAeCSAAHAAAA2XAAT         206 William         Gietz           WGIETZ     515.123.8181         07-JUN-94 AC_ACCOUNT       8300                       205           110                                  

20 rows selected.

SQL> SELECT * , SALARY * 12 FROM EMPLOYEES;
SELECT * , SALARY * 12 FROM EMPLOYEES
         *
ERROR at line 1:
ORA-00923: FROM keyword not found where expected 


SQL> 
SQL> SELECT E.* , SALARY * 12 FROM EMPLOYEES E;

EMPLOYEE_ID FIRST_NAME      LAST_NAME       EMAIL      PHONE_NUMBER         HIRE_DATE JOB_ID         SALARY COMMISSION_PCT MANAGER_ID DEPARTMENT_ID  SALARY*12                                          
----------- --------------- --------------- ---------- -------------------- --------- ---------- ---------- -------------- ---------- ------------- ----------                                          
        100 Steven          King            SKING      515.123.4567         17-JUL-87 AD_PRES         24000                                      90     288000                                          
        101 Neena           Kochhar         NKOCHHAR   515.123.4568         21-SEP-89 AD_VP           17000                       100            90     204000                                          
        102 Lex             De Haan         LDEHAAN    515.123.4569         13-JAN-93 AD_VP           17000                       100            90     204000                                          
        103 Alexander       Hunold          AHUNOLD    590.423.4567         03-JAN-90 IT_PROG          9000                       102            60     108000                                          
        104 Bruce           Ernst           BERNST     590.423.4568         21-MAY-91 IT_PROG          6000                       103            60      72000                                          
        107 Diana           Lorentz         DLORENTZ   590.423.5567         07-FEB-99 IT_PROG          4200                       103            60      50400                                          
        124 Kevin           Mourgos         KMOURGOS   650.123.5234         16-NOV-99 ST_MAN           5800                       100            50      69600                                          
        141 Trenna          Rajs            TRAJS      650.121.8009         17-OCT-95 ST_CLERK         3500                       124            50      42000                                          
        142 Curtis          Davies          CDAVIES    650.121.2994         29-JAN-97 ST_CLERK         3100                       124            50      37200                                          
        143 Randall         Matos           RMATOS     650.121.2874         15-MAR-98 ST_CLERK         2600                       124            50      31200                                          
        144 Peter           Vargas          PVARGAS    650.121.2004         09-JUL-98 ST_CLERK         2500                       124            50      30000                                          
        149 Eleni           Zlotkey         EZLOTKEY   011.44.1344.429018   29-JAN-00 SA_MAN          10500             .2        100            80     126000                                          
        174 Ellen           Abel            EABEL      011.44.1644.429267   11-MAY-96 SA_REP          11000             .3        149            80     132000                                          
        176 Jonathon        Taylor          JTAYLOR    011.44.1644.429265   24-MAR-98 SA_REP           8600             .3        149            80     103200                                          
        178 Kimerely        Grant           KGRANT     011.44.1644.429263   24-MAY-99 SA_REP           7000            .15        149                    84000                                          
        200 Jennifer        Whalen          JWHALEN    515.123.4444         17-SEP-87 AD_ASST          4400                       101            10      52800                                          
        201 Michael         Hartstein       MHARTSTE   515.123.5555         17-FEB-96 MK_MAN          13000                       100            20     156000                                          
        202 Pat             Fay             PFAY       603.123.6666         17-AUG-97 MK_REP           6000                       201            20      72000                                          
        205 Shelley         Higgins         SHIGGINS   515.123.8080         07-JUN-94 AC_MGR          12000                       101           110     144000                                          
        206 William         Gietz           WGIETZ     515.123.8181         07-JUN-94 AC_ACCOUNT       8300                       205           110      99600                                          

20 rows selected.

SQL> SELECT 6 *  4 FROM DUAL;

       6*4                                                                                                                                                                                              
----------                                                                                                                                                                                              
        24                                                                                                                                                                                              

SQL> SELECT 6 *  4 FROM EMPLOYEES;

       6*4                                                                                                                                                                                              
----------                                                                                                                                                                                              
        24                                                                                                                                                                                              
        24                                                                                                                                                                                              
        24                                                                                                                                                                                              
        24                                                                                                                                                                                              
        24                                                                                                                                                                                              
        24                                                                                                                                                                                              
        24                                                                                                                                                                                              
        24                                                                                                                                                                                              
        24                                                                                                                                                                                              
        24                                                                                                                                                                                              
        24                                                                                                                                                                                              
        24                                                                                                                                                                                              
        24                                                                                                                                                                                              
        24                                                                                                                                                                                              
        24                                                                                                                                                                                              
        24                                                                                                                                                                                              
        24                                                                                                                                                                                              
        24                                                                                                                                                                                              
        24                                                                                                                                                                                              
        24                                                                                                                                                                                              

20 rows selected.

SQL> SELECT DISTINCT 6 * 4 FROM EMPLOYEES;

       6*4                                                                                                                                                                                              
----------                                                                                                                                                                                              
        24                                                                                                                                                                                              

SQL> SELECT 6 *  4 FROM DUAL;

       6*4                                                                                                                                                                                              
----------                                                                                                                                                                                              
        24                                                                                                                                                                                              

SQL> SPOOL OFF
