SQL> 
SQL> CL SCR 

SQL> REM 22 DISPLAY FIRST_NAME , HIRE_DATE AND 'FIRST' IF EMPLOYEE IS HIRED IN FIRST HALF OF QUARTER ELSE 'SECOND'. (USING DECODE)
SQL> 
SQL> SELECT FIRST_NAME , HIRE_DATE ,
  2  DECODE(TRUNC(HIRE_DATE,'Q') ,ROUND(HIRE_DATE,'Q'),'FIRST','SECOND') "QTR"
  3  FROM EMPLOYEES;

FIRST_NAME HIRE_DATE QTR                                                                                                                                                                                
---------- --------- ------                                                                                                                                                                             
Steven     17-JUL-87 FIRST                                                                                                                                                                              
Neena      21-SEP-89 SECOND                                                                                                                                                                             
Lex        13-JAN-93 FIRST                                                                                                                                                                              
Alexander  03-JAN-90 FIRST                                                                                                                                                                              
Bruce      21-MAY-91 SECOND                                                                                                                                                                             
Diana      07-FEB-99 FIRST                                                                                                                                                                              
Kevin      16-NOV-99 SECOND                                                                                                                                                                             
Trenna     17-OCT-95 FIRST                                                                                                                                                                              
Curtis     29-JAN-97 FIRST                                                                                                                                                                              
Randall    15-MAR-98 SECOND                                                                                                                                                                             
Peter      09-JUL-98 FIRST                                                                                                                                                                              
Eleni      29-JAN-00 FIRST                                                                                                                                                                              
Ellen      11-MAY-96 FIRST                                                                                                                                                                              
Jonathon   24-MAR-98 SECOND                                                                                                                                                                             
Kimerely   24-MAY-99 SECOND                                                                                                                                                                             
Jennifer   17-SEP-87 SECOND                                                                                                                                                                             
Michael    17-FEB-96 SECOND                                                                                                                                                                             
Pat        17-AUG-97 SECOND                                                                                                                                                                             
Shelley    07-JUN-94 SECOND                                                                                                                                                                             
William    07-JUN-94 SECOND                                                                                                                                                                             

20 rows selected.

SQL> REM CONVERSION FUNCTION :
SQL> 
SQL> REM CONVERSION FUNCTION : TO CONVERT A VALUE FROM ONE DATA TYPE TO ANOTHER DATA TYPE
SQL> 
SQL> REM LIST OF CONVERSION FUNCTIONS : 1 TO_NUMBER 2 TO_DATE 3 TO_CHAR
SQL> 
SQL> REM TO -> CONVERT IT TO
SQL> 
SQL> REM TO_NUMBER : TO CONVERT CHARACTER TYPE VALUE INTO NUMBER TYPE VALUE
SQL> 
SQL> REM TO_DATE : TO CONVERT CHARACTER TYPE VALUE INTO DATE TYPE VALUE
SQL> 
SQL> REM TO_CHAR : TO CONVERT NUMBER OR DATE TYPE VALUE INTO CHARACTER TYPE VALUE
SQL> 
SQL> REM TO_NUMBER : TO CONVERT CHARACTER TYPE VALUE INTO NUMBER TYPE VALUE
SQL> 
SQL> REM 1 FOR CALCULATION 2 FOR COMPARISON
SQL>
SQL> REM TO_NUMBER FOR CALCULATION
SQL> 
SQL> SELECT 12000 + 345.67 FROM DUAL;

12000+345.67                                                                                                                                                                                            
------------                                                                                                                                                                                            
    12345.67                                                                                                                                                                                            

SQL> SELECT '12000' + 345.67 FROM DUAL;

'12000'+345.67                                                                                                                                                                                          
--------------                                                                                                                                                                                          
      12345.67                                                                                                                                                                                          

SQL> SELECT '12000.00' + 345.67 FROM DUAL;

'12000.00'+345.67                                                                                                                                                                                       
-----------------                                                                                                                                                                                       
         12345.67                                                                                                                                                                                       

SQL> SELECT '+12000.00' + 345.67 FROM DUAL;

'+12000.00'+345.67                                                                                                                                                                                      
------------------                                                                                                                                                                                      
          12345.67                                                                                                                                                                                      

SQL> SELECT '-12000.00' + 345.67 FROM DUAL;

'-12000.00'+345.67                                                                                                                                                                                      
------------------                                                                                                                                                                                      
         -11654.33                                                                                                                                                                                      
+
SQL> SELECT '12,000.00' + 345.67 FROM DUAL;
SELECT '12,000.00' + 345.67 FROM DUAL
       *
ERROR at line 1:
ORA-01722: invalid number 


SQL> SELECT '$12000.00' + 345.67 FROM DUAL;
SELECT '$12000.00' + 345.67 FROM DUAL
       *
ERROR at line 1:
ORA-01722: invalid number 


SQL> SELECT '$12,000.00' + 345.67 FROM DUAL;
SELECT '$12,000.00' + 345.67 FROM DUAL
       *
ERROR at line 1:
ORA-01722: invalid number 


SQL> SELECT TO_NUMBER('12,000.00') + 345.67 FROM DUAL;
SELECT TO_NUMBER('12,000.00') + 345.67 FROM DUAL
                 *
ERROR at line 1:
ORA-01722: invalid number 

SQL> REM TO_NUMBER(VALUE,FORMAT)
SQL> 
SQL> REM VALID FORMAT CHARACTERS FOR NUMBERS : 9 0 S . , G D $ L U
SQL> 
SQL> SELECT TO_NUMBER('12,000.00','99,000.09') + 345.67 FROM DUAL;

TO_NUMBER('12,000.00','99,000.09')+345.67                                                                                                                                                               
-----------------------------------------                                                                                                                                                               
                                 12345.67                                                                                                                                                               

SQL> SELECT TO_NUMBER('12,000.00','99000.09') + 345.67 FROM DUAL;

TO_NUMBER('12,000.00','99000.09')+345.67                                                                                                                                                                
----------------------------------------                                                                                                                                                                
                                12345.67                                                                                                                                                                

SQL> SELECT TO_NUMBER('12,000.00','99,000.09') + 345.67 FROM DUAL;

TO_NUMBER('12,000.00','99,000.09')+345.67                                                                                                                                                               
-----------------------------------------                                                                                                                                                               
                                 12345.67                                                                                                                                                               

SQL> SELECT TO_NUMBER('12,000.00','99G000D09') + 345.67 FROM DUAL;

TO_NUMBER('12,000.00','99G000D09')+345.67                                                                                                                                                               
-----------------------------------------                                                                                                                                                               
                                 12345.67                                                                                                                                                               

SQL> REM G = GROUP SEPARATOR
SQL> 
SQL> REM D = DECIMAL SEPARATOR
SQL> 
SQL> SELECT TO_NUMBER('12,000.00','99G000.09') + 345.67 FROM DUAL;
SELECT TO_NUMBER('12,000.00','99G000.09') + 345.67 FROM DUAL
                             *
ERROR at line 1:
ORA-01481: invalid number format model 


SQL> SELECT TO_NUMBER('12,000.00','99,000.09') + 345.67 FROM DUAL;

TO_NUMBER('12,000.00','99,000.09')+345.67                                                                                                                                                               
-----------------------------------------                                                                                                                                                               
                                 12345.67                                                                                                                                                               

SQL> SELECT TO_NUMBER('12,000.00','99,000D09') + 345.67 FROM DUAL;
SELECT TO_NUMBER('12,000.00','99,000D09') + 345.67 FROM DUAL
                             *
ERROR at line 1:
ORA-01481: invalid number format model 

SQL> SELECT TO_NUMBER('+12000.00','S99000.09') + 345.67 FROM DUAL;

TO_NUMBER('+12000.00','S99000.09')+345.67                                                                                                                                                               
-----------------------------------------                                                                                                                                                               
                                 12345.67                                                                                                                                                               

SQL> SELECT TO_NUMBER('-12000.00','S99000.09') + 345.67 FROM DUAL;

TO_NUMBER('-12000.00','S99000.09')+345.67                                                                                                                                                               
-----------------------------------------                                                                                                                                                               
                                -11654.33                                                                                                                                                               

SQL> SELECT TO_NUMBER('$12000.00','$99000.09') + 345.67 FROM DUAL;

TO_NUMBER('$12000.00','$99000.09')+345.67                                                                                                                                                               
-----------------------------------------                                                                                                                                                               
                                 12345.67                                                                                                                                                               

SQL> SELECT TO_NUMBER('$12000.00','L99000.09') + 345.67 FROM DUAL;

TO_NUMBER('$12000.00','L99000.09')+345.67                                                                                                                                                               
-----------------------------------------                                                                                                                                                               
                                 12345.67                                                                                                                                                               

SQL> SELECT TO_NUMBER('$12000.00','U99000.09') + 345.67 FROM DUAL;

TO_NUMBER('$12000.00','U99000.09')+345.67                                                                                                                                                               
-----------------------------------------                                                                                                                                                               
                                 12345.67                                                                                                                                                               

SQL> REM L = LOCAL CURRENCY
SQL> 
SQL> REM U = EURO/DUAL CURRENCY
SQL> 
SQL> SELECT TO_NUMBER('$12,000.00','U99,000.09') + 345.67 FROM DUAL;

TO_NUMBER('$12,000.00','U99,000.09')+345.67                                                                                                                                                             
-------------------------------------------                                                                                                                                                             
                                   12345.67                                                                                                                                                             

SQL> SELECT TO_NUMBER('$12,000.00','U99G000D09') + 345.67 FROM DUAL;

TO_NUMBER('$12,000.00','U99G000D09')+345.67                                                                                                                                                             
------------------------------------------- `                                                                                                                                                            
                                   12345.67                                                                                                                                                             

SQL> REM TO_NUMBER FOR COMPARISON
SQL> 
SQL> SELECT FIRST_NAME , SALARY FROM EMPLOYEES WHERE SALARY > 10000;

FIRST_NAME     SALARY                                                                                                                                                                                   
---------- ----------                                                                                                                                                                                   
Steven          24000                                                                                                                                                                                   
Neena           17000                                                                                                                                                                                   
Lex             17000                                                                                                                                                                                   
Eleni           10500                                                                                                                                                                                   
Ellen           11000                                                                                                                                                                                   
Michael         13000                                                                                                                                                                                   
Shelley         12000                                                                                                                                                                                   

7 rows selected.

SQL> SELECT FIRST_NAME , SALARY FROM EMPLOYEES WHERE SALARY > 10000.00;

FIRST_NAME     SALARY                                                                                                                                                                                   
---------- ----------                                                                                                                                                                                   
Steven          24000                                                                                                                                                                                   
Neena           17000                                                                                                                                                                                   
Lex             17000                                                                                                                                                                                   
Eleni           10500                                                                                                                                                                                   
Ellen           11000                                                                                                                                                                                   
Michael         13000                                                                                                                                                                                   
Shelley         12000                                                                                                                                                                                   

7 rows selected.

SQL> SELECT FIRST_NAME , SALARY FROM EMPLOYEES WHERE SALARY > +10000.00;

FIRST_NAME     SALARY                                                                                                                                                                                   
---------- ----------                                                                                                                                                                                   
Steven          24000                                                                                                                                                                                   
Neena           17000                                                                                                                                                                                   
Lex             17000                                                                                                                                                                                   
Eleni           10500                                                                                                                                                                                   
Ellen           11000                                                                                                                                                                                   
Michael         13000                                                                                                                                                                                   
Shelley         12000                                                                                                                                                                                   

7 rows selected.

SQL> SELECT FIRST_NAME , SALARY FROM EMPLOYEES WHERE SALARY > +10,000.00;
SELECT FIRST_NAME , SALARY FROM EMPLOYEES WHERE SALARY > +10,000.00
                                                            *
ERROR at line 1:
ORA-00933: SQL command not properly ended 


SQL> SELECT FIRST_NAME , SALARY FROM EMPLOYEES WHERE SALARY > $10000.00;
SELECT FIRST_NAME , SALARY FROM EMPLOYEES WHERE SALARY > $10000.00
                                                         *
ERROR at line 1:
ORA-00911: invalid character 


SQL> SELECT FIRST_NAME , SALARY FROM EMPLOYEES WHERE SALARY > $10,000.00;
SELECT FIRST_NAME , SALARY FROM EMPLOYEES WHERE SALARY > $10,000.00
                                                         *
ERROR at line 1:
ORA-00911: invalid character 

SQL> SELECT FIRST_NAME , SALARY FROM EMPLOYEES WHERE SALARY > TO_NUMBER('10,000.00','90,090.09');

FIRST_NAME     SALARY                                                                                                                                                                                   
---------- ----------                                                                                                                                                                                   
Steven          24000                                                                                                                                                                                   
Neena           17000                                                                                                                                                                                   
Lex             17000                                                                                                                                                                                   
Eleni           10500                                                                                                                                                                                   
Ellen           11000                                                                                                                                                                                   
Michael         13000                                                                                                                                                                                   
Shelley         12000                                                                                                                                                                                   

7 rows selected.

SQL> SELECT FIRST_NAME , SALARY FROM EMPLOYEES WHERE SALARY > TO_NUMBER(10,000.00,'90,090.09');
SELECT FIRST_NAME , SALARY FROM EMPLOYEES WHERE SALARY > TO_NUMBER(10,000.00,'90,090.09')
                                *
ERROR at line 1:
ORA-12702: invalid NLS parameter string used in SQL function 


SQL> SELECT FIRST_NAME , SALARY FROM EMPLOYEES WHERE SALARY > TO_NUMBER('10,000.00',90,090.09);
SELECT FIRST_NAME , SALARY FROM EMPLOYEES WHERE SALARY > TO_NUMBER('10,000.00',90,090.09)
                                                                                  *
ERROR at line 1:
ORA-00932: inconsistent datatypes: expected NLS PARAMETER got NUMBER 


SQL> SELECT FIRST_NAME , SALARY FROM EMPLOYEES WHERE SALARY > TO_NUMBER('$10000.00','$90090.09');

FIRST_NAME     SALARY                                                                                                                                                                                   
---------- ----------                                                                                                                                                                                   
Steven          24000                                                                                                                                                                                   
Neena           17000                                                                                                                                                                                   
Lex             17000                                                                                                                                                                                   
Eleni           10500                                                                                                                                                                                   
Ellen           11000                                                                                                                                                                                   
Michael         13000                                                                                                                                                                                   
Shelley         12000                                                                                                                                                                                   

7 rows selected.

SQL> SELECT FIRST_NAME , SALARY FROM EMPLOYEES WHERE SALARY > TO_NUMBER('$10000.00','L90090.09');

FIRST_NAME     SALARY                                                                                                                                                                                   
---------- ----------                                                                                                                                                                                   
Steven          24000                                                                                                                                                                                   
Neena           17000                                                                                                                                                                                   
Lex             17000                                                                                                                                                                                   
Eleni           10500                                                                                                                                                                                   
Ellen           11000                                                                                                                                                                                   
Michael         13000                                                                                                                                                                                   
Shelley         12000                                                                                                                                                                                   

7 rows selected.

SQL> SELECT FIRST_NAME , SALARY FROM EMPLOYEES WHERE SALARY > TO_NUMBER('$10000.00','U90090.09');

FIRST_NAME     SALARY                                                                                                                                                                                   
---------- ----------                                                                                                                                                                                   
Steven          24000                                                                                                                                                                                   
Neena           17000                                                                                                                                                                                   
Lex             17000                                                                                                                                                                                   
Eleni           10500                                                                                                                                                                                   
Ellen           11000                                                                                                                                                                                   
Michael         13000                                                                                                                                                                                   
Shelley         12000                                                                                                                                                                                   

7 rows selected.

SQL> SELECT FIRST_NAME , SALARY FROM EMPLOYEES WHERE SALARY > TO_NUMBER('$10,000.00','U90,090.09');

FIRST_NAME     SALARY                                                                                                                                                                                   
---------- ----------                                                                                                                                                                                   
Steven          24000                                                                                                                                                                                   
Neena           17000                                                                                                                                                                                   
Lex             17000                                                                                                                                                                                   
Eleni           10500                                                                                                                                                                                   
Ellen           11000                                                                                                                                                                                   
Michael         13000                                                                                                                                                                                   
Shelley         12000                                                                                                                                                                                   

7 rows selected.

SQL> SELECT FIRST_NAME , SALARY FROM EMPLOYEES WHERE SALARY > TO_NUMBER('$10,000.00','U90G090D09');

FIRST_NAME     SALARY                                                                                                                                                                                   
---------- ----------                                                                                                                                                                                   
Steven          24000                                                                                                                                                                                   
Neena           17000                                                                                                                                                                                   
Lex             17000                                                                                                                                                                                   
Eleni           10500                                                                                                                                                                                   
Ellen           11000                                                                                                                                                                                   
Michael         13000                                                                                                                                                                                   
Shelley         12000                                                                                                                                                                                   

7 rows selected.

SQL> REM TO_DATE : TO CONVERT CHARACTER TYPE VALUE INTO DATE TYPE VALUE
SQL> 
SQL> REM PURPOSE : 1 FOR CALCULATION 2 FOR COMPARISON
SQL> 
SQL> REM TO_DATE FOR CALCULATION
SQL> 
SQL> SELECT FIRST_NAME , SYSDATE , HIRE_DATE , SYSDATE - HIRE_DATE DAYS_WORKED FROM EMPLOYEES;

FIRST_NAME SYSDATE   HIRE_DATE DAYS_WORKED                                                                                                                                                              
---------- --------- --------- -----------                                                                                                                                                              
Steven     05-NOV-22 17-JUL-87  12895.7796                                                                                                                                                              
Neena      05-NOV-22 21-SEP-89  12098.7796                                                                                                                                                              
Lex        05-NOV-22 13-JAN-93  10888.7796                                                                                                                                                              
Alexander  05-NOV-22 03-JAN-90  11994.7796                                                                                                                                                              
Bruce      05-NOV-22 21-MAY-91  11491.7796                                                                                                                                                              
Diana      05-NOV-22 07-FEB-99  8672.77964                                                                                                                                                              
Kevin      05-NOV-22 16-NOV-99  8390.77964                                                                                                                                                              
Trenna     05-NOV-22 17-OCT-95  9881.77964                                                                                                                                                              
Curtis     05-NOV-22 29-JAN-97  9411.77964                                                                                                                                                              
Randall    05-NOV-22 15-MAR-98  9001.77964                                                                                                                                                              
Peter      05-NOV-22 09-JUL-98  8885.77964                                                                                                                                                              
Eleni      05-NOV-22 29-JAN-00  8316.77964                                                                                                                                                              
Ellen      05-NOV-22 11-MAY-96  9674.77964                                                                                                                                                              
Jonathon   05-NOV-22 24-MAR-98  8992.77964                                                                                                                                                              
Kimerely   05-NOV-22 24-MAY-99  8566.77964                                                                                                                                                              
Jennifer   05-NOV-22 17-SEP-87  12833.7796                                                                                                                                                              
Michael    05-NOV-22 17-FEB-96  9758.77964                                                                                                                                                              
Pat        05-NOV-22 17-AUG-97  9211.77964                                                                                                                                                              
Shelley    05-NOV-22 07-JUN-94  10378.7796                                                                                                                                                              
William    05-NOV-22 07-JUN-94  10378.7796                                                                                                                                                              

20 rows selected.

SQL> SELECT FIRST_NAME , SYSDATE , HIRE_DATE , SYSDATE - HIRE_DATE DAYS_WORKED FROM EMPLOYEES;

FIRST_NAME SYSDATE   HIRE_DATE DAYS_WORKED                                                                                                                                                              
---------- --------- --------- -----------                                                                                                                                                              
Steven     05-NOV-22 17-JUL-87  12895.7802                                                                                                                                                              
Neena      05-NOV-22 21-SEP-89  12098.7802                                                                                                                                                              
Lex        05-NOV-22 13-JAN-93  10888.7802                                                                                                                                                              
Alexander  05-NOV-22 03-JAN-90  11994.7802                                                                                                                                                              
Bruce      05-NOV-22 21-MAY-91  11491.7802                                                                                                                                                              
Diana      05-NOV-22 07-FEB-99  8672.78017                                                                                                                                                              
Kevin      05-NOV-22 16-NOV-99  8390.78017                                                                                                                                                              
Trenna     05-NOV-22 17-OCT-95  9881.78017                                                                                                                                                              
Curtis     05-NOV-22 29-JAN-97  9411.78017                                                                                                                                                              
Randall    05-NOV-22 15-MAR-98  9001.78017                                                                                                                                                              
Peter      05-NOV-22 09-JUL-98  8885.78017                                                                                                                                                              
Eleni      05-NOV-22 29-JAN-00  8316.78017                                                                                                                                                              
Ellen      05-NOV-22 11-MAY-96  9674.78017                                                                                                                                                              
Jonathon   05-NOV-22 24-MAR-98  8992.78017                                                                                                                                                              
Kimerely   05-NOV-22 24-MAY-99  8566.78017                                                                                                                                                              
Jennifer   05-NOV-22 17-SEP-87  12833.7802                                                                                                                                                              
Michael    05-NOV-22 17-FEB-96  9758.78017                                                                                                                                                              
Pat        05-NOV-22 17-AUG-97  9211.78017                                                                                                                                                              
Shelley    05-NOV-22 07-JUN-94  10378.7802                                                                                                                                                              
William    05-NOV-22 07-JUN-94  10378.7802                                                                                                                                                              

20 rows selected.

SQL> SELECT '30-AUG-05' - '20-JAN-02' FROM DUAL;
SELECT '30-AUG-05' - '20-JAN-02' FROM DUAL
       *
ERROR at line 1:
ORA-01722: invalid number 


SQL> SELECT TO_DATE('30-AUG-05') - '20-JAN-02' FROM DUAL;
SELECT TO_DATE('30-AUG-05') - '20-JAN-02' FROM DUAL
                              *
ERROR at line 1:
ORA-01722: invalid number 

SQL> SELECT TO_DATE('30-AUG-05') - TO_DATE('20-JAN-02') FROM DUAL;

TO_DATE('30-AUG-05')-TO_DATE('20-JAN-02')                                                                                                                                                               
-----------------------------------------                                                                                                                                                               
                                     1318                                                                                                                                                               

SQL> SELECT TO_DATE('30-AUG-05') - TO_DATE('20-JANUARY-02') FROM DUAL;

TO_DATE('30-AUG-05')-TO_DATE('20-JANUARY-02')                                                                                                                                                           
---------------------------------------------                                                                                                                                                           
                                         1318                                                                                                                                                           

SQL> SELECT TO_DATE('30-AUG-05') - TO_DATE('20-JANUARY2002') FROM DUAL;

TO_DATE('30-AUG-05')-TO_DATE('20-JANUARY2002')                                                                                                                                                          
----------------------------------------------                                                                                                                                                          
                                          1318                                                                                                                                                          

SQL> SELECT TO_DATE('30-AUG-05') - TO_DATE('20JANUARY2002') FROM DUAL;

TO_DATE('30-AUG-05')-TO_DATE('20JANUARY2002')                                                                                                                                                           
---------------------------------------------                                                                                                                                                           
                                         1318                                                                                                                                                           

SQL> SELECT TO_DATE('30-aug-05') - TO_DATE('20JANUARY2002') FROM DUAL;

TO_DATE('30-AUG-05')-TO_DATE('20JANUARY2002')                                                                                                                                                           
---------------------------------------------                                                                                                                                                           
                                         1318                                                                                                                                                           

SQL> SELECT TO_DATE('30/aug\05') - TO_DATE('20JANUARY2002') FROM DUAL;

TO_DATE('30/AUG\05')-TO_DATE('20JANUARY2002')                                                                                                                                                           
---------------------------------------------                                                                                                                                                           
                                         1318                                                                                                                                                           

SQL> SELECT TO_DATE('30/08\05') - TO_DATE('20JANUARY2002') FROM DUAL;
SELECT TO_DATE('30/08\05') - TO_DATE('20JANUARY2002') FROM DUAL
               *
ERROR at line 1:
ORA-01843: not a valid month 

SQL> SELECT TO_DATE('30/08\05','dd/mm\rr') - TO_DATE('20JANUARY2002') FROM DUAL;

TO_DATE('30/08\05','DD/MM\RR')-TO_DATE('20JANUARY2002')                                                                                                                                                 
-------------------------------------------------------                                                                                                                                                 
                                                   1318                                                                                                                                                 

SQL> SELECT TO_DATE('30/08\05','dd/mm\yy') - TO_DATE('20JANUARY2002') FROM DUAL;

TO_DATE('30/08\05','DD/MM\YY')-TO_DATE('20JANUARY2002')                                                                                                                                                 
-------------------------------------------------------                                                                                                                                                 
                                                   1318                                                                                                                                                 

SQL> SELECT TO_DATE('30/08\05','dd-mmyy') - TO_DATE('20JANUARY2002') FROM DUAL;
SELECT TO_DATE('30/08\05','dd-mmyy') - TO_DATE('20JANUARY2002') FROM DUAL
               *
ERROR at line 1:
ORA-01841: (full) year must be between -4713 and +9999, and not be 0 

SQL> SELECT TO_DATE('30/08\05','dd-mm/yy') - TO_DATE('20JANUARY2002') FROM DUAL;

TO_DATE('30/08\05','DD-MM/YY')-TO_DATE('20JANUARY2002')                                                                                                                                                 
-------------------------------------------------------                                                                                                                                                 
                                                   1318                                                                                                                                                 

SQL> REM TO_DATE FOR COMPARISON
SQL> 
SQL> SELECT FIRST_NAME , HIRE_DATE FROM EMPLOYEES WHERE HIRE_DATE <= '31-DEC-95'
  2  
SQL> SELECT FIRST_NAME , HIRE_DATE FROM EMPLOYEES WHERE HIRE_DATE <= '31-DEC-95';

FIRST_NAME HIRE_DATE                                                                                                                                                                                    
---------- ---------                                                                                                                                                                                    
Steven     17-JUL-87                                                                                                                                                                                    
Neena      21-SEP-89                                                                                                                                                                                    
Lex        13-JAN-93                                                                                                                                                                                    
Alexander  03-JAN-90                                                                                                                                                                                    
Bruce      21-MAY-91                                                                                                                                                                                    
Trenna     17-OCT-95                                                                                                                                                                                    
Jennifer   17-SEP-87                                                                                                                                                                                    
Shelley    07-JUN-94                                                                                                                                                                                    
William    07-JUN-94                                                                                                                                                                                    

9 rows selected.

SQL> SELECT FIRST_NAME , HIRE_DATE FROM EMPLOYEES WHERE HIRE_DATE <= '31-DEC-95' ORDER BY 2;

FIRST_NAME HIRE_DATE                                                                                                                                                                                    
---------- ---------                                                                                                                                                                                    
Steven     17-JUL-87                                                                                                                                                                                    
Jennifer   17-SEP-87                                                                                                                                                                                    
Neena      21-SEP-89                                                                                                                                                                                    
Alexander  03-JAN-90                                                                                                                                                                                    
Bruce      21-MAY-91                                                                                                                                                                                    
Lex        13-JAN-93                                                                                                                                                                                    
Shelley    07-JUN-94                                                                                                                                                                                    
William    07-JUN-94                                                                                                                                                                                    
Trenna     17-OCT-95                                                                                                                                                                                    

9 rows selected.

SQL> SELECT FIRST_NAME , HIRE_DATE FROM EMPLOYEES WHERE HIRE_DATE <= '31-DECEMBER-95' ORDER BY 2;

FIRST_NAME HIRE_DATE                                                                                                                                                                                    
---------- ---------                                                                                                                                                                                    
Steven     17-JUL-87                                                                                                                                                                                    
Jennifer   17-SEP-87                                                                                                                                                                                    
Neena      21-SEP-89                                                                                                                                                                                    
Alexander  03-JAN-90                                                                                                                                                                                    
Bruce      21-MAY-91                                                                                                                                                                                    
Lex        13-JAN-93                                                                                                                                                                                    
Shelley    07-JUN-94                                                                                                                                                                                    
William    07-JUN-94                                                                                                                                                                                    
Trenna     17-OCT-95                                                                                                                                                                                    

9 rows selected.

SQL> SELECT FIRST_NAME , HIRE_DATE FROM EMPLOYEES WHERE HIRE_DATE <= '31-DECEMBER-1995' ORDER BY 2;

FIRST_NAME HIRE_DATE                                                                                                                                                                                    
---------- ---------                                                                                                                                                                                    
Steven     17-JUL-87                                                                                                                                                                                    
Jennifer   17-SEP-87                                                                                                                                                                                    
Neena      21-SEP-89                                                                                                                                                                                    
Alexander  03-JAN-90                                                                                                                                                                                    
Bruce      21-MAY-91                                                                                                                                                                                    
Lex        13-JAN-93                                                                                                                                                                                    
Shelley    07-JUN-94                                                                                                                                                                                    
William    07-JUN-94                                                                                                                                                                                    
Trenna     17-OCT-95                                                                                                                                                                                    

9 rows selected.

SQL> SELECT FIRST_NAME , HIRE_DATE FROM EMPLOYEES WHERE HIRE_DATE <= '31-DECEMBER/1995' ORDER BY 2;

FIRST_NAME HIRE_DATE                                                                                                                                                                                    
---------- ---------                                                                                                                                                                                    
Steven     17-JUL-87                                                                                                                                                                                    
Jennifer   17-SEP-87                                                                                                                                                                                    
Neena      21-SEP-89                                                                                                                                                                                    
Alexander  03-JAN-90                                                                                                                                                                                    
Bruce      21-MAY-91                                                                                                                                                                                    
Lex        13-JAN-93                                                                                                                                                                                    
Shelley    07-JUN-94                                                                                                                                                                                    
William    07-JUN-94                                                                                                                                                                                    
Trenna     17-OCT-95                                                                                                                                                                                    

9 rows selected.

SQL> SELECT FIRST_NAME , HIRE_DATE FROM EMPLOYEES WHERE HIRE_DATE <= '31DECEMBER/1995' ORDER BY 2;

FIRST_NAME HIRE_DATE                                                                                                                                                                                    
---------- ---------                                                                                                                                                                                    
Steven     17-JUL-87                                                                                                                                                                                    
Jennifer   17-SEP-87                                                                                                                                                                                    
Neena      21-SEP-89                                                                                                                                                                                    
Alexander  03-JAN-90                                                                                                                                                                                    
Bruce      21-MAY-91                                                                                                                                                                                    
Lex        13-JAN-93                                                                                                                                                                                    
Shelley    07-JUN-94                                                                                                                                                                                    
William    07-JUN-94                                                                                                                                                                                    
Trenna     17-OCT-95                                                                                                                                                                                    

9 rows selected.

SQL> SELECT FIRST_NAME , HIRE_DATE FROM EMPLOYEES WHERE HIRE_DATE <= '31-12/1995' ORDER BY 2;
SELECT FIRST_NAME , HIRE_DATE FROM EMPLOYEES WHERE HIRE_DATE <= '31-12/1995' ORDER BY 2
                                                                *
ERROR at line 1:
ORA-01843: not a valid month 


SQL> SELECT FIRST_NAME , HIRE_DATE FROM EMPLOYEES WHERE HIRE_DATE <= TO_DATE('31-12/1995') ORDER BY 2;
SELECT FIRST_NAME , HIRE_DATE FROM EMPLOYEES WHERE HIRE_DATE <= TO_DATE('31-12/1995') ORDER BY 2
                                                                        *
ERROR at line 1:
ORA-01843: not a valid month 


SQL> SELECT FIRST_NAME , HIRE_DATE FROM EMPLOYEES WHERE HIRE_DATE <= TO_DATE('31-12/1995','DD-MM/RRRR') ORDER BY 2;

FIRST_NAME HIRE_DATE                                                                                                                                                                                    
---------- ---------                                                                                                                                                                                    
Steven     17-JUL-87                                                                                                                                                                                    
Jennifer   17-SEP-87                                                                                                                                                                                    
Neena      21-SEP-89                                                                                                                                                                                    
Alexander  03-JAN-90                                                                                                                                                                                    
Bruce      21-MAY-91                                                                                                                                                                                    
Lex        13-JAN-93                                                                                                                                                                                    
Shelley    07-JUN-94                                                                                                                                                                                    
William    07-JUN-94                                                                                                                                                                                    
Trenna     17-OCT-95                                                                                                                                                                                    

9 rows selected.

SQL> SELECT FIRST_NAME , HIRE_DATE FROM EMPLOYEES WHERE HIRE_DATE <= TO_DATE('31-12/1995','DD\MM-RRRR') ORDER BY 2;

FIRST_NAME HIRE_DATE                                                                                                                                                                                    
---------- ---------                                                                                                                                                                                    
Steven     17-JUL-87                                                                                                                                                                                    
Jennifer   17-SEP-87                                                                                                                                                                                    
Neena      21-SEP-89                                                                                                                                                                                    
Alexander  03-JAN-90                                                                                                                                                                                    
Bruce      21-MAY-91                                                                                                                                                                                    
Lex        13-JAN-93                                                                                                                                                                                    
Shelley    07-JUN-94                                                                                                                                                                                    
William    07-JUN-94                                                                                                                                                                                    
Trenna     17-OCT-95                                                                                                                                                                                    

9 rows selected.

SQL> SELECT FIRST_NAME , HIRE_DATE FROM EMPLOYEES WHERE HIRE_DATE <= TO_DATE('31-12/1995','DD\MMRRRR') ORDER BY 2;
SELECT FIRST_NAME , HIRE_DATE FROM EMPLOYEES WHERE HIRE_DATE <= TO_DATE('31-12/1995','DD\MMRRRR') ORDER BY 2
                                                                        *
ERROR at line 1:
ORA-01841: (full) year must be between -4713 and +9999, and not be 0 


SQL> SELECT FIRST_NAME , HIRE_DATE FROM EMPLOYEES WHERE HIRE_DATE <= TO_DATE('31-12/1995','DDMMRRRR') ORDER BY 2;
SELECT FIRST_NAME , HIRE_DATE FROM EMPLOYEES WHERE HIRE_DATE <= TO_DATE('31-12/1995','DDMMRRRR') ORDER BY 2
                                                                        *
ERROR at line 1:
ORA-01843: not a valid month 


SQL> SELECT FIRST_NAME , HIRE_DATE FROM EMPLOYEES WHERE HIRE_DATE <= TO_DATE('31121995','DDMMRRRR') ORDER BY 2;

FIRST_NAME HIRE_DATE                                                                                                                                                                                    
---------- ---------                                                                                                                                                                                    
Steven     17-JUL-87                                                                                                                                                                                    
Jennifer   17-SEP-87                                                                                                                                                                                    
Neena      21-SEP-89                                                                                                                                                                                    
Alexander  03-JAN-90                                                                                                                                                                                    
Bruce      21-MAY-91                                                                                                                                                                                    
Lex        13-JAN-93                                                                                                                                                                                    
Shelley    07-JUN-94                                                                                                                                                                                    
William    07-JUN-94                                                                                                                                                                                    
Trenna     17-OCT-95                                                                                                                                                                                    

9 rows selected.

SQL> SELECT FIRST_NAME , HIRE_DATE FROM EMPLOYEES WHERE HIRE_DATE <= TO_DATE('31-121995','DD-MMRRRR') ORDER BY 2;

FIRST_NAME HIRE_DATE                                                                                                                                                                                    
---------- ---------                                                                                                                                                                                    
Steven     17-JUL-87                                                                                                                                                                                    
Jennifer   17-SEP-87                                                                                                                                                                                    
Neena      21-SEP-89                                                                                                                                                                                    
Alexander  03-JAN-90                                                                                                                                                                                    
Bruce      21-MAY-91                                                                                                                                                                                    
Lex        13-JAN-93                                                                                                                                                                                    
Shelley    07-JUN-94                                                                                                                                                                                    
William    07-JUN-94                                                                                                                                                                                    
Trenna     17-OCT-95                                                                                                                                                                                    

9 rows selected.

SQL> SELECT FIRST_NAME , HIRE_DATE FROM EMPLOYEES WHERE HIRE_DATE <= TO_DATE('31-12-1995','DD-MM-RRRR') ORDER BY 2;

FIRST_NAME HIRE_DATE                                                                                                                                                                                    
---------- ---------                                                                                                                                                                                    
Steven     17-JUL-87                                                                                                                                                                                    
Jennifer   17-SEP-87                                                                                                                                                                                    
Neena      21-SEP-89                                                                                                                                                                                    
Alexander  03-JAN-90                                                                                                                                                                                    
Bruce      21-MAY-91                                                                                                                                                                                    
Lex        13-JAN-93                                                                                                                                                                                    
Shelley    07-JUN-94                                                                                                                                                                                    
William    07-JUN-94                                                                                                                                                                                    
Trenna     17-OCT-95                                                                                                                                                                                    

9 rows selected.

SQL> SELECT FIRST_NAME , HIRE_DATE FROM EMPLOYEES WHERE HIRE_DATE <= TO_DATE('31-12-1995','DD-MM-YYYY') ORDER BY 2;

FIRST_NAME HIRE_DATE                                                                                                                                                                                    
---------- ---------                                                                                                                                                                                    
Steven     17-JUL-87                                                                                                                                                                                    
Jennifer   17-SEP-87                                                                                                                                                                                    
Neena      21-SEP-89                                                                                                                                                                                    
Alexander  03-JAN-90                                                                                                                                                                                    
Bruce      21-MAY-91                                                                                                                                                                                    
Lex        13-JAN-93                                                                                                                                                                                    
Shelley    07-JUN-94                                                                                                                                                                                    
William    07-JUN-94                                                                                                                                                                                    
Trenna     17-OCT-95                                                                                                                                                                                    

9 rows selected.

SQL> SELECT FIRST_NAME , HIRE_DATE FROM EMPLOYEES WHERE HIRE_DATE <= TO_DATE('31-12-95','DD-MM-RR') ORDER BY 2;

FIRST_NAME HIRE_DATE                                                                                                                                                                                    
---------- ---------                                                                                                                                                                                    
Steven     17-JUL-87                                                                                                                                                                                    
Jennifer   17-SEP-87                                                                                                                                                                                    
Neena      21-SEP-89                                                                                                                                                                                    
Alexander  03-JAN-90                                                                                                                                                                                    
Bruce      21-MAY-91                                                                                                                                                                                    
Lex        13-JAN-93                                                                                                                                                                                    
Shelley    07-JUN-94                                                                                                                                                                                    
William    07-JUN-94                                                                                                                                                                                    
Trenna     17-OCT-95                                                                                                                                                                                    

9 rows selected.

SQL> SELECT FIRST_NAME , HIRE_DATE FROM EMPLOYEES WHERE HIRE_DATE <= TO_DATE('31-12-95','DD-MM-YY') ORDER BY 2;

FIRST_NAME HIRE_DATE                                                                                                                                                                                    
---------- ---------                                                                                                                                                                                    
Steven     17-JUL-87                                                                                                                                                                                    
Jennifer   17-SEP-87                                                                                                                                                                                    
Neena      21-SEP-89                                                                                                                                                                                    
Alexander  03-JAN-90                                                                                                                                                                                    
Bruce      21-MAY-91                                                                                                                                                                                    
Lex        13-JAN-93                                                                                                                                                                                    
Shelley    07-JUN-94                                                                                                                                                                                    
William    07-JUN-94                                                                                                                                                                                    
Trenna     17-OCT-95                                                                                                                                                                                    
Michael    17-FEB-96                                                                                                                                                                                    
Ellen      11-MAY-96                                                                                                                                                                                    
Curtis     29-JAN-97                                                                                                                                                                                    
Pat        17-AUG-97                                                                                                                                                                                    
Randall    15-MAR-98                                                                                                                                                                                    
Jonathon   24-MAR-98                                                                                                                                                                                    
Peter      09-JUL-98                                                                                                                                                                                    
Diana      07-FEB-99                                                                                                                                                                                    
Kimerely   24-MAY-99                                                                                                                                                                                    
Kevin      16-NOV-99                                                                                                                                                                                    
Eleni      29-JAN-00                                                                                                                                                                                    

20 rows selected.

SQL> REM YY : CURRENT YEAR : 2022 : 2000 TO 2099 : CURRENT CENTURY : 20
SQL> 
SQL> REM RR : CURRENT YEAR : 2022 : RR CENTURY : PREVIOUS 50 YEARS + CURRENT 50 YEARS
SQL> 
SQL> REM RR : CURRENT YEAR : 2022 : RR CENTURY : 1950 TO 1999      + 2000 TO 2049
SQL> 
SQL> SELECT FIRST_NAME , HIRE_DATE FROM EMPLOYEES WHERE HIRE_DATE <= TO_DATE('31-12-95','DD-MM-RR') ORDER BY 2;

FIRST_NAME HIRE_DATE                                                                                                                                                                                    
---------- ---------                                                                                                                                                                                    
Steven     17-JUL-87                                                                                                                                                                                    
Jennifer   17-SEP-87                                                                                                                                                                                    
Neena      21-SEP-89                                                                                                                                                                                    
Alexander  03-JAN-90                                                                                                                                                                                    
Bruce      21-MAY-91                                                                                                                                                                                    
Lex        13-JAN-93                                                                                                                                                                                    
Shelley    07-JUN-94                                                                                                                                                                                    
William    07-JUN-94                                                                                                                                                                                    
Trenna     17-OCT-95                                                                                                                                                                                    

9 rows selected.

SQL> SELECT FIRST_NAME , HIRE_DATE FROM EMPLOYEES WHERE HIRE_DATE <= TO_DATE('31-12-05','DD-MM-RR') ORDER BY 2;

FIRST_NAME HIRE_DATE                                                                                                                                                                                    
---------- ---------                                                                                                                                                                                    
Steven     17-JUL-87                                                                                                                                                                                    
Jennifer   17-SEP-87                                                                                                                                                                                    
Neena      21-SEP-89                                                                                                                                                                                    
Alexander  03-JAN-90                                                                                                                                                                                    
Bruce      21-MAY-91                                                                                                                                                                                    
Lex        13-JAN-93                                                                                                                                                                                    
Shelley    07-JUN-94                                                                                                                                                                                    
William    07-JUN-94                                                                                                                                                                                    
Trenna     17-OCT-95                                                                                                                                                                                    
Michael    17-FEB-96                                                                                                                                                                                    
Ellen      11-MAY-96                                                                                                                                                                                    
Curtis     29-JAN-97                                                                                                                                                                                    
Pat        17-AUG-97                                                                                                                                                                                    
Randall    15-MAR-98                                                                                                                                                                                    
Jonathon   24-MAR-98                                                                                                                                                                                    
Peter      09-JUL-98                                                                                                                                                                                    
Diana      07-FEB-99                                                                                                                                                                                    
Kimerely   24-MAY-99                                                                                                                                                                                    
Kevin      16-NOV-99                                                                                                                                                                                    
Eleni      29-JAN-00                                                                                                                                                                                    

20 rows selected.

SQL> REM RR : 1950 TO 2049
SQL> 
SQL> REM 31-MAY-44 :
SQL> 
SQL> SELECT FIRST_NAME , HIRE_DATE FROM EMPLOYEES WHERE HIRE_DATE <= TO_DATE('31-DECEMBER-05','DD-MON-RR') ORDER BY 2;

FIRST_NAME HIRE_DATE                                                                                                                                                                                    
---------- ---------                                                                                                                                                                                    
Steven     17-JUL-87                                                                                                                                                                                    
Jennifer   17-SEP-87                                                                                                                                                                                    
Neena      21-SEP-89                                                                                                                                                                                    
Alexander  03-JAN-90                                                                                                                                                                                    
Bruce      21-MAY-91                                                                                                                                                                                    
Lex        13-JAN-93                                                                                                                                                                                    
Shelley    07-JUN-94                                                                                                                                                                                    
William    07-JUN-94                                                                                                                                                                                    
Trenna     17-OCT-95                                                                                                                                                                                    
Michael    17-FEB-96                                                                                                                                                                                    
Ellen      11-MAY-96                                                                                                                                                                                    
Curtis     29-JAN-97                                                                                                                                                                                    
Pat        17-AUG-97                                                                                                                                                                                    
Randall    15-MAR-98                                                                                                                                                                                    
Jonathon   24-MAR-98                                                                                                                                                                                    
Peter      09-JUL-98                                                                                                                                                                                    
Diana      07-FEB-99                                                                                                                                                                                    
Kimerely   24-MAY-99                                                                                                                                                                                    
Kevin      16-NOV-99                                                                                                                                                                                    
Eleni      29-JAN-00                                                                                                                                                                                    

20 rows selected.

SQL> SELECT FIRST_NAME , HIRE_DATE FROM EMPLOYEES WHERE HIRE_DATE <= TO_DATE('31-DECEMBER-05','FXDD-MON-RR') ORDER BY 2;
SELECT FIRST_NAME , HIRE_DATE FROM EMPLOYEES WHERE HIRE_DATE <= TO_DATE('31-DECEMBER-05','FXDD-MON-RR') ORDER BY 2
                                                                        *
ERROR at line 1:
ORA-01861: literal does not match format string 


SQL> SELECT FIRST_NAME , HIRE_DATE FROM EMPLOYEES WHERE HIRE_DATE <= TO_DATE('31-DECEMBER-05','FXDD-MONTH-RR') ORDER BY 2;

FIRST_NAME HIRE_DATE                                                                                                                                                                                    
---------- ---------                                                                                                                                                                                    
Steven     17-JUL-87                                                                                                                                                                                    
Jennifer   17-SEP-87                                                                                                                                                                                    
Neena      21-SEP-89                                                                                                                                                                                    
Alexander  03-JAN-90                                                                                                                                                                                    
Bruce      21-MAY-91                                                                                                                                                                                    
Lex        13-JAN-93                                                                                                                                                                                    
Shelley    07-JUN-94                                                                                                                                                                                    
William    07-JUN-94                                                                                                                                                                                    
Trenna     17-OCT-95                                                                                                                                                                                    
Michael    17-FEB-96                                                                                                                                                                                    
Ellen      11-MAY-96                                                                                                                                                                                    
Curtis     29-JAN-97                                                                                                                                                                                    
Pat        17-AUG-97                                                                                                                                                                                    
Randall    15-MAR-98                                                                                                                                                                                    
Jonathon   24-MAR-98                                                                                                                                                                                    
Peter      09-JUL-98                                                                                                                                                                                    
Diana      07-FEB-99                                                                                                                                                                                    
Kimerely   24-MAY-99                                                                                                                                                                                    
Kevin      16-NOV-99                                                                                                                                                                                    
Eleni      29-JAN-00                                                                                                                                                                                    

20 rows selected.

SQL> SELECT FIRST_NAME , HIRE_DATE FROM EMPLOYEES WHERE HIRE_DATE <= TO_DATE('31-DECEMBER-2005','FXDD-MONTH-RR') ORDER BY 2;
SELECT FIRST_NAME , HIRE_DATE FROM EMPLOYEES WHERE HIRE_DATE <= TO_DATE('31-DECEMBER-2005','FXDD-MONTH-RR') ORDER BY 2
                                                                        *
ERROR at line 1:
ORA-01830: date format picture ends before converting entire input string 


SQL> SELECT FIRST_NAME , HIRE_DATE FROM EMPLOYEES WHERE HIRE_DATE <= TO_DATE('31-DECEMBER-2005','FXDD-MONTH-RRRR') ORDER BY 2;

FIRST_NAME HIRE_DATE                                                                                                                                                                                    
---------- ---------                                                                                                                                                                                    
Steven     17-JUL-87                                                                                                                                                                                    
Jennifer   17-SEP-87                                                                                                                                                                                    
Neena      21-SEP-89                                                                                                                                                                                    
Alexander  03-JAN-90                                                                                                                                                                                    
Bruce      21-MAY-91                                                                                                                                                                                    
Lex        13-JAN-93                                                                                                                                                                                    
Shelley    07-JUN-94                                                                                                                                                                                    
William    07-JUN-94                                                                                                                                                                                    
Trenna     17-OCT-95                                                                                                                                                                                    
Michael    17-FEB-96                                                                                                                                                                                    
Ellen      11-MAY-96                                                                                                                                                                                    
Curtis     29-JAN-97                                                                                                                                                                                    
Pat        17-AUG-97                                                                                                                                                                                    
Randall    15-MAR-98                                                                                                                                                                                    
Jonathon   24-MAR-98                                                                                                                                                                                    
Peter      09-JUL-98                                                                                                                                                                                    
Diana      07-FEB-99                                                                                                                                                                                    
Kimerely   24-MAY-99                                                                                                                                                                                    
Kevin      16-NOV-99                                                                                                                                                                                    
Eleni      29-JAN-00                                                                                                                                                                                    

20 rows selected.

SQL> SELECT FIRST_NAME , HIRE_DATE FROM EMPLOYEES WHERE HIRE_DATE <= TO_DATE('31-DECEMBER-2005','FXDD-MONTH/RRRR') ORDER BY 2;
SELECT FIRST_NAME , HIRE_DATE FROM EMPLOYEES WHERE HIRE_DATE <= TO_DATE('31-DECEMBER-2005','FXDD-MONTH/RRRR') ORDER BY 2
                                                                        *
ERROR at line 1:
ORA-01861: literal does not match format string 


SQL> SELECT FIRST_NAME , HIRE_DATE FROM EMPLOYEES WHERE HIRE_DATE <= TO_DATE('31-DECEMBER/2005','FXDD-MONTH/RRRR') ORDER BY 2;

FIRST_NAME HIRE_DATE                                                                                                                                                                                    
---------- ---------                                                                                                                                                                                    
Steven     17-JUL-87                                                                                                                                                                                    
Jennifer   17-SEP-87                                                                                                                                                                                    
Neena      21-SEP-89                                                                                                                                                                                    
Alexander  03-JAN-90                                                                                                                                                                                    
Bruce      21-MAY-91                                                                                                                                                                                    
Lex        13-JAN-93                                                                                                                                                                                    
Shelley    07-JUN-94                                                                                                                                                                                    
William    07-JUN-94                                                                                                                                                                                    
Trenna     17-OCT-95                                                                                                                                                                                    
Michael    17-FEB-96                                                                                                                                                                                    
Ellen      11-MAY-96                                                                                                                                                                                    
Curtis     29-JAN-97                                                                                                                                                                                    
Pat        17-AUG-97                                                                                                                                                                                    
Randall    15-MAR-98                                                                                                                                                                                    
Jonathon   24-MAR-98                                                                                                                                                                                    
Peter      09-JUL-98                                                                                                                                                                                    
Diana      07-FEB-99                                                                                                                                                                                    
Kimerely   24-MAY-99                                                                                                                                                                                    
Kevin      16-NOV-99                                                                                                                                                                                    
Eleni      29-JAN-00                                                                                                                                                                                    

20 rows selected.

SQL> SELECT FIRST_NAME , HIRE_DATE FROM EMPLOYEES WHERE HIRE_DATE <= TO_DATE('31-DECEMBER/2005','DD-MONTH/RRRR') ORDER BY 2;

FIRST_NAME HIRE_DATE                                                                                                                                                                                    
---------- ---------                                                                                                                                                                                    
Steven     17-JUL-87                                                                                                                                                                                    
Jennifer   17-SEP-87                                                                                                                                                                                    
Neena      21-SEP-89                                                                                                                                                                                    
Alexander  03-JAN-90                                                                                                                                                                                    
Bruce      21-MAY-91                                                                                                                                                                                    
Lex        13-JAN-93                                                                                                                                                                                    
Shelley    07-JUN-94                                                                                                                                                                                    
William    07-JUN-94                                                                                                                                                                                    
Trenna     17-OCT-95                                                                                                                                                                                    
Michael    17-FEB-96                                                                                                                                                                                    
Ellen      11-MAY-96                                                                                                                                                                                    
Curtis     29-JAN-97                                                                                                                                                                                    
Pat        17-AUG-97                                                                                                                                                                                    
Randall    15-MAR-98                                                                                                                                                                                    
Jonathon   24-MAR-98                                                                                                                                                                                    
Peter      09-JUL-98                                                                                                                                                                                    
Diana      07-FEB-99                                                                                                                                                                                    
Kimerely   24-MAY-99                                                                                                                                                                                    
Kevin      16-NOV-99                                                                                                                                                                                    
Eleni      29-JAN-00                                                                                                                                                                                    

20 rows selected.

SQL> SELECT FIRST_NAME , HIRE_DATE FROM EMPLOYEES WHERE HIRE_DATE <= TO_DATE('31-DEC/2005','DD-MONTH/RRRR') ORDER BY 2;

FIRST_NAME HIRE_DATE                                                                                                                                                                                    
---------- ---------                                                                                                                                                                                    
Steven     17-JUL-87                                                                                                                                                                                    
Jennifer   17-SEP-87                                                                                                                                                                                    
Neena      21-SEP-89                                                                                                                                                                                    
Alexander  03-JAN-90                                                                                                                                                                                    
Bruce      21-MAY-91                                                                                                                                                                                    
Lex        13-JAN-93                                                                                                                                                                                    
Shelley    07-JUN-94                                                                                                                                                                                    
William    07-JUN-94                                                                                                                                                                                    
Trenna     17-OCT-95                                                                                                                                                                                    
Michael    17-FEB-96                                                                                                                                                                                    
Ellen      11-MAY-96                                                                                                                                                                                    
Curtis     29-JAN-97                                                                                                                                                                                    
Pat        17-AUG-97                                                                                                                                                                                    
Randall    15-MAR-98                                                                                                                                                                                    
Jonathon   24-MAR-98                                                                                                                                                                                    
Peter      09-JUL-98                                                                                                                                                                                    
Diana      07-FEB-99                                                                                                                                                                                    
Kimerely   24-MAY-99                                                                                                                                                                                    
Kevin      16-NOV-99                                                                                                                                                                                    
Eleni      29-JAN-00                                                                                                                                                                                    

20 rows selected.

SQL> SELECT FIRST_NAME , HIRE_DATE FROM EMPLOYEES WHERE HIRE_DATE <= TO_DATE('31-DEC/2005','DD-month/RRRR') ORDER BY 2;

FIRST_NAME HIRE_DATE                                                                                                                                                                                    
---------- ---------                                                                                                                                                                                    
Steven     17-JUL-87                                                                                                                                                                                    
Jennifer   17-SEP-87                                                                                                                                                                                    
Neena      21-SEP-89                                                                                                                                                                                    
Alexander  03-JAN-90                                                                                                                                                                                    
Bruce      21-MAY-91                                                                                                                                                                                    
Lex        13-JAN-93                                                                                                                                                                                    
Shelley    07-JUN-94                                                                                                                                                                                    
William    07-JUN-94                                                                                                                                                                                    
Trenna     17-OCT-95                                                                                                                                                                                    
Michael    17-FEB-96                                                                                                                                                                                    
Ellen      11-MAY-96                                                                                                                                                                                    
Curtis     29-JAN-97                                                                                                                                                                                    
Pat        17-AUG-97                                                                                                                                                                                    
Randall    15-MAR-98                                                                                                                                                                                    
Jonathon   24-MAR-98                                                                                                                                                                                    
Peter      09-JUL-98                                                                                                                                                                                    
Diana      07-FEB-99                                                                                                                                                                                    
Kimerely   24-MAY-99                                                                                                                                                                                    
Kevin      16-NOV-99                                                                                                                                                                                    
Eleni      29-JAN-00                                                                                                                                                                                    

20 rows selected.

SQL> SELECT FIRST_NAME , HIRE_DATE FROM EMPLOYEES WHERE HIRE_DATE <= TO_DATE('31-DEC/2005','fxDD-month/RRRR') ORDER BY 2;
SELECT FIRST_NAME , HIRE_DATE FROM EMPLOYEES WHERE HIRE_DATE <= TO_DATE('31-DEC/2005','fxDD-month/RRRR') ORDER BY 2
                                                                        *
ERROR at line 1:
ORA-01843: not a valid month 


SQL> SELECT FIRST_NAME , HIRE_DATE FROM EMPLOYEES WHERE HIRE_DATE <= TO_DATE('31-DEC/2005','fxDD-mon/RRRR') ORDER BY 2;

FIRST_NAME HIRE_DATE                                                                                                                                                                                    
---------- ---------                                                                                                                                                                                    
Steven     17-JUL-87                                                                                                                                                                                    
Jennifer   17-SEP-87                                                                                                                                                                                    
Neena      21-SEP-89                                                                                                                                                                                    
Alexander  03-JAN-90                                                                                                                                                                                    
Bruce      21-MAY-91                                                                                                                                                                                    
Lex        13-JAN-93                                                                                                                                                                                    
Shelley    07-JUN-94                                                                                                                                                                                    
William    07-JUN-94                                                                                                                                                                                    
Trenna     17-OCT-95                                                                                                                                                                                    
Michael    17-FEB-96                                                                                                                                                                                    
Ellen      11-MAY-96                                                                                                                                                                                    
Curtis     29-JAN-97                                                                                                                                                                                    
Pat        17-AUG-97                                                                                                                                                                                    
Randall    15-MAR-98                                                                                                                                                                                    
Jonathon   24-MAR-98                                                                                                                                                                                    
Peter      09-JUL-98                                                                                                                                                                                    
Diana      07-FEB-99                                                                                                                                                                                    
Kimerely   24-MAY-99                                                                                                                                                                                    
Kevin      16-NOV-99                                                                                                                                                                                    
Eleni      29-JAN-00                                                                                                                                                                                    

20 rows selected.

SQL> REM TO_CHAR : TO CONVERT NUMBER OR DATE TYPE VALUE INTO CHARACTER TYPE VALUE
SQL> 
SQL> REM PURPOSE : TO DISPLAY NUMBER OR DATE TYPE VALUES IN USER DEFINED/NON-DEFAULT FORMATS
SQL> 
SQL> 
SQL> REM TO_CHAR FOR DISPLAYING NUMBER TYPE VALUES IN USER DEFINED FORMATS
SQL> 
SQL> REM VALID NUMBER FORMAT CHARACTERS :  9 0   , .   G D   $ L U  S MI PR   EEEE or eeee   V
SQL> 
SQL> REM MI : MINUS VALUES
SQL> 
SQL> REM PR : PARENTHESIS
SQL> 
SQL> REM EEEE : EXPONENT FORMAT/SCIENTIFIC NOTATION
SQL> 
SQL> 
SQL> 
SQL> SELECT SALARY FROM EMPLOYEES;

    SALARY                                                                                                                                                                                              
----------                                                                                                                                                                                              
     24000                                                                                                                                                                                              
     17000                                                                                                                                                                                              
     17000                                                                                                                                                                                              
      9000                                                                                                                                                                                              
      6000                                                                                                                                                                                              
      4200                                                                                                                                                                                              
      5800                                                                                                                                                                                              
      3500                                                                                                                                                                                              
      3100                                                                                                                                                                                              
      2600                                                                                                                                                                                              
      2500                                                                                                                                                                                              
     10500                                                                                                                                                                                              
     11000                                                                                                                                                                                              
      8600                                                                                                                                                                                              
      7000                                                                                                                                                                                              
      4400                                                                                                                                                                                              
     13000                                                                                                                                                                                              
      6000                                                                                                                                                                                              
     12000                                                                                                                                                                                              
      8300                                                                                                                                                                                              

20 rows selected.

SQL> SELECT SALARY , TO_CHAR(SALARY,'99999') FROM EMPLOYEES;

    SALARY TO_CHA                                                                                                                                                                                       
---------- ------                                                                                                                                                                                       
     24000  24000                                                                                                                                                                                       
     17000  17000                                                                                                                                                                                       
     17000  17000                                                                                                                                                                                       
      9000   9000                                                                                                                                                                                       
      6000   6000                                                                                                                                                                                       
      4200   4200                                                                                                                                                                                       
      5800   5800                                                                                                                                                                                       
      3500   3500                                                                                                                                                                                       
      3100   3100                                                                                                                                                                                       
      2600   2600                                                                                                                                                                                       
      2500   2500                                                                                                                                                                                       
     10500  10500                                                                                                                                                                                       
     11000  11000                                                                                                                                                                                       
      8600   8600                                                                                                                                                                                       
      7000   7000                                                                                                                                                                                       
      4400   4400                                                                                                                                                                                       
     13000  13000                                                                                                                                                                                       
      6000   6000                                                                                                                                                                                       
     12000  12000                                                                                                                                                                                       
      8300   8300                                                                                                                                                                                       

20 rows selected.

SQL> SELECT SALARY , TO_CHAR(SALARY,'00000') FROM EMPLOYEES;

    SALARY TO_CHA                                                                                                                                                                                       
---------- ------                                                                                                                                                                                       
     24000  24000                                                                                                                                                                                       
     17000  17000                                                                                                                                                                                       
     17000  17000                                                                                                                                                                                       
      9000  09000                                                                                                                                                                                       
      6000  06000                                                                                                                                                                                       
      4200  04200                                                                                                                                                                                       
      5800  05800                                                                                                                                                                                       
      3500  03500                                                                                                                                                                                       
      3100  03100                                                                                                                                                                                       
      2600  02600                                                                                                                                                                                       
      2500  02500                                                                                                                                                                                       
     10500  10500                                                                                                                                                                                       
     11000  11000                                                                                                                                                                                       
      8600  08600                                                                                                                                                                                       
      7000  07000                                                                                                                                                                                       
      4400  04400                                                                                                                                                                                       
     13000  13000                                                                                                                                                                                       
      6000  06000                                                                                                                                                                                       
     12000  12000                                                                                                                                                                                       
      8300  08300                                                                                                                                                                                       

20 rows selected.

SQL> SELECT SALARY , TO_CHAR(SALARY,'76543') FROM EMPLOYEES;
SELECT SALARY , TO_CHAR(SALARY,'76543') FROM EMPLOYEES
                               *
ERROR at line 1:
ORA-01481: invalid number format model 


SQL> SELECT SALARY , TO_CHAR(SALARY,'90909') FROM EMPLOYEES;

    SALARY TO_CHA                                                                                                                                                                                       
---------- ------                                                                                                                                                                                       
     24000  24000                                                                                                                                                                                       
     17000  17000                                                                                                                                                                                       
     17000  17000                                                                                                                                                                                       
      9000   9000                                                                                                                                                                                       
      6000   6000                                                                                                                                                                                       
      4200   4200                                                                                                                                                                                       
      5800   5800                                                                                                                                                                                       
      3500   3500                                                                                                                                                                                       
      3100   3100                                                                                                                                                                                       
      2600   2600                                                                                                                                                                                       
      2500   2500                                                                                                                                                                                       
     10500  10500                                                                                                                                                                                       
     11000  11000                                                                                                                                                                                       
      8600   8600                                                                                                                                                                                       
      7000   7000                                                                                                                                                                                       
      4400   4400                                                                                                                                                                                       
     13000  13000                                                                                                                                                                                       
      6000   6000                                                                                                                                                                                       
     12000  12000                                                                                                                                                                                       
      8300   8300                                                                                                                                                                                       

20 rows selected.

SQL> SELECT SALARY , TO_CHAR(SALARY,'09099') FROM EMPLOYEES;

    SALARY TO_CHA                                                                                                                                                                                       
---------- ------                                                                                                                                                                                       
     24000  24000                                                                                                                                                                                       
     17000  17000                                                                                                                                                                                       
     17000  17000                                                                                                                                                                                       
      9000  09000                                                                                                                                                                                       
      6000  06000                                                                                                                                                                                       
      4200  04200                                                                                                                                                                                       
      5800  05800                                                                                                                                                                                       
      3500  03500                                                                                                                                                                                       
      3100  03100                                                                                                                                                                                       
      2600  02600                                                                                                                                                                                       
      2500  02500                                                                                                                                                                                       
     10500  10500                                                                                                                                                                                       
     11000  11000                                                                                                                                                                                       
      8600  08600                                                                                                                                                                                       
      7000  07000                                                                                                                                                                                       
      4400  04400                                                                                                                                                                                       
     13000  13000                                                                                                                                                                                       
      6000  06000                                                                                                                                                                                       
     12000  12000                                                                                                                                                                                       
      8300  08300                                                                                                                                                                                       

20 rows selected.

SQL> SELECT SALARY , TO_CHAR(SALARY,'099099') FROM EMPLOYEES;

    SALARY TO_CHAR                                                                                                                                                                                      
---------- -------                                                                                                                                                                                      
     24000  024000                                                                                                                                                                                      
     17000  017000                                                                                                                                                                                      
     17000  017000                                                                                                                                                                                      
      9000  009000                                                                                                                                                                                      
      6000  006000                                                                                                                                                                                      
      4200  004200                                                                                                                                                                                      
      5800  005800                                                                                                                                                                                      
      3500  003500                                                                                                                                                                                      
      3100  003100                                                                                                                                                                                      
      2600  002600                                                                                                                                                                                      
      2500  002500                                                                                                                                                                                      
     10500  010500                                                                                                                                                                                      
     11000  011000                                                                                                                                                                                      
      8600  008600                                                                                                                                                                                      
      7000  007000                                                                                                                                                                                      
      4400  004400                                                                                                                                                                                      
     13000  013000                                                                                                                                                                                      
      6000  006000                                                                                                                                                                                      
     12000  012000                                                                                                                                                                                      
      8300  008300                                                                                                                                                                                      

20 rows selected.

SQL> SELECT SALARY , TO_CHAR(SALARY,'098099') FROM EMPLOYEES;
SELECT SALARY , TO_CHAR(SALARY,'098099') FROM EMPLOYEES
                               *
ERROR at line 1:
ORA-01481: invalid number format model 


SQL> SELECT SALARY , TO_CHAR(SALARY,'09099') FROM EMPLOYEES;

    SALARY TO_CHA                                                                                                                                                                                       
---------- ------                                                                                                                                                                                       
     24000  24000                                                                                                                                                                                       
     17000  17000                                                                                                                                                                                       
     17000  17000                                                                                                                                                                                       
      9000  09000                                                                                                                                                                                       
      6000  06000                                                                                                                                                                                       
      4200  04200                                                                                                                                                                                       
      5800  05800                                                                                                                                                                                       
      3500  03500                                                                                                                                                                                       
      3100  03100                                                                                                                                                                                       
      2600  02600                                                                                                                                                                                       
      2500  02500                                                                                                                                                                                       
     10500  10500                                                                                                                                                                                       
     11000  11000                                                                                                                                                                                       
      8600  08600                                                                                                                                                                                       
      7000  07000                                                                                                                                                                                       
      4400  04400                                                                                                                                                                                       
     13000  13000                                                                                                                                                                                       
      6000  06000                                                                                                                                                                                       
     12000  12000                                                                                                                                                                                       
      8300  08300                                                                                                                                                                                       

20 rows selected.

SQL> SELECT SALARY , TO_CHAR(SALARY,'09099.00') FROM EMPLOYEES;

    SALARY TO_CHAR(S                                                                                                                                                                                    
---------- ---------                                                                                                                                                                                    
     24000  24000.00                                                                                                                                                                                    
     17000  17000.00                                                                                                                                                                                    
     17000  17000.00                                                                                                                                                                                    
      9000  09000.00                                                                                                                                                                                    
      6000  06000.00                                                                                                                                                                                    
      4200  04200.00                                                                                                                                                                                    
      5800  05800.00                                                                                                                                                                                    
      3500  03500.00                                                                                                                                                                                    
      3100  03100.00                                                                                                                                                                                    
      2600  02600.00                                                                                                                                                                                    
      2500  02500.00                                                                                                                                                                                    
     10500  10500.00                                                                                                                                                                                    
     11000  11000.00                                                                                                                                                                                    
      8600  08600.00                                                                                                                                                                                    
      7000  07000.00                                                                                                                                                                                    
      4400  04400.00                                                                                                                                                                                    
     13000  13000.00                                                                                                                                                                                    
      6000  06000.00                                                                                                                                                                                    
     12000  12000.00                                                                                                                                                                                    
      8300  08300.00                                                                                                                                                                                    

20 rows selected.

SQL> SELECT SALARY , TO_CHAR(SALARY,'09099.99') FROM EMPLOYEES;

    SALARY TO_CHAR(S                                                                                                                                                                                    
---------- ---------                                                                                                                                                                                    
     24000  24000.00                                                                                                                                                                                    
     17000  17000.00                                                                                                                                                                                    
     17000  17000.00                                                                                                                                                                                    
      9000  09000.00                                                                                                                                                                                    
      6000  06000.00                                                                                                                                                                                    
      4200  04200.00                                                                                                                                                                                    
      5800  05800.00                                                                                                                                                                                    
      3500  03500.00                                                                                                                                                                                    
      3100  03100.00                                                                                                                                                                                    
      2600  02600.00                                                                                                                                                                                    
      2500  02500.00                                                                                                                                                                                    
     10500  10500.00                                                                                                                                                                                    
     11000  11000.00                                                                                                                                                                                    
      8600  08600.00                                                                                                                                                                                    
      7000  07000.00                                                                                                                                                                                    
      4400  04400.00                                                                                                                                                                                    
     13000  13000.00                                                                                                                                                                                    
      6000  06000.00                                                                                                                                                                                    
     12000  12000.00                                                                                                                                                                                    
      8300  08300.00                                                                                                                                                                                    

20 rows selected.

SQL> SELECT SALARY , TO_CHAR(SALARY,'09099.09') FROM EMPLOYEES;

    SALARY TO_CHAR(S                                                                                                                                                                                    
---------- ---------                                                                                                                                                                                    
     24000  24000.00                                                                                                                                                                                    
     17000  17000.00                                                                                                                                                                                    
     17000  17000.00                                                                                                                                                                                    
      9000  09000.00                                                                                                                                                                                    
      6000  06000.00                                                                                                                                                                                    
      4200  04200.00                                                                                                                                                                                    
      5800  05800.00                                                                                                                                                                                    
      3500  03500.00                                                                                                                                                                                    
      3100  03100.00                                                                                                                                                                                    
      2600  02600.00                                                                                                                                                                                    
      2500  02500.00                                                                                                                                                                                    
     10500  10500.00                                                                                                                                                                                    
     11000  11000.00                                                                                                                                                                                    
      8600  08600.00                                                                                                                                                                                    
      7000  07000.00                                                                                                                                                                                    
      4400  04400.00                                                                                                                                                                                    
     13000  13000.00                                                                                                                                                                                    
      6000  06000.00                                                                                                                                                                                    
     12000  12000.00                                                                                                                                                                                    
      8300  08300.00                                                                                                                                                                                    

20 rows selected.

SQL> SELECT SALARY , TO_CHAR(SALARY,'09,099.09') FROM EMPLOYEES;

    SALARY TO_CHAR(SA                                                                                                                                                                                   
---------- ----------                                                                                                                                                                                   
     24000  24,000.00                                                                                                                                                                                   
     17000  17,000.00                                                                                                                                                                                   
     17000  17,000.00                                                                                                                                                                                   
      9000  09,000.00                                                                                                                                                                                   
      6000  06,000.00                                                                                                                                                                                   
      4200  04,200.00                                                                                                                                                                                   
      5800  05,800.00                                                                                                                                                                                   
      3500  03,500.00                                                                                                                                                                                   
      3100  03,100.00                                                                                                                                                                                   
      2600  02,600.00                                                                                                                                                                                   
      2500  02,500.00                                                                                                                                                                                   
     10500  10,500.00                                                                                                                                                                                   
     11000  11,000.00                                                                                                                                                                                   
      8600  08,600.00                                                                                                                                                                                   
      7000  07,000.00                                                                                                                                                                                   
      4400  04,400.00                                                                                                                                                                                   
     13000  13,000.00                                                                                                                                                                                   
      6000  06,000.00                                                                                                                                                                                   
     12000  12,000.00                                                                                                                                                                                   
      8300  08,300.00                                                                                                                                                                                   

20 rows selected.

SQL> SELECT SALARY , TO_CHAR(SALARY,'09G099D09') FROM EMPLOYEES;

    SALARY TO_CHAR(SA                                                                                                                                                                                   
---------- ----------                                                                                                                                                                                   
     24000  24,000.00                                                                                                                                                                                   
     17000  17,000.00                                                                                                                                                                                   
     17000  17,000.00                                                                                                                                                                                   
      9000  09,000.00                                                                                                                                                                                   
      6000  06,000.00                                                                                                                                                                                   
      4200  04,200.00                                                                                                                                                                                   
      5800  05,800.00                                                                                                                                                                                   
      3500  03,500.00                                                                                                                                                                                   
      3100  03,100.00                                                                                                                                                                                   
      2600  02,600.00                                                                                                                                                                                   
      2500  02,500.00                                                                                                                                                                                   
     10500  10,500.00                                                                                                                                                                                   
     11000  11,000.00                                                                                                                                                                                   
      8600  08,600.00                                                                                                                                                                                   
      7000  07,000.00                                                                                                                                                                                   
      4400  04,400.00                                                                                                                                                                                   
     13000  13,000.00                                                                                                                                                                                   
      6000  06,000.00                                                                                                                                                                                   
     12000  12,000.00                                                                                                                                                                                   
      8300  08,300.00                                                                                                                                                                                   

20 rows selected.

SQL> SELECT SALARY , TO_CHAR(SALARY,'09|099~09') FROM EMPLOYEES;
SELECT SALARY , TO_CHAR(SALARY,'09|099~09') FROM EMPLOYEES
                               *
ERROR at line 1:
ORA-01481: invalid number format model 


SQL> COL PARAMETER FORMAT A30
SQL> COL VALUE FORMAT A30
SQL> 
SQL> SELECT * FROM NLS_SESSION_PARAMETERS;

PARAMETER                      VALUE                                                                                                                                                                    
------------------------------ ------------------------------                                                                                                                                           
NLS_LANGUAGE                   AMERICAN                                                                                                                                                                 
NLS_TERRITORY                  AMERICA                                                                                                                                                                  
NLS_CURRENCY                   $                                                                                                                                                                        
NLS_ISO_CURRENCY               AMERICA                                                                                                                                                                  
NLS_NUMERIC_CHARACTERS         .,                                                                                                                                                                       
NLS_CALENDAR                   GREGORIAN                                                                                                                                                                
NLS_DATE_FORMAT                DD-MON-RR                                                                                                                                                                
NLS_DATE_LANGUAGE              AMERICAN                                                                                                                                                                 
NLS_SORT                       BINARY                                                                                                                                                                   
NLS_TIME_FORMAT                HH.MI.SSXFF AM                                                                                                                                                           
NLS_TIMESTAMP_FORMAT           DD-MON-RR HH.MI.SSXFF AM                                                                                                                                                 
NLS_TIME_TZ_FORMAT             HH.MI.SSXFF AM TZR                                                                                                                                                       
NLS_TIMESTAMP_TZ_FORMAT        DD-MON-RR HH.MI.SSXFF AM TZR                                                                                                                                             
NLS_DUAL_CURRENCY              $                                                                                                                                                                        
NLS_COMP                       BINARY                                                                                                                                                                   
NLS_LENGTH_SEMANTICS           BYTE                                                                                                                                                                     
NLS_NCHAR_CONV_EXCP            FALSE                                                                                                                                                                    

17 rows selected.

SQL> ALTER SESSION SET NLS_NUMERIC_CHARACTERS = '~|';

Session altered.

SQL> SELECT SALARY , TO_CHAR(SALARY,'09|099~09') FROM EMPLOYEES;
SELECT SALARY , TO_CHAR(SALARY,'09|099~09') FROM EMPLOYEES
                               *
ERROR at line 1:
ORA-01481: invalid number format model 


SQL> SELECT * FROM NLS_SESSION_PARAMETERS;

PARAMETER                      VALUE                                                                                                                                                                    
------------------------------ ------------------------------                                                                                                                                           
NLS_LANGUAGE                   AMERICAN                                                                                                                                                                 
NLS_TERRITORY                  AMERICA                                                                                                                                                                  
NLS_CURRENCY                   $                                                                                                                                                                        
NLS_ISO_CURRENCY               AMERICA                                                                                                                                                                  
NLS_NUMERIC_CHARACTERS         ~|                                                                                                                                                                       
NLS_CALENDAR                   GREGORIAN                                                                                                                                                                
NLS_DATE_FORMAT                DD-MON-RR                                                                                                                                                                
NLS_DATE_LANGUAGE              AMERICAN                                                                                                                                                                 
NLS_SORT                       BINARY                                                                                                                                                                   
NLS_TIME_FORMAT                HH.MI.SSXFF AM                                                                                                                                                           
NLS_TIMESTAMP_FORMAT           DD-MON-RR HH.MI.SSXFF AM                                                                                                                                                 
NLS_TIME_TZ_FORMAT             HH.MI.SSXFF AM TZR                                                                                                                                                       
NLS_TIMESTAMP_TZ_FORMAT        DD-MON-RR HH.MI.SSXFF AM TZR                                                                                                                                             
NLS_DUAL_CURRENCY              $                                                                                                                                                                        
NLS_COMP                       BINARY                                                                                                                                                                   
NLS_LENGTH_SEMANTICS           BYTE                                                                                                                                                                     
NLS_NCHAR_CONV_EXCP            FALSE                                                                                                                                                                    

17 rows selected.

SQL> SELECT SALARY , TO_CHAR(SALARY,'09G099D09') FROM EMPLOYEES;

    SALARY TO_CHAR(SA                                                                                                                                                                                   
---------- ----------                                                                                                                                                                                   
     24000  24|000~00                                                                                                                                                                                   
     17000  17|000~00                                                                                                                                                                                   
     17000  17|000~00                                                                                                                                                                                   
      9000  09|000~00                                                                                                                                                                                   
      6000  06|000~00                                                                                                                                                                                   
      4200  04|200~00                                                                                                                                                                                   
      5800  05|800~00                                                                                                                                                                                   
      3500  03|500~00                                                                                                                                                                                   
      3100  03|100~00                                                                                                                                                                                   
      2600  02|600~00                                                                                                                                                                                   
      2500  02|500~00                                                                                                                                                                                   
     10500  10|500~00                                                                                                                                                                                   
     11000  11|000~00                                                                                                                                                                                   
      8600  08|600~00                                                                                                                                                                                   
      7000  07|000~00                                                                                                                                                                                   
      4400  04|400~00                                                                                                                                                                                   
     13000  13|000~00                                                                                                                                                                                   
      6000  06|000~00                                                                                                                                                                                   
     12000  12|000~00                                                                                                                                                                                   
      8300  08|300~00                                                                                                                                                                                   

20 rows selected.

SQL> SELECT SALARY , TO_CHAR(SALARY,'0909') FROM EMPLOYEES;

    SALARY TO_CH                                                                                                                                                                                        
---------- -----                                                                                                                                                                                        
     24000 #####                                                                                                                                                                                        
     17000 #####                                                                                                                                                                                        
     17000 #####                                                                                                                                                                                        
      9000  9000                                                                                                                                                                                        
      6000  6000                                                                                                                                                                                        
      4200  4200                                                                                                                                                                                        
      5800  5800                                                                                                                                                                                        
      3500  3500                                                                                                                                                                                        
      3100  3100                                                                                                                                                                                        
      2600  2600                                                                                                                                                                                        
      2500  2500                                                                                                                                                                                        
     10500 #####                                                                                                                                                                                        
     11000 #####                                                                                                                                                                                        
      8600  8600                                                                                                                                                                                        
      7000  7000                                                                                                                                                                                        
      4400  4400                                                                                                                                                                                        
     13000 #####                                                                                                                                                                                        
      6000  6000                                                                                                                                                                                        
     12000 #####                                                                                                                                                                                        
      8300  8300                                                                                                                                                                                        

20 rows selected.

SQL> SELECT SALARY , TO_CHAR(SALARY,'09G099D09') FROM EMPLOYEES;

    SALARY TO_CHAR(SA                                                                                                                                                                                   
---------- ----------                                                                                                                                                                                   
     24000  24|000~00                                                                                                                                                                                   
     17000  17|000~00                                                                                                                                                                                   
     17000  17|000~00                                                                                                                                                                                   
      9000  09|000~00                                                                                                                                                                                   
      6000  06|000~00                                                                                                                                                                                   
      4200  04|200~00                                                                                                                                                                                   
      5800  05|800~00                                                                                                                                                                                   
      3500  03|500~00                                                                                                                                                                                   
      3100  03|100~00                                                                                                                                                                                   
      2600  02|600~00                                                                                                                                                                                   
      2500  02|500~00                                                                                                                                                                                   
     10500  10|500~00                                                                                                                                                                                   
     11000  11|000~00                                                                                                                                                                                   
      8600  08|600~00                                                                                                                                                                                   
      7000  07|000~00                                                                                                                                                                                   
      4400  04|400~00                                                                                                                                                                                   
     13000  13|000~00                                                                                                                                                                                   
      6000  06|000~00                                                                                                                                                                                   
     12000  12|000~00                                                                                                                                                                                   
      8300  08|300~00                                                                                                                                                                                   

20 rows selected.

SQL> SELECT SALARY , TO_CHAR(SALARY,'09D099G09') FROM EMPLOYEES;
SELECT SALARY , TO_CHAR(SALARY,'09D099G09') FROM EMPLOYEES
                               *
ERROR at line 1:
ORA-01481: invalid number format model 


SQL> SELECT SALARY , TO_CHAR(SALARY,'09G099.09') FROM EMPLOYEES;
SELECT SALARY , TO_CHAR(SALARY,'09G099.09') FROM EMPLOYEES
                               *
ERROR at line 1:
ORA-01481: invalid number format model 


SQL> SELECT SALARY , TO_CHAR(SALARY,'09,099D09') FROM EMPLOYEES;
SELECT SALARY , TO_CHAR(SALARY,'09,099D09') FROM EMPLOYEES
                               *
ERROR at line 1:
ORA-01481: invalid number format model 


SQL> SELECT SALARY , TO_CHAR(SALARY,'09,099.09') FROM EMPLOYEES;

    SALARY TO_CHAR(SA                                                                                                                                                                                    
---------- ----------                                                                                                                                                                                   
     24000  24,000.00                                                                                                                                                                                   
     17000  17,000.00                                                                                                                                                                                   
     17000  17,000.00                                                                                                                                                                                   
      9000  09,000.00                                                                                                                                                                                   
      6000  06,000.00                                                                                                                                                                                   
      4200  04,200.00                                                                                                                                                                                   
      5800  05,800.00                                                                                                                                                                                   
      3500  03,500.00                                                                                                                                                                                   
      3100  03,100.00                                                                                                                                                                                   
      2600  02,600.00                                                                                                                                                                                   
      2500  02,500.00                                                                                                                                                                                   
     10500  10,500.00                                                                                                                                                                                   
     11000  11,000.00                                                                                                                                                                                   
      8600  08,600.00                                                                                                                                                                                   
      7000  07,000.00                                                                                                                                                                                   
      4400  04,400.00                                                                                                                                                                                   
     13000  13,000.00                                                                                                                                                                                   
      6000  06,000.00                                                                                                                                                                                   
     12000  12,000.00                                                                                                                                                                                   
      8300  08,300.00                                                                                                                                                                                   

20 rows selected.

SQL> SELECT SALARY , TO_CHAR(SALARY,'$09,099.09') FROM EMPLOYEES;

    SALARY TO_CHAR(SAL                                                                                                                                                                                  
---------- -----------                                                                                                                                                                                  
     24000  $24,000.00                                                                                                                                                                                  
     17000  $17,000.00                                                                                                                                                                                  
     17000  $17,000.00                                                                                                                                                                                  
      9000  $09,000.00                                                                                                                                                                                  
      6000  $06,000.00                                                                                                                                                                                  
      4200  $04,200.00                                                                                                                                                                                  
      5800  $05,800.00                                                                                                                                                                                  
      3500  $03,500.00                                                                                                                                                                                  
      3100  $03,100.00                                                                                                                                                                                  
      2600  $02,600.00                                                                                                                                                                                  
      2500  $02,500.00                                                                                                                                                                                  
     10500  $10,500.00                                                                                                                                                                                  
     11000  $11,000.00                                                                                                                                                                                  
      8600  $08,600.00                                                                                                                                                                                  
      7000  $07,000.00                                                                                                                                                                                  
      4400  $04,400.00                                                                                                                                                                                  
     13000  $13,000.00                                                                                                                                                                                  
      6000  $06,000.00                                                                                                                                                                                  
     12000  $12,000.00                                                                                                                                                                                  
      8300  $08,300.00                                                                                                                                                                                  

20 rows selected.

SQL> SELECT SALARY , TO_CHAR(SALARY,'09,099.09$') FROM EMPLOYEES;

    SALARY TO_CHAR(SAL                                                                                                                                                                                  
---------- -----------                                                                                                                                                                                  
     24000  $24,000.00                                                                                                                                                                                  
     17000  $17,000.00                                                                                                                                                                                  
     17000  $17,000.00                                                                                                                                                                                  
      9000  $09,000.00                                                                                                                                                                                  
      6000  $06,000.00                                                                                                                                                                                  
      4200  $04,200.00                                                                                                                                                                                  
      5800  $05,800.00                                                                                                                                                                                  
      3500  $03,500.00                                                                                                                                                                                  
      3100  $03,100.00                                                                                                                                                                                  
      2600  $02,600.00                                                                                                                                                                                  
      2500  $02,500.00                                                                                                                                                                                  
     10500  $10,500.00                                                                                                                                                                                  
     11000  $11,000.00                                                                                                                                                                                  
      8600  $08,600.00                                                                                                                                                                                  
      7000  $07,000.00                                                                                                                                                                                  
      4400  $04,400.00                                                                                                                                                                                  
     13000  $13,000.00                                                                                                                                                                                  
      6000  $06,000.00                                                                                                                                                                                  
     12000  $12,000.00                                                                                                                                                                                  
      8300  $08,300.00                                                                                                                                                                                  

20 rows selected.

SQL> SELECT SALARY , TO_CHAR(SALARY,'09,0$99.09') FROM EMPLOYEES;

    SALARY TO_CHAR(SAL                                                                                                                                                                                  
---------- -----------                                                                                                                                                                                  
     24000  $24,000.00                                                                                                                                                                                  
     17000  $17,000.00                                                                                                                                                                                  
     17000  $17,000.00                                                                                                                                                                                  
      9000  $09,000.00                                                                                                                                                                                  
      6000  $06,000.00                                                                                                                                                                                  
      4200  $04,200.00                                                                                                                                                                                  
      5800  $05,800.00                                                                                                                                                                                  
      3500  $03,500.00                                                                                                                                                                                  
      3100  $03,100.00                                                                                                                                                                                  
      2600  $02,600.00                                                                                                                                                                                  
      2500  $02,500.00                                                                                                                                                                                  
     10500  $10,500.00                                                                                                                                                                                  
     11000  $11,000.00                                                                                                                                                                                  
      8600  $08,600.00                                                                                                                                                                                  
      7000  $07,000.00                                                                                                                                                                                  
      4400  $04,400.00                                                                                                                                                                                  
     13000  $13,000.00                                                                                                                                                                                  
      6000  $06,000.00                                                                                                                                                                                  
     12000  $12,000.00                                                                                                                                                                                  
      8300  $08,300.00                                                                                                                                                                                  

20 rows selected.

SQL> SELECT SALARY , TO_CHAR(SALARY,'L09,099.09') FROM EMPLOYEES;

    SALARY TO_CHAR(SALARY,'L09,                                                                                                                                                                         
---------- --------------------                                                                                                                                                                         
     24000           $24,000.00                                                                                                                                                                         
     17000           $17,000.00                                                                                                                                                                         
     17000           $17,000.00                                                                                                                                                                         
      9000           $09,000.00                                                                                                                                                                         
      6000           $06,000.00                                                                                                                                                                         
      4200           $04,200.00                                                                                                                                                                         
      5800           $05,800.00                                                                                                                                                                         
      3500           $03,500.00                                                                                                                                                                         
      3100           $03,100.00                                                                                                                                                                         
      2600           $02,600.00                                                                                                                                                                         
      2500           $02,500.00                                                                                                                                                                         
     10500           $10,500.00                                                                                                                                                                         
     11000           $11,000.00                                                                                                                                                                         
      8600           $08,600.00                                                                                                                                                                         
      7000           $07,000.00                                                                                                                                                                         
      4400           $04,400.00                                                                                                                                                                         
     13000           $13,000.00                                                                                                                                                                         
      6000           $06,000.00                                                                                                                                                                         
     12000           $12,000.00                                                                                                                                                                         
      8300           $08,300.00                                                                                                                                                                         

20 rows selected.

SQL> SELECT SALARY , TO_CHAR(SALARY,'U09,099.09') FROM EMPLOYEES;

    SALARY TO_CHAR(SALARY,'U09,                                                                                                                                                                         
---------- --------------------                                                                                                                                                                         
     24000           $24,000.00                                                                                                                                                                         
     17000           $17,000.00                                                                                                                                                                         
     17000           $17,000.00                                                                                                                                                                         
      9000           $09,000.00                                                                                                                                                                         
      6000           $06,000.00                                                                                                                                                                         
      4200           $04,200.00                                                                                                                                                                         
      5800           $05,800.00                                                                                                                                                                         
      3500           $03,500.00                                                                                                                                                                         
      3100           $03,100.00                                                                                                                                                                         
      2600           $02,600.00                                                                                                                                                                         
      2500           $02,500.00                                                                                                                                                                         
     10500           $10,500.00                                                                                                                                                                         
     11000           $11,000.00                                                                                                                                                                         
      8600           $08,600.00                                                                                                                                                                         
      7000           $07,000.00                                                                                                                                                                         
      4400           $04,400.00                                                                                                                                                                         
     13000           $13,000.00                                                                                                                                                                         
      6000           $06,000.00                                                                                                                                                                         
     12000           $12,000.00                                                                                                                                                                         
      8300           $08,300.00                                                                                                                                                                         

20 rows selected.

SQL> SELECT * FROM NLS_SESSION_PARAMETERS;

PARAMETER                      VALUE                                                                                                                                                                    
------------------------------ ------------------------------                                                                                                                                           
NLS_LANGUAGE                   AMERICAN                                                                                                                                                                 
NLS_TERRITORY                  AMERICA                                                                                                                                                                  
NLS_CURRENCY                   $                                                                                                                                                                        
NLS_ISO_CURRENCY               AMERICA                                                                                                                                                                  
NLS_NUMERIC_CHARACTERS         ~|                                                                                                                                                                       
NLS_CALENDAR                   GREGORIAN                                                                                                                                                                
NLS_DATE_FORMAT                DD-MON-RR                                                                                                                                                                
NLS_DATE_LANGUAGE              AMERICAN                                                                                                                                                                 
NLS_SORT                       BINARY                                                                                                                                                                   
NLS_TIME_FORMAT                HH.MI.SSXFF AM                                                                                                                                                           
NLS_TIMESTAMP_FORMAT           DD-MON-RR HH.MI.SSXFF AM                                                                                                                                                 
NLS_TIME_TZ_FORMAT             HH.MI.SSXFF AM TZR                                                                                                                                                       
NLS_TIMESTAMP_TZ_FORMAT        DD-MON-RR HH.MI.SSXFF AM TZR                                                                                                                                             
NLS_DUAL_CURRENCY              $                                                                                                                                                                        
NLS_COMP                       BINARY                                                                                                                                                                   
NLS_LENGTH_SEMANTICS           BYTE                                                                                                                                                                     
NLS_NCHAR_CONV_EXCP            FALSE                                                                                                                                                                    

17 rows selected.

SQL> ALTER SESSION SET NLS_CURRENCY = 'Rs.';

Session altered.

SQL> 
SQL> SELECT SALARY , TO_CHAR(SALARY,'Rs.09,099.09') FROM EMPLOYEES;
SELECT SALARY , TO_CHAR(SALARY,'Rs.09,099.09') FROM EMPLOYEES
                               *
ERROR at line 1:
ORA-01481: invalid number format model 


SQL> SELECT * FROM NLS_SESSION_PARAMETERS;

PARAMETER                      VALUE                                                                                                                                                                    
------------------------------ ------------------------------                                                                                                                                           
NLS_LANGUAGE                   AMERICAN                                                                                                                                                                 
NLS_TERRITORY                  AMERICA                                                                                                                                                                  
NLS_CURRENCY                   Rs.                                                                                                                                                                      
NLS_ISO_CURRENCY               AMERICA                                                                                                                                                                  
NLS_NUMERIC_CHARACTERS         ~|                                                                                                                                                                       
NLS_CALENDAR                   GREGORIAN                                                                                                                                                                
NLS_DATE_FORMAT                DD-MON-RR                                                                                                                                                                
NLS_DATE_LANGUAGE              AMERICAN                                                                                                                                                                 
NLS_SORT                       BINARY                                                                                                                                                                   
NLS_TIME_FORMAT                HH.MI.SSXFF AM                                                                                                                                                           
NLS_TIMESTAMP_FORMAT           DD-MON-RR HH.MI.SSXFF AM                                                                                                                                                 
NLS_TIME_TZ_FORMAT             HH.MI.SSXFF AM TZR                                                                                                                                                       
NLS_TIMESTAMP_TZ_FORMAT        DD-MON-RR HH.MI.SSXFF AM TZR                                                                                                                                             
NLS_DUAL_CURRENCY              $                                                                                                                                                                        
NLS_COMP                       BINARY                                                                                                                                                                   
NLS_LENGTH_SEMANTICS           BYTE                                                                                                                                                                     
NLS_NCHAR_CONV_EXCP            FALSE                                                                                                                                                                    

17 rows selected.

SQL> SELECT SALARY , TO_CHAR(SALARY,'$09,099.09') FROM EMPLOYEES;

    SALARY TO_CHAR(SAL                                                                                                                                                                                  
---------- -----------                                                                                                                                                                                  
     24000  $24,000.00                                                                                                                                                                                  
     17000  $17,000.00                                                                                                                                                                                  
     17000  $17,000.00                                                                                                                                                                                  
      9000  $09,000.00                                                                                                                                                                                  
      6000  $06,000.00                                                                                                                                                                                  
      4200  $04,200.00                                                                                                                                                                                  
      5800  $05,800.00                                                                                                                                                                                  
      3500  $03,500.00                                                                                                                                                                                  
      3100  $03,100.00                                                                                                                                                                                  
      2600  $02,600.00                                                                                                                                                                                  
      2500  $02,500.00                                                                                                                                                                                  
     10500  $10,500.00                                                                                                                                                                                  
     11000  $11,000.00                                                                                                                                                                                  
      8600  $08,600.00                                                                                                                                                                                  
      7000  $07,000.00                                                                                                                                                                                  
      4400  $04,400.00                                                                                                                                                                                  
     13000  $13,000.00                                                                                                                                                                                  
      6000  $06,000.00                                                                                                                                                                                  
     12000  $12,000.00                                                                                                                                                                                  
      8300  $08,300.00                                                                                                                                                                                  

20 rows selected.

SQL> SELECT SALARY , TO_CHAR(SALARY,'l09,099.09') FROM EMPLOYEES;

    SALARY TO_CHAR(SALARY,'L09,                                                                                                                                                                         
---------- --------------------                                                                                                                                                                         
     24000         Rs.24,000.00                                                                                                                                                                         
     17000         Rs.17,000.00                                                                                                                                                                         
     17000         Rs.17,000.00                                                                                                                                                                         
      9000         Rs.09,000.00                                                                                                                                                                         
      6000         Rs.06,000.00                                                                                                                                                                         
      4200         Rs.04,200.00                                                                                                                                                                         
      5800         Rs.05,800.00                                                                                                                                                                         
      3500         Rs.03,500.00                                                                                                                                                                         
      3100         Rs.03,100.00                                                                                                                                                                         
      2600         Rs.02,600.00                                                                                                                                                                         
      2500         Rs.02,500.00                                                                                                                                                                         
     10500         Rs.10,500.00                                                                                                                                                                         
     11000         Rs.11,000.00                                                                                                                                                                         
      8600         Rs.08,600.00                                                                                                                                                                         
      7000         Rs.07,000.00                                                                                                                                                                         
      4400         Rs.04,400.00                                                                                                                                                                         
     13000         Rs.13,000.00                                                                                                                                                                         
      6000         Rs.06,000.00                                                                                                                                                                         
     12000         Rs.12,000.00                                                                                                                                                                         
      8300         Rs.08,300.00                                                                                                                                                                         

20 rows selected.

SQL> SELECT SALARY , TO_CHAR(SALARY,'U09,099.09') FROM EMPLOYEES;

    SALARY TO_CHAR(SALARY,'U09,                                                                                                                                                                         
---------- --------------------                                                                                                                                                                         
     24000           $24,000.00                                                                                                                                                                         
     17000           $17,000.00                                                                                                                                                                         
     17000           $17,000.00                                                                                                                                                                         
      9000           $09,000.00                                                                                                                                                                         
      6000           $06,000.00                                                                                                                                                                         
      4200           $04,200.00                                                                                                                                                                         
      5800           $05,800.00                                                                                                                                                                         
      3500           $03,500.00                                                                                                                                                                         
      3100           $03,100.00                                                                                                                                                                         
      2600           $02,600.00                                                                                                                                                                         
      2500           $02,500.00                                                                                                                                                                         
     10500           $10,500.00                                                                                                                                                                         
     11000           $11,000.00                                                                                                                                                                         
      8600           $08,600.00                                                                                                                                                                         
      7000           $07,000.00                                                                                                                                                                         
      4400           $04,400.00                                                                                                                                                                         
     13000           $13,000.00                                                                                                                                                                         
      6000           $06,000.00                                                                                                                                                                         
     12000           $12,000.00                                                                                                                                                                         
      8300           $08,300.00                                                                                                                                                                         

20 rows selected.

SQL> ALTER SESSION SET NLS_DUAL_CURRENCY = '�';
ALTER SESSION SET NLS_NUMERIC_CHARACTERS = '~|';

Session altered.

SQL> SELECT SALARY , TO_CHAR(SALARY,'U09,099.09') FROM EMPLOYEES;

    SALARY TO_CHAR(SALARY,'U09,                                                                                                                                                                         
---------- --------------------                                                                                                                                                                         
     24000          �24,000.00                                                                                                                                                                          
     17000          �17,000.00                                                                                                                                                                          
     17000          �17,000.00                                                                                                                                                                          
      9000          �09,000.00                                                                                                                                                                          
      6000          �06,000.00                                                                                                                                                                          
      4200          �04,200.00                                                                                                                                                                          
      5800          �05,800.00                                                                                                                                                                          
      3500          �03,500.00                                                                                                                                                                          
      3100          �03,100.00                                                                                                                                                                          
      2600          �02,600.00                                                                                                                                                                          
      2500          �02,500.00                                                                                                                                                                          
     10500          �10,500.00                                                                                                                                                                          
     11000          �11,000.00                                                                                                                                                                          
      8600          �08,600.00                                                                                                                                                                          
      7000          �07,000.00                                                                                                                                                                          
      4400          �04,400.00                                                                                                                                                                          
     13000          �13,000.00                                                                                                                                                                          
      6000          �06,000.00                                                                                                                                                                          
     12000          �12,000.00                                                                                                                                                                          
      8300          �08,300.00                                                                                                                                                                          

20 rows selected.

SQL> SELECT SALARY , TO_CHAR(SALARY,'l09,099.09') FROM EMPLOYEES;

    SALARY TO_CHAR(SALARY,'L09,                                                                                                                                                                         
---------- --------------------                                                                                                                                                                         
     24000         Rs.24,000.00                                                                                                                                                                         
     17000         Rs.17,000.00                                                                                                                                                                         
     17000         Rs.17,000.00                                                                                                                                                                         
      9000         Rs.09,000.00                                                                                                                                                                         
      6000         Rs.06,000.00                                                                                                                                                                         
      4200         Rs.04,200.00                                                                                                                                                                         
      5800         Rs.05,800.00                                                                                                                                                                         
      3500         Rs.03,500.00                                                                                                                                                                         
      3100         Rs.03,100.00                                                                                                                                                                         
      2600         Rs.02,600.00                                                                                                                                                                         
      2500         Rs.02,500.00                                                                                                                                                                         
     10500         Rs.10,500.00                                                                                                                                                                         
     11000         Rs.11,000.00                                                                                                                                                                         
      8600         Rs.08,600.00                                                                                                                                                                         
      7000         Rs.07,000.00                                                                                                                                                                         
      4400         Rs.04,400.00                                                                                                                                                                         
     13000         Rs.13,000.00                                                                                                                                                                         
      6000         Rs.06,000.00                                                                                                                                                                         
     12000         Rs.12,000.00                                                                                                                                                                         
      8300         Rs.08,300.00                                                                                                                                                                         

20 rows selected.

SQL> SELECT SALARY , TO_CHAR(SALARY,'$09,099.09') FROM EMPLOYEES;

    SALARY TO_CHAR(SAL                                                                                                                                                                                  
---------- -----------                                                                                                                                                                                  
     24000  $24,000.00                                                                                                                                                                                  
     17000  $17,000.00                                                                                                                                                                                  
     17000  $17,000.00                                                                                                                                                                                  
      9000  $09,000.00                                                                                                                                                                                  
      6000  $06,000.00                                                                                                                                                                                  
      4200  $04,200.00                                                                                                                                                                                  
      5800  $05,800.00                                                                                                                                                                                  
      3500  $03,500.00                                                                                                                                                                                  
      3100  $03,100.00                                                                                                                                                                                  
      2600  $02,600.00                                                                                                                                                                                  
      2500  $02,500.00                                                                                                                                                                                  
     10500  $10,500.00                                                                                                                                                                                  
     11000  $11,000.00                                                                                                                                                                                  
      8600  $08,600.00                                                                                                                                                                                  
      7000  $07,000.00                                                                                                                                                                                  
      4400  $04,400.00                                                                                                                                                                                  
     13000  $13,000.00                                                                                                                                                                                  
      6000  $06,000.00                                                                                                                                                                                  
     12000  $12,000.00                                                                                                                                                                                  
      8300  $08,300.00                                                                                                                                                                                  

20 rows selected.

SQL> SELECT SALARY , TO_CHAR(SALARY,'$09,099.09') , TO_CHAR(SALARY,'U99G999D99') , TO_CHAR(SALARY,'L00,000.00') FROM EMPLOYEES;

    SALARY TO_CHAR(SAL TO_CHAR(SALARY,'U99G TO_CHAR(SALARY,'L00,                                                                                                                                        
---------- ----------- -------------------- --------------------                                                                                                                                        
     24000  $24,000.00          �24|000~00          Rs.24,000.00                                                                                                                                        
     17000  $17,000.00          �17|000~00          Rs.17,000.00                                                                                                                                        
     17000  $17,000.00          �17|000~00          Rs.17,000.00                                                                                                                                        
      9000  $09,000.00           �9|000~00          Rs.09,000.00                                                                                                                                        
      6000  $06,000.00           �6|000~00          Rs.06,000.00                                                                                                                                        
      4200  $04,200.00           �4|200~00          Rs.04,200.00                                                                                                                                        
      5800  $05,800.00           �5|800~00          Rs.05,800.00                                                                                                                                        
      3500  $03,500.00           �3|500~00          Rs.03,500.00                                                                                                                                        
      3100  $03,100.00           �3|100~00          Rs.03,100.00                                                                                                                                        
      2600  $02,600.00           �2|600~00          Rs.02,600.00                                                                                                                                        
      2500  $02,500.00           �2|500~00          Rs.02,500.00                                                                                                                                        
     10500  $10,500.00          �10|500~00          Rs.10,500.00                                                                                                                                        
     11000  $11,000.00          �11|000~00          Rs.11,000.00                                                                                                                                        
      8600  $08,600.00           �8|600~00          Rs.08,600.00                                                                                                                                        
      7000  $07,000.00           �7|000~00          Rs.07,000.00                                                                                                                                        
      4400  $04,400.00           �4|400~00          Rs.04,400.00                                                                                                                                        
     13000  $13,000.00          �13|000~00          Rs.13,000.00                                                                                                                                        
      6000  $06,000.00           �6|000~00          Rs.06,000.00                                                                                                                                        
     12000  $12,000.00          �12|000~00          Rs.12,000.00                                                                                                                                        
      8300  $08,300.00           �8|300~00          Rs.08,300.00                                                                                                                                        

20 rows selected.

SQL> SELECT SALARY , TO_CHAR(SALARY,'$09,099.09') , TO_CHAR(SALARY,'U99G999D99') , TO_CHAR(SALARY,'L00,$000.00') FROM EMPLOYEES;
SELECT SALARY , TO_CHAR(SALARY,'$09,099.09') , TO_CHAR(SALARY,'U99G999D99') , TO_CHAR(SALARY,'L00,$000.00') FROM EMPLOYEES
                                                                                             *
ERROR at line 1:
ORA-01481: invalid number format model 


SQL> SELECT SALARY , TO_CHAR(SALARY,'$09,099.09') , TO_CHAR(SALARY,'99G999D99U') , TO_CHAR(SALARY,'L00,$000.00') FROM EMPLOYEES;
SELECT SALARY , TO_CHAR(SALARY,'$09,099.09') , TO_CHAR(SALARY,'99G999D99U') , TO_CHAR(SALARY,'L00,$000.00') FROM EMPLOYEES
                                                                                             *
ERROR at line 1:
ORA-01481: invalid number format model 


SQL> SELECT SALARY , TO_CHAR(SALARY,'$09,099.09') , TO_CHAR(SALARY,'99G999D99U') , TO_CHAR(SALARY,'L00,000.00') FROM EMPLOYEES;

    SALARY TO_CHAR(SAL TO_CHAR(SALARY,'99G9 TO_CHAR(SALARY,'L00,                                                                                                                                        
---------- ----------- -------------------- --------------------                                                                                                                                        
     24000  $24,000.00          24|000~00�          Rs.24,000.00                                                                                                                                        
     17000  $17,000.00          17|000~00�          Rs.17,000.00                                                                                                                                        
     17000  $17,000.00          17|000~00�          Rs.17,000.00                                                                                                                                        
      9000  $09,000.00           9|000~00�          Rs.09,000.00                                                                                                                                        
      6000  $06,000.00           6|000~00�          Rs.06,000.00                                                                                                                                        
      4200  $04,200.00           4|200~00�          Rs.04,200.00                                                                                                                                        
      5800  $05,800.00           5|800~00�          Rs.05,800.00                                                                                                                                        
      3500  $03,500.00           3|500~00�          Rs.03,500.00                                                                                                                                        
      3100  $03,100.00           3|100~00�          Rs.03,100.00                                                                                                                                        
      2600  $02,600.00           2|600~00�          Rs.02,600.00                                                                                                                                        
      2500  $02,500.00           2|500~00�          Rs.02,500.00                                                                                                                                        
     10500  $10,500.00          10|500~00�          Rs.10,500.00                                                                                                                                        
     11000  $11,000.00          11|000~00�          Rs.11,000.00                                                                                                                                        
      8600  $08,600.00           8|600~00�          Rs.08,600.00                                                                                                                                        
      7000  $07,000.00           7|000~00�          Rs.07,000.00                                                                                                                                        
      4400  $04,400.00           4|400~00�          Rs.04,400.00                                                                                                                                        
     13000  $13,000.00          13|000~00�          Rs.13,000.00                                                                                                                                        
      6000  $06,000.00           6|000~00�          Rs.06,000.00                                                                                                                                        
     12000  $12,000.00          12|000~00�          Rs.12,000.00                                                                                                                                        
      8300  $08,300.00           8|300~00�          Rs.08,300.00                                                                                                                                        

20 rows selected.

SQL> SELECT SALARY , TO_CHAR(SALARY,'$09,099.09') , TO_CHAR(SALARY,'99G999D99U') , TO_CHAR(SALARY,'00,000.00L') FROM EMPLOYEES;

    SALARY TO_CHAR(SAL TO_CHAR(SALARY,'99G9 TO_CHAR(SALARY,'00,0                                                                                                                                        
---------- ----------- -------------------- --------------------                                                                                                                                        
     24000  $24,000.00          24|000~00�          24,000.00Rs.                                                                                                                                        
     17000  $17,000.00          17|000~00�          17,000.00Rs.                                                                                                                                        
     17000  $17,000.00          17|000~00�          17,000.00Rs.                                                                                                                                        
      9000  $09,000.00           9|000~00�          09,000.00Rs.                                                                                                                                        
      6000  $06,000.00           6|000~00�          06,000.00Rs.                                                                                                                                        
      4200  $04,200.00           4|200~00�          04,200.00Rs.                                                                                                                                        
      5800  $05,800.00           5|800~00�          05,800.00Rs.                                                                                                                                        
      3500  $03,500.00           3|500~00�          03,500.00Rs.                                                                                                                                        
      3100  $03,100.00           3|100~00�          03,100.00Rs.                                                                                                                                        
      2600  $02,600.00           2|600~00�          02,600.00Rs.                                                                                                                                        
      2500  $02,500.00           2|500~00�          02,500.00Rs.                                                                                                                                        
     10500  $10,500.00          10|500~00�          10,500.00Rs.                                                                                                                                        
     11000  $11,000.00          11|000~00�          11,000.00Rs.                                                                                                                                        
      8600  $08,600.00           8|600~00�          08,600.00Rs.                                                                                                                                        
      7000  $07,000.00           7|000~00�          07,000.00Rs.                                                                                                                                        
      4400  $04,400.00           4|400~00�          04,400.00Rs.                                                                                                                                        
     13000  $13,000.00          13|000~00�          13,000.00Rs.                                                                                                                                        
      6000  $06,000.00           6|000~00�          06,000.00Rs.                                                                                                                                        
     12000  $12,000.00          12|000~00�          12,000.00Rs.                                                                                                                                        
      8300  $08,300.00           8|300~00�          08,300.00Rs.                                                                                                                                        

20 rows selected.

SQL> SELECT SALARY , TO_CHAR(SALARY,'$09,099.09') , TO_CHAR(SALARY,'99G999D99U') , TO_CHAR(SALARY,'00,0L00.00') FROM EMPLOYEES;
SELECT SALARY , TO_CHAR(SALARY,'$09,099.09') , TO_CHAR(SALARY,'99G999D99U') , TO_CHAR(SALARY,'00,0L00.00') FROM EMPLOYEES
                                                                                             *
ERROR at line 1:
ORA-01481: invalid number format model 


SQL> SELECT SALARY , TO_CHAR(SALARY,'$09,099.09') , TO_CHAR(SALARY,'99G999D99U') , TO_CHAR(SALARY,'L00,000.00') FROM EMPLOYEES;

    SALARY TO_CHAR(SAL TO_CHAR(SALARY,'99G9 TO_CHAR(SALARY,'L00,                                                                                                                                        
---------- ----------- -------------------- --------------------                                                                                                                                        
     24000  $24,000.00          24|000~00�          Rs.24,000.00                                                                                                                                        
     17000  $17,000.00          17|000~00�          Rs.17,000.00                                                                                                                                        
     17000  $17,000.00          17|000~00�          Rs.17,000.00                                                                                                                                        
      9000  $09,000.00           9|000~00�          Rs.09,000.00                                                                                                                                        
      6000  $06,000.00           6|000~00�          Rs.06,000.00                                                                                                                                        
      4200  $04,200.00           4|200~00�          Rs.04,200.00                                                                                                                                        
      5800  $05,800.00           5|800~00�          Rs.05,800.00                                                                                                                                        
      3500  $03,500.00           3|500~00�          Rs.03,500.00                                                                                                                                        
      3100  $03,100.00           3|100~00�          Rs.03,100.00                                                                                                                                        
      2600  $02,600.00           2|600~00�          Rs.02,600.00                                                                                                                                        
      2500  $02,500.00           2|500~00�          Rs.02,500.00                                                                                                                                        
     10500  $10,500.00          10|500~00�          Rs.10,500.00                                                                                                                                        
     11000  $11,000.00          11|000~00�          Rs.11,000.00                                                                                                                                        
      8600  $08,600.00           8|600~00�          Rs.08,600.00                                                                                                                                        
      7000  $07,000.00           7|000~00�          Rs.07,000.00                                                                                                                                        
      4400  $04,400.00           4|400~00�          Rs.04,400.00                                                                                                                                        
     13000  $13,000.00          13|000~00�          Rs.13,000.00                                                                                                                                        
      6000  $06,000.00           6|000~00�          Rs.06,000.00                                                                                                                                        
     12000  $12,000.00          12|000~00�          Rs.12,000.00                                                                                                                                        
      8300  $08,300.00           8|300~00�          Rs.08,300.00                                                                                                                                        

20 rows selected.

SQL> REM VALID NUMBER FORMAT CHARACTERS :  9 0   , .   G D   $ L U  S MI PR   EEEE or eeee   V
SQL> 
SQL> SELECT FIRST_NAME , SALARY , TO_CHAR(SALARY,'L99G000D90','NLS_CURRENCY=@ NLS_NUMERIC_CHARACTERS=^!') FROM EMPLOYEES;

FIRST_NAME     SALARY TO_CHAR(SALARY,'L99G                                                                                                                                                              
---------- ---------- --------------------                                                                                                                                                              
Steven          24000           @24!000^00                                                                                                                                                              
Neena           17000           @17!000^00                                                                                                                                                              
Lex             17000           @17!000^00                                                                                                                                                              
Alexander        9000            @9!000^00                                                                                                                                                              
Bruce            6000            @6!000^00                                                                                                                                                              
Diana            4200            @4!200^00                                                                                                                                                              
Kevin            5800            @5!800^00                                                                                                                                                              
Trenna           3500            @3!500^00                                                                                                                                                              
Curtis           3100            @3!100^00                                                                                                                                                              
Randall          2600            @2!600^00                                                                                                                                                              
Peter            2500            @2!500^00                                                                                                                                                              
Eleni           10500           @10!500^00                                                                                                                                                              
Ellen           11000           @11!000^00                                                                                                                                                              
Jonathon         8600            @8!600^00                                                                                                                                                              
Kimerely         7000            @7!000^00                                                                                                                                                              
Jennifer         4400            @4!400^00                                                                                                                                                              
Michael         13000           @13!000^00                                                                                                                                                              
Pat              6000            @6!000^00                                                                                                                                                              
Shelley         12000           @12!000^00                                                                                                                                                              
William          8300            @8!300^00                                                                                                                                                              

20 rows selected.

SQL> SELECT FIRST_NAME , SALARY , TO_CHAR(SALARY,'L99G000D90') FROM EMPLOYEES;

FIRST_NAME     SALARY TO_CHAR(SALARY,'L99G                                                                                                                                                              
---------- ---------- --------------------                                                                                                                                                              
Steven          24000         Rs.24|000~00                                                                                                                                                              
Neena           17000         Rs.17|000~00                                                                                                                                                              
Lex             17000         Rs.17|000~00                                                                                                                                                              
Alexander        9000          Rs.9|000~00                                                                                                                                                              
Bruce            6000          Rs.6|000~00                                                                                                                                                              
Diana            4200          Rs.4|200~00                                                                                                                                                              
Kevin            5800          Rs.5|800~00                                                                                                                                                              
Trenna           3500          Rs.3|500~00                                                                                                                                                              
Curtis           3100          Rs.3|100~00                                                                                                                                                              
Randall          2600          Rs.2|600~00                                                                                                                                                              
Peter            2500          Rs.2|500~00                                                                                                                                                              
Eleni           10500         Rs.10|500~00                                                                                                                                                              
Ellen           11000         Rs.11|000~00                                                                                                                                                              
Jonathon         8600          Rs.8|600~00                                                                                                                                                              
Kimerely         7000          Rs.7|000~00                                                                                                                                                              
Jennifer         4400          Rs.4|400~00                                                                                                                                                              
Michael         13000         Rs.13|000~00                                                                                                                                                              
Pat              6000          Rs.6|000~00                                                                                                                                                              
Shelley         12000         Rs.12|000~00                                                                                                                                                              
William          8300          Rs.8|300~00                                                                                                                                                              

20 rows selected.

SQL> SELECT * FROM POSNEGNO;

        NO                                                                                                                                                                                              
----------                                                                                                                                                                                              
        12                                                                                                                                                                                              
                                                                                                                                                                                                        
         0                                                                                                                                                                                              
       -12                                                                                                                                                                                              

SQL> SELECT NO , TO_CHAR(NO,'S99') FROM POSNEGNO;

        NO TO_                                                                                                                                                                                          
---------- ---                                                                                                                                                                                          
        12 +12                                                                                                                                                                                          
                                                                                                                                                                                                        
         0  +0                                                                                                                                                                                          
       -12 -12                                                                                                                                                                                          

SQL> SELECT NO , TO_CHAR(NO,'99S') FROM POSNEGNO;

        NO TO_                                                                                                                                                                                          
---------- ---                                                                                                                                                                                          
        12 12+                                                                                                                                                                                          
                                                                                                                                                                                                        
         0  0+                                                                                                                                                                                          
       -12 12-                                                                                                                                                                                          

SQL> SELECT NO , TO_CHAR(NO,'99MI') FROM POSNEGNO;

        NO TO_                                                                                                                                                                                          
---------- ---                                                                                                                                                                                          
        12 12                                                                                                                                                                                           
                                                                                                                                                                                                        
         0  0                                                                                                                                                                                           
       -12 12-                                                                                                                                                                                          

SQL> SELECT NO , TO_CHAR(NO,'MI99') FROM POSNEGNO;
SELECT NO , TO_CHAR(NO,'MI99') FROM POSNEGNO
                       *
ERROR at line 1:
ORA-01481: invalid number format model 


SQL> SELECT NO , TO_CHAR(NO,'99PR') FROM POSNEGNO;

        NO TO_C                                                                                                                                                                                         
---------- ----                                                                                                                                                                                         
        12  12                                                                                                                                                                                          
                                                                                                                                                                                                        
         0   0                                                                                                                                                                                          
       -12 <12>                                                                                                                                                                                         

SQL> SELECT NO , TO_CHAR(NO,'PR99') FROM POSNEGNO;
SELECT NO , TO_CHAR(NO,'PR99') FROM POSNEGNO
                       *
ERROR at line 1:
ORA-01481: invalid number format model 


SQL> SELECT FIRST_NAME , SALARY , TO_CHAR(SALARY,'99.99EEEE') FROM EMPLOYEES;

FIRST_NAME     SALARY TO_CHAR(SA                                                                                                                                                                        
---------- ---------- ----------                                                                                                                                                                        
Steven          24000   2.40E+04                                                                                                                                                                        
Neena           17000   1.70E+04                                                                                                                                                                        
Lex             17000   1.70E+04                                                                                                                                                                        
Alexander        9000   9.00E+03                                                                                                                                                                        
Bruce            6000   6.00E+03                                                                                                                                                                        
Diana            4200   4.20E+03                                                                                                                                                                        
Kevin            5800   5.80E+03                                                                                                                                                                        
Trenna           3500   3.50E+03                                                                                                                                                                        
Curtis           3100   3.10E+03                                                                                                                                                                        
Randall          2600   2.60E+03                                                                                                                                                                        
Peter            2500   2.50E+03                                                                                                                                                                        
Eleni           10500   1.05E+04                                                                                                                                                                        
Ellen           11000   1.10E+04                                                                                                                                                                        
Jonathon         8600   8.60E+03                                                                                                                                                                        
Kimerely         7000   7.00E+03                                                                                                                                                                        
Jennifer         4400   4.40E+03                                                                                                                                                                        
Michael         13000   1.30E+04                                                                                                                                                                        
Pat              6000   6.00E+03                                                                                                                                                                        
Shelley         12000   1.20E+04                                                                                                                                                                        
William          8300   8.30E+03                                                                                                                                                                        

20 rows selected.

SQL> REM 2.40E+04 = 2.4 * POWER(10,4)
SQL> 
SQL> SELECT 2.4 * POWER(10,4) FROM DUAL;

2.4*POWER(10,4)                                                                                                                                                                                         
---------------                                                                                                                                                                                         
          24000                                                                                                                                                                                         

SQL> SELECT FIRST_NAME , SALARY , TO_CHAR(SALARY,'99.99EEE') FROM EMPLOYEES;
SELECT FIRST_NAME , SALARY , TO_CHAR(SALARY,'99.99EEE') FROM EMPLOYEES
                                            *
ERROR at line 1:
ORA-01481: invalid number format model 


SQL> SELECT FIRST_NAME , SALARY , TO_CHAR(SALARY,'99.99EEEEE') FROM EMPLOYEES;
SELECT FIRST_NAME , SALARY , TO_CHAR(SALARY,'99.99EEEEE') FROM EMPLOYEES
                                            *
ERROR at line 1:
ORA-01481: invalid number format model 


SQL> SELECT FIRST_NAME , SALARY , TO_CHAR(SALARY,'99.99eeee') FROM EMPLOYEES;

FIRST_NAME     SALARY TO_CHAR(SA                                                                                                                                                                        
---------- ---------- ----------                                                                                                                                                                        
Steven          24000   2.40E+04                                                                                                                                                                        
Neena           17000   1.70E+04                                                                                                                                                                        
Lex             17000   1.70E+04                                                                                                                                                                        
Alexander        9000   9.00E+03                                                                                                                                                                        
Bruce            6000   6.00E+03                                                                                                                                                                        
Diana            4200   4.20E+03                                                                                                                                                                        
Kevin            5800   5.80E+03                                                                                                                                                                        
Trenna           3500   3.50E+03                                                                                                                                                                        
Curtis           3100   3.10E+03                                                                                                                                                                        
Randall          2600   2.60E+03                                                                                                                                                                        
Peter            2500   2.50E+03                                                                                                                                                                        
Eleni           10500   1.05E+04                                                                                                                                                                        
Ellen           11000   1.10E+04                                                                                                                                                                        
Jonathon         8600   8.60E+03                                                                                                                                                                        
Kimerely         7000   7.00E+03                                                                                                                                                                        
Jennifer         4400   4.40E+03                                                                                                                                                                        
Michael         13000   1.30E+04                                                                                                                                                                        
Pat              6000   6.00E+03                                                                                                                                                                        
Shelley         12000   1.20E+04                                                                                                                                                                        
William          8300   8.30E+03                                                                                                                                                                        

20 rows selected.

SQL> SELECT FIRST_NAME , SALARY , TO_CHAR(SALARY,'99.99Eeee') FROM EMPLOYEES;
SELECT FIRST_NAME , SALARY , TO_CHAR(SALARY,'99.99Eeee') FROM EMPLOYEES
                                            *
ERROR at line 1:
ORA-01481: invalid number format model 


SQL> SELECT FIRST_NAME , SALARY , TO_CHAR(SALARY,'99.99EeEe') FROM EMPLOYEES;
SELECT FIRST_NAME , SALARY , TO_CHAR(SALARY,'99.99EeEe') FROM EMPLOYEES
                                            *
ERROR at line 1:
ORA-01481: invalid number format model 


SQL> SELECT 345 , TO_CHAR(345,'999V0000000') FROM DUAL;

       345 TO_CHAR(345                                                                                                                                                                                  
---------- -----------                                                                                                                                                                                  
       345  3450000000                                                                                                                                                                                  

SQL> SELECT 345 , TO_CHAR(345,'999V00000') FROM DUAL;

       345 TO_CHAR(3                                                                                                                                                                                    
---------- ---------                                                                                                                                                                                    
       345  34500000                                                                                                                                                                                    

SQL> SELECT 345 , TO_CHAR(345,'999V000') FROM DUAL;

       345 TO_CHAR                                                                                                                                                                                      
---------- -------                                                                                                                                                                                      
       345  345000                                                                                                                                                                                      

SQL> SELECT 12345 , TO_CHAR(12345,'99,999V000') FROM DUAL;

     12345 TO_CHAR(12                                                                                                                                                                                   
---------- ----------                                                                                                                                                                                   
     12345  12,345000                                                                                                                                                                                   

SQL> SELECT 12345 , TO_CHAR(12345,'99,999V,000') FROM DUAL;
SELECT 12345 , TO_CHAR(12345,'99,999V,000') FROM DUAL
                             *
ERROR at line 1:
ORA-01481: invalid number format model 


SQL> SELECT 12345 , TO_CHAR(12345,'99999V000') FROM DUAL;

     12345 TO_CHAR(1                                                                                                                                                                                    
---------- ---------                                                                                                                                                                                    
     12345  12345000                                                                                                                                                                                    

SQL> SELECT 12345 , TO_NUMBER(TO_CHAR(12345,'99999V000')) FROM DUAL;

     12345 TO_NUMBER(TO_CHAR(12345,'99999V000'))                                                                                                                                                        
---------- -------------------------------------                                                                                                                                                        
     12345                              12345000                                                                                                                                                        

SQL> SELECT 12345 , TO_CHAR(TO_NUMBER(TO_CHAR(12345,'99999V000')),'99,99,99,999') FROM DUAL;

     12345 TO_CHAR(TO_NU                                                                                                                                                                                
---------- -------------                                                                                                                                                                                
     12345   1,23,45,000                                                                                                                                                                                

SQL> SELECT 12345 , TO_CHAR(TO_NUMBER(TO_CHAR(12345,'99999V000')),'999,999,999') FROM DUAL;

     12345 TO_CHAR(TO_N                                                                                                                                                                                 
---------- ------------                                                                                                                                                                                 
     12345   12,345,000                                                                                                                                                                                 

SQL> SELECT 123.45 , TO_CHAR(TO_NUMBER(TO_CHAR(123.45,'99999V000')),'99,99,99,999') FROM DUAL;

    123.45 TO_CHAR(TO_NU                                                                                                                                                                                
---------- -------------                                                                                                                                                                                
    123~45      1,23,450                                                                                                                                                                                

SQL> SPOOL OFF
