SQL> 
SQL> REM E D L C R
SQL> 
SQL> REM EMPLOYEES   DEPARTMENTS   LOCATIONS    COUNTRIES   REGIONS
SQL> 
SQL> REM       DEPARTMENT_ID  LOCATION_ID  COUNTRY_ID   REGION_ID
SQL> 
SQL> REM        MANAGER_ID : MEANINGS ARE DIFFERENT
SQL> 
SQL> 
SQL> REM SYNTAX OF NATURAL JOIN : FROM TABLE1 NATURAL JOIN TABLE2
SQL> 
SQL> REM SYNTAX OF CROSS   JOIN : FROM TABLE1 CROSS   JOIN TABLE2
SQL>  
SQL> SELECT * FROM DEPARTMENTS;

DEPARTMENT_ID DEPARTMENT_NAME                MANAGER_ID LOCATION_ID                                                                                                                                     
------------- ------------------------------ ---------- -----------                                                                                                                                     
           10 Administration                        200        1700                                                                                                                                     
           20 Marketing                             201        1800                                                                                                                                     
           50 Shiping                               124        1500                                                                                                                                     
           60 IT                                    103        1400                                                                                                                                     
           80 Sales                                 149        2500                                                                                                                                     
           90 Executive                             100        1700                                                                                                                                     
          110 Accounting                            205        1700                                                                                                                                     
          190 Contracting                                      1700                                                                                                                                     

8 rows selected.

SQL> SELECT * FROM LOCATIONS;

LOCATION_ID STREET_ADRESS                            POSTAL_CODE  CITY                           STATE_PROVINCE            CO                                                                           
----------- ---------------------------------------- ------------ ------------------------------ ------------------------- --                                                                           
       1400 2014 Jabberwocky Rd                      26192        Southlake                      Texas                     US                                                                           
       1500 2011 Interiors Blvd                      99236        South San Francisco            California                US                                                                           
       1700 2004 Charade Rd                          98199        Seattle                        Washington                US                                                                           
       1800 460 Bloor St. W.                         ON M5S 1X8   Toronto                        Ontario                   CA                                                                           
       2500 Magdalen Centre, The Oxford Science Park OX9 9ZB      Oxford                         Oxford                    UK                                                                           

SQL> REM 1 MUST HAVE AT LEAST SINGLE COMMON COLUMN 
SQL> 
SQL> REM 2 DATA TYPE MUST MATCH
SQL> 
SQL> REM 3 VALUES SHOULD BE SIMILAR
SQL> 
SQL> REM 4 MEANIGS MUST BE SAME
SQL> 
SQL> SELECT DEPARTMENT_NAME , CITY
  2  FROM DEPARTMENTS
  3  NATURAL JOIN LOCATIONS;

DEPARTMENT_NAME                CITY                                                                                                                                                                     
------------------------------ ------------------------------                                                                                                                                           
Administration                 Seattle                                                                                                                                                                  
Marketing                      Toronto                                                                                                                                                                  
Shiping                        South San Francisco                                                                                                                                                      
IT                             Southlake                                                                                                                                                                
Sales                          Oxford                                                                                                                                                                   
Executive                      Seattle                                                                                                                                                                  
Accounting                     Seattle                                                                                                                                                                  
Contracting                    Seattle                                                                                                                                                                  

8 rows selected.

SQL> 
SQL> SELECT * FROM LOCATIONS;

LOCATION_ID STREET_ADRESS                            POSTAL_CODE  CITY                           STATE_PROVINCE            CO                                                                           
----------- ---------------------------------------- ------------ ------------------------------ ------------------------- --                                                                           
       1400 2014 Jabberwocky Rd                      26192        Southlake                      Texas                     US                                                                           
       1500 2011 Interiors Blvd                      99236        South San Francisco            California                US                                                                           
       1700 2004 Charade Rd                          98199        Seattle                        Washington                US                                                                           
       1800 460 Bloor St. W.                         ON M5S 1X8   Toronto                        Ontario                   CA                                                                           
       2500 Magdalen Centre, The Oxford Science Park OX9 9ZB      Oxford                         Oxford                    UK                                                                           

SQL> SELECT * FROM COUNTRIES;

CO COUNTRY_NAME                              REGION_ID                                                                                                                                                  
-- ---------------------------------------- ----------                                                                                                                                                  
CA Canada                                            2                                                                                                                                                  
DE Germany                                           1                                                                                                                                                  
UK United Kingdom                                    1                                                                                                                                                  
US United States of America                          2                                                                                                                                                  

SQL> REM CITY , COUNTRY_NAME
SQL> 
SQL> SELECT CITY , COUNTRY_NAME
  2  FROM LOCATIONS
  3  NATURAL JOIN COUNTRIES;

CITY                           COUNTRY_NAME                                                                                                                                                             
------------------------------ ----------------------------------------                                                                                                                                 
Southlake                      United States of America                                                                                                                                                 
South San Francisco            United States of America                                                                                                                                                 
Seattle                        United States of America                                                                                                                                                 
Toronto                        Canada                                                                                                                                                                   
Oxford                         United Kingdom                                                                                                                                                           

SQL> SELECT CITY , COUNTRY_NAME
  2  FROM COUNTRIES
  3  NATURAL JOIN LOCATIONS;

CITY                           COUNTRY_NAME                                                                                                                                                             
------------------------------ ----------------------------------------                                                                                                                                 
Southlake                      United States of America                                                                                                                                                 
South San Francisco            United States of America                                                                                                                                                 
Seattle                        United States of America                                                                                                                                                 
Toronto                        Canada                                                                                                                                                                   
Oxford                         United Kingdom                                                                                                                                                           

SQL> REM COUNTRY_NAME , REGION_NAME
SQL> 
SQL> REM EMPLOYEES   DEPARTMENTS   LOCATIONS    COUNTRIES   REGIONS
SQL>               
SQL> SELECT COUNTRY_NAME , REGION_NAME
  2  FROM COUNTRIES
  3  NATURAL JOIN REGIONS;

COUNTRY_NAME                             REGION_NAME                                                                                                                                                    
---------------------------------------- -------------------------                                                                                                                                      
Germany                                  Europe                                                                                                                                                         
United Kingdom                           Europe                                                                                                                                                         
Canada                                   AMERICAS                                                                                                                                                       
United States of America                 AMERICAS                                                                                                                                                       

SQL> SELECT * FROM COUNTRIES;

CO COUNTRY_NAME                              REGION_ID                                                                                                                                                  
-- ---------------------------------------- ----------                                                                                                                                                  
CA Canada                                            2                                                                                                                                                  
DE Germany                                           1                                                                                                                                                  
UK United Kingdom                                    1                                                                                                                                                  
US United States of America                          2                                                                                                                                                  

SQL> SELECT * FROM REGIONS;

 REGION_ID REGION_NAME                                                                                                                                                                                  
---------- -------------------------                                                                                                                                                                    
         1 Europe                                                                                                                                                                                       
         2 AMERICAS                                                                                                                                                                                     
         3 Asia                                                                                                                                                                                         
         4 MIDDLE EAST AND AFRICA                                                                                                                                                                       

SQL> SELECT *
  2  FROM COUNTRIES
  3  NATURAL JOIN REGIONS;

 REGION_ID CO COUNTRY_NAME                             REGION_NAME                                                                                                                                      
---------- -- ---------------------------------------- -------------------------                                                                                                                        
         1 DE Germany                                  Europe                                                                                                                                           
         1 UK United Kingdom                           Europe                                                                                                                                           
         2 CA Canada                                   AMERICAS                                                                                                                                         
         2 US United States of America                 AMERICAS                                                                                                                                         

SQL> SELECT * FROM COUNTRIES;

CO COUNTRY_NAME                              REGION_ID                                                                                                                                                  
-- ---------------------------------------- ----------                                                                                                                                                  
CA Canada                                            2                                                                                                                                                  
DE Germany                                           1                                                                                                                                                  
UK United Kingdom                                    1                                                                                                                                                  
US United States of America                          2                                                                                                                                                  

SQL> SELECT * FROM REGIONS;

 REGION_ID REGION_NAME                                                                                                                                                                                  
---------- -------------------------                                                                                                                                                                    
         1 Europe                                                                                                                                                                                       
         2 AMERICAS                                                                                                                                                                                     
         3 Asia                                                                                                                                                                                         
         4 MIDDLE EAST AND AFRICA                                                                                                                                                                       

SQL> SELECT *
  2  FROM REGIONS
  3  NATURAL JOIN COUNTRIES;

 REGION_ID REGION_NAME               CO COUNTRY_NAME                                                                                                                                                    
---------- ------------------------- -- ----------------------------------------                                                                                                                        
         2 AMERICAS                  CA Canada                                                                                                                                                          
         1 Europe                    DE Germany                                                                                                                                                         
         1 Europe                    UK United Kingdom                                                                                                                                                  
         2 AMERICAS                  US United States of America                                                                                                                                        

SQL> 
SQL> SELECT * FROM COUNTRIES;

CO COUNTRY_NAME                              REGION_ID                                                                                                                                                  
-- ---------------------------------------- ----------                                                                                                                                                  
CA Canada                                            2                                                                                                                                                  
DE Germany                                           1                                                                                                                                                  
UK United Kingdom                                    1                                                                                                                                                  
US United States of America                          2                                                                                                                                                  

SQL> SELECT * FROM REGIONS;

 REGION_ID REGION_NAME                                                                                                                                                                                  
---------- -------------------------                                                                                                                                                                    
         1 Europe                                                                                                                                                                                       
         2 AMERICAS                                                                                                                                                                                     
         3 Asia                                                                                                                                                                                         
         4 MIDDLE EAST AND AFRICA                                                                                                                                                                       

SQL> SELECT *
  2  FROM REGIONS
  3  NATURAL JOIN COUNTRIES;

 REGION_ID REGION_NAME               CO COUNTRY_NAME                                                                                                                                                    
---------- ------------------------- -- ----------------------------------------                                                                                                                        
         2 AMERICAS                  CA Canada                                                                                                                                                          
         1 Europe                    DE Germany                                                                                                                                                         
         1 Europe                    UK United Kingdom                                                                                                                                                  
         2 AMERICAS                  US United States of America                                                                                                                                        

SQL> REM E D L C R
SQL> 
SQL> REM DEPARTMENT_NAME , CITY , COUNTRY_NAME
SQL> 
SQL> REM DEPARTMENTS      LOCATIONS  COUNTRIES
SQL> 
SQL> REM E D L C R
SQL> 
SQL> REM   D L C
SQL> 
SQL> SELECT DEPARTMENT_NAME , CITY , COUNTRY_NAME
  2  FROM DEPARTMENTS
  3  NATURAL JOIN LOCATIONS
  4  NATURAL JOIN COUNTRIES;

DEPARTMENT_NAME                CITY                           COUNTRY_NAME                                                                                                                              
------------------------------ ------------------------------ ----------------------------------------                                                                                                  
Administration                 Seattle                        United States of America                                                                                                                  
Marketing                      Toronto                        Canada                                                                                                                                    
Shiping                        South San Francisco            United States of America                                                                                                                  
IT                             Southlake                      United States of America                                                                                                                  
Sales                          Oxford                         United Kingdom                                                                                                                            
Executive                      Seattle                        United States of America                                                                                                                  
Accounting                     Seattle                        United States of America                                                                                                                  
Contracting                    Seattle                        United States of America                                                                                                                  

8 rows selected.

SQL> SELECT DEPARTMENT_NAME , CITY , COUNTRY_NAME
  2  FROM LOCATIONS
  3  NATURAL JOIN DEPARTMENTS
  4  NATURAL JOIN COUNTRIES;

DEPARTMENT_NAME                CITY                           COUNTRY_NAME                                                                                                                              
------------------------------ ------------------------------ ----------------------------------------                                                                                                  
Administration                 Seattle                        United States of America                                                                                                                  
Marketing                      Toronto                        Canada                                                                                                                                    
Shiping                        South San Francisco            United States of America                                                                                                                  
IT                             Southlake                      United States of America                                                                                                                  
Sales                          Oxford                         United Kingdom                                                                                                                            
Executive                      Seattle                        United States of America                                                                                                                  
Accounting                     Seattle                        United States of America                                                                                                                  
Contracting                    Seattle                        United States of America                                                                                                                  

8 rows selected.

SQL> SELECT DEPARTMENT_NAME , CITY , COUNTRY_NAME
  2  FROM COUNTRIES
  3  NATURAL JOIN DEPARTMENTS
  4  NATURAL JOIN LOCATIONS;

DEPARTMENT_NAME                CITY                           COUNTRY_NAME                                                                                                                              
------------------------------ ------------------------------ ----------------------------------------                                                                                                  
Administration                 Seattle                        United States of America                                                                                                                  
Marketing                      Toronto                        Canada                                                                                                                                    
Shiping                        South San Francisco            United States of America                                                                                                                  
IT                             Southlake                      United States of America                                                                                                                  
Sales                          Oxford                         United Kingdom                                                                                                                            
Executive                      Seattle                        United States of America                                                                                                                  
Accounting                     Seattle                        United States of America                                                                                                                  
Contracting                    Seattle                        United States of America                                                                                                                  

8 rows selected.

SQL> REM CITY , COUNTRY_NAME , REGION_NAME
SQL> 
SQL> 
SQL> SELECT CITY , COUNTRY_NAME , REGION_NAME
  2  FROM LOCATIONS
  3  NATURAL JOIN COUNTRIES
  4  NATURAL JOIN REGIONS;

CITY                           COUNTRY_NAME                             REGION_NAME                                                                                                                     
------------------------------ ---------------------------------------- -------------------------                                                                                                       
Southlake                      United States of America                 AMERICAS                                                                                                                        
South San Francisco            United States of America                 AMERICAS                                                                                                                        
Seattle                        United States of America                 AMERICAS                                                                                                                        
Toronto                        Canada                                   AMERICAS                                                                                                                        
Oxford                         United Kingdom                           Europe                                                                                                                          

SQL> REM DEPARTMENT_NAME , CITY , COUNTRY_NAME , REGION_NAME
SQL> 
SQL> SELECT DEPARTMENT_NAME , CITY , COUNTRY_NAME , REGION_NAME FROM DEPARTMENTS
  2   NATURAL JOIN LOCATIONS
  3   NATURAL JOIN COUNTRIES
  4   NATURAL JOIN REGIONS;

DEPARTMENT_NAME                CITY                           COUNTRY_NAME                             REGION_NAME                                                                                      
------------------------------ ------------------------------ ---------------------------------------- -------------------------                                                                        
Administration                 Seattle                        United States of America                 AMERICAS                                                                                         
Marketing                      Toronto                        Canada                                   AMERICAS                                                                                         
Shiping                        South San Francisco            United States of America                 AMERICAS                                                                                         
IT                             Southlake                      United States of America                 AMERICAS                                                                                         
Sales                          Oxford                         United Kingdom                           Europe                                                                                           
Executive                      Seattle                        United States of America                 AMERICAS                                                                                         
Accounting                     Seattle                        United States of America                 AMERICAS                                                                                         
Contracting                    Seattle                        United States of America                 AMERICAS                                                                                         

8 rows selected.

SQL> SELECT * FROM DEPARTMENTS;

DEPARTMENT_ID DEPARTMENT_NAME                MANAGER_ID LOCATION_ID                                                                                                                                     
------------- ------------------------------ ---------- -----------                                                                                                                                     
           10 Administration                        200        1700                                                                                                                                     
           20 Marketing                             201        1800                                                                                                                                     
           50 Shiping                               124        1500                                                                                                                                     
           60 IT                                    103        1400                                                                                                                                     
           80 Sales                                 149        2500                                                                                                                                     
           90 Executive                             100        1700                                                                                                                                     
          110 Accounting                            205        1700                                                                                                                                     
          190 Contracting                                      1700                                                                                                                                     

8 rows selected.

SQL> SELECT * FROM LOCATIONS;

LOCATION_ID STREET_ADRESS                            POSTAL_CODE  CITY                           STATE_PROVINCE            CO                                                                           
----------- ---------------------------------------- ------------ ------------------------------ ------------------------- --                                                                           
       1400 2014 Jabberwocky Rd                      26192        Southlake                      Texas                     US                                                                           
       1500 2011 Interiors Blvd                      99236        South San Francisco            California                US                                                                           
       1700 2004 Charade Rd                          98199        Seattle                        Washington                US                                                                           
       1800 460 Bloor St. W.                         ON M5S 1X8   Toronto                        Ontario                   CA                                                                           
       2500 Magdalen Centre, The Oxford Science Park OX9 9ZB      Oxford                         Oxford                    UK                                                                           

SQL> SELECT * FROM COUNTRIES;

CO COUNTRY_NAME                              REGION_ID                                                                                                                                                  
-- ---------------------------------------- ----------                                                                                                                                                  
CA Canada                                            2                                                                                                                                                  
DE Germany                                           1                                                                                                                                                  
UK United Kingdom                                    1                                                                                                                                                  
US United States of America                          2                                                                                                                                                  

SQL> SELECT DEPARTMENT_NAME , CITY
  2  FROM DEPARTMENTS
  3  NATURAL JOIN LOCATIONS;

DEPARTMENT_NAME                CITY                                                                                                                                                                     
------------------------------ ------------------------------                                                                                                                                           
Administration                 Seattle                                                                                                                                                                  
Marketing                      Toronto                                                                                                                                                                  
Shiping                        South San Francisco                                                                                                                                                      
IT                             Southlake                                                                                                                                                                
Sales                          Oxford                                                                                                                                                                   
Executive                      Seattle                                                                                                                                                                  
Accounting                     Seattle                                                                                                                                                                  
Contracting                    Seattle                                                                                                                                                                  

8 rows selected.

SQL> SELECT DEPARTMENT_NAME , CITY
  2  FROM DEPARTMENTS
  3  CROSS JOIN LOCATIONS;

DEPARTMENT_NAME                CITY                                                                                                                                                                     
------------------------------ ------------------------------                                                                                                                                           
Administration                 Southlake                                                                                                                                                                
Marketing                      Southlake                                                                                                                                                                
Shiping                        Southlake                                                                                                                                                                
IT                             Southlake                                                                                                                                                                
Sales                          Southlake                                                                                                                                                                
Executive                      Southlake                                                                                                                                                                
Accounting                     Southlake                                                                                                                                                                
Contracting                    Southlake                                                                                                                                                                
Administration                 South San Francisco                                                                                                                                                      
Marketing                      South San Francisco                                                                                                                                                      
Shiping                        South San Francisco                                                                                                                                                      
IT                             South San Francisco                                                                                                                                                      
Sales                          South San Francisco                                                                                                                                                      
Executive                      South San Francisco                                                                                                                                                      
Accounting                     South San Francisco                                                                                                                                                      
Contracting                    South San Francisco                                                                                                                                                      
Administration                 Seattle                                                                                                                                                                  
Marketing                      Seattle                                                                                                                                                                  
Shiping                        Seattle                                                                                                                                                                  
IT                             Seattle                                                                                                                                                                  
Sales                          Seattle                                                                                                                                                                  

DEPARTMENT_NAME                CITY                                                                                                                                                                     
------------------------------ ------------------------------                                                                                                                                           
Executive                      Seattle                                                                                                                                                                  
Accounting                     Seattle                                                                                                                                                                  
Contracting                    Seattle                                                                                                                                                                  
Administration                 Toronto                                                                                                                                                                  
Marketing                      Toronto                                                                                                                                                                  
Shiping                        Toronto                                                                                                                                                                  
IT                             Toronto                                                                                                                                                                  
Sales                          Toronto                                                                                                                                                                  
Executive                      Toronto                                                                                                                                                                  
Accounting                     Toronto                                                                                                                                                                  
Contracting                    Toronto                                                                                                                                                                  
Administration                 Oxford                                                                                                                                                                   
Marketing                      Oxford                                                                                                                                                                   
Shiping                        Oxford                                                                                                                                                                   
IT                             Oxford                                                                                                                                                                   
Sales                          Oxford                                                                                                                                                                   
Executive                      Oxford                                                                                                                                                                   
Accounting                     Oxford                                                                                                                                                                   
Contracting                    Oxford                                                                                                                                                                   

40 rows selected.

SQL> SET PAGES 1000
SQL> 
SQL> R
  1  SELECT DEPARTMENT_NAME , CITY
  2  FROM DEPARTMENTS
  3* CROSS JOIN LOCATIONS

DEPARTMENT_NAME                CITY                                                                                                                                                                     
------------------------------ ------------------------------                                                                                                                                           
Administration                 Southlake                                                                                                                                                                
Marketing                      Southlake                                                                                                                                                                
Shiping                        Southlake                                                                                                                                                                
IT                             Southlake                                                                                                                                                                
Sales                          Southlake                                                                                                                                                                
Executive                      Southlake                                                                                                                                                                
Accounting                     Southlake                                                                                                                                                                
Contracting                    Southlake                                                                                                                                                                
Administration                 South San Francisco                                                                                                                                                      
Marketing                      South San Francisco                                                                                                                                                      
Shiping                        South San Francisco                                                                                                                                                      
IT                             South San Francisco                                                                                                                                                      
Sales                          South San Francisco                                                                                                                                                      
Executive                      South San Francisco                                                                                                                                                      
Accounting                     South San Francisco                                                                                                                                                      
Contracting                    South San Francisco                                                                                                                                                      
Administration                 Seattle                                                                                                                                                                  
Marketing                      Seattle                                                                                                                                                                  
Shiping                        Seattle                                                                                                                                                                  
IT                             Seattle                                                                                                                                                                  
Sales                          Seattle                                                                                                                                                                  
Executive                      Seattle                                                                                                                                                                  
Accounting                     Seattle                                                                                                                                                                  
Contracting                    Seattle                                                                                                                                                                  
Administration                 Toronto                                                                                                                                                                  
Marketing                      Toronto                                                                                                                                                                  
Shiping                        Toronto                                                                                                                                                                  
IT                             Toronto                                                                                                                                                                  
Sales                          Toronto                                                                                                                                                                  
Executive                      Toronto                                                                                                                                                                  
Accounting                     Toronto                                                                                                                                                                  
Contracting                    Toronto                                                                                                                                                                  
Administration                 Oxford                                                                                                                                                                   
Marketing                      Oxford                                                                                                                                                                   
Shiping                        Oxford                                                                                                                                                                   
IT                             Oxford                                                                                                                                                                   
Sales                          Oxford                                                                                                                                                                   
Executive                      Oxford                                                                                                                                                                   
Accounting                     Oxford                                                                                                                                                                   
Contracting                    Oxford                                                                                                                                                                   

40 rows selected.

SQL> SELECT * FROM DEPARTMENTS;

DEPARTMENT_ID DEPARTMENT_NAME                MANAGER_ID LOCATION_ID                                                                                                                                     
------------- ------------------------------ ---------- -----------                                                                                                                                     
           10 Administration                        200        1700                                                                                                                                     
           20 Marketing                             201        1800                                                                                                                                     
           50 Shiping                               124        1500                                                                                                                                     
           60 IT                                    103        1400                                                                                                                                     
           80 Sales                                 149        2500                                                                                                                                     
           90 Executive                             100        1700                                                                                                                                     
          110 Accounting                            205        1700                                                                                                                                     
          190 Contracting                                      1700                                                                                                                                     

8 rows selected.

SQL> SELECT * FROM LOCATIONS;

LOCATION_ID STREET_ADRESS                            POSTAL_CODE  CITY                           STATE_PROVINCE            CO                                                                           
----------- ---------------------------------------- ------------ ------------------------------ ------------------------- --                                                                           
       1400 2014 Jabberwocky Rd                      26192        Southlake                      Texas                     US                                                                           
       1500 2011 Interiors Blvd                      99236        South San Francisco            California                US                                                                           
       1700 2004 Charade Rd                          98199        Seattle                        Washington                US                                                                           
       1800 460 Bloor St. W.                         ON M5S 1X8   Toronto                        Ontario                   CA                                                                           
       2500 Magdalen Centre, The Oxford Science Park OX9 9ZB      Oxford                         Oxford                    UK                                                                           

SQL> SELECT * FROM COUNTRIES;

CO COUNTRY_NAME                              REGION_ID                                                                                                                                                  
-- ---------------------------------------- ----------                                                                                                                                                  
CA Canada                                            2                                                                                                                                                  
DE Germany                                           1                                                                                                                                                  
UK United Kingdom                                    1                                                                                                                                                  
US United States of America                          2                                                                                                                                                  

SQL> REM DEPARTMENT_NAME , COUNTRY_NAME
SQL> 
SQL> REM DEPARTMENTS       COUNTRIES
SQL> 
SQL> REM E D L C R
SQL> 
SQL> REM   D   C
SQL> 
SQL> SELECT DEPARTMENT_NAME , COUNTRY_NAME
  2  FROM DEPARTMENTS
  3  NATURAL JOIN COUNTRIES;

DEPARTMENT_NAME                COUNTRY_NAME                                                                                                                                                             
------------------------------ ----------------------------------------                                                                                                                                 
Administration                 Canada                                                                                                                                                                   
Marketing                      Canada                                                                                                                                                                   
Shiping                        Canada                                                                                                                                                                   
IT                             Canada                                                                                                                                                                   
Sales                          Canada                                                                                                                                                                   
Executive                      Canada                                                                                                                                                                   
Accounting                     Canada                                                                                                                                                                   
Contracting                    Canada                                                                                                                                                                   
Administration                 Germany                                                                                                                                                                  
Marketing                      Germany                                                                                                                                                                  
Shiping                        Germany                                                                                                                                                                  
IT                             Germany                                                                                                                                                                  
Sales                          Germany                                                                                                                                                                  
Executive                      Germany                                                                                                                                                                  
Accounting                     Germany                                                                                                                                                                  
Contracting                    Germany                                                                                                                                                                  
Administration                 United Kingdom                                                                                                                                                           
Marketing                      United Kingdom                                                                                                                                                           
Shiping                        United Kingdom                                                                                                                                                           
IT                             United Kingdom                                                                                                                                                           
Sales                          United Kingdom                                                                                                                                                           
Executive                      United Kingdom                                                                                                                                                           
Accounting                     United Kingdom                                                                                                                                                           
Contracting                    United Kingdom                                                                                                                                                           
Administration                 United States of America                                                                                                                                                 
Marketing                      United States of America                                                                                                                                                 
Shiping                        United States of America                                                                                                                                                 
IT                             United States of America                                                                                                                                                 
Sales                          United States of America                                                                                                                                                 
Executive                      United States of America                                                                                                                                                 
Accounting                     United States of America                                                                                                                                                 
Contracting                    United States of America                                                                                                                                                 

32 rows selected.

SQL> 
SQL> SELECT * FROM COUNTRIES;

CO COUNTRY_NAME                              REGION_ID                                                                                                                                                  
-- ---------------------------------------- ----------                                                                                                                                                  
CA Canada                                            2                                                                                                                                                  
DE Germany                                           1                                                                                                                                                  
UK United Kingdom                                    1                                                                                                                                                  
US United States of America                          2                                                                                                                                                  

SQL> SELECT * FROM REGIONS;

 REGION_ID REGION_NAME                                                                                                                                                                                  
---------- -------------------------                                                                                                                                                                    
         1 Europe                                                                                                                                                                                       
         2 AMERICAS                                                                                                                                                                                     
         3 Asia                                                                                                                                                                                         
         4 MIDDLE EAST AND AFRICA                                                                                                                                                                       

SQL> SELECT *
  2  FROM COUNTRIES
  3  NATURAL JOIN REGIONS;

 REGION_ID CO COUNTRY_NAME              REGION_NAME                                                                                                                                      
---------- -- ------------------------- -------------------------                                                                                                                        
         1 DE Germany                   Europe                                                                                                                                           
         1 UK United Kingdom            Europe                                                                                                                                           
         2 CA Canada                    AMERICAS                                                                                                                                         
         2 US United States of America  AMERICAS                                                                                                                                         

SQL> SELECT *
  2  FROM COUNTRIES
  3  CROSS JOIN REGIONS;

CO COUNTRY_NAME                              REGION_ID  REGION_ID REGION_NAME                                                                                                                           
-- ---------------------------------------- ---------- ---------- -------------------------                                                                                                             
CA Canada                                            2          1 Europe                                                                                                                                
CA Canada                                            2          2 AMERICAS                                                                                                                              
CA Canada                                            2          3 Asia                                                                                                                                  
CA Canada                                            2          4 MIDDLE EAST AND AFRICA                                                                                                                
DE Germany                                           1          1 Europe                                                                                                                                
DE Germany                                           1          2 AMERICAS                                                                                                                              
DE Germany                                           1          3 Asia                                                                                                                                  
DE Germany                                           1          4 MIDDLE EAST AND AFRICA                                                                                                                
UK United Kingdom                                    1          1 Europe                                                                                                                                
UK United Kingdom                                    1          2 AMERICAS                                                                                                                              
UK United Kingdom                                    1          3 Asia                                                                                                                                  
UK United Kingdom                                    1          4 MIDDLE EAST AND AFRICA                                                                                                                
US United States of America                          2          1 Europe                                                                                                                                
US United States of America                          2          2 AMERICAS                                                                                                                              
US United States of America                          2          3 Asia                                                                                                                                  
US United States of America                          2          4 MIDDLE EAST AND AFRICA                                                                                                                

16 rows selected.

SQL> SELECT *
  2  FROM REGIONS
  3  CROSS JOIN COUNTRIES;

 REGION_ID REGION_NAME               CO COUNTRY_NAME                              REGION_ID                                                                                                             
---------- ------------------------- -- ---------------------------------------- ----------                                                                                                             
         1 Europe                    CA Canada                                            2                                                                                                             
         2 AMERICAS                  CA Canada                                            2                                                                                                             
         3 Asia                      CA Canada                                            2                                                                                                             
         4 MIDDLE EAST AND AFRICA    CA Canada                                            2                                                                                                             
         1 Europe                    DE Germany                                           1                                                                                                             
         2 AMERICAS                  DE Germany                                           1                                                                                                             
         3 Asia                      DE Germany                                           1                                                                                                             
         4 MIDDLE EAST AND AFRICA    DE Germany                                           1                                                                                                             
         1 Europe                    UK United Kingdom                                    1                                                                                                             
         2 AMERICAS                  UK United Kingdom                                    1                                                                                                             
         3 Asia                      UK United Kingdom                                    1                                                                                                             
         4 MIDDLE EAST AND AFRICA    UK United Kingdom                                    1                                                                                                             
         1 Europe                    US United States of America                          2                                                                                                             
         2 AMERICAS                  US United States of America                          2                                                                                                             
         3 Asia                      US United States of America                          2                                                                                                             
         4 MIDDLE EAST AND AFRICA    US United States of America                          2                                                                                                             

16 rows selected.

SQL> SELECT * FROM DEPARTMENTS;

DEPARTMENT_ID DEPARTMENT_NAME                MANAGER_ID LOCATION_ID                                                                                                                                     
------------- ------------------------------ ---------- -----------                                                                                                                                     
           10 Administration                        200        1700                                                                                                                                     
           20 Marketing                             201        1800                                                                                                                                     
           50 Shiping                               124        1500                                                                                                                                     
           60 IT                                    103        1400                                                                                                                                     
           80 Sales                                 149        2500                                                                                                                                     
           90 Executive                             100        1700                                                                                                                                     
          110 Accounting                            205        1700                                                                                                                                     
          190 Contracting                                      1700                                                                                                                                     

8 rows selected.

SQL> SELECT * FROM LOCATIONS;

LOCATION_ID STREET_ADRESS                            POSTAL_CODE  CITY                           STATE_PROVINCE            CO                                                                           
----------- ---------------------------------------- ------------ ------------------------------ ------------------------- --                                                                           
       1400 2014 Jabberwocky Rd                      26192        Southlake                      Texas                     US                                                                           
       1500 2011 Interiors Blvd                      99236        South San Francisco            California                US                                                                           
       1700 2004 Charade Rd                          98199        Seattle                        Washington                US                                                                           
       1800 460 Bloor St. W.                         ON M5S 1X8   Toronto                        Ontario                   CA                                                                           
       2500 Magdalen Centre, The Oxford Science Park OX9 9ZB      Oxford                         Oxford                    UK                                                                           

SQL> SELECT * FROM COUNTRIES;

CO COUNTRY_NAME                              REGION_ID                                                                                                                                                  
-- ---------------------------------------- ----------                                                                                                                                                  
CA Canada                                            2                                                                                                                                                  
DE Germany                                           1                                                                                                                                                  
UK United Kingdom                                    1                                                                                                                                                  
US United States of America                          2                                                                                                                                                  

SQL> SELECT DEPARTMENT_NAME , COUNTRY_NAME
  2  FROM DEPARTMENTS
  3  NATURAL JOIN LOCATIONS
  4  NATURAL JOIN COUNTRIES;

DEPARTMENT_NAME                COUNTRY_NAME                                                                                                                                                             
------------------------------ ----------------------------------------                                                                                                                                 
Administration                 United States of America                                                                                                                                                 
Marketing                      Canada                                                                                                                                                                   
Shiping                        United States of America                                                                                                                                                 
IT                             United States of America                                                                                                                                                 
Sales                          United Kingdom                                                                                                                                                           
Executive                      United States of America                                                                                                                                                 
Accounting                     United States of America                                                                                                                                                 
Contracting                    United States of America                                                                                                                                                 

8 rows selected.

SQL> SELECT DEPARTMENT_NAME , COUNTRY_NAME
  2  FROM DEPARTMENTS
  3  NATURAL JOIN COUNTRIES
  4  NATURAL JOIN LOCATIONS;

DEPARTMENT_NAME                COUNTRY_NAME                                                                                                                                                             
------------------------------ ----------------------------------------                                                                                                                                 
Administration                 United States of America                                                                                                                                                 
Marketing                      Canada                                                                                                                                                                   
Shiping                        United States of America                                                                                                                                                 
IT                             United States of America                                                                                                                                                 
Sales                          United Kingdom                                                                                                                                                           
Executive                      United States of America                                                                                                                                                 
Accounting                     United States of America                                                                                                                                                 
Contracting                    United States of America                                                                                                                                                 

8 rows selected.

SQL> REM CITY , REGION_NAME
SQL> 
SQL> 
SQL> SELECT CITY , REGION_NAME
  2  FROM LOCATIONS
  3  NATURAL JOIN COUNTRIES
  4  NATURAL JOIN REGIONS;

CITY                           REGION_NAME                                                                                                                                                              
------------------------------ -------------------------                                                                                                                                                
Southlake                      AMERICAS                                                                                                                                                                 
South San Francisco            AMERICAS                                                                                                                                                                 
Seattle                        AMERICAS                                                                                                                                                                 
Toronto                        AMERICAS                                                                                                                                                                 
Oxford                         Europe                                                                                                                                                                   

SQL> REM REGION_NAME , DEPARTMENT_NAME
SQL> 
SQL> SELECT REGION_NAME , DEPARTMENT_NAME
  2  FROM DEPARTMENTS
  3  NATURAL JOIN LOCATIONS
  4  NATURAL JOIN COUNTRIES
  5  NATURAL JOIN REGIONS;

REGION_NAME               DEPARTMENT_NAME                                                                                                                                                               
------------------------- ------------------------------                                                                                                                                                
AMERICAS                  Administration                                                                                                                                                                
AMERICAS                  Marketing                                                                                                                                                                     
AMERICAS                  Shiping                                                                                                                                                                       
AMERICAS                  IT                                                                                                                                                                            
Europe                    Sales                                                                                                                                                                         
AMERICAS                  Executive                                                                                                                                                                     
AMERICAS                  Accounting                                                                                                                                                                    
AMERICAS                  Contracting                                                                                                                                                                   

8 rows selected.

SQL> SELECT * FROM DEPARTMENTS;

DEPARTMENT_ID DEPARTMENT_NAME                MANAGER_ID LOCATION_ID                                                                                                                                     
------------- ------------------------------ ---------- -----------                                                                                                                                     
           10 Administration                        200        1700                                                                                                                                     
           20 Marketing                             201        1800                                                                                                                                     
           50 Shiping                               124        1500                                                                                                                                     
           60 IT                                    103        1400                                                                                                                                     
           80 Sales                                 149        2500                                                                                                                                     
           90 Executive                             100        1700                                                                                                                                     
          110 Accounting                            205        1700                                                                                                                                     
          190 Contracting                                      1700                                                                                                                                     

8 rows selected.

SQL> SELECT * FROM LOCATIONS;

LOCATION_ID STREET_ADRESS                            POSTAL_CODE  CITY                           STATE_PROVINCE            CO                                                                           
----------- ---------------------------------------- ------------ ------------------------------ ------------------------- --                                                                           
       1400 2014 Jabberwocky Rd                      26192        Southlake                      Texas                     US                                                                           
       1500 2011 Interiors Blvd                      99236        South San Francisco            California                US                                                                           
       1700 2004 Charade Rd                          98199        Seattle                        Washington                US                                                                           
       1800 460 Bloor St. W.                         ON M5S 1X8   Toronto                        Ontario                   CA                                                                           
       2500 Magdalen Centre, The Oxford Science Park OX9 9ZB      Oxford                         Oxford                    UK                                                                           

SQL> SELECT * FROM COUNTRIES;

CO COUNTRY_NAME                              REGION_ID                                                                                                                                                  
-- ---------------------------------------- ----------                                                                                                                                                  
CA Canada                                            2                                                                                                                                                  
DE Germany                                           1                                                                                                                                                  
UK United Kingdom                                    1                                                                                                                                                  
US United States of America                          2                                                                                                                                                  

SQL> REM DEPARTMENTS NATURAL JOIN LOCATIONS CROSS JOIN COUNTRIES : COLUMNS ? 12  ROWS ? 32
SQL> 
SQL> SELECT * FROM DEPARTMENTS NATURAL JOIN LOCATIONS CROSS JOIN COUNTRIES;
SQL>
SQL> SET LINES 500
SQL> 
SQL> R
  1* SELECT * FROM DEPARTMENTS NATURAL JOIN LOCATIONS CROSS JOIN COUNTRIES

LOCATION_ID DEPARTMENT_ID DEPARTMENT_NAME                MANAGER_ID STREET_ADRESS                            POSTAL_CODE  CITY                           STATE_PROVINCE            CO CO COUNTRY_NAME                              REGION_ID                                                                                                                                                                                                                                                                        
----------- ------------- ------------------------------ ---------- ---------------------------------------- ------------ ------------------------------ ------------------------- -- -- ---------------------------------------- ----------                                                                                                                                                                                                                                                                        
       1700            10 Administration                        200 2004 Charade Rd                          98199        Seattle                        Washington                US CA Canada                                            2                                                                                                                                                                                                                                                                        
       1700            10 Administration                        200 2004 Charade Rd                          98199        Seattle                        Washington                US DE Germany                                           1                                                                                                                                                                                                                                                                        
       1700            10 Administration                        200 2004 Charade Rd                          98199        Seattle                        Washington                US UK United Kingdom                                    1                                                                                                                                                                                                                                                                        
       1700            10 Administration                        200 2004 Charade Rd                          98199        Seattle                        Washington                US US United States of America                          2                                                                                                                                                                                                                                                                        
       1800            20 Marketing                             201 460 Bloor St. W.                         ON M5S 1X8   Toronto                        Ontario                   CA CA Canada                                            2                                                                                                                                                                                                                                                                        
       1800            20 Marketing                             201 460 Bloor St. W.                         ON M5S 1X8   Toronto                        Ontario                   CA DE Germany                                           1                                                                                                                                                                                                                                                                        
       1800            20 Marketing                             201 460 Bloor St. W.                         ON M5S 1X8   Toronto                        Ontario                   CA UK United Kingdom                                    1                                                                                                                                                                                                                                                                        
       1800            20 Marketing                             201 460 Bloor St. W.                         ON M5S 1X8   Toronto                        Ontario                   CA US United States of America                          2                                                                                                                                                                                                                                                                        
       1500            50 Shiping                               124 2011 Interiors Blvd                      99236        South San Francisco            California                US CA Canada                                            2                                                                                                                                                                                                                                                                        
       1500            50 Shiping                               124 2011 Interiors Blvd                      99236        South San Francisco            California                US DE Germany                                           1                                                                                                                                                                                                                                                                        
       1500            50 Shiping                               124 2011 Interiors Blvd                      99236        South San Francisco            California                US UK United Kingdom                                    1                                                                                                                                                                                                                                                                        
       1500            50 Shiping                               124 2011 Interiors Blvd                      99236        South San Francisco            California                US US United States of America                          2                                                                                                                                                                                                                                                                        
       1400            60 IT                                    103 2014 Jabberwocky Rd                      26192        Southlake                      Texas                     US CA Canada                                            2                                                                                                                                                                                                                                                                        
       1400            60 IT                                    103 2014 Jabberwocky Rd                      26192        Southlake                      Texas                     US DE Germany                                           1                                                                                                                                                                                                                                                                        
       1400            60 IT                                    103 2014 Jabberwocky Rd                      26192        Southlake                      Texas                     US UK United Kingdom                                    1                                                                                                                                                                                                                                                                        
       1400            60 IT                                    103 2014 Jabberwocky Rd                      26192        Southlake                      Texas                     US US United States of America                          2                                                                                                                                                                                                                                                                        
       2500            80 Sales                                 149 Magdalen Centre, The Oxford Science Park OX9 9ZB      Oxford                         Oxford                    UK CA Canada                                            2                                                                                                                                                                                                                                                                        
       2500            80 Sales                                 149 Magdalen Centre, The Oxford Science Park OX9 9ZB      Oxford                         Oxford                    UK DE Germany                                           1                                                                                                                                                                                                                                                                        
       2500            80 Sales                                 149 Magdalen Centre, The Oxford Science Park OX9 9ZB      Oxford                         Oxford                    UK UK United Kingdom                                    1                                                                                                                                                                                                                                                                        
       2500            80 Sales                                 149 Magdalen Centre, The Oxford Science Park OX9 9ZB      Oxford                         Oxford                    UK US United States of America                          2                                                                                                                                                                                                                                                                        
       1700            90 Executive                             100 2004 Charade Rd                          98199        Seattle                        Washington                US CA Canada                                            2                                                                                                                                                                                                                                                                        
       1700            90 Executive                             100 2004 Charade Rd                          98199        Seattle                        Washington                US DE Germany                                           1                                                                                                                                                                                                                                                                        
       1700            90 Executive                             100 2004 Charade Rd                          98199        Seattle                        Washington                US UK United Kingdom                                    1                                                                                                                                                                                                                                                                        
       1700            90 Executive                             100 2004 Charade Rd                          98199        Seattle                        Washington                US US United States of America                          2                                                                                                                                                                                                                                                                        
       1700           110 Accounting                            205 2004 Charade Rd                          98199        Seattle                        Washington                US CA Canada                                            2                                                                                                                                                                                                                                                                        
       1700           110 Accounting                            205 2004 Charade Rd                          98199        Seattle                        Washington                US DE Germany                                           1                                                                                                                                                                                                                                                                        
       1700           110 Accounting                            205 2004 Charade Rd                          98199        Seattle                        Washington                US UK United Kingdom                                    1                                                                                                                                                                                                                                                                        
       1700           110 Accounting                            205 2004 Charade Rd                          98199        Seattle                        Washington                US US United States of America                          2                                                                                                                                                                                                                                                                        
       1700           190 Contracting                               2004 Charade Rd                          98199        Seattle                        Washington                US CA Canada                                            2                                                                                                                                                                                                                                                                        
       1700           190 Contracting                               2004 Charade Rd                          98199        Seattle                        Washington                US DE Germany                                           1                                                                                                                                                                                                                                                                        
       1700           190 Contracting                               2004 Charade Rd                          98199        Seattle                        Washington                US UK United Kingdom                                    1                                                                                                                                                                                                                                                                        
       1700           190 Contracting                               2004 Charade Rd                          98199        Seattle                        Washington                US US United States of America                          2                                                                                                                                                                                                                                                                        

32 rows selected.

SQL> SELECT * FROM DEPARTMENTS;

DEPARTMENT_ID DEPARTMENT_NAME                MANAGER_ID LOCATION_ID                                                                                                                                                                                                                                                                                                                                                                                                                                                 
------------- ------------------------------ ---------- -----------                                                                                                                                                                                                                                                                                                                                                                                                                                                 
           10 Administration                        200        1700                                                                                                                                                                                                                                                                                                                                                                                                                                                 
           20 Marketing                             201        1800                                                                                                                                                                                                                                                                                                                                                                                                                                                 
           50 Shiping                               124        1500                                                                                                                                                                                                                                                                                                                                                                                                                                                 
           60 IT                                    103        1400                                                                                                                                                                                                                                                                                                                                                                                                                                                 
           80 Sales                                 149        2500                                                                                                                                                                                                                                                                                                                                                                                                                                                 
           90 Executive                             100        1700                                                                                                                                                                                                                                                                                                                                                                                                                                                 
          110 Accounting                            205        1700                                                                                                                                                                                                                                                                                                                                                                                                                                                 
          190 Contracting                                      1700                                                                                                                                                                                                                                                                                                                                                                                                                                                 

8 rows selected.

SQL> SELECT * FROM LOCATIONS;

LOCATION_ID STREET_ADRESS                            POSTAL_CODE  CITY                           STATE_PROVINCE            CO                                                                                                                                                                                                                                                                                                                                                                                       
----------- ---------------------------------------- ------------ ------------------------------ ------------------------- --                                                                                                                                                                                                                                                                                                                                                                                       
       1400 2014 Jabberwocky Rd                      26192        Southlake                      Texas                     US                                                                                                                                                                                                                                                                                                                                                                                       
       1500 2011 Interiors Blvd                      99236        South San Francisco            California                US                                                                                                                                                                                                                                                                                                                                                                                       
       1700 2004 Charade Rd                          98199        Seattle                        Washington                US                                                                                                                                                                                                                                                                                                                                                                                       
       1800 460 Bloor St. W.                         ON M5S 1X8   Toronto                        Ontario                   CA                                                                                                                                                                                                                                                                                                                                                                                       
       2500 Magdalen Centre, The Oxford Science Park OX9 9ZB      Oxford                         Oxford                    UK                                                                                                                                                                                                                                                                                                                                                                                       

SQL> SELECT * FROM COUNTRIES;

CO COUNTRY_NAME                              REGION_ID                                                                                                                                                                                                                                                                                                                                                                                                                                                              
-- ---------------------------------------- ----------                                                                                                                                                                                                                                                                                                                                                                                                                                                              
CA Canada                                            2                                                                                                                                                                                                                                                                                                                                                                                                                                                              
DE Germany                                           1                                                                                                                                                                                                                                                                                                                                                                                                                                                              
UK United Kingdom                                    1                                                                                                                                                                                                                                                                                                                                                                                                                                                              
US United States of America                          2                                                                                                                                                                                                                                                                                                                                                                                                                                                              

SQL> REM FROM DEPARTMENTS CROSS JOIN LOCATIONS NATURAL JOIN COUNTRIES : COLUMNS ? 12   ROWS ? 40
SQL> 
SQL> SELECT * FROM DEPARTMENTS CROSS JOIN LOCATIONS NATURAL JOIN COUNTRIES;

CO DEPARTMENT_ID DEPARTMENT_NAME                MANAGER_ID LOCATION_ID LOCATION_ID STREET_ADRESS                            POSTAL_CODE  CITY                           STATE_PROVINCE            COUNTRY_NAME                              REGION_ID                                                                                                                                                                                                                                                               
-- ------------- ------------------------------ ---------- ----------- ----------- ---------------------------------------- ------------ ------------------------------ ------------------------- ---------------------------------------- ----------                                                                                                                                                                                                                                                               
US            10 Administration                        200        1700        1400 2014 Jabberwocky Rd                      26192        Southlake                      Texas                     United States of America                          2                                                                                                                                                                                                                                                               
US            20 Marketing                             201        1800        1400 2014 Jabberwocky Rd                      26192        Southlake                      Texas                     United States of America                          2                                                                                                                                                                                                                                                               
US            50 Shiping                               124        1500        1400 2014 Jabberwocky Rd                      26192        Southlake                      Texas                     United States of America                          2                                                                                                                                                                                                                                                               
US            60 IT                                    103        1400        1400 2014 Jabberwocky Rd                      26192        Southlake                      Texas                     United States of America                          2                                                                                                                                                                                                                                                               
US            80 Sales                                 149        2500        1400 2014 Jabberwocky Rd                      26192        Southlake                      Texas                     United States of America                          2                                                                                                                                                                                                                                                               
US            90 Executive                             100        1700        1400 2014 Jabberwocky Rd                      26192        Southlake                      Texas                     United States of America                          2                                                                                                                                                                                                                                                               
US           110 Accounting                            205        1700        1400 2014 Jabberwocky Rd                      26192        Southlake                      Texas                     United States of America                          2                                                                                                                                                                                                                                                               
US           190 Contracting                                      1700        1400 2014 Jabberwocky Rd                      26192        Southlake                      Texas                     United States of America                          2                                                                                                                                                                                                                                                               
US            10 Administration                        200        1700        1500 2011 Interiors Blvd                      99236        South San Francisco            California                United States of America                          2                                                                                                                                                                                                                                                               
US            20 Marketing                             201        1800        1500 2011 Interiors Blvd                      99236        South San Francisco            California                United States of America                          2                                                                                                                                                                                                                                                               
US            50 Shiping                               124        1500        1500 2011 Interiors Blvd                      99236        South San Francisco            California                United States of America                          2                                                                                                                                                                                                                                                               
US            60 IT                                    103        1400        1500 2011 Interiors Blvd                      99236        South San Francisco            California                United States of America                          2                                                                                                                                                                                                                                                               
US            80 Sales                                 149        2500        1500 2011 Interiors Blvd                      99236        South San Francisco            California                United States of America                          2                                                                                                                                                                                                                                                               
US            90 Executive                             100        1700        1500 2011 Interiors Blvd                      99236        South San Francisco            California                United States of America                          2                                                                                                                                                                                                                                                               
US           110 Accounting                            205        1700        1500 2011 Interiors Blvd                      99236        South San Francisco            California                United States of America                          2                                                                                                                                                                                                                                                               
US           190 Contracting                                      1700        1500 2011 Interiors Blvd                      99236        South San Francisco            California                United States of America                          2                                                                                                                                                                                                                                                               
US            10 Administration                        200        1700        1700 2004 Charade Rd                          98199        Seattle                        Washington                United States of America                          2                                                                                                                                                                                                                                                               
US            20 Marketing                             201        1800        1700 2004 Charade Rd                          98199        Seattle                        Washington                United States of America                          2                                                                                                                                                                                                                                                               
US            50 Shiping                               124        1500        1700 2004 Charade Rd                          98199        Seattle                        Washington                United States of America                          2                                                                                                                                                                                                                                                               
US            60 IT                                    103        1400        1700 2004 Charade Rd                          98199        Seattle                        Washington                United States of America                          2                                                                                                                                                                                                                                                               
US            80 Sales                                 149        2500        1700 2004 Charade Rd                          98199        Seattle                        Washington                United States of America                          2                                                                                                                                                                                                                                                               
US            90 Executive                             100        1700        1700 2004 Charade Rd                          98199        Seattle                        Washington                United States of America                          2                                                                                                                                                                                                                                                               
US           110 Accounting                            205        1700        1700 2004 Charade Rd                          98199        Seattle                        Washington                United States of America                          2                                                                                                                                                                                                                                                               
US           190 Contracting                                      1700        1700 2004 Charade Rd                          98199        Seattle                        Washington                United States of America                          2                                                                                                                                                                                                                                                               
CA            10 Administration                        200        1700        1800 460 Bloor St. W.                         ON M5S 1X8   Toronto                        Ontario                   Canada                                            2                                                                                                                                                                                                                                                               
CA            20 Marketing                             201        1800        1800 460 Bloor St. W.                         ON M5S 1X8   Toronto                        Ontario                   Canada                                            2                                                                                                                                                                                                                                                               
CA            50 Shiping                               124        1500        1800 460 Bloor St. W.                         ON M5S 1X8   Toronto                        Ontario                   Canada                                            2                                                                                                                                                                                                                                                               
CA            60 IT                                    103        1400        1800 460 Bloor St. W.                         ON M5S 1X8   Toronto                        Ontario                   Canada                                            2                                                                                                                                                                                                                                                               
CA            80 Sales                                 149        2500        1800 460 Bloor St. W.                         ON M5S 1X8   Toronto                        Ontario                   Canada                                            2                                                                                                                                                                                                                                                               
CA            90 Executive                             100        1700        1800 460 Bloor St. W.                         ON M5S 1X8   Toronto                        Ontario                   Canada                                            2                                                                                                                                                                                                                                                               
CA           110 Accounting                            205        1700        1800 460 Bloor St. W.                         ON M5S 1X8   Toronto                        Ontario                   Canada                                            2                                                                                                                                                                                                                                                               
CA           190 Contracting                                      1700        1800 460 Bloor St. W.                         ON M5S 1X8   Toronto                        Ontario                   Canada                                            2                                                                                                                                                                                                                                                               
UK            10 Administration                        200        1700        2500 Magdalen Centre, The Oxford Science Park OX9 9ZB      Oxford                         Oxford                    United Kingdom                                    1                                                                                                                                                                                                                                                               
UK            20 Marketing                             201        1800        2500 Magdalen Centre, The Oxford Science Park OX9 9ZB      Oxford                         Oxford                    United Kingdom                                    1                                                                                                                                                                                                                                                               
UK            50 Shiping                               124        1500        2500 Magdalen Centre, The Oxford Science Park OX9 9ZB      Oxford                         Oxford                    United Kingdom                                    1                                                                                                                                                                                                                                                               
UK            60 IT                                    103        1400        2500 Magdalen Centre, The Oxford Science Park OX9 9ZB      Oxford                         Oxford                    United Kingdom                                    1                                                                                                                                                                                                                                                               
UK            80 Sales                                 149        2500        2500 Magdalen Centre, The Oxford Science Park OX9 9ZB      Oxford                         Oxford                    United Kingdom                                    1                                                                                                                                                                                                                                                               
UK            90 Executive                             100        1700        2500 Magdalen Centre, The Oxford Science Park OX9 9ZB      Oxford                         Oxford                    United Kingdom                                    1                                                                                                                                                                                                                                                               
UK           110 Accounting                            205        1700        2500 Magdalen Centre, The Oxford Science Park OX9 9ZB      Oxford                         Oxford                    United Kingdom                                    1                                                                                                                                                                                                                                                               
UK           190 Contracting                                      1700        2500 Magdalen Centre, The Oxford Science Park OX9 9ZB      Oxford                         Oxford                    United Kingdom                                    1                                                                                                                                                                                                                                                               

40 rows selected.

SQL> REM INNER JOIN SYNTAX 1 : FROM TABLE1 INNER JOIN TABLE2 USING (COMMON COLUMN LIST, COMMA SEPARATED)
SQL> 
SQL> REM INNER JOIN SYNTAX 2 : FROM TABLE1 INNER JOIN TABLE2 ON JOIN CONDITION(S)
SQL> 
SQL> SELECT * FROM EMPLOYEES;

EMPLOYEE_ID FIRST_NAME LAST_NAME  EMAIL      PHONE_NUMBER         HIRE_DATE JOB_ID         SALARY COMMISSION_PCT MANAGER_ID DEPARTMENT_ID                                                                                                                                                                                                                                                                                                                                                                           
----------- ---------- ---------- ---------- -------------------- --------- ---------- ---------- -------------- ---------- -------------                                                                                                                                                                                                                                                                                                                                                                           
        100 Steven     King       SKING      515.123.4567         17-JUL-87 AD_PRES         24000                                      90                                                                                                                                                                                                                                                                                                                                                                           
        101 Neena      Kochhar    NKOCHHAR   515.123.4568         21-SEP-89 AD_VP           17000                       100            90                                                                                                                                                                                                                                                                                                                                                                           
        102 Lex        De Haan    LDEHAAN    515.123.4569         13-JAN-93 AD_VP           17000                       100            90                                                                                                                                                                                                                                                                                                                                                                           
        103 Alexander  Hunold     AHUNOLD    590.423.4567         03-JAN-90 IT_PROG          9000                       102            60                                                                                                                                                                                                                                                                                                                                                                           
        104 Bruce      Ernst      BERNST     590.423.4568         21-MAY-91 IT_PROG          6000                       103            60                                                                                                                                                                                                                                                                                                                                                                           
        107 Diana      Lorentz    DLORENTZ   590.423.5567         07-FEB-99 IT_PROG          4200                       103            60                                                                                                                                                                                                                                                                                                                                                                           
        124 Kevin      Mourgos    KMOURGOS   650.123.5234         16-NOV-99 ST_MAN           5800                       100            50                                                                                                                                                                                                                                                                                                                                                                           
        141 Trenna     Rajs       TRAJS      650.121.8009         17-OCT-95 ST_CLERK         3500                       124            50                                                                                                                                                                                                                                                                                                                                                                           
        142 Curtis     Davies     CDAVIES    650.121.2994         29-JAN-97 ST_CLERK         3100                       124            50                                                                                                                                                                                                                                                                                                                                                                           
        143 Randall    Matos      RMATOS     650.121.2874         15-MAR-98 ST_CLERK         2600                       124            50                                                                                                                                                                                                                                                                                                                                                                           
        144 Peter      Vargas     PVARGAS    650.121.2004         09-JUL-98 ST_CLERK         2500                       124            50                                                                                                                                                                                                                                                                                                                                                                           
        149 Eleni      Zlotkey    EZLOTKEY   011.44.1344.429018   29-JAN-00 SA_MAN          10500             .2        100            80                                                                                                                                                                                                                                                                                                                                                                           
        174 Ellen      Abel       EABEL      011.44.1644.429267   11-MAY-96 SA_REP          11000             .3        149            80                                                                                                                                                                                                                                                                                                                                                                           
        176 Jonathon   Taylor     JTAYLOR    011.44.1644.429265   24-MAR-98 SA_REP           8600             .3        149            80                                                                                                                                                                                                                                                                                                                                                                           
        178 Kimerely   Grant      KGRANT     011.44.1644.429263   24-MAY-99 SA_REP           7000            .15        149                                                                                                                                                                                                                                                                                                                                                                                         
        200 Jennifer   Whalen     JWHALEN    515.123.4444         17-SEP-87 AD_ASST          4400                       101            10                                                                                                                                                                                                                                                                                                                                                                           
        201 Michael    Hartstein  MHARTSTE   515.123.5555         17-FEB-96 MK_MAN          13000                       100            20                                                                                                                                                                                                                                                                                                                                                                           
        202 Pat        Fay        PFAY       603.123.6666         17-AUG-97 MK_REP           6000                       201            20                                                                                                                                                                                                                                                                                                                                                                           
        205 Shelley    Higgins    SHIGGINS   515.123.8080         07-JUN-94 AC_MGR          12000                       101           110                                                                                                                                                                                                                                                                                                                                                                           
        206 William    Gietz      WGIETZ     515.123.8181         07-JUN-94 AC_ACCOUNT       8300                       205           110                                                                                                                                                                                                                                                                                                                                                                           

20 rows selected.

SQL> SELECT * FROM DEPARTMENTS;

DEPARTMENT_ID DEPARTMENT_NAME                MANAGER_ID LOCATION_ID                                                                                                                                                                                                                                                                                                                                                                                                                                                 
------------- ------------------------------ ---------- -----------                                                                                                                                                                                                                                                                                                                                                                                                                                                 
           10 Administration                        200        1700                                                                                                                                                                                                                                                                                                                                                                                                                                                 
           20 Marketing                             201        1800                                                                                                                                                                                                                                                                                                                                                                                                                                                 
           50 Shiping                               124        1500                                                                                                                                                                                                                                                                                                                                                                                                                                                 
           60 IT                                    103        1400                                                                                                                                                                                                                                                                                                                                                                                                                                                 
           80 Sales                                 149        2500                                                                                                                                                                                                                                                                                                                                                                                                                                                 
           90 Executive                             100        1700                                                                                                                                                                                                                                                                                                                                                                                                                                                 
          110 Accounting                            205        1700                                                                                                                                                                                                                                                                                                                                                                                                                                                 
          190 Contracting                                      1700                                                                                                                                                                                                                                                                                                                                                                                                                                                 

8 rows selected.

SQL> SELECT FIRST_NAME , DEPARTMENT_NAME , DEPARTMENT_ID , MANAGER_ID
  2  FROM EMPLOYEES
  3  NATURAL JOIN DEPARTMENTS;

FIRST_NAME DEPARTMENT_NAME                DEPARTMENT_ID MANAGER_ID                                                                                                                                                                                                                                                                                                                                                                                                                                                  
---------- ------------------------------ ------------- ----------                                                                                                                                                                                                                                                                                                                                                                                                                                                  
Neena      Executive                                 90        100                                                                                                                                                                                                                                                                                                                                                                                                                                                  
Lex        Executive                                 90        100                                                                                                                                                                                                                                                                                                                                                                                                                                                  
Bruce      IT                                        60        103                                                                                                                                                                                                                                                                                                                                                                                                                                                  
Diana      IT                                        60        103                                                                                                                                                                                                                                                                                                                                                                                                                                                  
Trenna     Shiping                                   50        124                                                                                                                                                                                                                                                                                                                                                                                                                                                  
Curtis     Shiping                                   50        124                                                                                                                                                                                                                                                                                                                                                                                                                                                  
Randall    Shiping                                   50        124                                                                                                                                                                                                                                                                                                                                                                                                                                                  
Peter      Shiping                                   50        124                                                                                                                                                                                                                                                                                                                                                                                                                                                  
Ellen      Sales                                     80        149                                                                                                                                                                                                                                                                                                                                                                                                                                                  
Jonathon   Sales                                     80        149                                                                                                                                                                                                                                                                                                                                                                                                                                                  
Pat        Marketing                                 20        201                                                                                                                                                                                                                                                                                                                                                                                                                                                  
William    Accounting                               110        205                                                                                                                                                                                                                                                                                                                                                                                                                                                  

12 rows selected.

SQL> SELECT FIRST_NAME , DEPARTMENT_NAME , DEPARTMENT_ID , MANAGER_ID
  2  FROM EMPLOYEES
  3  INNER JOIN DEPARTMENTS USING (DEPARTMENT_ID);
SELECT FIRST_NAME , DEPARTMENT_NAME , DEPARTMENT_ID , MANAGER_ID
                                                      *
ERROR at line 1:
ORA-00918: column ambiguously defined 


SQL> SELECT FIRST_NAME , DEPARTMENT_NAME , DEPARTMENT_ID
  2  FROM EMPLOYEES
  3  INNER JOIN DEPARTMENTS USING (DEPARTMENT_ID);

FIRST_NAME DEPARTMENT_NAME                DEPARTMENT_ID                                                                                                                                                                                                                                                                                                                                                                                                                                                             
---------- ------------------------------ -------------                                                                                                                                                                                                                                                                                                                                                                                                                                                             
Jennifer   Administration                            10                                                                                                                                                                                                                                                                                                                                                                                                                                                             
Michael    Marketing                                 20                                                                                                                                                                                                                                                                                                                                                                                                                                                             
Pat        Marketing                                 20                                                                                                                                                                                                                                                                                                                                                                                                                                                             
Kevin      Shiping                                   50                                                                                                                                                                                                                                                                                                                                                                                                                                                             
Peter      Shiping                                   50                                                                                                                                                                                                                                                                                                                                                                                                                                                             
Randall    Shiping                                   50                                                                                                                                                                                                                                                                                                                                                                                                                                                             
Curtis     Shiping                                   50                                                                                                                                                                                                                                                                                                                                                                                                                                                             
Trenna     Shiping                                   50                                                                                                                                                                                                                                                                                                                                                                                                                                                             
Diana      IT                                        60                                                                                                                                                                                                                                                                                                                                                                                                                                                             
Bruce      IT                                        60                                                                                                                                                                                                                                                                                                                                                                                                                                                             
Alexander  IT                                        60                                                                                                                                                                                                                                                                                                                                                                                                                                                             
Ellen      Sales                                     80                                                                                                                                                                                                                                                                                                                                                                                                                                                             
Eleni      Sales                                     80                                                                                                                                                                                                                                                                                                                                                                                                                                                             
Jonathon   Sales                                     80                                                                                                                                                                                                                                                                                                                                                                                                                                                             
Lex        Executive                                 90                                                                                                                                                                                                                                                                                                                                                                                                                                                             
Steven     Executive                                 90                                                                                                                                                                                                                                                                                                                                                                                                                                                             
Neena      Executive                                 90                                                                                                                                                                                                                                                                                                                                                                                                                                                             
William    Accounting                               110                                                                                                                                                                                                                                                                                                                                                                                                                                                             
Shelley    Accounting                               110                                                                                                                                                                                                                                                                                                                                                                                                                                                             

19 rows selected.

SQL> SELECT FIRST_NAME , DEPARTMENT_NAME , DEPARTMENT_ID , MANAGER_ID
  2  FROM EMPLOYEES
  3  JOIN DEPARTMENTS USING (DEPARTMENT_ID);
SELECT FIRST_NAME , DEPARTMENT_NAME , DEPARTMENT_ID , MANAGER_ID
                                                      *
ERROR at line 1:
ORA-00918: column ambiguously defined 


SQL> SELECT FIRST_NAME , DEPARTMENT_NAME , DEPARTMENT_ID
  2  FROM EMPLOYEES
  3  JOIN DEPARTMENTS USING (DEPARTMENT_ID);

FIRST_NAME DEPARTMENT_NAME     DEPARTMENT_ID                                                                                                                                                                                                                                                                                                                                                                                                                                                             
---------- ----------------    -------------                                                                                                                                                                                                                                                                                                                                                                                                                                                             
Jennifer   Administration                 10                                                                                                                                                                                                                                                                                                                                                                                                                                                             
Michael    Marketing                      20                                                                                                                                                                                                                                                                                                                                                                                                                                                             
Pat        Marketing                      20                                                                                                                                                                                                                                                                                                                                                                                                                                                             
Kevin      Shiping                        50                                                                                                                                                                                                                                                                                                                                                                                                                                                             
Peter      Shiping                        50                                                                                                                                                                                                                                                                                                                                                                                                                                                             
Randall    Shiping                        50                                                                                                                                                                                                                                                                                                                                                                                                                                                             
Curtis     Shiping                        50                                                                                                                                                                                                                                                                                                                                                                                                                                                             
Trenna     Shiping                        50                                                                                                                                                                                                                                                                                                                                                                                                                                                             
Diana      IT                             60                                                                                                                                                                                                                                                                                                                                                                                                                                                             
Bruce      IT                             60                                                                                                                                                                                                                                                                                                                                                                                                                                                             
Alexander  IT                             60                                                                                                                                                                                                                                                                                                                                                                                                                                                             
Ellen      Sales                          80                                                                                                                                                                                                                                                                                                                                                                                                                                                             
Eleni      Sales                          80                                                                                                                                                                                                                                                                                                                                                                                                                                                             
Jonathon   Sales                          80                                                                                                                                                                                                                                                                                                                                                                                                                                                             
Lex        Executive                      90                                                                                                                                                                                                                                                                                                                                                                                                                                                             
Steven     Executive                      90                                                                                                                                                                                                                                                                                                                                                                                                                                                             
Neena      Executive                      90                                                                                                                                                                                                                                                                                                                                                                                                                                                             
William    Accounting                    110                                                                                                                                                                                                                                                                                                                                                                                                                                                             
Shelley    Accounting                    110                                                                                                                                                                                                                                                                                                                                                                                                                                                             

19 rows selected.

SQL> SELECT FIRST_NAME , DEPARTMENT_NAME , DEPARTMENT_ID , EMPLOYEES.MANAGER_ID , DEPARTMENTS.MANAGER_ID
  2  FROM EMPLOYEES
  3  JOIN DEPARTMENTS USING (DEPARTMENT_ID);

FIRST_NAME DEPARTMENT_NAME                DEPARTMENT_ID MANAGER_ID MANAGER_ID                                                                                                                                                                                                                                                                                                                                                                                                                                       
---------- ------------------------------ ------------- ---------- ----------                                                                                                                                                                                                                                                                                                                                                                                                                                       
Jennifer   Administration                            10        101        200                                                                                                                                                                                                                                                                                                                                                                                                                                       
Michael    Marketing                                 20        100        201                                                                                                                                                                                                                                                                                                                                                                                                                                       
Pat        Marketing                                 20        201        201                                                                                                                                                                                                                                                                                                                                                                                                                                       
Kevin      Shiping                                   50        100        124                                                                                                                                                                                                                                                                                                                                                                                                                                       
Peter      Shiping                                   50        124        124                                                                                                                                                                                                                                                                                                                                                                                                                                       
Randall    Shiping                                   50        124        124                                                                                                                                                                                                                                                                                                                                                                                                                                       
Curtis     Shiping                                   50        124        124                                                                                                                                                                                                                                                                                                                                                                                                                                       
Trenna     Shiping                                   50        124        124                                                                                                                                                                                                                                                                                                                                                                                                                                       
Diana      IT                                        60        103        103                                                                                                                                                                                                                                                                                                                                                                                                                                       
Bruce      IT                                        60        103        103                                                                                                                                                                                                                                                                                                                                                                                                                                       
Alexander  IT                                        60        102        103                                                                                                                                                                                                                                                                                                                                                                                                                                       
Ellen      Sales                                     80        149        149                                                                                                                                                                                                                                                                                                                                                                                                                                       
Eleni      Sales                                     80        100        149                                                                                                                                                                                                                                                                                                                                                                                                                                       
Jonathon   Sales                                     80        149        149                                                                                                                                                                                                                                                                                                                                                                                                                                       
Lex        Executive                                 90        100        100                                                                                                                                                                                                                                                                                                                                                                                                                                       
Steven     Executive                                 90                   100                                                                                                                                                                                                                                                                                                                                                                                                                                       
Neena      Executive                                 90        100        100                                                                                                                                                                                                                                                                                                                                                                                                                                       
William    Accounting                               110        205        205                                                                                                                                                                                                                                                                                                                                                                                                                                       
Shelley    Accounting                               110        101        205                                                                                                                                                                                                                                                                                                                                                                                                                                       

19 rows selected.

SQL> SELECT FIRST_NAME , DEPARTMENT_NAME , DEPARTMENT_ID , EMPLOYEES.MANAGER_ID EMP_MGR, DEPARTMENTS.MANAGER_ID DEPT_MGR
  2  FROM EMPLOYEES
  3  JOIN DEPARTMENTS USING (DEPARTMENT_ID);

FIRST_NAME DEPARTMENT_NAME                DEPARTMENT_ID    EMP_MGR   DEPT_MGR                                                                                                                                                                                                                                                                                                                                                                                                                                       
---------- ------------------------------ ------------- ---------- ----------                                                                                                                                                                                                                                                                                                                                                                                                                                       
Jennifer   Administration                            10        101        200                                                                                                                                                                                                                                                                                                                                                                                                                                       
Michael    Marketing                                 20        100        201                                                                                                                                                                                                                                                                                                                                                                                                                                       
Pat        Marketing                                 20        201        201                                                                                                                                                                                                                                                                                                                                                                                                                                       
Kevin      Shiping                                   50        100        124                                                                                                                                                                                                                                                                                                                                                                                                                                       
Peter      Shiping                                   50        124        124                                                                                                                                                                                                                                                                                                                                                                                                                                       
Randall    Shiping                                   50        124        124                                                                                                                                                                                                                                                                                                                                                                                                                                       
Curtis     Shiping                                   50        124        124                                                                                                                                                                                                                                                                                                                                                                                                                                       
Trenna     Shiping                                   50        124        124                                                                                                                                                                                                                                                                                                                                                                                                                                       
Diana      IT                                        60        103        103                                                                                                                                                                                                                                                                                                                                                                                                                                       
Bruce      IT                                        60        103        103                                                                                                                                                                                                                                                                                                                                                                                                                                       
Alexander  IT                                        60        102        103                                                                                                                                                                                                                                                                                                                                                                                                                                       
Ellen      Sales                                     80        149        149                                                                                                                                                                                                                                                                                                                                                                                                                                       
Eleni      Sales                                     80        100        149                                                                                                                                                                                                                                                                                                                                                                                                                                       
Jonathon   Sales                                     80        149        149                                                                                                                                                                                                                                                                                                                                                                                                                                       
Lex        Executive                                 90        100        100                                                                                                                                                                                                                                                                                                                                                                                                                                       
Steven     Executive                                 90                   100                                                                                                                                                                                                                                                                                                                                                                                                                                       
Neena      Executive                                 90        100        100                                                                                                                                                                                                                                                                                                                                                                                                                                       
William    Accounting                               110        205        205                                                                                                                                                                                                                                                                                                                                                                                                                                       
Shelley    Accounting                               110        101        205                                                                                                                                                                                                                                                                                                                                                                                                                                       

19 rows selected.

SQL> SELECT FIRST_NAME , DEPARTMENT_NAME , DEPARTMENT_ID , E.MANAGER_ID , D.MANAGER_ID
  2  FROM EMPLOYEES R
  3  
SQL> SELECT FIRST_NAME , DEPARTMENT_NAME , DEPARTMENT_ID , E.MANAGER_ID , D.MANAGER_ID
  2  FROM EMPLOYEES E
  3  JOIN DEPARTMENTS D USING (DEPARTMENT_ID);

FIRST_NAME DEPARTMENT_NAME     DEPARTMENT_ID MANAGER_ID MANAGER_ID                                                                                                                                                                                                                                                                                                                                                                                                                                       
---------- ----------------    ------------- ---------- ----------                                                                                                                                                                                                                                                                                                                                                                                                                                       
Jennifer   Administration                 10        101        200                                                                                                                                                                                                                                                                                                                                                                                                                                       
Michael    Marketing                      20        100        201                                                                                                                                                                                                                                                                                                                                                                                                                                       
Pat        Marketing                      20        201        201                                                                                                                                                                                                                                                                                                                                                                                                                                       
Kevin      Shiping                        50        100        124                                                                                                                                                                                                                                                                                                                                                                                                                                       
Peter      Shiping                        50        124        124                                                                                                                                                                                                                                                                                                                                                                                                                                       
Randall    Shiping                        50        124        124                                                                                                                                                                                                                                                                                                                                                                                                                                       
Curtis     Shiping                        50        124        124                                                                                                                                                                                                                                                                                                                                                                                                                                       
Trenna     Shiping                        50        124        124                                                                                                                                                                                                                                                                                                                                                                                                                                       
Diana      IT                             60        103        103                                                                                                                                                                                                                                                                                                                                                                                                                                       
Bruce      IT                             60        103        103                                                                                                                                                                                                                                                                                                                                                                                                                                       
Alexander  IT                             60        102        103                                                                                                                                                                                                                                                                                                                                                                                                                                       
Ellen      Sales                          80        149        149                                                                                                                                                                                                                                                                                                                                                                                                                                       
Eleni      Sales                          80        100        149                                                                                                                                                                                                                                                                                                                                                                                                                                       
Jonathon   Sales                          80        149        149                                                                                                                                                                                                                                                                                                                                                                                                                                       
Lex        Executive                      90        100        100                                                                                                                                                                                                                                                                                                                                                                                                                                       
Steven     Executive                      90                   100                                                                                                                                                                                                                                                                                                                                                                                                                                       
Neena      Executive                      90        100        100                                                                                                                                                                                                                                                                                                                                                                                                                                       
William    Accounting                    110        205        205                                                                                                                                                                                                                                                                                                                                                                                                                                       
Shelley    Accounting                    110        101        205                                                                                                                                                                                                                                                                                                                                                                                                                                       

19 rows selected.

SQL> SELECT FIRST_NAME , DEPARTMENT_NAME , E.DEPARTMENT_ID , E.MANAGER_ID , D.MANAGER_ID
  2  FROM EMPLOYEES E
  3  JOIN DEPARTMENTS D USING (DEPARTMENT_ID);
SELECT FIRST_NAME , DEPARTMENT_NAME , E.DEPARTMENT_ID , E.MANAGER_ID , D.MANAGER_ID
                                      *
ERROR at line 1:
ORA-25154: column part of USING clause cannot have qualifier 


SQL> SELECT E.FIRST_NAME , D.DEPARTMENT_NAME , DEPARTMENT_ID , E.MANAGER_ID , D.MANAGER_ID
  2  FROM EMPLOYEES E
  3  JOIN DEPARTMENTS D USING (DEPARTMENT_ID);

FIRST_NAME DEPARTMENT_NAME                DEPARTMENT_ID MANAGER_ID MANAGER_ID                                                                                                                                                                                                                                                                                                                                                                                                                                       
---------- ------------------------------ ------------- ---------- ----------                                                                                                                                                                                                                                                                                                                                                                                                                                       
Jennifer   Administration                            10        101        200                                                                                                                                                                                                                                                                                                                                                                                                                                       
Michael    Marketing                                 20        100        201                                                                                                                                                                                                                                                                                                                                                                                                                                       
Pat        Marketing                                 20        201        201                                                                                                                                                                                                                                                                                                                                                                                                                                       
Kevin      Shiping                                   50        100        124                                                                                                                                                                                                                                                                                                                                                                                                                                       
Peter      Shiping                                   50        124        124                                                                                                                                                                                                                                                                                                                                                                                                                                       
Randall    Shiping                                   50        124        124                                                                                                                                                                                                                                                                                                                                                                                                                                       
Curtis     Shiping                                   50        124        124                                                                                                                                                                                                                                                                                                                                                                                                                                       
Trenna     Shiping                                   50        124        124                                                                                                                                                                                                                                                                                                                                                                                                                                       
Diana      IT                                        60        103        103                                                                                                                                                                                                                                                                                                                                                                                                                                       
Bruce      IT                                        60        103        103                                                                                                                                                                                                                                                                                                                                                                                                                                       
Alexander  IT                                        60        102        103                                                                                                                                                                                                                                                                                                                                                                                                                                       
Ellen      Sales                                     80        149        149                                                                                                                                                                                                                                                                                                                                                                                                                                       
Eleni      Sales                                     80        100        149                                                                                                                                                                                                                                                                                                                                                                                                                                       
Jonathon   Sales                                     80        149        149                                                                                                                                                                                                                                                                                                                                                                                                                                       
Lex        Executive                                 90        100        100                                                                                                                                                                                                                                                                                                                                                                                                                                       
Steven     Executive                                 90                   100                                                                                                                                                                                                                                                                                                                                                                                                                                       
Neena      Executive                                 90        100        100                                                                                                                                                                                                                                                                                                                                                                                                                                       
William    Accounting                               110        205        205                                                                                                                                                                                                                                                                                                                                                                                                                                       
Shelley    Accounting                               110        101        205                                                                                                                                                                                                                                                                                                                                                                                                                                       

19 rows selected.

SQL> REM COMMON COLUMNS WHICH ARE PART OF USING CAN'T BE QUALIFIED
SQL> 
SQL> REM COMMON COLUMNS WHICH ARE NOT PART OF USING MUST BE QUALIFIED
SQL> 
SQL> REM UNCOMMON COLUMNS CAN BE OPTIONALLY QUALIFIED. IT SHOULD BE QUALIFIED.
SQL> 
SQL> REM WE CAN QUALIFY COLUMNS IN TWO WAYS : 1 TABLE NAME 2 TABLE ALIAS
SQL> 
SQL> 
SQL> 
SQL> 
SQL> SELECT E.FIRST_NAME , D.DEPARTMENT_NAME , DEPARTMENT_ID , EMPLOYEES.MANAGER_ID , D.MANAGER_ID
  2  FROM EMPLOYEES E
  3  JOIN DEPARTMENTS D USING (DEPARTMENT_ID);
SELECT E.FIRST_NAME , D.DEPARTMENT_NAME , DEPARTMENT_ID , EMPLOYEES.MANAGER_ID , D.MANAGER_ID
                                                          *
ERROR at line 1:
ORA-00904: "EMPLOYEES"."MANAGER_ID": invalid identifier 


$$$$$$$$$$$$$$$$$$$$$$$$$$$$$$$$$$$$$$$$$$$$$$$$$$$$$$$$$$$$$$$$$$$$$$$$$$$$$$$$$$$$$$$$$$$$$$$$$$$$$$$$$$$$$$$$$$$$$$$$$$$$$$
SQL> ALTER TABLE LOCATIONS RENAME COLUMN LOCATION_ID TO LID;
$$$$$$$$$$$$$$$$$$$$$$$$$$$$$$$$$$$$$$$$$$$$$$$$$$$$$$$$$$$$$$$$$$$$$$$$$$$$$$$$$$$$$$$$$$$$$$$$$$$$$$$$$$$$$$$$$$$$$$$$$$$$$$
Table altered.

SQL> SELECT * FROM DEPARTMENTS;

DEPARTMENT_ID DEPARTMENT_NAME                MANAGER_ID LOCATION_ID                                                                                                                                                                                                                                                                                                                                                                                                                                                 
------------- ------------------------------ ---------- -----------                                                                                                                                                                                                                                                                                                                                                                                                                                                 
           10 Administration                        200        1700                                                                                                                                                                                                                                                                                                                                                                                                                                                 
           20 Marketing                             201        1800                                                                                                                                                                                                                                                                                                                                                                                                                                                 
           50 Shiping                               124        1500                                                                                                                                                                                                                                                                                                                                                                                                                                                 
           60 IT                                    103        1400                                                                                                                                                                                                                                                                                                                                                                                                                                                 
           80 Sales                                 149        2500                                                                                                                                                                                                                                                                                                                                                                                                                                                 
           90 Executive                             100        1700                                                                                                                                                                                                                                                                                                                                                                                                                                                 
          110 Accounting                            205        1700                                                                                                                                                                                                                                                                                                                                                                                                                                                 
          190 Contracting                                      1700                                                                                                                                                                                                                                                                                                                                                                                                                                                 

8 rows selected.

SQL> SELECT * FROM LOCATIONS;

       LID STREET_ADRESS                            POSTAL_CODE  CITY                           STATE_PROVINCE            CO                                                                                                                                                                                                                                                                                                                                                                                        
---------- ---------------------------------------- ------------ ------------------------------ ------------------------- --                                                                                                                                                                                                                                                                                                                                                                                        
      1400 2014 Jabberwocky Rd                      26192        Southlake                      Texas                     US                                                                                                                                                                                                                                                                                                                                                                                        
      1500 2011 Interiors Blvd                      99236        South San Francisco            California                US                                                                                                                                                                                                                                                                                                                                                                                        
      1700 2004 Charade Rd                          98199        Seattle                        Washington                US                                                                                                                                                                                                                                                                                                                                                                                        
      1800 460 Bloor St. W.                         ON M5S 1X8   Toronto                        Ontario                   CA                                                                                                                                                                                                                                                                                                                                                                                        
      2500 Magdalen Centre, The Oxford Science Park OX9 9ZB      Oxford                         Oxford                    UK                                                                                                                                                                                                                                                                                                                                                                                        

SQL> SELECT DEPARTMENT_NAME , CITY
  2  FROM DEPARTMENTS
  3  NATURAL JOIN LOCATIONS;

DEPARTMENT_NAME                CITY                                                                                                                                                                                                                                                                                                                                                                                                                                                                                 
------------------------------ ------------------------------                                                                                                                                                                                                                                                                                                                                                                                                                                                       
Administration                 Southlake                                                                                                                                                                                                                                                                                                                                                                                                                                                                            
Marketing                      Southlake                                                                                                                                                                                                                                                                                                                                                                                                                                                                            
Shiping                        Southlake                                                                                                                                                                                                                                                                                                                                                                                                                                                                            
IT                             Southlake                                                                                                                                                                                                                                                                                                                                                                                                                                                                            
Sales                          Southlake                                                                                                                                                                                                                                                                                                                                                                                                                                                                            
Executive                      Southlake                                                                                                                                                                                                                                                                                                                                                                                                                                                                            
Accounting                     Southlake                                                                                                                                                                                                                                                                                                                                                                                                                                                                            
Contracting                    Southlake                                                                                                                                                                                                                                                                                                                                                                                                                                                                            
Administration                 South San Francisco                                                                                                                                                                                                                                                                                                                                                                                                                                                                  
Marketing                      South San Francisco                                                                                                                                                                                                                                                                                                                                                                                                                                                                  
Shiping                        South San Francisco                                                                                                                                                                                                                                                                                                                                                                                                                                                                  
IT                             South San Francisco                                                                                                                                                                                                                                                                                                                                                                                                                                                                  
Sales                          South San Francisco                                                                                                                                                                                                                                                                                                                                                                                                                                                                  
Executive                      South San Francisco                                                                                                                                                                                                                                                                                                                                                                                                                                                                  
Accounting                     South San Francisco                                                                                                                                                                                                                                                                                                                                                                                                                                                                  
Contracting                    South San Francisco                                                                                                                                                                                                                                                                                                                                                                                                                                                                  
Administration                 Seattle                                                                                                                                                                                                                                                                                                                                                                                                                                                                              
Marketing                      Seattle                                                                                                                                                                                                                                                                                                                                                                                                                                                                              
Shiping                        Seattle                                                                                                                                                                                                                                                                                                                                                                                                                                                                              
IT                             Seattle                                                                                                                                                                                                                                                                                                                                                                                                                                                                              
Sales                          Seattle                                                                                                                                                                                                                                                                                                                                                                                                                                                                              
Executive                      Seattle                                                                                                                                                                                                                                                                                                                                                                                                                                                                              
Accounting                     Seattle                                                                                                                                                                                                                                                                                                                                                                                                                                                                              
Contracting                    Seattle                                                                                                                                                                                                                                                                                                                                                                                                                                                                              
Administration                 Toronto                                                                                                                                                                                                                                                                                                                                                                                                                                                                              
Marketing                      Toronto                                                                                                                                                                                                                                                                                                                                                                                                                                                                              
Shiping                        Toronto                                                                                                                                                                                                                                                                                                                                                                                                                                                                              
IT                             Toronto                                                                                                                                                                                                                                                                                                                                                                                                                                                                              
Sales                          Toronto                                                                                                                                                                                                                                                                                                                                                                                                                                                                              
Executive                      Toronto                                                                                                                                                                                                                                                                                                                                                                                                                                                                              
Accounting                     Toronto                                                                                                                                                                                                                                                                                                                                                                                                                                                                              
Contracting                    Toronto                                                                                                                                                                                                                                                                                                                                                                                                                                                                              
Administration                 Oxford                                                                                                                                                                                                                                                                                                                                                                                                                                                                               
Marketing                      Oxford                                                                                                                                                                                                                                                                                                                                                                                                                                                                               
Shiping                        Oxford                                                                                                                                                                                                                                                                                                                                                                                                                                                                               
IT                             Oxford                                                                                                                                                                                                                                                                                                                                                                                                                                                                               
Sales                          Oxford                                                                                                                                                                                                                                                                                                                                                                                                                                                                               
Executive                      Oxford                                                                                                                                                                                                                                                                                                                                                                                                                                                                               
Accounting                     Oxford                                                                                                                                                                                                                                                                                                                                                                                                                                                                               
Contracting                    Oxford                                                                                                                                                                                                                                                                                                                                                                                                                                                                               

40 rows selected.

SQL> SELECT DEPARTMENT_NAME , CITY
  2  FROM DEPARTMENTS
  3  INNER JOIN LOCATIONS USING (LID);
INNER JOIN LOCATIONS USING (LID)
                            *
ERROR at line 3:
ORA-00904: "DEPARTMENTS"."LID": invalid identifier 


SQL> SELECT DEPARTMENT_NAME , CITY
  2  FROM DEPARTMENTS
  3  INNER JOIN LOCATIONS USING (LOCATION_ID);
INNER JOIN LOCATIONS USING (LOCATION_ID)
                            *
ERROR at line 3:
ORA-00904: "LOCATIONS"."LOCATION_ID": invalid identifier 


SQL> SELECT DEPARTMENT_NAME , CITY
  2  FROM DEPARTMENTS
  3  INNER JOIN LOCATIONS USING (LOCATION_ID,LID);
INNER JOIN LOCATIONS USING (LOCATION_ID,LID)
                                        *
ERROR at line 3:
ORA-00904: "DEPARTMENTS"."LID": invalid identifier 


SQL> SELECT DEPARTMENT_NAME , CITY
  2  FROM DEPARTMENTS
  3  INNER JOIN LOCATIONS ON LOCATION_ID = LID;

DEPARTMENT_NAME                CITY                                                                                                                                                                                                                                                                                                                                                                                                                                                                                 
------------------------------ ------------------------------                                                                                                                                                                                                                                                                                                                                                                                                                                                       
Administration                 Seattle                                                                                                                                                                                                                                                                                                                                                                                                                                                                              
Marketing                      Toronto                                                                                                                                                                                                                                                                                                                                                                                                                                                                              
Shiping                        South San Francisco                                                                                                                                                                                                                                                                                                                                                                                                                                                                  
IT                             Southlake                                                                                                                                                                                                                                                                                                                                                                                                                                                                            
Sales                          Oxford                                                                                                                                                                                                                                                                                                                                                                                                                                                                               
Executive                      Seattle                                                                                                                                                                                                                                                                                                                                                                                                                                                                              
Accounting                     Seattle                                                                                                                                                                                                                                                                                                                                                                                                                                                                              
Contracting                    Seattle                                                                                                                                                                                                                                                                                                                                                                                                                                                                              

8 rows selected.

SQL> ALTER TABLE LOCATIONS RENAME COLUMN LID TO LOCATION_ID;

Table altered.

SQL> SELECT DEPARTMENT_NAME , CITY
  2  FROM DEPARTMENTS
  3  INNER JOIN LOCATIONS ON LOCATION_ID = LOCATION_ID;
INNER JOIN LOCATIONS ON LOCATION_ID = LOCATION_ID
                                      *
ERROR at line 3:
ORA-00918: column ambiguously defined 


SQL> SELECT DEPARTMENT_NAME , CITY
  2  FROM DEPARTMENTS
  3  INNER JOIN LOCATIONS ON DEPARTMENTS.LOCATION_ID = LOCATIONS.LOCATION_ID;

DEPARTMENT_NAME                CITY                                                                                                                                                                                                                                                                                                                                                                                                                                                                                 
------------------------------ ------------------------------                                                                                                                                                                                                                                                                                                                                                                                                                                                       
Administration                 Seattle                                                                                                                                                                                                                                                                                                                                                                                                                                                                              
Marketing                      Toronto                                                                                                                                                                                                                                                                                                                                                                                                                                                                              
Shiping                        South San Francisco                                                                                                                                                                                                                                                                                                                                                                                                                                                                  
IT                             Southlake                                                                                                                                                                                                                                                                                                                                                                                                                                                                            
Sales                          Oxford                                                                                                                                                                                                                                                                                                                                                                                                                                                                               
Executive                      Seattle                                                                                                                                                                                                                                                                                                                                                                                                                                                                              
Accounting                     Seattle                                                                                                                                                                                                                                                                                                                                                                                                                                                                              
Contracting                    Seattle                                                                                                                                                                                                                                                                                                                                                                                                                                                                              

8 rows selected.

SQL> SELECT DEPARTMENT_NAME , CITY
  2  FROM DEPARTMENTS D
  3  INNER JOIN LOCATIONS L ON D.LOCATION_ID = L.LOCATION_ID;

DEPARTMENT_NAME                CITY                                                                                                                                                                                                                                                                                                                                                                                                                                                                                 
------------------------------ ------------------------------                                                                                                                                                                                                                                                                                                                                                                                                                                                       
Administration                 Seattle                                                                                                                                                                                                                                                                                                                                                                                                                                                                              
Marketing                      Toronto                                                                                                                                                                                                                                                                                                                                                                                                                                                                              
Shiping                        South San Francisco                                                                                                                                                                                                                                                                                                                                                                                                                                                                  
IT                             Southlake                                                                                                                                                                                                                                                                                                                                                                                                                                                                            
Sales                          Oxford                                                                                                                                                                                                                                                                                                                                                                                                                                                                               
Executive                      Seattle                                                                                                                                                                                                                                                                                                                                                                                                                                                                              
Accounting                     Seattle                                                                                                                                                                                                                                                                                                                                                                                                                                                                              
Contracting                    Seattle                                                                                                                                                                                                                                                                                                                                                                                                                                                                              

8 rows selected.

SQL> SELECT DEPARTMENT_NAME , CITY
  2  FROM DEPARTMENTS D
  3  INNER JOIN LOCATIONS USING (LOCATION_ID);

DEPARTMENT_NAME                CITY                                                                                                                                                                                                                                                                                                                                                                                                                                                                                 
------------------------------ ------------------------------                                                                                                                                                                                                                                                                                                                                                                                                                                                       
Administration                 Seattle                                                                                                                                                                                                                                                                                                                                                                                                                                                                              
Marketing                      Toronto                                                                                                                                                                                                                                                                                                                                                                                                                                                                              
Shiping                        South San Francisco                                                                                                                                                                                                                                                                                                                                                                                                                                                                  
IT                             Southlake                                                                                                                                                                                                                                                                                                                                                                                                                                                                            
Sales                          Oxford                                                                                                                                                                                                                                                                                                                                                                                                                                                                               
Executive                      Seattle                                                                                                                                                                                                                                                                                                                                                                                                                                                                              
Accounting                     Seattle                                                                                                                                                                                                                                                                                                                                                                                                                                                                              
Contracting                    Seattle                                                                                                                                                                                                                                                                                                                                                                                                                                                                              

8 rows selected.

SQL> SELECT DEPARTMENT_NAME , CITY
  2  FROM DEPARTMENTS D
  3  NATURAL JOIN LOCATIONS;

DEPARTMENT_NAME                CITY                                                                                                                                                                                                                                                                                                                                                                                                                                                                                 
------------------------------ ------------------------------                                                                                                                                                                                                                                                                                                                                                                                                                                                       
Administration                 Seattle                                                                                                                                                                                                                                                                                                                                                                                                                                                                              
Marketing                      Toronto                                                                                                                                                                                                                                                                                                                                                                                                                                                                              
Shiping                        South San Francisco                                                                                                                                                                                                                                                                                                                                                                                                                                                                  
IT                             Southlake                                                                                                                                                                                                                                                                                                                                                                                                                                                                            
Sales                          Oxford                                                                                                                                                                                                                                                                                                                                                                                                                                                                               
Executive                      Seattle                                                                                                                                                                                                                                                                                                                                                                                                                                                                              
Accounting                     Seattle                                                                                                                                                                                                                                                                                                                                                                                                                                                                              
Contracting                    Seattle                                                                                                                                                                                                                                                                                                                                                                                                                                                                              

8 rows selected.

SQL> SPOOL OFF
