SQL> 
SQL> CL SCR

SQL> REM E D L C R
SQL> 
SQL> REM  EMPLOYEES   DEPARTMENTS   LOCATIONS   COUNTRIES   REGIONS
SQL> 
SQL> REM     DEPARTMENT_ID   LOCATION_ID   COUNTRY_ID   REGION_ID
SQL> 
SQL> 
SQL> REM     MANAGER_ID : MEANINGS ARE DIFFERENT : WE SHOULD NOT USE NATURAL JOIN.
SQL> 
SQL> SELECT * FROM DEPARTMENTS;

DEPARTMENT_ID DEPARTMENT_NAME                MANAGER_ID LOCATION_ID                                                                                                                                     
------------- ------------------------------ ---------- -----------                                                                                                                                     
           10 Administration                        200        1700                                                                                                                                     
           20 Marketing                             201        1800                                                                                                                                     
           50 Shiping                               124        1500                                                                                                                                     
           60 IT                                    103        1400                                                                                                                                     
           80 Sales                                 149        2500                                                                                                                                     
           90 Executive                             100        1700                                                                                                                                     
          110 Accounting                            205        1700                                                                                                                                     
          190 Contracting                                      1700                                                                                                                                     

8 rows selected.

SQL> SELECT * FROM LOCATIONS;

LOCATION_ID STREET_ADRESS                            POSTAL_CODE  CITY                           STATE_PROVINCE            CO                                                                           
----------- ---------------------------------------- ------------ ------------------------------ ------------------------- --                                                                           
       1400 2014 Jabberwocky Rd                      26192        Southlake                      Texas                     US                                                                           
       1500 2011 Interiors Blvd                      99236        South San Francisco            California                US                                                                           
       1700 2004 Charade Rd                          98199        Seattle                        Washington                US                                                                           
       1800 460 Bloor St. W.                         ON M5S 1X8   Toronto                        Ontario                   CA                                                                           
       2500 Magdalen Centre, The Oxford Science Park OX9 9ZB      Oxford                         Oxford                    UK                                                                           

SQL> REM DEPARTMENT_NAME , CITY
SQL> 
SQL> SELECT DEPARTMENT_NAME , CITY
  2  FROM DEPARTMENTS
  3  NATURAL JOIN LOCATIONS;

DEPARTMENT_NAME                CITY                                                                                                                                                                     
------------------------------ ------------------------------                                                                                                                                           
Administration                 Seattle                                                                                                                                                                  
Marketing                      Toronto                                                                                                                                                                  
Shiping                        South San Francisco                                                                                                                                                      
IT                             Southlake                                                                                                                                                                
Sales                          Oxford                                                                                                                                                                   
Executive                      Seattle                                                                                                                                                                  
Accounting                     Seattle                                                                                                                                                                  
Contracting                    Seattle                                                                                                                                                                  

8 rows selected.

SQL> SELECT DEPARTMENT_NAME , CITY
  2  FROM DEPARTMENTS
  3  INNER JOIN LOCATIONS USING (LOCATION_ID);

DEPARTMENT_NAME                CITY                                                                                                                                                                     
------------------------------ ------------------------------                                                                                                                                           
Administration                 Seattle                                                                                                                                                                  
Marketing                      Toronto                                                                                                                                                                  
Shiping                        South San Francisco                                                                                                                                                      
IT                             Southlake                                                                                                                                                                
Sales                          Oxford                                                                                                                                                                   
Executive                      Seattle                                                                                                                                                                  
Accounting                     Seattle                                                                                                                                                                  
Contracting                    Seattle                                                                                                                                                                  

8 rows selected.

SQL> SELECT DEPARTMENT_NAME , CITY
  2  FROM DEPARTMENTS
  3  INNER JOIN LOCATIONS ON LOCATION_ID = LOCATION_ID;
INNER JOIN LOCATIONS ON LOCATION_ID = LOCATION_ID
                                      *
ERROR at line 3:
ORA-00918: column ambiguously defined 


SQL> SELECT DEPARTMENT_NAME , CITY
  2  FROM DEPARTMENTS
  3  INNER JOIN LOCATIONS ON DEPARTMENTS.LOCATION_ID = LOCATIONS.LOCATION_ID;

DEPARTMENT_NAME                CITY                                                                                                                                                                     
------------------------------ ------------------------------                                                                                                                                           
Administration                 Seattle                                                                                                                                                                  
Marketing                      Toronto                                                                                                                                                                  
Shiping                        South San Francisco                                                                                                                                                      
IT                             Southlake                                                                                                                                                                
Sales                          Oxford                                                                                                                                                                   
Executive                      Seattle                                                                                                                                                                  
Accounting                     Seattle                                                                                                                                                                  
Contracting                    Seattle                                                                                                                                                                  

8 rows selected.

SQL> SELECT DEPARTMENT_NAME , CITY
  2  FROM DEPARTMENTS D
  3  INNER JOIN LOCATIONS L ON D.LOCATION_ID = L.LOCATION_ID;

DEPARTMENT_NAME                CITY                                                                                                                                                                     
------------------------------ ------------------------------                                                                                                                                           
Administration                 Seattle                                                                                                                                                                  
Marketing                      Toronto                                                                                                                                                                  
Shiping                        South San Francisco                                                                                                                                                      
IT                             Southlake                                                                                                                                                                
Sales                          Oxford                                                                                                                                                                   
Executive                      Seattle                                                                                                                                                                  
Accounting                     Seattle                                                                                                                                                                  
Contracting                    Seattle                                                                                                                                                                  

8 rows selected.

SQL> SELECT DEPARTMENT_NAME , CITY
  2  FROM DEPARTMENTS D
  3  INNER JOIN LOCATIONS ON D.LOCATION_ID = LOCATIONS.LOCATION_ID;

DEPARTMENT_NAME                CITY                                                                                                                                                                     
------------------------------ ------------------------------                                                                                                                                           
Administration                 Seattle                                                                                                                                                                  
Marketing                      Toronto                                                                                                                                                                  
Shiping                        South San Francisco                                                                                                                                                      
IT                             Southlake                                                                                                                                                                
Sales                          Oxford                                                                                                                                                                   
Executive                      Seattle                                                                                                                                                                  
Accounting                     Seattle                                                                                                                                                                  
Contracting                    Seattle                                                                                                                                                                  

8 rows selected.

SQL> REM CITY , COUNTRY_NAME
SQL> 
SQL> REM 1 NJ 2 IJ .. USING 3 IJ .. ON
SQL> 
SQL> SELECT CITY , COUNTRY_NAME
  2  FROM LOCATIONS
  3  NATURAL JOIN COUNTRIES;

CITY                           COUNTRY_NAME                                                                                                                                                             
------------------------------ ----------------------------------------                                                                                                                                 
Southlake                      United States of America                                                                                                                                                 
South San Francisco            United States of America                                                                                                                                                 
Seattle                        United States of America                                                                                                                                                 
Toronto                        Canada                                                                                                                                                                   
Oxford                         United Kingdom                                                                                                                                                           

SQL> SELECT CITY , COUNTRY_NAME
  2  FROM LOCATIONS
  3  JOIN COUNTRIES USING (COUNTRY_ID);

CITY                           COUNTRY_NAME                                                                                                                                                             
------------------------------ ----------------------------------------                                                                                                                                 
Southlake                      United States of America                                                                                                                                                 
South San Francisco            United States of America                                                                                                                                                 
Seattle                        United States of America                                                                                                                                                 
Toronto                        Canada                                                                                                                                                                   
Oxford                         United Kingdom                                                                                                                                                           

SQL> SELECT CITY , COUNTRY_NAME
  2  FROM LOCATIONS L
  3  JOIN COUNTRIES ON L.COUNTRY_ID = COUNTRIES.COUNTRY_ID;

CITY                           COUNTRY_NAME                                                                                                                                                             
------------------------------ ----------------------------------------                                                                                                                                 
Southlake                      United States of America                                                                                                                                                 
South San Francisco            United States of America                                                                                                                                                 
Seattle                        United States of America                                                                                                                                                 
Toronto                        Canada                                                                                                                                                                   
Oxford                         United Kingdom                                                                                                                                                           

SQL> REM COUNTRY_NAME , REGION_NAME
SQL> 
SQL> REM 1 NJ 2 IJ .. USING 3 IJ .. ON
SQL> 
SQL> SELECT COUNTRY_NAME , REGION_NAME
  2  FROM COUNTRIES
  3  NATURAL JOIN REGIONS;

COUNTRY_NAME                             REGION_NAME                                                                                                                                                    
---------------------------------------- -------------------------                                                                                                                                      
Germany                                  Europe                                                                                                                                                         
United Kingdom                           Europe                                                                                                                                                         
Canada                                   AMERICAS                                                                                                                                                       
United States of America                 AMERICAS                                                                                                                                                       

SQL> SELECT COUNTRY_NAME , REGION_NAME
  2  FROM COUNTRIES
  3  JOIN REGIONS USING (REGION_ID);

COUNTRY_NAME                             REGION_NAME                                                                                                                                                    
---------------------------------------- -------------------------                                                                                                                                      
Germany                                  Europe                                                                                                                                                         
United Kingdom                           Europe                                                                                                                                                         
Canada                                   AMERICAS                                                                                                                                                       
United States of America                 AMERICAS                                                                                                                                                       

SQL> SELECT COUNTRY_NAME , REGION_NAME
  2  FROM COUNTRIES C
  3  JOIN REGIONS ON C.REGION_ID = REGIONS.REGION_ID;

COUNTRY_NAME                             REGION_NAME                                                                                                                                                    
---------------------------------------- -------------------------                                                                                                                                      
Germany                                  Europe                                                                                                                                                         
United Kingdom                           Europe                                                                                                                                                         
Canada                                   AMERICAS                                                                                                                                                       
United States of America                 AMERICAS                                                                                                                                                       

SQL> REM DEPARTMENT_NAME , CITY , COUNTRY_NAME
SQL> 
SQL> REM DEPARTMENTS   LOCATIONS  COUNTRIES
SQL> 
SQL> 
SQL> SELECT DEPARTMENT_NAME , CITY , COUNTRY_NAME
  2  FROM DEPARTMENTS
  3  NATURAL JOIN LOCATIONS
  4  NATURAL JOIN COUNTRIES;

DEPARTMENT_NAME                CITY                           COUNTRY_NAME                                                                                                                              
------------------------------ ------------------------------ ----------------------------------------                                                                                                  
Administration                 Seattle                        United States of America                                                                                                                  
Marketing                      Toronto                        Canada                                                                                                                                    
Shiping                        South San Francisco            United States of America                                                                                                                  
IT                             Southlake                      United States of America                                                                                                                  
Sales                          Oxford                         United Kingdom                                                                                                                            
Executive                      Seattle                        United States of America                                                                                                                  
Accounting                     Seattle                        United States of America                                                                                                                  
Contracting                    Seattle                        United States of America                                                                                                                  

8 rows selected.

SQL> SELECT DEPARTMENT_NAME , CITY , COUNTRY_NAME
  2  FROM DEPARTMENTS
  3  JOIN LOCATIONS   USING (LOCATION_ID)
  4  JOIN COUNTRIES   USING (COUNTRY_ID);

DEPARTMENT_NAME                CITY                           COUNTRY_NAME                                                                                                                              
------------------------------ ------------------------------ ----------------------------------------                                                                                                  
Administration                 Seattle                        United States of America                                                                                                                  
Marketing                      Toronto                        Canada                                                                                                                                    
Shiping                        South San Francisco            United States of America                                                                                                                  
IT                             Southlake                      United States of America                                                                                                                  
Sales                          Oxford                         United Kingdom                                                                                                                            
Executive                      Seattle                        United States of America                                                                                                                  
Accounting                     Seattle                        United States of America                                                                                                                  
Contracting                    Seattle                        United States of America                                                                                                                  

8 rows selected.

SQL> SELECT DEPARTMENT_NAME , CITY , COUNTRY_NAME
  2  FROM DEPARTMENTS D
  3  JOIN LOCATIONS   L ON D.LOCATION_ID = L.LOCATION_ID
  4  JOIN COUNTRIES   C ON L.COUNTRY_ID  = C.COUNTRY_ID;

DEPARTMENT_NAME                CITY                           COUNTRY_NAME                                                                                                                              
------------------------------ ------------------------------ ----------------------------------------                                                                                                  
Administration                 Seattle                        United States of America                                                                                                                  
Marketing                      Toronto                        Canada                                                                                                                                    
Shiping                        South San Francisco            United States of America                                                                                                                  
IT                             Southlake                      United States of America                                                                                                                  
Sales                          Oxford                         United Kingdom                                                                                                                            
Executive                      Seattle                        United States of America                                                                                                                  
Accounting                     Seattle                        United States of America                                                                                                                  
Contracting                    Seattle                        United States of America                                                                                                                  

8 rows selected.

SQL> REM CITY , COUNTRY_NAME , REGION_NAME
SQL> 
SQL> SELECT CITY , COUNTRY_NAME , REGION_NAME
  2  FROM LOCATIONS
  3  NATURAL JOIN COUNTRIES
  4  NATURAL JOIN REGIONS;

CITY                           COUNTRY_NAME                             REGION_NAME                                                                                                                     
------------------------------ ---------------------------------------- -------------------------                                                                                                       
Southlake                      United States of America                 AMERICAS                                                                                                                        
South San Francisco            United States of America                 AMERICAS                                                                                                                        
Seattle                        United States of America                 AMERICAS                                                                                                                        
Toronto                        Canada                                   AMERICAS                                                                                                                        
Oxford                         United Kingdom                           Europe                                                                                                                          

SQL> FROM LOCATIONS
SP2-0734: unknown command beginning "FROM LOCAT..." - rest of line ignored.
SQL> 
SQL> SELECT CITY , COUNTRY_NAME , REGION_NAME
  2  FROM LOCATIONS
  3  JOIN COUNTRIES USING (COUNTRY_ID)
  4  JOIN REGOINS   USING (REGION_ID);
JOIN REGOINS   USING (REGION_ID)
     *
ERROR at line 4:
ORA-00942: table or view does not exist 


SQL> SELECT CITY , COUNTRY_NAME , REGION_NAME
  2  FROM LOCATIONS
  3  JOIN COUNTRIES USING (COUNTRY_ID)
  4  JOIN REGIONS   USING (REGION_ID);

CITY                           COUNTRY_NAME                             REGION_NAME                                                                                                                     
------------------------------ ---------------------------------------- -------------------------                                                                                                       
Southlake                      United States of America                 AMERICAS                                                                                                                        
South San Francisco            United States of America                 AMERICAS                                                                                                                        
Seattle                        United States of America                 AMERICAS                                                                                                                        
Toronto                        Canada                                   AMERICAS                                                                                                                        
Oxford                         United Kingdom                           Europe                                                                                                                          

SQL> SELECT CITY , COUNTRY_NAME , REGION_NAME
  2  FROM LOCATIONS L
  3  JOIN COUNTRIES C ON L.COUNTRY_ID = C.COUNTRY_ID
  4  JOIN REGIONS   R ON C.REGION_ID  = R.REGION_ID;

CITY                           COUNTRY_NAME                             REGION_NAME                                                                                                                     
------------------------------ ---------------------------------------- -------------------------                                                                                                       
Southlake                      United States of America                 AMERICAS                                                                                                                        
South San Francisco            United States of America                 AMERICAS                                                                                                                        
Seattle                        United States of America                 AMERICAS                                                                                                                        
Toronto                        Canada                                   AMERICAS                                                                                                                        
Oxford                         United Kingdom                           Europe                                                                                                                          

SQL> REM CITY , REGION_NAME , DEPARTMENT_ID , COUNTRY_NAME
SQL> 
SQL> REM CITY , REGION_NAME , DEPARTMENT_NAME , COUNTRY_NAME
SQL> 
SQL> SELECT CITY , REGION_NAME , DEPARTMENT_NAME , COUNTRY_NAME
  2  FROM LOCATIONS
  3  NATURAL JOIN REGIONS
  4  NATURAL JOIN DEPARTMENTS
  5  NATURAL JOIN COUNTRIES;

CITY                           REGION_NAME               DEPARTMENT_NAME                COUNTRY_NAME                                                                                                    
------------------------------ ------------------------- ------------------------------ ----------------------------------------                                                                        
Seattle                        AMERICAS                  Administration                 United States of America                                                                                        
Toronto                        AMERICAS                  Marketing                      Canada                                                                                                          
South San Francisco            AMERICAS                  Shiping                        United States of America                                                                                        
Southlake                      AMERICAS                  IT                             United States of America                                                                                        
Oxford                         Europe                    Sales                          United Kingdom                                                                                                  
Seattle                        AMERICAS                  Executive                      United States of America                                                                                        
Seattle                        AMERICAS                  Accounting                     United States of America                                                                                        
Seattle                        AMERICAS                  Contracting                    United States of America                                                                                        

8 rows selected.

SQL> SELECT CITY , REGION_NAME , DEPARTMENT_NAME , COUNTRY_NAME
  2  FROM DEPARTMENTS
  3  JOIN LOCATIONS   USING (LOCATION_ID)
  4  JOIN COUNTRIES   USING (COUNTRY_ID)
  5  JOIN REGIONS     USING (REGION_ID);

CITY                           REGION_NAME               DEPARTMENT_NAME                COUNTRY_NAME                                                                                                    
------------------------------ ------------------------- ------------------------------ ----------------------------------------                                                                        
Seattle                        AMERICAS                  Administration                 United States of America                                                                                        
Toronto                        AMERICAS                  Marketing                      Canada                                                                                                          
South San Francisco            AMERICAS                  Shiping                        United States of America                                                                                        
Southlake                      AMERICAS                  IT                             United States of America                                                                                        
Oxford                         Europe                    Sales                          United Kingdom                                                                                                  
Seattle                        AMERICAS                  Executive                      United States of America                                                                                        
Seattle                        AMERICAS                  Accounting                     United States of America                                                                                        
Seattle                        AMERICAS                  Contracting                    United States of America                                                                                        

8 rows selected.

SQL> SELECT CITY , REGION_NAME , DEPARTMENT_NAME , COUNTRY_NAME
  2  FROM DEPARTMENTS D
  3  JOIN LOCATIONS   L ON D.LOCATION_ID = L.LOCATION_ID
  4  JOIN COUNTRIES   C ON L.COUNTRY_ID  = C.COUNTRY_ID
  5  JOIN REGIONS     R ON C.REGION_ID   = R.REGION_ID;

CITY                           REGION_NAME               DEPARTMENT_NAME                COUNTRY_NAME                                                                                                    
------------------------------ ------------------------- ------------------------------ ----------------------------------------                                                                        
Seattle                        AMERICAS                  Administration                 United States of America                                                                                        
Toronto                        AMERICAS                  Marketing                      Canada                                                                                                          
South San Francisco            AMERICAS                  Shiping                        United States of America                                                                                        
Southlake                      AMERICAS                  IT                             United States of America                                                                                        
Oxford                         Europe                    Sales                          United Kingdom                                                                                                  
Seattle                        AMERICAS                  Executive                      United States of America                                                                                        
Seattle                        AMERICAS                  Accounting                     United States of America                                                                                        
Seattle                        AMERICAS                  Contracting                    United States of America                                                                                        

8 rows selected.

SQL> SELECT CITY , REGION_NAME , DEPARTMENT_NAME , COUNTRY_NAME
  2  FROM REGIONS
  3  
SQL> SELECT CITY , REGION_NAME , DEPARTMENT_NAME , COUNTRY_NAME
  2  FROM REGIONS R
  3  JOIN COUNTRIES C ON R.REGION_ID = C.REGION_ID
  4  JOIN LOCATIONS L ON C.COUNTRY_ID = L.COUNTRY_ID
  5  JOIN DEPARTMENTS D ON L.DEPARTMENT_ID = D.DEPARTMENT_ID
  6  
SQL> 
SQL> SELECT CITY , REGION_NAME , DEPARTMENT_NAME , COUNTRY_NAME
  2  FROM REGIONS R
  3  JOIN COUNTRIES C ON R.REGION_ID = C.REGION_ID
  4  JOIN LOCATIONS L ON C.COUNTRY_ID = L.COUNTRY_ID
  5  JOIN DEPARTMENTS D ON L.LOCATION_ID = D.LOCATION_ID;

CITY                           REGION_NAME               DEPARTMENT_NAME                COUNTRY_NAME                                                                                                    
------------------------------ ------------------------- ------------------------------ ----------------------------------------                                                                        
Seattle                        AMERICAS                  Administration                 United States of America                                                                                        
Toronto                        AMERICAS                  Marketing                      Canada                                                                                                          
South San Francisco            AMERICAS                  Shiping                        United States of America                                                                                        
Southlake                      AMERICAS                  IT                             United States of America                                                                                        
Oxford                         Europe                    Sales                          United Kingdom                                                                                                  
Seattle                        AMERICAS                  Executive                      United States of America                                                                                        
Seattle                        AMERICAS                  Accounting                     United States of America                                                                                        
Seattle                        AMERICAS                  Contracting                    United States of America                                                                                        

8 rows selected.

SQL> SELECT CITY , REGION_NAME , DEPARTMENT_NAME , COUNTRY_NAME
  2  FROM REGIONS R
  3  JOIN LOCATIONS L ON C.COUNTRY_ID = L.COUNTRY_ID
  4  JOIN COUNTRIES C ON R.REGION_ID = C.REGION_ID
  5  JOIN DEPARTMENTS D ON L.LOCATION_ID = D.LOCATION_ID
  6  ;
JOIN LOCATIONS L ON C.COUNTRY_ID = L.COUNTRY_ID
                    *
ERROR at line 3:
ORA-00904: "C"."COUNTRY_ID": invalid identifier 


SQL> SELECT CITY , REGION_NAME , DEPARTMENT_NAME , COUNTRY_NAME
  2  FROM LOCATIONS
  3  NATURAL JOIN REGIONS
  4  NATURAL JOIN DEPARTMENTS
  5  NATURAL JOIN COUNTRIES
  6  
SQL> 
SQL> 
SQL> SELECT CITY , REGION_NAME , DEPARTMENT_NAME , COUNTRY_NAME
  2  FROM DEPARTMENTS
  3  NATURAL JOIN REGIONS
  4  NATURAL JOIN LOCATIONS
  5  NATURAL JOIN COUNTRIES;

CITY                           REGION_NAME               DEPARTMENT_NAME                COUNTRY_NAME                                                                                                    
------------------------------ ------------------------- ------------------------------ ----------------------------------------                                                                        
Seattle                        AMERICAS                  Administration                 United States of America                                                                                        
Toronto                        AMERICAS                  Marketing                      Canada                                                                                                          
South San Francisco            AMERICAS                  Shiping                        United States of America                                                                                        
Southlake                      AMERICAS                  IT                             United States of America                                                                                        
Oxford                         Europe                    Sales                          United Kingdom                                                                                                  
Seattle                        AMERICAS                  Executive                      United States of America                                                                                        
Seattle                        AMERICAS                  Accounting                     United States of America                                                                                        
Seattle                        AMERICAS                  Contracting                    United States of America                                                                                        

8 rows selected.

SQL> REM DEPARTMENT_NAME , COUNTRY_NAME
SQL> 
SQL> SELECT DEPARTMENT_NAME , COUNTRY_NAME
  2  FROM DEPARTMENTS
  3  NATURAL JOIN LOCATIONS
  4  NATURAL JOIN COUNTRIES;

DEPARTMENT_NAME                COUNTRY_NAME                                                                                                                                                             
------------------------------ ----------------------------------------                                                                                                                                 
Administration                 United States of America                                                                                                                                                 
Marketing                      Canada                                                                                                                                                                   
Shiping                        United States of America                                                                                                                                                 
IT                             United States of America                                                                                                                                                 
Sales                          United Kingdom                                                                                                                                                           
Executive                      United States of America                                                                                                                                                 
Accounting                     United States of America                                                                                                                                                 
Contracting                    United States of America                                                                                                                                                 

8 rows selected.

SQL> SELECT DEPARTMENT_NAME , COUNTRY_NAME
  2  FROM DEPARTMENTS
  3  JOIN LOCATIONS   USING (LOCATION_ID)
  4  JOIN COUNTRIES   USING (COUNTRY_ID);

DEPARTMENT_NAME                COUNTRY_NAME                                                                                                                                                             
------------------------------ ----------------------------------------                                                                                                                                 
Administration                 United States of America                                                                                                                                                 
Marketing                      Canada                                                                                                                                                                   
Shiping                        United States of America                                                                                                                                                 
IT                             United States of America                                                                                                                                                 
Sales                          United Kingdom                                                                                                                                                           
Executive                      United States of America                                                                                                                                                 
Accounting                     United States of America                                                                                                                                                 
Contracting                    United States of America                                                                                                                                                 

8 rows selected.

SQL> SELECT DEPARTMENT_NAME , REGION_NAME
  2  FROM DEPARTMENTS D
  3  JOIN LOCATIONS   L ON D.LOCATION_ID = L.LOCATION_ID
  4  JOIN COUNTRIES   C ON L.COUNTRY_ID  = C.COUNTRY_ID
  5  JOIN REGIONS     R ON C.REGION_ID   = R.REGION_ID;

DEPARTMENT_NAME                REGION_NAME                                                                                                                                                              
------------------------------ -------------------------                                                                                                                                                
Administration                 AMERICAS                                                                                                                                                                 
Marketing                      AMERICAS                                                                                                                                                                 
Shiping                        AMERICAS                                                                                                                                                                 
IT                             AMERICAS                                                                                                                                                                 
Sales                          Europe                                                                                                                                                                   
Executive                      AMERICAS                                                                                                                                                                 
Accounting                     AMERICAS                                                                                                                                                                 
Contracting                    AMERICAS                                                                                                                                                                 

8 rows selected.

SQL> REM DEPARTMENT_NAME , CITY , COUNTRY_NAME
SQL> 
SQL> SELECT DEPARTMENT_NAME , CITY , COUNTRY_NAME
  2  FROM DEPARTMENTS
  3  NATURAL JOIN LOCATIONS
  4  INNER JOIN COUNTRIES USING (COUNTRY_ID);

DEPARTMENT_NAME                CITY                           COUNTRY_NAME                                                                                                                              
------------------------------ ------------------------------ ----------------------------------------                                                                                                  
Administration                 Seattle                        United States of America                                                                                                                  
Marketing                      Toronto                        Canada                                                                                                                                    
Shiping                        South San Francisco            United States of America                                                                                                                  
IT                             Southlake                      United States of America                                                                                                                  
Sales                          Oxford                         United Kingdom                                                                                                                            
Executive                      Seattle                        United States of America                                                                                                                  
Accounting                     Seattle                        United States of America                                                                                                                  
Contracting                    Seattle                        United States of America                                                                                                                  

8 rows selected.

SQL> SELECT DEPARTMENT_NAME , CITY , COUNTRY_NAME
  2  FROM DEPARTMENTS
  3  INNER JOIN LOCATIONS USING (LOCATION_ID)
  4  NATURAL JOIN COUNTRIES;

DEPARTMENT_NAME                CITY                           COUNTRY_NAME                                                                                                                              
------------------------------ ------------------------------ ----------------------------------------                                                                                                  
Administration                 Seattle                        Canada                                                                                                                                    
Administration                 Seattle                        Germany                                                                                                                                   
Administration                 Seattle                        United Kingdom                                                                                                                            
Administration                 Seattle                        United States of America                                                                                                                  
Marketing                      Toronto                        Canada                                                                                                                                    
Marketing                      Toronto                        Germany                                                                                                                                   
Marketing                      Toronto                        United Kingdom                                                                                                                            
Marketing                      Toronto                        United States of America                                                                                                                  
Shiping                        South San Francisco            Canada                                                                                                                                    
Shiping                        South San Francisco            Germany                                                                                                                                   
Shiping                        South San Francisco            United Kingdom                                                                                                                            
Shiping                        South San Francisco            United States of America                                                                                                                  
IT                             Southlake                      Canada                                                                                                                                    
IT                             Southlake                      Germany                                                                                                                                   
IT                             Southlake                      United Kingdom                                                                                                                            
IT                             Southlake                      United States of America                                                                                                                  
Sales                          Oxford                         Canada                                                                                                                                    
Sales                          Oxford                         Germany                                                                                                                                   
Sales                          Oxford                         United Kingdom                                                                                                                            
Sales                          Oxford                         United States of America                                                                                                                  
Executive                      Seattle                        Canada                                                                                                                                    

DEPARTMENT_NAME                CITY                           COUNTRY_NAME                                                                                                                              
------------------------------ ------------------------------ ----------------------------------------                                                                                                  
Executive                      Seattle                        Germany                                                                                                                                   
Executive                      Seattle                        United Kingdom                                                                                                                            
Executive                      Seattle                        United States of America                                                                                                                  
Accounting                     Seattle                        Canada                                                                                                                                    
Accounting                     Seattle                        Germany                                                                                                                                   
Accounting                     Seattle                        United Kingdom                                                                                                                            
Accounting                     Seattle                        United States of America                                                                                                                  
Contracting                    Seattle                        Canada                                                                                                                                    
Contracting                    Seattle                        Germany                                                                                                                                   
Contracting                    Seattle                        United Kingdom                                                                                                                            
Contracting                    Seattle                        United States of America                                                                                                                  

32 rows selected.

SQL> SELECT DEPARTMENT_NAME , CITY , COUNTRY_NAME , COUNTRY_ID
  2  FROM DEPARTMENTS
  3  INNER JOIN LOCATIONS USING (LOCATION_ID)
  4  NATURAL JOIN COUNTRIES;

DEPARTMENT_NAME                CITY                           COUNTRY_NAME                             CO                                                                                               
------------------------------ ------------------------------ ---------------------------------------- --                                                                                               
Administration                 Seattle                        United States of America                 US                                                                                               
Marketing                      Toronto                        Canada                                   CA                                                                                               
Shiping                        South San Francisco            United States of America                 US                                                                                               
IT                             Southlake                      United States of America                 US                                                                                               
Sales                          Oxford                         United Kingdom                           UK                                                                                               
Executive                      Seattle                        United States of America                 US                                                                                               
Accounting                     Seattle                        United States of America                 US                                                                                               
Contracting                    Seattle                        United States of America                 US                                                                                               

8 rows selected.

SQL> REM COMMON COLUNM : WHICH IS AVAILABLE IN BOTH TABLES
SQL> 
SQL> REM UNCOMMON COLUMN : AVAILABLE IN ONE TABLE ONLY
SQL> 
SQL> REM 1 NATURAL JOIN REMOVES DUPLICATION OF ALL COMMON COLUMNS
SQL> 
SQL> SET LINES 400 PAGES 24
SQL> 
SQL> SELECT *
  2  FROM DEPARTMENTS
  3  NATURAL JOIN EMPLOYEES;

DEPARTMENT_ID MANAGER_ID DEPARTMENT_NAME                LOCATION_ID EMPLOYEE_ID FIRST_NAME LAST_NAME  EMAIL      PHONE_NUMBER         HIRE_DATE               JOB_ID         SALARY COMMISSION_PCT                                                                                                                                                                                                              
------------- ---------- ------------------------------ ----------- ----------- ---------- ---------- ---------- -------------------- ----------------------- ---------- ---------- --------------                                                                                                                                                                                                              
           90        100 Executive                             1700         101 Neena      Kochhar    NKOCHHAR   515.123.4568         21-SEP-1989 12:00.00 AM AD_VP           17000                                                                                                                                                                                                                             
           90        100 Executive                             1700         102 Lex        De Haan    LDEHAAN    515.123.4569         13-JAN-1993 12:00.00 AM AD_VP           17000                                                                                                                                                                                                                             
           60        103 IT                                    1400         104 Bruce      Ernst      BERNST     590.423.4568         21-MAY-1991 12:00.00 AM IT_PROG          6000                                                                                                                                                                                                                             
           60        103 IT                                    1400         107 Diana      Lorentz    DLORENTZ   590.423.5567         07-FEB-1999 12:00.00 AM IT_PROG          4200                                                                                                                                                                                                                             
           50        124 Shiping                               1500         141 Trenna     Rajs       TRAJS      650.121.8009         17-OCT-1995 12:00.00 AM ST_CLERK         3500                                                                                                                                                                                                                             
           50        124 Shiping                               1500         142 Curtis     Davies     CDAVIES    650.121.2994         29-JAN-1997 12:00.00 AM ST_CLERK         3100                                                                                                                                                                                                                             
           50        124 Shiping                               1500         143 Randall    Matos      RMATOS     650.121.2874         15-MAR-1998 12:00.00 AM ST_CLERK         2600                                                                                                                                                                                                                             
           50        124 Shiping                               1500         144 Peter      Vargas     PVARGAS    650.121.2004         09-JUL-1998 12:00.00 AM ST_CLERK         2500                                                                                                                                                                                                                             
           80        149 Sales                                 2500         174 Ellen      Abel       EABEL      011.44.1644.429267   11-MAY-1996 12:00.00 AM SA_REP          11000             .3                                                                                                                                                                                                              
           80        149 Sales                                 2500         176 Jonathon   Taylor     JTAYLOR    011.44.1644.429265   24-MAR-1998 12:00.00 AM SA_REP           8600             .3                                                                                                                                                                                                              
           20        201 Marketing                             1800         202 Pat        Fay        PFAY       603.123.6666         17-AUG-1997 12:00.00 AM MK_REP           6000                                                                                                                                                                                                                             
          110        205 Accounting                            1700         206 William    Gietz      WGIETZ     515.123.8181         07-JUN-1994 12:00.00 AM AC_ACCOUNT       8300                                                                                                                                                                                                                             

12 rows selected.

SQL> REM 2 INNER JOIN USING WILL REMOVE DUPLICATION OF THOSE COLUMNS WHICH ARE PART OF USING CLAUSE, BUT KEEPS DUPLICATION OF OTHER COMMON COLUMNS.
SQL> 
SQL> SELECT *
  2  FROM DEPARTMENTS
  3  INNER JOIN EMPLOYEES USING (DEPARTMENT_ID , MANAGER_ID);

DEPARTMENT_ID MANAGER_ID DEPARTMENT_NAME                LOCATION_ID EMPLOYEE_ID FIRST_NAME LAST_NAME  EMAIL      PHONE_NUMBER         HIRE_DATE               JOB_ID         SALARY COMMISSION_PCT                                                                                                                                                                                                              
------------- ---------- ------------------------------ ----------- ----------- ---------- ---------- ---------- -------------------- ----------------------- ---------- ---------- --------------                                                                                                                                                                                                              
           90        100 Executive                             1700         101 Neena      Kochhar    NKOCHHAR   515.123.4568         21-SEP-1989 12:00.00 AM AD_VP           17000                                                                                                                                                                                                                             
           90        100 Executive                             1700         102 Lex        De Haan    LDEHAAN    515.123.4569         13-JAN-1993 12:00.00 AM AD_VP           17000                                                                                                                                                                                                                             
           60        103 IT                                    1400         104 Bruce      Ernst      BERNST     590.423.4568         21-MAY-1991 12:00.00 AM IT_PROG          6000                                                                                                                                                                                                                             
           60        103 IT                                    1400         107 Diana      Lorentz    DLORENTZ   590.423.5567         07-FEB-1999 12:00.00 AM IT_PROG          4200                                                                                                                                                                                                                             
           50        124 Shiping                               1500         141 Trenna     Rajs       TRAJS      650.121.8009         17-OCT-1995 12:00.00 AM ST_CLERK         3500                                                                                                                                                                                                                             
           50        124 Shiping                               1500         142 Curtis     Davies     CDAVIES    650.121.2994         29-JAN-1997 12:00.00 AM ST_CLERK         3100                                                                                                                                                                                                                             
           50        124 Shiping                               1500         143 Randall    Matos      RMATOS     650.121.2874         15-MAR-1998 12:00.00 AM ST_CLERK         2600                                                                                                                                                                                                                             
           50        124 Shiping                               1500         144 Peter      Vargas     PVARGAS    650.121.2004         09-JUL-1998 12:00.00 AM ST_CLERK         2500                                                                                                                                                                                                                             
           80        149 Sales                                 2500         174 Ellen      Abel       EABEL      011.44.1644.429267   11-MAY-1996 12:00.00 AM SA_REP          11000             .3                                                                                                                                                                                                              
           80        149 Sales                                 2500         176 Jonathon   Taylor     JTAYLOR    011.44.1644.429265   24-MAR-1998 12:00.00 AM SA_REP           8600             .3                                                                                                                                                                                                              
           20        201 Marketing                             1800         202 Pat        Fay        PFAY       603.123.6666         17-AUG-1997 12:00.00 AM MK_REP           6000                                                                                                                                                                                                                             
          110        205 Accounting                            1700         206 William    Gietz      WGIETZ     515.123.8181         07-JUN-1994 12:00.00 AM AC_ACCOUNT       8300                                                                                                                                                                                                                             

12 rows selected.

SQL> SELECT *
  2  FROM DEPARTMENTS
  3  INNER JOIN EMPLOYEES USING (DEPARTMENT_ID);

DEPARTMENT_ID DEPARTMENT_NAME                MANAGER_ID LOCATION_ID EMPLOYEE_ID FIRST_NAME LAST_NAME  EMAIL      PHONE_NUMBER         HIRE_DATE               JOB_ID         SALARY COMMISSION_PCT MANAGER_ID                                                                                                                                                                                                   
------------- ------------------------------ ---------- ----------- ----------- ---------- ---------- ---------- -------------------- ----------------------- ---------- ---------- -------------- ----------                                                                                                                                                                                                   
           10 Administration                        200        1700         200 Jennifer   Whalen     JWHALEN    515.123.4444         17-SEP-1987 12:00.00 AM AD_ASST          4400                       101                                                                                                                                                                                                   
           20 Marketing                             201        1800         201 Michael    Hartstein  MHARTSTE   515.123.5555         17-FEB-1996 12:00.00 AM MK_MAN          13000                       100                                                                                                                                                                                                   
           20 Marketing                             201        1800         202 Pat        Fay        PFAY       603.123.6666         17-AUG-1997 12:00.00 AM MK_REP           6000                       201                                                                                                                                                                                                   
           50 Shiping                               124        1500         124 Kevin      Mourgos    KMOURGOS   650.123.5234         16-NOV-1999 12:00.00 AM ST_MAN           5800                       100                                                                                                                                                                                                   
           50 Shiping                               124        1500         144 Peter      Vargas     PVARGAS    650.121.2004         09-JUL-1998 12:00.00 AM ST_CLERK         2500                       124                                                                                                                                                                                                   
           50 Shiping                               124        1500         143 Randall    Matos      RMATOS     650.121.2874         15-MAR-1998 12:00.00 AM ST_CLERK         2600                       124                                                                                                                                                                                                   
           50 Shiping                               124        1500         142 Curtis     Davies     CDAVIES    650.121.2994         29-JAN-1997 12:00.00 AM ST_CLERK         3100                       124                                                                                                                                                                                                   
           50 Shiping                               124        1500         141 Trenna     Rajs       TRAJS      650.121.8009         17-OCT-1995 12:00.00 AM ST_CLERK         3500                       124                                                                                                                                                                                                   
           60 IT                                    103        1400         107 Diana      Lorentz    DLORENTZ   590.423.5567         07-FEB-1999 12:00.00 AM IT_PROG          4200                       103                                                                                                                                                                                                   
           60 IT                                    103        1400         104 Bruce      Ernst      BERNST     590.423.4568         21-MAY-1991 12:00.00 AM IT_PROG          6000                       103                                                                                                                                                                                                   
           60 IT                                    103        1400         103 Alexander  Hunold     AHUNOLD    590.423.4567         03-JAN-1990 12:00.00 AM IT_PROG          9000                       102                                                                                                                                                                                                   
           80 Sales                                 149        2500         174 Ellen      Abel       EABEL      011.44.1644.429267   11-MAY-1996 12:00.00 AM SA_REP          11000             .3        149                                                                                                                                                                                                   
           80 Sales                                 149        2500         149 Eleni      Zlotkey    EZLOTKEY   011.44.1344.429018   29-JAN-2000 12:00.00 AM SA_MAN          10500             .2        100                                                                                                                                                                                                   
           80 Sales                                 149        2500         176 Jonathon   Taylor     JTAYLOR    011.44.1644.429265   24-MAR-1998 12:00.00 AM SA_REP           8600             .3        149                                                                                                                                                                                                   
           90 Executive                             100        1700         102 Lex        De Haan    LDEHAAN    515.123.4569         13-JAN-1993 12:00.00 AM AD_VP           17000                       100                                                                                                                                                                                                   
           90 Executive                             100        1700         100 Steven     King       SKING      515.123.4567         17-JUL-1987 12:00.00 AM AD_PRES         24000                                                                                                                                                                                                                             
           90 Executive                             100        1700         101 Neena      Kochhar    NKOCHHAR   515.123.4568         21-SEP-1989 12:00.00 AM AD_VP           17000                       100                                                                                                                                                                                                   
          110 Accounting                            205        1700         206 William    Gietz      WGIETZ     515.123.8181         07-JUN-1994 12:00.00 AM AC_ACCOUNT       8300                       205                                                                                                                                                                                                   
          110 Accounting                            205        1700         205 Shelley    Higgins    SHIGGINS   515.123.8080         07-JUN-1994 12:00.00 AM AC_MGR          12000                       101                                                                                                                                                                                                   

19 rows selected.

SQL> REM 3 INNER JOIN ON, WILL KEEP DUPLICATION OF ALL COMMON COLUMNS.
SQL> 
SQL>  
  2   
  3   

DEPARTMENT_ID DEPARTMENT_NAME                MANAGER_ID LOCATION_ID EMPLOYEE_ID FIRST_NAME LAST_NAME  EMAIL      PHONE_NUMBER         HIRE_DATE               JOB_ID         SALARY COMMISSION_PCT MANAGER_ID DEPARTMENT_ID                                                                                                                                                                                     
------------- ------------------------------ ---------- ----------- ----------- ---------- ---------- ---------- -------------------- ----------------------- ---------- ---------- -------------- ---------- -------------                                                                                                                                                                                     
           10 Administration                        200        1700         200 Jennifer   Whalen     JWHALEN    515.123.4444         17-SEP-1987 12:00.00 AM AD_ASST          4400                       101            10                                                                                                                                                                                     
           20 Marketing                             201        1800         201 Michael    Hartstein  MHARTSTE   515.123.5555         17-FEB-1996 12:00.00 AM MK_MAN          13000                       100            20                                                                                                                                                                                     
           20 Marketing                             201        1800         202 Pat        Fay        PFAY       603.123.6666         17-AUG-1997 12:00.00 AM MK_REP           6000                       201            20                                                                                                                                                                                     
           50 Shiping                               124        1500         124 Kevin      Mourgos    KMOURGOS   650.123.5234         16-NOV-1999 12:00.00 AM ST_MAN           5800                       100            50                                                                                                                                                                                     
           50 Shiping                               124        1500         144 Peter      Vargas     PVARGAS    650.121.2004         09-JUL-1998 12:00.00 AM ST_CLERK         2500                       124            50                                                                                                                                                                                     
           50 Shiping                               124        1500         143 Randall    Matos      RMATOS     650.121.2874         15-MAR-1998 12:00.00 AM ST_CLERK         2600                       124            50                                                                                                                                                                                     
           50 Shiping                               124        1500         142 Curtis     Davies     CDAVIES    650.121.2994         29-JAN-1997 12:00.00 AM ST_CLERK         3100                       124            50                                                                                                                                                                                     
           50 Shiping                               124        1500         141 Trenna     Rajs       TRAJS      650.121.8009         17-OCT-1995 12:00.00 AM ST_CLERK         3500                       124            50                                                                                                                                                                                     
           60 IT                                    103        1400         107 Diana      Lorentz    DLORENTZ   590.423.5567         07-FEB-1999 12:00.00 AM IT_PROG          4200                       103            60                                                                                                                                                                                     
           60 IT                                    103        1400         104 Bruce      Ernst      BERNST     590.423.4568         21-MAY-1991 12:00.00 AM IT_PROG          6000                       103            60                                                                                                                                                                                     
           60 IT                                    103        1400         103 Alexander  Hunold     AHUNOLD    590.423.4567         03-JAN-1990 12:00.00 AM IT_PROG          9000                       102            60                                                                                                                                                                                     
           80 Sales                                 149        2500         174 Ellen      Abel       EABEL      011.44.1644.429267   11-MAY-1996 12:00.00 AM SA_REP          11000             .3        149            80                                                                                                                                                                                     
           80 Sales                                 149        2500         149 Eleni      Zlotkey    EZLOTKEY   011.44.1344.429018   29-JAN-2000 12:00.00 AM SA_MAN          10500             .2        100            80                                                                                                                                                                                     
           80 Sales                                 149        2500         176 Jonathon   Taylor     JTAYLOR    011.44.1644.429265   24-MAR-1998 12:00.00 AM SA_REP           8600             .3        149            80                                                                                                                                                                                     
           90 Executive                             100        1700         102 Lex        De Haan    LDEHAAN    515.123.4569         13-JAN-1993 12:00.00 AM AD_VP           17000                       100            90                                                                                                                                                                                     
           90 Executive                             100        1700         100 Steven     King       SKING      515.123.4567         17-JUL-1987 12:00.00 AM AD_PRES         24000                                      90                                                                                                                                                                                     
           90 Executive                             100        1700         101 Neena      Kochhar    NKOCHHAR   515.123.4568         21-SEP-1989 12:00.00 AM AD_VP           17000                       100            90                                                                                                                                                                                     
          110 Accounting                            205        1700         206 William    Gietz      WGIETZ     515.123.8181         07-JUN-1994 12:00.00 AM AC_ACCOUNT       8300                       205           110                                                                                                                                                                                     
          110 Accounting                            205        1700         205 Shelley    Higgins    SHIGGINS   515.123.8080         07-JUN-1994 12:00.00 AM AC_MGR          12000                       101           110                                                                                                                                                                                     

19 rows selected.

SQL> REM 1 IN NATURAL JOIN WE CAN'T QUALIFY ANY COMMON COLUMN.
SQL> 
SQL> SELECT DEPARTMENT_ID , MANAGER_ID , DEPARTMENT_NAME , FIRST_NAME
  2  FROM EMPLOYEES
  3  NATURAL JOIN DEPARTMENTS;

DEPARTMENT_ID MANAGER_ID DEPARTMENT_NAME                FIRST_NAME                                                                                                                                                                                                                                                                                                                                              
------------- ---------- ------------------------------ ----------                                                                                                                                                                                                                                                                                                                                              
           90        100 Executive                      Neena                                                                                                                                                                                                                                                                                                                                                   
           90        100 Executive                      Lex                                                                                                                                                                                                                                                                                                                                                     
           60        103 IT                             Bruce                                                                                                                                                                                                                                                                                                                                                   
           60        103 IT                             Diana                                                                                                                                                                                                                                                                                                                                                   
           50        124 Shiping                        Trenna                                                                                                                                                                                                                                                                                                                                                  
           50        124 Shiping                        Curtis                                                                                                                                                                                                                                                                                                                                                  
           50        124 Shiping                        Randall                                                                                                                                                                                                                                                                                                                                                 
           50        124 Shiping                        Peter                                                                                                                                                                                                                                                                                                                                                   
           80        149 Sales                          Ellen                                                                                                                                                                                                                                                                                                                                                   
           80        149 Sales                          Jonathon                                                                                                                                                                                                                                                                                                                                                
           20        201 Marketing                      Pat                                                                                                                                                                                                                                                                                                                                                     
          110        205 Accounting                     William                                                                                                                                                                                                                                                                                                                                                 

12 rows selected.

SQL> REM 2 IN INNER JOIN WITH USING, IT REMOVES DUPLICATION OF USING COLUMNS SO WE CAN'T QUALIFY THEM, BUT KEEPS DUPLICATION OF OTHER COMMON COLUMNS, SO WE MUST QUALIFY THEM.
SQL> 
SQL> SELECT DEPARTMENT_ID , MANAGER_ID , DEPARTMENT_NAME , FIRST_NAME
  2  FROM EMPLOYEES
  3  INNER JOIN DEPARTMENTS USING (DEPARTMENT_ID);
SELECT DEPARTMENT_ID , MANAGER_ID , DEPARTMENT_NAME , FIRST_NAME
                       *
ERROR at line 1:
ORA-00918: column ambiguously defined 


SQL> SELECT DEPARTMENT_ID , E.MANAGER_ID EMP_HEAD , D.MANAGER_ID DEPT_HEAD , DEPARTMENT_NAME , FIRST_NAME
  2  FROM EMPLOYEES
  3  INNER JOIN DEPARTMENTS USING (DEPARTMENT_ID);
SELECT DEPARTMENT_ID , E.MANAGER_ID EMP_HEAD , D.MANAGER_ID DEPT_HEAD , DEPARTMENT_NAME , FIRST_NAME
                                               *
ERROR at line 1:
ORA-00904: "D"."MANAGER_ID": invalid identifier 


SQL> SELECT DEPARTMENT_ID , MANAGER_ID , DEPARTMENT_NAME , FIRST_NAME
  2  
SQL> 
SQL> SELECT DEPARTMENT_ID , E.MANAGER_ID EMP_HEAD , D.MANAGER_ID DEPT_HEAD , DEPARTMENT_NAME , FIRST_NAME
  2  FROM EMPLOYEES E
  3  INNER JOIN DEPARTMENTS D USING (DEPARTMENT_ID);

DEPARTMENT_ID   EMP_HEAD  DEPT_HEAD DEPARTMENT_NAME                FIRST_NAME                                                                                                                                                                                                                                                                                                                                   
------------- ---------- ---------- ------------------------------ ----------                                                                                                                                                                                                                                                                                                                                   
           10        101        200 Administration                 Jennifer                                                                                                                                                                                                                                                                                                                                     
           20        100        201 Marketing                      Michael                                                                                                                                                                                                                                                                                                                                      
           20        201        201 Marketing                      Pat                                                                                                                                                                                                                                                                                                                                          
           50        100        124 Shiping                        Kevin                                                                                                                                                                                                                                                                                                                                        
           50        124        124 Shiping                        Peter                                                                                                                                                                                                                                                                                                                                        
           50        124        124 Shiping                        Randall                                                                                                                                                                                                                                                                                                                                      
           50        124        124 Shiping                        Curtis                                                                                                                                                                                                                                                                                                                                       
           50        124        124 Shiping                        Trenna                                                                                                                                                                                                                                                                                                                                       
           60        103        103 IT                             Diana                                                                                                                                                                                                                                                                                                                                        
           60        103        103 IT                             Bruce                                                                                                                                                                                                                                                                                                                                        
           60        102        103 IT                             Alexander                                                                                                                                                                                                                                                                                                                                    
           80        149        149 Sales                          Ellen                                                                                                                                                                                                                                                                                                                                        
           80        100        149 Sales                          Eleni                                                                                                                                                                                                                                                                                                                                        
           80        149        149 Sales                          Jonathon                                                                                                                                                                                                                                                                                                                                     
           90        100        100 Executive                      Lex                                                                                                                                                                                                                                                                                                                                          
           90                   100 Executive                      Steven                                                                                                                                                                                                                                                                                                                                       
           90        100        100 Executive                      Neena                                                                                                                                                                                                                                                                                                                                        
          110        205        205 Accounting                     William                                                                                                                                                                                                                                                                                                                                      
          110        101        205 Accounting                     Shelley                                                                                                                                                                                                                                                                                                                                      

19 rows selected.

SQL> SELECT D.DEPARTMENT_ID , E.MANAGER_ID EMP_HEAD , D.MANAGER_ID DEPT_HEAD , DEPARTMENT_NAME , FIRST_NAME
  2  FROM EMPLOYEES E
  3  INNER JOIN DEPARTMENTS D USING (DEPARTMENT_ID);
SELECT D.DEPARTMENT_ID , E.MANAGER_ID EMP_HEAD , D.MANAGER_ID DEPT_HEAD , DEPARTMENT_NAME , FIRST_NAME
       *
ERROR at line 1:
ORA-25154: column part of USING clause cannot have qualifier 


SQL> SELECT DEPARTMENT_ID , MANAGER_ID EMP_HEAD , D.MANAGER_ID DEPT_HEAD , DEPARTMENT_NAME , FIRST_NAME
  2  FROM EMPLOYEES E
  3  INNER JOIN DEPARTMENTS D USING (DEPARTMENT_ID);
SELECT DEPARTMENT_ID , MANAGER_ID EMP_HEAD , D.MANAGER_ID DEPT_HEAD , DEPARTMENT_NAME , FIRST_NAME
                       *
ERROR at line 1:
ORA-00918: column ambiguously defined 


SQL> REM 3 IN INNER JOIN WITH ON, ALL DUPLICATION OF COMMON COLUMNS ARE KEPT.
SQL> 
SQL> SELECT E.DEPARTMENT_ID , D.DEPARTMENT_ID , E.MANAGER_ID EMP_HEAD , D.MANAGER_ID DEPT_HEAD , DEPARTMENT_NAME , FIRST_NAME
  2  FROM EMPLOYEES E
  3  INNER JOIN DEPARTMENTS D ON E.DEPARTMENT_ID = D.DEPARTMENT_ID;

DEPARTMENT_ID DEPARTMENT_ID   EMP_HEAD  DEPT_HEAD DEPARTMENT_NAME                FIRST_NAME                                                                                                                                                                                                                                                                                                                     
------------- ------------- ---------- ---------- ------------------------------ ----------                                                                                                                                                                                                                                                                                                                     
           10            10        101        200 Administration                 Jennifer                                                                                                                                                                                                                                                                                                                       
           20            20        100        201 Marketing                      Michael                                                                                                                                                                                                                                                                                                                        
           20            20        201        201 Marketing                      Pat                                                                                                                                                                                                                                                                                                                            
           50            50        100        124 Shiping                        Kevin                                                                                                                                                                                                                                                                                                                          
           50            50        124        124 Shiping                        Peter                                                                                                                                                                                                                                                                                                                          
           50            50        124        124 Shiping                        Randall                                                                                                                                                                                                                                                                                                                        
           50            50        124        124 Shiping                        Curtis                                                                                                                                                                                                                                                                                                                         
           50            50        124        124 Shiping                        Trenna                                                                                                                                                                                                                                                                                                                         
           60            60        103        103 IT                             Diana                                                                                                                                                                                                                                                                                                                          
           60            60        103        103 IT                             Bruce                                                                                                                                                                                                                                                                                                                          
           60            60        102        103 IT                             Alexander                                                                                                                                                                                                                                                                                                                      
           80            80        149        149 Sales                          Ellen                                                                                                                                                                                                                                                                                                                          
           80            80        100        149 Sales                          Eleni                                                                                                                                                                                                                                                                                                                          
           80            80        149        149 Sales                          Jonathon                                                                                                                                                                                                                                                                                                                       
           90            90        100        100 Executive                      Lex                                                                                                                                                                                                                                                                                                                            
           90            90                   100 Executive                      Steven                                                                                                                                                                                                                                                                                                                         
           90            90        100        100 Executive                      Neena                                                                                                                                                                                                                                                                                                                          
          110           110        205        205 Accounting                     William                                                                                                                                                                                                                                                                                                                        
          110           110        101        205 Accounting                     Shelley                                                                                                                                                                                                                                                                                                                        

19 rows selected.

SQL> SELECT DEPARTMENT_ID , D.DEPARTMENT_ID , E.MANAGER_ID EMP_HEAD , D.MANAGER_ID DEPT_HEAD , DEPARTMENT_NAME , FIRST_NAME
  2  FROM EMPLOYEES E
  3  INNER JOIN DEPARTMENTS D ON E.DEPARTMENT_ID = D.DEPARTMENT_ID;
SELECT DEPARTMENT_ID , D.DEPARTMENT_ID , E.MANAGER_ID EMP_HEAD , D.MANAGER_ID DEPT_HEAD , DEPARTMENT_NAME , FIRST_NAME
       *
ERROR at line 1:
ORA-00918: column ambiguously defined 


SQL> SELECT E.DEPARTMENT_ID , D.DEPARTMENT_ID , E.MANAGER_ID EMP_HEAD , MANAGER_ID DEPT_HEAD , DEPARTMENT_NAME , FIRST_NAME
  2  FROM EMPLOYEES E
  3  INNER JOIN DEPARTMENTS D ON E.DEPARTMENT_ID = D.DEPARTMENT_ID;
SELECT E.DEPARTMENT_ID , D.DEPARTMENT_ID , E.MANAGER_ID EMP_HEAD , MANAGER_ID DEPT_HEAD , DEPARTMENT_NAME , FIRST_NAME
                                                                   *
ERROR at line 1:
ORA-00918: column ambiguously defined 


SQL> SPOOL OFF
