SQL> 
SQL> CL SCR

SQL> REM DEPARTMENT_NAME , CITY , COUNTRY_NAME
SQL> 
SQL> SELECT DEPARTMENT_NAME , CITY , COUNTRY_NAME
  2  FROM DEPARTMENTS
  3  NATURAL JOIN LOCATIONS
  4  NATURAL JOIN COUNTRIES;

DEPARTMENT_NAME                CITY                                             
------------------------------ ------------------------------                   
COUNTRY_NAME                                                                    
----------------------------------------                                        
Administration                 Seattle                                          
United States of America                                                        
                                                                                
Marketing                      Toronto                                          
Canada                                                                          
                                                                                
Shiping                        South San Francisco                              
United States of America                                                        
                                                                                

DEPARTMENT_NAME                CITY                                             
------------------------------ ------------------------------                   
COUNTRY_NAME                                                                    
----------------------------------------                                        
IT                             Southlake                                        
United States of America                                                        
                                                                                
Sales                          Oxford                                           
United Kingdom                                                                  
                                                                                
Executive                      Seattle                                          
United States of America                                                        
                                                                                

DEPARTMENT_NAME                CITY                                             
------------------------------ ------------------------------                   
COUNTRY_NAME                                                                    
----------------------------------------                                        
Accounting                     Seattle                                          
United States of America                                                        
                                                                                
Contracting                    Seattle                                          
United States of America                                                        
                                                                                

8 rows selected.

SQL> SET LINES 200 PAGES 24
SQL> 
SQL> R
  1  SELECT DEPARTMENT_NAME , CITY , COUNTRY_NAME
  2  FROM DEPARTMENTS
  3  NATURAL JOIN LOCATIONS
  4* NATURAL JOIN COUNTRIES

DEPARTMENT_NAME                CITY                           COUNTRY_NAME                                                                                                                              
------------------------------ ------------------------------ ----------------------------------------                                                                                                  
Administration                 Seattle                        United States of America                                                                                                                  
Marketing                      Toronto                        Canada                                                                                                                                    
Shiping                        South San Francisco            United States of America                                                                                                                  
IT                             Southlake                      United States of America                                                                                                                  
Sales                          Oxford                         United Kingdom                                                                                                                            
Executive                      Seattle                        United States of America                                                                                                                  
Accounting                     Seattle                        United States of America                                                                                                                  
Contracting                    Seattle                        United States of America                                                                                                                  

8 rows selected.

SQL> SELECT DEPARTMENT_NAME , CITY , COUNTRY_NAME
  2  FROM DEPARTMENTS
  3  INNER JOIN LOCATIONS USING (LOCATION_ID)
  4  INNER JOIN COUNTRIES USING (COUNTRY_ID);

DEPARTMENT_NAME                CITY                           COUNTRY_NAME                                                                                                                              
------------------------------ ------------------------------ ----------------------------------------                                                                                                  
Administration                 Seattle                        United States of America                                                                                                                  
Marketing                      Toronto                        Canada                                                                                                                                    
Shiping                        South San Francisco            United States of America                                                                                                                  
IT                             Southlake                      United States of America                                                                                                                  
Sales                          Oxford                         United Kingdom                                                                                                                            
Executive                      Seattle                        United States of America                                                                                                                  
Accounting                     Seattle                        United States of America                                                                                                                  
Contracting                    Seattle                        United States of America                                                                                                                  

8 rows selected.

SQL> SELECT DEPARTMENT_NAME , CITY , COUNTRY_NAME
  2  FROM DEPARTMENTS D
  3  INNER JOIN LOCATIONS L ON D.LOCATION_ID = L.LOCATION_ID
  4  INNER JOIN COUNTRIES C ON L.COUNTRY_ID = C.COUNTRY_ID;

DEPARTMENT_NAME                CITY                           COUNTRY_NAME                                                                                                                              
------------------------------ ------------------------------ ----------------------------------------                                                                                                  
Administration                 Seattle                        United States of America                                                                                                                  
Marketing                      Toronto                        Canada                                                                                                                                    
Shiping                        South San Francisco            United States of America                                                                                                                  
IT                             Southlake                      United States of America                                                                                                                  
Sales                          Oxford                         United Kingdom                                                                                                                            
Executive                      Seattle                        United States of America                                                                                                                  
Accounting                     Seattle                        United States of America                                                                                                                  
Contracting                    Seattle                        United States of America                                                                                                                  

8 rows selected.

SQL> REM FIRST_NAME , DEPARTMENT_NAME , CITY , COUNTRY_NAME , REGION_NAME
SQL> 
SQL> REM 1 INNER ... USING 2 INNER ... ON
SQL> 
SQL> SELECT FIRST_NAME , DEPARTMENT_NAME , CITY , COUNTRY_NAME , REGION_NAME FROM EMPLOYEES E
  2  INNER JOIN DEPARTMENTS D ON E.DEPARTMENT_ID = D.DEPARTMENT_ID
  3  INNER JOIN LOCATIONS L ON D.LOCATION_ID = L.LOCATION_ID
  4  INNER JOIN COUNTRIES C ON L.COUNTRY_ID = C.COUNTRY_ID
  5  INNER JOIN REGIONS R ON C.REGION_ID = R.REGION_ID;

FIRST_NAME DEPARTMENT_NAME                CITY                           COUNTRY_NAME                             REGION_NAME                                                                           
---------- ------------------------------ ------------------------------ ---------------------------------------- -------------------------                                                             
Ellen      Sales                          Oxford                         United Kingdom                           Europe                                                                                
Eleni      Sales                          Oxford                         United Kingdom                           Europe                                                                                
Jonathon   Sales                          Oxford                         United Kingdom                           Europe                                                                                
Michael    Marketing                      Toronto                        Canada                                   AMERICAS                                                                              
Pat        Marketing                      Toronto                        Canada                                   AMERICAS                                                                              
Diana      IT                             Southlake                      United States of America                 AMERICAS                                                                              
Bruce      IT                             Southlake                      United States of America                 AMERICAS                                                                              
Alexander  IT                             Southlake                      United States of America                 AMERICAS                                                                              
Kevin      Shiping                        South San Francisco            United States of America                 AMERICAS                                                                              
Peter      Shiping                        South San Francisco            United States of America                 AMERICAS                                                                              
Randall    Shiping                        South San Francisco            United States of America                 AMERICAS                                                                              
Curtis     Shiping                        South San Francisco            United States of America                 AMERICAS                                                                              
Trenna     Shiping                        South San Francisco            United States of America                 AMERICAS                                                                              
Jennifer   Administration                 Seattle                        United States of America                 AMERICAS                                                                              
Lex        Executive                      Seattle                        United States of America                 AMERICAS                                                                              
Steven     Executive                      Seattle                        United States of America                 AMERICAS                                                                              
Neena      Executive                      Seattle                        United States of America                 AMERICAS                                                                              
William    Accounting                     Seattle                        United States of America                 AMERICAS                                                                              
Shelley    Accounting                     Seattle                        United States of America                 AMERICAS                                                                              

19 rows selected.

SQL> SELECT FIRST_NAME , DEPARTMENT_NAME , CITY , COUNTRY_NAME , REGION_NAME FROM EMPLOYEES E
  2                                                                                                                                 JOIN DEPARTMENTS USING(DEPARTMENT_ID)
  3                                                                                                                                 JOIN LOCATIONS USING (LOCATION_ID)
  4                                                                                                                                 JOIN COUNTRIES USING (COUNTRY_ID)
  5                                                                                                                                 JOJN REGIONS USING (REGION_ID);
                                                                                                                               JOJN REGIONS USING (REGION_ID)
                                                                                                                               *
ERROR at line 5:
ORA-00933: SQL command not properly ended 


SQL> SELECT FIRST_NAME , DEPARTMENT_NAME , CITY , COUNTRY_NAME , REGION_NAME FROM EMPLOYEES
  2  JOIN DEPARTMENTS USING(DEPARTMENT_ID)
  3  JOIN LOCATIONS USING(LOCATION_ID)
  4  JOIN COUNTRIES USING(COUNTRY_ID)
  5  JOIN REGIONS USING(REGION_ID);

FIRST_NAME DEPARTMENT_NAME                CITY                           COUNTRY_NAME                             REGION_NAME                                                                           
---------- ------------------------------ ------------------------------ ---------------------------------------- -------------------------                                                             
Ellen      Sales                          Oxford                         United Kingdom                           Europe                                                                                
Eleni      Sales                          Oxford                         United Kingdom                           Europe                                                                                
Jonathon   Sales                          Oxford                         United Kingdom                           Europe                                                                                
Michael    Marketing                      Toronto                        Canada                                   AMERICAS                                                                              
Pat        Marketing                      Toronto                        Canada                                   AMERICAS                                                                              
Diana      IT                             Southlake                      United States of America                 AMERICAS                                                                              
Bruce      IT                             Southlake                      United States of America                 AMERICAS                                                                              
Alexander  IT                             Southlake                      United States of America                 AMERICAS                                                                              
Kevin      Shiping                        South San Francisco            United States of America                 AMERICAS                                                                              
Peter      Shiping                        South San Francisco            United States of America                 AMERICAS                                                                              
Randall    Shiping                        South San Francisco            United States of America                 AMERICAS                                                                              
Curtis     Shiping                        South San Francisco            United States of America                 AMERICAS                                                                              
Trenna     Shiping                        South San Francisco            United States of America                 AMERICAS                                                                              
Jennifer   Administration                 Seattle                        United States of America                 AMERICAS                                                                              
Lex        Executive                      Seattle                        United States of America                 AMERICAS                                                                              
Steven     Executive                      Seattle                        United States of America                 AMERICAS                                                                              
Neena      Executive                      Seattle                        United States of America                 AMERICAS                                                                              
William    Accounting                     Seattle                        United States of America                 AMERICAS                                                                              
Shelley    Accounting                     Seattle                        United States of America                 AMERICAS                                                                              

19 rows selected.

SQL> SELECT * FROM JOBS;

JOB_ID     JOB_TITLE                           MIN_SALARY MAX_SALARY                                                                                                                                    
---------- ----------------------------------- ---------- ----------                                                                                                                                    
AD_PRES    President                                20000      40000                                                                                                                                    
AD_VP      Administration Vice President            15000      30000                                                                                                                                    
AD_ASST    Administration Assistant                  3000       6000                                                                                                                                    
AC_MGR     Accounting Manager                        8200      16000                                                                                                                                    
AC_ACCOUNT Public Accountant                         4200       9000                                                                                                                                    
SA_MAN     Sales Manager                            10000      20000                                                                                                                                    
SA_REP     Sales Representative                      6000      12000                                                                                                                                    
ST_MAN     Stock Manager                             5500       8500                                                                                                                                    
ST_CLERK   Stock Clerk                               2000       5000                                                                                                                                    
IT_PROG    Programmer                                4000      10000                                                                                                                                    
MK_MAN     Marketing Manager                         9000      15000                                                                                                                                    
MK_REP     Marketing Representative                  4000       9000                                                                                                                                    

12 rows selected.

SQL> REM JOB_ID
SQL> 
SQL> SELECT * FROM JOB_GRADES;

GRA LOWEST_SAL HIGHEST_SAL                                                                                                                                                                              
--- ---------- -----------                                                                                                                                                                              
A         1000        2999                                                                                                                                                                              
B         3000        5999                                                                                                                                                                              
C         6000        9999                                                                                                                                                                              
D        10000       14999                                                                                                                                                                              
E        15000       24999                                                                                                                                                                              
F        25000       40000                                                                                                                                                                              

6 rows selected.

SQL> SELECT FIRST_NAME , SALARY FROM EMPLOYEES ORDER BY 2;

FIRST_NAME     SALARY                                                                                                                                                                                   
---------- ----------                                                                                                                                                                                   
Peter            2500                                                                                                                                                                                   
Randall          2600                                                                                                                                                                                   
Curtis           3100                                                                                                                                                                                   
Trenna           3500                                                                                                                                                                                   
Diana            4200                                                                                                                                                                                   
Jennifer         4400                                                                                                                                                                                   
Kevin            5800                                                                                                                                                                                   
Bruce            6000                                                                                                                                                                                   
Pat              6000                                                                                                                                                                                   
Kimerely         7000                                                                                                                                                                                   
William          8300                                                                                                                                                                                   
Jonathon         8600                                                                                                                                                                                   
Alexander        9000                                                                                                                                                                                   
Eleni           10500                                                                                                                                                                                   
Ellen           11000                                                                                                                                                                                   
Shelley         12000                                                                                                                                                                                   
Michael         13000                                                                                                                                                                                   
Neena           17000                                                                                                                                                                                   
Lex             17000                                                                                                                                                                                   
Steven          24000                                                                                                                                                                                   

20 rows selected.

SQL> SELECT FIRST_NAME , SALARY , GRADE_LEVEL FROM EMPLOYEES
  2  JOIN JOB_GRADES ON SALARY BETWEEN LOWEST_SAL AND HIGHEST_SAL;

FIRST_NAME     SALARY GRA                                                                                                                                                                               
---------- ---------- ---                                                                                                                                                                               
Peter            2500 A                                                                                                                                                                                 
Randall          2600 A                                                                                                                                                                                 
Curtis           3100 B                                                                                                                                                                                 
Trenna           3500 B                                                                                                                                                                                 
Diana            4200 B                                                                                                                                                                                 
Jennifer         4400 B                                                                                                                                                                                 
Kevin            5800 B                                                                                                                                                                                 
Bruce            6000 C                                                                                                                                                                                 
Pat              6000 C                                                                                                                                                                                 
Kimerely         7000 C                                                                                                                                                                                 
William          8300 C                                                                                                                                                                                 
Jonathon         8600 C                                                                                                                                                                                 
Alexander        9000 C                                                                                                                                                                                 
Eleni           10500 D                                                                                                                                                                                 
Ellen           11000 D                                                                                                                                                                                 
Shelley         12000 D                                                                                                                                                                                 
Michael         13000 D                                                                                                                                                                                 
Neena           17000 E                                                                                                                                                                                 
Lex             17000 E                                                                                                                                                                                 
Steven          24000 E                                                                                                                                                                                 

20 rows selected.

SQL> SELECT FIRST_NAME , SALARY FROM EMPLOYEES ORDER BY 2;

FIRST_NAME     SALARY                                                                                                                                                                                   
---------- ----------                                                                                                                                                                                   
Peter            2500                                                                                                                                                                                   
Randall          2600                                                                                                                                                                                   
Curtis           3100                                                                                                                                                                                   
Trenna           3500                                                                                                                                                                                   
Diana            4200                                                                                                                                                                                   
Jennifer         4400                                                                                                                                                                                   
Kevin            5800                                                                                                                                                                                   
Bruce            6000                                                                                                                                                                                   
Pat              6000                                                                                                                                                                                   
Kimerely         7000                                                                                                                                                                                   
William          8300                                                                                                                                                                                   
Jonathon         8600                                                                                                                                                                                   
Alexander        9000                                                                                                                                                                                   
Eleni           10500                                                                                                                                                                                   
Ellen           11000                                                                                                                                                                                   
Shelley         12000                                                                                                                                                                                   
Michael         13000                                                                                                                                                                                   
Neena           17000                                                                                                                                                                                   
Lex             17000                                                                                                                                                                                   
Steven          24000                                                                                                                                                                                   

20 rows selected.

SQL> SELECT FIRST_NAME , SALARY , GRADE_LEVEL FROM EMPLOYEES
  2  JOIN JOB_GRADES ON SALARY >= LOWEST_SAL AND SALARY <= HIGHEST_SAL;

FIRST_NAME     SALARY GRA                                                                                                                                                                               
---------- ---------- ---                                                                                                                                                                               
Peter            2500 A                                                                                                                                                                                 
Randall          2600 A                                                                                                                                                                                 
Curtis           3100 B                                                                                                                                                                                 
Trenna           3500 B                                                                                                                                                                                 
Diana            4200 B                                                                                                                                                                                 
Jennifer         4400 B                                                                                                                                                                                 
Kevin            5800 B                                                                                                                                                                                 
Bruce            6000 C                                                                                                                                                                                 
Pat              6000 C                                                                                                                                                                                 
Kimerely         7000 C                                                                                                                                                                                 
William          8300 C                                                                                                                                                                                 
Jonathon         8600 C                                                                                                                                                                                 
Alexander        9000 C                                                                                                                                                                                 
Eleni           10500 D                                                                                                                                                                                 
Ellen           11000 D                                                                                                                                                                                 
Shelley         12000 D                                                                                                                                                                                 
Michael         13000 D                                                                                                                                                                                 
Neena           17000 E                                                                                                                                                                                 
Lex             17000 E                                                                                                                                                                                 
Steven          24000 E                                                                                                                                                                                 

20 rows selected.

SQL> REM FIRST_NAME , DEPARTMENT_NAME , CITY , COUNTRY_NAME , REGION_NAME , JOB_TITLE , SALARY , GRADE_LEVEL
SQL> 
SQL> REM JOBS , JOB_GRADES
SQL> 
SQL> REM JOB_ID
SQL> 
SQL> REM LOWEST_SAL , HIGHEST_SAL
SQL> 
SQL> SELECT FIRST_NAME , DEPARTMENT_NAME , CITY , COUNTRY_NAME , REGION_NAME , JOB_TITLE , SALARY , GRADE_LEVEL
  2  FROM EMPLOYEES
  3  JOIN DEPARTMENTS USING (DEPARTMENT_ID)
  4  JOIN LOCATIONS   USING (LOCATION_ID)
  5  JOIN COUNTRIES   USING (COUNTRY_ID)
  6  JOIN REGIONS     USING (REGION_ID)
  7  JOIN JOBS        USING (JOB_ID)
  8  JOIN JOB_GRADES  ON SALARY BETWEEN LOWEST_SAL AND HIGHEST_SAL;

FIRST_NAME DEPARTMENT_NAME                CITY                           COUNTRY_NAME                             REGION_NAME               JOB_TITLE                               SALARY GRA          
---------- ------------------------------ ------------------------------ ---------------------------------------- ------------------------- ----------------------------------- ---------- ---          
Steven     Executive                      Seattle                        United States of America                 AMERICAS                  President                                24000 E            
Neena      Executive                      Seattle                        United States of America                 AMERICAS                  Administration Vice President            17000 E            
Lex        Executive                      Seattle                        United States of America                 AMERICAS                  Administration Vice President            17000 E            
Michael    Marketing                      Toronto                        Canada                                   AMERICAS                  Marketing Manager                        13000 D            
Shelley    Accounting                     Seattle                        United States of America                 AMERICAS                  Accounting Manager                       12000 D            
Ellen      Sales                          Oxford                         United Kingdom                           Europe                    Sales Representative                     11000 D            
Eleni      Sales                          Oxford                         United Kingdom                           Europe                    Sales Manager                            10500 D            
Alexander  IT                             Southlake                      United States of America                 AMERICAS                  Programmer                                9000 C            
Jonathon   Sales                          Oxford                         United Kingdom                           Europe                    Sales Representative                      8600 C            
William    Accounting                     Seattle                        United States of America                 AMERICAS                  Public Accountant                         8300 C            
Pat        Marketing                      Toronto                        Canada                                   AMERICAS                  Marketing Representative                  6000 C            
Bruce      IT                             Southlake                      United States of America                 AMERICAS                  Programmer                                6000 C            
Kevin      Shiping                        South San Francisco            United States of America                 AMERICAS                  Stock Manager                             5800 B            
Jennifer   Administration                 Seattle                        United States of America                 AMERICAS                  Administration Assistant                  4400 B            
Diana      IT                             Southlake                      United States of America                 AMERICAS                  Programmer                                4200 B            
Trenna     Shiping                        South San Francisco            United States of America                 AMERICAS                  Stock Clerk                               3500 B            
Curtis     Shiping                        South San Francisco            United States of America                 AMERICAS                  Stock Clerk                               3100 B            
Randall    Shiping                        South San Francisco            United States of America                 AMERICAS                  Stock Clerk                               2600 A            
Peter      Shiping                        South San Francisco            United States of America                 AMERICAS                  Stock Clerk                               2500 A            

19 rows selected.

SQL> SELECT FIRST_NAME , DEPARTMENT_NAME , CITY , COUNTRY_NAME , REGION_NAME , JOB_TITLE , SALARY , GRADE_LEVEL
  2  FROM EMPLOYEES E
  3  JOIN DEPARTMENTS D ON E.DEPARTMENT_ID = D.DEPARTMENT_ID
  4  JOIN LOCATIONS   L ON D.LOCATION_ID   = L.LOCATION_ID
  5  JOIN COUNTRIES   C ON L.COUNTRY_ID    = C.COUNTRY_ID
  6  JOIN REGIONS     R ON C.REGION_ID     = R.REGION_ID
  7  JOIN JOBS        J ON E.JOB_ID        = J.JOB_ID
  8  JOIN JOB_GRADES JG ON E.SALARY BETWEEN JG.LOWEST_SAL AND JG.HIGHEST_SAL;

FIRST_NAME DEPARTMENT_NAME                CITY                           COUNTRY_NAME                             REGION_NAME               JOB_TITLE                               SALARY GRA          
---------- ------------------------------ ------------------------------ ---------------------------------------- ------------------------- ----------------------------------- ---------- ---          
Steven     Executive                      Seattle                        United States of America                 AMERICAS                  President                                24000 E            
Neena      Executive                      Seattle                        United States of America                 AMERICAS                  Administration Vice President            17000 E            
Lex        Executive                      Seattle                        United States of America                 AMERICAS                  Administration Vice President            17000 E            
Michael    Marketing                      Toronto                        Canada                                   AMERICAS                  Marketing Manager                        13000 D            
Shelley    Accounting                     Seattle                        United States of America                 AMERICAS                  Accounting Manager                       12000 D            
Ellen      Sales                          Oxford                         United Kingdom                           Europe                    Sales Representative                     11000 D            
Eleni      Sales                          Oxford                         United Kingdom                           Europe                    Sales Manager                            10500 D            
Alexander  IT                             Southlake                      United States of America                 AMERICAS                  Programmer                                9000 C            
Jonathon   Sales                          Oxford                         United Kingdom                           Europe                    Sales Representative                      8600 C            
William    Accounting                     Seattle                        United States of America                 AMERICAS                  Public Accountant                         8300 C            
Pat        Marketing                      Toronto                        Canada                                   AMERICAS                  Marketing Representative                  6000 C            
Bruce      IT                             Southlake                      United States of America                 AMERICAS                  Programmer                                6000 C            
Kevin      Shiping                        South San Francisco            United States of America                 AMERICAS                  Stock Manager                             5800 B            
Jennifer   Administration                 Seattle                        United States of America                 AMERICAS                  Administration Assistant                  4400 B            
Diana      IT                             Southlake                      United States of America                 AMERICAS                  Programmer                                4200 B            
Trenna     Shiping                        South San Francisco            United States of America                 AMERICAS                  Stock Clerk                               3500 B            
Curtis     Shiping                        South San Francisco            United States of America                 AMERICAS                  Stock Clerk                               3100 B            
Randall    Shiping                        South San Francisco            United States of America                 AMERICAS                  Stock Clerk                               2600 A            
Peter      Shiping                        South San Francisco            United States of America                 AMERICAS                  Stock Clerk                               2500 A            

19 rows selected.

SQL> REM FIRST_NAME , DEPARTMENT_ID , MANAGER_ID , DEPARTMENT_NAME
SQL> 
SQL> REM 1 NJ 2 IJ USING  3 IJ ON
SQL> 
SQL> REM        E/D       E/D
SQL> 
SQL> REM        M 2       D 2 M 2
SQL> 
SQL> SELECT FIRST_NAME , DEPARTMENT_ID , MANAGER_ID , DEPARTMENT_NAME
  2  FROM EMPLOYEES
  3  NATURAL JOIN DEPARTMENTS;

FIRST_NAME DEPARTMENT_ID MANAGER_ID DEPARTMENT_NAME                                                                                                                                                     
---------- ------------- ---------- ------------------------------                                                                                                                                      
Neena                 90        100 Executive                                                                                                                                                           
Lex                   90        100 Executive                                                                                                                                                           
Bruce                 60        103 IT                                                                                                                                                                  
Diana                 60        103 IT                                                                                                                                                                  
Trenna                50        124 Shiping                                                                                                                                                             
Curtis                50        124 Shiping                                                                                                                                                             
Randall               50        124 Shiping                                                                                                                                                             
Peter                 50        124 Shiping                                                                                                                                                             
Ellen                 80        149 Sales                                                                                                                                                               
Jonathon              80        149 Sales                                                                                                                                                               
Pat                   20        201 Marketing                                                                                                                                                           
William              110        205 Accounting                                                                                                                                                          

12 rows selected.

SQL> SELECT FIRST_NAME , E.DEPARTMENT_ID , MANAGER_ID , DEPARTMENT_NAME
  2  FROM EMPLOYEES E
  3  NATURAL JOIN DEPARTMENTS;
SELECT FIRST_NAME , E.DEPARTMENT_ID , MANAGER_ID , DEPARTMENT_NAME
                    *
ERROR at line 1:
ORA-25155: column used in NATURAL join cannot have qualifier 


SQL> SELECT E.FIRST_NAME , DEPARTMENT_ID , MANAGER_ID , DEPARTMENT_NAME
  2  FROM EMPLOYEES E
  3  NATURAL JOIN DEPARTMENTS;

FIRST_NAME DEPARTMENT_ID MANAGER_ID DEPARTMENT_NAME                                                                                                                                                     
---------- ------------- ---------- ------------------------------                                                                                                                                      
Neena                 90        100 Executive                                                                                                                                                           
Lex                   90        100 Executive                                                                                                                                                           
Bruce                 60        103 IT                                                                                                                                                                  
Diana                 60        103 IT                                                                                                                                                                  
Trenna                50        124 Shiping                                                                                                                                                             
Curtis                50        124 Shiping                                                                                                                                                             
Randall               50        124 Shiping                                                                                                                                                             
Peter                 50        124 Shiping                                                                                                                                                             
Ellen                 80        149 Sales                                                                                                                                                               
Jonathon              80        149 Sales                                                                                                                                                               
Pat                   20        201 Marketing                                                                                                                                                           
William              110        205 Accounting                                                                                                                                                          

12 rows selected.

SQL> SELECT FIRST_NAME , DEPARTMENT_ID , E.MANAGER_ID EMP_HEAD, D.MANAGER_ID DEPT_HEAD, DEPARTMENT_NAME
  2  FROM EMPLOYEES E
  3  JOIN DEPARTMENTS D USING (DEPARTMENT_ID);

FIRST_NAME DEPARTMENT_ID   EMP_HEAD  DEPT_HEAD DEPARTMENT_NAME                                                                                                                                          
---------- ------------- ---------- ---------- ------------------------------                                                                                                                           
Jennifer              10        101        200 Administration                                                                                                                                           
Michael               20        100        201 Marketing                                                                                                                                                
Pat                   20        201        201 Marketing                                                                                                                                                
Kevin                 50        100        124 Shiping                                                                                                                                                  
Peter                 50        124        124 Shiping                                                                                                                                                  
Randall               50        124        124 Shiping                                                                                                                                                  
Curtis                50        124        124 Shiping                                                                                                                                                  
Trenna                50        124        124 Shiping                                                                                                                                                  
Diana                 60        103        103 IT                                                                                                                                                       
Bruce                 60        103        103 IT                                                                                                                                                       
Alexander             60        102        103 IT                                                                                                                                                       
Ellen                 80        149        149 Sales                                                                                                                                                    
Eleni                 80        100        149 Sales                                                                                                                                                    
Jonathon              80        149        149 Sales                                                                                                                                                    
Lex                   90        100        100 Executive                                                                                                                                                
Steven                90                   100 Executive                                                                                                                                                
Neena                 90        100        100 Executive                                                                                                                                                
William              110        205        205 Accounting                                                                                                                                               
Shelley              110        101        205 Accounting                                                                                                                                               

19 rows selected.

SQL> SELECT FIRST_NAME , E.DEPARTMENT_ID , D.DEPARTMENT_ID , E.MANAGER_ID EMP_HEAD, D.MANAGER_ID DEPT_HEAD, DEPARTMENT_NAME
  2  FROM EMPLOYEES E
  3  JOIN DEPARTMENTS D ON E.DEPARTMENT_ID = D.DEPARTMENT_ID;

FIRST_NAME DEPARTMENT_ID DEPARTMENT_ID   EMP_HEAD  DEPT_HEAD DEPARTMENT_NAME                                                                                                                            
---------- ------------- ------------- ---------- ---------- ------------------------------                                                                                                             
Jennifer              10            10        101        200 Administration                                                                                                                             
Michael               20            20        100        201 Marketing                                                                                                                                  
Pat                   20            20        201        201 Marketing                                                                                                                                  
Kevin                 50            50        100        124 Shiping                                                                                                                                    
Peter                 50            50        124        124 Shiping                                                                                                                                    
Randall               50            50        124        124 Shiping                                                                                                                                    
Curtis                50            50        124        124 Shiping                                                                                                                                    
Trenna                50            50        124        124 Shiping                                                                                                                                    
Diana                 60            60        103        103 IT                                                                                                                                         
Bruce                 60            60        103        103 IT                                                                                                                                         
Alexander             60            60        102        103 IT                                                                                                                                         
Ellen                 80            80        149        149 Sales                                                                                                                                      
Eleni                 80            80        100        149 Sales                                                                                                                                      
Jonathon              80            80        149        149 Sales                                                                                                                                      
Lex                   90            90        100        100 Executive                                                                                                                                  
Steven                90            90                   100 Executive                                                                                                                                  
Neena                 90            90        100        100 Executive                                                                                                                                  
William              110           110        205        205 Accounting                                                                                                                                 
Shelley              110           110        101        205 Accounting                                                                                                                                 

19 rows selected.

SQL> SELECT * FROM COUNTRIES;

CO COUNTRY_NAME                              REGION_ID                                                                                                                                                  
-- ---------------------------------------- ----------                                                                                                                                                  
CA Canada                                            2                                                                                                                                                  
DE Germany                                           1                                                                                                                                                  
UK United Kingdom                                    1                                                                                                                                                  
US United States of America                          2                                                                                                                                                  

SQL> SELECT * FROM REGIONS;

 REGION_ID REGION_NAME                                                                                                                                                                                  
---------- -------------------------                                                                                                                                                                    
         1 Europe                                                                                                                                                                                       
         2 AMERICAS                                                                                                                                                                                     
         3 Asia                                                                                                                                                                                         
         4 MIDDLE EAST AND AFRICA                                                                                                                                                                       

SQL> REM OUTER JOIN : IS USED TO ADD EXTRA/UNMATCHED ROWS OF SINGLE OR BOTH TABLES IN RESULT SET.
SQL> 
SQL> REM OUTER JOIN SYNTAX 1  : FROM TABLE1 LEFT/RIGHT/FULL OUTER JOIN TABLE2 USING (COMMON COLUMN LIST, COMMA SEPARATED)
SQL> 
SQL> REM OUTER JOIN SYNTAX 2  : FROM TABLE1 LEFT/RIGHT/FULL OUTER JOIN TABLE2 ON JOIN CONDITION(S)
SQL> 
SQL> SELECT COUNTRY_NAME , REGION_NAME
  2  FROM COUNTRIES
  3  NATURAL JOIN REGIONS;

COUNTRY_NAME                             REGION_NAME                                                                                                                                                    
---------------------------------------- -------------------------                                                                                                                                      
Germany                                  Europe                                                                                                                                                         
United Kingdom                           Europe                                                                                                                                                         
Canada                                   AMERICAS                                                                                                                                                       
United States of America                 AMERICAS                                                                                                                                                       

SQL> SELECT COUNTRY_NAME , REGION_NAME
  2  FROM COUNTRIES
  3  JOIN REGIONS USING (REGION_ID);

COUNTRY_NAME                             REGION_NAME                                                                                                                                                    
---------------------------------------- -------------------------                                                                                                                                      
Germany                                  Europe                                                                                                                                                         
United Kingdom                           Europe                                                                                                                                                         
Canada                                   AMERICAS                                                                                                                                                       
United States of America                 AMERICAS                                                                                                                                                       

SQL> SELECT COUNTRY_NAME , REGION_NAME
  2  FROM COUNTRIES
  3  INNER JOIN REGIONS USING (REGION_ID);

COUNTRY_NAME                             REGION_NAME                                                                                                                                                    
---------------------------------------- -------------------------                                                                                                                                      
Germany                                  Europe                                                                                                                                                         
United Kingdom                           Europe                                                                                                                                                         
Canada                                   AMERICAS                                                                                                                                                       
United States of America                 AMERICAS                                                                                                                                                       

SQL> SELECT COUNTRY_NAME , REGION_NAME
  2  FROM COUNTRIES
  3  INEER JOIN REGIONS USING (REGION_ID);

COUNTRY_NAME                             REGION_NAME                                                                                                                                                    
---------------------------------------- -------------------------                                                                                                                                      
Germany                                  Europe                                                                                                                                                         
United Kingdom                           Europe                                                                                                                                                         
Canada                                   AMERICAS                                                                                                                                                       
United States of America                 AMERICAS                                                                                                                                                       

SQL> SELECT INEER.COUNTRY_NAME , REGION_NAME
  2  FROM COUNTRIES
  3  INEER JOIN REGIONS USING (REGION_ID);

COUNTRY_NAME                             REGION_NAME                                                                                                                                                    
---------------------------------------- -------------------------                                                                                                                                      
Germany                                  Europe                                                                                                                                                         
United Kingdom                           Europe                                                                                                                                                         
Canada                                   AMERICAS                                                                                                                                                       
United States of America                 AMERICAS                                                                                                                                                       

SQL> SELECT COUNTRY_NAME , REGION_NAME
  2  FROM COUNTRIES
  3  OUTER JOIN REGIONS USING (REGION_ID);

COUNTRY_NAME                             REGION_NAME                                                                                                                                                    
---------------------------------------- -------------------------                                                                                                                                      
Germany                                  Europe                                                                                                                                                         
United Kingdom                           Europe                                                                                                                                                         
Canada                                   AMERICAS                                                                                                                                                       
United States of America                 AMERICAS                                                                                                                                                       

SQL> SELECT INNER.COUNTRY_NAME , REGION_NAME
  2  FROM COUNTRIES
  3  INNER JOIN REGIONS USING (REGION_ID);
SELECT INNER.COUNTRY_NAME , REGION_NAME
       *
ERROR at line 1:
ORA-00904: "INNER"."COUNTRY_NAME": invalid identifier 


SQL> SELECT COUNTRY_NAME , REGION_NAME
  2  FROM COUNTRIES
  3  RIGHT OUTER JOIN REGIONS USING (REGION_ID);

COUNTRY_NAME                             REGION_NAME                                                                                                                                                    
---------------------------------------- -------------------------                                                                                                                                      
Canada                                   AMERICAS                                                                                                                                                       
Germany                                  Europe                                                                                                                                                         
United Kingdom                           Europe                                                                                                                                                         
United States of America                 AMERICAS                                                                                                                                                       
                                         MIDDLE EAST AND AFRICA                                                                                                                                         
                                         Asia                                                                                                                                                           

6 rows selected.

SQL> SELECT COUNTRY_NAME , REGION_NAME
  2  FROM COUNTRIES
  3  LEFT OUTER JOIN REGIONS USING (REGION_ID);

COUNTRY_NAME                             REGION_NAME                                                                                                                                                    
---------------------------------------- -------------------------                                                                                                                                      
Germany                                  Europe                                                                                                                                                         
United Kingdom                           Europe                                                                                                                                                         
Canada                                   AMERICAS                                                                                                                                                       
United States of America                 AMERICAS                                                                                                                                                       

SQL> SELECT COUNTRY_NAME , REGION_NAME
  2  FROM REGIONS
  3  LEFT OUTER JOIN COUNTRIES USING (REGION_ID);

COUNTRY_NAME                             REGION_NAME                                                                                                                                                    
---------------------------------------- -------------------------                                                                                                                                      
Canada                                   AMERICAS                                                                                                                                                       
Germany                                  Europe                                                                                                                                                         
United Kingdom                           Europe                                                                                                                                                         
United States of America                 AMERICAS                                                                                                                                                       
                                         MIDDLE EAST AND AFRICA                                                                                                                                         
                                         Asia                                                                                                                                                           

6 rows selected.

SQL> SELECT COUNTRY_NAME , REGION_NAME
  2  
SQL> SELECT COUNTRY_NAME , REGION_NAME
  2  FROM REGIONS
  3  FULL OUTER JOIN COUNTRIES USING (REGION_ID);

COUNTRY_NAME                             REGION_NAME                                                                                                                                                    
---------------------------------------- -------------------------                                                                                                                                      
Canada                                   AMERICAS                                                                                                                                                       
Germany                                  Europe                                                                                                                                                         
United Kingdom                           Europe                                                                                                                                                         
United States of America                 AMERICAS                                                                                                                                                       
                                         MIDDLE EAST AND AFRICA                                                                                                                                         
                                         Asia                                                                                                                                                           

6 rows selected.

SQL> SELECT * FROM EMPLOYEES;

EMPLOYEE_ID FIRST_NAME LAST_NAME  EMAIL      PHONE_NUMBER         HIRE_DATE JOB_ID         SALARY COMMISSION_PCT MANAGER_ID DEPARTMENT_ID                                                               
----------- ---------- ---------- ---------- -------------------- --------- ---------- ---------- -------------- ---------- -------------                                                               
        100 Steven     King       SKING      515.123.4567         17-JUL-87 AD_PRES         24000                                      90                                                               
        101 Neena      Kochhar    NKOCHHAR   515.123.4568         21-SEP-89 AD_VP           17000                       100            90                                                               
        102 Lex        De Haan    LDEHAAN    515.123.4569         13-JAN-93 AD_VP           17000                       100            90                                                               
        103 Alexander  Hunold     AHUNOLD    590.423.4567         03-JAN-90 IT_PROG          9000                       102            60                                                               
        104 Bruce      Ernst      BERNST     590.423.4568         21-MAY-91 IT_PROG          6000                       103            60                                                               
        107 Diana      Lorentz    DLORENTZ   590.423.5567         07-FEB-99 IT_PROG          4200                       103            60                                                               
        124 Kevin      Mourgos    KMOURGOS   650.123.5234         16-NOV-99 ST_MAN           5800                       100            50                                                               
        141 Trenna     Rajs       TRAJS      650.121.8009         17-OCT-95 ST_CLERK         3500                       124            50                                                               
        142 Curtis     Davies     CDAVIES    650.121.2994         29-JAN-97 ST_CLERK         3100                       124            50                                                               
        143 Randall    Matos      RMATOS     650.121.2874         15-MAR-98 ST_CLERK         2600                       124            50                                                               
        144 Peter      Vargas     PVARGAS    650.121.2004         09-JUL-98 ST_CLERK         2500                       124            50                                                               
        149 Eleni      Zlotkey    EZLOTKEY   011.44.1344.429018   29-JAN-00 SA_MAN          10500             .2        100            80                                                               
        174 Ellen      Abel       EABEL      011.44.1644.429267   11-MAY-96 SA_REP          11000             .3        149            80                                                               
        176 Jonathon   Taylor     JTAYLOR    011.44.1644.429265   24-MAR-98 SA_REP           8600             .3        149            80                                                               
        178 Kimerely   Grant      KGRANT     011.44.1644.429263   24-MAY-99 SA_REP           7000            .15        149                                                                             
        200 Jennifer   Whalen     JWHALEN    515.123.4444         17-SEP-87 AD_ASST          4400                       101            10                                                               
        201 Michael    Hartstein  MHARTSTE   515.123.5555         17-FEB-96 MK_MAN          13000                       100            20                                                               
        202 Pat        Fay        PFAY       603.123.6666         17-AUG-97 MK_REP           6000                       201            20                                                               
        205 Shelley    Higgins    SHIGGINS   515.123.8080         07-JUN-94 AC_MGR          12000                       101           110                                                               
        206 William    Gietz      WGIETZ     515.123.8181         07-JUN-94 AC_ACCOUNT       8300                       205           110                                                               

20 rows selected.

SQL> SELECT * FROM DEPARTMENTS;

DEPARTMENT_ID DEPARTMENT_NAME                MANAGER_ID LOCATION_ID                                                                                                                                     
------------- ------------------------------ ---------- -----------                                                                                                                                     
           10 Administration                        200        1700                                                                                                                                     
           20 Marketing                             201        1800                                                                                                                                     
           50 Shiping                               124        1500                                                                                                                                     
           60 IT                                    103        1400                                                                                                                                     
           80 Sales                                 149        2500                                                                                                                                     
           90 Executive                             100        1700                                                                                                                                     
          110 Accounting                            205        1700                                                                                                                                     
          190 Contracting                                      1700                                                                                                                                     

8 rows selected.

SQL> REM 1 UNMATCHED FIRST_NAME
SQL> 
SQL> REM 2 UNMATCHED DEPARTMENT_NAME
SQL> 
SQL> REM 3 UNMATCHED FIRST_NAME AS WELL AS DEPARTMENT_NAME
SQL> 
SQL> 
SQL> 
SQL> REM FIRST_NAME , DEPARTMENT_NAME
SQL> 
SQL> SELECT FIRST_NAME , DEPARTMENT_NAME FROM EMPLOYEES LEFT OUTER JOIN DEPARTMENTS USING(DEPARTMENT_ID);

FIRST_NAME DEPARTMENT_NAME                                                                                                                                                                              
---------- ------------------------------                                                                                                                                                               
Jennifer   Administration                                                                                                                                                                               
Michael    Marketing                                                                                                                                                                                    
Pat        Marketing                                                                                                                                                                                    
Kevin      Shiping                                                                                                                                                                                      
Trenna     Shiping                                                                                                                                                                                      
Curtis     Shiping                                                                                                                                                                                      
Randall    Shiping                                                                                                                                                                                      
Peter      Shiping                                                                                                                                                                                      
Alexander  IT                                                                                                                                                                                           
Bruce      IT                                                                                                                                                                                           
Diana      IT                                                                                                                                                                                           
Eleni      Sales                                                                                                                                                                                        
Ellen      Sales                                                                                                                                                                                        
Jonathon   Sales                                                                                                                                                                                        
Steven     Executive                                                                                                                                                                                    
Neena      Executive                                                                                                                                                                                    
Lex        Executive                                                                                                                                                                                    
Shelley    Accounting                                                                                                                                                                                   
William    Accounting                                                                                                                                                                                   
Kimerely                                                                                                                                                                                                

20 rows selected.

SQL> 
SQL> SELECT FIRST_NAME , DEPARTMENT_NAME FROM DEPARTMENTS LEFT OUTER JOIN EMPLOYEES USING(DEPARTMENT_ID);

FIRST_NAME DEPARTMENT_NAME                                                                                                                                                                              
---------- ------------------------------                                                                                                                                                               
Jennifer   Administration                                                                                                                                                                               
Michael    Marketing                                                                                                                                                                                    
Pat        Marketing                                                                                                                                                                                    
Kevin      Shiping                                                                                                                                                                                      
Peter      Shiping                                                                                                                                                                                      
Randall    Shiping                                                                                                                                                                                      
Curtis     Shiping                                                                                                                                                                                      
Trenna     Shiping                                                                                                                                                                                      
Diana      IT                                                                                                                                                                                           
Bruce      IT                                                                                                                                                                                           
Alexander  IT                                                                                                                                                                                           
Ellen      Sales                                                                                                                                                                                        
Eleni      Sales                                                                                                                                                                                        
Jonathon   Sales                                                                                                                                                                                        
Lex        Executive                                                                                                                                                                                    
Steven     Executive                                                                                                                                                                                    
Neena      Executive                                                                                                                                                                                    
William    Accounting                                                                                                                                                                                   
Shelley    Accounting                                                                                                                                                                                   
           Contracting                                                                                                                                                                                  

20 rows selected.

SQL> 
SQL> SELECT FIRST_NAME , DEPARTMENT_NAME FROM DEPARTMENTS FULL OUTER JOIN EMPLOYEES USING(DEPARTMENT_ID);

FIRST_NAME DEPARTMENT_NAME                                                                                                                                                                              
---------- ------------------------------                                                                                                                                                               
Steven     Executive                                                                                                                                                                                    
Neena      Executive                                                                                                                                                                                    
Lex        Executive                                                                                                                                                                                    
Alexander  IT                                                                                                                                                                                           
Bruce      IT                                                                                                                                                                                           
Diana      IT                                                                                                                                                                                           
Kevin      Shiping                                                                                                                                                                                      
Trenna     Shiping                                                                                                                                                                                      
Curtis     Shiping                                                                                                                                                                                      
Randall    Shiping                                                                                                                                                                                      
Peter      Shiping                                                                                                                                                                                      
Eleni      Sales                                                                                                                                                                                        
Ellen      Sales                                                                                                                                                                                        
Jonathon   Sales                                                                                                                                                                                        
Kimerely                                                                                                                                                                                                
Jennifer   Administration                                                                                                                                                                               
Michael    Marketing                                                                                                                                                                                    
Pat        Marketing                                                                                                                                                                                    
Shelley    Accounting                                                                                                                                                                                   
William    Accounting                                                                                                                                                                                   
           Contracting                                                                                                                                                                                  

21 rows selected.

SQL> SELECT FIRST_NAME , DEPARTMENT_NAME FROM EMPLOYEES E LEFT JOIN DEPARTMENTS D ON(D.DEPARTMENT_ID=E.DEPARTMENT_ID);

FIRST_NAME DEPARTMENT_NAME                                                                                                                                                                              
---------- ------------------------------                                                                                                                                                               
Jennifer   Administration                                                                                                                                                                               
Michael    Marketing                                                                                                                                                                                    
Pat        Marketing                                                                                                                                                                                    
Kevin      Shiping                                                                                                                                                                                      
Trenna     Shiping                                                                                                                                                                                      
Curtis     Shiping                                                                                                                                                                                      
Randall    Shiping                                                                                                                                                                                      
Peter      Shiping                                                                                                                                                                                      
Alexander  IT                                                                                                                                                                                           
Bruce      IT                                                                                                                                                                                           
Diana      IT                                                                                                                                                                                           
Eleni      Sales                                                                                                                                                                                        
Ellen      Sales                                                                                                                                                                                        
Jonathon   Sales                                                                                                                                                                                        
Steven     Executive                                                                                                                                                                                    
Neena      Executive                                                                                                                                                                                    
Lex        Executive                                                                                                                                                                                    
Shelley    Accounting                                                                                                                                                                                   
William    Accounting                                                                                                                                                                                   
Kimerely                                                                                                                                                                                                

20 rows selected.

SQL> 
SQL> SELECT FIRST_NAME , DEPARTMENT_NAME FROM EMPLOYEES E RIGHT JOIN DEPARTMENTS D ON(D.DEPARTMENT_ID=E.DEPARTMENT_ID);

FIRST_NAME DEPARTMENT_NAME                                                                                                                                                                              
---------- ------------------------------                                                                                                                                                               
Jennifer   Administration                                                                                                                                                                               
Michael    Marketing                                                                                                                                                                                    
Pat        Marketing                                                                                                                                                                                    
Kevin      Shiping                                                                                                                                                                                      
Peter      Shiping                                                                                                                                                                                      
Randall    Shiping                                                                                                                                                                                      
Curtis     Shiping                                                                                                                                                                                      
Trenna     Shiping                                                                                                                                                                                      
Diana      IT                                                                                                                                                                                           
Bruce      IT                                                                                                                                                                                           
Alexander  IT                                                                                                                                                                                           
Ellen      Sales                                                                                                                                                                                        
Eleni      Sales                                                                                                                                                                                        
Jonathon   Sales                                                                                                                                                                                        
Lex        Executive                                                                                                                                                                                    
Steven     Executive                                                                                                                                                                                    
Neena      Executive                                                                                                                                                                                    
William    Accounting                                                                                                                                                                                   
Shelley    Accounting                                                                                                                                                                                   
           Contracting                                                                                                                                                                                  

20 rows selected.

SQL> 
SQL> SELECT FIRST_NAME , DEPARTMENT_NAME FROM EMPLOYEES E FULL JOIN DEPARTMENTS D ON(D.DEPARTMENT_ID=E.DEPARTMENT_ID);

FIRST_NAME DEPARTMENT_NAME                                                                                                                                                                              
---------- ------------------------------                                                                                                                                                               
Steven     Executive                                                                                                                                                                                    
Neena      Executive                                                                                                                                                                                    
Lex        Executive                                                                                                                                                                                    
Alexander  IT                                                                                                                                                                                           
Bruce      IT                                                                                                                                                                                           
Diana      IT                                                                                                                                                                                           
Kevin      Shiping                                                                                                                                                                                      
Trenna     Shiping                                                                                                                                                                                      
Curtis     Shiping                                                                                                                                                                                      
Randall    Shiping                                                                                                                                                                                      
Peter      Shiping                                                                                                                                                                                      
Eleni      Sales                                                                                                                                                                                        
Ellen      Sales                                                                                                                                                                                        
Jonathon   Sales                                                                                                                                                                                        
Kimerely                                                                                                                                                                                                
Jennifer   Administration                                                                                                                                                                               
Michael    Marketing                                                                                                                                                                                    
Pat        Marketing                                                                                                                                                                                    
Shelley    Accounting                                                                                                                                                                                   
William    Accounting                                                                                                                                                                                   
           Contracting                                                                                                                                                                                  

21 rows selected.

SQL> SELECT * FROM COUNTRIES;

CO COUNTRY_NAME                              REGION_ID                                                                                                                                                  
-- ---------------------------------------- ----------                                                                                                                                                  
CA Canada                                            2                                                                                                                                                  
DE Germany                                           1                                                                                                                                                  
UK United Kingdom                                    1                                                                                                                                                  
US United States of America                          2                                                                                                                                                  

SQL> SELECT * FROM REGIONS;

 REGION_ID REGION_NAME                                                                                                                                                                                  
---------- -------------------------                                                                                                                                                                    
         1 Europe                                                                                                                                                                                       
         2 AMERICAS                                                                                                                                                                                     
         3 Asia                                                                                                                                                                                         
         4 MIDDLE EAST AND AFRICA                                                                                                                                                                       

SQL> REM REGION_NAME : ONLY UNMATCHED
SQL> 
SQL> SELECT COUNTRY_NAME , REGION_NAME
  2  FROM COUNTRIES
  3  RIGHT JOIN REGIONS USING (REGION_ID);

COUNTRY_NAME                             REGION_NAME                                                                                                                                                    
---------------------------------------- -------------------------                                                                                                                                      
Canada                                   AMERICAS                                                                                                                                                       
Germany                                  Europe                                                                                                                                                         
United Kingdom                           Europe                                                                                                                                                         
United States of America                 AMERICAS                                                                                                                                                       
                                         MIDDLE EAST AND AFRICA                                                                                                                                         
                                         Asia                                                                                                                                                           

6 rows selected.

SQL> SELECT COUNTRY_NAME , REGION_NAME
  2  FROM COUNTRIES
  3  RIGHT JOIN REGIONS USING (REGION_ID)
  4  WHERE COUNTRY_NAME IS NULL;

COUNTRY_NAME                             REGION_NAME                                                                                                                                                    
---------------------------------------- -------------------------                                                                                                                                      
                                         MIDDLE EAST AND AFRICA                                                                                                                                         
                                         Asia                                                                                                                                                           

SQL> SELECT COUNTRY_NAME , REGION_NAME
  2  FROM COUNTRIES
  3  RIGHT JOIN REGIONS USING (REGION_ID)
  4  WHERE COUNTRY_ID IS NULL;

COUNTRY_NAME                             REGION_NAME                                                                                                                                                    
---------------------------------------- -------------------------                                                                                                                                      
                                         MIDDLE EAST AND AFRICA                                                                                                                                         
                                         Asia                                                                                                                                                           

SQL> SELECT REGION_NAME
  2  FROM COUNTRIES
  3  RIGHT JOIN REGIONS USING (REGION_ID)
  4  WHERE COUNTRY_ID IS NULL;

REGION_NAME                                                                                                                                                                                             
-------------------------                                                                                                                                                                               
MIDDLE EAST AND AFRICA                                                                                                                                                                                  
Asia                                                                                                                                                                                                    

SQL> REM 1 DISPLAY ONLY UNMATCHED FIRST_NAME
SQL> 
SQL> REM 2 DISPLAY ONLY UNMATCHED DEPARTMENT_NAME
SQL> 
SQL> REM 3 DISPLAY ONLY UNMATCHED DEPARTMENT_NAME AS WELL AS UNMATCHED FIRST_NAME
SQL> 
SQL> SELECT FIRST_NAME , DEPARTMENT_NAME FROM EMPLOYEES LEFT OUTER JOIN DEARTMENTS USING (DEPARTMENT_ID) WHERE DEPARTMENT_ID IS NULL;
SELECT FIRST_NAME , DEPARTMENT_NAME FROM EMPLOYEES LEFT OUTER JOIN DEARTMENTS USING (DEPARTMENT_ID) WHERE DEPARTMENT_ID IS NULL
                                                                   *
ERROR at line 1:
ORA-00942: table or view does not exist 


SQL> SELECT FIRST_NAME , DEPARTMENT_NAME FROM EMPLOYEES RIGHT OUTER JOIN DEARTMENTS USING (DEPARTMENT_ID) WHERE FIRST_NAME IS NULL;
SELECT FIRST_NAME , DEPARTMENT_NAME FROM EMPLOYEES RIGHT OUTER JOIN DEARTMENTS USING (DEPARTMENT_ID) WHERE FIRST_NAME IS NULL
                                                                    *
ERROR at line 1:
ORA-00942: table or view does not exist 


SQL> SELECT FIRST_NAME , DEPARTMENT_NAME FROM EMPLOYEES FULL OUTER JOIN DEARTMENTS USING (DEPARTMENT_ID) WHERE FIRST_NAME IS NULL OR DEPARTMENT_ID IS NULL;
SELECT FIRST_NAME , DEPARTMENT_NAME FROM EMPLOYEES FULL OUTER JOIN DEARTMENTS USING (DEPARTMENT_ID) WHERE FIRST_NAME IS NULL OR DEPARTMENT_ID IS NULL
                                                                   *
ERROR at line 1:
ORA-00942: table or view does not exist 


SQL> SELECT FIRST_NAME , DEPARTMENT_NAME FROM EMPLOYEES LEFT OUTER JOIN DEPARTMENTS USING (DEPARTMENT_ID) WHERE DEPARTMENT_ID IS NULL;

FIRST_NAME DEPARTMENT_NAME                                                                                                                                                                              
---------- ------------------------------                                                                                                                                                               
Kimerely                                                                                                                                                                                                

SQL> SELECT FIRST_NAME , DEPARTMENT_NAME FROM EMPLOYEES RIGHT OUTER JOIN DEPARTMENTS USING (DEPARTMENT_ID) WHERE FIRST_NAME IS NULL;

FIRST_NAME DEPARTMENT_NAME                                                                                                                                                                              
---------- ------------------------------                                                                                                                                                               
           Contracting                                                                                                                                                                                  

SQL> SELECT FIRST_NAME , DEPARTMENT_NAME FROM EMPLOYEES FULL OUTER JOIN DEPARTMENTS USING (DEPARTMENT_ID) WHERE FIRST_NAME IS NULL OR DEPARTMENT_ID IS NULL;

FIRST_NAME DEPARTMENT_NAME                                                                                                                                                                              
---------- ------------------------------                                                                                                                                                               
Kimerely                                                                                                                                                                                                
           Contracting                                                                                                                                                                                  

SQL> SELECT * FROM LOCATIONS;

LOCATION_ID STREET_ADRESS                            POSTAL_CODE  CITY                           STATE_PROVINCE            CO                                                                           
----------- ---------------------------------------- ------------ ------------------------------ ------------------------- --                                                                           
       1400 2014 Jabberwocky Rd                      26192        Southlake                      Texas                     US                                                                           
       1500 2011 Interiors Blvd                      99236        South San Francisco            California                US                                                                           
       1700 2004 Charade Rd                          98199        Seattle                        Washington                US                                                                           
       1800 460 Bloor St. W.                         ON M5S 1X8   Toronto                        Ontario                   CA                                                                           
       2500 Magdalen Centre, The Oxford Science Park OX9 9ZB      Oxford                         Oxford                    UK                                                                           

SQL> SELECT * FROM COUNTRIES;

CO COUNTRY_NAME                              REGION_ID                                                                                                                                                  
-- ---------------------------------------- ----------                                                                                                                                                  
CA Canada                                            2                                                                                                                                                  
DE Germany                                           1                                                                                                                                                  
UK United Kingdom                                    1                                                                                                                                                  
US United States of America                          2                                                                                                                                                  

SQL> SELECT * FROM REGIONS;

 REGION_ID REGION_NAME                                                                                                                                                                                  
---------- -------------------------                                                                                                                                                                    
         1 Europe                                                                                                                                                                                       
         2 AMERICAS                                                                                                                                                                                     
         3 Asia                                                                                                                                                                                         
         4 MIDDLE EAST AND AFRICA                                                                                                                                                                       

SQL> REM CITY , COUNTRY_NAME , REGION_NAME
SQL> 
SQL> REM 5      6              6
SQL> 
SQL> REM 1 LEFT : USING     2 RIGHT : ON
SQL> 
SQL> SELECT CITY , COUNTRY_NAME , REGION_NAME
  2  FROM REGIONS
  3  LEFT JOIN COUNTRIES USING (REGION_ID)
  4  LEFT JOIN LOCATIONS USING (COUNTRY_ID);

CITY                           COUNTRY_NAME                             REGION_NAME                                                                                                                     
------------------------------ ---------------------------------------- -------------------------                                                                                                       
Southlake                      United States of America                 AMERICAS                                                                                                                        
South San Francisco            United States of America                 AMERICAS                                                                                                                        
Seattle                        United States of America                 AMERICAS                                                                                                                        
Toronto                        Canada                                   AMERICAS                                                                                                                        
Oxford                         United Kingdom                           Europe                                                                                                                          
                               Germany                                  Europe                                                                                                                          
                                                                        MIDDLE EAST AND AFRICA                                                                                                          
                                                                        Asia                                                                                                                            

8 rows selected.

SQL> SELECT CITY , COUNTRY_NAME , REGION_NAME
  2  FROM LOCATIONS L
  3  RIGHT JOIN COUNTRIES C ON L.COUNTRY_ID = C.COUNTRY_ID
  4  RIGHT JOIN REGIONS   R ON C.REGION_ID  = R.REGION_ID;

CITY                           COUNTRY_NAME                             REGION_NAME                                                                                                                     
------------------------------ ---------------------------------------- -------------------------                                                                                                       
Southlake                      United States of America                 AMERICAS                                                                                                                        
South San Francisco            United States of America                 AMERICAS                                                                                                                        
Seattle                        United States of America                 AMERICAS                                                                                                                        
Toronto                        Canada                                   AMERICAS                                                                                                                        
Oxford                         United Kingdom                           Europe                                                                                                                          
                               Germany                                  Europe                                                                                                                          
                                                                        MIDDLE EAST AND AFRICA                                                                                                          
                                                                        Asia                                                                                                                            

8 rows selected.

SQL> SELECT CITY , COUNTRY_NAME , REGION_NAME
  2  FROM REGIONS
  3  LEFT JOIN COUNTRIES USING (REGION_ID)
  4  LEFT JOIN LOCATIONS USING (COUNTRY_ID)
  5  WHERE CITY IS NULL;

CITY                           COUNTRY_NAME                             REGION_NAME                                                                                                                     
------------------------------ ---------------------------------------- -------------------------                                                                                                       
                               Germany                                  Europe                                                                                                                          
                                                                        MIDDLE EAST AND AFRICA                                                                                                          
                                                                        Asia                                                                                                                            

SQL> SELECT CITY , COUNTRY_NAME , REGION_NAME
  2  FROM LOCATIONS L
  3  RIGHT JOIN COUNTRIES C ON L.COUNTRY_ID = C.COUNTRY_ID
  4  RIGHT JOIN REGIONS   R ON C.REGION_ID  = R.REGION_ID
  5  WHERE CITY IS NULL;

CITY                           COUNTRY_NAME                             REGION_NAME                                                                                                                     
------------------------------ ---------------------------------------- -------------------------                                                                                                       
                               Germany                                  Europe                                                                                                                          
                                                                        MIDDLE EAST AND AFRICA                                                                                                          
                                                                        Asia                                                                                                                            

SQL> SPOOL OFF
