SQL> 
SQL> REM TYPES FUNCTIONS : 1 CHARACTER 2 NUMBER 3 DATE : CHAPTER 3
SQL> 
SQL> REM TYPES FUNCTIONS : 4 CONVERSION 5 GENERAL : CHAPTER 4
SQL> 
SQL> REM TYPES OF GENERAL FUNCTIONS : 1 NULL RELATED FUNCTIONS 2 CONDITIONAL FUNCTIONS
SQL> 
SQL> REM LIST OF NULL RELATED FUNCTIONS : 1 NVL 2 NVL2 3 NULLIF 4 COALESCE
SQL> 
SQL> REM NVL : IS USED TO REPLACE NULL VALUE WITH OTHER VALUE
SQL> 
SQL> REM IT ACCEPTS TWO ARGUMENTS.
SQL> 
SQL> REM BOTH ARGUMENTS ARE MANDATORY.
SQL> 
SQL> REM DATA TYPES OF BOTH ARGUMENTS MUST MATCH.
SQL> 
SQL> REM COMPANY DECIDES TO PAY .12 COMMISSION TO THOSE WHO DOESN'T GET COMMISSION.
SQL> 
SQL> SELECT FIRST_NAME , COMMISSION_PCT , NVL(COMMISSION_PCT , .12) NEW_COMM_PCT FROM EMPLOYEES;

FIRST_NAME COMMISSION_PCT NEW_COMM_PCT                                                                                                                                                                  
---------- -------------- ------------                                                                                                                                                                  
Steven                             .12                                                                                                                                                                  
Neena                              .12                                                                                                                                                                  
Lex                                .12                                                                                                                                                                  
Alexander                          .12                                                                                                                                                                  
Bruce                              .12                                                                                                                                                                  
Diana                              .12                                                                                                                                                                  
Kevin                              .12                                                                                                                                                                  
Trenna                             .12                                                                                                                                                                  
Curtis                             .12                                                                                                                                                                  
Randall                            .12                                                                                                                                                                  
Peter                              .12                                                                                                                                                                  
Eleni                  .2           .2                                                                                                                                                                  
Ellen                  .3           .3                                                                                                                                                                  
Jonathon               .3           .3                                                                                                                                                                  
Kimerely              .15          .15                                                                                                                                                                  
Jennifer                           .12                                                                                                                                                                  
Michael                            .12                                                                                                                                                                  
Pat                                .12                                                                                                                                                                  
Shelley                            .12                                                                                                                                                                  
William                            .12                                                                                                                                                                  

20 rows selected.

SQL> REM DISPLAY 'NO' FOR THOSE WHO DOESN'T GET COMMISSION.
SQL> 
SQL> SELECT FIRST_NAME , COMMISSION_PCT , NVL(COMMISSION_PCT , NO) NEW_COMM_PCT FROM EMPLOYEES;
SELECT FIRST_NAME , COMMISSION_PCT , NVL(COMMISSION_PCT , NO) NEW_COMM_PCT FROM EMPLOYEES
                                                          *
ERROR at line 1:
ORA-00904: "NO": invalid identifier 


SQL> SELECT FIRST_NAME , COMMISSION_PCT , NVL(COMMISSION_PCT , 'NO') NEW_COMM_PCT FROM EMPLOYEES;
SELECT FIRST_NAME , COMMISSION_PCT , NVL(COMMISSION_PCT , 'NO') NEW_COMM_PCT FROM EMPLOYEES
                                                          *
ERROR at line 1:
ORA-01722: invalid number 


SQL> SELECT FIRST_NAME , COMMISSION_PCT , NVL(TO_CHAR(COMMISSION_PCT) , 'NO') NEW_COMM_PCT FROM EMPLOYEES;

FIRST_NAME COMMISSION_PCT NEW_COMM_PCT                                                                                                                                                                  
---------- -------------- ----------------------------------------                                                                                                                                      
Steven                    NO                                                                                                                                                                            
Neena                     NO                                                                                                                                                                            
Lex                       NO                                                                                                                                                                            
Alexander                 NO                                                                                                                                                                            
Bruce                     NO                                                                                                                                                                            
Diana                     NO                                                                                                                                                                            
Kevin                     NO                                                                                                                                                                            
Trenna                    NO                                                                                                                                                                            
Curtis                    NO                                                                                                                                                                            
Randall                   NO                                                                                                                                                                            
Peter                     NO                                                                                                                                                                            
Eleni                  .2 .2                                                                                                                                                                            
Ellen                  .3 .3                                                                                                                                                                            
Jonathon               .3 .3                                                                                                                                                                            
Kimerely              .15 .15                                                                                                                                                                           
Jennifer                  NO                                                                                                                                                                            
Michael                   NO                                                                                                                                                                            
Pat                       NO                                                                                                                                                                            
Shelley                   NO                                                                                                                                                                            
William                   NO                                                                                                                                                                            

20 rows selected.

SQL> SELECT FIRST_NAME , SALARY , COMMISSION_PCT , SALARY * COMMISSION_PCT COMM_AMOUNT , SALARY + SALARY * COMMISSION_PCT TOTAL_PAYMENT FROM EMPLOYEES;

FIRST_NAME     SALARY COMMISSION_PCT COMM_AMOUNT TOTAL_PAYMENT                                                                                                                                          
---------- ---------- -------------- ----------- -------------                                                                                                                                          
Steven          24000                                                                                                                                                                                   
Neena           17000                                                                                                                                                                                   
Lex             17000                                                                                                                                                                                   
Alexander        9000                                                                                                                                                                                   
Bruce            6000                                                                                                                                                                                   
Diana            4200                                                                                                                                                                                   
Kevin            5800                                                                                                                                                                                   
Trenna           3500                                                                                                                                                                                   
Curtis           3100                                                                                                                                                                                   
Randall          2600                                                                                                                                                                                   
Peter            2500                                                                                                                                                                                   
Eleni           10500             .2        2100         12600                                                                                                                                          
Ellen           11000             .3        3300         14300                                                                                                                                          
Jonathon         8600             .3        2580         11180                                                                                                                                          
Kimerely         7000            .15        1050          8050                                                                                                                                          
Jennifer         4400                                                                                                                                                                                   
Michael         13000                                                                                                                                                                                   
Pat              6000                                                                                                                                                                                   
Shelley         12000                                                                                                                                                                                   
William          8300                                                                                                                                                                                   

20 rows selected.

SQL> SELECT FIRST_NAME , SALARY , COMMISSION_PCT , SALARY * COMMISSION_PCT COMM_AMOUNT , SALARY + SALARY * NVL(COMMISSION_PCT,0) TOTAL_PAYMENT FROM EMPLOYEES;

FIRST_NAME     SALARY COMMISSION_PCT COMM_AMOUNT TOTAL_PAYMENT                                                                                                                                          
---------- ---------- -------------- ----------- -------------                                                                                                                                          
Steven          24000                                    24000                                                                                                                                          
Neena           17000                                    17000                                                                                                                                          
Lex             17000                                    17000                                                                                                                                          
Alexander        9000                                     9000                                                                                                                                          
Bruce            6000                                     6000                                                                                                                                          
Diana            4200                                     4200                                                                                                                                          
Kevin            5800                                     5800                                                                                                                                          
Trenna           3500                                     3500                                                                                                                                          
Curtis           3100                                     3100                                                                                                                                          
Randall          2600                                     2600                                                                                                                                          
Peter            2500                                     2500                                                                                                                                          
Eleni           10500             .2        2100         12600                                                                                                                                          
Ellen           11000             .3        3300         14300                                                                                                                                          
Jonathon         8600             .3        2580         11180                                                                                                                                          
Kimerely         7000            .15        1050          8050                                                                                                                                          
Jennifer         4400                                     4400                                                                                                                                          
Michael         13000                                    13000                                                                                                                                          
Pat              6000                                     6000                                                                                                                                          
Shelley         12000                                    12000                                                                                                                                          
William          8300                                     8300                                                                                                                                          

20 rows selected.

SQL> REM DISPLAY MANAGER_ID FOR THOSE WHO REPORTS SOMEONE AND DISPLAY 'BOSS' FOR THOSE WHO DOESN'T REPORT ANY ONE.
SQL> 
SQL> SELECT FIRST_NAME , MANAGER_ID , NVL(TO_CHAR(MANAGER_ID),'BOSS') FROM EMPLOYEES;

FIRST_NAME MANAGER_ID NVL(TO_CHAR(MANAGER_ID),'BOSS')                                                                                                                                                   
---------- ---------- ----------------------------------------                                                                                                                                          
Steven                BOSS                                                                                                                                                                              
Neena             100 100                                                                                                                                                                               
Lex               100 100                                                                                                                                                                               
Alexander         102 102                                                                                                                                                                               
Bruce             103 103                                                                                                                                                                               
Diana             103 103                                                                                                                                                                               
Kevin             100 100                                                                                                                                                                               
Trenna            124 124                                                                                                                                                                               
Curtis            124 124                                                                                                                                                                               
Randall           124 124                                                                                                                                                                               
Peter             124 124                                                                                                                                                                               
Eleni             100 100                                                                                                                                                                               
Ellen             149 149                                                                                                                                                                               
Jonathon          149 149                                                                                                                                                                               
Kimerely          149 149                                                                                                                                                                               
Jennifer          101 101                                                                                                                                                                               
Michael           100 100                                                                                                                                                                               
Pat               201 201                                                                                                                                                                               
Shelley           101 101                                                                                                                                                                               
William           205 205                                                                                                                                                                               

20 rows selected.

SQL> REM NVL2 : IT TAKES 3 ARGUMENTS.
SQL> 
SQL> REM ALL 3 ARGUMENTS ARE MANDATORY.
SQL> 
SQL> REM IT WILL CHECK FIRST ARGUMENT. IF IT IS NULL IT WILL BE REPLACED WITH THIRD ARGUMENT. IF IT IS NOT NULL, IT WILL BE REPLACED BY SECOND ARGUMENT.
SQL> 
SQL> REM DATA TYPES OF 2ND AND 3RD ARGUMENT MUST MATCH OR DATA TYPE OF 2ND ARGUMENT MUST BE CHARACTER TYPE.
SQL> 
SQL> REM COMPANY DECIDES TO PAY .12 TO THOSE WHO DOESN'T GET COMMISSION AND .25 TO THOSE WHO GETS COMMISSION.
SQL> 
SQL> SELECT FIRST_NAME , COMMISSION_PCT , NVL2( COMMISSION_PCT , .25 , .12 ) NEW_COMM_PCT FROM EMPLOYEES;

FIRST_NAME COMMISSION_PCT NEW_COMM_PCT                                                                                                                                                                  
---------- -------------- ------------                                                                                                                                                                  
Steven                             .12                                                                                                                                                                  
Neena                              .12                                                                                                                                                                  
Lex                                .12                                                                                                                                                                  
Alexander                          .12                                                                                                                                                                  
Bruce                              .12                                                                                                                                                                  
Diana                              .12                                                                                                                                                                  
Kevin                              .12                                                                                                                                                                  
Trenna                             .12                                                                                                                                                                  
Curtis                             .12                                                                                                                                                                  
Randall                            .12                                                                                                                                                                  
Peter                              .12                                                                                                                                                                  
Eleni                  .2          .25                                                                                                                                                                  
Ellen                  .3          .25                                                                                                                                                                  
Jonathon               .3          .25                                                                                                                                                                  
Kimerely              .15          .25                                                                                                                                                                  
Jennifer                           .12                                                                                                                                                                  
Michael                            .12                                                                                                                                                                  
Pat                                .12                                                                                                                                                                  
Shelley                            .12                                                                                                                                                                  
William                            .12                                                                                                                                                                  

20 rows selected.

SQL> REM COMPANY DECIDES TO PAY .12 TO THOSE WHO DOESN'T GET COMMISSION AND NO CHANGE FOR OTHERS.
SQL> 
SQL> SELECT FIRST_NAME , COMMISSION_PCT , NVL2( COMMISSION_PCT , COMMISSION_PCT , .12 ) NEW_COMM_PCT FROM EMPLOYEES;

FIRST_NAME COMMISSION_PCT NEW_COMM_PCT                                                                                                                                                                  
---------- -------------- ------------                                                                                                                                                                  
Steven                             .12                                                                                                                                                                  
Neena                              .12                                                                                                                                                                  
Lex                                .12                                                                                                                                                                  
Alexander                          .12                                                                                                                                                                  
Bruce                              .12                                                                                                                                                                  
Diana                              .12                                                                                                                                                                  
Kevin                              .12                                                                                                                                                                  
Trenna                             .12                                                                                                                                                                  
Curtis                             .12                                                                                                                                                                  
Randall                            .12                                                                                                                                                                  
Peter                              .12                                                                                                                                                                  
Eleni                  .2           .2                                                                                                                                                                  
Ellen                  .3           .3                                                                                                                                                                  
Jonathon               .3           .3                                                                                                                                                                  
Kimerely              .15          .15                                                                                                                                                                  
Jennifer                           .12                                                                                                                                                                  
Michael                            .12                                                                                                                                                                  
Pat                                .12                                                                                                                                                                  
Shelley                            .12                                                                                                                                                                  
William                            .12                                                                                                                                                                  

20 rows selected.

SQL> REM DISPLAY YES OR NO
SQL> 
SQL> SELECT FIRST_NAME , COMMISSION_PCT , NVL2( COMMISSION_PCT , 'YES' , 'NO' ) NEW_COMM_PCT FROM EMPLOYEES;

FIRST_NAME COMMISSION_PCT NEW                                                                                                                                                                           
---------- -------------- ---                                                                                                                                                                           
Steven                    NO                                                                                                                                                                            
Neena                     NO                                                                                                                                                                            
Lex                       NO                                                                                                                                                                            
Alexander                 NO                                                                                                                                                                            
Bruce                     NO                                                                                                                                                                            
Diana                     NO                                                                                                                                                                            
Kevin                     NO                                                                                                                                                                            
Trenna                    NO                                                                                                                                                                            
Curtis                    NO                                                                                                                                                                            
Randall                   NO                                                                                                                                                                            
Peter                     NO                                                                                                                                                                            
Eleni                  .2 YES                                                                                                                                                                           
Ellen                  .3 YES                                                                                                                                                                           
Jonathon               .3 YES                                                                                                                                                                           
Kimerely              .15 YES                                                                                                                                                                           
Jennifer                  NO                                                                                                                                                                            
Michael                   NO                                                                                                                                                                            
Pat                       NO                                                                                                                                                                            
Shelley                   NO                                                                                                                                                                            
William                   NO                                                                                                                                                                            

20 rows selected.

SQL> REM DOUBLE , 'ZERO'
SQL> 
SQL> SELECT FIRST_NAME , COMMISSION_PCT , NVL2( COMMISSION_PCT , COMMISSION_PCT * 2, 'ZERO' ) NEW_COMM_PCT FROM EMPLOYEES;
SELECT FIRST_NAME , COMMISSION_PCT , NVL2( COMMISSION_PCT , COMMISSION_PCT * 2, 'ZERO' ) NEW_COMM_PCT FROM EMPLOYEES
                                                                                *
ERROR at line 1:
ORA-01722: invalid number 


SQL> SELECT FIRST_NAME , COMMISSION_PCT , NVL2( COMMISSION_PCT , TO_CHAR(COMMISSION_PCT * 2), 'ZERO' ) NEW_COMM_PCT FROM EMPLOYEES;

FIRST_NAME COMMISSION_PCT NEW_COMM_PCT                                                                                                                                                                  
---------- -------------- ----------------------------------------                                                                                                                                      
Steven                    ZERO                                                                                                                                                                          
Neena                     ZERO                                                                                                                                                                          
Lex                       ZERO                                                                                                                                                                          
Alexander                 ZERO                                                                                                                                                                          
Bruce                     ZERO                                                                                                                                                                          
Diana                     ZERO                                                                                                                                                                          
Kevin                     ZERO                                                                                                                                                                          
Trenna                    ZERO                                                                                                                                                                          
Curtis                    ZERO                                                                                                                                                                          
Randall                   ZERO                                                                                                                                                                          
Peter                     ZERO                                                                                                                                                                          
Eleni                  .2 .4                                                                                                                                                                            
Ellen                  .3 .6                                                                                                                                                                            
Jonathon               .3 .6                                                                                                                                                                            
Kimerely              .15 .3                                                                                                                                                                            
Jennifer                  ZERO                                                                                                                                                                          
Michael                   ZERO                                                                                                                                                                          
Pat                       ZERO                                                                                                                                                                          
Shelley                   ZERO                                                                                                                                                                          
William                   ZERO                                                                                                                                                                          

20 rows selected.

SQL> REM YES , 0
SQL> 
SQL> SELECT FIRST_NAME , COMMISSION_PCT , NVL2( COMMISSION_PCT , 'YES' , 0 ) NEW_COMM_PCT FROM EMPLOYEES;

FIRST_NAME COMMISSION_PCT NEW                                                                                                                                                                           
---------- -------------- ---                                                                                                                                                                           
Steven                    0                                                                                                                                                                             
Neena                     0                                                                                                                                                                             
Lex                       0                                                                                                                                                                             
Alexander                 0                                                                                                                                                                             
Bruce                     0                                                                                                                                                                             
Diana                     0                                                                                                                                                                             
Kevin                     0                                                                                                                                                                             
Trenna                    0                                                                                                                                                                             
Curtis                    0                                                                                                                                                                             
Randall                   0                                                                                                                                                                             
Peter                     0                                                                                                                                                                             
Eleni                  .2 YES                                                                                                                                                                           
Ellen                  .3 YES                                                                                                                                                                           
Jonathon               .3 YES                                                                                                                                                                           
Kimerely              .15 YES                                                                                                                                                                           
Jennifer                  0                                                                                                                                                                             
Michael                   0                                                                                                                                                                             
Pat                       0                                                                                                                                                                             
Shelley                   0                                                                                                                                                                             
William                   0                                                                                                                                                                             

20 rows selected.

SQL> SELECT FIRST_NAME , COMMISSION_PCT , NVL2( COMMISSION_PCT , 'YES' , TO_CHAR(0) ) NEW_COMM_PCT FROM EMPLOYEES;

FIRST_NAME COMMISSION_PCT NEW                                                                                                                                                                           
---------- -------------- ---                                                                                                                                                                           
Steven                    0                                                                                                                                                                             
Neena                     0                                                                                                                                                                             
Lex                       0                                                                                                                                                                             
Alexander                 0                                                                                                                                                                             
Bruce                     0                                                                                                                                                                             
Diana                     0                                                                                                                                                                             
Kevin                     0                                                                                                                                                                             
Trenna                    0                                                                                                                                                                             
Curtis                    0                                                                                                                                                                             
Randall                   0                                                                                                                                                                             
Peter                     0                                                                                                                                                                             
Eleni                  .2 YES                                                                                                                                                                           
Ellen                  .3 YES                                                                                                                                                                           
Jonathon               .3 YES                                                                                                                                                                           
Kimerely              .15 YES                                                                                                                                                                           
Jennifer                  0                                                                                                                                                                             
Michael                   0                                                                                                                                                                             
Pat                       0                                                                                                                                                                             
Shelley                   0                                                                                                                                                                             
William                   0                                                                                                                                                                             

20 rows selected.

SQL> SELECT FIRST_NAME , COMMISION_PCT , NVL2(COMMISSION_PCT , 'YES' , TO_CHAR(0)) FROM EMPLOYEES;
SELECT FIRST_NAME , COMMISION_PCT , NVL2(COMMISSION_PCT , 'YES' , TO_CHAR(0)) FROM EMPLOYEES
                    *
ERROR at line 1:
ORA-00904: "COMMISION_PCT": invalid identifier 


SQL> SELECT FIRST_NAME , COMMISSION_PCT , NVL2(COMMISSION_PCT , 'YES' , TO_CHAR(0)) FROM EMPLOYEES;

FIRST_NAME COMMISSION_PCT NVL                                                                                                                                                                           
---------- -------------- ---                                                                                                                                                                           
Steven                    0                                                                                                                                                                             
Neena                     0                                                                                                                                                                             
Lex                       0                                                                                                                                                                             
Alexander                 0                                                                                                                                                                             
Bruce                     0                                                                                                                                                                             
Diana                     0                                                                                                                                                                             
Kevin                     0                                                                                                                                                                             
Trenna                    0                                                                                                                                                                             
Curtis                    0                                                                                                                                                                             
Randall                   0                                                                                                                                                                             
Peter                     0                                                                                                                                                                             
Eleni                  .2 YES                                                                                                                                                                           
Ellen                  .3 YES                                                                                                                                                                           
Jonathon               .3 YES                                                                                                                                                                           
Kimerely              .15 YES                                                                                                                                                                           
Jennifer                  0                                                                                                                                                                             
Michael                   0                                                                                                                                                                             
Pat                       0                                                                                                                                                                             
Shelley                   0                                                                                                                                                                             
William                   0                                                                                                                                                                             

20 rows selected.

SQL> REM NULLIF : IT TAKES TWO ARGUMENTS.
SQL> 
SQL> REM BOTH ARGUMENTS ARE MANDATORY.
SQL> 
SQL> REM IF BOTH ARGUMENTS ARE IDENTICAL/SAME THEN IT WILL RETURN NULL OTHERWISE IT WILL RETURN FIRST ARGUMENT.
SQL> 
SQL> SELECT * FROM EMPLOYEES;

EMPLOYEE_ID FIRST_NAME LAST_NAME  EMAIL      PHONE_NUMBER         HIRE_DATE JOB_ID         SALARY COMMISSION_PCT MANAGER_ID DEPARTMENT_ID                                                               
----------- ---------- ---------- ---------- -------------------- --------- ---------- ---------- -------------- ---------- -------------                                                               
        100 Steven     King       SKING      515.123.4567         17-JUL-87 AD_PRES         24000                                      90                                                               
        101 Neena      Kochhar    NKOCHHAR   515.123.4568         21-SEP-89 AD_VP           17000                       100            90                                                               
        102 Lex        De Haan    LDEHAAN    515.123.4569         13-JAN-93 AD_VP           17000                       100            90                                                               
        103 Alexander  Hunold     AHUNOLD    590.423.4567         03-JAN-90 IT_PROG          9000                       102            60                                                               
        104 Bruce      Ernst      BERNST     590.423.4568         21-MAY-91 IT_PROG          6000                       103            60                                                               
        107 Diana      Lorentz    DLORENTZ   590.423.5567         07-FEB-99 IT_PROG          4200                       103            60                                                               
        124 Kevin      Mourgos    KMOURGOS   650.123.5234         16-NOV-99 ST_MAN           5800                       100            50                                                               
        141 Trenna     Rajs       TRAJS      650.121.8009         17-OCT-95 ST_CLERK         3500                       124            50                                                               
        142 Curtis     Davies     CDAVIES    650.121.2994         29-JAN-97 ST_CLERK         3100                       124            50                                                               
        143 Randall    Matos      RMATOS     650.121.2874         15-MAR-98 ST_CLERK         2600                       124            50                                                               
        144 Peter      Vargas     PVARGAS    650.121.2004         09-JUL-98 ST_CLERK         2500                       124            50                                                               
        149 Eleni      Zlotkey    EZLOTKEY   011.44.1344.429018   29-JAN-00 SA_MAN          10500             .2        100            80                                                               
        174 Ellen      Abel       EABEL      011.44.1644.429267   11-MAY-96 SA_REP          11000             .3        149            80                                                               
        176 Jonathon   Taylor     JTAYLOR    011.44.1644.429265   24-MAR-98 SA_REP           8600             .3        149            80                                                               
        178 Kimerely   Grant      KGRANT     011.44.1644.429263   24-MAY-99 SA_REP           7000            .15        149                                                                             
        200 Jennifer   Whalen     JWHALEN    515.123.4444         17-SEP-87 AD_ASST          4400                       101            10                                                               
        201 Michael    Hartstein  MHARTSTE   515.123.5555         17-FEB-96 MK_MAN          13000                       100            20                                                               
        202 Pat        Fay        PFAY       603.123.6666         17-AUG-97 MK_REP           6000                       201            20                                                               
        205 Shelley    Higgins    SHIGGINS   515.123.8080         07-JUN-94 AC_MGR          12000                       101           110                                                               
        206 William    Gietz      WGIETZ     515.123.8181         07-JUN-94 AC_ACCOUNT       8300                       205           110                                                               

20 rows selected.

SQL> SELECT FIRST_NAME , LAST_NAME , SUBSTR(FIRST_NAME,2,1) , SUBSTR(LAST_NAME,-2,1) FROM EMPLOYEES;

FIRST_NAME LAST_NAME  SUBS SUBS                                                                                                                                                                         
---------- ---------- ---- ----                                                                                                                                                                         
Steven     King       t    n                                                                                                                                                                            
Neena      Kochhar    e    a                                                                                                                                                                            
Lex        De Haan    e    a                                                                                                                                                                            
Alexander  Hunold     l    l                                                                                                                                                                            
Bruce      Ernst      r    s                                                                                                                                                                            
Diana      Lorentz    i    t                                                                                                                                                                            
Kevin      Mourgos    e    o                                                                                                                                                                            
Trenna     Rajs       r    j                                                                                                                                                                            
Curtis     Davies     u    e                                                                                                                                                                            
Randall    Matos      a    o                                                                                                                                                                            
Peter      Vargas     e    a                                                                                                                                                                            
Eleni      Zlotkey    l    e                                                                                                                                                                            
Ellen      Abel       l    e                                                                                                                                                                            
Jonathon   Taylor     o    o                                                                                                                                                                            
Kimerely   Grant      i    n                                                                                                                                                                            
Jennifer   Whalen     e    e                                                                                                                                                                            
Michael    Hartstein  i    i                                                                                                                                                                            
Pat        Fay        a    a                                                                                                                                                                            
Shelley    Higgins    h    n                                                                                                                                                                            
William    Gietz      i    t                                                                                                                                                                            

20 rows selected.

SQL> SELECT FIRST_NAME , LAST_NAME , SUBSTR(FIRST_NAME,2,1) , SUBSTR(LAST_NAME,-2,1) ,
  2  NULLIF(SUBSTR(FIRST_NAME,2,1) , SUBSTR(LAST_NAME,-2,1)) FROM EMPLOYEES;

FIRST_NAME LAST_NAME  SUBS SUBS NULL                                                                                                                                                                    
---------- ---------- ---- ---- ----                                                                                                                                                                    
Steven     King       t    n    t                                                                                                                                                                       
Neena      Kochhar    e    a    e                                                                                                                                                                       
Lex        De Haan    e    a    e                                                                                                                                                                       
Alexander  Hunold     l    l                                                                                                                                                                            
Bruce      Ernst      r    s    r                                                                                                                                                                       
Diana      Lorentz    i    t    i                                                                                                                                                                       
Kevin      Mourgos    e    o    e                                                                                                                                                                       
Trenna     Rajs       r    j    r                                                                                                                                                                       
Curtis     Davies     u    e    u                                                                                                                                                                       
Randall    Matos      a    o    a                                                                                                                                                                       
Peter      Vargas     e    a    e                                                                                                                                                                       
Eleni      Zlotkey    l    e    l                                                                                                                                                                       
Ellen      Abel       l    e    l                                                                                                                                                                       
Jonathon   Taylor     o    o                                                                                                                                                                            
Kimerely   Grant      i    n    i                                                                                                                                                                       
Jennifer   Whalen     e    e                                                                                                                                                                            
Michael    Hartstein  i    i                                                                                                                                                                            
Pat        Fay        a    a                                                                                                                                                                            
Shelley    Higgins    h    n    h                                                                                                                                                                       
William    Gietz      i    t    i                                                                                                                                                                       

20 rows selected.

SQL> SELECT FIRST_NAME , LAST_NAME , SUBSTR(FIRST_NAME,2,1) , SUBSTR(LAST_NAME,-2,1) ,
  2  NULLIF(SUBSTR(LAST_NAME,-2,1) ,SUBSTR(FIRST_NAME,2,1)) FROM EMPLOYEES;

FIRST_NAME LAST_NAME  SUBS SUBS NULL                                                                                                                                                                    
---------- ---------- ---- ---- ----                                                                                                                                                                    
Steven     King       t    n    n                                                                                                                                                                       
Neena      Kochhar    e    a    a                                                                                                                                                                       
Lex        De Haan    e    a    a                                                                                                                                                                       
Alexander  Hunold     l    l                                                                                                                                                                            
Bruce      Ernst      r    s    s                                                                                                                                                                       
Diana      Lorentz    i    t    t                                                                                                                                                                       
Kevin      Mourgos    e    o    o                                                                                                                                                                       
Trenna     Rajs       r    j    j                                                                                                                                                                       
Curtis     Davies     u    e    e                                                                                                                                                                       
Randall    Matos      a    o    o                                                                                                                                                                       
Peter      Vargas     e    a    a                                                                                                                                                                       
Eleni      Zlotkey    l    e    e                                                                                                                                                                       
Ellen      Abel       l    e    e                                                                                                                                                                       
Jonathon   Taylor     o    o                                                                                                                                                                            
Kimerely   Grant      i    n    n                                                                                                                                                                       
Jennifer   Whalen     e    e                                                                                                                                                                            
Michael    Hartstein  i    i                                                                                                                                                                            
Pat        Fay        a    a                                                                                                                                                                            
Shelley    Higgins    h    n    n                                                                                                                                                                       
William    Gietz      i    t    t                                                                                                                                                                       

20 rows selected.

SQL> SELECT * FROM EMPLOYEES;

EMPLOYEE_ID FIRST_NAME LAST_NAME  EMAIL      PHONE_NUMBER         HIRE_DATE JOB_ID         SALARY COMMISSION_PCT MANAGER_ID DEPARTMENT_ID                                                               
----------- ---------- ---------- ---------- -------------------- --------- ---------- ---------- -------------- ---------- -------------                                                               
        100 Steven     King       SKING      515.123.4567         17-JUL-87 AD_PRES         24000                                      90                                                               
        101 Neena      Kochhar    NKOCHHAR   515.123.4568         21-SEP-89 AD_VP           17000                       100            90                                                               
        102 Lex        De Haan    LDEHAAN    515.123.4569         13-JAN-93 AD_VP           17000                       100            90                                                               
        103 Alexander  Hunold     AHUNOLD    590.423.4567         03-JAN-90 IT_PROG          9000                       102            60                                                               
        104 Bruce      Ernst      BERNST     590.423.4568         21-MAY-91 IT_PROG          6000                       103            60                                                               
        107 Diana      Lorentz    DLORENTZ   590.423.5567         07-FEB-99 IT_PROG          4200                       103            60                                                               
        124 Kevin      Mourgos    KMOURGOS   650.123.5234         16-NOV-99 ST_MAN           5800                       100            50                                                               
        141 Trenna     Rajs       TRAJS      650.121.8009         17-OCT-95 ST_CLERK         3500                       124            50                                                               
        142 Curtis     Davies     CDAVIES    650.121.2994         29-JAN-97 ST_CLERK         3100                       124            50                                                               
        143 Randall    Matos      RMATOS     650.121.2874         15-MAR-98 ST_CLERK         2600                       124            50                                                               
        144 Peter      Vargas     PVARGAS    650.121.2004         09-JUL-98 ST_CLERK         2500                       124            50                                                               
        149 Eleni      Zlotkey    EZLOTKEY   011.44.1344.429018   29-JAN-00 SA_MAN          10500             .2        100            80                                                               
        174 Ellen      Abel       EABEL      011.44.1644.429267   11-MAY-96 SA_REP          11000             .3        149            80                                                               
        176 Jonathon   Taylor     JTAYLOR    011.44.1644.429265   24-MAR-98 SA_REP           8600             .3        149            80                                                               
        178 Kimerely   Grant      KGRANT     011.44.1644.429263   24-MAY-99 SA_REP           7000            .15        149                                                                             
        200 Jennifer   Whalen     JWHALEN    515.123.4444         17-SEP-87 AD_ASST          4400                       101            10                                                               
        201 Michael    Hartstein  MHARTSTE   515.123.5555         17-FEB-96 MK_MAN          13000                       100            20                                                               
        202 Pat        Fay        PFAY       603.123.6666         17-AUG-97 MK_REP           6000                       201            20                                                               
        205 Shelley    Higgins    SHIGGINS   515.123.8080         07-JUN-94 AC_MGR          12000                       101           110                                                               
        206 William    Gietz      WGIETZ     515.123.8181         07-JUN-94 AC_ACCOUNT       8300                       205           110                                                               

20 rows selected.

SQL> REM SECOND DIGIT AND SECOND LAST DIGIT OF HIRE_DATE
SQL> 
SQL> SELECT HIRE_DATE , NULLIF(SUBSTR(HIRE_DATE,2,1),SUBSTR(HIRE_DATE,-2,1))FROM EMPLOYEES;

HIRE_DATE NULL                                                                                                                                                                                          
--------- ----                                                                                                                                                                                          
17-JUL-87 7                                                                                                                                                                                             
21-SEP-89 1                                                                                                                                                                                             
13-JAN-93 3                                                                                                                                                                                             
03-JAN-90 3                                                                                                                                                                                             
21-MAY-91 1                                                                                                                                                                                             
07-FEB-99 7                                                                                                                                                                                             
16-NOV-99 6                                                                                                                                                                                             
17-OCT-95 7                                                                                                                                                                                             
29-JAN-97                                                                                                                                                                                               
15-MAR-98 5                                                                                                                                                                                             
09-JUL-98                                                                                                                                                                                               
29-JAN-00 9                                                                                                                                                                                             
11-MAY-96 1                                                                                                                                                                                             
24-MAR-98 4                                                                                                                                                                                             
24-MAY-99 4                                                                                                                                                                                             
17-SEP-87 7                                                                                                                                                                                             
17-FEB-96 7                                                                                                                                                                                             
17-AUG-97 7                                                                                                                                                                                             
07-JUN-94 7                                                                                                                                                                                             
07-JUN-94 7                                                                                                                                                                                             

20 rows selected.

SQL> REM 'SIMILAR' , 'DIFFERENT'
SQL> 
SQL> SELECT HIRE_DATE , NVL2(NULLIF(SUBSTR(HIRE_DATE,2,1) , SUBSTR(HIRE_DATE,-2,1)),'DIFFERENT','SIMILAR') FROM EMPLOYEES;

HIRE_DATE NVL2(NULL                                                                                                                                                                                     
--------- ---------                                                                                                                                                                                     
17-JUL-87 DIFFERENT                                                                                                                                                                                     
21-SEP-89 DIFFERENT                                                                                                                                                                                     
13-JAN-93 DIFFERENT                                                                                                                                                                                     
03-JAN-90 DIFFERENT                                                                                                                                                                                     
21-MAY-91 DIFFERENT                                                                                                                                                                                     
07-FEB-99 DIFFERENT                                                                                                                                                                                     
16-NOV-99 DIFFERENT                                                                                                                                                                                     
17-OCT-95 DIFFERENT                                                                                                                                                                                     
29-JAN-97 SIMILAR                                                                                                                                                                                       
15-MAR-98 DIFFERENT                                                                                                                                                                                     
09-JUL-98 SIMILAR                                                                                                                                                                                       
29-JAN-00 DIFFERENT                                                                                                                                                                                     
11-MAY-96 DIFFERENT                                                                                                                                                                                     
24-MAR-98 DIFFERENT                                                                                                                                                                                     
24-MAY-99 DIFFERENT                                                                                                                                                                                     
17-SEP-87 DIFFERENT                                                                                                                                                                                     
17-FEB-96 DIFFERENT                                                                                                                                                                                     
17-AUG-97 DIFFERENT                                                                                                                                                                                     
07-JUN-94 DIFFERENT                                                                                                                                                                                     
07-JUN-94 DIFFERENT                                                                                                                                                                                     

20 rows selected.

SQL> SELECT HIRE_DATE,NULLIF(TO_CHAR(SUBSTR(HIRE_DATE,2,1),'DIFFERENT'),TO_CHAR(SUBSTR(HIRE_DATE,-2,1),'SAME'))FROM EMPLOYEES;
SELECT HIRE_DATE,NULLIF(TO_CHAR(SUBSTR(HIRE_DATE,2,1),'DIFFERENT'),TO_CHAR(SUBSTR(HIRE_DATE,-2,1),'SAME'))FROM EMPLOYEES
                                                      *
ERROR at line 1:
ORA-01481: invalid number format model 


SQL> SELECT FIRST_NAME , NVL2(NULLIF(SUBSTR(HIRE_DATE,2,1) , SUBSTR(HIRE_DATE,-2,1)) , 'DIFFRENT' , 'SAME') FROM EMPLOYEES;

FIRST_NAME NVL2(NUL                                                                                                                                                                                     
---------- --------                                                                                                                                                                                     
Steven     DIFFRENT                                                                                                                                                                                     
Neena      DIFFRENT                                                                                                                                                                                     
Lex        DIFFRENT                                                                                                                                                                                     
Alexander  DIFFRENT                                                                                                                                                                                     
Bruce      DIFFRENT                                                                                                                                                                                     
Diana      DIFFRENT                                                                                                                                                                                     
Kevin      DIFFRENT                                                                                                                                                                                     
Trenna     DIFFRENT                                                                                                                                                                                     
Curtis     SAME                                                                                                                                                                                         
Randall    DIFFRENT                                                                                                                                                                                     
Peter      SAME                                                                                                                                                                                         
Eleni      DIFFRENT                                                                                                                                                                                     
Ellen      DIFFRENT                                                                                                                                                                                     
Jonathon   DIFFRENT                                                                                                                                                                                     
Kimerely   DIFFRENT                                                                                                                                                                                     
Jennifer   DIFFRENT                                                                                                                                                                                     
Michael    DIFFRENT                                                                                                                                                                                     
Pat        DIFFRENT                                                                                                                                                                                     
Shelley    DIFFRENT                                                                                                                                                                                     
William    DIFFRENT                                                                                                                                                                                     

20 rows selected.

SQL> SELECT FIRST_NAME, HIRE_DATE, SUBSTR(HIRE_DATE,2,1) , SUBSTR(HIRE_DATE,-2,1) , NVL2(NULLIF(SUBSTR(HIRE_DATE,2,1) , SUBSTR(HIRE_DATE,-2,1)), 'DIFFERENT','SIMILAR') FROM EMPLOYEES;

FIRST_NAME HIRE_DATE SUBS SUBS NVL2(NULL                                                                                                                                                                
---------- --------- ---- ---- ---------                                                                                                                                                                
Steven     17-JUL-87 7    8    DIFFERENT                                                                                                                                                                
Neena      21-SEP-89 1    8    DIFFERENT                                                                                                                                                                
Lex        13-JAN-93 3    9    DIFFERENT                                                                                                                                                                
Alexander  03-JAN-90 3    9    DIFFERENT                                                                                                                                                                
Bruce      21-MAY-91 1    9    DIFFERENT                                                                                                                                                                
Diana      07-FEB-99 7    9    DIFFERENT                                                                                                                                                                
Kevin      16-NOV-99 6    9    DIFFERENT                                                                                                                                                                
Trenna     17-OCT-95 7    9    DIFFERENT                                                                                                                                                                
Curtis     29-JAN-97 9    9    SIMILAR                                                                                                                                                                  
Randall    15-MAR-98 5    9    DIFFERENT                                                                                                                                                                
Peter      09-JUL-98 9    9    SIMILAR                                                                                                                                                                  
Eleni      29-JAN-00 9    0    DIFFERENT                                                                                                                                                                
Ellen      11-MAY-96 1    9    DIFFERENT                                                                                                                                                                
Jonathon   24-MAR-98 4    9    DIFFERENT                                                                                                                                                                
Kimerely   24-MAY-99 4    9    DIFFERENT                                                                                                                                                                
Jennifer   17-SEP-87 7    8    DIFFERENT                                                                                                                                                                
Michael    17-FEB-96 7    9    DIFFERENT                                                                                                                                                                
Pat        17-AUG-97 7    9    DIFFERENT                                                                                                                                                                
Shelley    07-JUN-94 7    9    DIFFERENT                                                                                                                                                                
William    07-JUN-94 7    9    DIFFERENT                                                                                                                                                                

20 rows selected.

SQL> SELECT SUBSTR(HIRE_DATE,2,1),SUBSTR(HIRE_DATE,-2,1),NULLIF(SUBSTR(HIRE_DATE,2,1),SUBSTR(HIRE_DATE,-2,1)),NVL2(SUBSTR(HIRE_DATE,2,1),SUBSTR(HIRE_DATE,-2,1),'SIMILAR','DIFFERENT')FROM EMPLOYEES;
SELECT SUBSTR(HIRE_DATE,2,1),SUBSTR(HIRE_DATE,-2,1),NULLIF(SUBSTR(HIRE_DATE,2,1),SUBSTR(HIRE_DATE,-2,1)),NVL2(SUBSTR(HIRE_DATE,2,1),SUBSTR(HIRE_DATE,-2,1),'SIMILAR','DIFFERENT')FROM EMPLOYEES
                                                                                                         *
ERROR at line 1:
ORA-00909: invalid number of arguments 


SQL> SPOOL OFF
======================================================================================================================
======================================================================================================================
======================================================================================================================
======================================================================================================================
======================================================================================================================
======================================================================================================================
======================================================================================================================
======================================================================================================================
======================================================================================================================
======================================================================================================================
======================================================================================================================
=====================

SQL> 
SQL> SELECT FIRST_NAME, HIRE_DATE, SUBSTR(HIRE_DATE,2,1) , SUBSTR(HIRE_DATE,-2,1) , NVL2(NULLIF(SUBSTR(HIRE_DATE,2,1) , SUBSTR(HIRE_DATE,-2,1)), 'DIFFERENT','SIMILAR') FROM EMPLOYEES;

FIRST_NAME HIRE_DATE SUBS SUBS NVL2(NULL                                                                                                                                                                
---------- --------- ---- ---- ---------                                                                                                                                                                
Steven     17-JUL-87 7    8    DIFFERENT                                                                                                                                                                
Neena      21-SEP-89 1    8    DIFFERENT                                                                                                                                                                
Lex        13-JAN-93 3    9    DIFFERENT                                                                                                                                                                
Alexander  03-JAN-90 3    9    DIFFERENT                                                                                                                                                                
Bruce      21-MAY-91 1    9    DIFFERENT                                                                                                                                                                
Diana      07-FEB-99 7    9    DIFFERENT                                                                                                                                                                
Kevin      16-NOV-99 6    9    DIFFERENT                                                                                                                                                                
Trenna     17-OCT-95 7    9    DIFFERENT                                                                                                                                                                
Curtis     29-JAN-97 9    9    SIMILAR                                                                                                                                                                  
Randall    15-MAR-98 5    9    DIFFERENT                                                                                                                                                                
Peter      09-JUL-98 9    9    SIMILAR                                                                                                                                                                  
Eleni      29-JAN-00 9    0    DIFFERENT                                                                                                                                                                
Ellen      11-MAY-96 1    9    DIFFERENT                                                                                                                                                                
Jonathon   24-MAR-98 4    9    DIFFERENT                                                                                                                                                                
Kimerely   24-MAY-99 4    9    DIFFERENT                                                                                                                                                                
Jennifer   17-SEP-87 7    8    DIFFERENT                                                                                                                                                                
Michael    17-FEB-96 7    9    DIFFERENT                                                                                                                                                                
Pat        17-AUG-97 7    9    DIFFERENT                                                                                                                                                                
Shelley    07-JUN-94 7    9    DIFFERENT                                                                                                                                                                
William    07-JUN-94 7    9    DIFFERENT                                                                                                                                                                

20 rows selected.

SQL> REM LIST OF NULL RELATED FUNCTIONS : 1 NVL 2 NVL2 3 NULLIF 4 COALESCE
SQL> 
SQL> REM COLAESCE : IT TAKES INFINITE ARGUMENTS.
SQL> 
SQL> REM IT WILL CHECK FROM LEFT TO RIGHT.
SQL> 
SQL> REM IT WILL RETURN FIRST NON-NULL VALUE FROM THE LIST.
SQL> 
SQL> REM DATA TYPES OF ALL ARGUMENTS MUST BE SAME.
SQL> 
SQL> SELECT * FROM CONTACTNO;

NAME                     MOBILE     OPHONE     RPHONE                                                                                                                                                   
-------------------- ---------- ---------- ----------                                                                                                                                                   
AMIT                 1234567890 9876543210 1122334455                                                                                                                                                   
BIREN                6644882244            9876452316                                                                                                                                                   
CHETAN                          2277554488                                                                                                                                                              
DHIREN                                     6789054123                                                                                                                                                   
EKTA                                                                                                                                                                                                    

SQL> 
SQL> REM NAME    CONTACTNO
SQL> 
SQL> SELECT NAME , MOBILE CONTACTNO FROM CONTACTNO;

NAME                  CONTACTNO                                                                                                                                                                         
-------------------- ----------                                                                                                                                                                         
AMIT                 1234567890                                                                                                                                                                         
BIREN                6644882244                                                                                                                                                                         
CHETAN                                                                                                                                                                                                  
DHIREN                                                                                                                                                                                                  
EKTA                                                                                                                                                                                                    

SQL> SELECT NAME , COALESCE(MOBILE,OPHONE,RPHONE) CONTACTNO FROM CONTACTNO;

NAME                  CONTACTNO                                                                                                                                                                         
-------------------- ----------                                                                                                                                                                         
AMIT                 1234567890                                                                                                                                                                         
BIREN                6644882244                                                                                                                                                                         
CHETAN               2277554488                                                                                                                                                                         
DHIREN               6789054123                                                                                                                                                                         
EKTA                                                                                                                                                                                                    

SQL> SELECT NAME , COALESCE(OPHONE,MOBILE,RPHONE) CONTACTNO FROM CONTACTNO;

NAME                  CONTACTNO                                                                                                                                                                         
-------------------- ----------                                                                                                                                                                         
AMIT                 9876543210                                                                                                                                                                         
BIREN                6644882244                                                                                                                                                                         
CHETAN               2277554488                                                                                                                                                                         
DHIREN               6789054123                                                                                                                                                                         
EKTA                                                                                                                                                                                                    

SQL> 
SQL> SELECT NAME , COALESCE(OPHONE,MOBILE,RPHONE,1800600300) CONTACTNO FROM CONTACTNO;

NAME                  CONTACTNO                                                                                                                                                                         
-------------------- ----------                                                                                                                                                                         
AMIT                 9876543210                                                                                                                                                                         
BIREN                6644882244                                                                                                                                                                         
CHETAN               2277554488                                                                                                                                                                         
DHIREN               6789054123                                                                                                                                                                         
EKTA                 1800600300                                                                                                                                                                         

SQL> SELECT COMMISSION_PCT , MANAGER_ID , DEPARTMENT_ID FROM EMPLOYEES;

COMMISSION_PCT MANAGER_ID DEPARTMENT_ID                                                                                                                                                                 
-------------- ---------- -------------                                                                                                                                                                 
                                     90                                                                                                                                                                 
                      100            90                                                                                                                                                                 
                      100            90                                                                                                                                                                 
                      102            60                                                                                                                                                                 
                      103            60                                                                                                                                                                 
                      103            60                                                                                                                                                                 
                      100            50                                                                                                                                                                 
                      124            50                                                                                                                                                                 
                      124            50                                                                                                                                                                 
                      124            50                                                                                                                                                                 
                      124            50                                                                                                                                                                 
            .2        100            80                                                                                                                                                                 
            .3        149            80                                                                                                                                                                 
            .3        149            80                                                                                                                                                                 
           .15        149                                                                                                                                                                               
                      101            10                                                                                                                                                                 
                      100            20                                                                                                                                                                 
                      201            20                                                                                                                                                                 
                      101           110                                                                                                                                                                 
                      205           110                                                                                                                                                                 

20 rows selected.

SQL> SELECT COALESCE(COMMISSION_PCT , MANAGER_ID , DEPARTMENT_ID) FROM EMPLOYEES;

COALESCE(COMMISSION_PCT,MANAGER_ID,DEPARTMENT_ID)                                                                                                                                                       
-------------------------------------------------                                                                                                                                                       
                                               90                                                                                                                                                       
                                              100                                                                                                                                                       
                                              100                                                                                                                                                       
                                              102                                                                                                                                                       
                                              103                                                                                                                                                       
                                              103                                                                                                                                                       
                                              100                                                                                                                                                       
                                              124                                                                                                                                                       
                                              124                                                                                                                                                       
                                              124                                                                                                                                                       
                                              124                                                                                                                                                       
                                               .2                                                                                                                                                       
                                               .3                                                                                                                                                       
                                               .3                                                                                                                                                       
                                              .15                                                                                                                                                       
                                              101                                                                                                                                                       
                                              100                                                                                                                                                       
                                              201                                                                                                                                                       
                                              101                                                                                                                                                       
                                              205                                                                                                                                                       

20 rows selected.

SQL> REM CONDITIONAL FUNCTIONS :
SQL> 
SQL> REM LIST OF CONDITIONAL FUNCTIONS : 1 DECODE 2 CASE WHEN ... 3 CASE ... WHEN
SQL> 
SQL> REM LIST OF CONDITIONAL FUNCTIONS : 1 DECODE 2 CASE ... WHEN 3 CASE WHEN ...
SQL> 
SQL> 
SQL> 
SQL> REM COMPANY DECIDES INCREMENT : +1500
SQL> 
SQL> SELECT FIRST_NAME , SALARY , SALARY + 1500 NEW_INCREMENT FROM EMPLOYEES;

FIRST_NAME     SALARY NEW_INCREMENT                                                                                                                                                                     
---------- ---------- -------------                                                                                                                                                                     
Steven          24000         25500                                                                                                                                                                     
Neena           17000         18500                                                                                                                                                                     
Lex             17000         18500                                                                                                                                                                     
Alexander        9000         10500                                                                                                                                                                     
Bruce            6000          7500                                                                                                                                                                     
Diana            4200          5700                                                                                                                                                                     
Kevin            5800          7300                                                                                                                                                                     
Trenna           3500          5000                                                                                                                                                                     
Curtis           3100          4600                                                                                                                                                                     
Randall          2600          4100                                                                                                                                                                     
Peter            2500          4000                                                                                                                                                                     
Eleni           10500         12000                                                                                                                                                                     
Ellen           11000         12500                                                                                                                                                                     
Jonathon         8600         10100                                                                                                                                                                     
Kimerely         7000          8500                                                                                                                                                                     
Jennifer         4400          5900                                                                                                                                                                     
Michael         13000         14500                                                                                                                                                                     
Pat              6000          7500                                                                                                                                                                     
Shelley         12000         13500                                                                                                                                                                     
William          8300          9800                                                                                                                                                                     

20 rows selected.

SQL> REM COMPANY DECIDES INCREMENT : 20%
SQL> 
SQL> SELECT FIRST_NAME , SALARY , SALARY * 1.2 NEW_INCREMENT FROM EMPLOYEES;

FIRST_NAME     SALARY NEW_INCREMENT                                                                                                                                                                     
---------- ---------- -------------                                                                                                                                                                     
Steven          24000         28800                                                                                                                                                                     
Neena           17000         20400                                                                                                                                                                     
Lex             17000         20400                                                                                                                                                                     
Alexander        9000         10800                                                                                                                                                                     
Bruce            6000          7200                                                                                                                                                                     
Diana            4200          5040                                                                                                                                                                     
Kevin            5800          6960                                                                                                                                                                     
Trenna           3500          4200                                                                                                                                                                     
Curtis           3100          3720                                                                                                                                                                     
Randall          2600          3120                                                                                                                                                                     
Peter            2500          3000                                                                                                                                                                     
Eleni           10500         12600                                                                                                                                                                     
Ellen           11000         13200                                                                                                                                                                     
Jonathon         8600         10320                                                                                                                                                                     
Kimerely         7000          8400                                                                                                                                                                     
Jennifer         4400          5280                                                                                                                                                                     
Michael         13000         15600                                                                                                                                                                     
Pat              6000          7200                                                                                                                                                                     
Shelley         12000         14400                                                                                                                                                                     
William          8300          9960                                                                                                                                                                     

20 rows selected.

SQL> REM DEPARTMENT_ID : 20 +2000 , 50 +1500 , 80 +1000 , REMAINING +750
SQL> 
SQL> SELECT FIRST_NAME , DEPARTMENT_ID , SALARY ,
  2  DECODE ( DEPARTMENT_ID , 20 , SALARY + 2000
  3                         , 50 , SALARY + 1500
  4                         , 80 , SALARY + 1000 , SALARY + 750) NEW_SALARY
  5  FROM EMPLOYEES
  6  ORDER BY 2;

FIRST_NAME DEPARTMENT_ID     SALARY NEW_SALARY                                                                                                                                                          
---------- ------------- ---------- ----------                                                                                                                                                          
Jennifer              10       4400       5150                                                                                                                                                          
Michael               20      13000      15000                                                                                                                                                          
Pat                   20       6000       8000                                                                                                                                                          
Kevin                 50       5800       7300                                                                                                                                                          
Peter                 50       2500       4000                                                                                                                                                          
Randall               50       2600       4100                                                                                                                                                          
Curtis                50       3100       4600                                                                                                                                                          
Trenna                50       3500       5000                                                                                                                                                          
Diana                 60       4200       4950                                                                                                                                                          
Bruce                 60       6000       6750                                                                                                                                                          
Alexander             60       9000       9750                                                                                                                                                          
Ellen                 80      11000      12000                                                                                                                                                          
Eleni                 80      10500      11500                                                                                                                                                          
Jonathon              80       8600       9600                                                                                                                                                          
Lex                   90      17000      17750                                                                                                                                                          
Steven                90      24000      24750                                                                                                                                                          
Neena                 90      17000      17750                                                                                                                                                          
William              110       8300       9050                                                                                                                                                          
Shelley              110      12000      12750                                                                                                                                                          
Kimerely                       7000       7750                                                                                                                                                          

20 rows selected.

SQL> REM DEPARTMENT_ID : 20 +2000 , 50 +1500 , 80 +1000 , REMAINING NO INCREMENT
SQL> 
SQL> SELECT FIRST_NAME , DEPARTMENT_ID , SALARY ,
  2  DECODE ( DEPARTMENT_ID , 20 , SALARY + 2000
  3                         , 50 , SALARY + 1500
  4                         , 80 , SALARY + 1000) NEW_SALARY
  5  FROM EMPLOYEES
  6  ORDER BY 2;

FIRST_NAME DEPARTMENT_ID     SALARY NEW_SALARY                                                                                                                                                          
---------- ------------- ---------- ----------                                                                                                                                                          
Jennifer              10       4400                                                                                                                                                                     
Michael               20      13000      15000                                                                                                                                                          
Pat                   20       6000       8000                                                                                                                                                          
Kevin                 50       5800       7300                                                                                                                                                          
Peter                 50       2500       4000                                                                                                                                                          
Randall               50       2600       4100                                                                                                                                                          
Curtis                50       3100       4600                                                                                                                                                          
Trenna                50       3500       5000                                                                                                                                                          
Diana                 60       4200                                                                                                                                                                     
Bruce                 60       6000                                                                                                                                                                     
Alexander             60       9000                                                                                                                                                                     
Ellen                 80      11000      12000                                                                                                                                                          
Eleni                 80      10500      11500                                                                                                                                                          
Jonathon              80       8600       9600                                                                                                                                                          
Lex                   90      17000                                                                                                                                                                     
Steven                90      24000                                                                                                                                                                     
Neena                 90      17000                                                                                                                                                                     
William              110       8300                                                                                                                                                                     
Shelley              110      12000                                                                                                                                                                     
Kimerely                       7000                                                                                                                                                                     

20 rows selected.

SQL> DECODE ( DEPARTMENT_ID , 20 , SALARY + 2000
SP2-0734: unknown command beginning "DECODE ( D..." - rest of line ignored.
SQL>                        , 50 , SALARY + 1500
SP2-0734: unknown command beginning ", 50 , SAL..." - rest of line ignored.
SQL> 
SQL> 
SQL> SELECT FIRST_NAME , DEPARTMENT_ID , SALARY ,
  2  DECODE ( DEPARTMENT_ID , 20 , SALARY + 2000
  3                         , 50 , SALARY + 1500
  4                         , 80 , SALARY + 1000 , SALARY) NEW_SALARY
  5  FROM EMPLOYEES
  6  ORDER BY 2;

FIRST_NAME DEPARTMENT_ID     SALARY NEW_SALARY                                                                                                                                                          
---------- ------------- ---------- ----------                                                                                                                                                          
Jennifer              10       4400       4400                                                                                                                                                          
Michael               20      13000      15000                                                                                                                                                          
Pat                   20       6000       8000                                                                                                                                                          
Kevin                 50       5800       7300                                                                                                                                                          
Peter                 50       2500       4000                                                                                                                                                          
Randall               50       2600       4100                                                                                                                                                          
Curtis                50       3100       4600                                                                                                                                                          
Trenna                50       3500       5000                                                                                                                                                          
Diana                 60       4200       4200                                                                                                                                                          
Bruce                 60       6000       6000                                                                                                                                                          
Alexander             60       9000       9000                                                                                                                                                          
Ellen                 80      11000      12000                                                                                                                                                          
Eleni                 80      10500      11500                                                                                                                                                          
Jonathon              80       8600       9600                                                                                                                                                          
Lex                   90      17000      17000                                                                                                                                                          
Steven                90      24000      24000                                                                                                                                                          
Neena                 90      17000      17000                                                                                                                                                          
William              110       8300       8300                                                                                                                                                          
Shelley              110      12000      12000                                                                                                                                                          
Kimerely                       7000       7000                                                                                                                                                          

20 rows selected.

SQL> SELECT * FROM EMPLOYEES;

EMPLOYEE_ID FIRST_NAME LAST_NAME  EMAIL      PHONE_NUMBER         HIRE_DATE JOB_ID         SALARY COMMISSION_PCT MANAGER_ID DEPARTMENT_ID                                                               
----------- ---------- ---------- ---------- -------------------- --------- ---------- ---------- -------------- ---------- -------------                                                               
        100 Steven     King       SKING      515.123.4567         17-JUL-87 AD_PRES         24000                                      90                                                               
        101 Neena      Kochhar    NKOCHHAR   515.123.4568         21-SEP-89 AD_VP           17000                       100            90                                                               
        102 Lex        De Haan    LDEHAAN    515.123.4569         13-JAN-93 AD_VP           17000                       100            90                                                               
        103 Alexander  Hunold     AHUNOLD    590.423.4567         03-JAN-90 IT_PROG          9000                       102            60                                                               
        104 Bruce      Ernst      BERNST     590.423.4568         21-MAY-91 IT_PROG          6000                       103            60                                                               
        107 Diana      Lorentz    DLORENTZ   590.423.5567         07-FEB-99 IT_PROG          4200                       103            60                                                               
        124 Kevin      Mourgos    KMOURGOS   650.123.5234         16-NOV-99 ST_MAN           5800                       100            50                                                               
        141 Trenna     Rajs       TRAJS      650.121.8009         17-OCT-95 ST_CLERK         3500                       124            50                                                               
        142 Curtis     Davies     CDAVIES    650.121.2994         29-JAN-97 ST_CLERK         3100                       124            50                                                               
        143 Randall    Matos      RMATOS     650.121.2874         15-MAR-98 ST_CLERK         2600                       124            50                                                               
        144 Peter      Vargas     PVARGAS    650.121.2004         09-JUL-98 ST_CLERK         2500                       124            50                                                               
        149 Eleni      Zlotkey    EZLOTKEY   011.44.1344.429018   29-JAN-00 SA_MAN          10500             .2        100            80                                                               
        174 Ellen      Abel       EABEL      011.44.1644.429267   11-MAY-96 SA_REP          11000             .3        149            80                                                               
        176 Jonathon   Taylor     JTAYLOR    011.44.1644.429265   24-MAR-98 SA_REP           8600             .3        149            80                                                               
        178 Kimerely   Grant      KGRANT     011.44.1644.429263   24-MAY-99 SA_REP           7000            .15        149                                                                             
        200 Jennifer   Whalen     JWHALEN    515.123.4444         17-SEP-87 AD_ASST          4400                       101            10                                                               
        201 Michael    Hartstein  MHARTSTE   515.123.5555         17-FEB-96 MK_MAN          13000                       100            20                                                               
        202 Pat        Fay        PFAY       603.123.6666         17-AUG-97 MK_REP           6000                       201            20                                                               
        205 Shelley    Higgins    SHIGGINS   515.123.8080         07-JUN-94 AC_MGR          12000                       101           110                                                               
        206 William    Gietz      WGIETZ     515.123.8181         07-JUN-94 AC_ACCOUNT       8300                       205           110                                                               

20 rows selected.

SQL> REM MANAGER_ID : 100 10% , 124 20% , 149 30% , REMAINING 12.5% INCREMENT
SQL> 
SQL> SELECT FIRST_NAME , SALARY , MANAGER_ID ,
  2  DECODE (MANAGER_ID , 100 , SALARY * 1.1
  3                     , 124 , SALARY * 1.2
  4                     , 149 , SALARY * 1.3 , SALARY * 1.125) NEW_SALARY
  5  FROM EMPLOYEES
  6  ORDER BY 3;

FIRST_NAME     SALARY MANAGER_ID NEW_SALARY                                                                                                                                                             
---------- ---------- ---------- ----------                                                                                                                                                             
Michael         13000        100      14300                                                                                                                                                             
Neena           17000        100      18700                                                                                                                                                             
Lex             17000        100      18700                                                                                                                                                             
Eleni           10500        100      11550                                                                                                                                                             
Kevin            5800        100       6380                                                                                                                                                             
Shelley         12000        101      13500                                                                                                                                                             
Jennifer         4400        101       4950                                                                                                                                                             
Alexander        9000        102      10125                                                                                                                                                             
Bruce            6000        103       6750                                                                                                                                                             
Diana            4200        103       4725                                                                                                                                                             
Curtis           3100        124       3720                                                                                                                                                             
Randall          2600        124       3120                                                                                                                                                             
Peter            2500        124       3000                                                                                                                                                             
Trenna           3500        124       4200                                                                                                                                                             
Kimerely         7000        149       9100                                                                                                                                                             
Ellen           11000        149      14300                                                                                                                                                             
Jonathon         8600        149      11180                                                                                                                                                             
Pat              6000        201       6750                                                                                                                                                             
William          8300        205     9337.5                                                                                                                                                             
Steven          24000                 27000                                                                                                                                                             

20 rows selected.

SQL> SELECT SALARY + SALARY * 10 / 100 FROM EMPLOYEES;

SALARY+SALARY*10/100                                                                                                                                                                                    
--------------------                                                                                                                                                                                    
               26400                                                                                                                                                                                    
               18700                                                                                                                                                                                    
               18700                                                                                                                                                                                    
                9900                                                                                                                                                                                    
                6600                                                                                                                                                                                    
                4620                                                                                                                                                                                    
                6380                                                                                                                                                                                    
                3850                                                                                                                                                                                    
                3410                                                                                                                                                                                    
                2860                                                                                                                                                                                    
                2750                                                                                                                                                                                    
               11550                                                                                                                                                                                    
               12100                                                                                                                                                                                    
                9460                                                                                                                                                                                    
                7700                                                                                                                                                                                    
                4840                                                                                                                                                                                    
               14300                                                                                                                                                                                    
                6600                                                                                                                                                                                    
               13200                                                                                                                                                                                    
                9130                                                                                                                                                                                    

20 rows selected.

SQL> SELECT SALRAY , SALARY + SALARY * 10 / 100 FROM EMPLOYEES;
SELECT SALRAY , SALARY + SALARY * 10 / 100 FROM EMPLOYEES
       *
ERROR at line 1:
ORA-00904: "SALRAY": invalid identifier 


SQL> SELECT SALARY , SALARY + SALARY * 10 / 100 FROM EMPLOYEES;

    SALARY SALARY+SALARY*10/100                                                                                                                                                                         
---------- --------------------                                                                                                                                                                         
     24000                26400                                                                                                                                                                         
     17000                18700                                                                                                                                                                         
     17000                18700                                                                                                                                                                         
      9000                 9900                                                                                                                                                                         
      6000                 6600                                                                                                                                                                         
      4200                 4620                                                                                                                                                                         
      5800                 6380                                                                                                                                                                         
      3500                 3850                                                                                                                                                                         
      3100                 3410                                                                                                                                                                         
      2600                 2860                                                                                                                                                                         
      2500                 2750                                                                                                                                                                         
     10500                11550                                                                                                                                                                         
     11000                12100                                                                                                                                                                         
      8600                 9460                                                                                                                                                                         
      7000                 7700                                                                                                                                                                         
      4400                 4840                                                                                                                                                                         
     13000                14300                                                                                                                                                                         
      6000                 6600                                                                                                                                                                         
     12000                13200                                                                                                                                                                         
      8300                 9130                                                                                                                                                                         

20 rows selected.

SQL> SELECT 10/100 FROM DUAL;

    10/100                                                                                                                                                                                              
----------                                                                                                                                                                                              
        .1                                                                                                                                                                                              

SQL> SELECT SALARY , SALARY + SALARY * .1 FROM EMPLOYEES;

    SALARY SALARY+SALARY*.1                                                                                                                                                                             
---------- ----------------                                                                                                                                                                             
     24000            26400                                                                                                                                                                             
     17000            18700                                                                                                                                                                             
     17000            18700                                                                                                                                                                             
      9000             9900                                                                                                                                                                             
      6000             6600                                                                                                                                                                             
      4200             4620                                                                                                                                                                             
      5800             6380                                                                                                                                                                             
      3500             3850                                                                                                                                                                             
      3100             3410                                                                                                                                                                             
      2600             2860                                                                                                                                                                             
      2500             2750                                                                                                                                                                             
     10500            11550                                                                                                                                                                             
     11000            12100                                                                                                                                                                             
      8600             9460                                                                                                                                                                             
      7000             7700                                                                                                                                                                             
      4400             4840                                                                                                                                                                             
     13000            14300                                                                                                                                                                             
      6000             6600                                                                                                                                                                             
     12000            13200                                                                                                                                                                             
      8300             9130                                                                                                                                                                             

20 rows selected.

SQL> SELECT SALARY , SALARY * 1.1 FROM EMPLOYEES;

    SALARY SALARY*1.1                                                                                                                                                                                   
---------- ----------                                                                                                                                                                                   
     24000      26400                                                                                                                                                                                   
     17000      18700                                                                                                                                                                                   
     17000      18700                                                                                                                                                                                   
      9000       9900                                                                                                                                                                                   
      6000       6600                                                                                                                                                                                   
      4200       4620                                                                                                                                                                                   
      5800       6380                                                                                                                                                                                   
      3500       3850                                                                                                                                                                                   
      3100       3410                                                                                                                                                                                   
      2600       2860                                                                                                                                                                                   
      2500       2750                                                                                                                                                                                   
     10500      11550                                                                                                                                                                                   
     11000      12100                                                                                                                                                                                   
      8600       9460                                                                                                                                                                                   
      7000       7700                                                                                                                                                                                   
      4400       4840                                                                                                                                                                                   
     13000      14300                                                                                                                                                                                   
      6000       6600                                                                                                                                                                                   
     12000      13200                                                                                                                                                                                   
      8300       9130                                                                                                                                                                                   

20 rows selected.

SQL> SELECT * FROM EMPLOYEES;

EMPLOYEE_ID FIRST_NAME LAST_NAME  EMAIL      PHONE_NUMBER         HIRE_DATE JOB_ID         SALARY COMMISSION_PCT MANAGER_ID DEPARTMENT_ID                                                               
----------- ---------- ---------- ---------- -------------------- --------- ---------- ---------- -------------- ---------- -------------                                                               
        100 Steven     King       SKING      515.123.4567         17-JUL-87 AD_PRES         24000                                      90                                                               
        101 Neena      Kochhar    NKOCHHAR   515.123.4568         21-SEP-89 AD_VP           17000                       100            90                                                               
        102 Lex        De Haan    LDEHAAN    515.123.4569         13-JAN-93 AD_VP           17000                       100            90                                                               
        103 Alexander  Hunold     AHUNOLD    590.423.4567         03-JAN-90 IT_PROG          9000                       102            60                                                               
        104 Bruce      Ernst      BERNST     590.423.4568         21-MAY-91 IT_PROG          6000                       103            60                                                               
        107 Diana      Lorentz    DLORENTZ   590.423.5567         07-FEB-99 IT_PROG          4200                       103            60                                                               
        124 Kevin      Mourgos    KMOURGOS   650.123.5234         16-NOV-99 ST_MAN           5800                       100            50                                                               
        141 Trenna     Rajs       TRAJS      650.121.8009         17-OCT-95 ST_CLERK         3500                       124            50                                                               
        142 Curtis     Davies     CDAVIES    650.121.2994         29-JAN-97 ST_CLERK         3100                       124            50                                                               
        143 Randall    Matos      RMATOS     650.121.2874         15-MAR-98 ST_CLERK         2600                       124            50                                                               
        144 Peter      Vargas     PVARGAS    650.121.2004         09-JUL-98 ST_CLERK         2500                       124            50                                                               
        149 Eleni      Zlotkey    EZLOTKEY   011.44.1344.429018   29-JAN-00 SA_MAN          10500             .2        100            80                                                               
        174 Ellen      Abel       EABEL      011.44.1644.429267   11-MAY-96 SA_REP          11000             .3        149            80                                                               
        176 Jonathon   Taylor     JTAYLOR    011.44.1644.429265   24-MAR-98 SA_REP           8600             .3        149            80                                                               
        178 Kimerely   Grant      KGRANT     011.44.1644.429263   24-MAY-99 SA_REP           7000            .15        149                                                                             
        200 Jennifer   Whalen     JWHALEN    515.123.4444         17-SEP-87 AD_ASST          4400                       101            10                                                               
        201 Michael    Hartstein  MHARTSTE   515.123.5555         17-FEB-96 MK_MAN          13000                       100            20                                                               
        202 Pat        Fay        PFAY       603.123.6666         17-AUG-97 MK_REP           6000                       201            20                                                               
        205 Shelley    Higgins    SHIGGINS   515.123.8080         07-JUN-94 AC_MGR          12000                       101           110                                                               
        206 William    Gietz      WGIETZ     515.123.8181         07-JUN-94 AC_ACCOUNT       8300                       205           110                                                               

20 rows selected.

SQL> REM JOB_ID : IT_PROG +1500 , ST_CLERK -750 , SA_REP +15% , REMAINING -7.5%
SQL> 
SQL> SELECT FIRST_NAME , SALARY , JOB_ID ,
  2  DECODE( JOB_ID , 'IT_PROG' , SALARY + 1500
  3                 , 'ST_CLERK' , SALARY - 750
  4                 , 'SA_REP' , SALARY * 1.15  , SALARY * 0.0925) NEW_SALARY
  5  FROM EMPLOYEES
  6  ORDER BY 3;

FIRST_NAME     SALARY JOB_ID     NEW_SALARY                                                                                                                                                             
---------- ---------- ---------- ----------                                                                                                                                                             
William          8300 AC_ACCOUNT     767.75                                                                                                                                                             
Shelley         12000 AC_MGR           1110                                                                                                                                                             
Jennifer         4400 AD_ASST           407                                                                                                                                                             
Steven          24000 AD_PRES          2220                                                                                                                                                             
Lex             17000 AD_VP          1572.5                                                                                                                                                             
Neena           17000 AD_VP          1572.5                                                                                                                                                             
Alexander        9000 IT_PROG         10500                                                                                                                                                             
Bruce            6000 IT_PROG          7500                                                                                                                                                             
Diana            4200 IT_PROG          5700                                                                                                                                                             
Michael         13000 MK_MAN         1202.5                                                                                                                                                             
Pat              6000 MK_REP            555                                                                                                                                                             
Eleni           10500 SA_MAN         971.25                                                                                                                                                             
Ellen           11000 SA_REP          12650                                                                                                                                                             
Kimerely         7000 SA_REP           8050                                                                                                                                                             
Jonathon         8600 SA_REP           9890                                                                                                                                                             
Randall          2600 ST_CLERK         1850                                                                                                                                                             
Curtis           3100 ST_CLERK         2350                                                                                                                                                             
Trenna           3500 ST_CLERK         2750                                                                                                                                                             
Peter            2500 ST_CLERK         1750                                                                                                                                                             
Kevin            5800 ST_MAN          536.5                                                                                                                                                             

20 rows selected.

SQL> SELECT FIRST_NAME , SALARY , JOB_ID ,
  2  DECODE( JOB_ID , 'IT_PROG' , SALARY + 1500
  3                 , 'ST_CLERK' , SALARY - 750
  4                 , 'SA_REP' , SALARY * 1.15  , SALARY * 0.925) NEW_SALARY
  5  FROM EMPLOYEES
  6  ORDER BY 3;

FIRST_NAME     SALARY JOB_ID     NEW_SALARY                                                                                                                                                             
---------- ---------- ---------- ----------                                                                                                                                                             
William          8300 AC_ACCOUNT     7677.5                                                                                                                                                             
Shelley         12000 AC_MGR          11100                                                                                                                                                             
Jennifer         4400 AD_ASST          4070                                                                                                                                                             
Steven          24000 AD_PRES         22200                                                                                                                                                             
Lex             17000 AD_VP           15725                                                                                                                                                             
Neena           17000 AD_VP           15725                                                                                                                                                             
Alexander        9000 IT_PROG         10500                                                                                                                                                             
Bruce            6000 IT_PROG          7500                                                                                                                                                             
Diana            4200 IT_PROG          5700                                                                                                                                                             
Michael         13000 MK_MAN          12025                                                                                                                                                             
Pat              6000 MK_REP           5550                                                                                                                                                             
Eleni           10500 SA_MAN         9712.5                                                                                                                                                             
Ellen           11000 SA_REP          12650                                                                                                                                                             
Kimerely         7000 SA_REP           8050                                                                                                                                                             
Jonathon         8600 SA_REP           9890                                                                                                                                                             
Randall          2600 ST_CLERK         1850                                                                                                                                                             
Curtis           3100 ST_CLERK         2350                                                                                                                                                             
Trenna           3500 ST_CLERK         2750                                                                                                                                                             
Peter            2500 ST_CLERK         1750                                                                                                                                                             
Kevin            5800 ST_MAN           5365                                                                                                                                                             

20 rows selected.

SQL> SELECT 1 - .075 FROM DUAL;

    1-.075                                                                                                                                                                                              
----------                                                                                                                                                                                              
      .925                                                                                                                                                                                              

SQL> SELECT FIRST_NAME , SALARY , JOB_ID ,
  2  DECODE( JOB_ID , 'IT_PROG' , SALARY + 1500
  3                 , 'ST_CLERK' , SALARY - 750
  4                 , 'SA_REP' , SALARY * 1.15  , SALARY - SALARY * .075) NEW_SALARY
  5  FROM EMPLOYEES
  6  ORDER BY 3;

FIRST_NAME     SALARY JOB_ID     NEW_SALARY                                                                                                                                                             
---------- ---------- ---------- ----------                                                                                                                                                             
William          8300 AC_ACCOUNT     7677.5                                                                                                                                                             
Shelley         12000 AC_MGR          11100                                                                                                                                                             
Jennifer         4400 AD_ASST          4070                                                                                                                                                             
Steven          24000 AD_PRES         22200                                                                                                                                                             
Lex             17000 AD_VP           15725                                                                                                                                                             
Neena           17000 AD_VP           15725                                                                                                                                                             
Alexander        9000 IT_PROG         10500                                                                                                                                                             
Bruce            6000 IT_PROG          7500                                                                                                                                                             
Diana            4200 IT_PROG          5700                                                                                                                                                             
Michael         13000 MK_MAN          12025                                                                                                                                                             
Pat              6000 MK_REP           5550                                                                                                                                                             
Eleni           10500 SA_MAN         9712.5                                                                                                                                                             
Ellen           11000 SA_REP          12650                                                                                                                                                             
Kimerely         7000 SA_REP           8050                                                                                                                                                             
Jonathon         8600 SA_REP           9890                                                                                                                                                             
Randall          2600 ST_CLERK         1850                                                                                                                                                             
Curtis           3100 ST_CLERK         2350                                                                                                                                                             
Trenna           3500 ST_CLERK         2750                                                                                                                                                             
Peter            2500 ST_CLERK         1750                                                                                                                                                             
Kevin            5800 ST_MAN           5365                                                                                                                                                             

20 rows selected.

SQL> SELECT DEPARTMENT__ID , JOB_ID , FIRST_NAME , SALARY FROM EMPLOYEES ORDER BY 1,2;
SELECT DEPARTMENT__ID , JOB_ID , FIRST_NAME , SALARY FROM EMPLOYEES ORDER BY 1,2
       *
ERROR at line 1:
ORA-00904: "DEPARTMENT__ID": invalid identifier 


SQL> SELECT DEPARTMENT_ID , JOB_ID , FIRST_NAME , SALARY FROM EMPLOYEES ORDER BY 1,2;

DEPARTMENT_ID JOB_ID     FIRST_NAME     SALARY                                                                                                                                                          
------------- ---------- ---------- ----------                                                                                                                                                          
           10 AD_ASST    Jennifer         4400                                                                                                                                                          
           20 MK_MAN     Michael         13000                                                                                                                                                          
           20 MK_REP     Pat              6000                                                                                                                                                          
           50 ST_CLERK   Trenna           3500                                                                                                                                                          
           50 ST_CLERK   Peter            2500                                                                                                                                                          
           50 ST_CLERK   Randall          2600                                                                                                                                                          
           50 ST_CLERK   Curtis           3100                                                                                                                                                          
           50 ST_MAN     Kevin            5800                                                                                                                                                          
           60 IT_PROG    Diana            4200                                                                                                                                                          
           60 IT_PROG    Bruce            6000                                                                                                                                                          
           60 IT_PROG    Alexander        9000                                                                                                                                                          
           80 SA_MAN     Eleni           10500                                                                                                                                                          
           80 SA_REP     Ellen           11000                                                                                                                                                          
           80 SA_REP     Jonathon         8600                                                                                                                                                          
           90 AD_PRES    Steven          24000                                                                                                                                                          
           90 AD_VP      Lex             17000                                                                                                                                                          
           90 AD_VP      Neena           17000                                                                                                                                                          
          110 AC_ACCOUNT William          8300                                                                                                                                                          
          110 AC_MGR     Shelley         12000                                                                                                                                                          
              SA_REP     Kimerely         7000                                                                                                                                                          

20 rows selected.

SQL> REM INCREMENT BASED ON DEPARTMENT_ID AND JOB_ID COMBINATIONS : 50 ST_CLERK 40% , 80 SA_REP 30% , 90 AD_VP 20% , REMAINING 10%
SQL>
SQL> SELECT FIRST_NAME , DEPARTMENT_ID , JOB_ID , SALARY , DECODE(DEPARTMENT_ID||JOB_ID , '50ST_CLERK' , SALARY*1.4 , '80SA_REP' , SALARY*1.3 , '90AD_VP' , SALARY*1.2 , SALARY*1.1) "NEW SALARY" FROM EMPLOYEES;
SQL>
SQL> REM 1 || 2 CONCAT
SQL> 
SQL> REM CASE :
SQL> 
SQL> SELECT FIRST_NAME , DEPARTMENT_ID , SALARY ,
  2  DECODE ( DEPARTMENT_ID , 20 , SALARY + 2000
  3                         , 50 , SALARY + 1500
  4                         , 80 , SALARY + 1000 , SALARY + 750) NEW_SALARY
  5  FROM EMPLOYEES
  6  ORDER BY 2
  7  
SQL> 
SQL> 
SQL> SELECT FIRST_NAME , DEPARTMENT_ID , SALARY ,
  2  CASE DEPARTMENT_ID WHEN 20 THEN SALARY + 2000
  3                     WHEN 50 THEN SALARY + 1500
  4                     WHEN 80 THEN SALARY + 1000 ELSE SALARY + 750 END NEW_SALARY
  5  FROM EMPLOYEES
  6  ORDER BY 2;

FIRST_NAME DEPARTMENT_ID     SALARY NEW_SALARY                                                                                                                                                          
---------- ------------- ---------- ----------                                                                                                                                                          
Jennifer              10       4400       5150                                                                                                                                                          
Michael               20      13000      15000                                                                                                                                                          
Pat                   20       6000       8000                                                                                                                                                          
Kevin                 50       5800       7300                                                                                                                                                          
Peter                 50       2500       4000                                                                                                                                                          
Randall               50       2600       4100                                                                                                                                                          
Curtis                50       3100       4600                                                                                                                                                          
Trenna                50       3500       5000                                                                                                                                                          
Diana                 60       4200       4950                                                                                                                                                          
Bruce                 60       6000       6750                                                                                                                                                          
Alexander             60       9000       9750                                                                                                                                                          
Ellen                 80      11000      12000                                                                                                                                                          
Eleni                 80      10500      11500                                                                                                                                                          
Jonathon              80       8600       9600                                                                                                                                                          
Lex                   90      17000      17750                                                                                                                                                          
Steven                90      24000      24750                                                                                                                                                          
Neena                 90      17000      17750                                                                                                                                                          
William              110       8300       9050                                                                                                                                                          
Shelley              110      12000      12750                                                                                                                                                          
Kimerely                       7000       7750                                                                                                                                                          

20 rows selected.

SQL> SELECT * FROM EMPLOYEES;

EMPLOYEE_ID FIRST_NAME LAST_NAME  EMAIL      PHONE_NUMBER         HIRE_DATE JOB_ID         SALARY COMMISSION_PCT MANAGER_ID DEPARTMENT_ID                                                               
----------- ---------- ---------- ---------- -------------------- --------- ---------- ---------- -------------- ---------- -------------                                                               
        100 Steven     King       SKING      515.123.4567         17-JUL-87 AD_PRES         24000                                      90                                                               
        101 Neena      Kochhar    NKOCHHAR   515.123.4568         21-SEP-89 AD_VP           17000                       100            90                                                               
        102 Lex        De Haan    LDEHAAN    515.123.4569         13-JAN-93 AD_VP           17000                       100            90                                                               
        103 Alexander  Hunold     AHUNOLD    590.423.4567         03-JAN-90 IT_PROG          9000                       102            60                                                               
        104 Bruce      Ernst      BERNST     590.423.4568         21-MAY-91 IT_PROG          6000                       103            60                                                               
        107 Diana      Lorentz    DLORENTZ   590.423.5567         07-FEB-99 IT_PROG          4200                       103            60                                                               
        124 Kevin      Mourgos    KMOURGOS   650.123.5234         16-NOV-99 ST_MAN           5800                       100            50                                                               
        141 Trenna     Rajs       TRAJS      650.121.8009         17-OCT-95 ST_CLERK         3500                       124            50                                                               
        142 Curtis     Davies     CDAVIES    650.121.2994         29-JAN-97 ST_CLERK         3100                       124            50                                                               
        143 Randall    Matos      RMATOS     650.121.2874         15-MAR-98 ST_CLERK         2600                       124            50                                                               
        144 Peter      Vargas     PVARGAS    650.121.2004         09-JUL-98 ST_CLERK         2500                       124            50                                                               
        149 Eleni      Zlotkey    EZLOTKEY   011.44.1344.429018   29-JAN-00 SA_MAN          10500             .2        100            80                                                               
        174 Ellen      Abel       EABEL      011.44.1644.429267   11-MAY-96 SA_REP          11000             .3        149            80                                                               
        176 Jonathon   Taylor     JTAYLOR    011.44.1644.429265   24-MAR-98 SA_REP           8600             .3        149            80                                                               
        178 Kimerely   Grant      KGRANT     011.44.1644.429263   24-MAY-99 SA_REP           7000            .15        149                                                                             
        200 Jennifer   Whalen     JWHALEN    515.123.4444         17-SEP-87 AD_ASST          4400                       101            10                                                               
        201 Michael    Hartstein  MHARTSTE   515.123.5555         17-FEB-96 MK_MAN          13000                       100            20                                                               
        202 Pat        Fay        PFAY       603.123.6666         17-AUG-97 MK_REP           6000                       201            20                                                               
        205 Shelley    Higgins    SHIGGINS   515.123.8080         07-JUN-94 AC_MGR          12000                       101           110                                                               
        206 William    Gietz      WGIETZ     515.123.8181         07-JUN-94 AC_ACCOUNT       8300                       205           110                                                               

20 rows selected.

SQL> REM INCREMENT/DECREMENT BASED ON MANAGER_ID : 124 +1500 , 149 -500 , 100 +12.5% , REMAINING -7.5%
SQL> 
SQL> REM 1 DECODE 2 CASE
SQL> 
SQL> SELECT FIRST_NAME , MANAGER_ID , SALARY ,
  2  DECODE(MANAGER_ID , 124 , SALARY + 1500
  3                    , 149 , SALARY - 500
  4                    , 100 , SALARY * 1.125 , SALARY * 0.925) NEW_SALARY
  5  FROM EMPLOYEES
  6  ORDER BY 2;

FIRST_NAME MANAGER_ID     SALARY NEW_SALARY                                                                                                                                                             
---------- ---------- ---------- ----------                                                                                                                                                             
Michael           100      13000      14625                                                                                                                                                             
Neena             100      17000      19125                                                                                                                                                             
Lex               100      17000      19125                                                                                                                                                             
Eleni             100      10500    11812.5                                                                                                                                                             
Kevin             100       5800       6525                                                                                                                                                             
Shelley           101      12000      11100                                                                                                                                                             
Jennifer          101       4400       4070                                                                                                                                                             
Alexander         102       9000       8325                                                                                                                                                             
Bruce             103       6000       5550                                                                                                                                                             
Diana             103       4200       3885                                                                                                                                                             
Curtis            124       3100       4600                                                                                                                                                             
Randall           124       2600       4100                                                                                                                                                             
Peter             124       2500       4000                                                                                                                                                             
Trenna            124       3500       5000                                                                                                                                                             
Kimerely          149       7000       6500                                                                                                                                                             
Ellen             149      11000      10500                                                                                                                                                             
Jonathon          149       8600       8100                                                                                                                                                             
Pat               201       6000       5550                                                                                                                                                             
William           205       8300     7677.5                                                                                                                                                             
Steven                     24000      22200                                                                                                                                                             

20 rows selected.

SQL> SELECT FIRST_NAME , MANAGER_ID , SALARY ,
  2  CASE MANAGER_ID WHEN 124 THEN SALARY + 1500
  3                  WHEN 149 THEN SALARY - 500
  4                  WHEN 100 THEN SALARY * 1.125 ELSE SALARY * 0.925 END NEW_SALARY
  5  FROM EMPLOYEES
  6  ORDER BY 2;

FIRST_NAME MANAGER_ID     SALARY NEW_SALARY                                                                                                                                                             
---------- ---------- ---------- ----------                                                                                                                                                             
Michael           100      13000      14625                                                                                                                                                             
Neena             100      17000      19125                                                                                                                                                             
Lex               100      17000      19125                                                                                                                                                             
Eleni             100      10500    11812.5                                                                                                                                                             
Kevin             100       5800       6525                                                                                                                                                             
Shelley           101      12000      11100                                                                                                                                                             
Jennifer          101       4400       4070                                                                                                                                                             
Alexander         102       9000       8325                                                                                                                                                             
Bruce             103       6000       5550                                                                                                                                                             
Diana             103       4200       3885                                                                                                                                                             
Curtis            124       3100       4600                                                                                                                                                             
Randall           124       2600       4100                                                                                                                                                             
Peter             124       2500       4000                                                                                                                                                             
Trenna            124       3500       5000                                                                                                                                                             
Kimerely          149       7000       6500                                                                                                                                                             
Ellen             149      11000      10500                                                                                                                                                             
Jonathon          149       8600       8100                                                                                                                                                             
Pat               201       6000       5550                                                                                                                                                             
William           205       8300     7677.5                                                                                                                                                             
Steven                     24000      22200                                                                                                                                                             

20 rows selected.

SQL> SELECT DEPARTMENT_ID , MANAGER_ID , JOB_ID , LAST_NAME FROM EMPLOYEES ORDER BY 1,2,3;

DEPARTMENT_ID MANAGER_ID JOB_ID     LAST_NAME                                                                                                                                                           
------------- ---------- ---------- ----------                                                                                                                                                          
           10        101 AD_ASST    Whalen                                                                                                                                                              
           20        100 MK_MAN     Hartstein                                                                                                                                                           
           20        201 MK_REP     Fay                                                                                                                                                                 
           50        100 ST_MAN     Mourgos                                                                                                                                                             
           50        124 ST_CLERK   Davies                                                                                                                                                              
           50        124 ST_CLERK   Vargas                                                                                                                                                              
           50        124 ST_CLERK   Matos                                                                                                                                                               
           50        124 ST_CLERK   Rajs                                                                                                                                                                
           60        102 IT_PROG    Hunold                                                                                                                                                              
           60        103 IT_PROG    Lorentz                                                                                                                                                             
           60        103 IT_PROG    Ernst                                                                                                                                                               
           80        100 SA_MAN     Zlotkey                                                                                                                                                             
           80        149 SA_REP     Abel                                                                                                                                                                
           80        149 SA_REP     Taylor                                                                                                                                                              
           90        100 AD_VP      De Haan                                                                                                                                                             
           90        100 AD_VP      Kochhar                                                                                                                                                             
           90            AD_PRES    King                                                                                                                                                                
          110        101 AC_MGR     Higgins                                                                                                                                                             
          110        205 AC_ACCOUNT Gietz                                                                                                                                                               
                     149 SA_REP     Grant                                                                                                                                                               

20 rows selected.

SQL> REM 50 124 ST_CLERK  40%         60 103 IT_PROG   -20%       REMAINING -750
SQL> 
SQL> 
SQL> REM 1 DECODE + CONCAT  2 CASE ||
SQL> 
SQL> SELECT * FROM EMPLOYEES;

EMPLOYEE_ID FIRST_NAME LAST_NAME  EMAIL      PHONE_NUMBER         HIRE_DATE JOB_ID         SALARY COMMISSION_PCT MANAGER_ID DEPARTMENT_ID                                                               
----------- ---------- ---------- ---------- -------------------- --------- ---------- ---------- -------------- ---------- -------------                                                               
        100 Steven     King       SKING      515.123.4567         17-JUL-87 AD_PRES         24000                                      90                                                               
        101 Neena      Kochhar    NKOCHHAR   515.123.4568         21-SEP-89 AD_VP           17000                       100            90                                                               
        102 Lex        De Haan    LDEHAAN    515.123.4569         13-JAN-93 AD_VP           17000                       100            90                                                               
        103 Alexander  Hunold     AHUNOLD    590.423.4567         03-JAN-90 IT_PROG          9000                       102            60                                                               
        104 Bruce      Ernst      BERNST     590.423.4568         21-MAY-91 IT_PROG          6000                       103            60                                                               
        107 Diana      Lorentz    DLORENTZ   590.423.5567         07-FEB-99 IT_PROG          4200                       103            60                                                               
        124 Kevin      Mourgos    KMOURGOS   650.123.5234         16-NOV-99 ST_MAN           5800                       100            50                                                               
        141 Trenna     Rajs       TRAJS      650.121.8009         17-OCT-95 ST_CLERK         3500                       124            50                                                               
        142 Curtis     Davies     CDAVIES    650.121.2994         29-JAN-97 ST_CLERK         3100                       124            50                                                               
        143 Randall    Matos      RMATOS     650.121.2874         15-MAR-98 ST_CLERK         2600                       124            50                                                               
        144 Peter      Vargas     PVARGAS    650.121.2004         09-JUL-98 ST_CLERK         2500                       124            50                                                               
        149 Eleni      Zlotkey    EZLOTKEY   011.44.1344.429018   29-JAN-00 SA_MAN          10500             .2        100            80                                                               
        174 Ellen      Abel       EABEL      011.44.1644.429267   11-MAY-96 SA_REP          11000             .3        149            80                                                               
        176 Jonathon   Taylor     JTAYLOR    011.44.1644.429265   24-MAR-98 SA_REP           8600             .3        149            80                                                               
        178 Kimerely   Grant      KGRANT     011.44.1644.429263   24-MAY-99 SA_REP           7000            .15        149                                                                             
        200 Jennifer   Whalen     JWHALEN    515.123.4444         17-SEP-87 AD_ASST          4400                       101            10                                                               
        201 Michael    Hartstein  MHARTSTE   515.123.5555         17-FEB-96 MK_MAN          13000                       100            20                                                               
        202 Pat        Fay        PFAY       603.123.6666         17-AUG-97 MK_REP           6000                       201            20                                                               
        205 Shelley    Higgins    SHIGGINS   515.123.8080         07-JUN-94 AC_MGR          12000                       101           110                                                               
        206 William    Gietz      WGIETZ     515.123.8181         07-JUN-94 AC_ACCOUNT       8300                       205           110                                                               

20 rows selected.

SQL> SELECT FIRST_NAME , DEPARTMENT_ID , MANAGER_ID , JOB_ID , SALARY ,
  2  DECODE (CONCAT(CONCAT(DEPARTMENT_ID,MANAGER_ID),JOB_ID), '50124ST_CLERK' , SALARY * 1.4
  3                                                         , '60103IT_PROG'  , SALARY * .8   , SALARY - 750) NEW_SALARY
  4  FROM EMPLOYEES
  5  ORDER BY 1,2,3;

FIRST_NAME DEPARTMENT_ID MANAGER_ID JOB_ID         SALARY NEW_SALARY                                                                                                                                    
---------- ------------- ---------- ---------- ---------- ----------                                                                                                                                    
Alexander             60        102 IT_PROG          9000       8250                                                                                                                                    
Bruce                 60        103 IT_PROG          6000       4800                                                                                                                                    
Curtis                50        124 ST_CLERK         3100       4340                                                                                                                                    
Diana                 60        103 IT_PROG          4200       3360                                                                                                                                    
Eleni                 80        100 SA_MAN          10500       9750                                                                                                                                    
Ellen                 80        149 SA_REP          11000      10250                                                                                                                                    
Jennifer              10        101 AD_ASST          4400       3650                                                                                                                                    
Jonathon              80        149 SA_REP           8600       7850                                                                                                                                    
Kevin                 50        100 ST_MAN           5800       5050                                                                                                                                    
Kimerely                        149 SA_REP           7000       6250                                                                                                                                    
Lex                   90        100 AD_VP           17000      16250                                                                                                                                    
Michael               20        100 MK_MAN          13000      12250                                                                                                                                    
Neena                 90        100 AD_VP           17000      16250                                                                                                                                    
Pat                   20        201 MK_REP           6000       5250                                                                                                                                    
Peter                 50        124 ST_CLERK         2500       3500                                                                                                                                    
Randall               50        124 ST_CLERK         2600       3640                                                                                                                                    
Shelley              110        101 AC_MGR          12000      11250                                                                                                                                    
Steven                90            AD_PRES         24000      23250                                                                                                                                    
Trenna                50        124 ST_CLERK         3500       4900                                                                                                                                    
William              110        205 AC_ACCOUNT       8300       7550                                                                                                                                    

20 rows selected.

SQL> SELECT FIRST_NAME , DEPARTMENT_ID , MANAGER_ID , JOB_ID , SALARY ,
  2  CASE DEPARTMENT_ID || MANAGER_ID || JOB_ID WHEN '50124ST_CLERK' THEN SALARY * 1.4
  3                                             WHEN '60103IT_PROG'  THEN SALARY * .8  ELSE SALARY - 750 END NEW_SALARY
  4  FROM EMPLOYEES
  5  ORDER BY 1,2,3;

FIRST_NAME DEPARTMENT_ID MANAGER_ID JOB_ID         SALARY NEW_SALARY                                                                                                                                    
---------- ------------- ---------- ---------- ---------- ----------                                                                                                                                    
Alexander             60        102 IT_PROG          9000       8250                                                                                                                                    
Bruce                 60        103 IT_PROG          6000       4800                                                                                                                                    
Curtis                50        124 ST_CLERK         3100       4340                                                                                                                                    
Diana                 60        103 IT_PROG          4200       3360                                                                                                                                    
Eleni                 80        100 SA_MAN          10500       9750                                                                                                                                    
Ellen                 80        149 SA_REP          11000      10250                                                                                                                                    
Jennifer              10        101 AD_ASST          4400       3650                                                                                                                                    
Jonathon              80        149 SA_REP           8600       7850                                                                                                                                    
Kevin                 50        100 ST_MAN           5800       5050                                                                                                                                    
Kimerely                        149 SA_REP           7000       6250                                                                                                                                    
Lex                   90        100 AD_VP           17000      16250                                                                                                                                    
Michael               20        100 MK_MAN          13000      12250                                                                                                                                    
Neena                 90        100 AD_VP           17000      16250                                                                                                                                    
Pat                   20        201 MK_REP           6000       5250                                                                                                                                    
Peter                 50        124 ST_CLERK         2500       3500                                                                                                                                    
Randall               50        124 ST_CLERK         2600       3640                                                                                                                                    
Shelley              110        101 AC_MGR          12000      11250                                                                                                                                    
Steven                90            AD_PRES         24000      23250                                                                                                                                    
Trenna                50        124 ST_CLERK         3500       4900                                                                                                                                    
William              110        205 AC_ACCOUNT       8300       7550                                                                                                                                    

20 rows selected.

SQL> REM CASE WHEN ... IS STILL TO BE DONE.
SQL> 
SQL> SPOOL OFF
=========================================================================================================================
=========================================================================================================================
=========================================================================================================================
=========================================================================================================================
=========================================================================================================================
=========================================================================================================================
=========================================================================================================================
=========================================================================================================================
=========================================================================================================================
=========================================================================================================================
==============================================================================================================
                                              CH=4-3
SQL> 
SQL> CL SCR

SQL> REM CONDITIONAL FUNCTIONS : 1 DECODE 2 CASE ... WHEN 3 CASE WHEN ...
SQL> 
SQL> REM CASE WHEN condition1 THEN action1 WHEN condition2 THEN action2 ... ELSE actionN END
SQL> 
SQL> SELECT * FROM EMPLOYEES;

EMPLOYEE_ID FIRST_NAME LAST_NAME  EMAIL      PHONE_NUMBER         HIRE_DATE JOB_ID         SALARY COMMISSION_PCT MANAGER_ID DEPARTMENT_ID                                                               
----------- ---------- ---------- ---------- -------------------- --------- ---------- ---------- -------------- ---------- -------------                                                               
        100 Steven     King       SKING      515.123.4567         17-JUL-87 AD_PRES         24000                                      90                                                               
        101 Neena      Kochhar    NKOCHHAR   515.123.4568         21-SEP-89 AD_VP           17000                       100            90                                                               
        102 Lex        De Haan    LDEHAAN    515.123.4569         13-JAN-93 AD_VP           17000                       100            90                                                               
        103 Alexander  Hunold     AHUNOLD    590.423.4567         03-JAN-90 IT_PROG          9000                       102            60                                                               
        104 Bruce      Ernst      BERNST     590.423.4568         21-MAY-91 IT_PROG          6000                       103            60                                                               
        107 Diana      Lorentz    DLORENTZ   590.423.5567         07-FEB-99 IT_PROG          4200                       103            60                                                               
        124 Kevin      Mourgos    KMOURGOS   650.123.5234         16-NOV-99 ST_MAN           5800                       100            50                                                               
        141 Trenna     Rajs       TRAJS      650.121.8009         17-OCT-95 ST_CLERK         3500                       124            50                                                               
        142 Curtis     Davies     CDAVIES    650.121.2994         29-JAN-97 ST_CLERK         3100                       124            50                                                               
        143 Randall    Matos      RMATOS     650.121.2874         15-MAR-98 ST_CLERK         2600                       124            50                                                               
        144 Peter      Vargas     PVARGAS    650.121.2004         09-JUL-98 ST_CLERK         2500                       124            50                                                               
        149 Eleni      Zlotkey    EZLOTKEY   011.44.1344.429018   29-JAN-00 SA_MAN          10500             .2        100            80                                                               
        174 Ellen      Abel       EABEL      011.44.1644.429267   11-MAY-96 SA_REP          11000             .3        149            80                                                               
        176 Jonathon   Taylor     JTAYLOR    011.44.1644.429265   24-MAR-98 SA_REP           8600             .3        149            80                                                               
        178 Kimerely   Grant      KGRANT     011.44.1644.429263   24-MAY-99 SA_REP           7000            .15        149                                                                             
        200 Jennifer   Whalen     JWHALEN    515.123.4444         17-SEP-87 AD_ASST          4400                       101            10                                                               
        201 Michael    Hartstein  MHARTSTE   515.123.5555         17-FEB-96 MK_MAN          13000                       100            20                                                               
        202 Pat        Fay        PFAY       603.123.6666         17-AUG-97 MK_REP           6000                       201            20                                                               
        205 Shelley    Higgins    SHIGGINS   515.123.8080         07-JUN-94 AC_MGR          12000                       101           110                                                               
        206 William    Gietz      WGIETZ     515.123.8181         07-JUN-94 AC_ACCOUNT       8300                       205           110                                                               

20 rows selected.

SQL> REM SALARY : 0-6000 40% , 6001-10000 30% , 10001-13000 20% , REMAINING 10% INCREMENT
SQL> 
SQL> 
SQL> SELECT FIRST_NAME , SALARY ,
  2  CASE WHEN SALARY BETWEEN     0 AND  6000 THEN SALARY * 1.4
  3       WHEN SALARY BETWEEN  6001 AND 10000 THEN SALARY * 1.3
  4       WHEN SALARY BETWEEN 10001 AND 14000 THEN SALARY * 1.2 ELSE SALARY * 1.1 END NEW_SALARY
  5  FROM EMPLOYEES
  6  ORDER BY 2;

FIRST_NAME     SALARY NEW_SALARY                                                                                                                                                                        
---------- ---------- ----------                                                                                                                                                                        
Peter            2500       3500                                                                                                                                                                        
Randall          2600       3640                                                                                                                                                                        
Curtis           3100       4340                                                                                                                                                                        
Trenna           3500       4900                                                                                                                                                                        
Diana            4200       5880                                                                                                                                                                        
Jennifer         4400       6160                                                                                                                                                                        
Kevin            5800       8120                                                                                                                                                                        
Bruce            6000       8400                                                                                                                                                                        
Pat              6000       8400                                                                                                                                                                        
Kimerely         7000       9100                                                                                                                                                                        
William          8300      10790                                                                                                                                                                        
Jonathon         8600      11180                                                                                                                                                                        
Alexander        9000      11700                                                                                                                                                                        
Eleni           10500      12600                                                                                                                                                                        
Ellen           11000      13200                                                                                                                                                                        
Shelley         12000      14400                                                                                                                                                                        
Michael         13000      15600                                                                                                                                                                        
Neena           17000      18700                                                                                                                                                                        
Lex             17000      18700                                                                                                                                                                        
Steven          24000      26400                                                                                                                                                                        

20 rows selected.

SQL> SELECT FIRST_NAME , SALARY ,
  2  CASE WHEN SALARY BETWEEN     0 AND  6000 THEN SALARY * 1.4
  3       WHEN SALARY BETWEEN  6001 AND 10000 THEN SALARY * 1.3
  4       WHEN SALARY BETWEEN 10001 AND 13000 THEN SALARY * 1.2 ELSE SALARY * 1.1 END NEW_SALARY
  5  FROM EMPLOYEES
  6  ORDER BY 2;

FIRST_NAME     SALARY NEW_SALARY                                                                                                                                                                        
---------- ---------- ----------                                                                                                                                                                        
Peter            2500       3500                                                                                                                                                                        
Randall          2600       3640                                                                                                                                                                        
Curtis           3100       4340                                                                                                                                                                        
Trenna           3500       4900                                                                                                                                                                        
Diana            4200       5880                                                                                                                                                                        
Jennifer         4400       6160                                                                                                                                                                        
Kevin            5800       8120                                                                                                                                                                        
Bruce            6000       8400                                                                                                                                                                        
Pat              6000       8400                                                                                                                                                                        
Kimerely         7000       9100                                                                                                                                                                        
William          8300      10790                                                                                                                                                                        
Jonathon         8600      11180                                                                                                                                                                        
Alexander        9000      11700                                                                                                                                                                        
Eleni           10500      12600                                                                                                                                                                        
Ellen           11000      13200                                                                                                                                                                        
Shelley         12000      14400                                                                                                                                                                        
Michael         13000      15600                                                                                                                                                                        
Neena           17000      18700                                                                                                                                                                        
Lex             17000      18700                                                                                                                                                                        
Steven          24000      26400                                                                                                                                                                        

20 rows selected.

SQL> REM JOB_ID : IT_PROG ST_CLERK +2000 , SA_REP AD_VP AC_ACCOUNT +1500 , MK_REP MK_MAN AD_ASST +1000 , REMAINING +50
SQL> 
SQL> SELECT FIRST_NAME , JOB_ID , SALARY ,
  2  CASE WHEN JOB_ID IN ('IT_PROG','ST_CLERK') THEN SALARY + 2000
  3       WHEN JOB_ID = ANY ('SA_REP','AD_VP','AC_ACCOUNT') THEN SALARY + 1500
  4       WHEN JOB_ID = 'MK_REP' OR JOB_ID = 'MK_MAN' OR JOB_ID = 'AD_ASST') THEN SALARY + 1000 ELSE SALARY + 500 END NEW_SALARY
  5  FROM EMPLOYEES
  6  ORDER BY 2;
     WHEN JOB_ID = 'MK_REP' OR JOB_ID = 'MK_MAN' OR JOB_ID = 'AD_ASST') THEN SALARY + 1000 ELSE SALARY + 500 END NEW_SALARY
                                                                      *
ERROR at line 4:
ORA-00905: missing keyword 


SQL> CASE WHEN JOB_ID IN ('IT_PROG','ST_CLERK') THEN SALARY + 2000
SP2-0734: unknown command beginning "CASE WHEN ..." - rest of line ignored.
SQL> 
SQL> SELECT FIRST_NAME , JOB_ID , SALARY ,
  2  CASE WHEN JOB_ID IN ('IT_PROG','ST_CLERK') THEN SALARY + 2000
  3       WHEN JOB_ID = ANY ('SA_REP','AD_VP','AC_ACCOUNT') THEN SALARY + 1500
  4       WHEN JOB_ID = 'MK_REP' OR JOB_ID = 'MK_MAN' OR JOB_ID = 'AD_ASST' THEN SALARY + 1000 ELSE SALARY + 500 END NEW_SALARY
  5  FROM EMPLOYEES
  6  ORDER BY 2;

FIRST_NAME JOB_ID         SALARY NEW_SALARY                                                                                                                                                             
---------- ---------- ---------- ----------                                                                                                                                                             
William    AC_ACCOUNT       8300       9800                                                                                                                                                             
Shelley    AC_MGR          12000      12500                                                                                                                                                             
Jennifer   AD_ASST          4400       5400                                                                                                                                                             
Steven     AD_PRES         24000      24500                                                                                                                                                             
Lex        AD_VP           17000      18500                                                                                                                                                             
Neena      AD_VP           17000      18500                                                                                                                                                             
Alexander  IT_PROG          9000      11000                                                                                                                                                             
Bruce      IT_PROG          6000       8000                                                                                                                                                             
Diana      IT_PROG          4200       6200                                                                                                                                                             
Michael    MK_MAN          13000      14000                                                                                                                                                             
Pat        MK_REP           6000       7000                                                                                                                                                             
Eleni      SA_MAN          10500      11000                                                                                                                                                             
Ellen      SA_REP          11000      12500                                                                                                                                                             
Kimerely   SA_REP           7000       8500                                                                                                                                                             
Jonathon   SA_REP           8600      10100                                                                                                                                                             
Randall    ST_CLERK         2600       4600                                                                                                                                                             
Curtis     ST_CLERK         3100       5100                                                                                                                                                             
Trenna     ST_CLERK         3500       5500                                                                                                                                                             
Peter      ST_CLERK         2500       4500                                                                                                                                                             
Kevin      ST_MAN           5800       6300                                                                                                                                                             

20 rows selected.

SQL> SELECT * FROM EMPLOYEES;

EMPLOYEE_ID FIRST_NAME LAST_NAME  EMAIL      PHONE_NUMBER         HIRE_DATE JOB_ID         SALARY COMMISSION_PCT MANAGER_ID DEPARTMENT_ID                                                               
----------- ---------- ---------- ---------- -------------------- --------- ---------- ---------- -------------- ---------- -------------                                                               
        100 Steven     King       SKING      515.123.4567         17-JUL-87 AD_PRES         24000                                      90                                                               
        101 Neena      Kochhar    NKOCHHAR   515.123.4568         21-SEP-89 AD_VP           17000                       100            90                                                               
        102 Lex        De Haan    LDEHAAN    515.123.4569         13-JAN-93 AD_VP           17000                       100            90                                                               
        103 Alexander  Hunold     AHUNOLD    590.423.4567         03-JAN-90 IT_PROG          9000                       102            60                                                               
        104 Bruce      Ernst      BERNST     590.423.4568         21-MAY-91 IT_PROG          6000                       103            60                                                               
        107 Diana      Lorentz    DLORENTZ   590.423.5567         07-FEB-99 IT_PROG          4200                       103            60                                                               
        124 Kevin      Mourgos    KMOURGOS   650.123.5234         16-NOV-99 ST_MAN           5800                       100            50                                                               
        141 Trenna     Rajs       TRAJS      650.121.8009         17-OCT-95 ST_CLERK         3500                       124            50                                                               
        142 Curtis     Davies     CDAVIES    650.121.2994         29-JAN-97 ST_CLERK         3100                       124            50                                                               
        143 Randall    Matos      RMATOS     650.121.2874         15-MAR-98 ST_CLERK         2600                       124            50                                                               
        144 Peter      Vargas     PVARGAS    650.121.2004         09-JUL-98 ST_CLERK         2500                       124            50                                                               
        149 Eleni      Zlotkey    EZLOTKEY   011.44.1344.429018   29-JAN-00 SA_MAN          10500             .2        100            80                                                               
        174 Ellen      Abel       EABEL      011.44.1644.429267   11-MAY-96 SA_REP          11000             .3        149            80                                                               
        176 Jonathon   Taylor     JTAYLOR    011.44.1644.429265   24-MAR-98 SA_REP           8600             .3        149            80                                                               
        178 Kimerely   Grant      KGRANT     011.44.1644.429263   24-MAY-99 SA_REP           7000            .15        149                                                                             
        200 Jennifer   Whalen     JWHALEN    515.123.4444         17-SEP-87 AD_ASST          4400                       101            10                                                               
        201 Michael    Hartstein  MHARTSTE   515.123.5555         17-FEB-96 MK_MAN          13000                       100            20                                                               
        202 Pat        Fay        PFAY       603.123.6666         17-AUG-97 MK_REP           6000                       201            20                                                               
        205 Shelley    Higgins    SHIGGINS   515.123.8080         07-JUN-94 AC_MGR          12000                       101           110                                                               
        206 William    Gietz      WGIETZ     515.123.8181         07-JUN-94 AC_ACCOUNT       8300                       205           110                                                               

20 rows selected.

SQL> REM HIRE YEAR : UPTO 90 40% , 91-94 30% , 95-98 20% , 99 ONWARDS 10%
SQL> 
SQL> REM HIRE YEAR : UPTO 90 40% , 91-94 30% , 95-98 20% , 99 ONWARDS 10% (DON'T USE BETWEEN)
SQL> 
SQL> SELECT FIRST_NAME , HIRE_DATE , SALARY ,
  2  CASE WHEN HIRE_DATE <='31DEC90' THEN SALARY*1.4
  3           WHEN HIRE_DATE >='01JAN91' AND HIRE_DATE<='31DEC94' THEN SALARY*1.3
  4           WHEN HIRE_DATE >='01JAN95' AND HIRE_DATE <='31DEC98' THEN SALARY*1.2
  5           ELSE SALARY*1.1 END NEW_SALARY FROM EMPLOYEES ;

FIRST_NAME HIRE_DATE     SALARY NEW_SALARY                                                                                                                                                              
---------- --------- ---------- ----------                                                                                                                                                              
Steven     17-JUL-87      24000      33600                                                                                                                                                              
Neena      21-SEP-89      17000      23800                                                                                                                                                              
Lex        13-JAN-93      17000      22100                                                                                                                                                              
Alexander  03-JAN-90       9000      12600                                                                                                                                                              
Bruce      21-MAY-91       6000       7800                                                                                                                                                              
Diana      07-FEB-99       4200       4620                                                                                                                                                              
Kevin      16-NOV-99       5800       6380                                                                                                                                                              
Trenna     17-OCT-95       3500       4200                                                                                                                                                              
Curtis     29-JAN-97       3100       3720                                                                                                                                                              
Randall    15-MAR-98       2600       3120                                                                                                                                                              
Peter      09-JUL-98       2500       3000                                                                                                                                                              
Eleni      29-JAN-00      10500      11550                                                                                                                                                              
Ellen      11-MAY-96      11000      13200                                                                                                                                                              
Jonathon   24-MAR-98       8600      10320                                                                                                                                                              
Kimerely   24-MAY-99       7000       7700                                                                                                                                                              
Jennifer   17-SEP-87       4400       6160                                                                                                                                                              
Michael    17-FEB-96      13000      15600                                                                                                                                                              
Pat        17-AUG-97       6000       7200                                                                                                                                                              
Shelley    07-JUN-94      12000      15600                                                                                                                                                              
William    07-JUN-94       8300      10790                                                                                                                                                              

20 rows selected.

SQL> SELECT FIRST_NAME , HIRE_DATE , SUBSTR(HIRE_DATE,-2) , SALARY , CASE
  2  WHEN SUBSTR(HIRE_DATE.-2) <=90 THEN SALARY*1.4
  3  WHEN SUBSTR(HIRE_DATE,-2) <94 AND SUBSTR(HIRE_DATE,-2) >90 THEN SALARY*1.3
  4  WHEN SUBSTR(HIRE_DATE,-2) <98 AND SUBSTR(HIRE_DATE,-2) >95 THEN SALARY*1.2
  5  ELSE SALARY*1.1
  6  FROM EMPLOYEES;
WHEN SUBSTR(HIRE_DATE.-2) <=90 THEN SALARY*1.4
                      *
ERROR at line 2:
ORA-01747: invalid user.table.column, table.column, or column specification 


SQL> SELECT FIRST_NAME , HIRE_DATE , SUBSTR(HIRE_DATE,-2) , SALARY , CASE
  2  WHEN SUBSTR(HIRE_DATE,-2) <=90 THEN SALARY*1.4
  3  WHEN SUBSTR(HIRE_DATE,-2) >90 AND SUBSTR(HIRE_DATE,-2) <95 THEN SALARY*1.3
  4  WHEN SUBSTR(HIRE_DATE,-2) >94 AND SUBSTR(HIRE_DATE,-2) <99 THEN SALARY*1.2 ELSE SALARY * 1.1 END NEW_SALARY
  5  FROM EMPLOYEES
  6  ORDER BY 2;

FIRST_NAME HIRE_DATE SUBSTR(H     SALARY NEW_SALARY                                                                                                                                                     
---------- --------- -------- ---------- ----------                                                                                                                                                     
Steven     17-JUL-87 87            24000      33600                                                                                                                                                     
Jennifer   17-SEP-87 87             4400       6160                                                                                                                                                     
Neena      21-SEP-89 89            17000      23800                                                                                                                                                     
Alexander  03-JAN-90 90             9000      12600                                                                                                                                                     
Bruce      21-MAY-91 91             6000       7800                                                                                                                                                     
Lex        13-JAN-93 93            17000      22100                                                                                                                                                     
Shelley    07-JUN-94 94            12000      15600                                                                                                                                                     
William    07-JUN-94 94             8300      10790                                                                                                                                                     
Trenna     17-OCT-95 95             3500       4200                                                                                                                                                     
Michael    17-FEB-96 96            13000      15600                                                                                                                                                     
Ellen      11-MAY-96 96            11000      13200                                                                                                                                                     
Curtis     29-JAN-97 97             3100       3720                                                                                                                                                     
Pat        17-AUG-97 97             6000       7200                                                                                                                                                     
Randall    15-MAR-98 98             2600       3120                                                                                                                                                     
Jonathon   24-MAR-98 98             8600      10320                                                                                                                                                     
Peter      09-JUL-98 98             2500       3000                                                                                                                                                     
Diana      07-FEB-99 99             4200       4620                                                                                                                                                     
Kimerely   24-MAY-99 99             7000       7700                                                                                                                                                     
Kevin      16-NOV-99 99             5800       6380                                                                                                                                                     
Eleni      29-JAN-00 00            10500      14700                                                                                                                                                     

20 rows selected.

SQL> SELECT * FROM EMPLOYEES;

EMPLOYEE_ID FIRST_NAME LAST_NAME  EMAIL      PHONE_NUMBER         HIRE_DATE JOB_ID         SALARY COMMISSION_PCT MANAGER_ID DEPARTMENT_ID                                                               
----------- ---------- ---------- ---------- -------------------- --------- ---------- ---------- -------------- ---------- -------------                                                               
        100 Steven     King       SKING      515.123.4567         17-JUL-87 AD_PRES         24000                                      90                                                               
        101 Neena      Kochhar    NKOCHHAR   515.123.4568         21-SEP-89 AD_VP           17000                       100            90                                                               
        102 Lex        De Haan    LDEHAAN    515.123.4569         13-JAN-93 AD_VP           17000                       100            90                                                               
        103 Alexander  Hunold     AHUNOLD    590.423.4567         03-JAN-90 IT_PROG          9000                       102            60                                                               
        104 Bruce      Ernst      BERNST     590.423.4568         21-MAY-91 IT_PROG          6000                       103            60                                                               
        107 Diana      Lorentz    DLORENTZ   590.423.5567         07-FEB-99 IT_PROG          4200                       103            60                                                               
        124 Kevin      Mourgos    KMOURGOS   650.123.5234         16-NOV-99 ST_MAN           5800                       100            50                                                               
        141 Trenna     Rajs       TRAJS      650.121.8009         17-OCT-95 ST_CLERK         3500                       124            50                                                               
        142 Curtis     Davies     CDAVIES    650.121.2994         29-JAN-97 ST_CLERK         3100                       124            50                                                               
        143 Randall    Matos      RMATOS     650.121.2874         15-MAR-98 ST_CLERK         2600                       124            50                                                               
        144 Peter      Vargas     PVARGAS    650.121.2004         09-JUL-98 ST_CLERK         2500                       124            50                                                               
        149 Eleni      Zlotkey    EZLOTKEY   011.44.1344.429018   29-JAN-00 SA_MAN          10500             .2        100            80                                                               
        174 Ellen      Abel       EABEL      011.44.1644.429267   11-MAY-96 SA_REP          11000             .3        149            80                                                               
        176 Jonathon   Taylor     JTAYLOR    011.44.1644.429265   24-MAR-98 SA_REP           8600             .3        149            80                                                               
        178 Kimerely   Grant      KGRANT     011.44.1644.429263   24-MAY-99 SA_REP           7000            .15        149                                                                             
        200 Jennifer   Whalen     JWHALEN    515.123.4444         17-SEP-87 AD_ASST          4400                       101            10                                                               
        201 Michael    Hartstein  MHARTSTE   515.123.5555         17-FEB-96 MK_MAN          13000                       100            20                                                               
        202 Pat        Fay        PFAY       603.123.6666         17-AUG-97 MK_REP           6000                       201            20                                                               
        205 Shelley    Higgins    SHIGGINS   515.123.8080         07-JUN-94 AC_MGR          12000                       101           110                                                               
        206 William    Gietz      WGIETZ     515.123.8181         07-JUN-94 AC_ACCOUNT       8300                       205           110                                                               

20 rows selected.

SQL> REM JOB_ID : _P 10% , _ P 20% , _  P 30% REMAINING 40%
SQL> 
SQL>  SELECT FIRST_NAME , SALARY ,
      CASE  WHEN JOB_ID LIKE '%*_P%' ESCAPE '*' THEN SALARY * 1.2 
            WHEN JOB_ID LIKE '%*__P%'ESCAPE '*' THEN SALARY * 1.1
            WHEN JOB_ID LIKE '%*___P%' ESCAPE '*' THEN SALARY * 1.3 ELSE SALARY * 1.4 END NEW_SALARY FROM EMPLOYEES ORDER BY 2;

FIRST_NAME     SALARY NEW_SALARY                                                                                                                                                                        
---------- ---------- ----------                                                                                                                                                                        
Peter            2500       3500                                                                                                                                                                        
Randall          2600       3640                                                                                                                                                                        
Curtis           3100       4340                                                                                                                                                                        
Trenna           3500       4900                                                                                                                                                                        
Diana            4200       5040                                                                                                                                                                        
Jennifer         4400       6160                                                                                                                                                                        
Kevin            5800       8120                                                                                                                                                                        
Bruce            6000       7200                                                                                                                                                                        
Pat              6000       7800                                                                                                                                                                        
Kimerely         7000       9100                                                                                                                                                                        
William          8300      11620                                                                                                                                                                        
Jonathon         8600      11180                                                                                                                                                                        
Alexander        9000      10800                                                                                                                                                                        
Eleni           10500      14700                                                                                                                                                                        
Ellen           11000      14300                                                                                                                                                                        
Shelley         12000      16800                                                                                                                                                                        
Michael         13000      18200                                                                                                                                                                        
Neena           17000      18700                                                                                                                                                                        
Lex             17000      18700                                                                                                                                                                        
Steven          24000      28800                                                                                                                                                                        

20 rows selected.

SQL> SELECT FIRST_NAME,JOB_ID,SALARY,CASE
  2  WHEN JOB_ID LIKE '%/P%' THEN (SALARY+SALARY*10/100)
  3  WHEN JOB_ID LIKE '%/P%' THEN (SALARY+SALARY*20/100)
  4  WHEN JOB_ID LIKE '%/__P%' THEN (SALARY+SALARY*30/100)
  5  ELSE (SALARY+SALARY*40/100)
  6  END NEW_SALARY ESCAPE'/'
  7  FROM EMPLOYEES
  8  ;
END NEW_SALARY ESCAPE'/'
               *
ERROR at line 6:
ORA-00923: FROM keyword not found where expected 


SQL> SELECT FIRST_NAME,JOB_ID,SALARY,CASE
  2  WHEN JOB_ID LIKE '%/_P%' ESCAPE '/' THEN (SALARY+SALARY*10/100)
  3  WHEN JOB_ID LIKE '%/__P%' ESCAPE '/' THEN (SALARY+SALARY*20/100)
  4  WHEN JOB_ID LIKE '%/___P%' ESCAPE '/' THEN (SALARY+SALARY*30/100) ELSE (SALARY+SALARY*40/100) END NEW_SALARY
  5  FROM EMPLOYEES
  6  ORDER BY JOB_ID;

FIRST_NAME JOB_ID         SALARY NEW_SALARY                                                                                                                                                             
---------- ---------- ---------- ----------                                                                                                                                                             
William    AC_ACCOUNT       8300      11620                                                                                                                                                             
Shelley    AC_MGR          12000      16800                                                                                                                                                             
Jennifer   AD_ASST          4400       6160                                                                                                                                                             
Steven     AD_PRES         24000      26400                                                                                                                                                             
Lex        AD_VP           17000      20400                                                                                                                                                             
Neena      AD_VP           17000      20400                                                                                                                                                             
Alexander  IT_PROG          9000       9900                                                                                                                                                             
Bruce      IT_PROG          6000       6600                                                                                                                                                             
Diana      IT_PROG          4200       4620                                                                                                                                                             
Michael    MK_MAN          13000      18200                                                                                                                                                             
Pat        MK_REP           6000       7800                                                                                                                                                             
Eleni      SA_MAN          10500      14700                                                                                                                                                             
Ellen      SA_REP          11000      14300                                                                                                                                                             
Kimerely   SA_REP           7000       9100                                                                                                                                                             
Jonathon   SA_REP           8600      11180                                                                                                                                                             
Randall    ST_CLERK         2600       3640                                                                                                                                                             
Curtis     ST_CLERK         3100       4340                                                                                                                                                             
Trenna     ST_CLERK         3500       4900                                                                                                                                                             
Peter      ST_CLERK         2500       3500                                                                                                                                                             
Kevin      ST_MAN           5800       8120                                                                                                                                                             

20 rows selected.

SQL> SELECT JOB_ID , SALARY ,WHEN THEN JOB_ID LIKE '$_P%' ESCAPE '$' THEN SALARY * 1.1 WHEN THEN JOB_ID LIKE '%$__P%' ESCAPE '$' THEN SALARY * 1.2 WHEN THEN JOB_ID LIKE '$___P' ESCAPE '$' THEN SALARY * 1.3 ELSE SALARY * 1.4 END NEW FROM EMPLOYEES;
SELECT JOB_ID , SALARY ,WHEN THEN JOB_ID LIKE '$_P%' ESCAPE '$' THEN SALARY * 1.1 WHEN THEN JOB_ID LIKE '%$__P%' ESCAPE '$' THEN SALARY * 1.2 WHEN THEN JOB_ID LIKE '$___P' ESCAPE '$' THEN SALARY * 1.3 ELSE SALARY * 1.4 END NEW FROM EMPLOYEES
                             *
ERROR at line 1:
ORA-00923: FROM keyword not found where expected 


SQL> SELECT JOB_ID , SALARY , CASE WHEN JOB_ID LIKE '%$_P%' ESCAPE '$' THEN SALARY * 1.1 WHENJOB_ID LIKE '%$__P%' ESCAPE '$' THEN SALARY * 1.2 WHEN JOB_ID LIKE '%$___P%' ESCAPE '$' THEN SALARY * 1.3 ELSE SALARY * 1.4 END NEW_SALARY FROM EMPLOYEES;
SELECT JOB_ID , SALARY , CASE WHEN JOB_ID LIKE '%$_P%' ESCAPE '$' THEN SALARY * 1.1 WHENJOB_ID LIKE '%$__P%' ESCAPE '$' THEN SALARY * 1.2 WHEN JOB_ID LIKE '%$___P%' ESCAPE '$' THEN SALARY * 1.3 ELSE SALARY * 1.4 END NEW_SALARY FROM EMPLOYEES
                                                                                    *
ERROR at line 1:
ORA-00905: missing keyword 


SQL> SELECT JOB_ID , SALARY , CASE WHEN JOB_ID LIKE '%$_P%' ESCAPE '$' THEN SALARY * 1.1 WHEN JOB_ID LIKE '%$__P%' ESCAPE '$' THEN SALARY * 1.2 WHEN JOB_ID LIKE '%$___P%' ESCAPE '$' THEN SALARY * 1.3 ELSE SALARY * 1.4 END NEW_SALARY FROM EMPLOYEES;

JOB_ID         SALARY NEW_SALARY                                                                                                                                                                        
---------- ---------- ----------                                                                                                                                                                        
AD_PRES         24000      26400                                                                                                                                                                        
AD_VP           17000      20400                                                                                                                                                                        
AD_VP           17000      20400                                                                                                                                                                        
IT_PROG          9000       9900                                                                                                                                                                        
IT_PROG          6000       6600                                                                                                                                                                        
IT_PROG          4200       4620                                                                                                                                                                        
ST_MAN           5800       8120                                                                                                                                                                        
ST_CLERK         3500       4900                                                                                                                                                                        
ST_CLERK         3100       4340                                                                                                                                                                        
ST_CLERK         2600       3640                                                                                                                                                                        
ST_CLERK         2500       3500                                                                                                                                                                        
SA_MAN          10500      14700                                                                                                                                                                        
SA_REP          11000      14300                                                                                                                                                                        
SA_REP           8600      11180                                                                                                                                                                        
SA_REP           7000       9100                                                                                                                                                                        
AD_ASST          4400       6160                                                                                                                                                                        
MK_MAN          13000      18200                                                                                                                                                                        
MK_REP           6000       7800                                                                                                                                                                        
AC_MGR          12000      16800                                                                                                                                                                        
AC_ACCOUNT       8300      11620                                                                                                                                                                        

20 rows selected.

SQL> SELECT FIRST_NAME,JOB_ID,SALARY ,CASE WHEN JOB_ID LIKE '%*_P%' ESCAPE'*' THEN SALARY*1.1 WHEN JOB_ID LIKE '%*__P%' ESCAPE'*' THEN SALARY*1.2 WHEN JOB_ID LIKE '%*___P%' ESCAPE'*' THEN SALARY*1.3 ELSE SALARY +1.4 END NEW_SALARY FROM EMPLOYEES ORDER BY 3;

FIRST_NAME JOB_ID         SALARY NEW_SALARY                                                                                                                                                             
---------- ---------- ---------- ----------                                                                                                                                                             
Peter      ST_CLERK         2500     2501.4                                                                                                                                                             
Randall    ST_CLERK         2600     2601.4                                                                                                                                                             
Curtis     ST_CLERK         3100     3101.4                                                                                                                                                             
Trenna     ST_CLERK         3500     3501.4                                                                                                                                                             
Diana      IT_PROG          4200       4620                                                                                                                                                             
Jennifer   AD_ASST          4400     4401.4                                                                                                                                                             
Kevin      ST_MAN           5800     5801.4                                                                                                                                                             
Bruce      IT_PROG          6000       6600                                                                                                                                                             
Pat        MK_REP           6000       7800                                                                                                                                                             
Kimerely   SA_REP           7000       9100                                                                                                                                                             
William    AC_ACCOUNT       8300     8301.4                                                                                                                                                             
Jonathon   SA_REP           8600      11180                                                                                                                                                             
Alexander  IT_PROG          9000       9900                                                                                                                                                             
Eleni      SA_MAN          10500    10501.4                                                                                                                                                             
Ellen      SA_REP          11000      14300                                                                                                                                                             
Shelley    AC_MGR          12000    12001.4                                                                                                                                                             
Michael    MK_MAN          13000    13001.4                                                                                                                                                             
Neena      AD_VP           17000      20400                                                                                                                                                             
Lex        AD_VP           17000      20400                                                                                                                                                             
Steven     AD_PRES         24000      26400                                                                                                                                                             

20 rows selected.

SQL> SELECT FIRST_NAME,JOB_ID,SALARY ,CASE WHEN JOB_ID LIKE '%*_P%' ESCAPE'*' THEN SALARY*1.1 WHEN JOB_ID LIKE '%*__P%' ESCAPE'*' THEN SALARY*1.2 WHEN JOB_ID LIKE '%*___P%' ESCAPE'*' THEN SALARY*1.3 ELSE SALARY * 1.4 END NEW_SALARY FROM EMPLOYEES ORDER BY 3;

FIRST_NAME JOB_ID         SALARY NEW_SALARY                                                                                                                                                             
---------- ---------- ---------- ----------                                                                                                                                                             
Peter      ST_CLERK         2500       3500                                                                                                                                                             
Randall    ST_CLERK         2600       3640                                                                                                                                                             
Curtis     ST_CLERK         3100       4340                                                                                                                                                             
Trenna     ST_CLERK         3500       4900                                                                                                                                                             
Diana      IT_PROG          4200       4620                                                                                                                                                             
Jennifer   AD_ASST          4400       6160                                                                                                                                                             
Kevin      ST_MAN           5800       8120                                                                                                                                                             
Bruce      IT_PROG          6000       6600                                                                                                                                                             
Pat        MK_REP           6000       7800                                                                                                                                                             
Kimerely   SA_REP           7000       9100                                                                                                                                                             
William    AC_ACCOUNT       8300      11620                                                                                                                                                             
Jonathon   SA_REP           8600      11180                                                                                                                                                             
Alexander  IT_PROG          9000       9900                                                                                                                                                             
Eleni      SA_MAN          10500      14700                                                                                                                                                             
Ellen      SA_REP          11000      14300                                                                                                                                                             
Shelley    AC_MGR          12000      16800                                                                                                                                                             
Michael    MK_MAN          13000      18200                                                                                                                                                             
Neena      AD_VP           17000      20400                                                                                                                                                             
Lex        AD_VP           17000      20400                                                                                                                                                             
Steven     AD_PRES         24000      26400                                                                                                                                                             

20 rows selected.

SQL> SELECT * FROM EMPLOYEES;

EMPLOYEE_ID FIRST_NAME LAST_NAME  EMAIL      PHONE_NUMBER         HIRE_DATE JOB_ID         SALARY COMMISSION_PCT MANAGER_ID DEPARTMENT_ID                                                               
----------- ---------- ---------- ---------- -------------------- --------- ---------- ---------- -------------- ---------- -------------                                                               
        100 Steven     King       SKING      515.123.4567         17-JUL-87 AD_PRES         24000                                      90                                                               
        101 Neena      Kochhar    NKOCHHAR   515.123.4568         21-SEP-89 AD_VP           17000                       100            90                                                               
        102 Lex        De Haan    LDEHAAN    515.123.4569         13-JAN-93 AD_VP           17000                       100            90                                                               
        103 Alexander  Hunold     AHUNOLD    590.423.4567         03-JAN-90 IT_PROG          9000                       102            60                                                               
        104 Bruce      Ernst      BERNST     590.423.4568         21-MAY-91 IT_PROG          6000                       103            60                                                               
        107 Diana      Lorentz    DLORENTZ   590.423.5567         07-FEB-99 IT_PROG          4200                       103            60                                                               
        124 Kevin      Mourgos    KMOURGOS   650.123.5234         16-NOV-99 ST_MAN           5800                       100            50                                                               
        141 Trenna     Rajs       TRAJS      650.121.8009         17-OCT-95 ST_CLERK         3500                       124            50                                                               
        142 Curtis     Davies     CDAVIES    650.121.2994         29-JAN-97 ST_CLERK         3100                       124            50                                                               
        143 Randall    Matos      RMATOS     650.121.2874         15-MAR-98 ST_CLERK         2600                       124            50                                                               
        144 Peter      Vargas     PVARGAS    650.121.2004         09-JUL-98 ST_CLERK         2500                       124            50                                                               
        149 Eleni      Zlotkey    EZLOTKEY   011.44.1344.429018   29-JAN-00 SA_MAN          10500             .2        100            80                                                               
        174 Ellen      Abel       EABEL      011.44.1644.429267   11-MAY-96 SA_REP          11000             .3        149            80                                                               
        176 Jonathon   Taylor     JTAYLOR    011.44.1644.429265   24-MAR-98 SA_REP           8600             .3        149            80                                                               
        178 Kimerely   Grant      KGRANT     011.44.1644.429263   24-MAY-99 SA_REP           7000            .15        149                                                                             
        200 Jennifer   Whalen     JWHALEN    515.123.4444         17-SEP-87 AD_ASST          4400                       101            10                                                               
        201 Michael    Hartstein  MHARTSTE   515.123.5555         17-FEB-96 MK_MAN          13000                       100            20                                                               
        202 Pat        Fay        PFAY       603.123.6666         17-AUG-97 MK_REP           6000                       201            20                                                               
        205 Shelley    Higgins    SHIGGINS   515.123.8080         07-JUN-94 AC_MGR          12000                       101           110                                                               
        206 William    Gietz      WGIETZ     515.123.8181         07-JUN-94 AC_ACCOUNT       8300                       205           110                                                               

20 rows selected.

SQL> REM FIRST_NAME : A-D 40% , E-H 30% , I-N 20% , REMAINING 10%
SQL> 
SQL> SELECT FIRST_NAME,SALARY,CASE WHEN FIRST_NAME LIKE 'A%' OR WHEN FIRST_NAME LIKE 'B%' OR WHEN FIRST_NAME LIKE 'C%' OR WHEN FIRST_NAME LIKE 'D%' THEN (SALARY+SALARY*40/100)
  2  WHEN FIRST_NAME LIKE 'E%' OR WHEN FIRST_NAME LIKE 'F%' OR WHEN FIRST_NAME LIKE 'G%' OR WHEN FIRST_NAME LIKE 'H%' THEN (SALARY+SALARY*30/100)
  3  WHEN FIRST_NAME LIKE 'I%' OR WHEN FIRST_NAME LIKE 'J%' OR WHEN FIRST_NAME LIKE 'K%' OR WHEN FIRST_NAME LIKE 'L%' WHEN FIRST_NAME LIKE 'M%' WHEN FIRST_NAME LIKE 'N%'  THEN (SALARY+SALARY*20/100)
  4  ELSE (SALARY+SALARY*10/100) END NEW_SALARY FROM EMPLOYEES ORDER BY NEW_SALARY;
SELECT FIRST_NAME,SALARY,CASE WHEN FIRST_NAME LIKE 'A%' OR WHEN FIRST_NAME LIKE 'B%' OR WHEN FIRST_NAME LIKE 'C%' OR WHEN FIRST_NAME LIKE 'D%' THEN (SALARY+SALARY*40/100)
                                                                *
ERROR at line 1:
ORA-00920: invalid relational operator 


SQL> SELECT FIRST_NAME,SALARY,CASE WHEN FIRST_NAME LIKE 'A%' OR FIRST_NAME LIKE 'B%' OR FIRST_NAME LIKE 'C%' OR FIRST_NAME LIKE 'D%' THEN (SALARY+SALARY*40/100)
  2  WHEN FIRST_NAME LIKE 'E%' OR FIRST_NAME LIKE 'F%' OR FIRST_NAME LIKE 'G%' OR FIRST_NAME LIKE 'H%' THEN (SALARY+SALARY*30/100)
  3  WHEN FIRST_NAME LIKE 'I%' OR FIRST_NAME LIKE 'J%' OR FIRST_NAME LIKE 'K%' OR FIRST_NAME LIKE 'L%' FIRST_NAME LIKE 'M%' FIRST_NAME LIKE 'N%'  THEN (SALARY+SALARY*20/100)
  4  ELSE (SALARY+SALARY*10/100) END NEW_SALARY FROM EMPLOYEES ORDER BY NEW_SALARY;
WHEN FIRST_NAME LIKE 'I%' OR FIRST_NAME LIKE 'J%' OR FIRST_NAME LIKE 'K%' OR FIRST_NAME LIKE 'L%' FIRST_NAME LIKE 'M%' FIRST_NAME LIKE 'N%'  THEN (SALARY+SALARY*20/100)
                                                                                                  *
ERROR at line 3:
ORA-00905: missing keyword 


SQL> SELECT FIRST_NAME,SALARY,CASE WHEN FIRST_NAME LIKE 'A%' OR FIRST_NAME LIKE 'B%' OR FIRST_NAME LIKE 'C%' OR FIRST_NAME LIKE 'D%' THEN (SALARY+SALARY*40/100)
  2  WHEN FIRST_NAME LIKE 'E%' OR FIRST_NAME LIKE 'F%' OR FIRST_NAME LIKE 'G%' OR FIRST_NAME LIKE 'H%' THEN (SALARY+SALARY*30/100)
  3  WHEN FIRST_NAME LIKE 'I%' OR FIRST_NAME LIKE 'J%' OR FIRST_NAME LIKE 'K%' OR FIRST_NAME LIKE 'L%' OR FIRST_NAME LIKE 'M%' OR FIRST_NAME LIKE 'N%'  THEN (SALARY+SALARY*20/100)
  4  ELSE (SALARY+SALARY*10/100) END NEW_SALARY FROM EMPLOYEES ORDER BY NEW_SALARY;

FIRST_NAME     SALARY NEW_SALARY                                                                                                                                                                        
---------- ---------- ----------                                                                                                                                                                        
Peter            2500       2750                                                                                                                                                                        
Randall          2600       2860                                                                                                                                                                        
Trenna           3500       3850                                                                                                                                                                        
Curtis           3100       4340                                                                                                                                                                        
Jennifer         4400       5280                                                                                                                                                                        
Diana            4200       5880                                                                                                                                                                        
Pat              6000       6600                                                                                                                                                                        
Kevin            5800       6960                                                                                                                                                                        
Bruce            6000       8400                                                                                                                                                                        
Kimerely         7000       8400                                                                                                                                                                        
William          8300       9130                                                                                                                                                                        
Jonathon         8600      10320                                                                                                                                                                        
Alexander        9000      12600                                                                                                                                                                        
Shelley         12000      13200                                                                                                                                                                        
Eleni           10500      13650                                                                                                                                                                        
Ellen           11000      14300                                                                                                                                                                        
Michael         13000      15600                                                                                                                                                                        
Lex             17000      20400                                                                                                                                                                        
Neena           17000      20400                                                                                                                                                                        
Steven          24000      26400                                                                                                                                                                        

20 rows selected.

SQL> SELECT FIRST_NAME , SALARY , 
CASE  WHEN FIRST_NAME BETWEEN 'A' AND 'Dz' THEN SALARY * 1.4 
      WHEN FIRST_NAME BETWEEN 'E' AND 'Hz' THEN SALARY * 1.3 
      WHEN FIRST_NAME BETWEEN 'I' AND 'Nz' THEN SALARY * 1.2 ELSE SALARY * 1.1 END NEW_SALARY FROM EMPLOYEES ORDER BY 2;

FIRST_NAME     SALARY NEW_SALARY                                                                                                                                                                        
---------- ---------- ----------                                                                                                                                                                        
Peter            2500       2750                                                                                                                                                                        
Randall          2600       2860                                                                                                                                                                        
Curtis           3100       4340                                                                                                                                                                        
Trenna           3500       3850                                                                                                                                                                        
Diana            4200       5880                                                                                                                                                                        
Jennifer         4400       5280                                                                                                                                                                        
Kevin            5800       6960                                                                                                                                                                        
Bruce            6000       8400                                                                                                                                                                        
Pat              6000       6600                                                                                                                                                                        
Kimerely         7000       8400                                                                                                                                                                        
William          8300       9130                                                                                                                                                                        
Jonathon         8600      10320                                                                                                                                                                        
Alexander        9000      12600                                                                                                                                                                        
Eleni           10500      13650                                                                                                                                                                        
Ellen           11000      14300                                                                                                                                                                        
Shelley         12000      13200                                                                                                                                                                        
Michael         13000      15600                                                                                                                                                                        
Neena           17000      20400                                                                                                                                                                        
Lex             17000      20400                                                                                                                                                                        
Steven          24000      26400                                                                                                                                                                        

20 rows selected.

SQL> SELECT FIRST_NAME , SALARY , CASE WHEN FIRST_NAME BETWEEN 'A' AND 'Dz' THEN SALARY * 1.4 WHEN FIRST_NAME BETWEEN 'E' AND 'Hz' THEN SALARY * 1.3 WHEN FIRST_NAME BETWEEN 'I' AND 'Nz' THEN SALARY * 1.2 ELSE SALARY * 1.1 END NEW_SALARY FROM EMPLOYEES ORDER BY 1;

FIRST_NAME     SALARY NEW_SALARY                                                                                                                                                                        
---------- ---------- ----------                                                                                                                                                                        
Alexander        9000      12600                                                                                                                                                                        
Bruce            6000       8400                                                                                                                                                                        
Curtis           3100       4340                                                                                                                                                                        
Diana            4200       5880                                                                                                                                                                        
Eleni           10500      13650                                                                                                                                                                        
Ellen           11000      14300                                                                                                                                                                        
Jennifer         4400       5280                                                                                                                                                                        
Jonathon         8600      10320                                                                                                                                                                        
Kevin            5800       6960                                                                                                                                                                        
Kimerely         7000       8400                                                                                                                                                                        
Lex             17000      20400                                                                                                                                                                        
Michael         13000      15600                                                                                                                                                                        
Neena           17000      20400                                                                                                                                                                        
Pat              6000       6600                                                                                                                                                                        
Peter            2500       2750                                                                                                                                                                        
Randall          2600       2860                                                                                                                                                                        
Shelley         12000      13200                                                                                                                                                                        
Steven          24000      26400                                                                                                                                                                        
Trenna           3500       3850                                                                                                                                                                        
William          8300       9130                                                                                                                                                                        

20 rows selected.

SQL> SELECT FIRST_NAME, SALARY,
  2  CASE WHEN FIRST_NAME LIKE 'A%'||'B%'||'C%'||'D%' THEN SALARY*1.4
  3       WHEN FIRST_NAME LIKE 'E%'||'F%'||'G%'||'H%' THEN SALARY*1.3
  4       WHEN FIRST_NAME LIKE 'I%'||'J%'||'K%'||'L%'||'M%'||'N%' THEN SALARY*1.2 ELSE SALARY*1.1 END NEW_SALARY
  5       FROM EMPLOYEES
  6       ORDER BY
  7  1;

FIRST_NAME     SALARY NEW_SALARY                                                                                                                                                                        
---------- ---------- ----------                                                                                                                                                                        
Alexander        9000       9900                                                                                                                                                                        
Bruce            6000       6600                                                                                                                                                                        
Curtis           3100       3410                                                                                                                                                                        
Diana            4200       4620                                                                                                                                                                        
Eleni           10500      11550                                                                                                                                                                        
Ellen           11000      12100                                                                                                                                                                        
Jennifer         4400       4840                                                                                                                                                                        
Jonathon         8600       9460                                                                                                                                                                        
Kevin            5800       6380                                                                                                                                                                        
Kimerely         7000       7700                                                                                                                                                                        
Lex             17000      18700                                                                                                                                                                        
Michael         13000      14300                                                                                                                                                                        
Neena           17000      18700                                                                                                                                                                        
Pat              6000       6600                                                                                                                                                                        
Peter            2500       2750                                                                                                                                                                        
Randall          2600       2860                                                                                                                                                                        
Shelley         12000      13200                                                                                                                                                                        
Steven          24000      26400                                                                                                                                                                        
Trenna           3500       3850                                                                                                                                                                        
William          8300       9130                                                                                                                                                                        

20 rows selected.

SQL> REM FIRST_NAME : A-D 40% , E-H 30% , I-N 20% , REMAINING 10%
SQL> 
SQL> SELECT FIRST_NAME , SALARY , CASE WHEN FIRST_NAME BETWEEN 'A' AND 'Dz' THEN SALARY * 1.4
  2  WHEN FIRST_NAME BETWEEN 'E' AND 'Hz' THEN SALARY * 1.3
  3  WHEN FIRST_NAME BETWEEN 'I' AND 'Nz' THEN SALARY * 1.2 ELSE SALARY * 1.1 END
  4  FROM EMPLOYEES
  5  ORDER BY 1;

FIRST_NAME     SALARY CASEWHENFIRST_NAMEBETWEEN'A'AND'DZ'THENSALARY*1.4WHENFIRST_NAMEBETWEEN'E'AND'HZ'THENSALARY*1.3WHENFIRST_NAMEBETWEEN'I'AND'NZ'THENSALARY*1.2ELSESALARY*1.1END                      
---------- ---------- ------------------------------------------------------------------------------------------------------------------------------------------------------------                      
Alexander        9000                                                                                                                                                        12600                      
Bruce            6000                                                                                                                                                         8400                      
Curtis           3100                                                                                                                                                         4340                      
Diana            4200                                                                                                                                                         5880                      
Eleni           10500                                                                                                                                                        13650                      
Ellen           11000                                                                                                                                                        14300                      
Jennifer         4400                                                                                                                                                         5280                      
Jonathon         8600                                                                                                                                                        10320                      
Kevin            5800                                                                                                                                                         6960                      
Kimerely         7000                                                                                                                                                         8400                      
Lex             17000                                                                                                                                                        20400                      
Michael         13000                                                                                                                                                        15600                      
Neena           17000                                                                                                                                                        20400                      
Pat              6000                                                                                                                                                         6600                      
Peter            2500                                                                                                                                                         2750                      
Randall          2600                                                                                                                                                         2860                      
Shelley         12000                                                                                                                                                        13200                      
Steven          24000                                                                                                                                                        26400                      
Trenna           3500                                                                                                                                                         3850                      
William          8300                                                                                                                                                         9130                      

20 rows selected.

SQL> SELECT FIRST_NAME , SALARY , CASE WHEN FIRST_NAME BETWEEN 'A' AND 'Dz' THEN SALARY * 1.4
  2  WHEN FIRST_NAME BETWEEN 'E' AND 'Hz' THEN SALARY * 1.3
  3  WHEN FIRST_NAME BETWEEN 'I' AND 'Nz' THEN SALARY * 1.2 ELSE SALARY * 1.1 END NEW_SALRAY
  4  FROM EMPLOYEES
  5  ORDER BY 1;

FIRST_NAME     SALARY NEW_SALRAY                                                                                                                                                                        
---------- ---------- ----------                                                                                                                                                                        
Alexander        9000      12600                                                                                                                                                                        
Bruce            6000       8400                                                                                                                                                                        
Curtis           3100       4340                                                                                                                                                                        
Diana            4200       5880                                                                                                                                                                        
Eleni           10500      13650                                                                                                                                                                        
Ellen           11000      14300                                                                                                                                                                        
Jennifer         4400       5280                                                                                                                                                                        
Jonathon         8600      10320                                                                                                                                                                        
Kevin            5800       6960                                                                                                                                                                        
Kimerely         7000       8400                                                                                                                                                                        
Lex             17000      20400                                                                                                                                                                        
Michael         13000      15600                                                                                                                                                                        
Neena           17000      20400                                                                                                                                                                        
Pat              6000       6600                                                                                                                                                                        
Peter            2500       2750                                                                                                                                                                        
Randall          2600       2860                                                                                                                                                                        
Shelley         12000      13200                                                                                                                                                                        
Steven          24000      26400                                                                                                                                                                        
Trenna           3500       3850                                                                                                                                                                        
William          8300       9130                                                                                                                                                                        

20 rows selected.

SQL> REM FIRST_NAME : A-D 40% , E-H 30% , I-N 20% , REMAINING 10%
SQL> 
SQL> REM VOWELS : A E I O U
SQL> 
SQL> REM FIRST_NAME : 1 10% , 2 20% , 3 30% , REMAINING 40%
SQL> 
SQL> SELECT FIRST_NAME , SALARY ,
  2  CASE LENGTH(FIRST_NAME) - LENGTH(TRANSLATE(LOWER(FIRST_NAME),'#aeiou','#')) WHEN 1 THEN SALARY * 1.1
  3                                                                              WHEN 2 THEN SALARY * 1.2
  4                                                                              WHEN 3 THEN SALARY * 1.3 ELSE SALARY * 1.4 END NEW_SALARY
  5  FROM EMPLOYEES
  6  ;

FIRST_NAME     SALARY NEW_SALARY                                                                                                                                                                        
---------- ---------- ----------                                                                                                                                                                        
Steven          24000      28800                                                                                                                                                                        
Neena           17000      22100                                                                                                                                                                        
Lex             17000      18700                                                                                                                                                                        
Alexander        9000      12600                                                                                                                                                                        
Bruce            6000       7200                                                                                                                                                                        
Diana            4200       5460                                                                                                                                                                        
Kevin            5800       6960                                                                                                                                                                        
Trenna           3500       4200                                                                                                                                                                        
Curtis           3100       3720                                                                                                                                                                        
Randall          2600       3120                                                                                                                                                                        
Peter            2500       3000                                                                                                                                                                        
Eleni           10500      13650                                                                                                                                                                        
Ellen           11000      13200                                                                                                                                                                        
Jonathon         8600      11180                                                                                                                                                                        
Kimerely         7000       9100                                                                                                                                                                        
Jennifer         4400       5720                                                                                                                                                                        
Michael         13000      16900                                                                                                                                                                        
Pat              6000       6600                                                                                                                                                                        
Shelley         12000      14400                                                                                                                                                                        
William          8300      10790                                                                                                                                                                        

20 rows selected.

SQL> SELECT FIRST_NAME , SALARY ,
  2  CASE LENGTH(TRANSLATE(LOWER(FIRST_NAME),'#qwrtypsdfghjklzxcvbnnm','#')) WHEN 1 THEN SALARY * 1.1
  3                                                                              WHEN 2 THEN SALARY * 1.2
  4                                                                              WHEN 3 THEN SALARY * 1.3 ELSE SALARY * 1.4 END NEW_SALARY
  5  FROM EMPLOYEES
  6  ;

FIRST_NAME     SALARY NEW_SALARY                                                                                                                                                                        
---------- ---------- ----------                                                                                                                                                                        
Steven          24000      28800                                                                                                                                                                        
Neena           17000      22100                                                                                                                                                                        
Lex             17000      18700                                                                                                                                                                        
Alexander        9000      12600                                                                                                                                                                        
Bruce            6000       7200                                                                                                                                                                        
Diana            4200       5460                                                                                                                                                                        
Kevin            5800       6960                                                                                                                                                                        
Trenna           3500       4200                                                                                                                                                                        
Curtis           3100       3720                                                                                                                                                                        
Randall          2600       3120                                                                                                                                                                        
Peter            2500       3000                                                                                                                                                                        
Eleni           10500      13650                                                                                                                                                                        
Ellen           11000      13200                                                                                                                                                                        
Jonathon         8600      11180                                                                                                                                                                        
Kimerely         7000       9100                                                                                                                                                                        
Jennifer         4400       5720                                                                                                                                                                        
Michael         13000      16900                                                                                                                                                                        
Pat              6000       6600                                                                                                                                                                        
Shelley         12000      14400                                                                                                                                                                        
William          8300      10790                                                                                                                                                                        

20 rows selected.

SQL> SPOOL OFF
=======================================================================================================================
=======================================================================================================================
=======================================================================================================================
=======================================================================================================================
=======================================================================================================================
=======================================================================================================================
=======================================================================================================================
=======================================================================================================================
=======================================================================================================================
=======================================================================================================================
==================================================================================================================================