SQL> 
SQL> REM DISPLAY FIRST_NAME AND PART OF IT AS SECOND COLUMN. IT SHOULD START WITH FIRST VOWEL AND END ON LAST VOWEL IF IT HAS MORE THAN ONE.
SQL> 
SQL> SELECT FIRST_NAME,CASE WHEN LENGTH(TRANSLATE(UPPER(FIRST_NAME),'/QWRTYPSDFGHJKLZXCVBNM','/'))=1 THEN LTRIM(UPPER(FIRST_NAME),'QWRTYPSFGHJKLZXCVBNM')
  2      ELSE RTRIM(LTRIM(UPPER(FIRST_NAME),'QWRTYPSFGHJKLZXCVBNM'),'QWRTYPSDFGHJKLZXCVBNM') END FROM EMPLOYEES;

FIRST_NAME CASEWHENLE                                                                                                                                                                                   
---------- ----------                                                                                                                                                                                   
Steven     EVE                                                                                                                                                                                          
Neena      EENA                                                                                                                                                                                         
Lex        EX                                                                                                                                                                                           
Alexander  ALEXANDE                                                                                                                                                                                     
Bruce      UCE                                                                                                                                                                                          
Diana      DIANA                                                                                                                                                                                        
Kevin      EVI                                                                                                                                                                                          
Trenna     ENNA                                                                                                                                                                                         
Curtis     URTI                                                                                                                                                                                         
Randall    ANDA                                                                                                                                                                                         
Peter      ETE                                                                                                                                                                                          
Eleni      ELENI                                                                                                                                                                                        
Ellen      ELLE                                                                                                                                                                                         
Jonathon   ONATHO                                                                                                                                                                                       
Kimerely   IMERE                                                                                                                                                                                        
Jennifer   ENNIFE                                                                                                                                                                                       
Michael    ICHAE                                                                                                                                                                                        
Pat        AT                                                                                                                                                                                           
Shelley    ELLE                                                                                                                                                                                         
William    ILLIA                                                                                                                                                                                        

20 rows selected.

SQL> SELECT FIRST_NAME,CASE WHEN LENGTH(TRANSLATE(UPPER(FIRST_NAME),'/QWRTYPSDFGHJKLZXCVBNM','/'))=1 THEN LTRIM(UPPER(FIRST_NAME),'QWRTYPSFGHJKLZXCVBNM')
  2      ELSE RTRIM(LTRIM(UPPER(FIRST_NAME),'QWRTYPSFGHJKLZXCVBNM'),'QWRTYPSDFGHJKLZXCVBNM') END FROM EMPLOYEES
  3  WHERE LENGTH(TRANSLATE(UPPER(FIRST_NAME),'/QWRTYPSDFGHJKLZXCVBNM','/')) > 1;

FIRST_NAME CASEWHENLE                                                                                                                                                                                   
---------- ----------                                                                                                                                                                                   
Steven     EVE                                                                                                                                                                                          
Neena      EENA                                                                                                                                                                                         
Alexander  ALEXANDE                                                                                                                                                                                     
Bruce      UCE                                                                                                                                                                                          
Diana      DIANA                                                                                                                                                                                        
Kevin      EVI                                                                                                                                                                                          
Trenna     ENNA                                                                                                                                                                                         
Curtis     URTI                                                                                                                                                                                         
Randall    ANDA                                                                                                                                                                                         
Peter      ETE                                                                                                                                                                                          
Eleni      ELENI                                                                                                                                                                                        
Ellen      ELLE                                                                                                                                                                                         
Jonathon   ONATHO                                                                                                                                                                                       
Kimerely   IMERE                                                                                                                                                                                        
Jennifer   ENNIFE                                                                                                                                                                                       
Michael    ICHAE                                                                                                                                                                                        
Shelley    ELLE                                                                                                                                                                                         
William    ILLIA                                                                                                                                                                                        

18 rows selected.

SQL> SELECT FIRST_NAME , RTRIM(LTRIM(UPPER(FIRST_NAME),'QWRTYPSDFGHJKLZXCVBNM'),'QWRTYPSDFGHJKLZXCVBNM') FROM EMPLOYEES;

FIRST_NAME RTRIM(LTRI                                                                                                                                                                                   
---------- ----------                                                                                                                                                                                   
Steven     EVE                                                                                                                                                                                          
Neena      EENA                                                                                                                                                                                         
Lex        E                                                                                                                                                                                            
Alexander  ALEXANDE                                                                                                                                                                                     
Bruce      UCE                                                                                                                                                                                          
Diana      IANA                                                                                                                                                                                         
Kevin      EVI                                                                                                                                                                                          
Trenna     ENNA                                                                                                                                                                                         
Curtis     URTI                                                                                                                                                                                         
Randall    ANDA                                                                                                                                                                                         
Peter      ETE                                                                                                                                                                                          
Eleni      ELENI                                                                                                                                                                                        
Ellen      ELLE                                                                                                                                                                                         
Jonathon   ONATHO                                                                                                                                                                                       
Kimerely   IMERE                                                                                                                                                                                        
Jennifer   ENNIFE                                                                                                                                                                                       
Michael    ICHAE                                                                                                                                                                                        
Pat        A                                                                                                                                                                                            
Shelley    ELLE                                                                                                                                                                                         
William    ILLIA                                                                                                                                                                                        

20 rows selected.

SQL> SELECT FIRST_NAME , CASE WHEN RTRIM(LTRIM(UPPER(FIRST_NAME),'QWRTYPSDFGHJKLZXCVBNM'),'QWRTYPSDFGHJKLZXCVBNM') IN 'AEIOU' THEN NULL ELSE
  2  RTRIM(LTRIM(UPPER(FIRST_NAME),'QWRTYPSDFGHJKLZXCVBNM'),'QWRTYPSDFGHJKLZXCVBNM') END FROM EMPLOYEES;

FIRST_NAME CASEWHENRT                                                                                                                                                                                   
---------- ----------                                                                                                                                                                                   
Steven     EVE                                                                                                                                                                                          
Neena      EENA                                                                                                                                                                                         
Lex        E                                                                                                                                                                                            
Alexander  ALEXANDE                                                                                                                                                                                     
Bruce      UCE                                                                                                                                                                                          
Diana      IANA                                                                                                                                                                                         
Kevin      EVI                                                                                                                                                                                          
Trenna     ENNA                                                                                                                                                                                         
Curtis     URTI                                                                                                                                                                                         
Randall    ANDA                                                                                                                                                                                         
Peter      ETE                                                                                                                                                                                          
Eleni      ELENI                                                                                                                                                                                        
Ellen      ELLE                                                                                                                                                                                         
Jonathon   ONATHO                                                                                                                                                                                       
Kimerely   IMERE                                                                                                                                                                                        
Jennifer   ENNIFE                                                                                                                                                                                       
Michael    ICHAE                                                                                                                                                                                        
Pat        A                                                                                                                                                                                            
Shelley    ELLE                                                                                                                                                                                         
William    ILLIA                                                                                                                                                                                        

20 rows selected.

SQL> SELECT FIRST_NAME , CASE WHEN LENGTH(RTRIM(LTRIM(UPPER(FIRST_NAME),'QWRTYPSDFGHJKLZXCVBNM'),'QWRTYPSDFGHJKLZXCVBNM')) > 1 THEN NULL ELSE
  2  RTRIM(LTRIM(UPPER(FIRST_NAME),'QWRTYPSDFGHJKLZXCVBNM'),'QWRTYPSDFGHJKLZXCVBNM') END FROM EMPLOYEES;

FIRST_NAME CASEWHENLE                                                                                                                                                                                   
---------- ----------                                                                                                                                                                                   
Steven                                                                                                                                                                                                  
Neena                                                                                                                                                                                                   
Lex        E                                                                                                                                                                                            
Alexander                                                                                                                                                                                               
Bruce                                                                                                                                                                                                   
Diana                                                                                                                                                                                                   
Kevin                                                                                                                                                                                                   
Trenna                                                                                                                                                                                                  
Curtis                                                                                                                                                                                                  
Randall                                                                                                                                                                                                 
Peter                                                                                                                                                                                                   
Eleni                                                                                                                                                                                                   
Ellen                                                                                                                                                                                                   
Jonathon                                                                                                                                                                                                
Kimerely                                                                                                                                                                                                
Jennifer                                                                                                                                                                                                
Michael                                                                                                                                                                                                 
Pat        A                                                                                                                                                                                            
Shelley                                                                                                                                                                                                 
William                                                                                                                                                                                                 

20 rows selected.

SQL> SELECT FIRST_NAME , CASE WHEN LENGTH(RTRIM(LTRIM(UPPER(FIRST_NAME),'QWRTYPSDFGHJKLZXCVBNM'),'QWRTYPSDFGHJKLZXCVBNM')) = 1 THEN NULL ELSE
  2  RTRIM(LTRIM(UPPER(FIRST_NAME),'QWRTYPSDFGHJKLZXCVBNM'),'QWRTYPSDFGHJKLZXCVBNM') END FROM EMPLOYEES;

FIRST_NAME CASEWHENLE                                                                                                                                                                                   
---------- ----------                                                                                                                                                                                   
Steven     EVE                                                                                                                                                                                          
Neena      EENA                                                                                                                                                                                         
Lex                                                                                                                                                                                                     
Alexander  ALEXANDE                                                                                                                                                                                     
Bruce      UCE                                                                                                                                                                                          
Diana      IANA                                                                                                                                                                                         
Kevin      EVI                                                                                                                                                                                          
Trenna     ENNA                                                                                                                                                                                         
Curtis     URTI                                                                                                                                                                                         
Randall    ANDA                                                                                                                                                                                         
Peter      ETE                                                                                                                                                                                          
Eleni      ELENI                                                                                                                                                                                        
Ellen      ELLE                                                                                                                                                                                         
Jonathon   ONATHO                                                                                                                                                                                       
Kimerely   IMERE                                                                                                                                                                                        
Jennifer   ENNIFE                                                                                                                                                                                       
Michael    ICHAE                                                                                                                                                                                        
Pat                                                                                                                                                                                                     
Shelley    ELLE                                                                                                                                                                                         
William    ILLIA                                                                                                                                                                                        

20 rows selected.

SQL> SELECT FIRST_NAME , CASE WHEN 'AEIOU' IN RTRIM(LTRIM(UPPER(FIRST_NAME),'QWRTYPSDFGHJKLZXCVBNM'),'QWRTYPSDFGHJKLZXCVBNM') THEN NULL ELSE
  2  RTRIM(LTRIM(UPPER(FIRST_NAME),'QWRTYPSDFGHJKLZXCVBNM'),'QWRTYPSDFGHJKLZXCVBNM') END FROM EMPLOYEES;

FIRST_NAME CASEWHEN'A                                                                                                                                                                                   
---------- ----------                                                                                                                                                                                   
Steven     EVE                                                                                                                                                                                          
Neena      EENA                                                                                                                                                                                         
Lex        E                                                                                                                                                                                            
Alexander  ALEXANDE                                                                                                                                                                                     
Bruce      UCE                                                                                                                                                                                          
Diana      IANA                                                                                                                                                                                         
Kevin      EVI                                                                                                                                                                                          
Trenna     ENNA                                                                                                                                                                                         
Curtis     URTI                                                                                                                                                                                         
Randall    ANDA                                                                                                                                                                                         
Peter      ETE                                                                                                                                                                                          
Eleni      ELENI                                                                                                                                                                                        
Ellen      ELLE                                                                                                                                                                                         
Jonathon   ONATHO                                                                                                                                                                                       
Kimerely   IMERE                                                                                                                                                                                        
Jennifer   ENNIFE                                                                                                                                                                                       
Michael    ICHAE                                                                                                                                                                                        
Pat        A                                                                                                                                                                                            
Shelley    ELLE                                                                                                                                                                                         
William    ILLIA                                                                                                                                                                                        

20 rows selected.

SQL> SELECT FIRST_NAME , CASE WHEN LTRIM(RTRIM(LTRIM(UPPER(FIRST_NAME),'QWRTYPSDFGHJKLZXCVBNM'),'QWRTYPSDFGHJKLZXCVBNM'),'AEIOU') THEN NULL ELSE
  2  RTRIM(LTRIM(UPPER(FIRST_NAME),'QWRTYPSDFGHJKLZXCVBNM'),'QWRTYPSDFGHJKLZXCVBNM') END FROM EMPLOYEES;
SELECT FIRST_NAME , CASE WHEN LTRIM(RTRIM(LTRIM(UPPER(FIRST_NAME),'QWRTYPSDFGHJKLZXCVBNM'),'QWRTYPSDFGHJKLZXCVBNM'),'AEIOU') THEN NULL ELSE
                                                                                                                             *
ERROR at line 1:
ORA-00920: invalid relational operator 


SQL> SELECT FIRST_NAME , CASE WHEN LTRIM(RTRIM(LTRIM(UPPER(FIRST_NAME),'QWRTYPSDFGHJKLZXCVBNM'),'QWRTYPSDFGHJKLZXCVBNM'),'AEIOU') IS NULL THEN NULL ELSE
  2  RTRIM(LTRIM(UPPER(FIRST_NAME),'QWRTYPSDFGHJKLZXCVBNM'),'QWRTYPSDFGHJKLZXCVBNM') END FROM EMPLOYEES;

FIRST_NAME CASEWHENLT                                                                                                                                                                                   
---------- ----------                                                                                                                                                                                   
Steven     EVE                                                                                                                                                                                          
Neena      EENA                                                                                                                                                                                         
Lex                                                                                                                                                                                                     
Alexander  ALEXANDE                                                                                                                                                                                     
Bruce      UCE                                                                                                                                                                                          
Diana      IANA                                                                                                                                                                                         
Kevin      EVI                                                                                                                                                                                          
Trenna     ENNA                                                                                                                                                                                         
Curtis     URTI                                                                                                                                                                                         
Randall    ANDA                                                                                                                                                                                         
Peter      ETE                                                                                                                                                                                          
Eleni      ELENI                                                                                                                                                                                        
Ellen      ELLE                                                                                                                                                                                         
Jonathon   ONATHO                                                                                                                                                                                       
Kimerely   IMERE                                                                                                                                                                                        
Jennifer   ENNIFE                                                                                                                                                                                       
Michael    ICHAE                                                                                                                                                                                        
Pat                                                                                                                                                                                                     
Shelley    ELLE                                                                                                                                                                                         
William    ILLIA                                                                                                                                                                                        

20 rows selected.

SQL> SELECT FIRST_NAME , CASE WHEN NVL(LTRIM(RTRIM(LTRIM(UPPER(FIRST_NAME),'QWRTYPSDFGHJKLZXCVBNM'),'QWRTYPSDFGHJKLZXCVBNM'),'AEIOU'),NULL)
  2  FROM EMPLOYEES;
FROM EMPLOYEES
*
ERROR at line 2:
ORA-00920: invalid relational operator 


SQL> SELECT FIRST_NAME , NVL(LTRIM(RTRIM(LTRIM(UPPER(FIRST_NAME),'QWRTYPSDFGHJKLZXCVBNM'),'QWRTYPSDFGHJKLZXCVBNM'),'AEIOU'),NULL)
  2  FROM EMPLOYEES;

FIRST_NAME NVL(LTRIM(                                                                                                                                                                                   
---------- ----------                                                                                                                                                                                   
Steven     VE                                                                                                                                                                                           
Neena      NA                                                                                                                                                                                           
Lex                                                                                                                                                                                                     
Alexander  LEXANDE                                                                                                                                                                                      
Bruce      CE                                                                                                                                                                                           
Diana      NA                                                                                                                                                                                           
Kevin      VI                                                                                                                                                                                           
Trenna     NNA                                                                                                                                                                                          
Curtis     RTI                                                                                                                                                                                          
Randall    NDA                                                                                                                                                                                          
Peter      TE                                                                                                                                                                                           
Eleni      LENI                                                                                                                                                                                         
Ellen      LLE                                                                                                                                                                                          
Jonathon   NATHO                                                                                                                                                                                        
Kimerely   MERE                                                                                                                                                                                         
Jennifer   NNIFE                                                                                                                                                                                        
Michael    CHAE                                                                                                                                                                                         
Pat                                                                                                                                                                                                     
Shelley    LLE                                                                                                                                                                                          
William    LLIA                                                                                                                                                                                         

20 rows selected.

SQL> SELECT FIRST_NAME , RTRIM(LTRIM(UPPER(FIRST_NAME),'QWRTYPSDFGHJKLZXCVBNM'),'QWRTYPSDFGHJKLZXCVBNM') FROM EMPLOYEES
  2  
SQL> 
SQL> CL SCR

SQL> REM UPDATE : TO UPDATE/MODIFY/EDIT/CHANGE EXISTING ROW VALUES.
SQL> 
SQL> DROP TABLE E1;

Table dropped.

SQL> CREATE TABLE E1 AS SELECT * FROM EMPLOYEES;

Table created.

SQL> DESC E1
 Name                                                                                                              Null?    Type
 ----------------------------------------------------------------------------------------------------------------- -------- ----------------------------------------------------------------------------
 EMPLOYEE_ID                                                                                                       NOT NULL NUMBER(6)
 FIRST_NAME                                                                                                                 VARCHAR2(10)
 LAST_NAME                                                                                                         NOT NULL VARCHAR2(10)
 EMAIL                                                                                                                      VARCHAR2(10)
 PHONE_NUMBER                                                                                                               VARCHAR2(20)
 HIRE_DATE                                                                                                         NOT NULL DATE
 JOB_ID                                                                                                            NOT NULL VARCHAR2(10)
 SALARY                                                                                                                     NUMBER(8,2)
 COMMISSION_PCT                                                                                                             NUMBER(2,2)
 MANAGER_ID                                                                                                                 NUMBER(6)
 DEPARTMENT_ID                                                                                                              NUMBER(4)

SQL> SELECT * FROM E1;

EMPLOYEE_ID FIRST_NAME LAST_NAME  EMAIL      PHONE_NUMBER         HIRE_DATE JOB_ID         SALARY COMMISSION_PCT MANAGER_ID DEPARTMENT_ID                                                               
----------- ---------- ---------- ---------- -------------------- --------- ---------- ---------- -------------- ---------- -------------                                                               
        100 Steven     King       SKING      515.123.4567         17-JUL-87 AD_PRES         24000                                      90                                                               
        101 Neena      Kochhar    NKOCHHAR   515.123.4568         21-SEP-89 AD_VP           17000                       100            90                                                               
        102 Lex        De Haan    LDEHAAN    515.123.4569         13-JAN-93 AD_VP           17000                       100            90                                                               
        103 Alexander  Hunold     AHUNOLD    590.423.4567         03-JAN-90 IT_PROG          9000                       102            60                                                               
        104 Bruce      Ernst      BERNST     590.423.4568         21-MAY-91 IT_PROG          6000                       103            60                                                               
        107 Diana      Lorentz    DLORENTZ   590.423.5567         07-FEB-99 IT_PROG          4200                       103            60                                                               
        124 Kevin      Mourgos    KMOURGOS   650.123.5234         16-NOV-99 ST_MAN           5800                       100            50                                                               
        141 Trenna     Rajs                  650.121.8009         17-OCT-95 ST_CLERK         3500                       124            50                                                               
        142 Curtis     Davies     CDAVIES    650.121.2994         29-JAN-97 ST_CLERK         3100                       124            50                                                               
        143 Randall    Matos      RMATOS     650.121.2874         15-MAR-98 ST_CLERK         2600                       124            50                                                               
        144 Peter      Vargas     PVARGAS    650.121.2004         09-JUL-98 ST_CLERK         2500                       124            50                                                               
        149 Eleni      Zlotkey    EZLOTKEY   011.44.1344.429018   29-JAN-00 SA_MAN          10500             .2        100            80                                                               
        174 Ellen      Abel       EABEL      011.44.1644.429267   11-MAY-96 SA_REP          11000             .3        149            80                                                               
        176 Jonathon   Taylor     JTAYLOR    011.44.1644.429265   24-MAR-98 SA_REP           8600             .3        149            80                                                               
        178 Kimerely   Grant      KGRANT     011.44.1644.429263   24-MAY-99 SA_REP           7000            .15        149                                                                             
        200 Jennifer   Whalen     JWHALEN    515.123.4444         17-SEP-87 AD_ASST          4400                       101            10                                                               
        201 Michael    Hartstein  MHARTSTE   515.123.5555         17-FEB-96 MK_MAN          13000                       100            20                                                               
        202 Pat        Fay        PFAY       603.123.6666         17-AUG-97 MK_REP           6000                       201            20                                                               
        205 Shelley    Higgins    SHIGGINS   515.123.8080         07-JUN-94 AC_MGR          12000                       101           110                                                               
        206 William    Gietz      WGIETZ     515.123.8181         07-JUN-94 AC_ACCOUNT       8300                       205           110                                                               

20 rows selected.

SQL> REM INCREMENT OF 1000 TO EMPLOYEE_ID 143
SQL> 
SQL> UPDATE E1 SET SALARY = SALARY + 1000;

20 rows updated.

SQL> SELECT * FROM E1;

EMPLOYEE_ID FIRST_NAME LAST_NAME  EMAIL      PHONE_NUMBER         HIRE_DATE JOB_ID         SALARY COMMISSION_PCT MANAGER_ID DEPARTMENT_ID                                                               
----------- ---------- ---------- ---------- -------------------- --------- ---------- ---------- -------------- ---------- -------------                                                               
        100 Steven     King       SKING      515.123.4567         17-JUL-87 AD_PRES         25000                                      90                                                               
        101 Neena      Kochhar    NKOCHHAR   515.123.4568         21-SEP-89 AD_VP           18000                       100            90                                                               
        102 Lex        De Haan    LDEHAAN    515.123.4569         13-JAN-93 AD_VP           18000                       100            90                                                               
        103 Alexander  Hunold     AHUNOLD    590.423.4567         03-JAN-90 IT_PROG         10000                       102            60                                                               
        104 Bruce      Ernst      BERNST     590.423.4568         21-MAY-91 IT_PROG          7000                       103            60                                                               
        107 Diana      Lorentz    DLORENTZ   590.423.5567         07-FEB-99 IT_PROG          5200                       103            60                                                               
        124 Kevin      Mourgos    KMOURGOS   650.123.5234         16-NOV-99 ST_MAN           6800                       100            50                                                               
        141 Trenna     Rajs                  650.121.8009         17-OCT-95 ST_CLERK         4500                       124            50                                                               
        142 Curtis     Davies     CDAVIES    650.121.2994         29-JAN-97 ST_CLERK         4100                       124            50                                                               
        143 Randall    Matos      RMATOS     650.121.2874         15-MAR-98 ST_CLERK         3600                       124            50                                                               
        144 Peter      Vargas     PVARGAS    650.121.2004         09-JUL-98 ST_CLERK         3500                       124            50                                                               
        149 Eleni      Zlotkey    EZLOTKEY   011.44.1344.429018   29-JAN-00 SA_MAN          11500             .2        100            80                                                               
        174 Ellen      Abel       EABEL      011.44.1644.429267   11-MAY-96 SA_REP          12000             .3        149            80                                                               
        176 Jonathon   Taylor     JTAYLOR    011.44.1644.429265   24-MAR-98 SA_REP           9600             .3        149            80                                                               
        178 Kimerely   Grant      KGRANT     011.44.1644.429263   24-MAY-99 SA_REP           8000            .15        149                                                                             
        200 Jennifer   Whalen     JWHALEN    515.123.4444         17-SEP-87 AD_ASST          5400                       101            10                                                               
        201 Michael    Hartstein  MHARTSTE   515.123.5555         17-FEB-96 MK_MAN          14000                       100            20                                                               
        202 Pat        Fay        PFAY       603.123.6666         17-AUG-97 MK_REP           7000                       201            20                                                               
        205 Shelley    Higgins    SHIGGINS   515.123.8080         07-JUN-94 AC_MGR          13000                       101           110                                                               
        206 William    Gietz      WGIETZ     515.123.8181         07-JUN-94 AC_ACCOUNT       9300                       205           110                                                               

20 rows selected.

SQL> ROLLBACK;

Rollback complete.

SQL> SELECT * FROM E1;

EMPLOYEE_ID FIRST_NAME LAST_NAME  EMAIL      PHONE_NUMBER         HIRE_DATE JOB_ID         SALARY COMMISSION_PCT MANAGER_ID DEPARTMENT_ID                                                               
----------- ---------- ---------- ---------- -------------------- --------- ---------- ---------- -------------- ---------- -------------                                                               
        100 Steven     King       SKING      515.123.4567         17-JUL-87 AD_PRES         24000                                      90                                                               
        101 Neena      Kochhar    NKOCHHAR   515.123.4568         21-SEP-89 AD_VP           17000                       100            90                                                               
        102 Lex        De Haan    LDEHAAN    515.123.4569         13-JAN-93 AD_VP           17000                       100            90                                                               
        103 Alexander  Hunold     AHUNOLD    590.423.4567         03-JAN-90 IT_PROG          9000                       102            60                                                               
        104 Bruce      Ernst      BERNST     590.423.4568         21-MAY-91 IT_PROG          6000                       103            60                                                               
        107 Diana      Lorentz    DLORENTZ   590.423.5567         07-FEB-99 IT_PROG          4200                       103            60                                                               
        124 Kevin      Mourgos    KMOURGOS   650.123.5234         16-NOV-99 ST_MAN           5800                       100            50                                                               
        141 Trenna     Rajs                  650.121.8009         17-OCT-95 ST_CLERK         3500                       124            50                                                               
        142 Curtis     Davies     CDAVIES    650.121.2994         29-JAN-97 ST_CLERK         3100                       124            50                                                               
        143 Randall    Matos      RMATOS     650.121.2874         15-MAR-98 ST_CLERK         2600                       124            50                                                               
        144 Peter      Vargas     PVARGAS    650.121.2004         09-JUL-98 ST_CLERK         2500                       124            50                                                               
        149 Eleni      Zlotkey    EZLOTKEY   011.44.1344.429018   29-JAN-00 SA_MAN          10500             .2        100            80                                                               
        174 Ellen      Abel       EABEL      011.44.1644.429267   11-MAY-96 SA_REP          11000             .3        149            80                                                               
        176 Jonathon   Taylor     JTAYLOR    011.44.1644.429265   24-MAR-98 SA_REP           8600             .3        149            80                                                               
        178 Kimerely   Grant      KGRANT     011.44.1644.429263   24-MAY-99 SA_REP           7000            .15        149                                                                             
        200 Jennifer   Whalen     JWHALEN    515.123.4444         17-SEP-87 AD_ASST          4400                       101            10                                                               
        201 Michael    Hartstein  MHARTSTE   515.123.5555         17-FEB-96 MK_MAN          13000                       100            20                                                               
        202 Pat        Fay        PFAY       603.123.6666         17-AUG-97 MK_REP           6000                       201            20                                                               
        205 Shelley    Higgins    SHIGGINS   515.123.8080         07-JUN-94 AC_MGR          12000                       101           110                                                               
        206 William    Gietz      WGIETZ     515.123.8181         07-JUN-94 AC_ACCOUNT       8300                       205           110                                                               

20 rows selected.

SQL> UPDATE E1 SET SALARY = SALARY + 1000 WHERE EMPLOYEE_ID = 143;

1 row updated.

SQL> SELECT * FROM E1;

EMPLOYEE_ID FIRST_NAME LAST_NAME  EMAIL      PHONE_NUMBER         HIRE_DATE JOB_ID         SALARY COMMISSION_PCT MANAGER_ID DEPARTMENT_ID                                                               
----------- ---------- ---------- ---------- -------------------- --------- ---------- ---------- -------------- ---------- -------------                                                               
        100 Steven     King       SKING      515.123.4567         17-JUL-87 AD_PRES         24000                                      90                                                               
        101 Neena      Kochhar    NKOCHHAR   515.123.4568         21-SEP-89 AD_VP           17000                       100            90                                                               
        102 Lex        De Haan    LDEHAAN    515.123.4569         13-JAN-93 AD_VP           17000                       100            90                                                               
        103 Alexander  Hunold     AHUNOLD    590.423.4567         03-JAN-90 IT_PROG          9000                       102            60                                                               
        104 Bruce      Ernst      BERNST     590.423.4568         21-MAY-91 IT_PROG          6000                       103            60                                                               
        107 Diana      Lorentz    DLORENTZ   590.423.5567         07-FEB-99 IT_PROG          4200                       103            60                                                               
        124 Kevin      Mourgos    KMOURGOS   650.123.5234         16-NOV-99 ST_MAN           5800                       100            50                                                               
        141 Trenna     Rajs                  650.121.8009         17-OCT-95 ST_CLERK         3500                       124            50                                                               
        142 Curtis     Davies     CDAVIES    650.121.2994         29-JAN-97 ST_CLERK         3100                       124            50                                                               
        143 Randall    Matos      RMATOS     650.121.2874         15-MAR-98 ST_CLERK         3600                       124            50                                                               
        144 Peter      Vargas     PVARGAS    650.121.2004         09-JUL-98 ST_CLERK         2500                       124            50                                                               
        149 Eleni      Zlotkey    EZLOTKEY   011.44.1344.429018   29-JAN-00 SA_MAN          10500             .2        100            80                                                               
        174 Ellen      Abel       EABEL      011.44.1644.429267   11-MAY-96 SA_REP          11000             .3        149            80                                                               
        176 Jonathon   Taylor     JTAYLOR    011.44.1644.429265   24-MAR-98 SA_REP           8600             .3        149            80                                                               
        178 Kimerely   Grant      KGRANT     011.44.1644.429263   24-MAY-99 SA_REP           7000            .15        149                                                                             
        200 Jennifer   Whalen     JWHALEN    515.123.4444         17-SEP-87 AD_ASST          4400                       101            10                                                               
        201 Michael    Hartstein  MHARTSTE   515.123.5555         17-FEB-96 MK_MAN          13000                       100            20                                                               
        202 Pat        Fay        PFAY       603.123.6666         17-AUG-97 MK_REP           6000                       201            20                                                               
        205 Shelley    Higgins    SHIGGINS   515.123.8080         07-JUN-94 AC_MGR          12000                       101           110                                                               
        206 William    Gietz      WGIETZ     515.123.8181         07-JUN-94 AC_ACCOUNT       8300                       205           110                                                               

20 rows selected.

SQL> REM INCREMENT OF 20% TO ALL WHO WORKS IN DEPARTMENT 80
SQL> 
SQL> UPDATE E1 SET SALARY = SALARY * 1.2 WHERE DEPARTMENT_ID = 80;

3 rows updated.

SQL> COMMIT;

Commit complete.

SQL> REM PROMOTION TO 202 TO MK_MAN WITH SALARY OF 11500
SQL> 
SQL> UPDATE E1 SET JOB_ID = 'MK_MAN' , SALARY = 11500 WHERE EMPLOYEE_ID = 202;

1 row updated.

SQL> COMMIT;

Commit complete.

SQL> REM INCREMENT OF 15% TO THOSE WHO WERE HIRED IN YEAR 99.
SQL> 
SQL> UPDATE E1 SET SALARY = SALARY * 1.15 WHERE HIRE_DATE LIKE '%99';

3 rows updated.

SQL> COMMIT;

Commit complete.

SQL> SELECT * FROM E1;

EMPLOYEE_ID FIRST_NAME LAST_NAME  EMAIL      PHONE_NUMBER         HIRE_DATE JOB_ID         SALARY COMMISSION_PCT MANAGER_ID DEPARTMENT_ID                                                               
----------- ---------- ---------- ---------- -------------------- --------- ---------- ---------- -------------- ---------- -------------                                                               
        100 Steven     King       SKING      515.123.4567         17-JUL-87 AD_PRES         24000                                      90                                                               
        101 Neena      Kochhar    NKOCHHAR   515.123.4568         21-SEP-89 AD_VP           17000                       100            90                                                               
        102 Lex        De Haan    LDEHAAN    515.123.4569         13-JAN-93 AD_VP           17000                       100            90                                                               
        103 Alexander  Hunold     AHUNOLD    590.423.4567         03-JAN-90 IT_PROG          9000                       102            60                                                               
        104 Bruce      Ernst      BERNST     590.423.4568         21-MAY-91 IT_PROG          6000                       103            60                                                               
        107 Diana      Lorentz    DLORENTZ   590.423.5567         07-FEB-99 IT_PROG          4830                       103            60                                                               
        124 Kevin      Mourgos    KMOURGOS   650.123.5234         16-NOV-99 ST_MAN           6670                       100            50                                                               
        141 Trenna     Rajs                  650.121.8009         17-OCT-95 ST_CLERK         3500                       124            50                                                               
        142 Curtis     Davies     CDAVIES    650.121.2994         29-JAN-97 ST_CLERK         3100                       124            50                                                               
        143 Randall    Matos      RMATOS     650.121.2874         15-MAR-98 ST_CLERK         3600                       124            50                                                               
        144 Peter      Vargas     PVARGAS    650.121.2004         09-JUL-98 ST_CLERK         2500                       124            50                                                               
        149 Eleni      Zlotkey    EZLOTKEY   011.44.1344.429018   29-JAN-00 SA_MAN          12600             .2        100            80                                                               
        174 Ellen      Abel       EABEL      011.44.1644.429267   11-MAY-96 SA_REP          13200             .3        149            80                                                               
        176 Jonathon   Taylor     JTAYLOR    011.44.1644.429265   24-MAR-98 SA_REP          10320             .3        149            80                                                               
        178 Kimerely   Grant      KGRANT     011.44.1644.429263   24-MAY-99 SA_REP           8050            .15        149                                                                             
        200 Jennifer   Whalen     JWHALEN    515.123.4444         17-SEP-87 AD_ASST          4400                       101            10                                                               
        201 Michael    Hartstein  MHARTSTE   515.123.5555         17-FEB-96 MK_MAN          13000                       100            20                                                               
        202 Pat        Fay        PFAY       603.123.6666         17-AUG-97 MK_MAN          11500                       201            20                                                               
        205 Shelley    Higgins    SHIGGINS   515.123.8080         07-JUN-94 AC_MGR          12000                       101           110                                                               
        206 William    Gietz      WGIETZ     515.123.8181         07-JUN-94 AC_ACCOUNT       8300                       205           110                                                               

20 rows selected.

SQL> SELECT * FROM DEPARTMENTS;

DEPARTMENT_ID DEPARTMENT_NAME                MANAGER_ID LOCATION_ID                                                                                                                                     
------------- ------------------------------ ---------- -----------                                                                                                                                     
           10 Administration                        200        1700                                                                                                                                     
           20 Marketing                             201        1800                                                                                                                                     
           50 Shiping                               124        1500                                                                                                                                     
           60 IT                                    103        1400                                                                                                                                     
           80 Sales                                 149        2500                                                                                                                                     
           90 Executive                             100        1700                                                                                                                                     
          110 Accounting                            205        1700                                                                                                                                     
          190 Contracting                                      1700                                                                                                                                     

8 rows selected.

SQL> REM MOVE Peter to Marketing DEPARTMENT.
SQL> 
SQL> UPDATE E1 SET DEPARTMENT_ID = (SELECT DEPARTMENT_ID FROM DEPARTMENTS WHERE DEPARTMENT_NAME = 'Marketing');

20 rows updated.

SQL> rollback;

Rollback complete.

SQL> UPDATE E1 SET DEPARTMENT_ID = (SELECT DEPARTMENT_ID FROM DEPARTMENTS WHERE DEPARTMENT_NAME = 'Marketing') WHERE FIRST_NAME = 'Peter';

1 row updated.

SQL> SELECT * FROM E1;

EMPLOYEE_ID FIRST_NAME LAST_NAME  EMAIL      PHONE_NUMBER         HIRE_DATE JOB_ID         SALARY COMMISSION_PCT MANAGER_ID DEPARTMENT_ID                                                               
----------- ---------- ---------- ---------- -------------------- --------- ---------- ---------- -------------- ---------- -------------                                                               
        100 Steven     King       SKING      515.123.4567         17-JUL-87 AD_PRES         24000                                      90                                                               
        101 Neena      Kochhar    NKOCHHAR   515.123.4568         21-SEP-89 AD_VP           17000                       100            90                                                               
        102 Lex        De Haan    LDEHAAN    515.123.4569         13-JAN-93 AD_VP           17000                       100            90                                                               
        103 Alexander  Hunold     AHUNOLD    590.423.4567         03-JAN-90 IT_PROG          9000                       102            60                                                               
        104 Bruce      Ernst      BERNST     590.423.4568         21-MAY-91 IT_PROG          6000                       103            60                                                               
        107 Diana      Lorentz    DLORENTZ   590.423.5567         07-FEB-99 IT_PROG          4830                       103            60                                                               
        124 Kevin      Mourgos    KMOURGOS   650.123.5234         16-NOV-99 ST_MAN           6670                       100            50                                                               
        141 Trenna     Rajs                  650.121.8009         17-OCT-95 ST_CLERK         3500                       124            50                                                               
        142 Curtis     Davies     CDAVIES    650.121.2994         29-JAN-97 ST_CLERK         3100                       124            50                                                               
        143 Randall    Matos      RMATOS     650.121.2874         15-MAR-98 ST_CLERK         3600                       124            50                                                               
        144 Peter      Vargas     PVARGAS    650.121.2004         09-JUL-98 ST_CLERK         2500                       124            20                                                               
        149 Eleni      Zlotkey    EZLOTKEY   011.44.1344.429018   29-JAN-00 SA_MAN          12600             .2        100            80                                                               
        174 Ellen      Abel       EABEL      011.44.1644.429267   11-MAY-96 SA_REP          13200             .3        149            80                                                               
        176 Jonathon   Taylor     JTAYLOR    011.44.1644.429265   24-MAR-98 SA_REP          10320             .3        149            80                                                               
        178 Kimerely   Grant      KGRANT     011.44.1644.429263   24-MAY-99 SA_REP           8050            .15        149                                                                             
        200 Jennifer   Whalen     JWHALEN    515.123.4444         17-SEP-87 AD_ASST          4400                       101            10                                                               
        201 Michael    Hartstein  MHARTSTE   515.123.5555         17-FEB-96 MK_MAN          13000                       100            20                                                               
        202 Pat        Fay        PFAY       603.123.6666         17-AUG-97 MK_MAN          11500                       201            20                                                               
        205 Shelley    Higgins    SHIGGINS   515.123.8080         07-JUN-94 AC_MGR          12000                       101           110                                                               
        206 William    Gietz      WGIETZ     515.123.8181         07-JUN-94 AC_ACCOUNT       8300                       205           110                                                               

20 rows selected.

SQL> REM INCREMENT OF 10% TO THOSE WHO WORKS IN Executive DEPARTMENT
SQL> 
SQL> UPDATE E1 SET SALARY = SALARY * 1.1 WHERE DEPARTMENT_ID IN (SELECT DEPARTMENT_ID FROM DEPARMENTS WHERE DEPARTMENT_NAME = 'Executive');
UPDATE E1 SET SALARY = SALARY * 1.1 WHERE DEPARTMENT_ID IN (SELECT DEPARTMENT_ID FROM DEPARMENTS WHERE DEPARTMENT_NAME = 'Executive')
                                                                                      *
ERROR at line 1:
ORA-00942: table or view does not exist 


SQL> UPDATE E1 SET SALARY = SALARY * 1.1 WHERE DEPARTMENT_ID IN (SELECT DEPARTMENT_ID FROM DEPARTMENTS WHERE DEPARTMENT_NAME = 'Executive');

3 rows updated.

SQL> COMMIT;

Commit complete.

SQL> DELETE E1 WHERE JOB_ID = 'ST_CLERK';

4 rows deleted.

SQL> COMMIT;

Commit complete.

SQL> DELETE E1 WHERE SALARY < 6000;

2 rows deleted.

SQL> COMMIT;

Commit complete.

SQL> REM VERSIONS QUERY : TO GET OLDER VERSIONS OF DATA/BEFORE COMMIT IMAGE
SQL> 
SQL> REM TYPES OF VERSIONS QUERY : 1 TIMESTAMP BETWEEN MINVALUE AND MAXVALUE 2 AS OF TIMESTAMP
SQL> 
SQL> REM 1 TIMESTAMP BETWEEN MINVALUE AND MAXVALUE : CAN PROVIDE ALL OLDER VERSIONS AVAILABLE
SQL> 
SQL> REM 2 AS OF TIMESTAMP : CAN PROVIDE OLDER VERSION ON SPECIFIC DATE AND TIME
SQL> 
SQL> 
SQL> 
SQL> SELECT * FROM E1;

EMPLOYEE_ID FIRST_NAME LAST_NAME  EMAIL      PHONE_NUMBER         HIRE_DATE JOB_ID         SALARY COMMISSION_PCT MANAGER_ID DEPARTMENT_ID                                                               
----------- ---------- ---------- ---------- -------------------- --------- ---------- ---------- -------------- ---------- -------------                                                               
        100 Steven     King       SKING      515.123.4567         17-JUL-87 AD_PRES         26400                                      90                                                               
        101 Neena      Kochhar    NKOCHHAR   515.123.4568         21-SEP-89 AD_VP           18700                       100            90                                                               
        102 Lex        De Haan    LDEHAAN    515.123.4569         13-JAN-93 AD_VP           18700                       100            90                                                               
        103 Alexander  Hunold     AHUNOLD    590.423.4567         03-JAN-90 IT_PROG          9000                       102            60                                                               
        104 Bruce      Ernst      BERNST     590.423.4568         21-MAY-91 IT_PROG          6000                       103            60                                                               
        124 Kevin      Mourgos    KMOURGOS   650.123.5234         16-NOV-99 ST_MAN           6670                       100            50                                                               
        149 Eleni      Zlotkey    EZLOTKEY   011.44.1344.429018   29-JAN-00 SA_MAN          12600             .2        100            80                                                               
        174 Ellen      Abel       EABEL      011.44.1644.429267   11-MAY-96 SA_REP          13200             .3        149            80                                                               
        176 Jonathon   Taylor     JTAYLOR    011.44.1644.429265   24-MAR-98 SA_REP          10320             .3        149            80                                                               
        178 Kimerely   Grant      KGRANT     011.44.1644.429263   24-MAY-99 SA_REP           8050            .15        149                                                                             
        201 Michael    Hartstein  MHARTSTE   515.123.5555         17-FEB-96 MK_MAN          13000                       100            20                                                               
        202 Pat        Fay        PFAY       603.123.6666         17-AUG-97 MK_MAN          11500                       201            20                                                               
        205 Shelley    Higgins    SHIGGINS   515.123.8080         07-JUN-94 AC_MGR          12000                       101           110                                                               
        206 William    Gietz      WGIETZ     515.123.8181         07-JUN-94 AC_ACCOUNT       8300                       205           110                                                               

14 rows selected.

SQL> SELECT * FROM E1 VERSIONS BETWEEN TIMESTAMP MINVALUE AND MAXVALUE;

EMPLOYEE_ID FIRST_NAME LAST_NAME  EMAIL      PHONE_NUMBER         HIRE_DATE JOB_ID         SALARY COMMISSION_PCT MANAGER_ID DEPARTMENT_ID                                                               
----------- ---------- ---------- ---------- -------------------- --------- ---------- ---------- -------------- ---------- -------------                                                               
        200 Jennifer   Whalen     JWHALEN    515.123.4444         17-SEP-87 AD_ASST          4400                       101            10                                                               
        107 Diana      Lorentz    DLORENTZ   590.423.5567         07-FEB-99 IT_PROG          4830                       103            60                                                               
        144 Peter      Vargas     PVARGAS    650.121.2004         09-JUL-98 ST_CLERK         2500                       124            20                                                               
        143 Randall    Matos      RMATOS     650.121.2874         15-MAR-98 ST_CLERK         3600                       124            50                                                               
        142 Curtis     Davies     CDAVIES    650.121.2994         29-JAN-97 ST_CLERK         3100                       124            50                                                               
        141 Trenna     Rajs                  650.121.8009         17-OCT-95 ST_CLERK         3500                       124            50                                                               
        101 Neena      Kochhar    NKOCHHAR   515.123.4568         21-SEP-89 AD_VP           18700                       100            90                                                               
        100 Steven     King       SKING      515.123.4567         17-JUL-87 AD_PRES         26400                                      90                                                               
        102 Lex        De Haan    LDEHAAN    515.123.4569         13-JAN-93 AD_VP           18700                       100            90                                                               
        144 Peter      Vargas     PVARGAS    650.121.2004         09-JUL-98 ST_CLERK         2500                       124            20                                                               
        178 Kimerely   Grant      KGRANT     011.44.1644.429263   24-MAY-99 SA_REP           8050            .15        149                                                                             
        124 Kevin      Mourgos    KMOURGOS   650.123.5234         16-NOV-99 ST_MAN           6670                       100            50                                                               
        107 Diana      Lorentz    DLORENTZ   590.423.5567         07-FEB-99 IT_PROG          4830                       103            60                                                               
        202 Pat        Fay        PFAY       603.123.6666         17-AUG-97 MK_MAN          11500                       201            20                                                               
        176 Jonathon   Taylor     JTAYLOR    011.44.1644.429265   24-MAR-98 SA_REP          10320             .3        149            80                                                               
        149 Eleni      Zlotkey    EZLOTKEY   011.44.1344.429018   29-JAN-00 SA_MAN          12600             .2        100            80                                                               
        174 Ellen      Abel       EABEL      011.44.1644.429267   11-MAY-96 SA_REP          13200             .3        149            80                                                               
        143 Randall    Matos      RMATOS     650.121.2874         15-MAR-98 ST_CLERK         3600                       124            50                                                               
        100 Steven     King       SKING      515.123.4567         17-JUL-87 AD_PRES         24000                                      90                                                               
        101 Neena      Kochhar    NKOCHHAR   515.123.4568         21-SEP-89 AD_VP           17000                       100            90                                                               
        102 Lex        De Haan    LDEHAAN    515.123.4569         13-JAN-93 AD_VP           17000                       100            90                                                               

EMPLOYEE_ID FIRST_NAME LAST_NAME  EMAIL      PHONE_NUMBER         HIRE_DATE JOB_ID         SALARY COMMISSION_PCT MANAGER_ID DEPARTMENT_ID                                                               
----------- ---------- ---------- ---------- -------------------- --------- ---------- ---------- -------------- ---------- -------------                                                               
        103 Alexander  Hunold     AHUNOLD    590.423.4567         03-JAN-90 IT_PROG          9000                       102            60                                                               
        104 Bruce      Ernst      BERNST     590.423.4568         21-MAY-91 IT_PROG          6000                       103            60                                                               
        107 Diana      Lorentz    DLORENTZ   590.423.5567         07-FEB-99 IT_PROG          4200                       103            60                                                               
        124 Kevin      Mourgos    KMOURGOS   650.123.5234         16-NOV-99 ST_MAN           5800                       100            50                                                               
        141 Trenna     Rajs                  650.121.8009         17-OCT-95 ST_CLERK         3500                       124            50                                                               
        142 Curtis     Davies     CDAVIES    650.121.2994         29-JAN-97 ST_CLERK         3100                       124            50                                                               
        143 Randall    Matos      RMATOS     650.121.2874         15-MAR-98 ST_CLERK         2600                       124            50                                                               
        144 Peter      Vargas     PVARGAS    650.121.2004         09-JUL-98 ST_CLERK         2500                       124            50                                                               
        149 Eleni      Zlotkey    EZLOTKEY   011.44.1344.429018   29-JAN-00 SA_MAN          10500             .2        100            80                                                               
        174 Ellen      Abel       EABEL      011.44.1644.429267   11-MAY-96 SA_REP          11000             .3        149            80                                                               
        176 Jonathon   Taylor     JTAYLOR    011.44.1644.429265   24-MAR-98 SA_REP           8600             .3        149            80                                                               
        178 Kimerely   Grant      KGRANT     011.44.1644.429263   24-MAY-99 SA_REP           7000            .15        149                                                                             
        200 Jennifer   Whalen     JWHALEN    515.123.4444         17-SEP-87 AD_ASST          4400                       101            10                                                               
        201 Michael    Hartstein  MHARTSTE   515.123.5555         17-FEB-96 MK_MAN          13000                       100            20                                                               
        202 Pat        Fay        PFAY       603.123.6666         17-AUG-97 MK_REP           6000                       201            20                                                               
        205 Shelley    Higgins    SHIGGINS   515.123.8080         07-JUN-94 AC_MGR          12000                       101           110                                                               
        206 William    Gietz      WGIETZ     515.123.8181         07-JUN-94 AC_ACCOUNT       8300                       205           110                                                               

38 rows selected.

SQL> SELECT * FROM E1;

EMPLOYEE_ID FIRST_NAME LAST_NAME  EMAIL      PHONE_NUMBER         HIRE_DATE JOB_ID         SALARY COMMISSION_PCT MANAGER_ID DEPARTMENT_ID                                                               
----------- ---------- ---------- ---------- -------------------- --------- ---------- ---------- -------------- ---------- -------------                                                               
        100 Steven     King       SKING      515.123.4567         17-JUL-87 AD_PRES         26400                                      90                                                               
        101 Neena      Kochhar    NKOCHHAR   515.123.4568         21-SEP-89 AD_VP           18700                       100            90                                                               
        102 Lex        De Haan    LDEHAAN    515.123.4569         13-JAN-93 AD_VP           18700                       100            90                                                               
        103 Alexander  Hunold     AHUNOLD    590.423.4567         03-JAN-90 IT_PROG          9000                       102            60                                                               
        104 Bruce      Ernst      BERNST     590.423.4568         21-MAY-91 IT_PROG          6000                       103            60                                                               
        124 Kevin      Mourgos    KMOURGOS   650.123.5234         16-NOV-99 ST_MAN           6670                       100            50                                                               
        149 Eleni      Zlotkey    EZLOTKEY   011.44.1344.429018   29-JAN-00 SA_MAN          12600             .2        100            80                                                               
        174 Ellen      Abel       EABEL      011.44.1644.429267   11-MAY-96 SA_REP          13200             .3        149            80                                                               
        176 Jonathon   Taylor     JTAYLOR    011.44.1644.429265   24-MAR-98 SA_REP          10320             .3        149            80                                                               
        178 Kimerely   Grant      KGRANT     011.44.1644.429263   24-MAY-99 SA_REP           8050            .15        149                                                                             
        201 Michael    Hartstein  MHARTSTE   515.123.5555         17-FEB-96 MK_MAN          13000                       100            20                                                               
        202 Pat        Fay        PFAY       603.123.6666         17-AUG-97 MK_MAN          11500                       201            20                                                               
        205 Shelley    Higgins    SHIGGINS   515.123.8080         07-JUN-94 AC_MGR          12000                       101           110                                                               
        206 William    Gietz      WGIETZ     515.123.8181         07-JUN-94 AC_ACCOUNT       8300                       205           110                                                               

14 rows selected.

SQL> SELECT * FROM E1 AS OF TIMESTAMP SYSTIMESTAMP - INTERVAL '1' MINUTE;

EMPLOYEE_ID FIRST_NAME LAST_NAME  EMAIL      PHONE_NUMBER         HIRE_DATE JOB_ID         SALARY COMMISSION_PCT MANAGER_ID DEPARTMENT_ID                                                               
----------- ---------- ---------- ---------- -------------------- --------- ---------- ---------- -------------- ---------- -------------                                                               
        100 Steven     King       SKING      515.123.4567         17-JUL-87 AD_PRES         26400                                      90                                                               
        101 Neena      Kochhar    NKOCHHAR   515.123.4568         21-SEP-89 AD_VP           18700                       100            90                                                               
        102 Lex        De Haan    LDEHAAN    515.123.4569         13-JAN-93 AD_VP           18700                       100            90                                                               
        103 Alexander  Hunold     AHUNOLD    590.423.4567         03-JAN-90 IT_PROG          9000                       102            60                                                               
        104 Bruce      Ernst      BERNST     590.423.4568         21-MAY-91 IT_PROG          6000                       103            60                                                               
        124 Kevin      Mourgos    KMOURGOS   650.123.5234         16-NOV-99 ST_MAN           6670                       100            50                                                               
        149 Eleni      Zlotkey    EZLOTKEY   011.44.1344.429018   29-JAN-00 SA_MAN          12600             .2        100            80                                                               
        174 Ellen      Abel       EABEL      011.44.1644.429267   11-MAY-96 SA_REP          13200             .3        149            80                                                               
        176 Jonathon   Taylor     JTAYLOR    011.44.1644.429265   24-MAR-98 SA_REP          10320             .3        149            80                                                               
        178 Kimerely   Grant      KGRANT     011.44.1644.429263   24-MAY-99 SA_REP           8050            .15        149                                                                             
        201 Michael    Hartstein  MHARTSTE   515.123.5555         17-FEB-96 MK_MAN          13000                       100            20                                                               
        202 Pat        Fay        PFAY       603.123.6666         17-AUG-97 MK_MAN          11500                       201            20                                                               
        205 Shelley    Higgins    SHIGGINS   515.123.8080         07-JUN-94 AC_MGR          12000                       101           110                                                               
        206 William    Gietz      WGIETZ     515.123.8181         07-JUN-94 AC_ACCOUNT       8300                       205           110                                                               

14 rows selected.

SQL> SELECT * FROM E1 AS OF TIMESTAMP SYSTIMESTAMP - INTERVAL '2' MINUTE;

EMPLOYEE_ID FIRST_NAME LAST_NAME  EMAIL      PHONE_NUMBER         HIRE_DATE JOB_ID         SALARY COMMISSION_PCT MANAGER_ID DEPARTMENT_ID                                                               
----------- ---------- ---------- ---------- -------------------- --------- ---------- ---------- -------------- ---------- -------------                                                               
        100 Steven     King       SKING      515.123.4567         17-JUL-87 AD_PRES         26400                                      90                                                               
        101 Neena      Kochhar    NKOCHHAR   515.123.4568         21-SEP-89 AD_VP           18700                       100            90                                                               
        102 Lex        De Haan    LDEHAAN    515.123.4569         13-JAN-93 AD_VP           18700                       100            90                                                               
        103 Alexander  Hunold     AHUNOLD    590.423.4567         03-JAN-90 IT_PROG          9000                       102            60                                                               
        104 Bruce      Ernst      BERNST     590.423.4568         21-MAY-91 IT_PROG          6000                       103            60                                                               
        124 Kevin      Mourgos    KMOURGOS   650.123.5234         16-NOV-99 ST_MAN           6670                       100            50                                                               
        149 Eleni      Zlotkey    EZLOTKEY   011.44.1344.429018   29-JAN-00 SA_MAN          12600             .2        100            80                                                               
        174 Ellen      Abel       EABEL      011.44.1644.429267   11-MAY-96 SA_REP          13200             .3        149            80                                                               
        176 Jonathon   Taylor     JTAYLOR    011.44.1644.429265   24-MAR-98 SA_REP          10320             .3        149            80                                                               
        178 Kimerely   Grant      KGRANT     011.44.1644.429263   24-MAY-99 SA_REP           8050            .15        149                                                                             
        201 Michael    Hartstein  MHARTSTE   515.123.5555         17-FEB-96 MK_MAN          13000                       100            20                                                               
        202 Pat        Fay        PFAY       603.123.6666         17-AUG-97 MK_MAN          11500                       201            20                                                               
        205 Shelley    Higgins    SHIGGINS   515.123.8080         07-JUN-94 AC_MGR          12000                       101           110                                                               
        206 William    Gietz      WGIETZ     515.123.8181         07-JUN-94 AC_ACCOUNT       8300                       205           110                                                               

14 rows selected.

SQL> SELECT * FROM E1 AS OF TIMESTAMP SYSTIMESTAMP - INTERVAL '3' MINUTE;

EMPLOYEE_ID FIRST_NAME LAST_NAME  EMAIL      PHONE_NUMBER         HIRE_DATE JOB_ID         SALARY COMMISSION_PCT MANAGER_ID DEPARTMENT_ID                                                               
----------- ---------- ---------- ---------- -------------------- --------- ---------- ---------- -------------- ---------- -------------                                                               
        100 Steven     King       SKING      515.123.4567         17-JUL-87 AD_PRES         26400                                      90                                                               
        101 Neena      Kochhar    NKOCHHAR   515.123.4568         21-SEP-89 AD_VP           18700                       100            90                                                               
        102 Lex        De Haan    LDEHAAN    515.123.4569         13-JAN-93 AD_VP           18700                       100            90                                                               
        103 Alexander  Hunold     AHUNOLD    590.423.4567         03-JAN-90 IT_PROG          9000                       102            60                                                               
        104 Bruce      Ernst      BERNST     590.423.4568         21-MAY-91 IT_PROG          6000                       103            60                                                               
        124 Kevin      Mourgos    KMOURGOS   650.123.5234         16-NOV-99 ST_MAN           6670                       100            50                                                               
        149 Eleni      Zlotkey    EZLOTKEY   011.44.1344.429018   29-JAN-00 SA_MAN          12600             .2        100            80                                                               
        174 Ellen      Abel       EABEL      011.44.1644.429267   11-MAY-96 SA_REP          13200             .3        149            80                                                               
        176 Jonathon   Taylor     JTAYLOR    011.44.1644.429265   24-MAR-98 SA_REP          10320             .3        149            80                                                               
        178 Kimerely   Grant      KGRANT     011.44.1644.429263   24-MAY-99 SA_REP           8050            .15        149                                                                             
        201 Michael    Hartstein  MHARTSTE   515.123.5555         17-FEB-96 MK_MAN          13000                       100            20                                                               
        202 Pat        Fay        PFAY       603.123.6666         17-AUG-97 MK_MAN          11500                       201            20                                                               
        205 Shelley    Higgins    SHIGGINS   515.123.8080         07-JUN-94 AC_MGR          12000                       101           110                                                               
        206 William    Gietz      WGIETZ     515.123.8181         07-JUN-94 AC_ACCOUNT       8300                       205           110                                                               

14 rows selected.

SQL> SELECT * FROM E1 AS OF TIMESTAMP SYSTIMESTAMP - INTERVAL '4' MINUTE;

EMPLOYEE_ID FIRST_NAME LAST_NAME  EMAIL      PHONE_NUMBER         HIRE_DATE JOB_ID         SALARY COMMISSION_PCT MANAGER_ID DEPARTMENT_ID                                                               
----------- ---------- ---------- ---------- -------------------- --------- ---------- ---------- -------------- ---------- -------------                                                               
        100 Steven     King       SKING      515.123.4567         17-JUL-87 AD_PRES         26400                                      90                                                               
        101 Neena      Kochhar    NKOCHHAR   515.123.4568         21-SEP-89 AD_VP           18700                       100            90                                                               
        102 Lex        De Haan    LDEHAAN    515.123.4569         13-JAN-93 AD_VP           18700                       100            90                                                               
        103 Alexander  Hunold     AHUNOLD    590.423.4567         03-JAN-90 IT_PROG          9000                       102            60                                                               
        104 Bruce      Ernst      BERNST     590.423.4568         21-MAY-91 IT_PROG          6000                       103            60                                                               
        124 Kevin      Mourgos    KMOURGOS   650.123.5234         16-NOV-99 ST_MAN           6670                       100            50                                                               
        149 Eleni      Zlotkey    EZLOTKEY   011.44.1344.429018   29-JAN-00 SA_MAN          12600             .2        100            80                                                               
        174 Ellen      Abel       EABEL      011.44.1644.429267   11-MAY-96 SA_REP          13200             .3        149            80                                                               
        176 Jonathon   Taylor     JTAYLOR    011.44.1644.429265   24-MAR-98 SA_REP          10320             .3        149            80                                                               
        178 Kimerely   Grant      KGRANT     011.44.1644.429263   24-MAY-99 SA_REP           8050            .15        149                                                                             
        201 Michael    Hartstein  MHARTSTE   515.123.5555         17-FEB-96 MK_MAN          13000                       100            20                                                               
        202 Pat        Fay        PFAY       603.123.6666         17-AUG-97 MK_MAN          11500                       201            20                                                               
        205 Shelley    Higgins    SHIGGINS   515.123.8080         07-JUN-94 AC_MGR          12000                       101           110                                                               
        206 William    Gietz      WGIETZ     515.123.8181         07-JUN-94 AC_ACCOUNT       8300                       205           110                                                               

14 rows selected.

SQL> SELECT * FROM E1 AS OF TIMESTAMP SYSTIMESTAMP - INTERVAL '5' MINUTE;

EMPLOYEE_ID FIRST_NAME LAST_NAME  EMAIL      PHONE_NUMBER         HIRE_DATE JOB_ID         SALARY COMMISSION_PCT MANAGER_ID DEPARTMENT_ID                                                               
----------- ---------- ---------- ---------- -------------------- --------- ---------- ---------- -------------- ---------- -------------                                                               
        100 Steven     King       SKING      515.123.4567         17-JUL-87 AD_PRES         26400                                      90                                                               
        101 Neena      Kochhar    NKOCHHAR   515.123.4568         21-SEP-89 AD_VP           18700                       100            90                                                               
        102 Lex        De Haan    LDEHAAN    515.123.4569         13-JAN-93 AD_VP           18700                       100            90                                                               
        103 Alexander  Hunold     AHUNOLD    590.423.4567         03-JAN-90 IT_PROG          9000                       102            60                                                               
        104 Bruce      Ernst      BERNST     590.423.4568         21-MAY-91 IT_PROG          6000                       103            60                                                               
        107 Diana      Lorentz    DLORENTZ   590.423.5567         07-FEB-99 IT_PROG          4830                       103            60                                                               
        124 Kevin      Mourgos    KMOURGOS   650.123.5234         16-NOV-99 ST_MAN           6670                       100            50                                                               
        149 Eleni      Zlotkey    EZLOTKEY   011.44.1344.429018   29-JAN-00 SA_MAN          12600             .2        100            80                                                               
        174 Ellen      Abel       EABEL      011.44.1644.429267   11-MAY-96 SA_REP          13200             .3        149            80                                                               
        176 Jonathon   Taylor     JTAYLOR    011.44.1644.429265   24-MAR-98 SA_REP          10320             .3        149            80                                                               
        178 Kimerely   Grant      KGRANT     011.44.1644.429263   24-MAY-99 SA_REP           8050            .15        149                                                                             
        200 Jennifer   Whalen     JWHALEN    515.123.4444         17-SEP-87 AD_ASST          4400                       101            10                                                               
        201 Michael    Hartstein  MHARTSTE   515.123.5555         17-FEB-96 MK_MAN          13000                       100            20                                                               
        202 Pat        Fay        PFAY       603.123.6666         17-AUG-97 MK_MAN          11500                       201            20                                                               
        205 Shelley    Higgins    SHIGGINS   515.123.8080         07-JUN-94 AC_MGR          12000                       101           110                                                               
        206 William    Gietz      WGIETZ     515.123.8181         07-JUN-94 AC_ACCOUNT       8300                       205           110                                                               

16 rows selected.

SQL> SELECT * FROM E1 AS OF TIMESTAMP SYSTIMESTAMP - INTERVAL '6' MINUTE;

EMPLOYEE_ID FIRST_NAME LAST_NAME  EMAIL      PHONE_NUMBER         HIRE_DATE JOB_ID         SALARY COMMISSION_PCT MANAGER_ID DEPARTMENT_ID                                                               
----------- ---------- ---------- ---------- -------------------- --------- ---------- ---------- -------------- ---------- -------------                                                               
        100 Steven     King       SKING      515.123.4567         17-JUL-87 AD_PRES         26400                                      90                                                               
        101 Neena      Kochhar    NKOCHHAR   515.123.4568         21-SEP-89 AD_VP           18700                       100            90                                                               
        102 Lex        De Haan    LDEHAAN    515.123.4569         13-JAN-93 AD_VP           18700                       100            90                                                               
        103 Alexander  Hunold     AHUNOLD    590.423.4567         03-JAN-90 IT_PROG          9000                       102            60                                                               
        104 Bruce      Ernst      BERNST     590.423.4568         21-MAY-91 IT_PROG          6000                       103            60                                                               
        107 Diana      Lorentz    DLORENTZ   590.423.5567         07-FEB-99 IT_PROG          4830                       103            60                                                               
        124 Kevin      Mourgos    KMOURGOS   650.123.5234         16-NOV-99 ST_MAN           6670                       100            50                                                               
        149 Eleni      Zlotkey    EZLOTKEY   011.44.1344.429018   29-JAN-00 SA_MAN          12600             .2        100            80                                                               
        174 Ellen      Abel       EABEL      011.44.1644.429267   11-MAY-96 SA_REP          13200             .3        149            80                                                               
        176 Jonathon   Taylor     JTAYLOR    011.44.1644.429265   24-MAR-98 SA_REP          10320             .3        149            80                                                               
        178 Kimerely   Grant      KGRANT     011.44.1644.429263   24-MAY-99 SA_REP           8050            .15        149                                                                             
        200 Jennifer   Whalen     JWHALEN    515.123.4444         17-SEP-87 AD_ASST          4400                       101            10                                                               
        201 Michael    Hartstein  MHARTSTE   515.123.5555         17-FEB-96 MK_MAN          13000                       100            20                                                               
        202 Pat        Fay        PFAY       603.123.6666         17-AUG-97 MK_MAN          11500                       201            20                                                               
        205 Shelley    Higgins    SHIGGINS   515.123.8080         07-JUN-94 AC_MGR          12000                       101           110                                                               
        206 William    Gietz      WGIETZ     515.123.8181         07-JUN-94 AC_ACCOUNT       8300                       205           110                                                               

16 rows selected.

SQL> SELECT * FROM E1 AS OF TIMESTAMP SYSTIMESTAMP - INTERVAL '7' MINUTE;

EMPLOYEE_ID FIRST_NAME LAST_NAME  EMAIL      PHONE_NUMBER         HIRE_DATE JOB_ID         SALARY COMMISSION_PCT MANAGER_ID DEPARTMENT_ID                                                               
----------- ---------- ---------- ---------- -------------------- --------- ---------- ---------- -------------- ---------- -------------                                                               
        100 Steven     King       SKING      515.123.4567         17-JUL-87 AD_PRES         26400                                      90                                                               
        101 Neena      Kochhar    NKOCHHAR   515.123.4568         21-SEP-89 AD_VP           18700                       100            90                                                               
        102 Lex        De Haan    LDEHAAN    515.123.4569         13-JAN-93 AD_VP           18700                       100            90                                                               
        103 Alexander  Hunold     AHUNOLD    590.423.4567         03-JAN-90 IT_PROG          9000                       102            60                                                               
        104 Bruce      Ernst      BERNST     590.423.4568         21-MAY-91 IT_PROG          6000                       103            60                                                               
        107 Diana      Lorentz    DLORENTZ   590.423.5567         07-FEB-99 IT_PROG          4830                       103            60                                                               
        124 Kevin      Mourgos    KMOURGOS   650.123.5234         16-NOV-99 ST_MAN           6670                       100            50                                                               
        149 Eleni      Zlotkey    EZLOTKEY   011.44.1344.429018   29-JAN-00 SA_MAN          12600             .2        100            80                                                               
        174 Ellen      Abel       EABEL      011.44.1644.429267   11-MAY-96 SA_REP          13200             .3        149            80                                                               
        176 Jonathon   Taylor     JTAYLOR    011.44.1644.429265   24-MAR-98 SA_REP          10320             .3        149            80                                                               
        178 Kimerely   Grant      KGRANT     011.44.1644.429263   24-MAY-99 SA_REP           8050            .15        149                                                                             
        200 Jennifer   Whalen     JWHALEN    515.123.4444         17-SEP-87 AD_ASST          4400                       101            10                                                               
        201 Michael    Hartstein  MHARTSTE   515.123.5555         17-FEB-96 MK_MAN          13000                       100            20                                                               
        202 Pat        Fay        PFAY       603.123.6666         17-AUG-97 MK_MAN          11500                       201            20                                                               
        205 Shelley    Higgins    SHIGGINS   515.123.8080         07-JUN-94 AC_MGR          12000                       101           110                                                               
        206 William    Gietz      WGIETZ     515.123.8181         07-JUN-94 AC_ACCOUNT       8300                       205           110                                                               

16 rows selected.

SQL> SELECT * FROM E1 AS OF TIMESTAMP SYSTIMESTAMP - INTERVAL '8' MINUTE;

EMPLOYEE_ID FIRST_NAME LAST_NAME  EMAIL      PHONE_NUMBER         HIRE_DATE JOB_ID         SALARY COMMISSION_PCT MANAGER_ID DEPARTMENT_ID                                                               
----------- ---------- ---------- ---------- -------------------- --------- ---------- ---------- -------------- ---------- -------------                                                               
        100 Steven     King       SKING      515.123.4567         17-JUL-87 AD_PRES         26400                                      90                                                               
        101 Neena      Kochhar    NKOCHHAR   515.123.4568         21-SEP-89 AD_VP           18700                       100            90                                                               
        102 Lex        De Haan    LDEHAAN    515.123.4569         13-JAN-93 AD_VP           18700                       100            90                                                               
        103 Alexander  Hunold     AHUNOLD    590.423.4567         03-JAN-90 IT_PROG          9000                       102            60                                                               
        104 Bruce      Ernst      BERNST     590.423.4568         21-MAY-91 IT_PROG          6000                       103            60                                                               
        107 Diana      Lorentz    DLORENTZ   590.423.5567         07-FEB-99 IT_PROG          4830                       103            60                                                               
        124 Kevin      Mourgos    KMOURGOS   650.123.5234         16-NOV-99 ST_MAN           6670                       100            50                                                               
        149 Eleni      Zlotkey    EZLOTKEY   011.44.1344.429018   29-JAN-00 SA_MAN          12600             .2        100            80                                                               
        174 Ellen      Abel       EABEL      011.44.1644.429267   11-MAY-96 SA_REP          13200             .3        149            80                                                               
        176 Jonathon   Taylor     JTAYLOR    011.44.1644.429265   24-MAR-98 SA_REP          10320             .3        149            80                                                               
        178 Kimerely   Grant      KGRANT     011.44.1644.429263   24-MAY-99 SA_REP           8050            .15        149                                                                             
        200 Jennifer   Whalen     JWHALEN    515.123.4444         17-SEP-87 AD_ASST          4400                       101            10                                                               
        201 Michael    Hartstein  MHARTSTE   515.123.5555         17-FEB-96 MK_MAN          13000                       100            20                                                               
        202 Pat        Fay        PFAY       603.123.6666         17-AUG-97 MK_MAN          11500                       201            20                                                               
        205 Shelley    Higgins    SHIGGINS   515.123.8080         07-JUN-94 AC_MGR          12000                       101           110                                                               
        206 William    Gietz      WGIETZ     515.123.8181         07-JUN-94 AC_ACCOUNT       8300                       205           110                                                               

16 rows selected.

SQL> SELECT * FROM E1 AS OF TIMESTAMP SYSTIMESTAMP - INTERVAL '9' MINUTE;

EMPLOYEE_ID FIRST_NAME LAST_NAME  EMAIL      PHONE_NUMBER         HIRE_DATE JOB_ID         SALARY COMMISSION_PCT MANAGER_ID DEPARTMENT_ID                                                               
----------- ---------- ---------- ---------- -------------------- --------- ---------- ---------- -------------- ---------- -------------                                                               
        100 Steven     King       SKING      515.123.4567         17-JUL-87 AD_PRES         26400                                      90                                                               
        101 Neena      Kochhar    NKOCHHAR   515.123.4568         21-SEP-89 AD_VP           18700                       100            90                                                               
        102 Lex        De Haan    LDEHAAN    515.123.4569         13-JAN-93 AD_VP           18700                       100            90                                                               
        103 Alexander  Hunold     AHUNOLD    590.423.4567         03-JAN-90 IT_PROG          9000                       102            60                                                               
        104 Bruce      Ernst      BERNST     590.423.4568         21-MAY-91 IT_PROG          6000                       103            60                                                               
        107 Diana      Lorentz    DLORENTZ   590.423.5567         07-FEB-99 IT_PROG          4830                       103            60                                                               
        124 Kevin      Mourgos    KMOURGOS   650.123.5234         16-NOV-99 ST_MAN           6670                       100            50                                                               
        149 Eleni      Zlotkey    EZLOTKEY   011.44.1344.429018   29-JAN-00 SA_MAN          12600             .2        100            80                                                               
        174 Ellen      Abel       EABEL      011.44.1644.429267   11-MAY-96 SA_REP          13200             .3        149            80                                                               
        176 Jonathon   Taylor     JTAYLOR    011.44.1644.429265   24-MAR-98 SA_REP          10320             .3        149            80                                                               
        178 Kimerely   Grant      KGRANT     011.44.1644.429263   24-MAY-99 SA_REP           8050            .15        149                                                                             
        200 Jennifer   Whalen     JWHALEN    515.123.4444         17-SEP-87 AD_ASST          4400                       101            10                                                               
        201 Michael    Hartstein  MHARTSTE   515.123.5555         17-FEB-96 MK_MAN          13000                       100            20                                                               
        202 Pat        Fay        PFAY       603.123.6666         17-AUG-97 MK_MAN          11500                       201            20                                                               
        205 Shelley    Higgins    SHIGGINS   515.123.8080         07-JUN-94 AC_MGR          12000                       101           110                                                               
        206 William    Gietz      WGIETZ     515.123.8181         07-JUN-94 AC_ACCOUNT       8300                       205           110                                                               

16 rows selected.

SQL> SELECT * FROM E1 AS OF TIMESTAMP SYSTIMESTAMP - INTERVAL '10' MINUTE;

EMPLOYEE_ID FIRST_NAME LAST_NAME  EMAIL      PHONE_NUMBER         HIRE_DATE JOB_ID         SALARY COMMISSION_PCT MANAGER_ID DEPARTMENT_ID                                                               
----------- ---------- ---------- ---------- -------------------- --------- ---------- ---------- -------------- ---------- -------------                                                               
        100 Steven     King       SKING      515.123.4567         17-JUL-87 AD_PRES         26400                                      90                                                               
        101 Neena      Kochhar    NKOCHHAR   515.123.4568         21-SEP-89 AD_VP           18700                       100            90                                                               
        102 Lex        De Haan    LDEHAAN    515.123.4569         13-JAN-93 AD_VP           18700                       100            90                                                               
        103 Alexander  Hunold     AHUNOLD    590.423.4567         03-JAN-90 IT_PROG          9000                       102            60                                                               
        104 Bruce      Ernst      BERNST     590.423.4568         21-MAY-91 IT_PROG          6000                       103            60                                                               
        107 Diana      Lorentz    DLORENTZ   590.423.5567         07-FEB-99 IT_PROG          4830                       103            60                                                               
        124 Kevin      Mourgos    KMOURGOS   650.123.5234         16-NOV-99 ST_MAN           6670                       100            50                                                               
        149 Eleni      Zlotkey    EZLOTKEY   011.44.1344.429018   29-JAN-00 SA_MAN          12600             .2        100            80                                                               
        174 Ellen      Abel       EABEL      011.44.1644.429267   11-MAY-96 SA_REP          13200             .3        149            80                                                               
        176 Jonathon   Taylor     JTAYLOR    011.44.1644.429265   24-MAR-98 SA_REP          10320             .3        149            80                                                               
        178 Kimerely   Grant      KGRANT     011.44.1644.429263   24-MAY-99 SA_REP           8050            .15        149                                                                             
        200 Jennifer   Whalen     JWHALEN    515.123.4444         17-SEP-87 AD_ASST          4400                       101            10                                                               
        201 Michael    Hartstein  MHARTSTE   515.123.5555         17-FEB-96 MK_MAN          13000                       100            20                                                               
        202 Pat        Fay        PFAY       603.123.6666         17-AUG-97 MK_MAN          11500                       201            20                                                               
        205 Shelley    Higgins    SHIGGINS   515.123.8080         07-JUN-94 AC_MGR          12000                       101           110                                                               
        206 William    Gietz      WGIETZ     515.123.8181         07-JUN-94 AC_ACCOUNT       8300                       205           110                                                               

16 rows selected.

SQL> SELECT * FROM E1 AS OF TIMESTAMP SYSTIMESTAMP - INTERVAL '11' MINUTE;

EMPLOYEE_ID FIRST_NAME LAST_NAME  EMAIL      PHONE_NUMBER         HIRE_DATE JOB_ID         SALARY COMMISSION_PCT MANAGER_ID DEPARTMENT_ID                                                               
----------- ---------- ---------- ---------- -------------------- --------- ---------- ---------- -------------- ---------- -------------                                                               
        100 Steven     King       SKING      515.123.4567         17-JUL-87 AD_PRES         26400                                      90                                                               
        101 Neena      Kochhar    NKOCHHAR   515.123.4568         21-SEP-89 AD_VP           18700                       100            90                                                               
        102 Lex        De Haan    LDEHAAN    515.123.4569         13-JAN-93 AD_VP           18700                       100            90                                                               
        103 Alexander  Hunold     AHUNOLD    590.423.4567         03-JAN-90 IT_PROG          9000                       102            60                                                               
        104 Bruce      Ernst      BERNST     590.423.4568         21-MAY-91 IT_PROG          6000                       103            60                                                               
        107 Diana      Lorentz    DLORENTZ   590.423.5567         07-FEB-99 IT_PROG          4830                       103            60                                                               
        124 Kevin      Mourgos    KMOURGOS   650.123.5234         16-NOV-99 ST_MAN           6670                       100            50                                                               
        149 Eleni      Zlotkey    EZLOTKEY   011.44.1344.429018   29-JAN-00 SA_MAN          12600             .2        100            80                                                               
        174 Ellen      Abel       EABEL      011.44.1644.429267   11-MAY-96 SA_REP          13200             .3        149            80                                                               
        176 Jonathon   Taylor     JTAYLOR    011.44.1644.429265   24-MAR-98 SA_REP          10320             .3        149            80                                                               
        178 Kimerely   Grant      KGRANT     011.44.1644.429263   24-MAY-99 SA_REP           8050            .15        149                                                                             
        200 Jennifer   Whalen     JWHALEN    515.123.4444         17-SEP-87 AD_ASST          4400                       101            10                                                               
        201 Michael    Hartstein  MHARTSTE   515.123.5555         17-FEB-96 MK_MAN          13000                       100            20                                                               
        202 Pat        Fay        PFAY       603.123.6666         17-AUG-97 MK_MAN          11500                       201            20                                                               
        205 Shelley    Higgins    SHIGGINS   515.123.8080         07-JUN-94 AC_MGR          12000                       101           110                                                               
        206 William    Gietz      WGIETZ     515.123.8181         07-JUN-94 AC_ACCOUNT       8300                       205           110                                                               

16 rows selected.

SQL> SELECT * FROM E1 AS OF TIMESTAMP SYSTIMESTAMP - INTERVAL '12' MINUTE;

EMPLOYEE_ID FIRST_NAME LAST_NAME  EMAIL      PHONE_NUMBER         HIRE_DATE JOB_ID         SALARY COMMISSION_PCT MANAGER_ID DEPARTMENT_ID                                                               
----------- ---------- ---------- ---------- -------------------- --------- ---------- ---------- -------------- ---------- -------------                                                               
        100 Steven     King       SKING      515.123.4567         17-JUL-87 AD_PRES         24000                                      90                                                               
        101 Neena      Kochhar    NKOCHHAR   515.123.4568         21-SEP-89 AD_VP           17000                       100            90                                                               
        102 Lex        De Haan    LDEHAAN    515.123.4569         13-JAN-93 AD_VP           17000                       100            90                                                               
        103 Alexander  Hunold     AHUNOLD    590.423.4567         03-JAN-90 IT_PROG          9000                       102            60                                                               
        104 Bruce      Ernst      BERNST     590.423.4568         21-MAY-91 IT_PROG          6000                       103            60                                                               
        107 Diana      Lorentz    DLORENTZ   590.423.5567         07-FEB-99 IT_PROG          4830                       103            60                                                               
        124 Kevin      Mourgos    KMOURGOS   650.123.5234         16-NOV-99 ST_MAN           6670                       100            50                                                               
        141 Trenna     Rajs                  650.121.8009         17-OCT-95 ST_CLERK         3500                       124            50                                                               
        142 Curtis     Davies     CDAVIES    650.121.2994         29-JAN-97 ST_CLERK         3100                       124            50                                                               
        143 Randall    Matos      RMATOS     650.121.2874         15-MAR-98 ST_CLERK         3600                       124            50                                                               
        144 Peter      Vargas     PVARGAS    650.121.2004         09-JUL-98 ST_CLERK         2500                       124            50                                                               
        149 Eleni      Zlotkey    EZLOTKEY   011.44.1344.429018   29-JAN-00 SA_MAN          12600             .2        100            80                                                               
        174 Ellen      Abel       EABEL      011.44.1644.429267   11-MAY-96 SA_REP          13200             .3        149            80                                                               
        176 Jonathon   Taylor     JTAYLOR    011.44.1644.429265   24-MAR-98 SA_REP          10320             .3        149            80                                                               
        178 Kimerely   Grant      KGRANT     011.44.1644.429263   24-MAY-99 SA_REP           8050            .15        149                                                                             
        200 Jennifer   Whalen     JWHALEN    515.123.4444         17-SEP-87 AD_ASST          4400                       101            10                                                               
        201 Michael    Hartstein  MHARTSTE   515.123.5555         17-FEB-96 MK_MAN          13000                       100            20                                                               
        202 Pat        Fay        PFAY       603.123.6666         17-AUG-97 MK_MAN          11500                       201            20                                                               
        205 Shelley    Higgins    SHIGGINS   515.123.8080         07-JUN-94 AC_MGR          12000                       101           110                                                               
        206 William    Gietz      WGIETZ     515.123.8181         07-JUN-94 AC_ACCOUNT       8300                       205           110                                                               

20 rows selected.

SQL> SELECT * FROM E1;

EMPLOYEE_ID FIRST_NAME LAST_NAME  EMAIL      PHONE_NUMBER         HIRE_DATE JOB_ID         SALARY COMMISSION_PCT MANAGER_ID DEPARTMENT_ID                                                               
----------- ---------- ---------- ---------- -------------------- --------- ---------- ---------- -------------- ---------- -------------                                                               
        100 Steven     King       SKING      515.123.4567         17-JUL-87 AD_PRES         26400                                      90                                                               
        101 Neena      Kochhar    NKOCHHAR   515.123.4568         21-SEP-89 AD_VP           18700                       100            90                                                               
        102 Lex        De Haan    LDEHAAN    515.123.4569         13-JAN-93 AD_VP           18700                       100            90                                                               
        103 Alexander  Hunold     AHUNOLD    590.423.4567         03-JAN-90 IT_PROG          9000                       102            60                                                               
        104 Bruce      Ernst      BERNST     590.423.4568         21-MAY-91 IT_PROG          6000                       103            60                                                               
        124 Kevin      Mourgos    KMOURGOS   650.123.5234         16-NOV-99 ST_MAN           6670                       100            50                                                               
        149 Eleni      Zlotkey    EZLOTKEY   011.44.1344.429018   29-JAN-00 SA_MAN          12600             .2        100            80                                                               
        174 Ellen      Abel       EABEL      011.44.1644.429267   11-MAY-96 SA_REP          13200             .3        149            80                                                               
        176 Jonathon   Taylor     JTAYLOR    011.44.1644.429265   24-MAR-98 SA_REP          10320             .3        149            80                                                               
        178 Kimerely   Grant      KGRANT     011.44.1644.429263   24-MAY-99 SA_REP           8050            .15        149                                                                             
        201 Michael    Hartstein  MHARTSTE   515.123.5555         17-FEB-96 MK_MAN          13000                       100            20                                                               
        202 Pat        Fay        PFAY       603.123.6666         17-AUG-97 MK_MAN          11500                       201            20                                                               
        205 Shelley    Higgins    SHIGGINS   515.123.8080         07-JUN-94 AC_MGR          12000                       101           110                                                               
        206 William    Gietz      WGIETZ     515.123.8181         07-JUN-94 AC_ACCOUNT       8300                       205           110                                                               

14 rows selected.

SQL> FLASHBACK TABLE E1 TO TIMESTAMP SYSTIMESTAMP - INTERVAL '11' MINUTE;
FLASHBACK TABLE E1 TO TIMESTAMP SYSTIMESTAMP - INTERVAL '11' MINUTE
                *
ERROR at line 1:
ORA-08189: cannot flashback the table because row movement is not enabled 


SQL> ALTER TABLE E1 ENABLE ROW MOVEMENT;

Table altered.

SQL> SELECT * FROM E1 AS OF TIMESTAMP SYSTIMESTAMP - INTERVAL '15' MINUTE;

EMPLOYEE_ID FIRST_NAME LAST_NAME  EMAIL      PHONE_NUMBER         HIRE_DATE JOB_ID         SALARY COMMISSION_PCT MANAGER_ID DEPARTMENT_ID                                                               
----------- ---------- ---------- ---------- -------------------- --------- ---------- ---------- -------------- ---------- -------------                                                               
        100 Steven     King       SKING      515.123.4567         17-JUL-87 AD_PRES         26400                                      90                                                               
        101 Neena      Kochhar    NKOCHHAR   515.123.4568         21-SEP-89 AD_VP           18700                       100            90                                                               
        102 Lex        De Haan    LDEHAAN    515.123.4569         13-JAN-93 AD_VP           18700                       100            90                                                               
        103 Alexander  Hunold     AHUNOLD    590.423.4567         03-JAN-90 IT_PROG          9000                       102            60                                                               
        104 Bruce      Ernst      BERNST     590.423.4568         21-MAY-91 IT_PROG          6000                       103            60                                                               
        107 Diana      Lorentz    DLORENTZ   590.423.5567         07-FEB-99 IT_PROG          4830                       103            60                                                               
        124 Kevin      Mourgos    KMOURGOS   650.123.5234         16-NOV-99 ST_MAN           6670                       100            50                                                               
        149 Eleni      Zlotkey    EZLOTKEY   011.44.1344.429018   29-JAN-00 SA_MAN          12600             .2        100            80                                                               
        174 Ellen      Abel       EABEL      011.44.1644.429267   11-MAY-96 SA_REP          13200             .3        149            80                                                               
        176 Jonathon   Taylor     JTAYLOR    011.44.1644.429265   24-MAR-98 SA_REP          10320             .3        149            80                                                               
        178 Kimerely   Grant      KGRANT     011.44.1644.429263   24-MAY-99 SA_REP           8050            .15        149                                                                             
        200 Jennifer   Whalen     JWHALEN    515.123.4444         17-SEP-87 AD_ASST          4400                       101            10                                                               
        201 Michael    Hartstein  MHARTSTE   515.123.5555         17-FEB-96 MK_MAN          13000                       100            20                                                               
        202 Pat        Fay        PFAY       603.123.6666         17-AUG-97 MK_MAN          11500                       201            20                                                               
        205 Shelley    Higgins    SHIGGINS   515.123.8080         07-JUN-94 AC_MGR          12000                       101           110                                                               
        206 William    Gietz      WGIETZ     515.123.8181         07-JUN-94 AC_ACCOUNT       8300                       205           110                                                               

16 rows selected.

SQL> FLASHBACK TABLE E1 TO TIMESTAMP SYSTIMESTAMP - INTERVAL '16' MINUTE;

Flashback complete.

SQL> SELECT * FROM E1;

EMPLOYEE_ID FIRST_NAME LAST_NAME  EMAIL      PHONE_NUMBER         HIRE_DATE JOB_ID         SALARY COMMISSION_PCT MANAGER_ID DEPARTMENT_ID                                                               
----------- ---------- ---------- ---------- -------------------- --------- ---------- ---------- -------------- ---------- -------------                                                               
        100 Steven     King       SKING      515.123.4567         17-JUL-87 AD_PRES         26400                                      90                                                               
        101 Neena      Kochhar    NKOCHHAR   515.123.4568         21-SEP-89 AD_VP           18700                       100            90                                                               
        102 Lex        De Haan    LDEHAAN    515.123.4569         13-JAN-93 AD_VP           18700                       100            90                                                               
        103 Alexander  Hunold     AHUNOLD    590.423.4567         03-JAN-90 IT_PROG          9000                       102            60                                                               
        104 Bruce      Ernst      BERNST     590.423.4568         21-MAY-91 IT_PROG          6000                       103            60                                                               
        107 Diana      Lorentz    DLORENTZ   590.423.5567         07-FEB-99 IT_PROG          4830                       103            60                                                               
        124 Kevin      Mourgos    KMOURGOS   650.123.5234         16-NOV-99 ST_MAN           6670                       100            50                                                               
        149 Eleni      Zlotkey    EZLOTKEY   011.44.1344.429018   29-JAN-00 SA_MAN          12600             .2        100            80                                                               
        174 Ellen      Abel       EABEL      011.44.1644.429267   11-MAY-96 SA_REP          13200             .3        149            80                                                               
        176 Jonathon   Taylor     JTAYLOR    011.44.1644.429265   24-MAR-98 SA_REP          10320             .3        149            80                                                               
        178 Kimerely   Grant      KGRANT     011.44.1644.429263   24-MAY-99 SA_REP           8050            .15        149                                                                             
        200 Jennifer   Whalen     JWHALEN    515.123.4444         17-SEP-87 AD_ASST          4400                       101            10                                                               
        201 Michael    Hartstein  MHARTSTE   515.123.5555         17-FEB-96 MK_MAN          13000                       100            20                                                               
        202 Pat        Fay        PFAY       603.123.6666         17-AUG-97 MK_MAN          11500                       201            20                                                               
        205 Shelley    Higgins    SHIGGINS   515.123.8080         07-JUN-94 AC_MGR          12000                       101           110                                                               
        206 William    Gietz      WGIETZ     515.123.8181         07-JUN-94 AC_ACCOUNT       8300                       205           110                                                               

16 rows selected.

SQL> FLASHBACK TABLE E1 TO TIMESTAMP SYSTIMESTAMP - INTERVAL '20' MINUTE;

Flashback complete.

SQL> SELECT * FROM E1;

EMPLOYEE_ID FIRST_NAME LAST_NAME  EMAIL      PHONE_NUMBER         HIRE_DATE JOB_ID         SALARY COMMISSION_PCT MANAGER_ID DEPARTMENT_ID                                                               
----------- ---------- ---------- ---------- -------------------- --------- ---------- ---------- -------------- ---------- -------------                                                               
        100 Steven     King       SKING      515.123.4567         17-JUL-87 AD_PRES         24000                                      90                                                               
        101 Neena      Kochhar    NKOCHHAR   515.123.4568         21-SEP-89 AD_VP           17000                       100            90                                                               
        102 Lex        De Haan    LDEHAAN    515.123.4569         13-JAN-93 AD_VP           17000                       100            90                                                               
        103 Alexander  Hunold     AHUNOLD    590.423.4567         03-JAN-90 IT_PROG          9000                       102            60                                                               
        104 Bruce      Ernst      BERNST     590.423.4568         21-MAY-91 IT_PROG          6000                       103            60                                                               
        107 Diana      Lorentz    DLORENTZ   590.423.5567         07-FEB-99 IT_PROG          4830                       103            60                                                               
        124 Kevin      Mourgos    KMOURGOS   650.123.5234         16-NOV-99 ST_MAN           6670                       100            50                                                               
        141 Trenna     Rajs                  650.121.8009         17-OCT-95 ST_CLERK         3500                       124            50                                                               
        142 Curtis     Davies     CDAVIES    650.121.2994         29-JAN-97 ST_CLERK         3100                       124            50                                                               
        143 Randall    Matos      RMATOS     650.121.2874         15-MAR-98 ST_CLERK         3600                       124            50                                                               
        144 Peter      Vargas     PVARGAS    650.121.2004         09-JUL-98 ST_CLERK         2500                       124            50                                                               
        149 Eleni      Zlotkey    EZLOTKEY   011.44.1344.429018   29-JAN-00 SA_MAN          12600             .2        100            80                                                               
        174 Ellen      Abel       EABEL      011.44.1644.429267   11-MAY-96 SA_REP          13200             .3        149            80                                                               
        176 Jonathon   Taylor     JTAYLOR    011.44.1644.429265   24-MAR-98 SA_REP          10320             .3        149            80                                                               
        178 Kimerely   Grant      KGRANT     011.44.1644.429263   24-MAY-99 SA_REP           8050            .15        149                                                                             
        200 Jennifer   Whalen     JWHALEN    515.123.4444         17-SEP-87 AD_ASST          4400                       101            10                                                               
        201 Michael    Hartstein  MHARTSTE   515.123.5555         17-FEB-96 MK_MAN          13000                       100            20                                                               
        202 Pat        Fay        PFAY       603.123.6666         17-AUG-97 MK_MAN          11500                       201            20                                                               
        205 Shelley    Higgins    SHIGGINS   515.123.8080         07-JUN-94 AC_MGR          12000                       101           110                                                               
        206 William    Gietz      WGIETZ     515.123.8181         07-JUN-94 AC_ACCOUNT       8300                       205           110                                                               

20 rows selected.

SQL> FLASHBACK TABLE E1 TO TIMESTAMP SYSTIMESTAMP - INTERVAL '15' MINUTE;

Flashback complete.

SQL> SELECT * FROM E1;

EMPLOYEE_ID FIRST_NAME LAST_NAME  EMAIL      PHONE_NUMBER         HIRE_DATE JOB_ID         SALARY COMMISSION_PCT MANAGER_ID DEPARTMENT_ID                                                               
----------- ---------- ---------- ---------- -------------------- --------- ---------- ---------- -------------- ---------- -------------                                                               
        100 Steven     King       SKING      515.123.4567         17-JUL-87 AD_PRES         26400                                      90                                                               
        101 Neena      Kochhar    NKOCHHAR   515.123.4568         21-SEP-89 AD_VP           18700                       100            90                                                               
        102 Lex        De Haan    LDEHAAN    515.123.4569         13-JAN-93 AD_VP           18700                       100            90                                                               
        103 Alexander  Hunold     AHUNOLD    590.423.4567         03-JAN-90 IT_PROG          9000                       102            60                                                               
        104 Bruce      Ernst      BERNST     590.423.4568         21-MAY-91 IT_PROG          6000                       103            60                                                               
        107 Diana      Lorentz    DLORENTZ   590.423.5567         07-FEB-99 IT_PROG          4830                       103            60                                                               
        124 Kevin      Mourgos    KMOURGOS   650.123.5234         16-NOV-99 ST_MAN           6670                       100            50                                                               
        149 Eleni      Zlotkey    EZLOTKEY   011.44.1344.429018   29-JAN-00 SA_MAN          12600             .2        100            80                                                               
        174 Ellen      Abel       EABEL      011.44.1644.429267   11-MAY-96 SA_REP          13200             .3        149            80                                                               
        176 Jonathon   Taylor     JTAYLOR    011.44.1644.429265   24-MAR-98 SA_REP          10320             .3        149            80                                                               
        178 Kimerely   Grant      KGRANT     011.44.1644.429263   24-MAY-99 SA_REP           8050            .15        149                                                                             
        200 Jennifer   Whalen     JWHALEN    515.123.4444         17-SEP-87 AD_ASST          4400                       101            10                                                               
        201 Michael    Hartstein  MHARTSTE   515.123.5555         17-FEB-96 MK_MAN          13000                       100            20                                                               
        202 Pat        Fay        PFAY       603.123.6666         17-AUG-97 MK_MAN          11500                       201            20                                                               
        205 Shelley    Higgins    SHIGGINS   515.123.8080         07-JUN-94 AC_MGR          12000                       101           110                                                               
        206 William    Gietz      WGIETZ     515.123.8181         07-JUN-94 AC_ACCOUNT       8300                       205           110                                                               

16 rows selected.

SQL> FLASHBACK TABLE E1 TO TIMESTAMP SYSTIMESTAMP - INTERVAL '1' MINUTE;

Flashback complete.

SQL> SELECT * FROM E1;

EMPLOYEE_ID FIRST_NAME LAST_NAME  EMAIL      PHONE_NUMBER         HIRE_DATE JOB_ID         SALARY COMMISSION_PCT MANAGER_ID DEPARTMENT_ID                                                               
----------- ---------- ---------- ---------- -------------------- --------- ---------- ---------- -------------- ---------- -------------                                                               
        100 Steven     King       SKING      515.123.4567         17-JUL-87 AD_PRES         26400                                      90                                                               
        101 Neena      Kochhar    NKOCHHAR   515.123.4568         21-SEP-89 AD_VP           18700                       100            90                                                               
        102 Lex        De Haan    LDEHAAN    515.123.4569         13-JAN-93 AD_VP           18700                       100            90                                                               
        103 Alexander  Hunold     AHUNOLD    590.423.4567         03-JAN-90 IT_PROG          9000                       102            60                                                               
        104 Bruce      Ernst      BERNST     590.423.4568         21-MAY-91 IT_PROG          6000                       103            60                                                               
        107 Diana      Lorentz    DLORENTZ   590.423.5567         07-FEB-99 IT_PROG          4830                       103            60                                                               
        124 Kevin      Mourgos    KMOURGOS   650.123.5234         16-NOV-99 ST_MAN           6670                       100            50                                                               
        149 Eleni      Zlotkey    EZLOTKEY   011.44.1344.429018   29-JAN-00 SA_MAN          12600             .2        100            80                                                               
        174 Ellen      Abel       EABEL      011.44.1644.429267   11-MAY-96 SA_REP          13200             .3        149            80                                                               
        176 Jonathon   Taylor     JTAYLOR    011.44.1644.429265   24-MAR-98 SA_REP          10320             .3        149            80                                                               
        178 Kimerely   Grant      KGRANT     011.44.1644.429263   24-MAY-99 SA_REP           8050            .15        149                                                                             
        200 Jennifer   Whalen     JWHALEN    515.123.4444         17-SEP-87 AD_ASST          4400                       101            10                                                               
        201 Michael    Hartstein  MHARTSTE   515.123.5555         17-FEB-96 MK_MAN          13000                       100            20                                                               
        202 Pat        Fay        PFAY       603.123.6666         17-AUG-97 MK_MAN          11500                       201            20                                                               
        205 Shelley    Higgins    SHIGGINS   515.123.8080         07-JUN-94 AC_MGR          12000                       101           110                                                               
        206 William    Gietz      WGIETZ     515.123.8181         07-JUN-94 AC_ACCOUNT       8300                       205           110                                                               

16 rows selected.

SQL> FLASHBACK TABLE E1 TO TIMESTAMP SYSTIMESTAMP - INTERVAL '3' MINUTE;

Flashback complete.

SQL> SELECT * FROM E1;

EMPLOYEE_ID FIRST_NAME LAST_NAME  EMAIL      PHONE_NUMBER         HIRE_DATE JOB_ID         SALARY COMMISSION_PCT MANAGER_ID DEPARTMENT_ID                                                               
----------- ---------- ---------- ---------- -------------------- --------- ---------- ---------- -------------- ---------- -------------                                                               
        100 Steven     King       SKING      515.123.4567         17-JUL-87 AD_PRES         26400                                      90                                                               
        101 Neena      Kochhar    NKOCHHAR   515.123.4568         21-SEP-89 AD_VP           18700                       100            90                                                               
        102 Lex        De Haan    LDEHAAN    515.123.4569         13-JAN-93 AD_VP           18700                       100            90                                                               
        103 Alexander  Hunold     AHUNOLD    590.423.4567         03-JAN-90 IT_PROG          9000                       102            60                                                               
        104 Bruce      Ernst      BERNST     590.423.4568         21-MAY-91 IT_PROG          6000                       103            60                                                               
        124 Kevin      Mourgos    KMOURGOS   650.123.5234         16-NOV-99 ST_MAN           6670                       100            50                                                               
        149 Eleni      Zlotkey    EZLOTKEY   011.44.1344.429018   29-JAN-00 SA_MAN          12600             .2        100            80                                                               
        174 Ellen      Abel       EABEL      011.44.1644.429267   11-MAY-96 SA_REP          13200             .3        149            80                                                               
        176 Jonathon   Taylor     JTAYLOR    011.44.1644.429265   24-MAR-98 SA_REP          10320             .3        149            80                                                               
        178 Kimerely   Grant      KGRANT     011.44.1644.429263   24-MAY-99 SA_REP           8050            .15        149                                                                             
        201 Michael    Hartstein  MHARTSTE   515.123.5555         17-FEB-96 MK_MAN          13000                       100            20                                                               
        202 Pat        Fay        PFAY       603.123.6666         17-AUG-97 MK_MAN          11500                       201            20                                                               
        205 Shelley    Higgins    SHIGGINS   515.123.8080         07-JUN-94 AC_MGR          12000                       101           110                                                               
        206 William    Gietz      WGIETZ     515.123.8181         07-JUN-94 AC_ACCOUNT       8300                       205           110                                                               

14 rows selected.

SQL> ALTER TABLE E1 DISABLE ROW MOVEMENT;

Table altered.

SQL> REM DROP , SHOW RECYC , FLASHBACK , PURGE , DROP ... PURGE
SQL> 
SQL> REM TRUNCATE
SQL> 
SQL> REM DELETE , TRUNCATE , DROP , PURGE
SQL> 
SQL> DESC E1
 Name                                                                                                              Null?    Type
 ----------------------------------------------------------------------------------------------------------------- -------- ----------------------------------------------------------------------------
 EMPLOYEE_ID                                                                                                       NOT NULL NUMBER(6)
 FIRST_NAME                                                                                                                 VARCHAR2(10)
 LAST_NAME                                                                                                         NOT NULL VARCHAR2(10)
 EMAIL                                                                                                                      VARCHAR2(10)
 PHONE_NUMBER                                                                                                               VARCHAR2(20)
 HIRE_DATE                                                                                                         NOT NULL DATE
 JOB_ID                                                                                                            NOT NULL VARCHAR2(10)
 SALARY                                                                                                                     NUMBER(8,2)
 COMMISSION_PCT                                                                                                             NUMBER(2,2)
 MANAGER_ID                                                                                                                 NUMBER(6)
 DEPARTMENT_ID                                                                                                              NUMBER(4)

SQL> SELECT * FROM E1;

EMPLOYEE_ID FIRST_NAME LAST_NAME  EMAIL      PHONE_NUMBER         HIRE_DATE JOB_ID         SALARY COMMISSION_PCT MANAGER_ID DEPARTMENT_ID                                                               
----------- ---------- ---------- ---------- -------------------- --------- ---------- ---------- -------------- ---------- -------------                                                               
        100 Steven     King       SKING      515.123.4567         17-JUL-87 AD_PRES         26400                                      90                                                               
        101 Neena      Kochhar    NKOCHHAR   515.123.4568         21-SEP-89 AD_VP           18700                       100            90                                                               
        102 Lex        De Haan    LDEHAAN    515.123.4569         13-JAN-93 AD_VP           18700                       100            90                                                               
        103 Alexander  Hunold     AHUNOLD    590.423.4567         03-JAN-90 IT_PROG          9000                       102            60                                                               
        104 Bruce      Ernst      BERNST     590.423.4568         21-MAY-91 IT_PROG          6000                       103            60                                                               
        124 Kevin      Mourgos    KMOURGOS   650.123.5234         16-NOV-99 ST_MAN           6670                       100            50                                                               
        149 Eleni      Zlotkey    EZLOTKEY   011.44.1344.429018   29-JAN-00 SA_MAN          12600             .2        100            80                                                               
        174 Ellen      Abel       EABEL      011.44.1644.429267   11-MAY-96 SA_REP          13200             .3        149            80                                                               
        176 Jonathon   Taylor     JTAYLOR    011.44.1644.429265   24-MAR-98 SA_REP          10320             .3        149            80                                                               
        178 Kimerely   Grant      KGRANT     011.44.1644.429263   24-MAY-99 SA_REP           8050            .15        149                                                                             
        201 Michael    Hartstein  MHARTSTE   515.123.5555         17-FEB-96 MK_MAN          13000                       100            20                                                               
        202 Pat        Fay        PFAY       603.123.6666         17-AUG-97 MK_MAN          11500                       201            20                                                               
        205 Shelley    Higgins    SHIGGINS   515.123.8080         07-JUN-94 AC_MGR          12000                       101           110                                                               
        206 William    Gietz      WGIETZ     515.123.8181         07-JUN-94 AC_ACCOUNT       8300                       205           110                                                               

14 rows selected.

SQL> DELETE FROM E1 WHERE MANAGER_ID = 100;

5 rows deleted.

SQL> SELECT * FROM E1;

EMPLOYEE_ID FIRST_NAME LAST_NAME  EMAIL      PHONE_NUMBER         HIRE_DATE JOB_ID         SALARY COMMISSION_PCT MANAGER_ID DEPARTMENT_ID                                                               
----------- ---------- ---------- ---------- -------------------- --------- ---------- ---------- -------------- ---------- -------------                                                               
        100 Steven     King       SKING      515.123.4567         17-JUL-87 AD_PRES         26400                                      90                                                               
        103 Alexander  Hunold     AHUNOLD    590.423.4567         03-JAN-90 IT_PROG          9000                       102            60                                                               
        104 Bruce      Ernst      BERNST     590.423.4568         21-MAY-91 IT_PROG          6000                       103            60                                                               
        174 Ellen      Abel       EABEL      011.44.1644.429267   11-MAY-96 SA_REP          13200             .3        149            80                                                               
        176 Jonathon   Taylor     JTAYLOR    011.44.1644.429265   24-MAR-98 SA_REP          10320             .3        149            80                                                               
        178 Kimerely   Grant      KGRANT     011.44.1644.429263   24-MAY-99 SA_REP           8050            .15        149                                                                             
        202 Pat        Fay        PFAY       603.123.6666         17-AUG-97 MK_MAN          11500                       201            20                                                               
        205 Shelley    Higgins    SHIGGINS   515.123.8080         07-JUN-94 AC_MGR          12000                       101           110                                                               
        206 William    Gietz      WGIETZ     515.123.8181         07-JUN-94 AC_ACCOUNT       8300                       205           110                                                               

9 rows selected.

SQL> ROLLBACK;

Rollback complete.

SQL> SELECT * FROM E1;

EMPLOYEE_ID FIRST_NAME LAST_NAME  EMAIL      PHONE_NUMBER         HIRE_DATE JOB_ID         SALARY COMMISSION_PCT MANAGER_ID DEPARTMENT_ID                                                               
----------- ---------- ---------- ---------- -------------------- --------- ---------- ---------- -------------- ---------- -------------                                                               
        100 Steven     King       SKING      515.123.4567         17-JUL-87 AD_PRES         26400                                      90                                                               
        101 Neena      Kochhar    NKOCHHAR   515.123.4568         21-SEP-89 AD_VP           18700                       100            90                                                               
        102 Lex        De Haan    LDEHAAN    515.123.4569         13-JAN-93 AD_VP           18700                       100            90                                                               
        103 Alexander  Hunold     AHUNOLD    590.423.4567         03-JAN-90 IT_PROG          9000                       102            60                                                               
        104 Bruce      Ernst      BERNST     590.423.4568         21-MAY-91 IT_PROG          6000                       103            60                                                               
        124 Kevin      Mourgos    KMOURGOS   650.123.5234         16-NOV-99 ST_MAN           6670                       100            50                                                               
        149 Eleni      Zlotkey    EZLOTKEY   011.44.1344.429018   29-JAN-00 SA_MAN          12600             .2        100            80                                                               
        174 Ellen      Abel       EABEL      011.44.1644.429267   11-MAY-96 SA_REP          13200             .3        149            80                                                               
        176 Jonathon   Taylor     JTAYLOR    011.44.1644.429265   24-MAR-98 SA_REP          10320             .3        149            80                                                               
        178 Kimerely   Grant      KGRANT     011.44.1644.429263   24-MAY-99 SA_REP           8050            .15        149                                                                             
        201 Michael    Hartstein  MHARTSTE   515.123.5555         17-FEB-96 MK_MAN          13000                       100            20                                                               
        202 Pat        Fay        PFAY       603.123.6666         17-AUG-97 MK_MAN          11500                       201            20                                                               
        205 Shelley    Higgins    SHIGGINS   515.123.8080         07-JUN-94 AC_MGR          12000                       101           110                                                               
        206 William    Gietz      WGIETZ     515.123.8181         07-JUN-94 AC_ACCOUNT       8300                       205           110                                                               

14 rows selected.

SQL> DELETE FROM E1 WHERE MANAGER_ID = 100;

5 rows deleted.

SQL> SELECT * FROM E1;

EMPLOYEE_ID FIRST_NAME LAST_NAME  EMAIL      PHONE_NUMBER         HIRE_DATE JOB_ID         SALARY COMMISSION_PCT MANAGER_ID DEPARTMENT_ID                                                               
----------- ---------- ---------- ---------- -------------------- --------- ---------- ---------- -------------- ---------- -------------                                                               
        100 Steven     King       SKING      515.123.4567         17-JUL-87 AD_PRES         26400                                      90                                                               
        103 Alexander  Hunold     AHUNOLD    590.423.4567         03-JAN-90 IT_PROG          9000                       102            60                                                               
        104 Bruce      Ernst      BERNST     590.423.4568         21-MAY-91 IT_PROG          6000                       103            60                                                               
        174 Ellen      Abel       EABEL      011.44.1644.429267   11-MAY-96 SA_REP          13200             .3        149            80                                                               
        176 Jonathon   Taylor     JTAYLOR    011.44.1644.429265   24-MAR-98 SA_REP          10320             .3        149            80                                                               
        178 Kimerely   Grant      KGRANT     011.44.1644.429263   24-MAY-99 SA_REP           8050            .15        149                                                                             
        202 Pat        Fay        PFAY       603.123.6666         17-AUG-97 MK_MAN          11500                       201            20                                                               
        205 Shelley    Higgins    SHIGGINS   515.123.8080         07-JUN-94 AC_MGR          12000                       101           110                                                               
        206 William    Gietz      WGIETZ     515.123.8181         07-JUN-94 AC_ACCOUNT       8300                       205           110                                                               

9 rows selected.

SQL> COMMIT;

Commit complete.

SQL> ALTER TABLE E1 ENABLE ROW MOVEMENT;

Table altered.

SQL> FLASHBACK TABLE E1 TO TIMESTAMP SYSTIMESTAMP - INTERVAL '1' MINUTE;

Flashback complete.

SQL> SELECT * FROM E1;

EMPLOYEE_ID FIRST_NAME LAST_NAME  EMAIL      PHONE_NUMBER         HIRE_DATE JOB_ID         SALARY COMMISSION_PCT MANAGER_ID DEPARTMENT_ID                                                               
----------- ---------- ---------- ---------- -------------------- --------- ---------- ---------- -------------- ---------- -------------                                                               
        100 Steven     King       SKING      515.123.4567         17-JUL-87 AD_PRES         26400                                      90                                                               
        101 Neena      Kochhar    NKOCHHAR   515.123.4568         21-SEP-89 AD_VP           18700                       100            90                                                               
        102 Lex        De Haan    LDEHAAN    515.123.4569         13-JAN-93 AD_VP           18700                       100            90                                                               
        103 Alexander  Hunold     AHUNOLD    590.423.4567         03-JAN-90 IT_PROG          9000                       102            60                                                               
        104 Bruce      Ernst      BERNST     590.423.4568         21-MAY-91 IT_PROG          6000                       103            60                                                               
        124 Kevin      Mourgos    KMOURGOS   650.123.5234         16-NOV-99 ST_MAN           6670                       100            50                                                               
        149 Eleni      Zlotkey    EZLOTKEY   011.44.1344.429018   29-JAN-00 SA_MAN          12600             .2        100            80                                                               
        174 Ellen      Abel       EABEL      011.44.1644.429267   11-MAY-96 SA_REP          13200             .3        149            80                                                               
        176 Jonathon   Taylor     JTAYLOR    011.44.1644.429265   24-MAR-98 SA_REP          10320             .3        149            80                                                               
        178 Kimerely   Grant      KGRANT     011.44.1644.429263   24-MAY-99 SA_REP           8050            .15        149                                                                             
        201 Michael    Hartstein  MHARTSTE   515.123.5555         17-FEB-96 MK_MAN          13000                       100            20                                                               
        202 Pat        Fay        PFAY       603.123.6666         17-AUG-97 MK_MAN          11500                       201            20                                                               
        205 Shelley    Higgins    SHIGGINS   515.123.8080         07-JUN-94 AC_MGR          12000                       101           110                                                               
        206 William    Gietz      WGIETZ     515.123.8181         07-JUN-94 AC_ACCOUNT       8300                       205           110                                                               

14 rows selected.

SQL> DESC E1
 Name                                                                                                              Null?    Type
 ----------------------------------------------------------------------------------------------------------------- -------- ----------------------------------------------------------------------------
 EMPLOYEE_ID                                                                                                       NOT NULL NUMBER(6)
 FIRST_NAME                                                                                                                 VARCHAR2(10)
 LAST_NAME                                                                                                         NOT NULL VARCHAR2(10)
 EMAIL                                                                                                                      VARCHAR2(10)
 PHONE_NUMBER                                                                                                               VARCHAR2(20)
 HIRE_DATE                                                                                                         NOT NULL DATE
 JOB_ID                                                                                                            NOT NULL VARCHAR2(10)
 SALARY                                                                                                                     NUMBER(8,2)
 COMMISSION_PCT                                                                                                             NUMBER(2,2)
 MANAGER_ID                                                                                                                 NUMBER(6)
 DEPARTMENT_ID                                                                                                              NUMBER(4)

SQL> TRUNCATE TABLE E1;

Table truncated.

SQL> DESC E1
 Name                                                                                                              Null?    Type
 ----------------------------------------------------------------------------------------------------------------- -------- ----------------------------------------------------------------------------
 EMPLOYEE_ID                                                                                                       NOT NULL NUMBER(6)
 FIRST_NAME                                                                                                                 VARCHAR2(10)
 LAST_NAME                                                                                                         NOT NULL VARCHAR2(10)
 EMAIL                                                                                                                      VARCHAR2(10)
 PHONE_NUMBER                                                                                                               VARCHAR2(20)
 HIRE_DATE                                                                                                         NOT NULL DATE
 JOB_ID                                                                                                            NOT NULL VARCHAR2(10)
 SALARY                                                                                                                     NUMBER(8,2)
 COMMISSION_PCT                                                                                                             NUMBER(2,2)
 MANAGER_ID                                                                                                                 NUMBER(6)
 DEPARTMENT_ID                                                                                                              NUMBER(4)

SQL> SELECT * FROM E1;

no rows selected

SQL> ROLLBACK;

Rollback complete.

SQL> SELECT * FROM E1;

no rows selected

SQL> FLASHBACK TABLE E1 TO TIMESTAMP SYSTIMESTAMP - INTERVAL '1' MINUTE;
FLASHBACK TABLE E1 TO TIMESTAMP SYSTIMESTAMP - INTERVAL '1' MINUTE
                *
ERROR at line 1:
ORA-01466: unable to read data - table definition has changed 


SQL> INSERT INTO E1 SELECT * FROM EMPLOYEES;

20 rows created.

SQL> COMMIT;

Commit complete.

SQL> SELECT * FROM E1;

EMPLOYEE_ID FIRST_NAME LAST_NAME  EMAIL      PHONE_NUMBER         HIRE_DATE JOB_ID         SALARY COMMISSION_PCT MANAGER_ID DEPARTMENT_ID                                                               
----------- ---------- ---------- ---------- -------------------- --------- ---------- ---------- -------------- ---------- -------------                                                               
        100 Steven     King       SKING      515.123.4567         17-JUL-87 AD_PRES         24000                                      90                                                               
        101 Neena      Kochhar    NKOCHHAR   515.123.4568         21-SEP-89 AD_VP           17000                       100            90                                                               
        102 Lex        De Haan    LDEHAAN    515.123.4569         13-JAN-93 AD_VP           17000                       100            90                                                               
        103 Alexander  Hunold     AHUNOLD    590.423.4567         03-JAN-90 IT_PROG          9000                       102            60                                                               
        104 Bruce      Ernst      BERNST     590.423.4568         21-MAY-91 IT_PROG          6000                       103            60                                                               
        107 Diana      Lorentz    DLORENTZ   590.423.5567         07-FEB-99 IT_PROG          4200                       103            60                                                               
        124 Kevin      Mourgos    KMOURGOS   650.123.5234         16-NOV-99 ST_MAN           5800                       100            50                                                               
        141 Trenna     Rajs                  650.121.8009         17-OCT-95 ST_CLERK         3500                       124            50                                                               
        142 Curtis     Davies     CDAVIES    650.121.2994         29-JAN-97 ST_CLERK         3100                       124            50                                                               
        143 Randall    Matos      RMATOS     650.121.2874         15-MAR-98 ST_CLERK         2600                       124            50                                                               
        144 Peter      Vargas     PVARGAS    650.121.2004         09-JUL-98 ST_CLERK         2500                       124            50                                                               
        149 Eleni      Zlotkey    EZLOTKEY   011.44.1344.429018   29-JAN-00 SA_MAN          10500             .2        100            80                                                               
        174 Ellen      Abel       EABEL      011.44.1644.429267   11-MAY-96 SA_REP          11000             .3        149            80                                                               
        176 Jonathon   Taylor     JTAYLOR    011.44.1644.429265   24-MAR-98 SA_REP           8600             .3        149            80                                                               
        178 Kimerely   Grant      KGRANT     011.44.1644.429263   24-MAY-99 SA_REP           7000            .15        149                                                                             
        200 Jennifer   Whalen     JWHALEN    515.123.4444         17-SEP-87 AD_ASST          4400                       101            10                                                               
        201 Michael    Hartstein  MHARTSTE   515.123.5555         17-FEB-96 MK_MAN          13000                       100            20                                                               
        202 Pat        Fay        PFAY       603.123.6666         17-AUG-97 MK_REP           6000                       201            20                                                               
        205 Shelley    Higgins    SHIGGINS   515.123.8080         07-JUN-94 AC_MGR          12000                       101           110                                                               
        206 William    Gietz      WGIETZ     515.123.8181         07-JUN-94 AC_ACCOUNT       8300                       205           110                                                               

20 rows selected.

SQL> SHOW RECYC
ORIGINAL NAME    RECYCLEBIN NAME                OBJECT TYPE  DROP TIME                                                                                                                                  
---------------- ------------------------------ ------------ -------------------                                                                                                                        
$%^&             BIN$AIcZ/p4GRDqEyZwmb9Cs8w==$0 TABLE        2023-03-24:17:59:09                                                                                                                        
D1               BIN$k1MPMRbhSWy3J9AH3mgXcg==$0 TABLE        2023-03-18:19:06:15                                                                                                                        
E1               BIN$lbJnGCmXR+aWAYNYHctyGA==$0 TABLE        2023-03-25:18:33:13                                                                                                                        
NA               BIN$Fu2rp6YkT2aztzkO/71e5g==$0 TABLE        2023-03-11:18:49:04                                                                                                                        
NA               BIN$abZzkmg0RkC2ntjSbS+p7w==$0 TABLE        2023-03-11:18:45:37                                                                                                                        
NA               BIN$yKRgPvMmTReJJr17mrWfPQ==$0 TABLE        2023-03-11:18:45:05                                                                                                                        
NA               BIN$hU4wxPlcSkS+oCWYVx+E9A==$0 TABLE        2023-03-11:18:43:58                                                                                                                        
NA               BIN$UgB3mcniQsCjX3rC8UNVAw==$0 TABLE        2023-03-11:18:43:06                                                                                                                        
PQR              BIN$RqYEGZENROO5Ip+3v3IrYQ==$0 TABLE        2023-03-24:17:34:14                                                                                                                        
R1               BIN$lzsI8o99RkKgt1wwf0xbPA==$0 TABLE        2023-03-25:10:11:31                                                                                                                        
R1               BIN$nVfPFVhBR5aXmipPwya8MA==$0 TABLE        2023-03-23:19:19:48                                                                                                                        
R1               BIN$6ol++uibQ5+l3qTyQ06etA==$0 TABLE        2023-03-18:18:47:15                                                                                                                        
R1               BIN$watvkGNYRne1SmXbsw0oFw==$0 TABLE        2023-03-17:18:27:46                                                                                                                        
R1               BIN$3rYuYru8Q2WNKoKhIthZag==$0 TABLE        2023-03-17:17:29:16                                                                                                                        
T1               BIN$ryJJzjSXTpuilZGXamnMVQ==$0 TABLE        2023-03-24:18:09:03                                                                                                                        
T2               BIN$iWRETZpYTvSOV+4iJt+Zwg==$0 TABLE        2023-03-24:18:11:52                                                                                                                        
SQL> DROP TABLE E1;

Table dropped.

SQL> DESC E1
ERROR:
ORA-04043: object E1 does not exist 


SQL> SELECT * FROM E1;
SELECT * FROM E1
              *
ERROR at line 1:
ORA-00942: table or view does not exist 


SQL> SHOW RECYC
ORIGINAL NAME    RECYCLEBIN NAME                OBJECT TYPE  DROP TIME                                                                                                                                  
---------------- ------------------------------ ------------ -------------------                                                                                                                        
$%^&             BIN$AIcZ/p4GRDqEyZwmb9Cs8w==$0 TABLE        2023-03-24:17:59:09                                                                                                                        
D1               BIN$k1MPMRbhSWy3J9AH3mgXcg==$0 TABLE        2023-03-18:19:06:15                                                                                                                        
E1               BIN$GxzwUqYdTHKJaGR9qwRitw==$0 TABLE        2023-03-25:19:33:05                                                                                                                        
E1               BIN$lbJnGCmXR+aWAYNYHctyGA==$0 TABLE        2023-03-25:18:33:13                                                                                                                        
NA               BIN$Fu2rp6YkT2aztzkO/71e5g==$0 TABLE        2023-03-11:18:49:04                                                                                                                        
NA               BIN$abZzkmg0RkC2ntjSbS+p7w==$0 TABLE        2023-03-11:18:45:37                                                                                                                        
NA               BIN$yKRgPvMmTReJJr17mrWfPQ==$0 TABLE        2023-03-11:18:45:05                                                                                                                        
NA               BIN$hU4wxPlcSkS+oCWYVx+E9A==$0 TABLE        2023-03-11:18:43:58                                                                                                                        
NA               BIN$UgB3mcniQsCjX3rC8UNVAw==$0 TABLE        2023-03-11:18:43:06                                                                                                                        
PQR              BIN$RqYEGZENROO5Ip+3v3IrYQ==$0 TABLE        2023-03-24:17:34:14                                                                                                                        
R1               BIN$lzsI8o99RkKgt1wwf0xbPA==$0 TABLE        2023-03-25:10:11:31                                                                                                                        
R1               BIN$nVfPFVhBR5aXmipPwya8MA==$0 TABLE        2023-03-23:19:19:48                                                                                                                        
R1               BIN$6ol++uibQ5+l3qTyQ06etA==$0 TABLE        2023-03-18:18:47:15                                                                                                                        
R1               BIN$watvkGNYRne1SmXbsw0oFw==$0 TABLE        2023-03-17:18:27:46                                                                                                                        
R1               BIN$3rYuYru8Q2WNKoKhIthZag==$0 TABLE        2023-03-17:17:29:16                                                                                                                        
T1               BIN$ryJJzjSXTpuilZGXamnMVQ==$0 TABLE        2023-03-24:18:09:03                                                                                                                        
T2               BIN$iWRETZpYTvSOV+4iJt+Zwg==$0 TABLE        2023-03-24:18:11:52                                                                                                                        
SQL> SELECT * FROM BIN$GxzwUqYdTHKJaGR9qwRitw==$0;
SELECT * FROM BIN$GxzwUqYdTHKJaGR9qwRitw==$0
                                        *
ERROR at line 1:
ORA-00933: SQL command not properly ended 


SQL> SELECT * FROM "BIN$GxzwUqYdTHKJaGR9qwRitw==$0";

EMPLOYEE_ID FIRST_NAME LAST_NAME  EMAIL      PHONE_NUMBER         HIRE_DATE JOB_ID         SALARY COMMISSION_PCT MANAGER_ID DEPARTMENT_ID                                                               
----------- ---------- ---------- ---------- -------------------- --------- ---------- ---------- -------------- ---------- -------------                                                               
        100 Steven     King       SKING      515.123.4567         17-JUL-87 AD_PRES         24000                                      90                                                               
        101 Neena      Kochhar    NKOCHHAR   515.123.4568         21-SEP-89 AD_VP           17000                       100            90                                                               
        102 Lex        De Haan    LDEHAAN    515.123.4569         13-JAN-93 AD_VP           17000                       100            90                                                               
        103 Alexander  Hunold     AHUNOLD    590.423.4567         03-JAN-90 IT_PROG          9000                       102            60                                                               
        104 Bruce      Ernst      BERNST     590.423.4568         21-MAY-91 IT_PROG          6000                       103            60                                                               
        107 Diana      Lorentz    DLORENTZ   590.423.5567         07-FEB-99 IT_PROG          4200                       103            60                                                               
        124 Kevin      Mourgos    KMOURGOS   650.123.5234         16-NOV-99 ST_MAN           5800                       100            50                                                               
        141 Trenna     Rajs                  650.121.8009         17-OCT-95 ST_CLERK         3500                       124            50                                                               
        142 Curtis     Davies     CDAVIES    650.121.2994         29-JAN-97 ST_CLERK         3100                       124            50                                                               
        143 Randall    Matos      RMATOS     650.121.2874         15-MAR-98 ST_CLERK         2600                       124            50                                                               
        144 Peter      Vargas     PVARGAS    650.121.2004         09-JUL-98 ST_CLERK         2500                       124            50                                                               
        149 Eleni      Zlotkey    EZLOTKEY   011.44.1344.429018   29-JAN-00 SA_MAN          10500             .2        100            80                                                               
        174 Ellen      Abel       EABEL      011.44.1644.429267   11-MAY-96 SA_REP          11000             .3        149            80                                                               
        176 Jonathon   Taylor     JTAYLOR    011.44.1644.429265   24-MAR-98 SA_REP           8600             .3        149            80                                                               
        178 Kimerely   Grant      KGRANT     011.44.1644.429263   24-MAY-99 SA_REP           7000            .15        149                                                                             
        200 Jennifer   Whalen     JWHALEN    515.123.4444         17-SEP-87 AD_ASST          4400                       101            10                                                               
        201 Michael    Hartstein  MHARTSTE   515.123.5555         17-FEB-96 MK_MAN          13000                       100            20                                                               
        202 Pat        Fay        PFAY       603.123.6666         17-AUG-97 MK_REP           6000                       201            20                                                               
        205 Shelley    Higgins    SHIGGINS   515.123.8080         07-JUN-94 AC_MGR          12000                       101           110                                                               
        206 William    Gietz      WGIETZ     515.123.8181         07-JUN-94 AC_ACCOUNT       8300                       205           110                                                               

20 rows selected.

SQL> DESC "BIN$GxzwUqYdTHKJaGR9qwRitw==$0"
 Name                                                                                                              Null?    Type
 ----------------------------------------------------------------------------------------------------------------- -------- ----------------------------------------------------------------------------
 EMPLOYEE_ID                                                                                                       NOT NULL NUMBER(6)
 FIRST_NAME                                                                                                                 VARCHAR2(10)
 LAST_NAME                                                                                                         NOT NULL VARCHAR2(10)
 EMAIL                                                                                                                      VARCHAR2(10)
 PHONE_NUMBER                                                                                                               VARCHAR2(20)
 HIRE_DATE                                                                                                         NOT NULL DATE
 JOB_ID                                                                                                            NOT NULL VARCHAR2(10)
 SALARY                                                                                                                     NUMBER(8,2)
 COMMISSION_PCT                                                                                                             NUMBER(2,2)
 MANAGER_ID                                                                                                                 NUMBER(6)
 DEPARTMENT_ID                                                                                                              NUMBER(4)

SQL> FLASHBACK TABLE E1 TO BEFORE DROP;

Flashback complete.

SQL> SHOW RECYC
ORIGINAL NAME    RECYCLEBIN NAME                OBJECT TYPE  DROP TIME                                                                                                                                  
---------------- ------------------------------ ------------ -------------------                                                                                                                        
$%^&             BIN$AIcZ/p4GRDqEyZwmb9Cs8w==$0 TABLE        2023-03-24:17:59:09                                                                                                                        
D1               BIN$k1MPMRbhSWy3J9AH3mgXcg==$0 TABLE        2023-03-18:19:06:15                                                                                                                        
E1               BIN$lbJnGCmXR+aWAYNYHctyGA==$0 TABLE        2023-03-25:18:33:13                                                                                                                        
NA               BIN$Fu2rp6YkT2aztzkO/71e5g==$0 TABLE        2023-03-11:18:49:04                                                                                                                        
NA               BIN$abZzkmg0RkC2ntjSbS+p7w==$0 TABLE        2023-03-11:18:45:37                                                                                                                        
NA               BIN$yKRgPvMmTReJJr17mrWfPQ==$0 TABLE        2023-03-11:18:45:05                                                                                                                        
NA               BIN$hU4wxPlcSkS+oCWYVx+E9A==$0 TABLE        2023-03-11:18:43:58                                                                                                                        
NA               BIN$UgB3mcniQsCjX3rC8UNVAw==$0 TABLE        2023-03-11:18:43:06                                                                                                                        
PQR              BIN$RqYEGZENROO5Ip+3v3IrYQ==$0 TABLE        2023-03-24:17:34:14                                                                                                                        
R1               BIN$lzsI8o99RkKgt1wwf0xbPA==$0 TABLE        2023-03-25:10:11:31                                                                                                                        
R1               BIN$nVfPFVhBR5aXmipPwya8MA==$0 TABLE        2023-03-23:19:19:48                                                                                                                        
R1               BIN$6ol++uibQ5+l3qTyQ06etA==$0 TABLE        2023-03-18:18:47:15                                                                                                                        
R1               BIN$watvkGNYRne1SmXbsw0oFw==$0 TABLE        2023-03-17:18:27:46                                                                                                                        
R1               BIN$3rYuYru8Q2WNKoKhIthZag==$0 TABLE        2023-03-17:17:29:16                                                                                                                        
T1               BIN$ryJJzjSXTpuilZGXamnMVQ==$0 TABLE        2023-03-24:18:09:03                                                                                                                        
T2               BIN$iWRETZpYTvSOV+4iJt+Zwg==$0 TABLE        2023-03-24:18:11:52                                                                                                                        
SQL> DESC E1
 Name                                                                                                              Null?    Type
 ----------------------------------------------------------------------------------------------------------------- -------- ----------------------------------------------------------------------------
 EMPLOYEE_ID                                                                                                       NOT NULL NUMBER(6)
 FIRST_NAME                                                                                                                 VARCHAR2(10)
 LAST_NAME                                                                                                         NOT NULL VARCHAR2(10)
 EMAIL                                                                                                                      VARCHAR2(10)
 PHONE_NUMBER                                                                                                               VARCHAR2(20)
 HIRE_DATE                                                                                                         NOT NULL DATE
 JOB_ID                                                                                                            NOT NULL VARCHAR2(10)
 SALARY                                                                                                                     NUMBER(8,2)
 COMMISSION_PCT                                                                                                             NUMBER(2,2)
 MANAGER_ID                                                                                                                 NUMBER(6)
 DEPARTMENT_ID                                                                                                              NUMBER(4)

SQL> SELECT * FROM E1;

EMPLOYEE_ID FIRST_NAME LAST_NAME  EMAIL      PHONE_NUMBER         HIRE_DATE JOB_ID         SALARY COMMISSION_PCT MANAGER_ID DEPARTMENT_ID                                                               
----------- ---------- ---------- ---------- -------------------- --------- ---------- ---------- -------------- ---------- -------------                                                               
        100 Steven     King       SKING      515.123.4567         17-JUL-87 AD_PRES         24000                                      90                                                               
        101 Neena      Kochhar    NKOCHHAR   515.123.4568         21-SEP-89 AD_VP           17000                       100            90                                                               
        102 Lex        De Haan    LDEHAAN    515.123.4569         13-JAN-93 AD_VP           17000                       100            90                                                               
        103 Alexander  Hunold     AHUNOLD    590.423.4567         03-JAN-90 IT_PROG          9000                       102            60                                                               
        104 Bruce      Ernst      BERNST     590.423.4568         21-MAY-91 IT_PROG          6000                       103            60                                                               
        107 Diana      Lorentz    DLORENTZ   590.423.5567         07-FEB-99 IT_PROG          4200                       103            60                                                               
        124 Kevin      Mourgos    KMOURGOS   650.123.5234         16-NOV-99 ST_MAN           5800                       100            50                                                               
        141 Trenna     Rajs                  650.121.8009         17-OCT-95 ST_CLERK         3500                       124            50                                                               
        142 Curtis     Davies     CDAVIES    650.121.2994         29-JAN-97 ST_CLERK         3100                       124            50                                                               
        143 Randall    Matos      RMATOS     650.121.2874         15-MAR-98 ST_CLERK         2600                       124            50                                                               
        144 Peter      Vargas     PVARGAS    650.121.2004         09-JUL-98 ST_CLERK         2500                       124            50                                                               
        149 Eleni      Zlotkey    EZLOTKEY   011.44.1344.429018   29-JAN-00 SA_MAN          10500             .2        100            80                                                               
        174 Ellen      Abel       EABEL      011.44.1644.429267   11-MAY-96 SA_REP          11000             .3        149            80                                                               
        176 Jonathon   Taylor     JTAYLOR    011.44.1644.429265   24-MAR-98 SA_REP           8600             .3        149            80                                                               
        178 Kimerely   Grant      KGRANT     011.44.1644.429263   24-MAY-99 SA_REP           7000            .15        149                                                                             
        200 Jennifer   Whalen     JWHALEN    515.123.4444         17-SEP-87 AD_ASST          4400                       101            10                                                               
        201 Michael    Hartstein  MHARTSTE   515.123.5555         17-FEB-96 MK_MAN          13000                       100            20                                                               
        202 Pat        Fay        PFAY       603.123.6666         17-AUG-97 MK_REP           6000                       201            20                                                               
        205 Shelley    Higgins    SHIGGINS   515.123.8080         07-JUN-94 AC_MGR          12000                       101           110                                                               
        206 William    Gietz      WGIETZ     515.123.8181         07-JUN-94 AC_ACCOUNT       8300                       205           110                                                               

20 rows selected.

SQL> FLASHBACK TABLE E1 TO BEFORE DROP;
FLASHBACK TABLE E1 TO BEFORE DROP
*
ERROR at line 1:
ORA-38312: original name is used by an existing object 


SQL> FLASHBACK TABLE E1 TO BEFORE DROP RENAME TO E2;
FLASHBACK TABLE E1 TO BEFORE DROP RENAME TO E2
*
ERROR at line 1:
ORA-38312: original name is used by an existing object 


SQL> FLASHBACK TABLE E1 TO BEFORE DROP RENAME TO E11;
FLASHBACK TABLE E1 TO BEFORE DROP RENAME TO E11
*
ERROR at line 1:
ORA-38312: original name is used by an existing object 


SQL> FLASHBACK TABLE E1 TO BEFORE DROP RENAME TO E121;

Flashback complete.

SQL> SHOW RECYC
ORIGINAL NAME    RECYCLEBIN NAME                OBJECT TYPE  DROP TIME                                                                                                                                  
---------------- ------------------------------ ------------ -------------------                                                                                                                        
$%^&             BIN$AIcZ/p4GRDqEyZwmb9Cs8w==$0 TABLE        2023-03-24:17:59:09                                                                                                                        
D1               BIN$k1MPMRbhSWy3J9AH3mgXcg==$0 TABLE        2023-03-18:19:06:15                                                                                                                        
NA               BIN$Fu2rp6YkT2aztzkO/71e5g==$0 TABLE        2023-03-11:18:49:04                                                                                                                        
NA               BIN$abZzkmg0RkC2ntjSbS+p7w==$0 TABLE        2023-03-11:18:45:37                                                                                                                        
NA               BIN$yKRgPvMmTReJJr17mrWfPQ==$0 TABLE        2023-03-11:18:45:05                                                                                                                        
NA               BIN$hU4wxPlcSkS+oCWYVx+E9A==$0 TABLE        2023-03-11:18:43:58                                                                                                                        
NA               BIN$UgB3mcniQsCjX3rC8UNVAw==$0 TABLE        2023-03-11:18:43:06                                                                                                                        
PQR              BIN$RqYEGZENROO5Ip+3v3IrYQ==$0 TABLE        2023-03-24:17:34:14                                                                                                                        
R1               BIN$lzsI8o99RkKgt1wwf0xbPA==$0 TABLE        2023-03-25:10:11:31                                                                                                                        
R1               BIN$nVfPFVhBR5aXmipPwya8MA==$0 TABLE        2023-03-23:19:19:48                                                                                                                        
R1               BIN$6ol++uibQ5+l3qTyQ06etA==$0 TABLE        2023-03-18:18:47:15                                                                                                                        
R1               BIN$watvkGNYRne1SmXbsw0oFw==$0 TABLE        2023-03-17:18:27:46                                                                                                                        
R1               BIN$3rYuYru8Q2WNKoKhIthZag==$0 TABLE        2023-03-17:17:29:16                                                                                                                        
T1               BIN$ryJJzjSXTpuilZGXamnMVQ==$0 TABLE        2023-03-24:18:09:03                                                                                                                        
T2               BIN$iWRETZpYTvSOV+4iJt+Zwg==$0 TABLE        2023-03-24:18:11:52                                                                                                                        
SQL> SELECT * FROM E121;

FIRST_NAME HIRE_DATE                                                                                                                                                                                    
---------- ---------                                                                                                                                                                                    
GANESH     04-APR-04                                                                                                                                                                                    
GANESH     04-APR-04                                                                                                                                                                                    
GANESH     04-APR-04                                                                                                                                                                                    
GANESH     04-APR-04                                                                                                                                                                                    
GANESH     04-APR-04                                                                                                                                                                                    
GANESH     04-APR-04                                                                                                                                                                                    
GANESH     04-APR-04                                                                                                                                                                                    
GANESH     04-APR-04                                                                                                                                                                                    
GANESH     04-APR-04                                                                                                                                                                                    

9 rows selected.

SQL> DROP TABLE E121;

Table dropped.

SQL> SHOW RECYC
ORIGINAL NAME    RECYCLEBIN NAME                OBJECT TYPE  DROP TIME                                                                                                                                  
---------------- ------------------------------ ------------ -------------------                                                                                                                        
$%^&             BIN$AIcZ/p4GRDqEyZwmb9Cs8w==$0 TABLE        2023-03-24:17:59:09                                                                                                                        
D1               BIN$k1MPMRbhSWy3J9AH3mgXcg==$0 TABLE        2023-03-18:19:06:15                                                                                                                        
E121             BIN$jgtYVUlAQWuOuEFh9eF54w==$0 TABLE        2023-03-25:19:38:10                                                                                                                        
NA               BIN$Fu2rp6YkT2aztzkO/71e5g==$0 TABLE        2023-03-11:18:49:04                                                                                                                        
NA               BIN$abZzkmg0RkC2ntjSbS+p7w==$0 TABLE        2023-03-11:18:45:37                                                                                                                        
NA               BIN$yKRgPvMmTReJJr17mrWfPQ==$0 TABLE        2023-03-11:18:45:05                                                                                                                        
NA               BIN$hU4wxPlcSkS+oCWYVx+E9A==$0 TABLE        2023-03-11:18:43:58                                                                                                                        
NA               BIN$UgB3mcniQsCjX3rC8UNVAw==$0 TABLE        2023-03-11:18:43:06                                                                                                                        
PQR              BIN$RqYEGZENROO5Ip+3v3IrYQ==$0 TABLE        2023-03-24:17:34:14                                                                                                                        
R1               BIN$lzsI8o99RkKgt1wwf0xbPA==$0 TABLE        2023-03-25:10:11:31                                                                                                                        
R1               BIN$nVfPFVhBR5aXmipPwya8MA==$0 TABLE        2023-03-23:19:19:48                                                                                                                        
R1               BIN$6ol++uibQ5+l3qTyQ06etA==$0 TABLE        2023-03-18:18:47:15                                                                                                                        
R1               BIN$watvkGNYRne1SmXbsw0oFw==$0 TABLE        2023-03-17:18:27:46                                                                                                                        
R1               BIN$3rYuYru8Q2WNKoKhIthZag==$0 TABLE        2023-03-17:17:29:16                                                                                                                        
T1               BIN$ryJJzjSXTpuilZGXamnMVQ==$0 TABLE        2023-03-24:18:09:03                                                                                                                        
T2               BIN$iWRETZpYTvSOV+4iJt+Zwg==$0 TABLE        2023-03-24:18:11:52                                                                                                                        
SQL> PURGE TABLE E121;

Table purged.

SQL> SHOW RECYC
ORIGINAL NAME    RECYCLEBIN NAME                OBJECT TYPE  DROP TIME                                                                                                                                  
---------------- ------------------------------ ------------ -------------------                                                                                                                        
$%^&             BIN$AIcZ/p4GRDqEyZwmb9Cs8w==$0 TABLE        2023-03-24:17:59:09                                                                                                                        
D1               BIN$k1MPMRbhSWy3J9AH3mgXcg==$0 TABLE        2023-03-18:19:06:15                                                                                                                        
NA               BIN$Fu2rp6YkT2aztzkO/71e5g==$0 TABLE        2023-03-11:18:49:04                                                                                                                        
NA               BIN$abZzkmg0RkC2ntjSbS+p7w==$0 TABLE        2023-03-11:18:45:37                                                                                                                        
NA               BIN$yKRgPvMmTReJJr17mrWfPQ==$0 TABLE        2023-03-11:18:45:05                                                                                                                        
NA               BIN$hU4wxPlcSkS+oCWYVx+E9A==$0 TABLE        2023-03-11:18:43:58                                                                                                                        
NA               BIN$UgB3mcniQsCjX3rC8UNVAw==$0 TABLE        2023-03-11:18:43:06                                                                                                                        
PQR              BIN$RqYEGZENROO5Ip+3v3IrYQ==$0 TABLE        2023-03-24:17:34:14                                                                                                                        
R1               BIN$lzsI8o99RkKgt1wwf0xbPA==$0 TABLE        2023-03-25:10:11:31                                                                                                                        
R1               BIN$nVfPFVhBR5aXmipPwya8MA==$0 TABLE        2023-03-23:19:19:48                                                                                                                        
R1               BIN$6ol++uibQ5+l3qTyQ06etA==$0 TABLE        2023-03-18:18:47:15                                                                                                                        
R1               BIN$watvkGNYRne1SmXbsw0oFw==$0 TABLE        2023-03-17:18:27:46                                                                                                                        
R1               BIN$3rYuYru8Q2WNKoKhIthZag==$0 TABLE        2023-03-17:17:29:16                                                                                                                        
T1               BIN$ryJJzjSXTpuilZGXamnMVQ==$0 TABLE        2023-03-24:18:09:03                                                                                                                        
T2               BIN$iWRETZpYTvSOV+4iJt+Zwg==$0 TABLE        2023-03-24:18:11:52                                                                                                                        
SQL> SELECT * FROM E1;

EMPLOYEE_ID FIRST_NAME LAST_NAME  EMAIL      PHONE_NUMBER         HIRE_DATE JOB_ID         SALARY COMMISSION_PCT MANAGER_ID DEPARTMENT_ID                                                               
----------- ---------- ---------- ---------- -------------------- --------- ---------- ---------- -------------- ---------- -------------                                                               
        100 Steven     King       SKING      515.123.4567         17-JUL-87 AD_PRES         24000                                      90                                                               
        101 Neena      Kochhar    NKOCHHAR   515.123.4568         21-SEP-89 AD_VP           17000                       100            90                                                               
        102 Lex        De Haan    LDEHAAN    515.123.4569         13-JAN-93 AD_VP           17000                       100            90                                                               
        103 Alexander  Hunold     AHUNOLD    590.423.4567         03-JAN-90 IT_PROG          9000                       102            60                                                               
        104 Bruce      Ernst      BERNST     590.423.4568         21-MAY-91 IT_PROG          6000                       103            60                                                               
        107 Diana      Lorentz    DLORENTZ   590.423.5567         07-FEB-99 IT_PROG          4200                       103            60                                                               
        124 Kevin      Mourgos    KMOURGOS   650.123.5234         16-NOV-99 ST_MAN           5800                       100            50                                                               
        141 Trenna     Rajs                  650.121.8009         17-OCT-95 ST_CLERK         3500                       124            50                                                               
        142 Curtis     Davies     CDAVIES    650.121.2994         29-JAN-97 ST_CLERK         3100                       124            50                                                               
        143 Randall    Matos      RMATOS     650.121.2874         15-MAR-98 ST_CLERK         2600                       124            50                                                               
        144 Peter      Vargas     PVARGAS    650.121.2004         09-JUL-98 ST_CLERK         2500                       124            50                                                               
        149 Eleni      Zlotkey    EZLOTKEY   011.44.1344.429018   29-JAN-00 SA_MAN          10500             .2        100            80                                                               
        174 Ellen      Abel       EABEL      011.44.1644.429267   11-MAY-96 SA_REP          11000             .3        149            80                                                               
        176 Jonathon   Taylor     JTAYLOR    011.44.1644.429265   24-MAR-98 SA_REP           8600             .3        149            80                                                               
        178 Kimerely   Grant      KGRANT     011.44.1644.429263   24-MAY-99 SA_REP           7000            .15        149                                                                             
        200 Jennifer   Whalen     JWHALEN    515.123.4444         17-SEP-87 AD_ASST          4400                       101            10                                                               
        201 Michael    Hartstein  MHARTSTE   515.123.5555         17-FEB-96 MK_MAN          13000                       100            20                                                               
        202 Pat        Fay        PFAY       603.123.6666         17-AUG-97 MK_REP           6000                       201            20                                                               
        205 Shelley    Higgins    SHIGGINS   515.123.8080         07-JUN-94 AC_MGR          12000                       101           110                                                               
        206 William    Gietz      WGIETZ     515.123.8181         07-JUN-94 AC_ACCOUNT       8300                       205           110                                                               

20 rows selected.

SQL> DROP TABLE E1 PURGE;

Table dropped.

SQL> DESC E1
ERROR:
ORA-04043: object E1 does not exist 


SQL> SELECT * FROM E1;
SELECT * FROM E1
              *
ERROR at line 1:
ORA-00942: table or view does not exist 


SQL> SHOW RECYC
ORIGINAL NAME    RECYCLEBIN NAME                OBJECT TYPE  DROP TIME                                                                                                                                  
---------------- ------------------------------ ------------ -------------------                                                                                                                        
$%^&             BIN$AIcZ/p4GRDqEyZwmb9Cs8w==$0 TABLE        2023-03-24:17:59:09                                                                                                                        
D1               BIN$k1MPMRbhSWy3J9AH3mgXcg==$0 TABLE        2023-03-18:19:06:15                                                                                                                        
NA               BIN$Fu2rp6YkT2aztzkO/71e5g==$0 TABLE        2023-03-11:18:49:04                                                                                                                        
NA               BIN$abZzkmg0RkC2ntjSbS+p7w==$0 TABLE        2023-03-11:18:45:37                                                                                                                        
NA               BIN$yKRgPvMmTReJJr17mrWfPQ==$0 TABLE        2023-03-11:18:45:05                                                                                                                        
NA               BIN$hU4wxPlcSkS+oCWYVx+E9A==$0 TABLE        2023-03-11:18:43:58                                                                                                                        
NA               BIN$UgB3mcniQsCjX3rC8UNVAw==$0 TABLE        2023-03-11:18:43:06                                                                                                                        
PQR              BIN$RqYEGZENROO5Ip+3v3IrYQ==$0 TABLE        2023-03-24:17:34:14                                                                                                                        
R1               BIN$lzsI8o99RkKgt1wwf0xbPA==$0 TABLE        2023-03-25:10:11:31                                                                                                                        
R1               BIN$nVfPFVhBR5aXmipPwya8MA==$0 TABLE        2023-03-23:19:19:48                                                                                                                        
R1               BIN$6ol++uibQ5+l3qTyQ06etA==$0 TABLE        2023-03-18:18:47:15                                                                                                                        
R1               BIN$watvkGNYRne1SmXbsw0oFw==$0 TABLE        2023-03-17:18:27:46                                                                                                                        
R1               BIN$3rYuYru8Q2WNKoKhIthZag==$0 TABLE        2023-03-17:17:29:16                                                                                                                        
T1               BIN$ryJJzjSXTpuilZGXamnMVQ==$0 TABLE        2023-03-24:18:09:03                                                                                                                        
T2               BIN$iWRETZpYTvSOV+4iJt+Zwg==$0 TABLE        2023-03-24:18:11:52                                                                                                                        
SQL> 
SQL> REM DML , TCL , VERSIONS QUERY , ALTER , TRUNCATE , DROP , FLASHBACK , PURGE , SHOW RECYC
SQL> 
SQL> REM CONCEPTS : 1 READ CONSISTENCY 2 CONCURRENCY 3 LOCKING 4 DEAD LOCK SITUATION
SQL> 
SQL> SELECT * FROM R1;

 REGION_ID REGION_NAME                                                                                                                                                                                  
---------- -------------------------                                                                                                                                                                    
         1 ASIA                                                                                                                                                                                         
         1 AFRICA                                                                                                                                                                                       
         3 AUSTRALIA                                                                                                                                                                                    

SQL> UPDATE R1 SET REGION_NAME = LOWER(REGION_NAME) WHERE REGION_ID = 3;

1 row updated.

SQL> SELECT * FROM R1;

 REGION_ID REGION_NAME                                                                                                                                                                                  
---------- -------------------------                                                                                                                                                                    
         1 ASIA                                                                                                                                                                                         
         1 AFRICA                                                                                                                                                                                       
         3 australia                                                                                                                                                                                    

SQL> REM READ CONSISTANCY : ANY DML CHANGES DONE IN A SESSION IS ONLY AVAILABLE TO SAME SESSION UNTIL IT IS COMMITED.
SQL> 
SQL> COMMIT;

Commit complete.

SQL> SELECT * FROM R1;

 REGION_ID REGION_NAME                                                                                                                                                                                  
---------- -------------------------                                                                                                                                                                    
         1 ASIA                                                                                                                                                                                         
         1 AFRICA                                                                                                                                                                                       
         3 australia                                                                                                                                                                                    

SQL> UPDATE R1 SET REGION_ID = 2 WHERE REGION_NAME = 'AFRICA';

1 row updated.

SQL> COMMIT;

Commit complete.

SQL> SELECT * FROM R1;

 REGION_ID REGION_NAME                                                                                                                                                                                  
---------- -------------------------                                                                                                                                                                    
         1 ASIA                                                                                                                                                                                         
         2 AFRICA                                                                                                                                                                                       
         3 australia                                                                                                                                                                                    

SQL> UPDATE R1 SET REGION_NAME = LOWER(REGION_NAME);

3 rows updated.

SQL> ROLLBACK;

Rollback complete.

SQL> UPDATE R1 SET REGION_NAME = LOWER(REGION_NAME) WHERE REGION_ID = 1;

1 row updated.

SQL> REM WHEN WE EXECUTE DML STATEMENT, ROWS GET LOCKED AUTOMATICALLY, UNTIL WE END THE TRANSACTION.
SQL> 
SQL> SELECT * FROM R1;

 REGION_ID REGION_NAME                                                                                                                                                                                  
---------- -------------------------                                                                                                                                                                    
         1 asia                                                                                                                                                                                         
         2 AFRICA                                                                                                                                                                                       
         3 australia                                                                                                                                                                                    

SQL> REM CONCURRENCY : MULTIPLE SESSIONS CAN PERFORM DML OPERATIONS ON SAME TABLE AT THE SAME TIME BUT ON DIFFERENT SET OF ROWS.
SQL> 
SQL> UPDATE R1 SET REGION_NAME = LOWER(REGION_NAME) WHERE REGION_ID = 2;
UPDATE R1 SET REGION_NAME = LOWER(REGION_NAME) WHERE REGION_ID = 2
                                  *
ERROR at line 1:
ORA-00060: deadlock detected while waiting for resource 


SQL> COMMIT;

Commit complete.

SQL> UPDATE R1 SET REGION_NAME = LOWER(REGION_NAME) WHERE REGION_ID = 2;

1 row updated.

SQL> COMMIT;

Commit complete.

SQL> UPDATE R1 SET REGION_NAME = LOWER(REGION_NAME) WHERE REGION_ID = 2;

1 row updated.

SQL> REM DEAD LOCK SITUATION : TWO SESSIONS ARE WAITING FOR EACH OTHER.
SQL> 
SQL> SPOOL OFF
