SQL> 
SQL> SELECT TO_CHAR(CURRENT_DATE,'"Today is" dth "day of week", ddth "day of" Month "and" dddth "day of year" YEAR') FROM
  2  EMPLOYEES;
SELECT TO_CHAR(CURRENT_DATE,'"Today is" dth "day of week", ddth "day of" Month "and" dddth "day of year" YEAR') FROM
                            *
ERROR at line 1:
ORA-01801: date format is too long for internal buffer 


SQL> SELECT TO_CHAR(CURRENT_DATE,'"Today is" dth "day of week", ddth "day of" Month "and" dddth "day of year"') FROM
  2  EMPLOYEES;
SELECT TO_CHAR(CURRENT_DATE,'"Today is" dth "day of week", ddth "day of" Month "and" dddth "day of year"') FROM
                            *
ERROR at line 1:
ORA-01801: date format is too long for internal buffer 


SQL> SELECT TO_CHAR(CURRENT_DATE,'"Today is" dth "day of week", ddth "day of" Month "and" dddth "day of year"') FROM
  2  EMPLOYEES;
SELECT TO_CHAR(CURRENT_DATE,'"Today is" dth "day of week", ddth "day of" Month "and" dddth "day of year"') FROM
                            *
ERROR at line 1:
ORA-01801: date format is too long for internal buffer 


SQL> 
SQL> SELECT TO_CHAR(CURRENT_DATE,'"Today is" dth "day of week", ddth "day of" Month') FROM EMPLOYEES;

TO_CHAR(CURRENT_DATE,'"TODAYIS"DTH"DAYOFWEEK",DDTH"DAYOF"MONTH')                                                                                                                                        
--------------------------------------------------------------------------                                                                                                                              
Today is 7th day of week, 12th day of November                                                                                                                                                          
Today is 7th day of week, 12th day of November                                                                                                                                                          
Today is 7th day of week, 12th day of November                                                                                                                                                          
Today is 7th day of week, 12th day of November                                                                                                                                                          
Today is 7th day of week, 12th day of November                                                                                                                                                          
Today is 7th day of week, 12th day of November                                                                                                                                                          
Today is 7th day of week, 12th day of November                                                                                                                                                          
Today is 7th day of week, 12th day of November                                                                                                                                                          
Today is 7th day of week, 12th day of November                                                                                                                                                          
Today is 7th day of week, 12th day of November                                                                                                                                                          
Today is 7th day of week, 12th day of November                                                                                                                                                          
Today is 7th day of week, 12th day of November                                                                                                                                                          
Today is 7th day of week, 12th day of November                                                                                                                                                          
Today is 7th day of week, 12th day of November                                                                                                                                                          
Today is 7th day of week, 12th day of November                                                                                                                                                          
Today is 7th day of week, 12th day of November                                                                                                                                                          
Today is 7th day of week, 12th day of November                                                                                                                                                          
Today is 7th day of week, 12th day of November                                                                                                                                                          
Today is 7th day of week, 12th day of November                                                                                                                                                          
Today is 7th day of week, 12th day of November                                                                                                                                                          

20 rows selected.

SQL> CL SCR

SQL> REM TYPES OF FUNCTIONS : 1 SINGLE ROW 2 MULTI ROW
SQL> 
SQL> REM MULTI ROW/GROUP / AGGREGATE / SUMMARY FUNCTIONS
SQL> 
SQL> REM LIST OF SUMMARY FUNCTIONS : MIN MAX COUNT   SUM AVG
SQL> 
SQL> REM MIN : LOWEST
SQL> 
SQL> REM MAX : HIGHEST
SQL> 
SQL> REM COUNT : NUMBER OF ROWS
SQL> 
SQL> REM SUM : TOTAL
SQL> 
SQL> REM AVG : AVERAGE
SQL>  
SQL> SELECT EMAIL , LOWER(EMAIL) FROM EMPLOYEES;

EMAIL      LOWER(EMAI                                                                                                                                                                                   
---------- ----------                                                                                                                                                                                   
SKING      sking                                                                                                                                                                                        
NKOCHHAR   nkochhar                                                                                                                                                                                     
LDEHAAN    ldehaan                                                                                                                                                                                      
AHUNOLD    ahunold                                                                                                                                                                                      
BERNST     bernst                                                                                                                                                                                       
DLORENTZ   dlorentz                                                                                                                                                                                     
KMOURGOS   kmourgos                                                                                                                                                                                     
TRAJS      trajs                                                                                                                                                                                        
CDAVIES    cdavies                                                                                                                                                                                      
RMATOS     rmatos                                                                                                                                                                                       
PVARGAS    pvargas                                                                                                                                                                                      
EZLOTKEY   ezlotkey                                                                                                                                                                                     
EABEL      eabel                                                                                                                                                                                        
JTAYLOR    jtaylor                                                                                                                                                                                      
KGRANT     kgrant                                                                                                                                                                                       
JWHALEN    jwhalen                                                                                                                                                                                      
MHARTSTE   mhartste                                                                                                                                                                                     
PFAY       pfay                                                                                                                                                                                         
SHIGGINS   shiggins                                                                                                                                                                                     
WGIETZ     wgietz                                                                                                                                                                                       

20 rows selected.

SQL> SELECT EMAIL , LOWER(EMAIL) FROM EMPLOYEES WHERE DEPARTMENT_ID = 90;

EMAIL      LOWER(EMAI                                                                                                                                                                                   
---------- ----------                                                                                                                                                                                   
SKING      sking                                                                                                                                                                                        
NKOCHHAR   nkochhar                                                                                                                                                                                     
LDEHAAN    ldehaan                                                                                                                                                                                      

SQL> REM MULTI ROW FUNCTIONS TAKE MULTIPLE ROWS AS INPUT AND MAY RETURN SINGLE OR MULTIPLE ROWS.
SQL> 
SQL> REM IF WE OMIT GROUP BY CLAUSE, SUMMARY FUNCTION RETURNS SINGLE ROW.
SQL> 
SQL> REM IF WE USE GROUP BY CLAUSE, SUMMARY FUNCTION RETURNS MULTIPLE ROWS.
SQL> 
SQL> SELECT SALARY FROM EMPLOYEES ORDER BY 1;

    SALARY                                                                                                                                                                                              
----------                                                                                                                                                                                              
      2500                                                                                                                                                                                              
      2600                                                                                                                                                                                              
      3100                                                                                                                                                                                              
      3500                                                                                                                                                                                              
      4200                                                                                                                                                                                              
      4400                                                                                                                                                                                              
      5800                                                                                                                                                                                              
      6000                                                                                                                                                                                              
      6000                                                                                                                                                                                              
      7000                                                                                                                                                                                              
      8300                                                                                                                                                                                              
      8600                                                                                                                                                                                              
      9000                                                                                                                                                                                              
     10500                                                                                                                                                                                              
     11000                                                                                                                                                                                              
     12000                                                                                                                                                                                              
     13000                                                                                                                                                                                              
     17000                                                                                                                                                                                              
     17000                                                                                                                                                                                              
     24000                                                                                                                                                                                              

20 rows selected.

SQL> SELECT MIN(SALARY) FROM EMPLOYEES;

MIN(SALARY)                                                                                                                                                                                             
-----------                                                                                                                                                                                             
       2500                                                                                                                                                                                             

SQL> SELECT DEPARTMENT_ID , SALARY FROM EMPLOYEES;

DEPARTMENT_ID     SALARY                                                                                                                                                                                
------------- ----------                                                                                                                                                                                
           90      24000                                                                                                                                                                                
           90      17000                                                                                                                                                                                
           90      17000                                                                                                                                                                                
           60       9000                                                                                                                                                                                
           60       6000                                                                                                                                                                                
           60       4200                                                                                                                                                                                
           50       5800                                                                                                                                                                                
           50       3500                                                                                                                                                                                
           50       3100                                                                                                                                                                                
           50       2600                                                                                                                                                                                
           50       2500                                                                                                                                                                                
           80      10500                                                                                                                                                                                
           80      11000                                                                                                                                                                                
           80       8600                                                                                                                                                                                
                    7000                                                                                                                                                                                
           10       4400                                                                                                                                                                                
           20      13000                                                                                                                                                                                
           20       6000                                                                                                                                                                                
          110      12000                                                                                                                                                                                
          110       8300                                                                                                                                                                                

20 rows selected.

SQL> SELECT DEPARTMENT_ID , MIN(SALARY) FROM EMPLOYEES GROUP BY DEPARTMENT_ID;

DEPARTMENT_ID MIN(SALARY)                                                                                                                                                                               
------------- -----------                                                                                                                                                                               
                     7000                                                                                                                                                                               
           90       17000                                                                                                                                                                               
           20        6000                                                                                                                                                                               
          110        8300                                                                                                                                                                               
           50        2500                                                                                                                                                                               
           80        8600                                                                                                                                                                               
           60        4200                                                                                                                                                                               
           10        4400                                                                                                                                                                               

8 rows selected.

SQL> REM EXAMPLES OF NUMBER TYPE INPUTS
SQL> 
SQL> SELECT SALARY FROM EMPLOYEES ORDER BY 1;

    SALARY                                                                                                                                                                                              
----------                                                                                                                                                                                              
      2500                                                                                                                                                                                              
      2600                                                                                                                                                                                              
      3100                                                                                                                                                                                              
      3500                                                                                                                                                                                              
      4200                                                                                                                                                                                              
      4400                                                                                                                                                                                              
      5800                                                                                                                                                                                              
      6000                                                                                                                                                                                              
      6000                                                                                                                                                                                              
      7000                                                                                                                                                                                              
      8300                                                                                                                                                                                              
      8600                                                                                                                                                                                              
      9000                                                                                                                                                                                              
     10500                                                                                                                                                                                              
     11000                                                                                                                                                                                              
     12000                                                                                                                                                                                              
     13000                                                                                                                                                                                              
     17000                                                                                                                                                                                              
     17000                                                                                                                                                                                              
     24000                                                                                                                                                                                              

20 rows selected.

SQL> SELECT MIN(SALARY) , MAX(SALARY) , COUNT(SALARY) , SUM(SALARY) , AVG(SALARY) FROM EMPLOYEES;

MIN(SALARY) MAX(SALARY) COUNT(SALARY) SUM(SALARY) AVG(SALARY)                                                                                                                                           
----------- ----------- ------------- ----------- -----------                                                                                                                                           
       2500       24000            20      175500        8775                                                                                                                                           

SQL> SELECT COMMISSION_PCT FROM EMPLOYEES;

COMMISSION_PCT                                                                                                                                                                                          
--------------                                                                                                                                                                                          
                                                                                                                                                                                                        
                                                                                                                                                                                                        
                                                                                                                                                                                                        
                                                                                                                                                                                                        
                                                                                                                                                                                                        
                                                                                                                                                                                                        
                                                                                                                                                                                                        
                                                                                                                                                                                                        
                                                                                                                                                                                                        
                                                                                                                                                                                                        
                                                                                                                                                                                                        
            .2                                                                                                                                                                                          
            .3                                                                                                                                                                                          
            .3                                                                                                                                                                                          
           .15                                                                                                                                                                                          
                                                                                                                                                                                                        
                                                                                                                                                                                                        
                                                                                                                                                                                                        
                                                                                                                                                                                                        
                                                                                                                                                                                                        

20 rows selected.

SQL> SELECT COUNT(COMMISSION_PCT) FROM EMPLOYEES;

COUNT(COMMISSION_PCT)                                                                                                                                                                                   
---------------------                                                                                                                                                                                   
                    4                                                                                                                                                                                   

SQL> SELECT COUNT(DISTINCT COMMISSION_PCT) FROM EMPLOYEES;

COUNT(DISTINCTCOMMISSION_PCT)                                                                                                                                                                           
-----------------------------                                                                                                                                                                           
                            3                                                                                                                                                                           

SQL> SELECT COUNT(*) FROM EMPLOYEES;

  COUNT(*)                                                                                                                                                                                              
----------                                                                                                                                                                                              
        20                                                                                                                                                                                              

SQL> SELECT AVG(COMMISSION_PCT) , SUM(COMMISSION_PCT)/COUNT(COMMISSION_PCT) FROM EMPLOYEES;

AVG(COMMISSION_PCT) SUM(COMMISSION_PCT)/COUNT(COMMISSION_PCT)                                                                                                                                           
------------------- -----------------------------------------                                                                                                                                           
              .2375                                     .2375                                                                                                                                           

SQL> SELECT AVG(COMMISSION_PCT) , SUM(COMMISSION_PCT)/COUNT(*) FROM EMPLOYEES;

AVG(COMMISSION_PCT) SUM(COMMISSION_PCT)/COUNT(*)                                                                                                                                                        
------------------- ----------------------------                                                                                                                                                        
              .2375                        .0475                                                                                                                                                        

SQL> 
SQL> 
SQL> REM SUMMARY FUNCTIONS WITH DATE INPUTS
SQL> 
SQL> SELECT HIRE_DATE FROM EMPLOYEES ORDER BY 1;

HIRE_DATE                                                                                                                                                                                               
---------                                                                                                                                                                                               
17-JUL-87                                                                                                                                                                                               
17-SEP-87                                                                                                                                                                                               
21-SEP-89                                                                                                                                                                                               
03-JAN-90                                                                                                                                                                                               
21-MAY-91                                                                                                                                                                                               
13-JAN-93                                                                                                                                                                                               
07-JUN-94                                                                                                                                                                                               
07-JUN-94                                                                                                                                                                                               
17-OCT-95                                                                                                                                                                                               
17-FEB-96                                                                                                                                                                                               
11-MAY-96                                                                                                                                                                                               
29-JAN-97                                                                                                                                                                                               
17-AUG-97                                                                                                                                                                                               
15-MAR-98                                                                                                                                                                                               
24-MAR-98                                                                                                                                                                                               
09-JUL-98                                                                                                                                                                                               
07-FEB-99                                                                                                                                                                                               
24-MAY-99                                                                                                                                                                                               
16-NOV-99                                                                                                                                                                                               
29-JAN-00                                                                                                                                                                                               

20 rows selected.

SQL> SELECT MIN(HIRE_DATE) , MAX(HIRE_DATE) , COUNT(HIRE_DATE) FROM EMPLOYEES;

MIN(HIRE_ MAX(HIRE_ COUNT(HIRE_DATE)                                                                                                                                                                    
--------- --------- ----------------                                                                                                                                                                    
17-JUL-87 29-JAN-00               20                                                                                                                                                                    

SQL> SELECT SUM(HIRE_DATE) FROM EMPLOYEES;
SELECT SUM(HIRE_DATE) FROM EMPLOYEES
           *
ERROR at line 1:
ORA-00932: inconsistent datatypes: expected NUMBER got DATE 


SQL> SELECT AVG(HIRE_DATE) FROM EMPLOYEES;
SELECT AVG(HIRE_DATE) FROM EMPLOYEES
           *
ERROR at line 1:
ORA-00932: inconsistent datatypes: expected NUMBER got DATE 


SQL> REM SUM AND AVG WILL NOT SUPPORT DATE TYPE INPUTS.
SQL> 
SQL> SELECT FIRST_NAME FROM EMPLOYEES;

FIRST_NAME                                                                                                                                                                                              
----------                                                                                                                                                                                              
Steven                                                                                                                                                                                                  
Neena                                                                                                                                                                                                   
Lex                                                                                                                                                                                                     
Alexander                                                                                                                                                                                               
Bruce                                                                                                                                                                                                   
Diana                                                                                                                                                                                                   
Kevin                                                                                                                                                                                                   
Trenna                                                                                                                                                                                                  
Curtis                                                                                                                                                                                                  
Randall                                                                                                                                                                                                 
Peter                                                                                                                                                                                                   
Eleni                                                                                                                                                                                                   
Ellen                                                                                                                                                                                                   
Jonathon                                                                                                                                                                                                
Kimerely                                                                                                                                                                                                
Jennifer                                                                                                                                                                                                
Michael                                                                                                                                                                                                 
Pat                                                                                                                                                                                                     
Shelley                                                                                                                                                                                                 
William                                                                                                                                                                                                 

20 rows selected.

SQL> SELECT MIN(FIRST_NAME) , MAX(FIRST_NAME) FROM EMPLOYEES;

MIN(FIRST_ MAX(FIRST_                                                                                                                                                                                   
---------- ----------                                                                                                                                                                                   
Alexander  William                                                                                                                                                                                      

SQL> REM ASCII : A->65 , B-> 66 ... Z-> 90
SQL> 
SQL> REM a->97 , b-> 98 .. z->122
SQL> 
SQL> REM 0 -> 48 , 1-> 49 ... 9 ->57
SQL> 
SQL> REM Amit AMIT amit
SQL> 
SQL> REM ASCENDING : AMIT Amit amit
SQL> 
SQL> SELECT CHR(7) FROM DUAL;                                                                                                                                                                                                                                                                                                                                                                                      

SQL> SELECT MIN(FIRST_NAME) , MAX(FIRST_NAME) , COUNT(FIRST_NAME) FROM EMPLOYEES;

MIN(FIRST_ MAX(FIRST_ COUNT(FIRST_NAME)                                                                                                                                                                 
---------- ---------- -----------------                                                                                                                                                                 
Alexander  William                   20                                                                                                                                                                 

SQL> SELECT SUM(FIRST_NAME) FROM EMPLOYEES;
SELECT SUM(FIRST_NAME) FROM EMPLOYEES
           *
ERROR at line 1:
ORA-01722: invalid number 


SQL> SELECT AVG(FIRST_NAME) FROM EMPLOYEES;
SELECT AVG(FIRST_NAME) FROM EMPLOYEES
           *
ERROR at line 1:
ORA-01722: invalid number 

SQL> REM SUM AND AVG WILL NOT SUPPORT CHARACTER TYPE INPUTS.
SQL> 
SQL> REM HOW MANY EMPLOYEES ARE WORKING IN COMPANY
SQL> 
SQL> SELECT COUNT(*) FROM EMPLOYEES;

  COUNT(*)                                                                                                                                                                                              
----------                                                                                                                                                                                              
        20                                                                                                                                                                                              

SQL> REM FIND HIGHEST SALARY FIGURE PAID BY COMPANY
SQL> 
SQL> SELECT MAX(SALARY) FROM EMPLOYEES;

MAX(SALARY)                                                                                                                                                                                             
-----------                                                                                                                                                                                             
      24000                                                                                                                                                                                             

SQL> REM FIND THE DATE ON WHICH FIRST EMPLOYEE WAS HIRED
SQL> 
SQL> SELECT MIN(HIRE_DATE) FROM EMPLOYEES;

MIN(HIRE_                                                                                                                                                                                               
---------                                                                                                                                                                                               
17-JUL-87                                                                                                                                                                                               

SQL> REM FIND HIGHEST COMMISSION AMOUNT PAID BY COMPANY
SQL> 
SQL> SELECT MAX(SALARY*COMMISSION_PCT) FROM EMPLOYEES;

MAX(SALARY*COMMISSION_PCT)                                                                                                                                                                              
--------------------------                                                                                                                                                                              
                      3300                                                                                                                                                                              

SQL> REM WHICH LAST_NAME WILL BE PLACED LAST IN TELEPHONE DIRECTORY
SQL> 
SQL> SELECT MAX(LAST_NAME) FROM EMPLOYEES;

MAX(LAST_N                                                                                                                                                                                              
----------                                                                                                                                                                                              
Zlotkey                                                                                                                                                                                                 

SQL> REM DISPLAY HIGHEST SALARY PAID TO DEPARTMENT 60
SQL> 
SQL> SELECT MAX(SALARY) FROM EMPLOYEES WHERE DEPARTMENT_ID = 60;

MAX(SALARY)                                                                                                                                                                                             
-----------                                                                                                                                                                                             
       9000                                                                                                                                                                                             

SQL> SELECT MAX(DECODE(DEPARTMENT_ID , 60 , SALARY)) FROM EMPLOYEES;

MAX(DECODE(DEPARTMENT_ID,60,SALARY))                                                                                                                                                                    
------------------------------------                                                                                                                                                                    
                                9000                                                                                                                                                                    

SQL> select max(case department_id when 60 then salary end) from employees;

MAX(CASEDEPARTMENT_IDWHEN60THENSALARYEND)                                                                                                                                                               
-----------------------------------------                                                                                                                                                               
                                     9000                                                                                                                                                               

SQL> REM DISPLAY THOSE WHO WERE HIRED IN YEAR 99
SQL> 
SQL> REM DISPLAY COUNT OF EMPLOYEES WHO WERE HIRED IN YEAR 99
SQL> 
SQL> SELECT COUNT(*) FROM EMPLOYEES WHERE HIRE_DATE LIKE '%99';

  COUNT(*)                                                                                                                                                                                              
----------                                                                                                                                                                                              
         3                                                                                                                                                                                              

SQL> SELECT COUNT(*) FROM EMPLOYEES WHERE HIRE_DATE BETWEEN '01-JAN-99' AND '31-DEC-99;
ERROR:
ORA-01756: quoted string not properly terminated 


SQL> '
SP2-0042: unknown command "'" - rest of line ignored.
SQL> SELECT COUNT(*) FROM EMPLOYEES WHERE HIRE_DATE BETWEEN '01-JAN-99' AND '31-DEC-99';

  COUNT(*)                                                                                                                                                                                              
----------                                                                                                                                                                                              
         3                                                                                                                                                                                              

SQL> SELECT COUNT(*) FROM EMPLOYEES WHERE SUBSTR(HIRE_DATE,8) = 99;

  COUNT(*)                                                                                                                                                                                              
----------                                                                                                                                                                                              
         3                                                                                                                                                                                              

SQL> SELECT COUNT(*) FROM EMPLOYEES WHERE SUBSTR(HIRE_DATE,-2) = 99;

  COUNT(*)                                                                                                                                                                                              
----------                                                                                                                                                                                              
         3                                                                                                                                                                                              

SQL> SELECT COUNT(*) FROM EMPLOYEES WHERE INSTR(HIRE_DATE,'99') > 0;

  COUNT(*)                                                                                                                                                                                              
