SQL> 
SQL> CL SCR

SQL> REM OUTER JOIN : TO GET EXTRA/UNMATCHED ROWS IN RESULT SET
SQL> 
SQL> SELECT * FROM COUNTRIES;

CO COUNTRY_NAME                              REGION_ID                                                                                                                                                  
-- ---------------------------------------- ----------                                                                                                                                                  
CA Canada                                            2                                                                                                                                                  
DE Germany                                           1                                                                                                                                                  
UK United Kingdom                                    1                                                                                                                                                  
US United States of America                          2                                                                                                                                                  

SQL> SELECT * FROM REGIONS;

 REGION_ID REGION_NAME                                                                                                                                                                                  
---------- -------------------------                                                                                                                                                                    
         1 Europe                                                                                                                                                                                       
         2 AMERICAS                                                                                                                                                                                     
         3 Asia                                                                                                                                                                                         
         4 MIDDLE EAST AND AFRICA                                                                                                                                                                       

SQL> SELECT *
  2  FROM COUNTRIES
  3  NATURAL JOIN REGIONS;

 REGION_ID CO COUNTRY_NAME                             REGION_NAME                                                                                                                                      
---------- -- ---------------------------------------- -------------------------                                                                                                                        
         1 DE Germany                                  Europe                                                                                                                                           
         1 UK United Kingdom                           Europe                                                                                                                                           
         2 CA Canada                                   AMERICAS                                                                                                                                         
         2 US United States of America                 AMERICAS                                                                                                                                         

SQL> SELECT *
  2  FROM COUNTRIES
  3  JOIN REGIONS USING (REGION_ID);

 REGION_ID CO COUNTRY_NAME                             REGION_NAME                                                                                                                                      
---------- -- ---------------------------------------- -------------------------                                                                                                                        
         1 DE Germany                                  Europe                                                                                                                                           
         1 UK United Kingdom                           Europe                                                                                                                                           
         2 CA Canada                                   AMERICAS                                                                                                                                         
         2 US United States of America                 AMERICAS                                                                                                                                         

SQL> SELECT *
  2  FROM COUNTRIES C
  3  JOIN REGIONS R ON C.REGION_ID = R.REGION_ID;

CO COUNTRY_NAME                              REGION_ID  REGION_ID REGION_NAME                                                                                                                           
-- ---------------------------------------- ---------- ---------- -------------------------                                                                                                             
DE Germany                                           1          1 Europe                                                                                                                                
UK United Kingdom                                    1          1 Europe                                                                                                                                
CA Canada                                            2          2 AMERICAS                                                                                                                              
US United States of America                          2          2 AMERICAS                                                                                                                              

SQL> REM OUTER JOIN SYNTAX 1 : FROM TABLE1 LEFT/RIGHT/FULL OUTER JOIN TABLE2 USING (COMMON COLUMN LIST COMMA SEPARATED)
SQL> 
SQL> REM OUTER JOIN SYNTAX 2 : FROM TABLE1 LEFT/RIGHT/FULL OUTER JOIN TABLE2 ON JOIN CONDITION(S)
SQL> 
SQL> SELECT COUNTRY_NAME , REGION_NAME
  2  FROM COUNTRIES
  3  OUTER JOIN REGIONS USING (REGION_ID);

COUNTRY_NAME                             REGION_NAME                                                                                                                                                    
---------------------------------------- -------------------------                                                                                                                                      
Germany                                  Europe                                                                                                                                                         
United Kingdom                           Europe                                                                                                                                                         
Canada                                   AMERICAS                                                                                                                                                       
United States of America                 AMERICAS                                                                                                                                                       

SQL> SELECT OUTER.COUNTRY_NAME , REGION_NAME
  2  FROM COUNTRIES
  3  OUTER JOIN REGIONS USING (REGION_ID);

COUNTRY_NAME                             REGION_NAME                                                                                                                                                    
---------------------------------------- -------------------------                                                                                                                                      
Germany                                  Europe                                                                                                                                                         
United Kingdom                           Europe                                                                                                                                                         
Canada                                   AMERICAS                                                                                                                                                       
United States of America                 AMERICAS                                                                                                                                                       

SQL> SELECT COUNTRIES.COUNTRY_NAME , REGION_NAME
  2  FROM COUNTRIES
  3  OUTER JOIN REGIONS USING (REGION_ID);
SELECT COUNTRIES.COUNTRY_NAME , REGION_NAME
       *
ERROR at line 1:
ORA-00904: "COUNTRIES"."COUNTRY_NAME": invalid identifier 


SQL> SELECT * FROM COUNTRIES;

CO COUNTRY_NAME                              REGION_ID                                                                                                                                                  
-- ---------------------------------------- ----------                                                                                                                                                  
CA Canada                                            2                                                                                                                                                  
DE Germany                                           1                                                                                                                                                  
UK United Kingdom                                    1                                                                                                                                                  
US United States of America                          2                                                                                                                                                  

SQL> SELECT * FROM REGIONS;

 REGION_ID REGION_NAME                                                                                                                                                                                  
---------- -------------------------                                                                                                                                                                    
         1 Europe                                                                                                                                                                                       
         2 AMERICAS                                                                                                                                                                                     
         3 Asia                                                                                                                                                                                         
         4 MIDDLE EAST AND AFRICA                                                                                                                                                                       

SQL> SELECT COUNTRY_NAME , REGION_NAME
  2  FROM COUNTRIES
  3  RIGHT OUTER JOIN REGIONS USING (REGION_ID);

COUNTRY_NAME                             REGION_NAME                                                                                                                                                    
---------------------------------------- -------------------------                                                                                                                                      
Canada                                   AMERICAS                                                                                                                                                       
Germany                                  Europe                                                                                                                                                         
United Kingdom                           Europe                                                                                                                                                         
United States of America                 AMERICAS                                                                                                                                                       
                                         MIDDLE EAST AND AFRICA                                                                                                                                         
                                         Asia                                                                                                                                                           

6 rows selected.

SQL> SELECT COUNTRY_NAME , REGION_NAME
  2  FROM COUNTRIES
  3  LEFT OUTER JOIN REGIONS USING (REGION_ID);

COUNTRY_NAME                             REGION_NAME                                                                                                                                                    
---------------------------------------- -------------------------                                                                                                                                      
Germany                                  Europe                                                                                                                                                         
United Kingdom                           Europe                                                                                                                                                         
Canada                                   AMERICAS                                                                                                                                                       
United States of America                 AMERICAS                                                                                                                                                       

SQL> SELECT COUNTRY_NAME , REGION_NAME
  2  FROM COUNTRIES
  3  FULL OUTER JOIN REGIONS USING (REGION_ID);

COUNTRY_NAME                             REGION_NAME                                                                                                                                                    
---------------------------------------- -------------------------                                                                                                                                      
Germany                                  Europe                                                                                                                                                         
United Kingdom                           Europe                                                                                                                                                         
Canada                                   AMERICAS                                                                                                                                                       
United States of America                 AMERICAS                                                                                                                                                       
                                         Asia                                                                                                                                                           
                                         MIDDLE EAST AND AFRICA                                                                                                                                         

6 rows selected.

SQL> SELECT COUNTRY_NAME , REGION_NAME
  2  FROM REGIONS
  3  LEFT OUTER JOIN REGIONS USING (REGION_ID);
SELECT COUNTRY_NAME , REGION_NAME
                      *
ERROR at line 1:
ORA-00918: column ambiguously defined 


SQL> SELECT COUNTRY_NAME , REGION_NAME
  2  FROM REGIONS
  3  LEFT OUTER JOIN COUNTRIES USING (REGION_ID);

COUNTRY_NAME                             REGION_NAME                                                                                                                                                    
---------------------------------------- -------------------------                                                                                                                                      
Canada                                   AMERICAS                                                                                                                                                       
Germany                                  Europe                                                                                                                                                         
United Kingdom                           Europe                                                                                                                                                         
United States of America                 AMERICAS                                                                                                                                                       
                                         MIDDLE EAST AND AFRICA                                                                                                                                         
                                         Asia                                                                                                                                                           

6 rows selected.

SQL> SELECT * FROM EMPLOYEES;

EMPLOYEE_ID FIRST_NAME LAST_NAME  EMAIL      PHONE_NUMBER         HIRE_DATE JOB_ID         SALARY COMMISSION_PCT MANAGER_ID DEPARTMENT_ID                                                               
----------- ---------- ---------- ---------- -------------------- --------- ---------- ---------- -------------- ---------- -------------                                                               
        100 Steven     King       SKING      515.123.4567         17-JUL-87 AD_PRES         24000                                      90                                                               
        101 Neena      Kochhar    NKOCHHAR   515.123.4568         21-SEP-89 AD_VP           17000                       100            90                                                               
        102 Lex        De Haan    LDEHAAN    515.123.4569         13-JAN-93 AD_VP           17000                       100            90                                                               
        103 Alexander  Hunold     AHUNOLD    590.423.4567         03-JAN-90 IT_PROG          9000                       102            60                                                               
        104 Bruce      Ernst      BERNST     590.423.4568         21-MAY-91 IT_PROG          6000                       103            60                                                               
        107 Diana      Lorentz    DLORENTZ   590.423.5567         07-FEB-99 IT_PROG          4200                       103            60                                                               
        124 Kevin      Mourgos    KMOURGOS   650.123.5234         16-NOV-99 ST_MAN           5800                       100            50                                                               
        141 Trenna     Rajs       TRAJS      650.121.8009         17-OCT-95 ST_CLERK         3500                       124            50                                                               
        142 Curtis     Davies     CDAVIES    650.121.2994         29-JAN-97 ST_CLERK         3100                       124            50                                                               
        143 Randall    Matos      RMATOS     650.121.2874         15-MAR-98 ST_CLERK         2600                       124            50                                                               
        144 Peter      Vargas     PVARGAS    650.121.2004         09-JUL-98 ST_CLERK         2500                       124            50                                                               
        149 Eleni      Zlotkey    EZLOTKEY   011.44.1344.429018   29-JAN-00 SA_MAN          10500             .2        100            80                                                               
        174 Ellen      Abel       EABEL      011.44.1644.429267   11-MAY-96 SA_REP          11000             .3        149            80                                                               
        176 Jonathon   Taylor     JTAYLOR    011.44.1644.429265   24-MAR-98 SA_REP           8600             .3        149            80                                                               
        178 Kimerely   Grant      KGRANT     011.44.1644.429263   24-MAY-99 SA_REP           7000            .15        149                                                                             
        200 Jennifer   Whalen     JWHALEN    515.123.4444         17-SEP-87 AD_ASST          4400                       101            10                                                               
        201 Michael    Hartstein  MHARTSTE   515.123.5555         17-FEB-96 MK_MAN          13000                       100            20                                                               
        202 Pat        Fay        PFAY       603.123.6666         17-AUG-97 MK_REP           6000                       201            20                                                               
        205 Shelley    Higgins    SHIGGINS   515.123.8080         07-JUN-94 AC_MGR          12000                       101           110                                                               
        206 William    Gietz      WGIETZ     515.123.8181         07-JUN-94 AC_ACCOUNT       8300                       205           110                                                               

20 rows selected.

SQL> SELECT * FROM DEPARTMENTS;

DEPARTMENT_ID DEPARTMENT_NAME                MANAGER_ID LOCATION_ID                                                                                                                                     
------------- ------------------------------ ---------- -----------                                                                                                                                     
           10 Administration                        200        1700                                                                                                                                     
           20 Marketing                             201        1800                                                                                                                                     
           50 Shiping                               124        1500                                                                                                                                     
           60 IT                                    103        1400                                                                                                                                     
           80 Sales                                 149        2500                                                                                                                                     
           90 Executive                             100        1700                                                                                                                                     
          110 Accounting                            205        1700                                                                                                                                     
          190 Contracting                                      1700                                                                                                                                     

8 rows selected.

SQL> SELECT FIRST_NAME , DEPARTMENT_NAME
  2  FROM EMPLOYEES
  3  LEFT JOIN DEPARTMENTS USING (DEPARTMENT_ID);

FIRST_NAME DEPARTMENT_NAME                                                                                                                                                                              
---------- ------------------------------                                                                                                                                                               
Jennifer   Administration                                                                                                                                                                               
Michael    Marketing                                                                                                                                                                                    
Pat        Marketing                                                                                                                                                                                    
Kevin      Shiping                                                                                                                                                                                      
Trenna     Shiping                                                                                                                                                                                      
Curtis     Shiping                                                                                                                                                                                      
Randall    Shiping                                                                                                                                                                                      
Peter      Shiping                                                                                                                                                                                      
Alexander  IT                                                                                                                                                                                           
Bruce      IT                                                                                                                                                                                           
Diana      IT                                                                                                                                                                                           
Eleni      Sales                                                                                                                                                                                        
Ellen      Sales                                                                                                                                                                                        
Jonathon   Sales                                                                                                                                                                                        
Steven     Executive                                                                                                                                                                                    
Neena      Executive                                                                                                                                                                                    
Lex        Executive                                                                                                                                                                                    
Shelley    Accounting                                                                                                                                                                                   
William    Accounting                                                                                                                                                                                   
Kimerely                                                                                                                                                                                                

20 rows selected.

SQL> SELECT FIRST_NAME , DEPARTMENT_NAME
  2  FROM EMPLOYEES
  3  RIGHT JOIN DEPARTMENTS USING (DEPARTMENT_ID);

FIRST_NAME DEPARTMENT_NAME                                                                                                                                                                              
---------- ------------------------------                                                                                                                                                               
Jennifer   Administration                                                                                                                                                                               
Michael    Marketing                                                                                                                                                                                    
Pat        Marketing                                                                                                                                                                                    
Kevin      Shiping                                                                                                                                                                                      
Peter      Shiping                                                                                                                                                                                      
Randall    Shiping                                                                                                                                                                                      
Curtis     Shiping                                                                                                                                                                                      
Trenna     Shiping                                                                                                                                                                                      
Diana      IT                                                                                                                                                                                           
Bruce      IT                                                                                                                                                                                           
Alexander  IT                                                                                                                                                                                           
Ellen      Sales                                                                                                                                                                                        
Eleni      Sales                                                                                                                                                                                        
Jonathon   Sales                                                                                                                                                                                        
Lex        Executive                                                                                                                                                                                    
Steven     Executive                                                                                                                                                                                    
Neena      Executive                                                                                                                                                                                    
William    Accounting                                                                                                                                                                                   
Shelley    Accounting                                                                                                                                                                                   
           Contracting                                                                                                                                                                                  

20 rows selected.

SQL> SELECT FIRST_NAME , DEPARTMENT_NAME
  2  FROM EMPLOYEES
  3  FULL JOIN DEPARTMENTS USING (DEPARTMENT_ID);

FIRST_NAME DEPARTMENT_NAME                                                                                                                                                                              
---------- ------------------------------                                                                                                                                                               
Steven     Executive                                                                                                                                                                                    
Neena      Executive                                                                                                                                                                                    
Lex        Executive                                                                                                                                                                                    
Alexander  IT                                                                                                                                                                                           
Bruce      IT                                                                                                                                                                                           
Diana      IT                                                                                                                                                                                           
Kevin      Shiping                                                                                                                                                                                      
Trenna     Shiping                                                                                                                                                                                      
Curtis     Shiping                                                                                                                                                                                      
Randall    Shiping                                                                                                                                                                                      
Peter      Shiping                                                                                                                                                                                      
Eleni      Sales                                                                                                                                                                                        
Ellen      Sales                                                                                                                                                                                        
Jonathon   Sales                                                                                                                                                                                        
Kimerely                                                                                                                                                                                                
Jennifer   Administration                                                                                                                                                                               
Michael    Marketing                                                                                                                                                                                    
Pat        Marketing                                                                                                                                                                                    
Shelley    Accounting                                                                                                                                                                                   
William    Accounting                                                                                                                                                                                   
           Contracting                                                                                                                                                                                  

21 rows selected.

SQL> REM DISPLAY ONLY THAT DEPARTMENT_NAME WHICH DOESN'T EMPLOY ANY EMPLOYEE
SQL> 
SQL> SELECT * FROM EMPLOYEES;

EMPLOYEE_ID FIRST_NAME LAST_NAME  EMAIL      PHONE_NUMBER         HIRE_DATE JOB_ID         SALARY COMMISSION_PCT MANAGER_ID DEPARTMENT_ID                                                               
----------- ---------- ---------- ---------- -------------------- --------- ---------- ---------- -------------- ---------- -------------                                                               
        100 Steven     King       SKING      515.123.4567         17-JUL-87 AD_PRES         24000                                      90                                                               
        101 Neena      Kochhar    NKOCHHAR   515.123.4568         21-SEP-89 AD_VP           17000                       100            90                                                               
        102 Lex        De Haan    LDEHAAN    515.123.4569         13-JAN-93 AD_VP           17000                       100            90                                                               
        103 Alexander  Hunold     AHUNOLD    590.423.4567         03-JAN-90 IT_PROG          9000                       102            60                                                               
        104 Bruce      Ernst      BERNST     590.423.4568         21-MAY-91 IT_PROG          6000                       103            60                                                               
        107 Diana      Lorentz    DLORENTZ   590.423.5567         07-FEB-99 IT_PROG          4200                       103            60                                                               
        124 Kevin      Mourgos    KMOURGOS   650.123.5234         16-NOV-99 ST_MAN           5800                       100            50                                                               
        141 Trenna     Rajs       TRAJS      650.121.8009         17-OCT-95 ST_CLERK         3500                       124            50                                                               
        142 Curtis     Davies     CDAVIES    650.121.2994         29-JAN-97 ST_CLERK         3100                       124            50                                                               
        143 Randall    Matos      RMATOS     650.121.2874         15-MAR-98 ST_CLERK         2600                       124            50                                                               
        144 Peter      Vargas     PVARGAS    650.121.2004         09-JUL-98 ST_CLERK         2500                       124            50                                                               
        149 Eleni      Zlotkey    EZLOTKEY   011.44.1344.429018   29-JAN-00 SA_MAN          10500             .2        100            80                                                               
        174 Ellen      Abel       EABEL      011.44.1644.429267   11-MAY-96 SA_REP          11000             .3        149            80                                                               
        176 Jonathon   Taylor     JTAYLOR    011.44.1644.429265   24-MAR-98 SA_REP           8600             .3        149            80                                                               
        178 Kimerely   Grant      KGRANT     011.44.1644.429263   24-MAY-99 SA_REP           7000            .15        149                                                                             
        200 Jennifer   Whalen     JWHALEN    515.123.4444         17-SEP-87 AD_ASST          4400                       101            10                                                               
        201 Michael    Hartstein  MHARTSTE   515.123.5555         17-FEB-96 MK_MAN          13000                       100            20                                                               
        202 Pat        Fay        PFAY       603.123.6666         17-AUG-97 MK_REP           6000                       201            20                                                               
        205 Shelley    Higgins    SHIGGINS   515.123.8080         07-JUN-94 AC_MGR          12000                       101           110                                                               
        206 William    Gietz      WGIETZ     515.123.8181         07-JUN-94 AC_ACCOUNT       8300                       205           110                                                               

20 rows selected.

SQL> SELECT * FROM DEPARTMENTS;

DEPARTMENT_ID DEPARTMENT_NAME                MANAGER_ID LOCATION_ID                                                                                                                                     
------------- ------------------------------ ---------- -----------                                                                                                                                     
           10 Administration                        200        1700                                                                                                                                     
           20 Marketing                             201        1800                                                                                                                                     
           50 Shiping                               124        1500                                                                                                                                     
           60 IT                                    103        1400                                                                                                                                     
           80 Sales                                 149        2500                                                                                                                                     
           90 Executive                             100        1700                                                                                                                                     
          110 Accounting                            205        1700                                                                                                                                     
          190 Contracting                                      1700                                                                                                                                     

8 rows selected.

SQL> SELECT DEPARTMENT_NAME
  2  FROM EMPLOYEES
  3  RIGHT JOIN DEPARTMENTS USING (DEPARTMENT_ID)
  4  WHERE EMPLOYEE_ID IS NULL;

DEPARTMENT_NAME                                                                                                                                                                                         
------------------------------                                                                                                                                                                          
Contracting                                                                                                                                                                                             

SQL> REM DISPLAY ONLY THOSE REGION_NAME IN WHICH NO LOCATION IS STILL FIXED.
SQL> 
SQL> REM DISPLAY ONLY THOSE REGION_NAME IN WHICH NO COUNTRY IS STILL FIXED.
SQL> 
SQL> SELECT * FROM REGIONS;

 REGION_ID REGION_NAME                                                                                                                                                                                  
---------- -------------------------                                                                                                                                                                    
         1 Europe                                                                                                                                                                                       
         2 AMERICAS                                                                                                                                                                                     
         3 Asia                                                                                                                                                                                         
         4 MIDDLE EAST AND AFRICA                                                                                                                                                                       

SQL> SELECT * FROM COUNTRIES;

CO COUNTRY_NAME                              REGION_ID                                                                                                                                                  
-- ---------------------------------------- ----------                                                                                                                                                  
CA Canada                                            2                                                                                                                                                  
DE Germany                                           1                                                                                                                                                  
UK United Kingdom                                    1                                                                                                                                                  
US United States of America                          2                                                                                                                                                  

SQL> SELECT REGION_NAME
  2  FROM REGIONS
  3  LEFT JOIN COUNTRIES USING (REGION_ID)
  4  WHERE COUNTRY_ID IS NULL;

REGION_NAME                                                                                                                                                                                             
-------------------------                                                                                                                                                                               
MIDDLE EAST AND AFRICA                                                                                                                                                                                  
Asia                                                                                                                                                                                                    

SQL> SELECT REGION_NAME
  2  FROM REGIONS
  3  LEFT JOIN COUNTRIES USING (REGION_ID)
  4  
SQL> 
SQL> SELECT REGION_NAME
  2  FROM REGIONS R
  3  LEFT JOIN COUNTRIES C ON C.REGION_ID = R.REGION_ID;

REGION_NAME                                                                                                                                                                                             
-------------------------                                                                                                                                                                               
AMERICAS                                                                                                                                                                                                
Europe                                                                                                                                                                                                  
Europe                                                                                                                                                                                                  
AMERICAS                                                                                                                                                                                                
MIDDLE EAST AND AFRICA                                                                                                                                                                                  
Asia                                                                                                                                                                                                    

6 rows selected.

SQL> SELECT COUNTRY_NAME , REGION_NAME
  2  FROM REGIONS R
  3  LEFT JOIN COUNTRIES C ON C.REGION_ID = R.REGION_ID;

COUNTRY_NAME                             REGION_NAME                                                                                                                                                    
---------------------------------------- -------------------------                                                                                                                                      
Canada                                   AMERICAS                                                                                                                                                       
Germany                                  Europe                                                                                                                                                         
United Kingdom                           Europe                                                                                                                                                         
United States of America                 AMERICAS                                                                                                                                                       
                                         MIDDLE EAST AND AFRICA                                                                                                                                         
                                         Asia                                                                                                                                                           

6 rows selected.

SQL> REM FIRST_NAME (EXTRA) , DEPARTMENT_NAME
SQL> 
SQL> REM FIRST_NAME  , DEPARTMENT_NAME (EXTRA)
SQL> 
SQL> REM FIRST_NAME (EXTRA) , DEPARTMENT_NAME (EXTRA)
SQL> 
SQL> 
SQL> 
SQL> SELECT FIRST_NAME , DEPARTMENT_NAME
  2  FROM EMPLOYEES
  3  LEFT JOIN DEPARTMENTS
  4  
SQL> 
SQL> SELECT FIRST_NAME , DEPARTMENT_NAME
  2  FROM EMPLOYEES E
  3  LEFT JOIN DEPARTMENTS D ON E.DEPARTMENT_ID = D.DEPARTMENT_ID;

FIRST_NAME DEPARTMENT_NAME                                                                                                                                                                              
---------- ------------------------------                                                                                                                                                               
Jennifer   Administration                                                                                                                                                                               
Michael    Marketing                                                                                                                                                                                    
Pat        Marketing                                                                                                                                                                                    
Kevin      Shiping                                                                                                                                                                                      
Trenna     Shiping                                                                                                                                                                                      
Curtis     Shiping                                                                                                                                                                                      
Randall    Shiping                                                                                                                                                                                      
Peter      Shiping                                                                                                                                                                                      
Alexander  IT                                                                                                                                                                                           
Bruce      IT                                                                                                                                                                                           
Diana      IT                                                                                                                                                                                           
Eleni      Sales                                                                                                                                                                                        
Ellen      Sales                                                                                                                                                                                        
Jonathon   Sales                                                                                                                                                                                        
Steven     Executive                                                                                                                                                                                    
Neena      Executive                                                                                                                                                                                    
Lex        Executive                                                                                                                                                                                    
Shelley    Accounting                                                                                                                                                                                   
William    Accounting                                                                                                                                                                                   
Kimerely                                                                                                                                                                                                

20 rows selected.

SQL> SELECT FIRST_NAME , DEPARTMENT_NAME
  2  FROM EMPLOYEES E
  3  RIGHT JOIN DEPARTMENTS D ON E.DEPARTMENT_ID = D.DEPARTMENT_ID;

FIRST_NAME DEPARTMENT_NAME                                                                                                                                                                              
---------- ------------------------------                                                                                                                                                               
Jennifer   Administration                                                                                                                                                                               
Michael    Marketing                                                                                                                                                                                    
Pat        Marketing                                                                                                                                                                                    
Kevin      Shiping                                                                                                                                                                                      
Peter      Shiping                                                                                                                                                                                      
Randall    Shiping                                                                                                                                                                                      
Curtis     Shiping                                                                                                                                                                                      
Trenna     Shiping                                                                                                                                                                                      
Diana      IT                                                                                                                                                                                           
Bruce      IT                                                                                                                                                                                           
Alexander  IT                                                                                                                                                                                           
Ellen      Sales                                                                                                                                                                                        
Eleni      Sales                                                                                                                                                                                        
Jonathon   Sales                                                                                                                                                                                        
Lex        Executive                                                                                                                                                                                    
Steven     Executive                                                                                                                                                                                    
Neena      Executive                                                                                                                                                                                    
William    Accounting                                                                                                                                                                                   
Shelley    Accounting                                                                                                                                                                                   
           Contracting                                                                                                                                                                                  

20 rows selected.

SQL> SELECT FIRST_NAME , DEPARTMENT_NAME
  2  FROM EMPLOYEES E
  3  FULL JOIN DEPARTMENTS D ON E.DEPARTMENT_ID = D.DEPARTMENT_ID;

FIRST_NAME DEPARTMENT_NAME                                                                                                                                                                              
---------- ------------------------------                                                                                                                                                               
Steven     Executive                                                                                                                                                                                    
Neena      Executive                                                                                                                                                                                    
Lex        Executive                                                                                                                                                                                    
Alexander  IT                                                                                                                                                                                           
Bruce      IT                                                                                                                                                                                           
Diana      IT                                                                                                                                                                                           
Kevin      Shiping                                                                                                                                                                                      
Trenna     Shiping                                                                                                                                                                                      
Curtis     Shiping                                                                                                                                                                                      
Randall    Shiping                                                                                                                                                                                      
Peter      Shiping                                                                                                                                                                                      
Eleni      Sales                                                                                                                                                                                        
Ellen      Sales                                                                                                                                                                                        
Jonathon   Sales                                                                                                                                                                                        
Kimerely                                                                                                                                                                                                
Jennifer   Administration                                                                                                                                                                               
Michael    Marketing                                                                                                                                                                                    
Pat        Marketing                                                                                                                                                                                    
Shelley    Accounting                                                                                                                                                                                   
William    Accounting                                                                                                                                                                                   
           Contracting                                                                                                                                                                                  

21 rows selected.

SQL> SELECT FIRST_NAME , DEPARTMENT_NAME
  2  FROM EMPLOYEES E
  3  FULL JOIN DEPARTMENTS D ON E.DEPARTMENT_ID = D.DEPARTMENT_ID
  4  WHERE D.DEPARTMENT_ID IS NULL
  5  
SQL> 
SQL> SELECT FIRST_NAME , DEPARTMENT_NAME
  2  FROM EMPLOYEES E
  3  LEFT JOIN DEPARTMENTS D ON E.DEPARTMENT_ID = D.DEPARTMENT_ID
  4  WHERE D.DEPARTMENT_ID IS NULL;

FIRST_NAME DEPARTMENT_NAME                                                                                                                                                                              
---------- ------------------------------                                                                                                                                                               
Kimerely                                                                                                                                                                                                

SQL> SELECT FIRST_NAME , DEPARTMENT_NAME
  2  FROM EMPLOYEES E
  3  RIGHT JOIN DEPARTMENTS D ON E.DEPARTMENT_ID = D.DEPARTMENT_ID
  4  WHERE E.EMPLOYEE_ID IS NULL;

FIRST_NAME DEPARTMENT_NAME                                                                                                                                                                              
---------- ------------------------------                                                                                                                                                               
           Contracting                                                                                                                                                                                  

SQL> SELECT FIRST_NAME , DEPARTMENT_NAME
  2  FROM EMPLOYEES E
  3  FULL JOIN DEPARTMENTS D ON E.DEPARTMENT_ID = D.DEPARTMENT_ID
  4  WHERE E.EMPLOYEE_ID IS NULL OR D.DEPARTMENT_ID IS NULL;

FIRST_NAME DEPARTMENT_NAME                                                                                                                                                                              
---------- ------------------------------                                                                                                                                                               
Kimerely                                                                                                                                                                                                
           Contracting                                                                                                                                                                                  

SQL> SELECT * FROM LOCATIONS;

LOCATION_ID STREET_ADRESS                            POSTAL_CODE  CITY                           STATE_PROVINCE            CO                                                                           
----------- ---------------------------------------- ------------ ------------------------------ ------------------------- --                                                                           
       1400 2014 Jabberwocky Rd                      26192        Southlake                      Texas                     US                                                                           
       1500 2011 Interiors Blvd                      99236        South San Francisco            California                US                                                                           
       1700 2004 Charade Rd                          98199        Seattle                        Washington                US                                                                           
       1800 460 Bloor St. W.                         ON M5S 1X8   Toronto                        Ontario                   CA                                                                           
       2500 Magdalen Centre, The Oxford Science Park OX9 9ZB      Oxford                         Oxford                    UK                                                                           

SQL> SELECT * FROM COUNTRIES;

CO COUNTRY_NAME                              REGION_ID                                                                                                                                                  
-- ---------------------------------------- ----------                                                                                                                                                  
CA Canada                                            2                                                                                                                                                  
DE Germany                                           1                                                                                                                                                  
UK United Kingdom                                    1                                                                                                                                                  
US United States of America                          2                                                                                                                                                  

SQL> SELECT * FROM REGIONS;

 REGION_ID REGION_NAME                                                                                                                                                                                  
---------- -------------------------                                                                                                                                                                    
         1 Europe                                                                                                                                                                                       
         2 AMERICAS                                                                                                                                                                                     
         3 Asia                                                                                                                                                                                         
         4 MIDDLE EAST AND AFRICA                                                                                                                                                                       

SQL> REM CITY , COUNTRY_NAME , REGION_NAME
SQL> 
SQL> SELECT CITY , COUNTRY_NAME , REGION_NAME
  2  FROM LOCATIONS
  3  RIGHT JOIN COUNTRIES USING (COUNTRY_ID)
  4  RIGHT JOIN REGIONS USING (REGION_ID);

CITY                           COUNTRY_NAME                             REGION_NAME                                                                                                                     
------------------------------ ---------------------------------------- -------------------------                                                                                                       
Southlake                      United States of America                 AMERICAS                                                                                                                        
South San Francisco            United States of America                 AMERICAS                                                                                                                        
Seattle                        United States of America                 AMERICAS                                                                                                                        
Toronto                        Canada                                   AMERICAS                                                                                                                        
Oxford                         United Kingdom                           Europe                                                                                                                          
                               Germany                                  Europe                                                                                                                          
                                                                        MIDDLE EAST AND AFRICA                                                                                                          
                                                                        Asia                                                                                                                            

8 rows selected.

SQL> SELECT CITY , COUNTRY_NAME , REGION_NAME
  2  FROM REGIONS
  3  LEFT JOIN COUNTRIES USING (REGION_ID)
  4  LEFT JOIN LOCATIONS USING (COUNTRY_ID);

CITY                           COUNTRY_NAME                             REGION_NAME                                                                                                                     
------------------------------ ---------------------------------------- -------------------------                                                                                                       
Southlake                      United States of America                 AMERICAS                                                                                                                        
South San Francisco            United States of America                 AMERICAS                                                                                                                        
Seattle                        United States of America                 AMERICAS                                                                                                                        
Toronto                        Canada                                   AMERICAS                                                                                                                        
Oxford                         United Kingdom                           Europe                                                                                                                          
                               Germany                                  Europe                                                                                                                          
                                                                        MIDDLE EAST AND AFRICA                                                                                                          
                                                                        Asia                                                                                                                            

8 rows selected.

SQL> REM SELF JOIN
SQL> 
SQL> SELECT EMPLOYEE_ID , FIRST_NAME , MANAGER_ID FROM EMPLOYEES;

EMPLOYEE_ID FIRST_NAME MANAGER_ID                                                                                                                                                                       
----------- ---------- ----------                                                                                                                                                                       
        100 Steven                                                                                                                                                                                      
        101 Neena             100                                                                                                                                                                       
        102 Lex               100                                                                                                                                                                       
        103 Alexander         102                                                                                                                                                                       
        104 Bruce             103                                                                                                                                                                       
        107 Diana             103                                                                                                                                                                       
        124 Kevin             100                                                                                                                                                                       
        141 Trenna            124                                                                                                                                                                       
        142 Curtis            124                                                                                                                                                                       
        143 Randall           124                                                                                                                                                                       
        144 Peter             124                                                                                                                                                                       
        149 Eleni             100                                                                                                                                                                       
        174 Ellen             149                                                                                                                                                                       
        176 Jonathon          149                                                                                                                                                                       
        178 Kimerely          149                                                                                                                                                                       
        200 Jennifer          101                                                                                                                                                                       
        201 Michael           100                                                                                                                                                                       
        202 Pat               201                                                                                                                                                                       
        205 Shelley           101                                                                                                                                                                       
        206 William           205                                                                                                                                                                       

20 rows selected.

SQL> REM SELF JOIN : JOINING A ROW OF A TABLE WITH ANOTHER ROW OF SAME TABLE
SQL> 
SQL> SELECT E.FIRST_NAME EMP_NAME , M.FIRST_NAME MGR_NAME
  2  FROM EMPLOYEES E
  3  JOIN EMPLOYEES M ON E.MANAGER_ID = M.EMPLOYEE_ID;

EMP_NAME   MGR_NAME                                                                                                                                                                                     
---------- ----------                                                                                                                                                                                   
Neena      Steven                                                                                                                                                                                       
Lex        Steven                                                                                                                                                                                       
Kevin      Steven                                                                                                                                                                                       
Eleni      Steven                                                                                                                                                                                       
Michael    Steven                                                                                                                                                                                       
Jennifer   Neena                                                                                                                                                                                        
Shelley    Neena                                                                                                                                                                                        
Alexander  Lex                                                                                                                                                                                          
Bruce      Alexander                                                                                                                                                                                    
Diana      Alexander                                                                                                                                                                                    
Trenna     Kevin                                                                                                                                                                                        
Curtis     Kevin                                                                                                                                                                                        
Randall    Kevin                                                                                                                                                                                        
Peter      Kevin                                                                                                                                                                                        
Ellen      Eleni                                                                                                                                                                                        
Jonathon   Eleni                                                                                                                                                                                        
Kimerely   Eleni                                                                                                                                                                                        
Pat        Michael                                                                                                                                                                                      
William    Shelley                                                                                                                                                                                      

19 rows selected.

SQL> SELECT E.FIRST_NAME EMP_NAME , E.MANAGER_ID EMP_MGRID, M.EMPLOYEE_ID MGR_EMPID , M.FIRST_NAME MGR_NAME
  2  FROM EMPLOYEES E
  3  JOIN EMPLOYEES M ON E.MANAGER_ID = M.EMPLOYEE_ID;

EMP_NAME    EMP_MGRID  MGR_EMPID MGR_NAME                                                                                                                                                               
---------- ---------- ---------- ----------                                                                                                                                                             
Neena             100        100 Steven                                                                                                                                                                 
Lex               100        100 Steven                                                                                                                                                                 
Kevin             100        100 Steven                                                                                                                                                                 
Eleni             100        100 Steven                                                                                                                                                                 
Michael           100        100 Steven                                                                                                                                                                 
Jennifer          101        101 Neena                                                                                                                                                                  
Shelley           101        101 Neena                                                                                                                                                                  
Alexander         102        102 Lex                                                                                                                                                                    
Bruce             103        103 Alexander                                                                                                                                                              
Diana             103        103 Alexander                                                                                                                                                              
Trenna            124        124 Kevin                                                                                                                                                                  
Curtis            124        124 Kevin                                                                                                                                                                  
Randall           124        124 Kevin                                                                                                                                                                  
Peter             124        124 Kevin                                                                                                                                                                  
Ellen             149        149 Eleni                                                                                                                                                                  
Jonathon          149        149 Eleni                                                                                                                                                                  
Kimerely          149        149 Eleni                                                                                                                                                                  
Pat               201        201 Michael                                                                                                                                                                
William           205        205 Shelley                                                                                                                                                                

19 rows selected.

SQL> REM LAST_NAME, SALARY : EMPLOYEE AND MANAGER
SQL> 
SQL> 
SQL> REM EMPLOYEE AND MANAGER : LAST_NAME
SQL> 
SQL> SELECT LAST_NAME , LAST_NAME
  2  FROM EMPLOYEES
  3  JOIN EMPLOYEES ON MANAGER_ID = EMPLOYEE_ID;
JOIN EMPLOYEES ON MANAGER_ID = EMPLOYEE_ID
                               *
ERROR at line 3:
ORA-00918: column ambiguously defined 


SQL> SELECT LAST_NAME , LAST_NAME
  2  FROM EMPLOYEES E
  3  JOIN EMPLOYEES M ON MANAGER_ID = EMPLOYEE_ID;
JOIN EMPLOYEES M ON MANAGER_ID = EMPLOYEE_ID
                                 *
ERROR at line 3:
ORA-00918: column ambiguously defined 


SQL> SELECT LAST_NAME , LAST_NAME
  2  FROM EMPLOYEES E
  3  JOIN EMPLOYEES M ON E.MANAGER_ID = M.EMPLOYEE_ID;
SELECT LAST_NAME , LAST_NAME
                   *
ERROR at line 1:
ORA-00918: column ambiguously defined 


SQL> SELECT E.LAST_NAME , M.LAST_NAME
  2  FROM EMPLOYEES E
  3  JOIN EMPLOYEES M ON E.MANAGER_ID = M.EMPLOYEE_ID;

LAST_NAME  LAST_NAME                                                                                                                                                                                    
---------- ----------                                                                                                                                                                                   
Kochhar    King                                                                                                                                                                                         
De Haan    King                                                                                                                                                                                         
Mourgos    King                                                                                                                                                                                         
Zlotkey    King                                                                                                                                                                                         
Hartstein  King                                                                                                                                                                                         
Whalen     Kochhar                                                                                                                                                                                      
Higgins    Kochhar                                                                                                                                                                                      
Hunold     De Haan                                                                                                                                                                                      
Ernst      Hunold                                                                                                                                                                                       
Lorentz    Hunold                                                                                                                                                                                       
Rajs       Mourgos                                                                                                                                                                                      
Davies     Mourgos                                                                                                                                                                                      
Matos      Mourgos                                                                                                                                                                                      
Vargas     Mourgos                                                                                                                                                                                      
Abel       Zlotkey                                                                                                                                                                                      
Taylor     Zlotkey                                                                                                                                                                                      
Grant      Zlotkey                                                                                                                                                                                      
Fay        Hartstein                                                                                                                                                                                    
Gietz      Higgins                                                                                                                                                                                      

19 rows selected.

SQL> SELECT E.LAST_NAME EMP_NAME, M.LAST_NAME MGR_NAME
  2  FROM EMPLOYEES E
  3  JOIN EMPLOYEES M ON E.MANAGER_ID = M.EMPLOYEE_ID;

EMP_NAME   MGR_NAME                                                                                                                                                                                     
---------- ----------                                                                                                                                                                                   
Kochhar    King                                                                                                                                                                                         
De Haan    King                                                                                                                                                                                         
Mourgos    King                                                                                                                                                                                         
Zlotkey    King                                                                                                                                                                                         
Hartstein  King                                                                                                                                                                                         
Whalen     Kochhar                                                                                                                                                                                      
Higgins    Kochhar                                                                                                                                                                                      
Hunold     De Haan                                                                                                                                                                                      
Ernst      Hunold                                                                                                                                                                                       
Lorentz    Hunold                                                                                                                                                                                       
Rajs       Mourgos                                                                                                                                                                                      
Davies     Mourgos                                                                                                                                                                                      
Matos      Mourgos                                                                                                                                                                                      
Vargas     Mourgos                                                                                                                                                                                      
Abel       Zlotkey                                                                                                                                                                                      
Taylor     Zlotkey                                                                                                                                                                                      
Grant      Zlotkey                                                                                                                                                                                      
Fay        Hartstein                                                                                                                                                                                    
Gietz      Higgins                                                                                                                                                                                      

19 rows selected.

SQL> SELECT E.LAST_NAME EMP_NAME, M.LAST_NAME MGR_NAME , E.SALARY EMP_SALARY , M.SALARY MGR_SALARY
  2  FROM EMPLOYEES E
  3  JOIN EMPLOYEES M ON E.MANAGER_ID = M.EMPLOYEE_ID;

EMP_NAME   MGR_NAME   EMP_SALARY MGR_SALARY                                                                                                                                                             
---------- ---------- ---------- ----------                                                                                                                                                             
Kochhar    King            17000      24000                                                                                                                                                             
De Haan    King            17000      24000                                                                                                                                                             
Mourgos    King             5800      24000                                                                                                                                                             
Zlotkey    King            10500      24000                                                                                                                                                             
Hartstein  King            13000      24000                                                                                                                                                             
Whalen     Kochhar          4400      17000                                                                                                                                                             
Higgins    Kochhar         12000      17000                                                                                                                                                             
Hunold     De Haan          9000      17000                                                                                                                                                             
Ernst      Hunold           6000       9000                                                                                                                                                             
Lorentz    Hunold           4200       9000                                                                                                                                                             
Rajs       Mourgos          3500       5800                                                                                                                                                             
Davies     Mourgos          3100       5800                                                                                                                                                             
Matos      Mourgos          2600       5800                                                                                                                                                             
Vargas     Mourgos          2500       5800                                                                                                                                                             
Abel       Zlotkey         11000      10500                                                                                                                                                             
Taylor     Zlotkey          8600      10500                                                                                                                                                             
Grant      Zlotkey          7000      10500                                                                                                                                                             
Fay        Hartstein        6000      13000                                                                                                                                                             
Gietz      Higgins          8300      12000                                                                                                                                                             

19 rows selected.

SQL> REM FIRST_NAME , HIRE_DATE : EMPLOYEE , MANAGER
SQL> 
SQL> SELECT E.FIRST_NAME , E.HIRE_DATE , M.FIRST_NAME , M.HIRE_DATE
  2  FROM EMPLOYEES E
  3  JOIN EMPLOYEES M ON E.EMPLOYEE_ID = M.MANAGER_ID;

FIRST_NAME HIRE_DATE FIRST_NAME HIRE_DATE                                                                                                                                                               
---------- --------- ---------- ---------                                                                                                                                                               
Steven     17-JUL-87 Neena      21-SEP-89                                                                                                                                                               
Steven     17-JUL-87 Lex        13-JAN-93                                                                                                                                                               
Lex        13-JAN-93 Alexander  03-JAN-90                                                                                                                                                               
Alexander  03-JAN-90 Bruce      21-MAY-91                                                                                                                                                               
Alexander  03-JAN-90 Diana      07-FEB-99                                                                                                                                                               
Steven     17-JUL-87 Kevin      16-NOV-99                                                                                                                                                               
Kevin      16-NOV-99 Trenna     17-OCT-95                                                                                                                                                               
Kevin      16-NOV-99 Curtis     29-JAN-97                                                                                                                                                               
Kevin      16-NOV-99 Randall    15-MAR-98                                                                                                                                                               
Kevin      16-NOV-99 Peter      09-JUL-98                                                                                                                                                               
Steven     17-JUL-87 Eleni      29-JAN-00                                                                                                                                                               
Eleni      29-JAN-00 Ellen      11-MAY-96                                                                                                                                                               
Eleni      29-JAN-00 Jonathon   24-MAR-98                                                                                                                                                               
Eleni      29-JAN-00 Kimerely   24-MAY-99                                                                                                                                                               
Neena      21-SEP-89 Jennifer   17-SEP-87                                                                                                                                                               
Steven     17-JUL-87 Michael    17-FEB-96                                                                                                                                                               
Michael    17-FEB-96 Pat        17-AUG-97                                                                                                                                                               
Neena      21-SEP-89 Shelley    07-JUN-94                                                                                                                                                               
Shelley    07-JUN-94 William    07-JUN-94                                                                                                                                                               

19 rows selected.

SQL> SELECT E.FIRST_NAME , E.HIRE_DATE , M.FIRST_NAME , M.HIRE_DATE
  2  FROM EMPLOYEES E
  3  JOIN EMPLOYEES M ON E.MANAGER_ID = M.EMPLOYEE_ID;

FIRST_NAME HIRE_DATE FIRST_NAME HIRE_DATE                                                                                                                                                               
---------- --------- ---------- ---------                                                                                                                                                               
Neena      21-SEP-89 Steven     17-JUL-87                                                                                                                                                               
Lex        13-JAN-93 Steven     17-JUL-87                                                                                                                                                               
Kevin      16-NOV-99 Steven     17-JUL-87                                                                                                                                                               
Eleni      29-JAN-00 Steven     17-JUL-87                                                                                                                                                               
Michael    17-FEB-96 Steven     17-JUL-87                                                                                                                                                               
Jennifer   17-SEP-87 Neena      21-SEP-89                                                                                                                                                               
Shelley    07-JUN-94 Neena      21-SEP-89                                                                                                                                                               
Alexander  03-JAN-90 Lex        13-JAN-93                                                                                                                                                               
Bruce      21-MAY-91 Alexander  03-JAN-90                                                                                                                                                               
Diana      07-FEB-99 Alexander  03-JAN-90                                                                                                                                                               
Trenna     17-OCT-95 Kevin      16-NOV-99                                                                                                                                                               
Curtis     29-JAN-97 Kevin      16-NOV-99                                                                                                                                                               
Randall    15-MAR-98 Kevin      16-NOV-99                                                                                                                                                               
Peter      09-JUL-98 Kevin      16-NOV-99                                                                                                                                                               
Ellen      11-MAY-96 Eleni      29-JAN-00                                                                                                                                                               
Jonathon   24-MAR-98 Eleni      29-JAN-00                                                                                                                                                               
Kimerely   24-MAY-99 Eleni      29-JAN-00                                                                                                                                                               
Pat        17-AUG-97 Michael    17-FEB-96                                                                                                                                                               
William    07-JUN-94 Shelley    07-JUN-94                                                                                                                                                               

19 rows selected.

SQL> SPOOL OFF
