SQL> 
SQL> CL SCR

SQL> SELECT * FROM JOB_GRADES;

GRA LOWEST_SAL HIGHEST_SAL                                                                                                                                                                              
--- ---------- -----------                                                                                                                                                                              
A         1000        2999                                                                                                                                                                              
B         3000        5999                                                                                                                                                                              
C         6000        9999                                                                                                                                                                              
D        10000       14999                                                                                                                                                                              
E        15000       24999                                                                                                                                                                              
F        25000       40000                                                                                                                                                                              

6 rows selected.

SQL> SELECT FIRST_NAME , SALARY FROM EMPLOYEES;

FIRST_NAME     SALARY                                                                                                                                                                                   
---------- ----------                                                                                                                                                                                   
Steven          24000                                                                                                                                                                                   
Neena           17000                                                                                                                                                                                   
Lex             17000                                                                                                                                                                                   
Alexander        9000                                                                                                                                                                                   
Bruce            6000                                                                                                                                                                                   
Diana            4200                                                                                                                                                                                   
Kevin            5800                                                                                                                                                                                   
Trenna           3500                                                                                                                                                                                   
Curtis           3100                                                                                                                                                                                   
Randall          2600                                                                                                                                                                                   
Peter            2500                                                                                                                                                                                   
Eleni           10500                                                                                                                                                                                   
Ellen           11000                                                                                                                                                                                   
Jonathon         8600                                                                                                                                                                                   
Kimerely         7000                                                                                                                                                                                   
Jennifer         4400                                                                                                                                                                                   
Michael         13000                                                                                                                                                                                   
Pat              6000                                                                                                                                                                                   
Shelley         12000                                                                                                                                                                                   
William          8300                                                                                                                                                                                   

20 rows selected.

SQL> SELECT FIRST_NAME , SALARY , GRADE_LEVEL
  2  FROM EMPLOYEES
  3  JOIN JOB_GRADES ON SALARY BETWEEN LOWEST_SAL AND HIGHEST_SAL;

FIRST_NAME     SALARY GRA                                                                                                                                                                               
---------- ---------- ---                                                                                                                                                                               
Peter            2500 A                                                                                                                                                                                 
Randall          2600 A                                                                                                                                                                                 
Curtis           3100 B                                                                                                                                                                                 
Trenna           3500 B                                                                                                                                                                                 
Diana            4200 B                                                                                                                                                                                 
Jennifer         4400 B                                                                                                                                                                                 
Kevin            5800 B                                                                                                                                                                                 
Bruce            6000 C                                                                                                                                                                                 
Pat              6000 C                                                                                                                                                                                 
Kimerely         7000 C                                                                                                                                                                                 
William          8300 C                                                                                                                                                                                 
Jonathon         8600 C                                                                                                                                                                                 
Alexander        9000 C                                                                                                                                                                                 
Eleni           10500 D                                                                                                                                                                                 
Ellen           11000 D                                                                                                                                                                                 
Shelley         12000 D                                                                                                                                                                                 
Michael         13000 D                                                                                                                                                                                 
Neena           17000 E                                                                                                                                                                                 
Lex             17000 E                                                                                                                                                                                 
Steven          24000 E                                                                                                                                                                                 

20 rows selected.

SQL> REM E D L C R
SQL> 
SQL> REM FIRST_NAME , DEPARTMENT_NAME , CITY
SQL> 
SQL> REM EMPLOYEES    DEPARTMENTS       LOCATIONS
SQL> 
SQL> REM 1 NJ 2 IJ USING 3 IJ ON
SQL> 
SQL> SELECT FIRST_NAME,DEPARTMENT_NAME,CITY FROM EMPLOYEES INNER JOIN DEPARTMENTS USING(DEPARTMENT_ID)
  2                                                        INNER JOIN LOCATIONS USING(LOCATION_ID);

FIRST_NAME DEPARTMENT_NAME                CITY                                                                                                                                                          
---------- ------------------------------ ------------------------------                                                                                                                                
Diana      IT                             Southlake                                                                                                                                                     
Bruce      IT                             Southlake                                                                                                                                                     
Alexander  IT                             Southlake                                                                                                                                                     
Kevin      Shiping                        South San Francisco                                                                                                                                           
Peter      Shiping                        South San Francisco                                                                                                                                           
Randall    Shiping                        South San Francisco                                                                                                                                           
Curtis     Shiping                        South San Francisco                                                                                                                                           
Trenna     Shiping                        South San Francisco                                                                                                                                           
Jennifer   Administration                 Seattle                                                                                                                                                       
Lex        Executive                      Seattle                                                                                                                                                       
Steven     Executive                      Seattle                                                                                                                                                       
Neena      Executive                      Seattle                                                                                                                                                       
William    Accounting                     Seattle                                                                                                                                                       
Shelley    Accounting                     Seattle                                                                                                                                                       
Michael    Marketing                      Toronto                                                                                                                                                       
Pat        Marketing                      Toronto                                                                                                                                                       
Ellen      Sales                          Oxford                                                                                                                                                        
Eleni      Sales                          Oxford                                                                                                                                                        
Jonathon   Sales                          Oxford                                                                                                                                                        

19 rows selected.

SQL> SELECT FIRST_NAME,DEPARTMENT_NAME,CITY FROM EMPLOYEES E INNER JOIN DEPARTMENTS D ON(E.DEPARTMENT_ID=D.DEPARTMENT_ID)
  2                                                        INNER JOIN LOCATIONS L ON(D.LOCATION_ID=L.LOCATION_ID);

FIRST_NAME DEPARTMENT_NAME                CITY                                                                                                                                                          
---------- ------------------------------ ------------------------------                                                                                                                                
Diana      IT                             Southlake                                                                                                                                                     
Bruce      IT                             Southlake                                                                                                                                                     
Alexander  IT                             Southlake                                                                                                                                                     
Kevin      Shiping                        South San Francisco                                                                                                                                           
Peter      Shiping                        South San Francisco                                                                                                                                           
Randall    Shiping                        South San Francisco                                                                                                                                           
Curtis     Shiping                        South San Francisco                                                                                                                                           
Trenna     Shiping                        South San Francisco                                                                                                                                           
Jennifer   Administration                 Seattle                                                                                                                                                       
Lex        Executive                      Seattle                                                                                                                                                       
Steven     Executive                      Seattle                                                                                                                                                       
Neena      Executive                      Seattle                                                                                                                                                       
William    Accounting                     Seattle                                                                                                                                                       
Shelley    Accounting                     Seattle                                                                                                                                                       
Michael    Marketing                      Toronto                                                                                                                                                       
Pat        Marketing                      Toronto                                                                                                                                                       
Ellen      Sales                          Oxford                                                                                                                                                        
Eleni      Sales                          Oxford                                                                                                                                                        
Jonathon   Sales                          Oxford                                                                                                                                                        

19 rows selected.

SQL> SELECT FIRST_NAME,DEPARTMENT_NAME,CITY FROM EMPLOYEES INNER JOIN DEPARTMENTS USING(DEPARTMENT_ID) INNER JOIN LOCATIONS USING(LOCATION_ID);

FIRST_NAME DEPARTMENT_NAME                CITY                                                                                                                                                          
---------- ------------------------------ ------------------------------                                                                                                                                
Diana      IT                             Southlake                                                                                                                                                     
Bruce      IT                             Southlake                                                                                                                                                     
Alexander  IT                             Southlake                                                                                                                                                     
Kevin      Shiping                        South San Francisco                                                                                                                                           
Peter      Shiping                        South San Francisco                                                                                                                                           
Randall    Shiping                        South San Francisco                                                                                                                                           
Curtis     Shiping                        South San Francisco                                                                                                                                           
Trenna     Shiping                        South San Francisco                                                                                                                                           
Jennifer   Administration                 Seattle                                                                                                                                                       
Lex        Executive                      Seattle                                                                                                                                                       
Steven     Executive                      Seattle                                                                                                                                                       
Neena      Executive                      Seattle                                                                                                                                                       
William    Accounting                     Seattle                                                                                                                                                       
Shelley    Accounting                     Seattle                                                                                                                                                       
Michael    Marketing                      Toronto                                                                                                                                                       
Pat        Marketing                      Toronto                                                                                                                                                       
Ellen      Sales                          Oxford                                                                                                                                                        
Eleni      Sales                          Oxford                                                                                                                                                        
Jonathon   Sales                          Oxford                                                                                                                                                        

19 rows selected.

SQL> SELECT FIRST_NAME,DEPARTMENT_NAME,CITY FROM EMPLOYEES E INNER JOIN DEPARTMENTS D ON E.DEPARTMENT_ID=D.DEPARTMENT_ID INNER JOIN LOCATIONS L ON D.LOCATION_ID=L.LOCATION_ID;

FIRST_NAME DEPARTMENT_NAME                CITY                                                                                                                                                          
---------- ------------------------------ ------------------------------                                                                                                                                
Diana      IT                             Southlake                                                                                                                                                     
Bruce      IT                             Southlake                                                                                                                                                     
Alexander  IT                             Southlake                                                                                                                                                     
Kevin      Shiping                        South San Francisco                                                                                                                                           
Peter      Shiping                        South San Francisco                                                                                                                                           
Randall    Shiping                        South San Francisco                                                                                                                                           
Curtis     Shiping                        South San Francisco                                                                                                                                           
Trenna     Shiping                        South San Francisco                                                                                                                                           
Jennifer   Administration                 Seattle                                                                                                                                                       
Lex        Executive                      Seattle                                                                                                                                                       
Steven     Executive                      Seattle                                                                                                                                                       
Neena      Executive                      Seattle                                                                                                                                                       
William    Accounting                     Seattle                                                                                                                                                       
Shelley    Accounting                     Seattle                                                                                                                                                       
Michael    Marketing                      Toronto                                                                                                                                                       
Pat        Marketing                      Toronto                                                                                                                                                       
Ellen      Sales                          Oxford                                                                                                                                                        
Eleni      Sales                          Oxford                                                                                                                                                        
Jonathon   Sales                          Oxford                                                                                                                                                        

19 rows selected.

SQL> SELECT FIRST_NAME, DEPARTMENT_NAME, CITY FROM EMPLOYEES INNER JOIN DEPARTMENTS USING (DEPARTMENT_ID) INNER JOIN LOCATIONS USING (LOCATION_ID);

FIRST_NAME DEPARTMENT_NAME                CITY                                                                                                                                                          
---------- ------------------------------ ------------------------------                                                                                                                                
Diana      IT                             Southlake                                                                                                                                                     
Bruce      IT                             Southlake                                                                                                                                                     
Alexander  IT                             Southlake                                                                                                                                                     
Kevin      Shiping                        South San Francisco                                                                                                                                           
Peter      Shiping                        South San Francisco                                                                                                                                           
Randall    Shiping                        South San Francisco                                                                                                                                           
Curtis     Shiping                        South San Francisco                                                                                                                                           
Trenna     Shiping                        South San Francisco                                                                                                                                           
Jennifer   Administration                 Seattle                                                                                                                                                       
Lex        Executive                      Seattle                                                                                                                                                       
Steven     Executive                      Seattle                                                                                                                                                       
Neena      Executive                      Seattle                                                                                                                                                       
William    Accounting                     Seattle                                                                                                                                                       
Shelley    Accounting                     Seattle                                                                                                                                                       
Michael    Marketing                      Toronto                                                                                                                                                       
Pat        Marketing                      Toronto                                                                                                                                                       
Ellen      Sales                          Oxford                                                                                                                                                        
Eleni      Sales                          Oxford                                                                                                                                                        
Jonathon   Sales                          Oxford                                                                                                                                                        

19 rows selected.

SQL> 
SQL> SELECT FIRST_NAME, DEPARTMENT_NAME, CITY FROM EMPLOYEES E INNER JOIN DEPARTMENTS D ON E.DEPARTMENT_ID = D.DEPARTMENT_ID
  2  INNER JOIN LOCATIONS L ON D.LOCATION_ID = L.LOCATION_ID;

FIRST_NAME DEPARTMENT_NAME                CITY                                                                                                                                                          
---------- ------------------------------ ------------------------------                                                                                                                                
Diana      IT                             Southlake                                                                                                                                                     
Bruce      IT                             Southlake                                                                                                                                                     
Alexander  IT                             Southlake                                                                                                                                                     
Kevin      Shiping                        South San Francisco                                                                                                                                           
Peter      Shiping                        South San Francisco                                                                                                                                           
Randall    Shiping                        South San Francisco                                                                                                                                           
Curtis     Shiping                        South San Francisco                                                                                                                                           
Trenna     Shiping                        South San Francisco                                                                                                                                           
Jennifer   Administration                 Seattle                                                                                                                                                       
Lex        Executive                      Seattle                                                                                                                                                       
Steven     Executive                      Seattle                                                                                                                                                       
Neena      Executive                      Seattle                                                                                                                                                       
William    Accounting                     Seattle                                                                                                                                                       
Shelley    Accounting                     Seattle                                                                                                                                                       
Michael    Marketing                      Toronto                                                                                                                                                       
Pat        Marketing                      Toronto                                                                                                                                                       
Ellen      Sales                          Oxford                                                                                                                                                        
Eleni      Sales                          Oxford                                                                                                                                                        
Jonathon   Sales                          Oxford                                                                                                                                                        

19 rows selected.

SQL> REM FIRST_NAME , DEPARTMENT_NAME , CITY , COUNTRY_NAME , REGION_NAME
SQL> 
SQL> SELECT FIRST_NAME,DEPARTMENT_NAME,CITY,COUNTRY_NAME,REGION_NAME FROM EMPLOYEES E INNER JOIN DEPARTMENTS D ON(E.DEPARTMENT_ID=D.DEPARTMENT_ID)
  2                                                        INNER JOIN LOCATIONS L ON(D.LOCATION_ID=L.LOCATION_ID)
  3                                                        INNER JOIN COUNTRIES C ON(L.COUNTRY_ID=C.COUNTRY_ID)
  4                                                        INNER JOIN REGIONS R ON(C.REGION_ID=R.REGION_ID);

FIRST_NAME DEPARTMENT_NAME                CITY                           COUNTRY_NAME                             REGION_NAME                                                                           
---------- ------------------------------ ------------------------------ ---------------------------------------- -------------------------                                                             
Ellen      Sales                          Oxford                         United Kingdom                           Europe                                                                                
Eleni      Sales                          Oxford                         United Kingdom                           Europe                                                                                
Jonathon   Sales                          Oxford                         United Kingdom                           Europe                                                                                
Michael    Marketing                      Toronto                        Canada                                   AMERICAS                                                                              
Pat        Marketing                      Toronto                        Canada                                   AMERICAS                                                                              
Diana      IT                             Southlake                      United States of America                 AMERICAS                                                                              
Bruce      IT                             Southlake                      United States of America                 AMERICAS                                                                              
Alexander  IT                             Southlake                      United States of America                 AMERICAS                                                                              
Kevin      Shiping                        South San Francisco            United States of America                 AMERICAS                                                                              
Peter      Shiping                        South San Francisco            United States of America                 AMERICAS                                                                              
Randall    Shiping                        South San Francisco            United States of America                 AMERICAS                                                                              
Curtis     Shiping                        South San Francisco            United States of America                 AMERICAS                                                                              
Trenna     Shiping                        South San Francisco            United States of America                 AMERICAS                                                                              
Jennifer   Administration                 Seattle                        United States of America                 AMERICAS                                                                              
Lex        Executive                      Seattle                        United States of America                 AMERICAS                                                                              
Steven     Executive                      Seattle                        United States of America                 AMERICAS                                                                              
Neena      Executive                      Seattle                        United States of America                 AMERICAS                                                                              
William    Accounting                     Seattle                        United States of America                 AMERICAS                                                                              
Shelley    Accounting                     Seattle                        United States of America                 AMERICAS                                                                              

19 rows selected.

SQL> SELECT FIRST_NAME,DEPARTMENT_NAME,CITY,COUNTRY_NAME,REGION_NAME FROM EMPLOYEES  INNER JOIN DEPARTMENTS USING(DEPARTMENT_ID)
  2                                                        INNER JOIN LOCATIONS USING(LOCATION_ID)
  3                                                        INNER JOIN COUNTRIES USING(COUNTRY_ID)
  4                                                        INNER JOIN REGIONS USING(REGION_ID);

FIRST_NAME DEPARTMENT_NAME                CITY                           COUNTRY_NAME                             REGION_NAME                                                                           
---------- ------------------------------ ------------------------------ ---------------------------------------- -------------------------                                                             
Ellen      Sales                          Oxford                         United Kingdom                           Europe                                                                                
Eleni      Sales                          Oxford                         United Kingdom                           Europe                                                                                
Jonathon   Sales                          Oxford                         United Kingdom                           Europe                                                                                
Michael    Marketing                      Toronto                        Canada                                   AMERICAS                                                                              
Pat        Marketing                      Toronto                        Canada                                   AMERICAS                                                                              
Diana      IT                             Southlake                      United States of America                 AMERICAS                                                                              
Bruce      IT                             Southlake                      United States of America                 AMERICAS                                                                              
Alexander  IT                             Southlake                      United States of America                 AMERICAS                                                                              
Kevin      Shiping                        South San Francisco            United States of America                 AMERICAS                                                                              
Peter      Shiping                        South San Francisco            United States of America                 AMERICAS                                                                              
Randall    Shiping                        South San Francisco            United States of America                 AMERICAS                                                                              
Curtis     Shiping                        South San Francisco            United States of America                 AMERICAS                                                                              
Trenna     Shiping                        South San Francisco            United States of America                 AMERICAS                                                                              
Jennifer   Administration                 Seattle                        United States of America                 AMERICAS                                                                              
Lex        Executive                      Seattle                        United States of America                 AMERICAS                                                                              
Steven     Executive                      Seattle                        United States of America                 AMERICAS                                                                              
Neena      Executive                      Seattle                        United States of America                 AMERICAS                                                                              
William    Accounting                     Seattle                        United States of America                 AMERICAS                                                                              
Shelley    Accounting                     Seattle                        United States of America                 AMERICAS                                                                              

19 rows selected.

SQL> SELECT FIRST_NAME,DEPARTMENT_NAME,CITY,COUNTRY_NAME,REGION_NAME FROM EMPLOYEES INNER JOIN DEPARTMENTS USING(DEPARTMENT_ID) INNER JOIN LOCATIONS USING(LOCATION_ID) INNER JOIN COUNTRIES USING(COUNTRY_ID) INNER JOIN REGIONS USING(REGION_ID);

FIRST_NAME DEPARTMENT_NAME                CITY                           COUNTRY_NAME                             REGION_NAME                                                                           
---------- ------------------------------ ------------------------------ ---------------------------------------- -------------------------                                                             
Ellen      Sales                          Oxford                         United Kingdom                           Europe                                                                                
Eleni      Sales                          Oxford                         United Kingdom                           Europe                                                                                
Jonathon   Sales                          Oxford                         United Kingdom                           Europe                                                                                
Michael    Marketing                      Toronto                        Canada                                   AMERICAS                                                                              
Pat        Marketing                      Toronto                        Canada                                   AMERICAS                                                                              
Diana      IT                             Southlake                      United States of America                 AMERICAS                                                                              
Bruce      IT                             Southlake                      United States of America                 AMERICAS                                                                              
Alexander  IT                             Southlake                      United States of America                 AMERICAS                                                                              
Kevin      Shiping                        South San Francisco            United States of America                 AMERICAS                                                                              
Peter      Shiping                        South San Francisco            United States of America                 AMERICAS                                                                              
Randall    Shiping                        South San Francisco            United States of America                 AMERICAS                                                                              
Curtis     Shiping                        South San Francisco            United States of America                 AMERICAS                                                                              
Trenna     Shiping                        South San Francisco            United States of America                 AMERICAS                                                                              
Jennifer   Administration                 Seattle                        United States of America                 AMERICAS                                                                              
Lex        Executive                      Seattle                        United States of America                 AMERICAS                                                                              
Steven     Executive                      Seattle                        United States of America                 AMERICAS                                                                              
Neena      Executive                      Seattle                        United States of America                 AMERICAS                                                                              
William    Accounting                     Seattle                        United States of America                 AMERICAS                                                                              
Shelley    Accounting                     Seattle                        United States of America                 AMERICAS                                                                              

19 rows selected.

SQL> SELECT FIRST_NAME,DEPARTMENT_NAME,CITY,COUNTRY_NAME,REGION_NAME FROM EMPLOYEES E INNER JOIN DEPARTMENTS D ON E.DEPARTMENT_ID=D.DEPARTMENT_ID INNER JOIN LOCATIONS L ON D.LOCATION_ID=L.LOCATION_ID INNER JOIN COUNTRIES C ON L.COUNTRY_ID=C.COUNTRY_ID INNER JOIN REGIONS R ON C.REGION_ID=R.REGION_ID;

FIRST_NAME DEPARTMENT_NAME                CITY                           COUNTRY_NAME                             REGION_NAME                                                                           
---------- ------------------------------ ------------------------------ ---------------------------------------- -------------------------                                                             
Ellen      Sales                          Oxford                         United Kingdom                           Europe                                                                                
Eleni      Sales                          Oxford                         United Kingdom                           Europe                                                                                
Jonathon   Sales                          Oxford                         United Kingdom                           Europe                                                                                
Michael    Marketing                      Toronto                        Canada                                   AMERICAS                                                                              
Pat        Marketing                      Toronto                        Canada                                   AMERICAS                                                                              
Diana      IT                             Southlake                      United States of America                 AMERICAS                                                                              
Bruce      IT                             Southlake                      United States of America                 AMERICAS                                                                              
Alexander  IT                             Southlake                      United States of America                 AMERICAS                                                                              
Kevin      Shiping                        South San Francisco            United States of America                 AMERICAS                                                                              
Peter      Shiping                        South San Francisco            United States of America                 AMERICAS                                                                              
Randall    Shiping                        South San Francisco            United States of America                 AMERICAS                                                                              
Curtis     Shiping                        South San Francisco            United States of America                 AMERICAS                                                                              
Trenna     Shiping                        South San Francisco            United States of America                 AMERICAS                                                                              
Jennifer   Administration                 Seattle                        United States of America                 AMERICAS                                                                              
Lex        Executive                      Seattle                        United States of America                 AMERICAS                                                                              
Steven     Executive                      Seattle                        United States of America                 AMERICAS                                                                              
Neena      Executive                      Seattle                        United States of America                 AMERICAS                                                                              
William    Accounting                     Seattle                        United States of America                 AMERICAS                                                                              
Shelley    Accounting                     Seattle                        United States of America                 AMERICAS                                                                              

19 rows selected.

SQL> SELECT FIRST_NAME, DEPARTMENT_NAME, CITY, COUNTRY_NAME, REGION_NAME FROM EMPLOYEES INNER JOIN DEPARTMENTS USING (DEPARTMENT_ID) INNER JOIN LOCATIONS USING (LOCATION_ID)
  2  INNER JOIN COUNTRIES USING (COUNTRY_ID) INNER JOIN REGIONS USING (REGION_ID);

FIRST_NAME DEPARTMENT_NAME                CITY                           COUNTRY_NAME                             REGION_NAME                                                                           
---------- ------------------------------ ------------------------------ ---------------------------------------- -------------------------                                                             
Ellen      Sales                          Oxford                         United Kingdom                           Europe                                                                                
Eleni      Sales                          Oxford                         United Kingdom                           Europe                                                                                
Jonathon   Sales                          Oxford                         United Kingdom                           Europe                                                                                
Michael    Marketing                      Toronto                        Canada                                   AMERICAS                                                                              
Pat        Marketing                      Toronto                        Canada                                   AMERICAS                                                                              
Diana      IT                             Southlake                      United States of America                 AMERICAS                                                                              
Bruce      IT                             Southlake                      United States of America                 AMERICAS                                                                              
Alexander  IT                             Southlake                      United States of America                 AMERICAS                                                                              
Kevin      Shiping                        South San Francisco            United States of America                 AMERICAS                                                                              
Peter      Shiping                        South San Francisco            United States of America                 AMERICAS                                                                              
Randall    Shiping                        South San Francisco            United States of America                 AMERICAS                                                                              
Curtis     Shiping                        South San Francisco            United States of America                 AMERICAS                                                                              
Trenna     Shiping                        South San Francisco            United States of America                 AMERICAS                                                                              
Jennifer   Administration                 Seattle                        United States of America                 AMERICAS                                                                              
Lex        Executive                      Seattle                        United States of America                 AMERICAS                                                                              
Steven     Executive                      Seattle                        United States of America                 AMERICAS                                                                              
Neena      Executive                      Seattle                        United States of America                 AMERICAS                                                                              
William    Accounting                     Seattle                        United States of America                 AMERICAS                                                                              
Shelley    Accounting                     Seattle                        United States of America                 AMERICAS                                                                              

19 rows selected.

SQL> 
SQL> SELECT FIRST_NAME, DEPARTMENT_NAME, CITY, COUNTRY_NAME, REGION_NAME FROM EMPLOYEES E INNER JOIN DEPARTMENTS D ON E.DEPARTMENT_ID = D.DEPARTMENT_ID
  2  INNER JOIN LOCATIONS L ON D.LOCATION_ID = L.LOCATION_ID INNER JOIN COUNTRIES C ON L.COUNTRY_ID= C.COUNTRY_ID INNER JOIN REGIONS R ON C.REGION_ID= R.REGION_ID;

FIRST_NAME DEPARTMENT_NAME                CITY                           COUNTRY_NAME                             REGION_NAME                                                                           
---------- ------------------------------ ------------------------------ ---------------------------------------- -------------------------                                                             
Ellen      Sales                          Oxford                         United Kingdom                           Europe                                                                                
Eleni      Sales                          Oxford                         United Kingdom                           Europe                                                                                
Jonathon   Sales                          Oxford                         United Kingdom                           Europe                                                                                
Michael    Marketing                      Toronto                        Canada                                   AMERICAS                                                                              
Pat        Marketing                      Toronto                        Canada                                   AMERICAS                                                                              
Diana      IT                             Southlake                      United States of America                 AMERICAS                                                                              
Bruce      IT                             Southlake                      United States of America                 AMERICAS                                                                              
Alexander  IT                             Southlake                      United States of America                 AMERICAS                                                                              
Kevin      Shiping                        South San Francisco            United States of America                 AMERICAS                                                                              
Peter      Shiping                        South San Francisco            United States of America                 AMERICAS                                                                              
Randall    Shiping                        South San Francisco            United States of America                 AMERICAS                                                                              
Curtis     Shiping                        South San Francisco            United States of America                 AMERICAS                                                                              
Trenna     Shiping                        South San Francisco            United States of America                 AMERICAS                                                                              
Jennifer   Administration                 Seattle                        United States of America                 AMERICAS                                                                              
Lex        Executive                      Seattle                        United States of America                 AMERICAS                                                                              
Steven     Executive                      Seattle                        United States of America                 AMERICAS                                                                              
Neena      Executive                      Seattle                        United States of America                 AMERICAS                                                                              
William    Accounting                     Seattle                        United States of America                 AMERICAS                                                                              
Shelley    Accounting                     Seattle                        United States of America                 AMERICAS                                                                              

19 rows selected.

SQL> REM FIRST_NAME, DEPARTMENT_NAME , CITY , COUNTRY_NAME , REGION_NAME , JOB_TITLE , SALARY , GRADE_LEVEL
SQL> 
SQL> SELECT * FROM JOB_GRADES;

GRA LOWEST_SAL HIGHEST_SAL                                                                                                                                                                              
--- ---------- -----------                                                                                                                                                                              
A         1000        2999                                                                                                                                                                              
B         3000        5999                                                                                                                                                                              
C         6000        9999                                                                                                                                                                              
D        10000       14999                                                                                                                                                                              
E        15000       24999                                                                                                                                                                              
F        25000       40000                                                                                                                                                                              

6 rows selected.

SQL> SELECT FIRST_NAME,DEPARTMENT_NAME,CITY,COUNTRY_NAME,REGION_NAME,JOB_TITLE,SALARY,GRADE_LEVEL FROM EMPLOYEES E INNER JOIN DEPARTMENTS USING(DEPARTMENT_ID) INNER JOIN LOCATIONS USING(LOCATION_ID) INNER JOIN COUNTRIES USING(COUNTRY_ID) INNER JOIN REGIONS USING(REGION_ID) INNER JOIN JOBS J ON E.JOB_ID=J.JOB_ID INNER JOIN JOB_GRADES JG ON J.MIN_SALARY=JG.LOWEST_SAL;

FIRST_NAME DEPARTMENT_NAME                CITY                           COUNTRY_NAME                             REGION_NAME               JOB_TITLE                               SALARY GRA          
---------- ------------------------------ ------------------------------ ---------------------------------------- ------------------------- ----------------------------------- ---------- ---          
Ellen      Sales                          Oxford                         United Kingdom                           Europe                    Sales Representative                     11000 C            
Jonathon   Sales                          Oxford                         United Kingdom                           Europe                    Sales Representative                      8600 C            
Eleni      Sales                          Oxford                         United Kingdom                           Europe                    Sales Manager                            10500 D            
Jennifer   Administration                 Seattle                        United States of America                 AMERICAS                  Administration Assistant                  4400 B            
Lex        Executive                      Seattle                        United States of America                 AMERICAS                  Administration Vice President            17000 E            
Neena      Executive                      Seattle                        United States of America                 AMERICAS                  Administration Vice President            17000 E            

6 rows selected.

SQL> SELECT FIRST_NAME, SALARY, DEPARTMENT_NAME, JOB_TITLE, CITY, COUNTRY_NAME, REGION_NAME, GRADE_LEVEL FROM EMPLOYEES E INNER JOIN DEPARTMENTS USING (DEPARTMENT_ID)
  2  INNER JOIN LOCATIONS USING (LOCATION_ID) INNER JOIN COUNTRIES USING (COUNTRY_ID) INNER JOIN REGIONS USING (REGION_ID) INNER JOIN JOBS J ON E.JOB_ID = J.JOB_ID
  3  INNER JOIN JOB_GRADES JG ON E.SALARY BETWEEN JG.LOWEST_SAL AND JG.HIGHEST_SAL;

FIRST_NAME     SALARY DEPARTMENT_NAME                JOB_TITLE                           CITY                           COUNTRY_NAME                             REGION_NAME               GRA          
---------- ---------- ------------------------------ ----------------------------------- ------------------------------ ---------------------------------------- ------------------------- ---          
Steven          24000 Executive                      President                           Seattle                        United States of America                 AMERICAS                  E            
Neena           17000 Executive                      Administration Vice President       Seattle                        United States of America                 AMERICAS                  E            
Lex             17000 Executive                      Administration Vice President       Seattle                        United States of America                 AMERICAS                  E            
Michael         13000 Marketing                      Marketing Manager                   Toronto                        Canada                                   AMERICAS                  D            
Shelley         12000 Accounting                     Accounting Manager                  Seattle                        United States of America                 AMERICAS                  D            
Ellen           11000 Sales                          Sales Representative                Oxford                         United Kingdom                           Europe                    D            
Eleni           10500 Sales                          Sales Manager                       Oxford                         United Kingdom                           Europe                    D            
Alexander        9000 IT                             Programmer                          Southlake                      United States of America                 AMERICAS                  C            
Jonathon         8600 Sales                          Sales Representative                Oxford                         United Kingdom                           Europe                    C            
William          8300 Accounting                     Public Accountant                   Seattle                        United States of America                 AMERICAS                  C            
Pat              6000 Marketing                      Marketing Representative            Toronto                        Canada                                   AMERICAS                  C            
Bruce            6000 IT                             Programmer                          Southlake                      United States of America                 AMERICAS                  C            
Kevin            5800 Shiping                        Stock Manager                       South San Francisco            United States of America                 AMERICAS                  B            
Jennifer         4400 Administration                 Administration Assistant            Seattle                        United States of America                 AMERICAS                  B            
Diana            4200 IT                             Programmer                          Southlake                      United States of America                 AMERICAS                  B            
Trenna           3500 Shiping                        Stock Clerk                         South San Francisco            United States of America                 AMERICAS                  B            
Curtis           3100 Shiping                        Stock Clerk                         South San Francisco            United States of America                 AMERICAS                  B            
Randall          2600 Shiping                        Stock Clerk                         South San Francisco            United States of America                 AMERICAS                  A            
Peter            2500 Shiping                        Stock Clerk                         South San Francisco            United States of America                 AMERICAS                  A            

19 rows selected.

SQL> SELECT FIRST_NAME,DEPARTMENT_NAME,CITY,COUNTRY_NAME,REGION_NAME,JOB_TITLE,SALARY,GRADE_LEVEL FROM EMPLOYEES  INNER JOIN DEPARTMENTS USING(DEPARTMENT_ID)
  2                                                        INNER JOIN LOCATIONS USING(LOCATION_ID)
  3                                                        INNER JOIN COUNTRIES USING(COUNTRY_ID)
  4                                                        INNER JOIN REGIONS USING(REGION_ID)
  5                                                        INNER JOIN JOBS USING(JOB_ID)
  6                                                        INNER JOIN JOB_GRADE ON SALARY BETWEEN LOWEST_SALARY AND HIGHEST_SALARY ;
                                                      INNER JOIN JOB_GRADE ON SALARY BETWEEN LOWEST_SALARY AND HIGHEST_SALARY 
                                                                 *
ERROR at line 6:
ORA-00942: table or view does not exist 


SQL> SELECT FIRST_NAME,DEPARTMENT_NAME,CITY,COUNTRY_NAME,REGION_NAME,JOB_TITLE,SALARY,GRADE_LEVEL FROM EMPLOYEES  INNER JOIN DEPARTMENTS USING(DEPARTMENT_ID)
  2                                                        INNER JOIN LOCATIONS USING(LOCATION_ID)
  3                                                        INNER JOIN COUNTRIES USING(COUNTRY_ID)
  4                                                        INNER JOIN REGIONS USING(REGION_ID)
  5                                                        INNER JOIN JOBS USING(JOB_ID)
  6                                                        INNER JOIN JOB_GRADES ON SALARY BETWEEN LOWEST_SALARY AND HIGHEST_SALARY ;
                                                      INNER JOIN JOB_GRADES ON SALARY BETWEEN LOWEST_SALARY AND HIGHEST_SALARY 
                                                                                                                *
ERROR at line 6:
ORA-00904: "HIGHEST_SALARY": invalid identifier 


SQL> SELECT FIRST_NAME,DEPARTMENT_NAME,CITY,COUNTRY_NAME,REGION_NAME,JOB_TITLE,SALARY,GRADE_LEVEL FROM EMPLOYEES  INNER JOIN DEPARTMENTS USING(DEPARTMENT_ID)
  2                                                        INNER JOIN LOCATIONS USING(LOCATION_ID)
  3                                                        INNER JOIN COUNTRIES USING(COUNTRY_ID)
  4                                                        INNER JOIN REGIONS USING(REGION_ID)
  5                                                        INNER JOIN JOBS USING(JOB_ID)
  6                                                        INNER JOIN JOB_GRADES ON SALARY BETWEEN LOWEST_SAL AND HIGHEST_SAL;

FIRST_NAME DEPARTMENT_NAME                CITY                           COUNTRY_NAME                             REGION_NAME               JOB_TITLE                               SALARY GRA          
---------- ------------------------------ ------------------------------ ---------------------------------------- ------------------------- ----------------------------------- ---------- ---          
Steven     Executive                      Seattle                        United States of America                 AMERICAS                  President                                24000 E            
Neena      Executive                      Seattle                        United States of America                 AMERICAS                  Administration Vice President            17000 E            
Lex        Executive                      Seattle                        United States of America                 AMERICAS                  Administration Vice President            17000 E            
Michael    Marketing                      Toronto                        Canada                                   AMERICAS                  Marketing Manager                        13000 D            
Shelley    Accounting                     Seattle                        United States of America                 AMERICAS                  Accounting Manager                       12000 D            
Ellen      Sales                          Oxford                         United Kingdom                           Europe                    Sales Representative                     11000 D            
Eleni      Sales                          Oxford                         United Kingdom                           Europe                    Sales Manager                            10500 D            
Alexander  IT                             Southlake                      United States of America                 AMERICAS                  Programmer                                9000 C            
Jonathon   Sales                          Oxford                         United Kingdom                           Europe                    Sales Representative                      8600 C            
William    Accounting                     Seattle                        United States of America                 AMERICAS                  Public Accountant                         8300 C            
Pat        Marketing                      Toronto                        Canada                                   AMERICAS                  Marketing Representative                  6000 C            
Bruce      IT                             Southlake                      United States of America                 AMERICAS                  Programmer                                6000 C            
Kevin      Shiping                        South San Francisco            United States of America                 AMERICAS                  Stock Manager                             5800 B            
Jennifer   Administration                 Seattle                        United States of America                 AMERICAS                  Administration Assistant                  4400 B            
Diana      IT                             Southlake                      United States of America                 AMERICAS                  Programmer                                4200 B            
Trenna     Shiping                        South San Francisco            United States of America                 AMERICAS                  Stock Clerk                               3500 B            
Curtis     Shiping                        South San Francisco            United States of America                 AMERICAS                  Stock Clerk                               3100 B            
Randall    Shiping                        South San Francisco            United States of America                 AMERICAS                  Stock Clerk                               2600 A            
Peter      Shiping                        South San Francisco            United States of America                 AMERICAS                  Stock Clerk                               2500 A            

19 rows selected.

SQL> REM DEPARTMENT_NAME , CITY , COUNTRY_NAME
SQL> 
SQL> SELECT DEPARTMENT_NAME , CITY , COUNTRY_NAME
  2  FROM DEPARTMENTS
  3  JOIN LOCATIONS   USING (LOCATION_ID)
  4  JOIN COUNTRIES   USING (COUNTRY_ID);

DEPARTMENT_NAME                CITY                           COUNTRY_NAME                                                                                                                              
------------------------------ ------------------------------ ----------------------------------------                                                                                                  
Administration                 Seattle                        United States of America                                                                                                                  
Marketing                      Toronto                        Canada                                                                                                                                    
Shiping                        South San Francisco            United States of America                                                                                                                  
IT                             Southlake                      United States of America                                                                                                                  
Sales                          Oxford                         United Kingdom                                                                                                                            
Executive                      Seattle                        United States of America                                                                                                                  
Accounting                     Seattle                        United States of America                                                                                                                  
Contracting                    Seattle                        United States of America                                                                                                                  

8 rows selected.

SQL> SELECT DEPARTMENT_NAME , CITY , COUNTRY_NAME
  2  FROM DEPARTMENTS
  3  NATURAL JOIN LOCATIONS
  4  NATURAL JOIN COUNTRIES;

DEPARTMENT_NAME                CITY                           COUNTRY_NAME                                                                                                                              
------------------------------ ------------------------------ ----------------------------------------                                                                                                  
Administration                 Seattle                        United States of America                                                                                                                  
Marketing                      Toronto                        Canada                                                                                                                                    
Shiping                        South San Francisco            United States of America                                                                                                                  
IT                             Southlake                      United States of America                                                                                                                  
Sales                          Oxford                         United Kingdom                                                                                                                            
Executive                      Seattle                        United States of America                                                                                                                  
Accounting                     Seattle                        United States of America                                                                                                                  
Contracting                    Seattle                        United States of America                                                                                                                  

8 rows selected.

SQL> SELECT DEPARTMENT_NAME , CITY , COUNTRY_NAME
  2  FROM DEPARTMENTS
  3  JOIN LOCATIONS L ON DEPARTMENTS.LOCATION_ID = L.LOCATION_ID
  4  JOIN COUNTRIES C ON L.COUNTRY_ID = C.COUNTRY_ID;

DEPARTMENT_NAME                CITY                           COUNTRY_NAME                                                                                                                              
------------------------------ ------------------------------ ----------------------------------------                                                                                                  
Administration                 Seattle                        United States of America                                                                                                                  
Marketing                      Toronto                        Canada                                                                                                                                    
Shiping                        South San Francisco            United States of America                                                                                                                  
IT                             Southlake                      United States of America                                                                                                                  
Sales                          Oxford                         United Kingdom                                                                                                                            
Executive                      Seattle                        United States of America                                                                                                                  
Accounting                     Seattle                        United States of America                                                                                                                  
Contracting                    Seattle                        United States of America                                                                                                                  

8 rows selected.

SQL> SELECT DEPARTMENT_NAME , CITY , COUNTRY_NAME
  2  FROM DEPARTMENTS
  3  NATURAL JOIN LOCATIONS
  4  JOIN COUNTRIES   USING (COUNTRY_ID);

DEPARTMENT_NAME                CITY                           COUNTRY_NAME                                                                                                                              
------------------------------ ------------------------------ ----------------------------------------                                                                                                  
Administration                 Seattle                        United States of America                                                                                                                  
Marketing                      Toronto                        Canada                                                                                                                                    
Shiping                        South San Francisco            United States of America                                                                                                                  
IT                             Southlake                      United States of America                                                                                                                  
Sales                          Oxford                         United Kingdom                                                                                                                            
Executive                      Seattle                        United States of America                                                                                                                  
Accounting                     Seattle                        United States of America                                                                                                                  
Contracting                    Seattle                        United States of America                                                                                                                  

8 rows selected.

SQL> SELECT DEPARTMENT_NAME , CITY , COUNTRY_NAME
  2  FROM DEPARTMENTS
  3  JOIN LOCATIONS   USING (LOCATION_ID)
  4  NATURAL JOIN COUNTRIES;

DEPARTMENT_NAME                CITY                           COUNTRY_NAME                                                                                                                              
------------------------------ ------------------------------ ----------------------------------------                                                                                                  
Administration                 Seattle                        Canada                                                                                                                                    
Administration                 Seattle                        Germany                                                                                                                                   
Administration                 Seattle                        United Kingdom                                                                                                                            
Administration                 Seattle                        United States of America                                                                                                                  
Marketing                      Toronto                        Canada                                                                                                                                    
Marketing                      Toronto                        Germany                                                                                                                                   
Marketing                      Toronto                        United Kingdom                                                                                                                            
Marketing                      Toronto                        United States of America                                                                                                                  
Shiping                        South San Francisco            Canada                                                                                                                                    
Shiping                        South San Francisco            Germany                                                                                                                                   
Shiping                        South San Francisco            United Kingdom                                                                                                                            
Shiping                        South San Francisco            United States of America                                                                                                                  
IT                             Southlake                      Canada                                                                                                                                    
IT                             Southlake                      Germany                                                                                                                                   
IT                             Southlake                      United Kingdom                                                                                                                            
IT                             Southlake                      United States of America                                                                                                                  
Sales                          Oxford                         Canada                                                                                                                                    
Sales                          Oxford                         Germany                                                                                                                                   
Sales                          Oxford                         United Kingdom                                                                                                                            
Sales                          Oxford                         United States of America                                                                                                                  
Executive                      Seattle                        Canada                                                                                                                                    

DEPARTMENT_NAME                CITY                           COUNTRY_NAME                                                                                                                              
------------------------------ ------------------------------ ----------------------------------------                                                                                                  
Executive                      Seattle                        Germany                                                                                                                                   
Executive                      Seattle                        United Kingdom                                                                                                                            
Executive                      Seattle                        United States of America                                                                                                                  
Accounting                     Seattle                        Canada                                                                                                                                    
Accounting                     Seattle                        Germany                                                                                                                                   
Accounting                     Seattle                        United Kingdom                                                                                                                            
Accounting                     Seattle                        United States of America                                                                                                                  
Contracting                    Seattle                        Canada                                                                                                                                    
Contracting                    Seattle                        Germany                                                                                                                                   
Contracting                    Seattle                        United Kingdom                                                                                                                            
Contracting                    Seattle                        United States of America                                                                                                                  

32 rows selected.

SQL> SELECT DEPARTMENT_NAME , CITY , COUNTRY_NAME , COUNTRY_ID
  2  FROM DEPARTMENTS
  3  JOIN LOCATIONS   USING (LOCATION_ID)
  4  NATURAL JOIN COUNTRIES;

DEPARTMENT_NAME                CITY                           COUNTRY_NAME                             CO                                                                                               
------------------------------ ------------------------------ ---------------------------------------- --                                                                                               
Administration                 Seattle                        United States of America                 US                                                                                               
Marketing                      Toronto                        Canada                                   CA                                                                                               
Shiping                        South San Francisco            United States of America                 US                                                                                               
IT                             Southlake                      United States of America                 US                                                                                               
Sales                          Oxford                         United Kingdom                           UK                                                                                               
Executive                      Seattle                        United States of America                 US                                                                                               
Accounting                     Seattle                        United States of America                 US                                                                                               
Contracting                    Seattle                        United States of America                 US                                                                                               

8 rows selected.

SQL> SELECT * FROM EMPLOYEES;

EMPLOYEE_ID FIRST_NAME LAST_NAME  EMAIL      PHONE_NUMBER         HIRE_DATE JOB_ID         SALARY COMMISSION_PCT MANAGER_ID DEPARTMENT_ID                                                               
----------- ---------- ---------- ---------- -------------------- --------- ---------- ---------- -------------- ---------- -------------                                                               
        100 Steven     King       SKING      515.123.4567         17-JUL-87 AD_PRES         24000                                      90                                                               
        101 Neena      Kochhar    NKOCHHAR   515.123.4568         21-SEP-89 AD_VP           17000                       100            90                                                               
        102 Lex        De Haan    LDEHAAN    515.123.4569         13-JAN-93 AD_VP           17000                       100            90                                                               
        103 Alexander  Hunold     AHUNOLD    590.423.4567         03-JAN-90 IT_PROG          9000                       102            60                                                               
        104 Bruce      Ernst      BERNST     590.423.4568         21-MAY-91 IT_PROG          6000                       103            60                                                               
        107 Diana      Lorentz    DLORENTZ   590.423.5567         07-FEB-99 IT_PROG          4200                       103            60                                                               
        124 Kevin      Mourgos    KMOURGOS   650.123.5234         16-NOV-99 ST_MAN           5800                       100            50                                                               
        141 Trenna     Rajs       TRAJS      650.121.8009         17-OCT-95 ST_CLERK         3500                       124            50                                                               
        142 Curtis     Davies     CDAVIES    650.121.2994         29-JAN-97 ST_CLERK         3100                       124            50                                                               
        143 Randall    Matos      RMATOS     650.121.2874         15-MAR-98 ST_CLERK         2600                       124            50                                                               
        144 Peter      Vargas     PVARGAS    650.121.2004         09-JUL-98 ST_CLERK         2500                       124            50                                                               
        149 Eleni      Zlotkey    EZLOTKEY   011.44.1344.429018   29-JAN-00 SA_MAN          10500             .2        100            80                                                               
        174 Ellen      Abel       EABEL      011.44.1644.429267   11-MAY-96 SA_REP          11000             .3        149            80                                                               
        176 Jonathon   Taylor     JTAYLOR    011.44.1644.429265   24-MAR-98 SA_REP           8600             .3        149            80                                                               
        178 Kimerely   Grant      KGRANT     011.44.1644.429263   24-MAY-99 SA_REP           7000            .15        149                                                                             
        200 Jennifer   Whalen     JWHALEN    515.123.4444         17-SEP-87 AD_ASST          4400                       101            10                                                               
        201 Michael    Hartstein  MHARTSTE   515.123.5555         17-FEB-96 MK_MAN          13000                       100            20                                                               
        202 Pat        Fay        PFAY       603.123.6666         17-AUG-97 MK_REP           6000                       201            20                                                               
        205 Shelley    Higgins    SHIGGINS   515.123.8080         07-JUN-94 AC_MGR          12000                       101           110                                                               
        206 William    Gietz      WGIETZ     515.123.8181         07-JUN-94 AC_ACCOUNT       8300                       205           110                                                               

20 rows selected.

SQL> SELECT * FROM DEPARTMENTS;

DEPARTMENT_ID DEPARTMENT_NAME                MANAGER_ID LOCATION_ID                                                                                                                                     
------------- ------------------------------ ---------- -----------                                                                                                                                     
           10 Administration                        200        1700                                                                                                                                     
           20 Marketing                             201        1800                                                                                                                                     
           50 Shiping                               124        1500                                                                                                                                     
           60 IT                                    103        1400                                                                                                                                     
           80 Sales                                 149        2500                                                                                                                                     
           90 Executive                             100        1700                                                                                                                                     
          110 Accounting                            205        1700                                                                                                                                     
          190 Contracting                                      1700                                                                                                                                     

8 rows selected.

SQL> SELECT *
  2  FROM EMPLOYEES
  3  NATURAL JOIN DEPARTMENTS;

MANAGER_ID DEPARTMENT_ID EMPLOYEE_ID FIRST_NAME LAST_NAME  EMAIL      PHONE_NUMBER         HIRE_DATE JOB_ID         SALARY COMMISSION_PCT DEPARTMENT_NAME                LOCATION_ID                    
---------- ------------- ----------- ---------- ---------- ---------- -------------------- --------- ---------- ---------- -------------- ------------------------------ -----------                    
       100            90         101 Neena      Kochhar    NKOCHHAR   515.123.4568         21-SEP-89 AD_VP           17000                Executive                             1700                    
       100            90         102 Lex        De Haan    LDEHAAN    515.123.4569         13-JAN-93 AD_VP           17000                Executive                             1700                    
       103            60         104 Bruce      Ernst      BERNST     590.423.4568         21-MAY-91 IT_PROG          6000                IT                                    1400                    
       103            60         107 Diana      Lorentz    DLORENTZ   590.423.5567         07-FEB-99 IT_PROG          4200                IT                                    1400                    
       124            50         141 Trenna     Rajs       TRAJS      650.121.8009         17-OCT-95 ST_CLERK         3500                Shiping                               1500                    
       124            50         142 Curtis     Davies     CDAVIES    650.121.2994         29-JAN-97 ST_CLERK         3100                Shiping                               1500                    
       124            50         143 Randall    Matos      RMATOS     650.121.2874         15-MAR-98 ST_CLERK         2600                Shiping                               1500                    
       124            50         144 Peter      Vargas     PVARGAS    650.121.2004         09-JUL-98 ST_CLERK         2500                Shiping                               1500                    
       149            80         174 Ellen      Abel       EABEL      011.44.1644.429267   11-MAY-96 SA_REP          11000             .3 Sales                                 2500                    
       149            80         176 Jonathon   Taylor     JTAYLOR    011.44.1644.429265   24-MAR-98 SA_REP           8600             .3 Sales                                 2500                    
       201            20         202 Pat        Fay        PFAY       603.123.6666         17-AUG-97 MK_REP           6000                Marketing                             1800                    
       205           110         206 William    Gietz      WGIETZ     515.123.8181         07-JUN-94 AC_ACCOUNT       8300                Accounting                            1700                    

12 rows selected.

SQL> SELECT *
  2  FROM DEPARTMENTS
  3  NATURAL JOIN EMPLOYEES;

DEPARTMENT_ID MANAGER_ID DEPARTMENT_NAME                LOCATION_ID EMPLOYEE_ID FIRST_NAME LAST_NAME  EMAIL      PHONE_NUMBER         HIRE_DATE JOB_ID         SALARY COMMISSION_PCT                    
------------- ---------- ------------------------------ ----------- ----------- ---------- ---------- ---------- -------------------- --------- ---------- ---------- --------------                    
           90        100 Executive                             1700         101 Neena      Kochhar    NKOCHHAR   515.123.4568         21-SEP-89 AD_VP           17000                                   
           90        100 Executive                             1700         102 Lex        De Haan    LDEHAAN    515.123.4569         13-JAN-93 AD_VP           17000                                   
           60        103 IT                                    1400         104 Bruce      Ernst      BERNST     590.423.4568         21-MAY-91 IT_PROG          6000                                   
           60        103 IT                                    1400         107 Diana      Lorentz    DLORENTZ   590.423.5567         07-FEB-99 IT_PROG          4200                                   
           50        124 Shiping                               1500         141 Trenna     Rajs       TRAJS      650.121.8009         17-OCT-95 ST_CLERK         3500                                   
           50        124 Shiping                               1500         142 Curtis     Davies     CDAVIES    650.121.2994         29-JAN-97 ST_CLERK         3100                                   
           50        124 Shiping                               1500         143 Randall    Matos      RMATOS     650.121.2874         15-MAR-98 ST_CLERK         2600                                   
           50        124 Shiping                               1500         144 Peter      Vargas     PVARGAS    650.121.2004         09-JUL-98 ST_CLERK         2500                                   
           80        149 Sales                                 2500         174 Ellen      Abel       EABEL      011.44.1644.429267   11-MAY-96 SA_REP          11000             .3                    
           80        149 Sales                                 2500         176 Jonathon   Taylor     JTAYLOR    011.44.1644.429265   24-MAR-98 SA_REP           8600             .3                    
           20        201 Marketing                             1800         202 Pat        Fay        PFAY       603.123.6666         17-AUG-97 MK_REP           6000                                   
          110        205 Accounting                            1700         206 William    Gietz      WGIETZ     515.123.8181         07-JUN-94 AC_ACCOUNT       8300                                   

12 rows selected.

SQL> REM FIRST_NAME , DEPARTMENT_NAME , DEPARTMENT_ID , MANAGER_ID
SQL> 
SQL> REM U C          U C               C  C            C C
SQL> 
SQL> SELECT FIRST_NAME , DEPARTMENT_NAME , DEPARTMENT_ID , MANAGER_ID
  2  FROM EMPLOYEES
  3  NATURAL JOIN DEPARTMENTS;

FIRST_NAME DEPARTMENT_NAME                DEPARTMENT_ID MANAGER_ID                                                                                                                                      
---------- ------------------------------ ------------- ----------                                                                                                                                      
Neena      Executive                                 90        100                                                                                                                                      
Lex        Executive                                 90        100                                                                                                                                      
Bruce      IT                                        60        103                                                                                                                                      
Diana      IT                                        60        103                                                                                                                                      
Trenna     Shiping                                   50        124                                                                                                                                      
Curtis     Shiping                                   50        124                                                                                                                                      
Randall    Shiping                                   50        124                                                                                                                                      
Peter      Shiping                                   50        124                                                                                                                                      
Ellen      Sales                                     80        149                                                                                                                                      
Jonathon   Sales                                     80        149                                                                                                                                      
Pat        Marketing                                 20        201                                                                                                                                      
William    Accounting                               110        205                                                                                                                                      

12 rows selected.

SQL> REM AS NATURAL JOIN REMOVES DUPLICATION OF ALL COMMON COLUMNS, WE CAN'T QUALIFY ANY COMMON COLUMN.
SQL> 
SQL> SELECT FIRST_NAME , DEPARTMENT_NAME , DEPARTMENT_ID , EMPLOYEES.MANAGER_ID
  2  FROM EMPLOYEES
  3  NATURAL JOIN DEPARTMENTS;
SELECT FIRST_NAME , DEPARTMENT_NAME , DEPARTMENT_ID , EMPLOYEES.MANAGER_ID
                                                      *
ERROR at line 1:
ORA-25155: column used in NATURAL join cannot have qualifier 


SQL> REM WE CAN QUALIFY UNCOMMON COLUMNS OPTIONALLY.
SQL> 
SQL> SELECT EMPLOYEES.FIRST_NAME , DEPARTMENT_NAME , DEPARTMENT_ID , MANAGER_ID
  2  FROM EMPLOYEES
  3  NATURAL JOIN DEPARTMENTS;

FIRST_NAME DEPARTMENT_NAME                DEPARTMENT_ID MANAGER_ID                                                                                                                                      
---------- ------------------------------ ------------- ----------                                                                                                                                      
Neena      Executive                                 90        100                                                                                                                                      
Lex        Executive                                 90        100                                                                                                                                      
Bruce      IT                                        60        103                                                                                                                                      
Diana      IT                                        60        103                                                                                                                                      
Trenna     Shiping                                   50        124                                                                                                                                      
Curtis     Shiping                                   50        124                                                                                                                                      
Randall    Shiping                                   50        124                                                                                                                                      
Peter      Shiping                                   50        124                                                                                                                                      
Ellen      Sales                                     80        149                                                                                                                                      
Jonathon   Sales                                     80        149                                                                                                                                      
Pat        Marketing                                 20        201                                                                                                                                      
William    Accounting                               110        205                                                                                                                                      

12 rows selected.

SQL> REM INNER JOIN WITH USING
SQL> 
SQL> SELECT *
  2  FROM EMPLOYEES
  3  JOIN DEPARTMENTS USING (DEPARTMENT_ID);

DEPARTMENT_ID EMPLOYEE_ID FIRST_NAME LAST_NAME  EMAIL      PHONE_NUMBER         HIRE_DATE JOB_ID         SALARY COMMISSION_PCT MANAGER_ID DEPARTMENT_NAME                MANAGER_ID LOCATION_ID         
------------- ----------- ---------- ---------- ---------- -------------------- --------- ---------- ---------- -------------- ---------- ------------------------------ ---------- -----------         
           10         200 Jennifer   Whalen     JWHALEN    515.123.4444         17-SEP-87 AD_ASST          4400                       101 Administration                        200        1700         
           20         201 Michael    Hartstein  MHARTSTE   515.123.5555         17-FEB-96 MK_MAN          13000                       100 Marketing                             201        1800         
           20         202 Pat        Fay        PFAY       603.123.6666         17-AUG-97 MK_REP           6000                       201 Marketing                             201        1800         
           50         124 Kevin      Mourgos    KMOURGOS   650.123.5234         16-NOV-99 ST_MAN           5800                       100 Shiping                               124        1500         
           50         144 Peter      Vargas     PVARGAS    650.121.2004         09-JUL-98 ST_CLERK         2500                       124 Shiping                               124        1500         
           50         143 Randall    Matos      RMATOS     650.121.2874         15-MAR-98 ST_CLERK         2600                       124 Shiping                               124        1500         
           50         142 Curtis     Davies     CDAVIES    650.121.2994         29-JAN-97 ST_CLERK         3100                       124 Shiping                               124        1500         
           50         141 Trenna     Rajs       TRAJS      650.121.8009         17-OCT-95 ST_CLERK         3500                       124 Shiping                               124        1500         
           60         107 Diana      Lorentz    DLORENTZ   590.423.5567         07-FEB-99 IT_PROG          4200                       103 IT                                    103        1400         
           60         104 Bruce      Ernst      BERNST     590.423.4568         21-MAY-91 IT_PROG          6000                       103 IT                                    103        1400         
           60         103 Alexander  Hunold     AHUNOLD    590.423.4567         03-JAN-90 IT_PROG          9000                       102 IT                                    103        1400         
           80         174 Ellen      Abel       EABEL      011.44.1644.429267   11-MAY-96 SA_REP          11000             .3        149 Sales                                 149        2500         
           80         149 Eleni      Zlotkey    EZLOTKEY   011.44.1344.429018   29-JAN-00 SA_MAN          10500             .2        100 Sales                                 149        2500         
           80         176 Jonathon   Taylor     JTAYLOR    011.44.1644.429265   24-MAR-98 SA_REP           8600             .3        149 Sales                                 149        2500         
           90         102 Lex        De Haan    LDEHAAN    515.123.4569         13-JAN-93 AD_VP           17000                       100 Executive                             100        1700         
           90         100 Steven     King       SKING      515.123.4567         17-JUL-87 AD_PRES         24000                           Executive                             100        1700         
           90         101 Neena      Kochhar    NKOCHHAR   515.123.4568         21-SEP-89 AD_VP           17000                       100 Executive                             100        1700         
          110         206 William    Gietz      WGIETZ     515.123.8181         07-JUN-94 AC_ACCOUNT       8300                       205 Accounting                            205        1700         
          110         205 Shelley    Higgins    SHIGGINS   515.123.8080         07-JUN-94 AC_MGR          12000                       101 Accounting                            205        1700         

19 rows selected.

SQL> REM WHEN WE USE INNER JOIN ... USING, DUPLICATION OF COLUMN WHICH IS LISTED IN USING CLAUSE, IS REMOVED, SO WE CAN'T QUALIFY THOSE COMMON COLUMNS.
SQL> 
SQL> REM WHEN WE USE INNER JOIN ... USING, DUPLICATION OF COLUMN WHICH IS NOT LISTED IN USING CLAUSE, WILL BE KEPT IN RESULT, SO WE MUST QUALIFY THOSE COMMON COLUMNS.
SQL> 
SQL> SELECT FIRST_NAME , DEPARTMENT_NAME , DEPARTMENT_ID , MANAGER_ID
  2  FROM EMPLOYEES
  3  JOIN DEPARTMENTS USING (DEPARTMENT_ID);
SELECT FIRST_NAME , DEPARTMENT_NAME , DEPARTMENT_ID , MANAGER_ID
                                                      *
ERROR at line 1:
ORA-00918: column ambiguously defined 


SQL> SELECT FIRST_NAME , DEPARTMENT_NAME , DEPARTMENT_ID , E.MANAGER_ID , D.MANAGER_ID
  2  FROM EMPLOYEES E
  3  JOIN DEPARTMENTS D USING (DEPARTMENT_ID);

FIRST_NAME DEPARTMENT_NAME                DEPARTMENT_ID MANAGER_ID MANAGER_ID                                                                                                                           
---------- ------------------------------ ------------- ---------- ----------                                                                                                                           
Jennifer   Administration                            10        101        200                                                                                                                           
Michael    Marketing                                 20        100        201                                                                                                                           
Pat        Marketing                                 20        201        201                                                                                                                           
Kevin      Shiping                                   50        100        124                                                                                                                           
Peter      Shiping                                   50        124        124                                                                                                                           
Randall    Shiping                                   50        124        124                                                                                                                           
Curtis     Shiping                                   50        124        124                                                                                                                           
Trenna     Shiping                                   50        124        124                                                                                                                           
Diana      IT                                        60        103        103                                                                                                                           
Bruce      IT                                        60        103        103                                                                                                                           
Alexander  IT                                        60        102        103                                                                                                                           
Ellen      Sales                                     80        149        149                                                                                                                           
Eleni      Sales                                     80        100        149                                                                                                                           
Jonathon   Sales                                     80        149        149                                                                                                                           
Lex        Executive                                 90        100        100                                                                                                                           
Steven     Executive                                 90                   100                                                                                                                           
Neena      Executive                                 90        100        100                                                                                                                           
William    Accounting                               110        205        205                                                                                                                           
Shelley    Accounting                               110        101        205                                                                                                                           

19 rows selected.

SQL> SELECT FIRST_NAME , DEPARTMENT_NAME , DEPARTMENT_ID , E.MANAGER_ID EMP_HEAD, D.MANAGER_ID DEPT_HEAD
  2  FROM EMPLOYEES E
  3  JOIN DEPARTMENTS D USING (DEPARTMENT_ID);

FIRST_NAME DEPARTMENT_NAME                DEPARTMENT_ID   EMP_HEAD  DEPT_HEAD                                                                                                                           
---------- ------------------------------ ------------- ---------- ----------                                                                                                                           
Jennifer   Administration                            10        101        200                                                                                                                           
Michael    Marketing                                 20        100        201                                                                                                                           
Pat        Marketing                                 20        201        201                                                                                                                           
Kevin      Shiping                                   50        100        124                                                                                                                           
Peter      Shiping                                   50        124        124                                                                                                                           
Randall    Shiping                                   50        124        124                                                                                                                           
Curtis     Shiping                                   50        124        124                                                                                                                           
Trenna     Shiping                                   50        124        124                                                                                                                           
Diana      IT                                        60        103        103                                                                                                                           
Bruce      IT                                        60        103        103                                                                                                                           
Alexander  IT                                        60        102        103                                                                                                                           
Ellen      Sales                                     80        149        149                                                                                                                           
Eleni      Sales                                     80        100        149                                                                                                                           
Jonathon   Sales                                     80        149        149                                                                                                                           
Lex        Executive                                 90        100        100                                                                                                                           
Steven     Executive                                 90                   100                                                                                                                           
Neena      Executive                                 90        100        100                                                                                                                           
William    Accounting                               110        205        205                                                                                                                           
Shelley    Accounting                               110        101        205                                                                                                                           

19 rows selected.

SQL> SELECT FIRST_NAME , DEPARTMENT_NAME , E.DEPARTMENT_ID , E.MANAGER_ID , D.MANAGER_ID
  2  FROM EMPLOYEES E
  3  JOIN DEPARTMENTS D USING (DEPARTMENT_ID);
SELECT FIRST_NAME , DEPARTMENT_NAME , E.DEPARTMENT_ID , E.MANAGER_ID , D.MANAGER_ID
                                      *
ERROR at line 1:
ORA-25154: column part of USING clause cannot have qualifier 


SQL> SELECT FIRST_NAME , DEPARTMENT_NAME , DEPARTMENT_ID , MANAGER_ID
  2  FROM EMPLOYEES
  3  INNER JOIN DEPARTMENTS USING (DEPARTMENT_ID , MANAGER_ID);

FIRST_NAME DEPARTMENT_NAME                DEPARTMENT_ID MANAGER_ID                                                                                                                                      
---------- ------------------------------ ------------- ----------                                                                                                                                      
Neena      Executive                                 90        100                                                                                                                                      
Lex        Executive                                 90        100                                                                                                                                      
Bruce      IT                                        60        103                                                                                                                                      
Diana      IT                                        60        103                                                                                                                                      
Trenna     Shiping                                   50        124                                                                                                                                      
Curtis     Shiping                                   50        124                                                                                                                                      
Randall    Shiping                                   50        124                                                                                                                                      
Peter      Shiping                                   50        124                                                                                                                                      
Ellen      Sales                                     80        149                                                                                                                                      
Jonathon   Sales                                     80        149                                                                                                                                      
Pat        Marketing                                 20        201                                                                                                                                      
William    Accounting                               110        205                                                                                                                                      

12 rows selected.

SQL> SELECT FIRST_NAME , DEPARTMENT_NAME , DEPARTMENT_ID , E.MANAGER_ID
  2  FROM EMPLOYEES
  3  INNER JOIN DEPARTMENTS USING (DEPARTMENT_ID , MANAGER_ID);
SELECT FIRST_NAME , DEPARTMENT_NAME , DEPARTMENT_ID , E.MANAGER_ID
                                                      *
ERROR at line 1:
ORA-00904: "E"."MANAGER_ID": invalid identifier 


SQL> SELECT FIRST_NAME , DEPARTMENT_NAME , DEPARTMENT_ID , MANAGER_ID
  2  FROM EMPLOYEES E
  3  INNER JOIN DEPARTMENTS USING (DEPARTMENT_ID , MANAGER_ID);

FIRST_NAME DEPARTMENT_NAME                DEPARTMENT_ID MANAGER_ID                                                                                                                                      
---------- ------------------------------ ------------- ----------                                                                                                                                      
Neena      Executive                                 90        100                                                                                                                                      
Lex        Executive                                 90        100                                                                                                                                      
Bruce      IT                                        60        103                                                                                                                                      
Diana      IT                                        60        103                                                                                                                                      
Trenna     Shiping                                   50        124                                                                                                                                      
Curtis     Shiping                                   50        124                                                                                                                                      
Randall    Shiping                                   50        124                                                                                                                                      
Peter      Shiping                                   50        124                                                                                                                                      
Ellen      Sales                                     80        149                                                                                                                                      
Jonathon   Sales                                     80        149                                                                                                                                      
Pat        Marketing                                 20        201                                                                                                                                      
William    Accounting                               110        205                                                                                                                                      

12 rows selected.

SQL> SELECT FIRST_NAME , DEPARTMENT_NAME , DEPARTMENT_ID , E.MANAGER_ID
  2  FROM EMPLOYEES E
  3  INNER JOIN DEPARTMENTS USING (DEPARTMENT_ID , MANAGER_ID);
SELECT FIRST_NAME , DEPARTMENT_NAME , DEPARTMENT_ID , E.MANAGER_ID
                                                      *
ERROR at line 1:
ORA-25154: column part of USING clause cannot have qualifier 


SQL> SELECT FIRST_NAME , DEPARTMENT_NAME , DEPARTMENT_ID , MANAGER_ID
  2  FROM EMPLOYEES E
  3  INNER JOIN DEPARTMENTS D ON E.DEPARTMENT_ID = D.DEPARTMENT_ID;
SELECT FIRST_NAME , DEPARTMENT_NAME , DEPARTMENT_ID , MANAGER_ID
                                                      *
ERROR at line 1:
ORA-00918: column ambiguously defined 


SQL> SELECT FIRST_NAME , DEPARTMENT_NAME , DEPARTMENT_ID , E.MANAGER_ID
  2  FROM EMPLOYEES E
  3  INNER JOIN DEPARTMENTS D ON E.DEPARTMENT_ID = D.DEPARTMENT_ID;
SELECT FIRST_NAME , DEPARTMENT_NAME , DEPARTMENT_ID , E.MANAGER_ID
                                      *
ERROR at line 1:
ORA-00918: column ambiguously defined 


SQL> REM WHEN WE USE INNER.. ON, IT DOESN'T REMOVE DUPLICATION OF COMMON COLUMN FROM THE RESULT SET, SO WE MUST HAVE TO QUALIFY ALL COMMON COLUMNS.
SQL> 
SQL> SELECT FIRST_NAME , DEPARTMENT_NAME , E.DEPARTMENT_ID , D.DEPARTMENT_ID , E.MANAGER_ID EMP_HEAD , D.MANAGER_ID DEPT_HEAD
  2  FROM EMPLOYEES E
  3  INNER JOIN DEPARTMENTS D ON E.DEPARTMENT_ID = D.DEPARTMENT_ID;

FIRST_NAME DEPARTMENT_NAME                DEPARTMENT_ID DEPARTMENT_ID   EMP_HEAD  DEPT_HEAD                                                                                                             
---------- ------------------------------ ------------- ------------- ---------- ----------                                                                                                             
Jennifer   Administration                            10            10        101        200                                                                                                             
Michael    Marketing                                 20            20        100        201                                                                                                             
Pat        Marketing                                 20            20        201        201                                                                                                             
Kevin      Shiping                                   50            50        100        124                                                                                                             
Peter      Shiping                                   50            50        124        124                                                                                                             
Randall    Shiping                                   50            50        124        124                                                                                                             
Curtis     Shiping                                   50            50        124        124                                                                                                             
Trenna     Shiping                                   50            50        124        124                                                                                                             
Diana      IT                                        60            60        103        103                                                                                                             
Bruce      IT                                        60            60        103        103                                                                                                             
Alexander  IT                                        60            60        102        103                                                                                                             
Ellen      Sales                                     80            80        149        149                                                                                                             
Eleni      Sales                                     80            80        100        149                                                                                                             
Jonathon   Sales                                     80            80        149        149                                                                                                             
Lex        Executive                                 90            90        100        100                                                                                                             
Steven     Executive                                 90            90                   100                                                                                                             
Neena      Executive                                 90            90        100        100                                                                                                             
William    Accounting                               110           110        205        205                                                                                                             
Shelley    Accounting                               110           110        101        205                                                                                                             

19 rows selected.

SQL> REM NATURAL JOIN : FIRST_NAME , DEPARTMENT_NAME , DEPARTMENT_ID , MANAGER_ID
SQL> 
SQL> REM INNER JOIN ... USING : FIRST_NAME , DEPARTMENT_NAME , DEPARTMENT_ID AND BOTH MANAGER_IDs
SQL> 
SQL> REM INNER JOIN ... ON : FIRST_NAME , DEPARTMENT_NAME , BOTH DEPARTMENT_IDs AND BOTH MANAGER_IDs
SQL> 
SQL> SELECT FIRST_NAME,DEPARTMENT_NAME,DEPARTMENT_ID,MANAGER_ID FROM EMPLOYEES NATURAL JOIN DEPARTMENTS;

FIRST_NAME DEPARTMENT_NAME                DEPARTMENT_ID MANAGER_ID                                                                                                                                      
---------- ------------------------------ ------------- ----------                                                                                                                                      
Neena      Executive                                 90        100                                                                                                                                      
Lex        Executive                                 90        100                                                                                                                                      
Bruce      IT                                        60        103                                                                                                                                      
Diana      IT                                        60        103                                                                                                                                      
Trenna     Shiping                                   50        124                                                                                                                                      
Curtis     Shiping                                   50        124                                                                                                                                      
Randall    Shiping                                   50        124                                                                                                                                      
Peter      Shiping                                   50        124                                                                                                                                      
Ellen      Sales                                     80        149                                                                                                                                      
Jonathon   Sales                                     80        149                                                                                                                                      
Pat        Marketing                                 20        201                                                                                                                                      
William    Accounting                               110        205                                                                                                                                      

12 rows selected.

SQL> SELECT FIRST_NAME,DEPARTMENT_NAME,DEPARTMENT_ID,E.MANAGER_ID,D.MANAGER_ID FROM EMPLOYEES E INNER JOIN DEPARTMENTS D
  2                                                                                           USING(DEPARTMENT_ID);

FIRST_NAME DEPARTMENT_NAME                DEPARTMENT_ID MANAGER_ID MANAGER_ID                                                                                                                           
---------- ------------------------------ ------------- ---------- ----------                                                                                                                           
Jennifer   Administration                            10        101        200                                                                                                                           
Michael    Marketing                                 20        100        201                                                                                                                           
Pat        Marketing                                 20        201        201                                                                                                                           
Kevin      Shiping                                   50        100        124                                                                                                                           
Peter      Shiping                                   50        124        124                                                                                                                           
Randall    Shiping                                   50        124        124                                                                                                                           
Curtis     Shiping                                   50        124        124                                                                                                                           
Trenna     Shiping                                   50        124        124                                                                                                                           
Diana      IT                                        60        103        103                                                                                                                           
Bruce      IT                                        60        103        103                                                                                                                           
Alexander  IT                                        60        102        103                                                                                                                           
Ellen      Sales                                     80        149        149                                                                                                                           
Eleni      Sales                                     80        100        149                                                                                                                           
Jonathon   Sales                                     80        149        149                                                                                                                           
Lex        Executive                                 90        100        100                                                                                                                           
Steven     Executive                                 90                   100                                                                                                                           
Neena      Executive                                 90        100        100                                                                                                                           
William    Accounting                               110        205        205                                                                                                                           
Shelley    Accounting                               110        101        205                                                                                                                           

19 rows selected.

SQL> SELECT FIRST_NAME,DEPARTMENT_NAME,E.DEPARTMENT_ID,D.DEPARTMENT_ID,E.MANAGER_ID EMP_MAN,D.MANAGER_ID DEP_MAN FROM EMPLOYEES E
  2                                                                                 INNER JOIN DEPARTMENTS D ON(E.DEPARTMENT_ID=D.DEPARTMENT_ID);

FIRST_NAME DEPARTMENT_NAME                DEPARTMENT_ID DEPARTMENT_ID    EMP_MAN    DEP_MAN                                                                                                             
---------- ------------------------------ ------------- ------------- ---------- ----------                                                                                                             
Jennifer   Administration                            10            10        101        200                                                                                                             
Michael    Marketing                                 20            20        100        201                                                                                                             
Pat        Marketing                                 20            20        201        201                                                                                                             
Kevin      Shiping                                   50            50        100        124                                                                                                             
Peter      Shiping                                   50            50        124        124                                                                                                             
Randall    Shiping                                   50            50        124        124                                                                                                             
Curtis     Shiping                                   50            50        124        124                                                                                                             
Trenna     Shiping                                   50            50        124        124                                                                                                             
Diana      IT                                        60            60        103        103                                                                                                             
Bruce      IT                                        60            60        103        103                                                                                                             
Alexander  IT                                        60            60        102        103                                                                                                             
Ellen      Sales                                     80            80        149        149                                                                                                             
Eleni      Sales                                     80            80        100        149                                                                                                             
Jonathon   Sales                                     80            80        149        149                                                                                                             
Lex        Executive                                 90            90        100        100                                                                                                             
Steven     Executive                                 90            90                   100                                                                                                             
Neena      Executive                                 90            90        100        100                                                                                                             
William    Accounting                               110           110        205        205                                                                                                             
Shelley    Accounting                               110           110        101        205                                                                                                             

19 rows selected.

SQL> SELECT FIRST_NAME, DEPARTMENT_NAME, DEPARTMENT_ID, MANAGER_ID FROM EMPLOYEES NATURAL JOIN DEPARTMENTS;

FIRST_NAME DEPARTMENT_NAME                DEPARTMENT_ID MANAGER_ID                                                                                                                                      
---------- ------------------------------ ------------- ----------                                                                                                                                      
Neena      Executive                                 90        100                                                                                                                                      
Lex        Executive                                 90        100                                                                                                                                      
Bruce      IT                                        60        103                                                                                                                                      
Diana      IT                                        60        103                                                                                                                                      
Trenna     Shiping                                   50        124                                                                                                                                      
Curtis     Shiping                                   50        124                                                                                                                                      
Randall    Shiping                                   50        124                                                                                                                                      
Peter      Shiping                                   50        124                                                                                                                                      
Ellen      Sales                                     80        149                                                                                                                                      
Jonathon   Sales                                     80        149                                                                                                                                      
Pat        Marketing                                 20        201                                                                                                                                      
William    Accounting                               110        205                                                                                                                                      

12 rows selected.

SQL> 
SQL> SELECT FIRST_NAME, DEPARTMENT_NAME, DEPARTMENT_ID, EMPLOYEES.MANAGER_ID EMP_HEAD, DEPARTMENTS.MANAGER_ID DEPT_HEAD FROM EMPLOYEES JOIN DEPARTMENTS USING (DEPARTMENT_ID);

FIRST_NAME DEPARTMENT_NAME                DEPARTMENT_ID   EMP_HEAD  DEPT_HEAD                                                                                                                           
---------- ------------------------------ ------------- ---------- ----------                                                                                                                           
Jennifer   Administration                            10        101        200                                                                                                                           
Michael    Marketing                                 20        100        201                                                                                                                           
Pat        Marketing                                 20        201        201                                                                                                                           
Kevin      Shiping                                   50        100        124                                                                                                                           
Peter      Shiping                                   50        124        124                                                                                                                           
Randall    Shiping                                   50        124        124                                                                                                                           
Curtis     Shiping                                   50        124        124                                                                                                                           
Trenna     Shiping                                   50        124        124                                                                                                                           
Diana      IT                                        60        103        103                                                                                                                           
Bruce      IT                                        60        103        103                                                                                                                           
Alexander  IT                                        60        102        103                                                                                                                           
Ellen      Sales                                     80        149        149                                                                                                                           
Eleni      Sales                                     80        100        149                                                                                                                           
Jonathon   Sales                                     80        149        149                                                                                                                           
Lex        Executive                                 90        100        100                                                                                                                           
Steven     Executive                                 90                   100                                                                                                                           
Neena      Executive                                 90        100        100                                                                                                                           
William    Accounting                               110        205        205                                                                                                                           
Shelley    Accounting                               110        101        205                                                                                                                           

19 rows selected.

SQL> 
SQL> SELECT FIRST_NAME, DEPARTMENT_NAME, E.DEPARTMENT_ID, D.DEPARTMENT_ID, E.MANAGER_ID EMP_HEAD, D.MANAGER_ID DEPT_HEAD FROM EMPLOYEES E JOIN DEPARTMENTS D ON E.DEPARTMENT_ID = D.DEPARTMENT_ID;

FIRST_NAME DEPARTMENT_NAME                DEPARTMENT_ID DEPARTMENT_ID   EMP_HEAD  DEPT_HEAD                                                                                                             
---------- ------------------------------ ------------- ------------- ---------- ----------                                                                                                             
Jennifer   Administration                            10            10        101        200                                                                                                             
Michael    Marketing                                 20            20        100        201                                                                                                             
Pat        Marketing                                 20            20        201        201                                                                                                             
Kevin      Shiping                                   50            50        100        124                                                                                                             
Peter      Shiping                                   50            50        124        124                                                                                                             
Randall    Shiping                                   50            50        124        124                                                                                                             
Curtis     Shiping                                   50            50        124        124                                                                                                             
Trenna     Shiping                                   50            50        124        124                                                                                                             
Diana      IT                                        60            60        103        103                                                                                                             
Bruce      IT                                        60            60        103        103                                                                                                             
Alexander  IT                                        60            60        102        103                                                                                                             
Ellen      Sales                                     80            80        149        149                                                                                                             
Eleni      Sales                                     80            80        100        149                                                                                                             
Jonathon   Sales                                     80            80        149        149                                                                                                             
Lex        Executive                                 90            90        100        100                                                                                                             
Steven     Executive                                 90            90                   100                                                                                                             
Neena      Executive                                 90            90        100        100                                                                                                             
William    Accounting                               110           110        205        205                                                                                                             
Shelley    Accounting                               110           110        101        205                                                                                                             

19 rows selected.

SQL> SELECT FIRST_NAME,DEPARTMENT_NAME,DEPARTMENT_ID,MANAGER_ID FROM EMPLOYEES E NATURAL JOIN DEPARTMENTS D;

FIRST_NAME DEPARTMENT_NAME                DEPARTMENT_ID MANAGER_ID                                                                                                                                      
---------- ------------------------------ ------------- ----------                                                                                                                                      
Neena      Executive                                 90        100                                                                                                                                      
Lex        Executive                                 90        100                                                                                                                                      
Bruce      IT                                        60        103                                                                                                                                      
Diana      IT                                        60        103                                                                                                                                      
Trenna     Shiping                                   50        124                                                                                                                                      
Curtis     Shiping                                   50        124                                                                                                                                      
Randall    Shiping                                   50        124                                                                                                                                      
Peter      Shiping                                   50        124                                                                                                                                      
Ellen      Sales                                     80        149                                                                                                                                      
Jonathon   Sales                                     80        149                                                                                                                                      
Pat        Marketing                                 20        201                                                                                                                                      
William    Accounting                               110        205                                                                                                                                      

12 rows selected.

SQL> SELECT FIRST_NAME,DEPARTMENT_NAME,DEPARTMENT_ID,E.MANAGER_ID EMP_HEAD,D.MANAGER_ID DEPT_HEAD FROM EMPLOYEES E INNER JOIN DEPARTMENTS D USING(DEPARTMENT_ID);

FIRST_NAME DEPARTMENT_NAME                DEPARTMENT_ID   EMP_HEAD  DEPT_HEAD                                                                                                                           
---------- ------------------------------ ------------- ---------- ----------                                                                                                                           
Jennifer   Administration                            10        101        200                                                                                                                           
Michael    Marketing                                 20        100        201                                                                                                                           
Pat        Marketing                                 20        201        201                                                                                                                           
Kevin      Shiping                                   50        100        124                                                                                                                           
Peter      Shiping                                   50        124        124                                                                                                                           
Randall    Shiping                                   50        124        124                                                                                                                           
Curtis     Shiping                                   50        124        124                                                                                                                           
Trenna     Shiping                                   50        124        124                                                                                                                           
Diana      IT                                        60        103        103                                                                                                                           
Bruce      IT                                        60        103        103                                                                                                                           
Alexander  IT                                        60        102        103                                                                                                                           
Ellen      Sales                                     80        149        149                                                                                                                           
Eleni      Sales                                     80        100        149                                                                                                                           
Jonathon   Sales                                     80        149        149                                                                                                                           
Lex        Executive                                 90        100        100                                                                                                                           
Steven     Executive                                 90                   100                                                                                                                           
Neena      Executive                                 90        100        100                                                                                                                           
William    Accounting                               110        205        205                                                                                                                           
Shelley    Accounting                               110        101        205                                                                                                                           

19 rows selected.

SQL> SELECT FIRST_NAME,DEPARTMENT_NAME,E.DEPARTMENT_ID EMP_DEPT,D.DEPARTMENT_ID DEP_DEPT,E.MANAGER_ID EMP_HEAD,D.MANAGER_ID DEPT_HEAD FROM EMPLOYEES E INNER JOIN DEPARTMENTS D ON E.DEPARTMENT_ID=D.DEPARTMENT_ID;

FIRST_NAME DEPARTMENT_NAME                  EMP_DEPT   DEP_DEPT   EMP_HEAD  DEPT_HEAD                                                                                                                   
---------- ------------------------------ ---------- ---------- ---------- ----------                                                                                                                   
Jennifer   Administration                         10         10        101        200                                                                                                                   
Michael    Marketing                              20         20        100        201                                                                                                                   
Pat        Marketing                              20         20        201        201                                                                                                                   
Kevin      Shiping                                50         50        100        124                                                                                                                   
Peter      Shiping                                50         50        124        124                                                                                                                   
Randall    Shiping                                50         50        124        124                                                                                                                   
Curtis     Shiping                                50         50        124        124                                                                                                                   
Trenna     Shiping                                50         50        124        124                                                                                                                   
Diana      IT                                     60         60        103        103                                                                                                                   
Bruce      IT                                     60         60        103        103                                                                                                                   
Alexander  IT                                     60         60        102        103                                                                                                                   
Ellen      Sales                                  80         80        149        149                                                                                                                   
Eleni      Sales                                  80         80        100        149                                                                                                                   
Jonathon   Sales                                  80         80        149        149                                                                                                                   
Lex        Executive                              90         90        100        100                                                                                                                   
Steven     Executive                              90         90                   100                                                                                                                   
Neena      Executive                              90         90        100        100                                                                                                                   
William    Accounting                            110        110        205        205                                                                                                                   
Shelley    Accounting                            110        110        101        205                                                                                                                   

19 rows selected.

SQL> SPOOL OFF
