SQL> 
SQL> REM E D L C R
SQL> 
SQL> REM EMPLOYEES    DEPARTMENTS    LOCATIONS    COUNTRIES    REGIONS
SQL> 
SQL> REM       DEPARTMENT_ID  LOCATION_ID  COUNTRY_ID    REGION_ID
SQL> 
SQL> REM        MANAGER_ID : MEANING DIFFERENT
SQL> 
SQL> REM NATURAL JOIN : FROM TABLE1 NATURAL JOIN TABLE2
SQL> 
SQL> REM INNER JOIN SYNTAX 1 : FROM TABLE1 INNER JOIN TABLE2 USING (COMMON COLUMN LIST COMMA SEPARATED)
SQL> 
SQL> REM INNER JOIN SYNTAX 2 : FROM TABLE1 INNER JOIN TABLE2 ON JOIN CONDITION(S)
SQL> 
SQL> 
SQL> SELECT FIRST_NAME , DEPARTMENT_NAME , DEPARTMENT_ID , MANAGER_ID
  2  FROM EMPLOYEES
  3  NATURAL JOIN DEPARTMENTS;

FIRST_NAME DEPARTMENT_NAME                DEPARTMENT_ID MANAGER_ID                                                                                                                                      
---------- ------------------------------ ------------- ----------                                                                                                                                      
Neena      Executive                                 90        100                                                                                                                                      
Lex        Executive                                 90        100                                                                                                                                      
Bruce      IT                                        60        103                                                                                                                                      
Diana      IT                                        60        103                                                                                                                                      
Trenna     Shiping                                   50        124                                                                                                                                      
Curtis     Shiping                                   50        124                                                                                                                                      
Randall    Shiping                                   50        124                                                                                                                                      
Peter      Shiping                                   50        124                                                                                                                                      
Ellen      Sales                                     80        149                                                                                                                                      
Jonathon   Sales                                     80        149                                                                                                                                      
Pat        Marketing                                 20        201                                                                                                                                      
William    Accounting                               110        205                                                                                                                                      

12 rows selected.

SQL> SELECT FIRST_NAME , DEPARTMENT_NAME , DEPARTMENT_ID , MANAGER_ID
  2  FROM EMPLOYEES
  3  INNER JOIN DEPARTMENTS;
INNER JOIN DEPARTMENTS
                     *
ERROR at line 3:
ORA-00905: missing keyword 


SQL> 
SQL> SELECT FIRST_NAME , DEPARTMENT_NAME , DEPARTMENT_ID , MANAGER_ID
  2  FROM EMPLOYEES
  3  INNER JOIN DEPARTMENTS USING (DEPARTMENT_ID , MANAGER_ID);

FIRST_NAME DEPARTMENT_NAME                DEPARTMENT_ID MANAGER_ID                                                                                                                                      
---------- ------------------------------ ------------- ----------                                                                                                                                      
Neena      Executive                                 90        100                                                                                                                                      
Lex        Executive                                 90        100                                                                                                                                      
Bruce      IT                                        60        103                                                                                                                                      
Diana      IT                                        60        103                                                                                                                                      
Trenna     Shiping                                   50        124                                                                                                                                      
Curtis     Shiping                                   50        124                                                                                                                                      
Randall    Shiping                                   50        124                                                                                                                                      
Peter      Shiping                                   50        124                                                                                                                                      
Ellen      Sales                                     80        149                                                                                                                                      
Jonathon   Sales                                     80        149                                                                                                                                      
Pat        Marketing                                 20        201                                                                                                                                      
William    Accounting                               110        205                                                                                                                                      

12 rows selected.

SQL> SELECT FIRST_NAME , DEPARTMENT_NAME , DEPARTMENT_ID , MANAGER_ID
  2  FROM EMPLOYEES
  3  INNER JOIN DEPARTMENTS USING (DEPARTMENT_ID);
SELECT FIRST_NAME , DEPARTMENT_NAME , DEPARTMENT_ID , MANAGER_ID
                                                      *
ERROR at line 1:
ORA-00918: column ambiguously defined 


SQL> REM QUALIFY : 1 TABLENAME.COLUMNNAME 2 TABLEALIAS.COLUMNNAME
SQL> 
SQL> SELECT FIRST_NAME , DEPARTMENT_NAME , DEPARTMENT_ID , EMPLOYEES.MANAGER_ID
  2  FROM EMPLOYEES
  3  INNER JOIN DEPARTMENTS USING (DEPARTMENT_ID);

FIRST_NAME DEPARTMENT_NAME                DEPARTMENT_ID MANAGER_ID                                                                                                                                      
---------- ------------------------------ ------------- ----------                                                                                                                                      
Jennifer   Administration                            10        101                                                                                                                                      
Michael    Marketing                                 20        100                                                                                                                                      
Pat        Marketing                                 20        201                                                                                                                                      
Kevin      Shiping                                   50        100                                                                                                                                      
Peter      Shiping                                   50        124                                                                                                                                      
Randall    Shiping                                   50        124                                                                                                                                      
Curtis     Shiping                                   50        124                                                                                                                                      
Trenna     Shiping                                   50        124                                                                                                                                      
Diana      IT                                        60        103                                                                                                                                      
Bruce      IT                                        60        103                                                                                                                                      
Alexander  IT                                        60        102                                                                                                                                      
Ellen      Sales                                     80        149                                                                                                                                      
Eleni      Sales                                     80        100                                                                                                                                      
Jonathon   Sales                                     80        149                                                                                                                                      
Lex        Executive                                 90        100                                                                                                                                      
Steven     Executive                                 90                                                                                                                                                 
Neena      Executive                                 90        100                                                                                                                                      
William    Accounting                               110        205                                                                                                                                      
Shelley    Accounting                               110        101                                                                                                                                      

19 rows selected.

SQL> SELECT FIRST_NAME , DEPARTMENT_NAME , DEPARTMENT_ID , EMPLOYEES.MANAGER_ID  , DEPARTMENTS.MANAGER_ID
  2  FROM EMPLOYEES
  3  INNER JOIN DEPARTMENTS USING (DEPARTMENT_ID);

FIRST_NAME DEPARTMENT_NAME                DEPARTMENT_ID MANAGER_ID MANAGER_ID                                                                                                                           
---------- ------------------------------ ------------- ---------- ----------                                                                                                                           
Jennifer   Administration                            10        101        200                                                                                                                           
Michael    Marketing                                 20        100        201                                                                                                                           
Pat        Marketing                                 20        201        201                                                                                                                           
Kevin      Shiping                                   50        100        124                                                                                                                           
Peter      Shiping                                   50        124        124                                                                                                                           
Randall    Shiping                                   50        124        124                                                                                                                           
Curtis     Shiping                                   50        124        124                                                                                                                           
Trenna     Shiping                                   50        124        124                                                                                                                           
Diana      IT                                        60        103        103                                                                                                                           
Bruce      IT                                        60        103        103                                                                                                                           
Alexander  IT                                        60        102        103                                                                                                                           
Ellen      Sales                                     80        149        149                                                                                                                           
Eleni      Sales                                     80        100        149                                                                                                                           
Jonathon   Sales                                     80        149        149                                                                                                                           
Lex        Executive                                 90        100        100                                                                                                                           
Steven     Executive                                 90                   100                                                                                                                           
Neena      Executive                                 90        100        100                                                                                                                           
William    Accounting                               110        205        205                                                                                                                           
Shelley    Accounting                               110        101        205                                                                                                                           

19 rows selected.

SQL> SELECT FIRST_NAME , DEPARTMENT_NAME , DEPARTMENT_ID , EMPLOYEES.MANAGER_ID EMP_MANAGER , DEPARTMENTS.MANAGER_ID DEPT_MANAGER
  2  FROM EMPLOYEES
  3  INNER JOIN DEPARTMENTS USING (DEPARTMENT_ID);

FIRST_NAME DEPARTMENT_NAME                DEPARTMENT_ID EMP_MANAGER DEPT_MANAGER                                                                                                                        
---------- ------------------------------ ------------- ----------- ------------                                                                                                                        
Jennifer   Administration                            10         101          200                                                                                                                        
Michael    Marketing                                 20         100          201                                                                                                                        
Pat        Marketing                                 20         201          201                                                                                                                        
Kevin      Shiping                                   50         100          124                                                                                                                        
Peter      Shiping                                   50         124          124                                                                                                                        
Randall    Shiping                                   50         124          124                                                                                                                        
Curtis     Shiping                                   50         124          124                                                                                                                        
Trenna     Shiping                                   50         124          124                                                                                                                        
Diana      IT                                        60         103          103                                                                                                                        
Bruce      IT                                        60         103          103                                                                                                                        
Alexander  IT                                        60         102          103                                                                                                                        
Ellen      Sales                                     80         149          149                                                                                                                        
Eleni      Sales                                     80         100          149                                                                                                                        
Jonathon   Sales                                     80         149          149                                                                                                                        
Lex        Executive                                 90         100          100                                                                                                                        
Steven     Executive                                 90                      100                                                                                                                        
Neena      Executive                                 90         100          100                                                                                                                        
William    Accounting                               110         205          205                                                                                                                        
Shelley    Accounting                               110         101          205                                                                                                                        

19 rows selected.

SQL> SELECT FIRST_NAME , DEPARTMENT_NAME , DEPARTMENT_ID , E.MANAGER_ID  , D.MANAGER_ID
  2  FROM EMPLOYEES E
  3  INNER JOIN DEPARTMENTS D USING (DEPARTMENT_ID);

FIRST_NAME DEPARTMENT_NAME                DEPARTMENT_ID MANAGER_ID MANAGER_ID                                                                                                                           
---------- ------------------------------ ------------- ---------- ----------                                                                                                                           
Jennifer   Administration                            10        101        200                                                                                                                           
Michael    Marketing                                 20        100        201                                                                                                                           
Pat        Marketing                                 20        201        201                                                                                                                           
Kevin      Shiping                                   50        100        124                                                                                                                           
Peter      Shiping                                   50        124        124                                                                                                                           
Randall    Shiping                                   50        124        124                                                                                                                           
Curtis     Shiping                                   50        124        124                                                                                                                           
Trenna     Shiping                                   50        124        124                                                                                                                           
Diana      IT                                        60        103        103                                                                                                                           
Bruce      IT                                        60        103        103                                                                                                                           
Alexander  IT                                        60        102        103                                                                                                                           
Ellen      Sales                                     80        149        149                                                                                                                           
Eleni      Sales                                     80        100        149                                                                                                                           
Jonathon   Sales                                     80        149        149                                                                                                                           
Lex        Executive                                 90        100        100                                                                                                                           
Steven     Executive                                 90                   100                                                                                                                           
Neena      Executive                                 90        100        100                                                                                                                           
William    Accounting                               110        205        205                                                                                                                           
Shelley    Accounting                               110        101        205                                                                                                                           

19 rows selected.

SQL> REM 1 COMMON COLUMN WHICH IS PART OF USING, CAN'T BE QUALIFIED.
SQL> 
SQL> REM 2 COMMON COLUMN WHICH IS NOT PART OF USING, MUST BE QUALIFIED.
SQL> 
SQL> REM 3 UNCOMMON COLUMN CAN BE OPTIONALLY QUALIFIED.
SQL> 
SQL> REM LAST_NAME DEPARTMENT_NAME DEPARTMENT_ID MANAGER_ID
SQL> 
SQL> REM 1 NATURAL 2 INNER USING (2 STYLES)
SQL> 
SQL> SELECT LAST_NAME DEPARTMENT_NAME DEPARTMENT_ID MANAGER_ID
  2  FROM EMPLOYEES
  3  NATURAL JOIN DEPARTMENTS
  4  
SQL> 
SQL> SELECT LAST_NAME ,DEPARTMENT_NAME ,DEPARTMENT_ID ,MANAGER_ID
  2  FROM EMPLOYEES
  3  NATURAL JOIN DEPARTMENTS;

LAST_NAME  DEPARTMENT_NAME                DEPARTMENT_ID MANAGER_ID                                                                                                                                      
---------- ------------------------------ ------------- ----------                                                                                                                                      
Kochhar    Executive                                 90        100                                                                                                                                      
De Haan    Executive                                 90        100                                                                                                                                      
Ernst      IT                                        60        103                                                                                                                                      
Lorentz    IT                                        60        103                                                                                                                                      
Rajs       Shiping                                   50        124                                                                                                                                      
Davies     Shiping                                   50        124                                                                                                                                      
Matos      Shiping                                   50        124                                                                                                                                      
Vargas     Shiping                                   50        124                                                                                                                                      
Abel       Sales                                     80        149                                                                                                                                      
Taylor     Sales                                     80        149                                                                                                                                      
Fay        Marketing                                 20        201                                                                                                                                      
Gietz      Accounting                               110        205                                                                                                                                      

12 rows selected.

SQL> SELECT LAST_NAME ,DEPARTMENT_NAME ,DEPARTMENT_ID ,MANAGER_ID
  2  FROM EMPLOYEES
  3  INNER JOIN DEPARTMENTS USING (DEPARTMENT_ID);
SELECT LAST_NAME ,DEPARTMENT_NAME ,DEPARTMENT_ID ,MANAGER_ID
                                                  *
ERROR at line 1:
ORA-00918: column ambiguously defined 


SQL> SELECT LAST_NAME ,DEPARTMENT_NAME ,DEPARTMENT_ID , EMPLOYEES.MANAGER_ID EMP_MGR , DEPARTMENTS.MANAGER_ID DEPT_MGR
  2  FROM EMPLOYEES
  3  INNER JOIN DEPARTMENTS USING (DEPARTMENT_ID);

LAST_NAME  DEPARTMENT_NAME                DEPARTMENT_ID    EMP_MGR   DEPT_MGR                                                                                                                           
---------- ------------------------------ ------------- ---------- ----------                                                                                                                           
Whalen     Administration                            10        101        200                                                                                                                           
Hartstein  Marketing                                 20        100        201                                                                                                                           
Fay        Marketing                                 20        201        201                                                                                                                           
Mourgos    Shiping                                   50        100        124                                                                                                                           
Vargas     Shiping                                   50        124        124                                                                                                                           
Matos      Shiping                                   50        124        124                                                                                                                           
Davies     Shiping                                   50        124        124                                                                                                                           
Rajs       Shiping                                   50        124        124                                                                                                                           
Lorentz    IT                                        60        103        103                                                                                                                           
Ernst      IT                                        60        103        103                                                                                                                           
Hunold     IT                                        60        102        103                                                                                                                           
Abel       Sales                                     80        149        149                                                                                                                           
Zlotkey    Sales                                     80        100        149                                                                                                                           
Taylor     Sales                                     80        149        149                                                                                                                           
De Haan    Executive                                 90        100        100                                                                                                                           
King       Executive                                 90                   100                                                                                                                           
Kochhar    Executive                                 90        100        100                                                                                                                           
Gietz      Accounting                               110        205        205                                                                                                                           
Higgins    Accounting                               110        101        205                                                                                                                           

19 rows selected.

SQL> SELECT LAST_NAME ,DEPARTMENT_NAME ,DEPARTMENT_ID , E.MANAGER_ID EMP_MGR , D.MANAGER_ID DEPT_MGR
  2  FROM EMPLOYEES E
  3  INNER JOIN DEPARTMENTS E USING (DEPARTMENT_ID);
SELECT LAST_NAME ,DEPARTMENT_NAME ,DEPARTMENT_ID , E.MANAGER_ID EMP_MGR , D.MANAGER_ID DEPT_MGR
                                                                          *
ERROR at line 1:
ORA-00904: "D"."MANAGER_ID": invalid identifier 


SQL> SELECT LAST_NAME ,DEPARTMENT_NAME ,DEPARTMENT_ID , E.MANAGER_ID EMP_MGR , D.MANAGER_ID DEPT_MGR
  2  FROM EMPLOYEES E
  3  INNER JOIN DEPARTMENTS D USING (DEPARTMENT_ID);

LAST_NAME  DEPARTMENT_NAME                DEPARTMENT_ID    EMP_MGR   DEPT_MGR                                                                                                                           
---------- ------------------------------ ------------- ---------- ----------                                                                                                                           
Whalen     Administration                            10        101        200                                                                                                                           
Hartstein  Marketing                                 20        100        201                                                                                                                           
Fay        Marketing                                 20        201        201                                                                                                                           
Mourgos    Shiping                                   50        100        124                                                                                                                           
Vargas     Shiping                                   50        124        124                                                                                                                           
Matos      Shiping                                   50        124        124                                                                                                                           
Davies     Shiping                                   50        124        124                                                                                                                           
Rajs       Shiping                                   50        124        124                                                                                                                           
Lorentz    IT                                        60        103        103                                                                                                                           
Ernst      IT                                        60        103        103                                                                                                                           
Hunold     IT                                        60        102        103                                                                                                                           
Abel       Sales                                     80        149        149                                                                                                                           
Zlotkey    Sales                                     80        100        149                                                                                                                           
Taylor     Sales                                     80        149        149                                                                                                                           
De Haan    Executive                                 90        100        100                                                                                                                           
King       Executive                                 90                   100                                                                                                                           
Kochhar    Executive                                 90        100        100                                                                                                                           
Gietz      Accounting                               110        205        205                                                                                                                           
Higgins    Accounting                               110        101        205                                                                                                                           

19 rows selected.

SQL> REM SYNTAX 2 OF INNER JOIN : FROM TABLE1 INNER JOIN TABLE2 ON JOIN CONDITION(S)
SQL> 
SQL> REM 1 NATURAL 2 INNER USING 3 INNER ON
SQL> 
SQL> SELECT * FROM DEPARTMENTS;

DEPARTMENT_ID DEPARTMENT_NAME                MANAGER_ID LOCATION_ID                                                                                                                                     
------------- ------------------------------ ---------- -----------                                                                                                                                     
           10 Administration                        200        1700                                                                                                                                     
           20 Marketing                             201        1800                                                                                                                                     
           50 Shiping                               124        1500                                                                                                                                     
           60 IT                                    103        1400                                                                                                                                     
           80 Sales                                 149        2500                                                                                                                                     
           90 Executive                             100        1700                                                                                                                                     
          110 Accounting                            205        1700                                                                                                                                     
          190 Contracting                                      1700                                                                                                                                     

8 rows selected.

SQL> SELECT * FROM LOCATIONS;

LOCATION_ID STREET_ADRESS                            POSTAL_CODE  CITY                           STATE_PROVINCE            CO                                                                           
----------- ---------------------------------------- ------------ ------------------------------ ------------------------- --                                                                           
       1400 2014 Jabberwocky Rd                      26192        Southlake                      Texas                     US                                                                           
       1500 2011 Interiors Blvd                      99236        South San Francisco            California                US                                                                           
       1700 2004 Charade Rd                          98199        Seattle                        Washington                US                                                                           
       1800 460 Bloor St. W.                         ON M5S 1X8   Toronto                        Ontario                   CA                                                                           
       2500 Magdalen Centre, The Oxford Science Park OX9 9ZB      Oxford                         Oxford                    UK                                                                           

SQL> REM DEPARTMENT_NAME , CITY
SQL> 
SQL> SELECT DEPARTMENT_NAME , CITY
  2  FROM DEPARTMENTS
  3  NATURAL JOIN LOCATIONS;

DEPARTMENT_NAME                CITY                                                                                                                                                                     
------------------------------ ------------------------------                                                                                                                                           
Administration                 Seattle                                                                                                                                                                  
Marketing                      Toronto                                                                                                                                                                  
Shiping                        South San Francisco                                                                                                                                                      
IT                             Southlake                                                                                                                                                                
Sales                          Oxford                                                                                                                                                                   
Executive                      Seattle                                                                                                                                                                  
Accounting                     Seattle                                                                                                                                                                  
Contracting                    Seattle                                                                                                                                                                  

8 rows selected.

SQL> SELECT DEPARTMENT_NAME , CITY
  2  FROM DEPARTMENTS
  3  INNER JOIN LOCATIONS USING (LOCATION_ID);

DEPARTMENT_NAME                CITY                                                                                                                                                                     
------------------------------ ------------------------------                                                                                                                                           
Administration                 Seattle                                                                                                                                                                  
Marketing                      Toronto                                                                                                                                                                  
Shiping                        South San Francisco                                                                                                                                                      
IT                             Southlake                                                                                                                                                                
Sales                          Oxford                                                                                                                                                                   
Executive                      Seattle                                                                                                                                                                  
Accounting                     Seattle                                                                                                                                                                  
Contracting                    Seattle                                                                                                                                                                  

8 rows selected.

SQL> SELECT DEPARTMENT_NAME , CITY
  2  FROM DEPARTMENTS
  3  INNER JOIN LOCATIONS ON LOCATION_ID = LOCATION_ID;
INNER JOIN LOCATIONS ON LOCATION_ID = LOCATION_ID
                                      *
ERROR at line 3:
ORA-00918: column ambiguously defined 


SQL> SELECT DEPARTMENT_NAME , CITY
  2  FROM DEPARTMENTS
  3  INNER JOIN LOCATIONS ON DEPARTMENTS.LOCATION_ID = LOCATIONS.LOCATION_ID;

DEPARTMENT_NAME                CITY                                                                                                                                                                     
------------------------------ ------------------------------                                                                                                                                           
Administration                 Seattle                                                                                                                                                                  
Marketing                      Toronto                                                                                                                                                                  
Shiping                        South San Francisco                                                                                                                                                      
IT                             Southlake                                                                                                                                                                
Sales                          Oxford                                                                                                                                                                   
Executive                      Seattle                                                                                                                                                                  
Accounting                     Seattle                                                                                                                                                                  
Contracting                    Seattle                                                                                                                                                                  

8 rows selected.

SQL> SELECT * FROM LOCATIONS;

LOCATION_ID STREET_ADRESS                            POSTAL_CODE  CITY                           STATE_PROVINCE            CO                                                                           
----------- ---------------------------------------- ------------ ------------------------------ ------------------------- --                                                                           
       1400 2014 Jabberwocky Rd                      26192        Southlake                      Texas                     US                                                                           
       1500 2011 Interiors Blvd                      99236        South San Francisco            California                US                                                                           
       1700 2004 Charade Rd                          98199        Seattle                        Washington                US                                                                           
       1800 460 Bloor St. W.                         ON M5S 1X8   Toronto                        Ontario                   CA                                                                           
       2500 Magdalen Centre, The Oxford Science Park OX9 9ZB      Oxford                         Oxford                    UK                                                                           

SQL> SELECT * FROM COUNTRIES;

CO COUNTRY_NAME                              REGION_ID                                                                                                                                                  
-- ---------------------------------------- ----------                                                                                                                                                  
CA Canada                                            2                                                                                                                                                  
DE Germany                                           1                                                                                                                                                  
UK United Kingdom                                    1                                                                                                                                                  
US United States of America                          2                                                                                                                                                  

SQL> REM CITY , COUNTRY_NAME
SQL> 
SQL> REM 1 NATURAL JOIN 2 INNER USING 3 INNER ON
SQL> 
SQL> SELECT CITY , COUNTRY_NAME
  2  FROM LOCATIONS
  3  NATURAL JOIN COUNTRIES;

CITY                           COUNTRY_NAME                                                                                                                                                             
------------------------------ ----------------------------------------                                                                                                                                 
Southlake                      United States of America                                                                                                                                                 
South San Francisco            United States of America                                                                                                                                                 
Seattle                        United States of America                                                                                                                                                 
Toronto                        Canada                                                                                                                                                                   
Oxford                         United Kingdom                                                                                                                                                           

SQL> SELECT CITY , COUNTRY_NAME
  2  FROM LOCATIONS
  3  INNER JOIN COUNTRIES USING (COUNTRY_ID);

CITY                           COUNTRY_NAME                                                                                                                                                             
------------------------------ ----------------------------------------                                                                                                                                 
Southlake                      United States of America                                                                                                                                                 
South San Francisco            United States of America                                                                                                                                                 
Seattle                        United States of America                                                                                                                                                 
Toronto                        Canada                                                                                                                                                                   
Oxford                         United Kingdom                                                                                                                                                           

SQL> SELECT CITY , COUNTRY_NAME
  2  FROM LOCATIONS
  3  INNER JOIN COUNTRIES ON LOCATIONS.COUNTRY_ID = COUNTRIES.COUNTRY_ID;

CITY                           COUNTRY_NAME                                                                                                                                                             
------------------------------ ----------------------------------------                                                                                                                                 
Southlake                      United States of America                                                                                                                                                 
South San Francisco            United States of America                                                                                                                                                 
Seattle                        United States of America                                                                                                                                                 
Toronto                        Canada                                                                                                                                                                   
Oxford                         United Kingdom                                                                                                                                                           

SQL> SELECT CITY , COUNTRY_NAME
  2  FROM LOCATIONS L
  3  INNER JOIN COUNTRIES C ON L.COUNTRY_ID = C.COUNTRY_ID;

CITY                           COUNTRY_NAME                                                                                                                                                             
------------------------------ ----------------------------------------                                                                                                                                 
Southlake                      United States of America                                                                                                                                                 
South San Francisco            United States of America                                                                                                                                                 
Seattle                        United States of America                                                                                                                                                 
Toronto                        Canada                                                                                                                                                                   
Oxford                         United Kingdom                                                                                                                                                           

SQL> SELECT * FROM DEPARTMENTS;

DEPARTMENT_ID DEPARTMENT_NAME                MANAGER_ID LOCATION_ID                                                                                                                                     
------------- ------------------------------ ---------- -----------                                                                                                                                     
           10 Administration                        200        1700                                                                                                                                     
           20 Marketing                             201        1800                                                                                                                                     
           50 Shiping                               124        1500                                                                                                                                     
           60 IT                                    103        1400                                                                                                                                     
           80 Sales                                 149        2500                                                                                                                                     
           90 Executive                             100        1700                                                                                                                                     
          110 Accounting                            205        1700                                                                                                                                     
          190 Contracting                                      1700                                                                                                                                     

8 rows selected.

SQL> SELECT * FROM LOCATIONS;

LOCATION_ID STREET_ADRESS                            POSTAL_CODE  CITY                           STATE_PROVINCE            CO                                                                           
----------- ---------------------------------------- ------------ ------------------------------ ------------------------- --                                                                           
       1400 2014 Jabberwocky Rd                      26192        Southlake                      Texas                     US                                                                           
       1500 2011 Interiors Blvd                      99236        South San Francisco            California                US                                                                           
       1700 2004 Charade Rd                          98199        Seattle                        Washington                US                                                                           
       1800 460 Bloor St. W.                         ON M5S 1X8   Toronto                        Ontario                   CA                                                                           
       2500 Magdalen Centre, The Oxford Science Park OX9 9ZB      Oxford                         Oxford                    UK                                                                           

SQL> SELECT * FROM COUNTRIES;

CO COUNTRY_NAME                              REGION_ID                                                                                                                                                  
-- ---------------------------------------- ----------                                                                                                                                                  
CA Canada                                            2                                                                                                                                                  
DE Germany                                           1                                                                                                                                                  
UK United Kingdom                                    1                                                                                                                                                  
US United States of America                          2                                                                                                                                                  

SQL> REM DEPARTMENT_NAME , CITY , COUNTRY_NAME
SQL> 
SQL> SELECT DEPARTMENT_NAME , CITY , COUNTRY_NAME
  2  FROM DEPARTMENTS
  3  NATURAL JOIN LOCATIONS
  4  NATURAL JOIN COUNTRIES;

DEPARTMENT_NAME                CITY                           COUNTRY_NAME                                                                                                                              
------------------------------ ------------------------------ ----------------------------------------                                                                                                  
Administration                 Seattle                        United States of America                                                                                                                  
Marketing                      Toronto                        Canada                                                                                                                                    
Shiping                        South San Francisco            United States of America                                                                                                                  
IT                             Southlake                      United States of America                                                                                                                  
Sales                          Oxford                         United Kingdom                                                                                                                            
Executive                      Seattle                        United States of America                                                                                                                  
Accounting                     Seattle                        United States of America                                                                                                                  
Contracting                    Seattle                        United States of America                                                                                                                  

8 rows selected.

SQL> SELECT DEPARTMENT_NAME , CITY , COUNTRY_NAME
  2  FROM DEPARTMENTS
  3  INNER JOIN LOCATIONS USING (LOCATION_ID)
  4  INNER JOIN COUNTRIES USING (COUNTRY_ID);

DEPARTMENT_NAME                CITY                           COUNTRY_NAME                                                                                                                              
------------------------------ ------------------------------ ----------------------------------------                                                                                                  
Administration                 Seattle                        United States of America                                                                                                                  
Marketing                      Toronto                        Canada                                                                                                                                    
Shiping                        South San Francisco            United States of America                                                                                                                  
IT                             Southlake                      United States of America                                                                                                                  
Sales                          Oxford                         United Kingdom                                                                                                                            
Executive                      Seattle                        United States of America                                                                                                                  
Accounting                     Seattle                        United States of America                                                                                                                  
Contracting                    Seattle                        United States of America                                                                                                                  

8 rows selected.

SQL> SELECT DEPARTMENT_NAME , CITY , COUNTRY_NAME
  2  FROM DEPARTMENTS
  3  INNER JOIN LOCATIONS ON DEPARTMENTS.LOCATION_ID = LOCATIONS.LOCATION_ID
  4  INNER JOIN COUNTRIES ON LOCATIONS.COUNTRY_ID = COUNTRIES.COUNTRY_ID;

DEPARTMENT_NAME                CITY                           COUNTRY_NAME                                                                                                                              
------------------------------ ------------------------------ ----------------------------------------                                                                                                  
Administration                 Seattle                        United States of America                                                                                                                  
Marketing                      Toronto                        Canada                                                                                                                                    
Shiping                        South San Francisco            United States of America                                                                                                                  
IT                             Southlake                      United States of America                                                                                                                  
Sales                          Oxford                         United Kingdom                                                                                                                            
Executive                      Seattle                        United States of America                                                                                                                  
Accounting                     Seattle                        United States of America                                                                                                                  
Contracting                    Seattle                        United States of America                                                                                                                  

8 rows selected.

SQL> SELECT DEPARTMENT_NAME , CITY , COUNTRY_NAME
  2  FROM DEPARTMENTS D
  3  INNER JOIN LOCATIONS L ON D.LOCATION_ID = L.LOCATION_ID
  4  INNER JOIN COUNTRIES C ON L.COUNTRY_ID = C.COUNTRY_ID;

DEPARTMENT_NAME                CITY                           COUNTRY_NAME                                                                                                                              
------------------------------ ------------------------------ ----------------------------------------                                                                                                  
Administration                 Seattle                        United States of America                                                                                                                  
Marketing                      Toronto                        Canada                                                                                                                                    
Shiping                        South San Francisco            United States of America                                                                                                                  
IT                             Southlake                      United States of America                                                                                                                  
Sales                          Oxford                         United Kingdom                                                                                                                            
Executive                      Seattle                        United States of America                                                                                                                  
Accounting                     Seattle                        United States of America                                                                                                                  
Contracting                    Seattle                        United States of America                                                                                                                  

8 rows selected.

SQL> SELECT DEPARTMENT_NAME , CITY , COUNTRY_NAME
  2  FROM DEPARTMENTS D
  3  INNER JOIN LOCATIONS L USING (LOCATION_ID)
  4  INNER JOIN COUNTRIES C ON L.COUNTRY_ID = C.COUNTRY_ID;

DEPARTMENT_NAME                CITY                           COUNTRY_NAME                                                                                                                              
------------------------------ ------------------------------ ----------------------------------------                                                                                                  
Administration                 Seattle                        United States of America                                                                                                                  
Marketing                      Toronto                        Canada                                                                                                                                    
Shiping                        South San Francisco            United States of America                                                                                                                  
IT                             Southlake                      United States of America                                                                                                                  
Sales                          Oxford                         United Kingdom                                                                                                                            
Executive                      Seattle                        United States of America                                                                                                                  
Accounting                     Seattle                        United States of America                                                                                                                  
Contracting                    Seattle                        United States of America                                                                                                                  

8 rows selected.

SQL> SELECT DEPARTMENT_NAME , CITY , COUNTRY_NAME
  2  FROM DEPARTMENTS D
  3  NATURAL JOIN LOCATIONS L
  4  INNER JOIN COUNTRIES C ON L.COUNTRY_ID = C.COUNTRY_ID;

DEPARTMENT_NAME                CITY                           COUNTRY_NAME                                                                                                                              
------------------------------ ------------------------------ ----------------------------------------                                                                                                  
Administration                 Seattle                        United States of America                                                                                                                  
Marketing                      Toronto                        Canada                                                                                                                                    
Shiping                        South San Francisco            United States of America                                                                                                                  
IT                             Southlake                      United States of America                                                                                                                  
Sales                          Oxford                         United Kingdom                                                                                                                            
Executive                      Seattle                        United States of America                                                                                                                  
Accounting                     Seattle                        United States of America                                                                                                                  
Contracting                    Seattle                        United States of America                                                                                                                  

8 rows selected.

SQL> SELECT DEPARTMENT_NAME , CITY , COUNTRY_NAME
  2  FROM DEPARTMENTS D
  3  INNER JOIN LOCATIONS L ON D.LOCATION_ID = L.LOCATION_ID
  4  NATURAL JOIN COUNTRIES;

DEPARTMENT_NAME                CITY                           COUNTRY_NAME                                                                                                                              
------------------------------ ------------------------------ ----------------------------------------                                                                                                  
Administration                 Seattle                        Canada                                                                                                                                    
Administration                 Seattle                        Germany                                                                                                                                   
Administration                 Seattle                        United Kingdom                                                                                                                            
Administration                 Seattle                        United States of America                                                                                                                  
Marketing                      Toronto                        Canada                                                                                                                                    
Marketing                      Toronto                        Germany                                                                                                                                   
Marketing                      Toronto                        United Kingdom                                                                                                                            
Marketing                      Toronto                        United States of America                                                                                                                  
Shiping                        South San Francisco            Canada                                                                                                                                    
Shiping                        South San Francisco            Germany                                                                                                                                   
Shiping                        South San Francisco            United Kingdom                                                                                                                            
Shiping                        South San Francisco            United States of America                                                                                                                  
IT                             Southlake                      Canada                                                                                                                                    
IT                             Southlake                      Germany                                                                                                                                   
IT                             Southlake                      United Kingdom                                                                                                                            
IT                             Southlake                      United States of America                                                                                                                  
Sales                          Oxford                         Canada                                                                                                                                    
Sales                          Oxford                         Germany                                                                                                                                   
Sales                          Oxford                         United Kingdom                                                                                                                            
Sales                          Oxford                         United States of America                                                                                                                  
Executive                      Seattle                        Canada                                                                                                                                    

DEPARTMENT_NAME                CITY                           COUNTRY_NAME                                                                                                                              
------------------------------ ------------------------------ ----------------------------------------                                                                                                  
Executive                      Seattle                        Germany                                                                                                                                   
Executive                      Seattle                        United Kingdom                                                                                                                            
Executive                      Seattle                        United States of America                                                                                                                  
Accounting                     Seattle                        Canada                                                                                                                                    
Accounting                     Seattle                        Germany                                                                                                                                   
Accounting                     Seattle                        United Kingdom                                                                                                                            
Accounting                     Seattle                        United States of America                                                                                                                  
Contracting                    Seattle                        Canada                                                                                                                                    
Contracting                    Seattle                        Germany                                                                                                                                   
Contracting                    Seattle                        United Kingdom                                                                                                                            
Contracting                    Seattle                        United States of America                                                                                                                  

32 rows selected.

SQL> SELECT DEPARTMENT_NAME , CITY , COUNTRY_NAME , COUNTRY_ID
  2  FROM DEPARTMENTS D
  3  INNER JOIN LOCATIONS L ON D.LOCATION_ID = L.LOCATION_ID
  4  NATURAL JOIN COUNTRIES;

DEPARTMENT_NAME                CITY                           COUNTRY_NAME                             CO                                                                                               
------------------------------ ------------------------------ ---------------------------------------- --                                                                                               
Administration                 Seattle                        United States of America                 US                                                                                               
Marketing                      Toronto                        Canada                                   CA                                                                                               
Shiping                        South San Francisco            United States of America                 US                                                                                               
IT                             Southlake                      United States of America                 US                                                                                               
Sales                          Oxford                         United Kingdom                           UK                                                                                               
Executive                      Seattle                        United States of America                 US                                                                                               
Accounting                     Seattle                        United States of America                 US                                                                                               
Contracting                    Seattle                        United States of America                 US                                                                                               

8 rows selected.

SQL> SPOOL OFF
