SQL> 
SQL> CL SCR

SQL> REM * , PROJECTION , ARITHMETIC OPERATORS , CONCATENATION OPERATOR , ALIAS
SQL> 
SQL> SELECT FIRST_NAME , SALARY , SALARY * 12 FROM EMPLOYEES;

FIRST_NAME     SALARY  SALARY*12                                                                                                                                                                        
---------- ---------- ----------                                                                                                                                                                        
Steven          24000     288000                                                                                                                                                                        
Neena           17000     204000                                                                                                                                                                        
Lex             17000     204000                                                                                                                                                                        
Alexander        9000     108000                                                                                                                                                                        
Bruce            6000      72000                                                                                                                                                                        
Diana            4200      50400                                                                                                                                                                        
Kevin            5800      69600                                                                                                                                                                        
Trenna           3500      42000                                                                                                                                                                        
Curtis           3100      37200                                                                                                                                                                        
Randall          2600      31200                                                                                                                                                                        
Peter            2500      30000                                                                                                                                                                        
Eleni           10500     126000                                                                                                                                                                        
Ellen           11000     132000                                                                                                                                                                        
Jonathon         8600     103200                                                                                                                                                                        
Kimerely         7000      84000                                                                                                                                                                        
Jennifer         4400      52800                                                                                                                                                                        
Michael         13000     156000                                                                                                                                                                        
Pat              6000      72000                                                                                                                                                                        
Shelley         12000     144000                                                                                                                                                                        
William          8300      99600                                                                                                                                                                        

20 rows selected.

SQL> SELECT FIRST_NAME , SALARY , SALARY * 12 YEARLY_SALARY FROM EMPLOYEES;

FIRST_NAME     SALARY YEARLY_SALARY                                                                                                                                                                     
---------- ---------- -------------                                                                                                                                                                     
Steven          24000        288000                                                                                                                                                                     
Neena           17000        204000                                                                                                                                                                     
Lex             17000        204000                                                                                                                                                                     
Alexander        9000        108000                                                                                                                                                                     
Bruce            6000         72000                                                                                                                                                                     
Diana            4200         50400                                                                                                                                                                     
Kevin            5800         69600                                                                                                                                                                     
Trenna           3500         42000                                                                                                                                                                     
Curtis           3100         37200                                                                                                                                                                     
Randall          2600         31200                                                                                                                                                                     
Peter            2500         30000                                                                                                                                                                     
Eleni           10500        126000                                                                                                                                                                     
Ellen           11000        132000                                                                                                                                                                     
Jonathon         8600        103200                                                                                                                                                                     
Kimerely         7000         84000                                                                                                                                                                     
Jennifer         4400         52800                                                                                                                                                                     
Michael         13000        156000                                                                                                                                                                     
Pat              6000         72000                                                                                                                                                                     
Shelley         12000        144000                                                                                                                                                                     
William          8300         99600                                                                                                                                                                     

20 rows selected.

SQL> SELECT FIRST_NAME , SALARY , SALARY * 12 YEARLY_#$SALARY FROM EMPLOYEES;

FIRST_NAME     SALARY YEARLY_#$SALARY                                                                                                                                                                   
---------- ---------- ---------------                                                                                                                                                                   
Steven          24000          288000                                                                                                                                                                   
Neena           17000          204000                                                                                                                                                                   
Lex             17000          204000                                                                                                                                                                   
Alexander        9000          108000                                                                                                                                                                   
Bruce            6000           72000                                                                                                                                                                   
Diana            4200           50400                                                                                                                                                                   
Kevin            5800           69600                                                                                                                                                                   
Trenna           3500           42000                                                                                                                                                                   
Curtis           3100           37200                                                                                                                                                                   
Randall          2600           31200                                                                                                                                                                   
Peter            2500           30000                                                                                                                                                                   
Eleni           10500          126000                                                                                                                                                                   
Ellen           11000          132000                                                                                                                                                                   
Jonathon         8600          103200                                                                                                                                                                   
Kimerely         7000           84000                                                                                                                                                                   
Jennifer         4400           52800                                                                                                                                                                   
Michael         13000          156000                                                                                                                                                                   
Pat              6000           72000                                                                                                                                                                   
Shelley         12000          144000                                                                                                                                                                   
William          8300           99600                                                                                                                                                                   

20 rows selected.

SQL> SELECT FIRST_NAME , SALARY , SALARY * 12 YEARLY_#$SALARY FROM EMPLOYEES;

FIRST_NAME     SALARY YEARLY_#$SALARY                                                                                                                                                                   
---------- ---------- ---------------                                                                                                                                                                   
Steven          24000          288000                                                                                                                                                                   
Neena           17000          204000                                                                                                                                                                   
Lex             17000          204000                                                                                                                                                                   
Alexander        9000          108000                                                                                                                                                                   
Bruce            6000           72000                                                                                                                                                                   
Diana            4200           50400                                                                                                                                                                   
Kevin            5800           69600                                                                                                                                                                   
Trenna           3500           42000                                                                                                                                                                   
Curtis           3100           37200                                                                                                                                                                   
Randall          2600           31200                                                                                                                                                                   
Peter            2500           30000                                                                                                                                                                   
Eleni           10500          126000                                                                                                                                                                   
Ellen           11000          132000                                                                                                                                                                   
Jonathon         8600          103200                                                                                                                                                                   
Kimerely         7000           84000                                                                                                                                                                   
Jennifer         4400           52800                                                                                                                                                                   
Michael         13000          156000                                                                                                                                                                   
Pat              6000           72000                                                                                                                                                                   
Shelley         12000          144000                                                                                                                                                                   
William          8300           99600                                                                                                                                                                   

20 rows selected.

SQL> SELECT FIRST_NAME , SALARY , SALARY * 12 YEARLY_#$^SALARY FROM EMPLOYEES;
SELECT FIRST_NAME , SALARY , SALARY * 12 YEARLY_#$^SALARY FROM EMPLOYEES
                                                  *
ERROR at line 1:
ORA-00923: FROM keyword not found where expected 


SQL> SELECT FIRST_NAME , SALARY , SALARY * 12 "YEARLY_#$^SALARY" FROM EMPLOYEES;

FIRST_NAME     SALARY YEARLY_#$^SALARY                                                                                                                                                                  
---------- ---------- ----------------                                                                                                                                                                  
Steven          24000           288000                                                                                                                                                                  
Neena           17000           204000                                                                                                                                                                  
Lex             17000           204000                                                                                                                                                                  
Alexander        9000           108000                                                                                                                                                                  
Bruce            6000            72000                                                                                                                                                                  
Diana            4200            50400                                                                                                                                                                  
Kevin            5800            69600                                                                                                                                                                  
Trenna           3500            42000                                                                                                                                                                  
Curtis           3100            37200                                                                                                                                                                  
Randall          2600            31200                                                                                                                                                                  
Peter            2500            30000                                                                                                                                                                  
Eleni           10500           126000                                                                                                                                                                  
Ellen           11000           132000                                                                                                                                                                  
Jonathon         8600           103200                                                                                                                                                                  
Kimerely         7000            84000                                                                                                                                                                  
Jennifer         4400            52800                                                                                                                                                                  
Michael         13000           156000                                                                                                                                                                  
Pat              6000            72000                                                                                                                                                                  
Shelley         12000           144000                                                                                                                                                                  
William          8300            99600                                                                                                                                                                  

20 rows selected.

SQL> SELECT FIRST_NAME , SALARY , SALARY * 12 "YEARLY SALARY" FROM EMPLOYEES;

FIRST_NAME     SALARY YEARLY SALARY                                                                                                                                                                     
---------- ---------- -------------                                                                                                                                                                     
Steven          24000        288000                                                                                                                                                                     
Neena           17000        204000                                                                                                                                                                     
Lex             17000        204000                                                                                                                                                                     
Alexander        9000        108000                                                                                                                                                                     
Bruce            6000         72000                                                                                                                                                                     
Diana            4200         50400                                                                                                                                                                     
Kevin            5800         69600                                                                                                                                                                     
Trenna           3500         42000                                                                                                                                                                     
Curtis           3100         37200                                                                                                                                                                     
Randall          2600         31200                                                                                                                                                                     
Peter            2500         30000                                                                                                                                                                     
Eleni           10500        126000                                                                                                                                                                     
Ellen           11000        132000                                                                                                                                                                     
Jonathon         8600        103200                                                                                                                                                                     
Kimerely         7000         84000                                                                                                                                                                     
Jennifer         4400         52800                                                                                                                                                                     
Michael         13000        156000                                                                                                                                                                     
Pat              6000         72000                                                                                                                                                                     
Shelley         12000        144000                                                                                                                                                                     
William          8300         99600                                                                                                                                                                     

20 rows selected.

SQL> SELECT FIRST_NAME , SALARY , SALARY * 12 "Yearly Salary" FROM EMPLOYEES;

FIRST_NAME     SALARY Yearly Salary                                                                                                                                                                     
---------- ---------- -------------                                                                                                                                                                     
Steven          24000        288000                                                                                                                                                                     
Neena           17000        204000                                                                                                                                                                     
Lex             17000        204000                                                                                                                                                                     
Alexander        9000        108000                                                                                                                                                                     
Bruce            6000         72000                                                                                                                                                                     
Diana            4200         50400                                                                                                                                                                     
Kevin            5800         69600                                                                                                                                                                     
Trenna           3500         42000                                                                                                                                                                     
Curtis           3100         37200                                                                                                                                                                     
Randall          2600         31200                                                                                                                                                                     
Peter            2500         30000                                                                                                                                                                     
Eleni           10500        126000                                                                                                                                                                     
Ellen           11000        132000                                                                                                                                                                     
Jonathon         8600        103200                                                                                                                                                                     
Kimerely         7000         84000                                                                                                                                                                     
Jennifer         4400         52800                                                                                                                                                                     
Michael         13000        156000                                                                                                                                                                     
Pat              6000         72000                                                                                                                                                                     
Shelley         12000        144000                                                                                                                                                                     
William          8300         99600                                                                                                                                                                     

20 rows selected.

SQL> SELECT FIRST_NAME , SALARY , SALARY * 12 "select" FROM EMPLOYEES;

FIRST_NAME     SALARY     select                                                                                                                                                                        
---------- ---------- ----------                                                                                                                                                                        
Steven          24000     288000                                                                                                                                                                        
Neena           17000     204000                                                                                                                                                                        
Lex             17000     204000                                                                                                                                                                        
Alexander        9000     108000                                                                                                                                                                        
Bruce            6000      72000                                                                                                                                                                        
Diana            4200      50400                                                                                                                                                                        
Kevin            5800      69600                                                                                                                                                                        
Trenna           3500      42000                                                                                                                                                                        
Curtis           3100      37200                                                                                                                                                                        
Randall          2600      31200                                                                                                                                                                        
Peter            2500      30000                                                                                                                                                                        
Eleni           10500     126000                                                                                                                                                                        
Ellen           11000     132000                                                                                                                                                                        
Jonathon         8600     103200                                                                                                                                                                        
Kimerely         7000      84000                                                                                                                                                                        
Jennifer         4400      52800                                                                                                                                                                        
Michael         13000     156000                                                                                                                                                                        
Pat              6000      72000                                                                                                                                                                        
Shelley         12000     144000                                                                                                                                                                        
William          8300      99600                                                                                                                                                                        

20 rows selected.

SQL> SELECT 5 * 5 FROM DUAL;

       5*5                                                                                                                                                                                              
----------                                                                                                                                                                                              
        25                                                                                                                                                                                              

SQL> REM DUAL IS A DUMMY TABLE
SQL> 
SQL> REM DUAL IS SYSTEM GENERATED TABLE
SQL> 
SQL> REM DUAL HAS SINGLE COLUMN AND SINGLE ROW
SQL> 
SQL> SELECT 5 * 5 FROM EMPLOYEES;

       5*5                                                                                                                                                                                              
----------                                                                                                                                                                                              
        25                                                                                                                                                                                              
        25                                                                                                                                                                                              
        25                                                                                                                                                                                              
        25                                                                                                                                                                                              
        25                                                                                                                                                                                              
        25                                                                                                                                                                                              
        25                                                                                                                                                                                              
        25                                                                                                                                                                                              
        25                                                                                                                                                                                              
        25                                                                                                                                                                                              
        25                                                                                                                                                                                              
        25                                                                                                                                                                                              
        25                                                                                                                                                                                              
        25                                                                                                                                                                                              
        25                                                                                                                                                                                              
        25                                                                                                                                                                                              
        25                                                                                                                                                                                              
        25                                                                                                                                                                                              
        25                                                                                                                                                                                              
        25                                                                                                                                                                                              

20 rows selected.

SQL> SELECT DISTINCT 5 * 5 FROM EMPLOYEES;

       5*5                                                                                                                                                                                              
----------                                                                                                                                                                                              
        25                                                                                                                                                                                              

SQL> SELECT UNIQUE 5 * 5 FROM EMPLOYEES;

       5*5                                                                                                                                                                                              
----------                                                                                                                                                                                              
        25                                                                                                                                                                                              

SQL> SELECT DEPARTMENT_ID FROM EMPLOYEES;

DEPARTMENT_ID                                                                                                                                                                                           
-------------                                                                                                                                                                                           
           90                                                                                                                                                                                           
           90                                                                                                                                                                                           
           90                                                                                                                                                                                           
           60                                                                                                                                                                                           
           60                                                                                                                                                                                           
           60                                                                                                                                                                                           
           50                                                                                                                                                                                           
           50                                                                                                                                                                                           
           50                                                                                                                                                                                           
           50                                                                                                                                                                                           
           50                                                                                                                                                                                           
           80                                                                                                                                                                                           
           80                                                                                                                                                                                           
           80                                                                                                                                                                                           
                                                                                                                                                                                                        
           10                                                                                                                                                                                           
           20                                                                                                                                                                                           
           20                                                                                                                                                                                           
          110                                                                                                                                                                                           
          110                                                                                                                                                                                           

20 rows selected.

SQL> SELECT FIRST_NAME , DEPARTMENT_ID FROM EMPLOYEES;

FIRST_NAME DEPARTMENT_ID                                                                                                                                                                                
---------- -------------                                                                                                                                                                                
Steven                90                                                                                                                                                                                
Neena                 90                                                                                                                                                                                
Lex                   90                                                                                                                                                                                
Alexander             60                                                                                                                                                                                
Bruce                 60                                                                                                                                                                                
Diana                 60                                                                                                                                                                                
Kevin                 50                                                                                                                                                                                
Trenna                50                                                                                                                                                                                
Curtis                50                                                                                                                                                                                
Randall               50                                                                                                                                                                                
Peter                 50                                                                                                                                                                                
Eleni                 80                                                                                                                                                                                
Ellen                 80                                                                                                                                                                                
Jonathon              80                                                                                                                                                                                
Kimerely                                                                                                                                                                                                
Jennifer              10                                                                                                                                                                                
Michael               20                                                                                                                                                                                
Pat                   20                                                                                                                                                                                
Shelley              110                                                                                                                                                                                
William              110                                                                                                                                                                                

20 rows selected.

SQL> SELECT DEPARTMENT_ID FROM EMPLOYEES;

DEPARTMENT_ID                                                                                                                                                                                           
-------------                                                                                                                                                                                           
           90                                                                                                                                                                                           
           90                                                                                                                                                                                           
           90                                                                                                                                                                                           
           60                                                                                                                                                                                           
           60                                                                                                                                                                                           
           60                                                                                                                                                                                           
           50                                                                                                                                                                                           
           50                                                                                                                                                                                           
           50                                                                                                                                                                                           
           50                                                                                                                                                                                           
           50                                                                                                                                                                                           
           80                                                                                                                                                                                           
           80                                                                                                                                                                                           
           80                                                                                                                                                                                           
                                                                                                                                                                                                        
           10                                                                                                                                                                                           
           20                                                                                                                                                                                           
           20                                                                                                                                                                                           
          110                                                                                                                                                                                           
          110                                                                                                                                                                                           

20 rows selected.

SQL> SELECT DISTINCT DEPARTMENT_ID FROM EMPLOYEES;

DEPARTMENT_ID                                                                                                                                                                                           
-------------                                                                                                                                                                                           
                                                                                                                                                                                                        
           90                                                                                                                                                                                           
           20                                                                                                                                                                                           
          110                                                                                                                                                                                           
           50                                                                                                                                                                                           
           80                                                                                                                                                                                           
           60                                                                                                                                                                                           
           10                                                                                                                                                                                           

8 rows selected.

SQL> SELECT UNIQUE DEPARTMENT_ID FROM EMPLOYEES;

DEPARTMENT_ID                                                                                                                                                                                           
-------------                                                                                                                                                                                           
                                                                                                                                                                                                        
           90                                                                                                                                                                                           
           20                                                                                                                                                                                           
          110                                                                                                                                                                                           
           50                                                                                                                                                                                           
           80                                                                                                                                                                                           
           60                                                                                                                                                                                           
           10                                                                                                                                                                                           

8 rows selected.

SQL> REM DISTINCT OR UNIQUE CAN BE USED SINGLE TIME IN SINGLE COMMAND
SQL> 
SQL> REM DISTINCT OR UNIQUE MUST BE FIRST ITEM IN SELECT LIST.
SQL> 
SQL> SELECT DEPARTMENT_ID , MANAGER_ID FROM EMPLOYEES ORDER BY 1,2;

DEPARTMENT_ID MANAGER_ID                                                                                                                                                                                
------------- ----------                                                                                                                                                                                
           10        101                                                                                                                                                                                
           20        100                                                                                                                                                                                
           20        201                                                                                                                                                                                
           50        100                                                                                                                                                                                
           50        124                                                                                                                                                                                
           50        124                                                                                                                                                                                
           50        124                                                                                                                                                                                
           50        124                                                                                                                                                                                
           60        102                                                                                                                                                                                
           60        103                                                                                                                                                                                
           60        103                                                                                                                                                                                
           80        100                                                                                                                                                                                
           80        149                                                                                                                                                                                
           80        149                                                                                                                                                                                
           90        100                                                                                                                                                                                
           90        100                                                                                                                                                                                
           90                                                                                                                                                                                           
          110        101                                                                                                                                                                                
          110        205                                                                                                                                                                                
                     149                                                                                                                                                                                

20 rows selected.

SQL> SELECT DISTINCT DEPARTMENT_ID , DISTINCT MANAGER_ID FROM EMPLOYEES ORDER BY 1,2;
SELECT DISTINCT DEPARTMENT_ID , DISTINCT MANAGER_ID FROM EMPLOYEES ORDER BY 1,2
                                *
ERROR at line 1:
ORA-00936: missing expression 


SQL> SELECT DEPARTMENT_ID , DISTINCT MANAGER_ID FROM EMPLOYEES ORDER BY 1,2;
SELECT DEPARTMENT_ID , DISTINCT MANAGER_ID FROM EMPLOYEES ORDER BY 1,2
                       *
ERROR at line 1:
ORA-00936: missing expression 


SQL> SELECT UNIQUE DEPARTMENT_ID , DISTINCT MANAGER_ID FROM EMPLOYEES ORDER BY 1,2;
SELECT UNIQUE DEPARTMENT_ID , DISTINCT MANAGER_ID FROM EMPLOYEES ORDER BY 1,2
                              *
ERROR at line 1:
ORA-00936: missing expression 


SQL> SELECT DEPARTMENT_ID , MANAGER_ID FROM EMPLOYEES ORDER BY 1,2;

DEPARTMENT_ID MANAGER_ID                                                                                                                                                                                
------------- ----------                                                                                                                                                                                
           10        101                                                                                                                                                                                
           20        100                                                                                                                                                                                
           20        201                                                                                                                                                                                
           50        100                                                                                                                                                                                
           50        124                                                                                                                                                                                
           50        124                                                                                                                                                                                
           50        124                                                                                                                                                                                
           50        124                                                                                                                                                                                
           60        102                                                                                                                                                                                
           60        103                                                                                                                                                                                
           60        103                                                                                                                                                                                
           80        100                                                                                                                                                                                
           80        149                                                                                                                                                                                
           80        149                                                                                                                                                                                
           90        100                                                                                                                                                                                
           90        100                                                                                                                                                                                
           90                                                                                                                                                                                           
          110        101                                                                                                                                                                                
          110        205                                                                                                                                                                                
                     149                                                                                                                                                                                

20 rows selected.

SQL> SELECT DISTINCT DEPARTMENT_ID , MANAGER_ID FROM EMPLOYEES ORDER BY 1,2;

DEPARTMENT_ID MANAGER_ID                                                                                                                                                                                
------------- ----------                                                                                                                                                                                
           10        101                                                                                                                                                                                
           20        100                                                                                                                                                                                
           20        201                                                                                                                                                                                
           50        100                                                                                                                                                                                
           50        124                                                                                                                                                                                
           60        102                                                                                                                                                                                
           60        103                                                                                                                                                                                
           80        100                                                                                                                                                                                
           80        149                                                                                                                                                                                
           90        100                                                                                                                                                                                
           90                                                                                                                                                                                           
          110        101                                                                                                                                                                                
          110        205                                                                                                                                                                                
                     149                                                                                                                                                                                

14 rows selected.

SQL> SELECT MANAGER_ID , JOB_ID FROM EMPLOYEES ORDER BY 1,2;

MANAGER_ID JOB_ID                                                                                                                                                                                       
---------- ----------                                                                                                                                                                                   
       100 AD_VP                                                                                                                                                                                        
       100 AD_VP                                                                                                                                                                                        
       100 MK_MAN                                                                                                                                                                                       
       100 SA_MAN                                                                                                                                                                                       
       100 ST_MAN                                                                                                                                                                                       
       101 AC_MGR                                                                                                                                                                                       
       101 AD_ASST                                                                                                                                                                                      
       102 IT_PROG                                                                                                                                                                                      
       103 IT_PROG                                                                                                                                                                                      
       103 IT_PROG                                                                                                                                                                                      
       124 ST_CLERK                                                                                                                                                                                     
       124 ST_CLERK                                                                                                                                                                                     
       124 ST_CLERK                                                                                                                                                                                     
       124 ST_CLERK                                                                                                                                                                                     
       149 SA_REP                                                                                                                                                                                       
       149 SA_REP                                                                                                                                                                                       
       149 SA_REP                                                                                                                                                                                       
       201 MK_REP                                                                                                                                                                                       
       205 AC_ACCOUNT                                                                                                                                                                                   
           AD_PRES                                                                                                                                                                                      

20 rows selected.

SQL> SELECT UNIQUE MANAGER_ID , JOB_ID FROM EMPLOYEES ORDER BY 1,2;

MANAGER_ID JOB_ID                                                                                                                                                                                       
---------- ----------                                                                                                                                                                                   
       100 AD_VP                                                                                                                                                                                        
       100 MK_MAN                                                                                                                                                                                       
       100 SA_MAN                                                                                                                                                                                       
       100 ST_MAN                                                                                                                                                                                       
       101 AC_MGR                                                                                                                                                                                       
       101 AD_ASST                                                                                                                                                                                      
       102 IT_PROG                                                                                                                                                                                      
       103 IT_PROG                                                                                                                                                                                      
       124 ST_CLERK                                                                                                                                                                                     
       149 SA_REP                                                                                                                                                                                       
       201 MK_REP                                                                                                                                                                                       
       205 AC_ACCOUNT                                                                                                                                                                                   
           AD_PRES                                                                                                                                                                                      

13 rows selected.

SQL> SELECT FIRST_NAME , SALARY , COMMISSION_PCT , SALARY * COMMISSION_PCT COMM_AMOUNT FROM EMPLOYEES;

FIRST_NAME     SALARY COMMISSION_PCT COMM_AMOUNT                                                                                                                                                        
---------- ---------- -------------- -----------                                                                                                                                                        
Steven          24000                                                                                                                                                                                   
Neena           17000                                                                                                                                                                                   
Lex             17000                                                                                                                                                                                   
Alexander        9000                                                                                                                                                                                   
Bruce            6000                                                                                                                                                                                   
Diana            4200                                                                                                                                                                                   
Kevin            5800                                                                                                                                                                                   
Trenna           3500                                                                                                                                                                                   
Curtis           3100                                                                                                                                                                                   
Randall          2600                                                                                                                                                                                   
Peter            2500                                                                                                                                                                                   
Eleni           10500             .2        2100                                                                                                                                                        
Ellen           11000             .3        3300                                                                                                                                                        
Jonathon         8600             .3        2580                                                                                                                                                        
Kimerely         7000            .15        1050                                                                                                                                                        
Jennifer         4400                                                                                                                                                                                   
Michael         13000                                                                                                                                                                                   
Pat              6000                                                                                                                                                                                   
Shelley         12000                                                                                                                                                                                   
William          8300                                                                                                                                                                                   

20 rows selected.

SQL> SELECT FIRST_NAME , SALARY , COMMISSION_PCT , SALARY * COMMISSION_PCT COMM_AMOUNT , SALARY + COMM_AMOUNT FROM EMPLOYEES;
SELECT FIRST_NAME , SALARY , COMMISSION_PCT , SALARY * COMMISSION_PCT COMM_AMOUNT , SALARY + COMM_AMOUNT FROM EMPLOYEES
                                                                                             *
ERROR at line 1:
ORA-00904: "COMM_AMOUNT": invalid identifier 


SQL> SELECT FIRST_NAME , SALARY , COMMISSION_PCT , SALARY * COMMISSION_PCT COMM_AMOUNT , SALARY + SALARY * COMMISSION_PCT TOTAL_PAYMENT FROM EMPLOYEES;

FIRST_NAME     SALARY COMMISSION_PCT COMM_AMOUNT TOTAL_PAYMENT                                                                                                                                          
---------- ---------- -------------- ----------- -------------                                                                                                                                          
Steven          24000                                                                                                                                                                                   
Neena           17000                                                                                                                                                                                   
Lex             17000                                                                                                                                                                                   
Alexander        9000                                                                                                                                                                                   
Bruce            6000                                                                                                                                                                                   
Diana            4200                                                                                                                                                                                   
Kevin            5800                                                                                                                                                                                   
Trenna           3500                                                                                                                                                                                   
Curtis           3100                                                                                                                                                                                   
Randall          2600                                                                                                                                                                                   
Peter            2500                                                                                                                                                                                   
Eleni           10500             .2        2100         12600                                                                                                                                          
Ellen           11000             .3        3300         14300                                                                                                                                          
Jonathon         8600             .3        2580         11180                                                                                                                                          
Kimerely         7000            .15        1050          8050                                                                                                                                          
Jennifer         4400                                                                                                                                                                                   
Michael         13000                                                                                                                                                                                   
Pat              6000                                                                                                                                                                                   
Shelley         12000                                                                                                                                                                                   
William          8300                                                                                                                                                                                   

20 rows selected.

SQL> REM ANY ARITHMETIC CALCULATION WITY NULL RESULT INTO NULL ONLY.
SQL> 
SQL> SELECT 5 + NULL FROM DUAL;

    5+NULL                                                                                                                                                                                              
----------                                                                                                                                                                                              
                                                                                                                                                                                                        

SQL> SELECT 5 - NULL FROM DUAL;

    5-NULL                                                                                                                                                                                              
----------                                                                                                                                                                                              
                                                                                                                                                                                                        

SQL> SELECT 5 * NULL FROM DUAL;

    5*NULL                                                                                                                                                                                              
----------                                                                                                                                                                                              
                                                                                                                                                                                                        

SQL> SELECT 5 / NULL FROM DUAL;

    5/NULL                                                                                                                                                                                              
----------                                                                                                                                                                                              
                                                                                                                                                                                                        

SQL> SELECT 5 || NULL FROM DUAL;

5                                                                                                                                                                                                       
-                                                                                                                                                                                                       
5                                                                                                                                                                                                       

SQL> REM NVL : IS A FUNCTION WHICH IS USED TO REPLACE NULL VALUE WITH ANOTHER VALUE.
SQL> 
SQL> SELECT FIRST_NAME , SALARY , COMMISSION_PCT , SALARY * COMMISSION_PCT COMM_AMOUNT , SALARY + SALARY * NVL(COMMISSION_PCT,0) TOTAL_PAYMENT FROM EMPLOYEES;

FIRST_NAME     SALARY COMMISSION_PCT COMM_AMOUNT TOTAL_PAYMENT                                                                                                                                          
---------- ---------- -------------- ----------- -------------                                                                                                                                          
Steven          24000                                    24000                                                                                                                                          
Neena           17000                                    17000                                                                                                                                          
Lex             17000                                    17000                                                                                                                                          
Alexander        9000                                     9000                                                                                                                                          
Bruce            6000                                     6000                                                                                                                                          
Diana            4200                                     4200                                                                                                                                          
Kevin            5800                                     5800                                                                                                                                          
Trenna           3500                                     3500                                                                                                                                          
Curtis           3100                                     3100                                                                                                                                          
Randall          2600                                     2600                                                                                                                                          
Peter            2500                                     2500                                                                                                                                          
Eleni           10500             .2        2100         12600                                                                                                                                          
Ellen           11000             .3        3300         14300                                                                                                                                          
Jonathon         8600             .3        2580         11180                                                                                                                                          
Kimerely         7000            .15        1050          8050                                                                                                                                          
Jennifer         4400                                     4400                                                                                                                                          
Michael         13000                                    13000                                                                                                                                          
Pat              6000                                     6000                                                                                                                                          
Shelley         12000                                    12000                                                                                                                                          
William          8300                                     8300                                                                                                                                          

20 rows selected.

SQL> SELECT FIRST_NAME , SALARY , COMMISSION_PCT , SALARY * NVL(COMMISSION_PCT,0) COMM_AMOUNT , SALARY + SALARY * NVL(COMMISSION_PCT,0) TOTAL_PAYMENT FROM EMPLOYEES;

FIRST_NAME     SALARY COMMISSION_PCT COMM_AMOUNT TOTAL_PAYMENT                                                                                                                                          
---------- ---------- -------------- ----------- -------------                                                                                                                                          
Steven          24000                          0         24000                                                                                                                                          
Neena           17000                          0         17000                                                                                                                                          
Lex             17000                          0         17000                                                                                                                                          
Alexander        9000                          0          9000                                                                                                                                          
Bruce            6000                          0          6000                                                                                                                                          
Diana            4200                          0          4200                                                                                                                                          
Kevin            5800                          0          5800                                                                                                                                          
Trenna           3500                          0          3500                                                                                                                                          
Curtis           3100                          0          3100                                                                                                                                          
Randall          2600                          0          2600                                                                                                                                          
Peter            2500                          0          2500                                                                                                                                          
Eleni           10500             .2        2100         12600                                                                                                                                          
Ellen           11000             .3        3300         14300                                                                                                                                          
Jonathon         8600             .3        2580         11180                                                                                                                                          
Kimerely         7000            .15        1050          8050                                                                                                                                          
Jennifer         4400                          0          4400                                                                                                                                          
Michael         13000                          0         13000                                                                                                                                          
Pat              6000                          0          6000                                                                                                                                          
Shelley         12000                          0         12000                                                                                                                                          
William          8300                          0          8300                                                                                                                                          

20 rows selected.

SQL> SELECT FIRST_NAME , SALARY , NVL(COMMISSION_PCT,0) , SALARY * NVL(COMMISSION_PCT,0) COMM_AMOUNT , SALARY + SALARY * NVL(COMMISSION_PCT,0) TOTAL_PAYMENT FROM EMPLOYEES;

FIRST_NAME     SALARY NVL(COMMISSION_PCT,0) COMM_AMOUNT TOTAL_PAYMENT                                                                                                                                   
---------- ---------- --------------------- ----------- -------------                                                                                                                                   
Steven          24000                     0           0         24000                                                                                                                                   
Neena           17000                     0           0         17000                                                                                                                                   
Lex             17000                     0           0         17000                                                                                                                                   
Alexander        9000                     0           0          9000                                                                                                                                   
Bruce            6000                     0           0          6000                                                                                                                                   
Diana            4200                     0           0          4200                                                                                                                                   
Kevin            5800                     0           0          5800                                                                                                                                   
Trenna           3500                     0           0          3500                                                                                                                                   
Curtis           3100                     0           0          3100                                                                                                                                   
Randall          2600                     0           0          2600                                                                                                                                   
Peter            2500                     0           0          2500                                                                                                                                   
Eleni           10500                    .2        2100         12600                                                                                                                                   
Ellen           11000                    .3        3300         14300                                                                                                                                   
Jonathon         8600                    .3        2580         11180                                                                                                                                   
Kimerely         7000                   .15        1050          8050                                                                                                                                   
Jennifer         4400                     0           0          4400                                                                                                                                   
Michael         13000                     0           0         13000                                                                                                                                   
Pat              6000                     0           0          6000                                                                                                                                   
Shelley         12000                     0           0         12000                                                                                                                                   
William          8300                     0           0          8300                                                                                                                                   

20 rows selected.

SQL> SELECT DEPARTMENT_ID , MANAGER_ID FROM EMPLOYEES;

DEPARTMENT_ID MANAGER_ID                                                                                                                                                                                
------------- ----------                                                                                                                                                                                
           90                                                                                                                                                                                           
           90        100                                                                                                                                                                                
           90        100                                                                                                                                                                                
           60        102                                                                                                                                                                                
           60        103                                                                                                                                                                                
           60        103                                                                                                                                                                                
           50        100                                                                                                                                                                                
           50        124                                                                                                                                                                                
           50        124                                                                                                                                                                                
           50        124                                                                                                                                                                                
           50        124                                                                                                                                                                                
           80        100                                                                                                                                                                                
           80        149                                                                                                                                                                                
           80        149                                                                                                                                                                                
                     149                                                                                                                                                                                
           10        101                                                                                                                                                                                
           20        100                                                                                                                                                                                
           20        201                                                                                                                                                                                
          110        101                                                                                                                                                                                
          110        205                                                                                                                                                                                

20 rows selected.

SQL> SELECT DISTINCT DEPARTMENT_ID + MANAGER_ID FROM EMPLOYEES;

DEPARTMENT_ID+MANAGER_ID                                                                                                                                                                                
------------------------                                                                                                                                                                                
                                                                                                                                                                                                        
                     180                                                                                                                                                                                
                     120                                                                                                                                                                                
                     229                                                                                                                                                                                
                     211                                                                                                                                                                                
                     315                                                                                                                                                                                
                     162                                                                                                                                                                                
                     163                                                                                                                                                                                
                     190                                                                                                                                                                                
                     221                                                                                                                                                                                
                     150                                                                                                                                                                                
                     174                                                                                                                                                                                
                     111                                                                                                                                                                                

13 rows selected.

SQL> SELECT 5 * 5 FROM DUAL;

       5*5                                                                                                                                                                                              
----------                                                                                                                                                                                              
        25                                                                                                                                                                                              

SQL> SELECT 5 * 5 * 5 FROM DUAL;

     5*5*5                                                                                                                                                                                              
----------                                                                                                                                                                                              
       125                                                                                                                                                                                              

SQL> SELECT 5 * 5 * 5 * 5 * 5 * 5 * 5 FROM DUAL;

5*5*5*5*5*5*5                                                                                                                                                                                           
-------------                                                                                                                                                                                           
        78125                                                                                                                                                                                           

SQL> SELECT POWER(5,2) FROM DUAL;

POWER(5,2)                                                                                                                                                                                              
----------                                                                                                                                                                                              
        25                                                                                                                                                                                              

SQL> SELECT POWER(5,3) FROM DUAL;

POWER(5,3)                                                                                                                                                                                              
----------                                                                                                                                                                                              
       125                                                                                                                                                                                              

SQL> SELECT POWER(5,7) FROM DUAL;

POWER(5,7)                                                                                                                                                                                              
----------                                                                                                                                                                                              
     78125                                                                                                                                                                                              

SQL> REM PRECEDENCE OF AO , CO AND POWER FUNCTION :
SQL> 
SQL> REM PRECDENCE : ORDER OF EXECUTION
SQL> 
SQL> REM 1 () : BRACKET : (    )   (     ) : LEFT TO RIGHT , (   (   )   ) : NESTED BRACKET : INNER TO OUTER
SQL> 
SQL> REM 2 POWER FUNCTION
SQL> 
SQL> REM 3 / * (LEFT TO RIGHT IN FORMULA)
SQL> 
SQL> REM 4 + - || (LEFT TO RIGHT IN FORMULA)
SQL> 
SQL> 
SQL> 
SQL> SELECT 4 * 4 + 4 / 2 - 1 FROM DUAL;

 4*4+4/2-1                                                                                                                                                                                              
----------                                                                                                                                                                                              
        17                                                                                                                                                                                              

SQL> SELECT 10 + (30 + 20) / 5 * 2 FROM DUAL;

10+(30+20)/5*2                                                                                                                                                                                          
--------------                                                                                                                                                                                          
            30                                                                                                                                                                                          

SQL> SELECT 'SHRI' || 210 + 210 FROM DUAL;
SELECT 'SHRI' || 210 + 210 FROM DUAL
               *
ERROR at line 1:
ORA-01722: invalid number 


SQL> SELECT 'SHRI' || (210 + 210) FROM DUAL;

'SHRI'|                                                                                                                                                                                                 
-------                                                                                                                                                                                                 
SHRI420                                                                                                                                                                                                 

SQL> SELECT 'SHRI' || 210 * 2 FROM DUAL;

'SHRI'|                                                                                                                                                                                                 
-------                                                                                                                                                                                                 
SHRI420                                                                                                                                                                                                 

SQL> SELECT FIRST_NAME , SALARY , SALARY + 1000 NEW_SALARY FROM EMPLOYEES;

FIRST_NAME     SALARY NEW_SALARY                                                                                                                                                                        
---------- ---------- ----------                                                                                                                                                                        
Steven          24000      25000                                                                                                                                                                        
Neena           17000      18000                                                                                                                                                                        
Lex             17000      18000                                                                                                                                                                        
Alexander        9000      10000                                                                                                                                                                        
Bruce            6000       7000                                                                                                                                                                        
Diana            4200       5200                                                                                                                                                                        
Kevin            5800       6800                                                                                                                                                                        
Trenna           3500       4500                                                                                                                                                                        
Curtis           3100       4100                                                                                                                                                                        
Randall          2600       3600                                                                                                                                                                        
Peter            2500       3500                                                                                                                                                                        
Eleni           10500      11500                                                                                                                                                                        
Ellen           11000      12000                                                                                                                                                                        
Jonathon         8600       9600                                                                                                                                                                        
Kimerely         7000       8000                                                                                                                                                                        
Jennifer         4400       5400                                                                                                                                                                        
Michael         13000      14000                                                                                                                                                                        
Pat              6000       7000                                                                                                                                                                        
Shelley         12000      13000                                                                                                                                                                        
William          8300       9300                                                                                                                                                                        

20 rows selected.

SQL> SELECT FIRST_NAME , SALARY * 12 YEARLY_SALARY, SALARY + 1000 * 12 NEW_YEARLY_SALARY FROM EMPLOYEES;

FIRST_NAME YEARLY_SALARY NEW_YEARLY_SALARY                                                                                                                                                              
---------- ------------- -----------------                                                                                                                                                              
Steven            288000             36000                                                                                                                                                              
Neena             204000             29000                                                                                                                                                              
Lex               204000             29000                                                                                                                                                              
Alexander         108000             21000                                                                                                                                                              
Bruce              72000             18000                                                                                                                                                              
Diana              50400             16200                                                                                                                                                              
Kevin              69600             17800                                                                                                                                                              
Trenna             42000             15500                                                                                                                                                              
Curtis             37200             15100                                                                                                                                                              
Randall            31200             14600                                                                                                                                                              
Peter              30000             14500                                                                                                                                                              
Eleni             126000             22500                                                                                                                                                              
Ellen             132000             23000                                                                                                                                                              
Jonathon          103200             20600                                                                                                                                                              
Kimerely           84000             19000                                                                                                                                                              
Jennifer           52800             16400                                                                                                                                                              
Michael           156000             25000                                                                                                                                                              
Pat                72000             18000                                                                                                                                                              
Shelley           144000             24000                                                                                                                                                              
William            99600             20300                                                                                                                                                              

20 rows selected.

SQL> SELECT FIRST_NAME , SALARY * 12 YEARLY_SALARY, (SALARY + 1000) * 12 NEW_YEARLY_SALARY FROM EMPLOYEES;

FIRST_NAME YEARLY_SALARY NEW_YEARLY_SALARY                                                                                                                                                              
---------- ------------- -----------------                                                                                                                                                              
Steven            288000            300000                                                                                                                                                              
Neena             204000            216000                                                                                                                                                              
Lex               204000            216000                                                                                                                                                              
Alexander         108000            120000                                                                                                                                                              
Bruce              72000             84000                                                                                                                                                              
Diana              50400             62400                                                                                                                                                              
Kevin              69600             81600                                                                                                                                                              
Trenna             42000             54000                                                                                                                                                              
Curtis             37200             49200                                                                                                                                                              
Randall            31200             43200                                                                                                                                                              
Peter              30000             42000                                                                                                                                                              
Eleni             126000            138000                                                                                                                                                              
Ellen             132000            144000                                                                                                                                                              
Jonathon          103200            115200                                                                                                                                                              
Kimerely           84000             96000                                                                                                                                                              
Jennifer           52800             64800                                                                                                                                                              
Michael           156000            168000                                                                                                                                                              
Pat                72000             84000                                                                                                                                                              
Shelley           144000            156000                                                                                                                                                              
William            99600            111600                                                                                                                                                              

20 rows selected.

SQL> SELECT FIRST_NAME , JOB_ID FROM EMPLOYEES;

FIRST_NAME JOB_ID                                                                                                                                                                                       
---------- ----------                                                                                                                                                                                   
Steven     AD_PRES                                                                                                                                                                                      
Neena      AD_VP                                                                                                                                                                                        
Lex        AD_VP                                                                                                                                                                                        
Alexander  IT_PROG                                                                                                                                                                                      
Bruce      IT_PROG                                                                                                                                                                                      
Diana      IT_PROG                                                                                                                                                                                      
Kevin      ST_MAN                                                                                                                                                                                       
Trenna     ST_CLERK                                                                                                                                                                                     
Curtis     ST_CLERK                                                                                                                                                                                     
Randall    ST_CLERK                                                                                                                                                                                     
Peter      ST_CLERK                                                                                                                                                                                     
Eleni      SA_MAN                                                                                                                                                                                       
Ellen      SA_REP                                                                                                                                                                                       
Jonathon   SA_REP                                                                                                                                                                                       
Kimerely   SA_REP                                                                                                                                                                                       
Jennifer   AD_ASST                                                                                                                                                                                      
Michael    MK_MAN                                                                                                                                                                                       
Pat        MK_REP                                                                                                                                                                                       
Shelley    AC_MGR                                                                                                                                                                                       
William    AC_ACCOUNT                                                                                                                                                                                   

20 rows selected.

SQL> REM Steven works as AD_PRES.
SQL> 
SQL> SELECT FIRST_NAME , SALARY FROM EMPLOYEES;

FIRST_NAME     SALARY                                                                                                                                                                                   
---------- ----------                                                                                                                                                                                   
Steven          24000                                                                                                                                                                                   
Neena           17000                                                                                                                                                                                   
Lex             17000                                                                                                                                                                                   
Alexander        9000                                                                                                                                                                                   
Bruce            6000                                                                                                                                                                                   
Diana            4200                                                                                                                                                                                   
Kevin            5800                                                                                                                                                                                   
Trenna           3500                                                                                                                                                                                   
Curtis           3100                                                                                                                                                                                   
Randall          2600                                                                                                                                                                                   
Peter            2500                                                                                                                                                                                   
Eleni           10500                                                                                                                                                                                   
Ellen           11000                                                                                                                                                                                   
Jonathon         8600                                                                                                                                                                                   
Kimerely         7000                                                                                                                                                                                   
Jennifer         4400                                                                                                                                                                                   
Michael         13000                                                                                                                                                                                   
Pat              6000                                                                                                                                                                                   
Shelley         12000                                                                                                                                                                                   
William          8300                                                                                                                                                                                   

20 rows selected.

SQL> REM Steven get Rs.24000 as monthly salary.
SQL> 
SQL> SELECT f
  2  
SQL> SELECT FIRST_NAME || ' gets Rs.' || SALARY || ' as monthly salary.' "EMPLOYEE_INFO." FROM EMPLOYEES;

EMPLOYEE_INFO.                                                                                                                                                                                          
------------------------------------------------------------------------------                                                                                                                          
Steven gets Rs.24000 as monthly salary.                                                                                                                                                                 
Neena gets Rs.17000 as monthly salary.                                                                                                                                                                  
Lex gets Rs.17000 as monthly salary.                                                                                                                                                                    
Alexander gets Rs.9000 as monthly salary.                                                                                                                                                               
Bruce gets Rs.6000 as monthly salary.                                                                                                                                                                   
Diana gets Rs.4200 as monthly salary.                                                                                                                                                                   
Kevin gets Rs.5800 as monthly salary.                                                                                                                                                                   
Trenna gets Rs.3500 as monthly salary.                                                                                                                                                                  
Curtis gets Rs.3100 as monthly salary.                                                                                                                                                                  
Randall gets Rs.2600 as monthly salary.                                                                                                                                                                 
Peter gets Rs.2500 as monthly salary.                                                                                                                                                                   
Eleni gets Rs.10500 as monthly salary.                                                                                                                                                                  
Ellen gets Rs.11000 as monthly salary.                                                                                                                                                                  
Jonathon gets Rs.8600 as monthly salary.                                                                                                                                                                
Kimerely gets Rs.7000 as monthly salary.                                                                                                                                                                
Jennifer gets Rs.4400 as monthly salary.                                                                                                                                                                
Michael gets Rs.13000 as monthly salary.                                                                                                                                                                
Pat gets Rs.6000 as monthly salary.                                                                                                                                                                     
Shelley gets Rs.12000 as monthly salary.                                                                                                                                                                
William gets Rs.8300 as monthly salary.                                                                                                                                                                 

20 rows selected.

SQL> REM Steven's monthly salary is Rs.24000/-.
SQL> 
SQL> SELECT FIRST_NAME || ' gets Rs.' || SALARY || ' as monthly salary.' 'EMPLOYEE_INFO.' FROM EMPLOYEES;
SELECT FIRST_NAME || ' gets Rs.' || SALARY || ' as monthly salary.' 'EMPLOYEE_INFO.' FROM EMPLOYEES
                                                                    *
ERROR at line 1:
ORA-00923: FROM keyword not found where expected 


SQL> SELECT FIRST_NAME || ' gets Rs.' || SALARY || " as monthly salary." "EMPLOYEE_INFO." FROM EMPLOYEES;
SELECT FIRST_NAME || ' gets Rs.' || SALARY || " as monthly salary." "EMPLOYEE_INFO." FROM EMPLOYEES
                                              *
ERROR at line 1:
ORA-00904: " as monthly salary.": invalid identifier 


SQL> SELECT FIRST_NAME || ' gets Rs.' || SALARY || ' as monthly salary.' "EMPLOYEE_INFO." FROM EMPLOYEES;

EMPLOYEE_INFO.                                                                                                                                                                                          
------------------------------------------------------------------------------                                                                                                                          
Steven gets Rs.24000 as monthly salary.                                                                                                                                                                 
Neena gets Rs.17000 as monthly salary.                                                                                                                                                                  
Lex gets Rs.17000 as monthly salary.                                                                                                                                                                    
Alexander gets Rs.9000 as monthly salary.                                                                                                                                                               
Bruce gets Rs.6000 as monthly salary.                                                                                                                                                                   
Diana gets Rs.4200 as monthly salary.                                                                                                                                                                   
Kevin gets Rs.5800 as monthly salary.                                                                                                                                                                   
Trenna gets Rs.3500 as monthly salary.                                                                                                                                                                  
Curtis gets Rs.3100 as monthly salary.                                                                                                                                                                  
Randall gets Rs.2600 as monthly salary.                                                                                                                                                                 
Peter gets Rs.2500 as monthly salary.                                                                                                                                                                   
Eleni gets Rs.10500 as monthly salary.                                                                                                                                                                  
Ellen gets Rs.11000 as monthly salary.                                                                                                                                                                  
Jonathon gets Rs.8600 as monthly salary.                                                                                                                                                                
Kimerely gets Rs.7000 as monthly salary.                                                                                                                                                                
Jennifer gets Rs.4400 as monthly salary.                                                                                                                                                                
Michael gets Rs.13000 as monthly salary.                                                                                                                                                                
Pat gets Rs.6000 as monthly salary.                                                                                                                                                                     
Shelley gets Rs.12000 as monthly salary.                                                                                                                                                                
William gets Rs.8300 as monthly salary.                                                                                                                                                                 

20 rows selected.

SQL> REM Steven's monthly salary is Rs.24000/-.
SQL> 
SQL> SELECT FIRST_NAME || 's monthly salary is Rs.' || SALARY || '/.' FROM EMPLOYEES;

FIRST_NAME||'SMONTHLYSALARYISRS.'||SALARY||'/.'                                                                                                                                                         
---------------------------------------------------------------------------                                                                                                                             
Stevens monthly salary is Rs.24000/.                                                                                                                                                                    
Neenas monthly salary is Rs.17000/.                                                                                                                                                                     
Lexs monthly salary is Rs.17000/.                                                                                                                                                                       
Alexanders monthly salary is Rs.9000/.                                                                                                                                                                  
Bruces monthly salary is Rs.6000/.                                                                                                                                                                      
Dianas monthly salary is Rs.4200/.                                                                                                                                                                      
Kevins monthly salary is Rs.5800/.                                                                                                                                                                      
Trennas monthly salary is Rs.3500/.                                                                                                                                                                     
Curtiss monthly salary is Rs.3100/.                                                                                                                                                                     
Randalls monthly salary is Rs.2600/.                                                                                                                                                                    
Peters monthly salary is Rs.2500/.                                                                                                                                                                      
Elenis monthly salary is Rs.10500/.                                                                                                                                                                     
Ellens monthly salary is Rs.11000/.                                                                                                                                                                     
Jonathons monthly salary is Rs.8600/.                                                                                                                                                                   
Kimerelys monthly salary is Rs.7000/.                                                                                                                                                                   
Jennifers monthly salary is Rs.4400/.                                                                                                                                                                   
Michaels monthly salary is Rs.13000/.                                                                                                                                                                   
Pats monthly salary is Rs.6000/.                                                                                                                                                                        
Shelleys monthly salary is Rs.12000/.                                                                                                                                                                   
Williams monthly salary is Rs.8300/.                                                                                                                                                                    

20 rows selected.

SQL> SELECT FIRST_NAME || ''s monthly salary is Rs.' || SALARY || '/.' FROM EMPLOYEES;
ERROR:
ORA-01756: quoted string not properly terminated 


SQL> SELECT FIRST_NAME || '''s monthly salary is Rs.' || SALARY || '/.' FROM EMPLOYEES;

FIRST_NAME||'''SMONTHLYSALARYISRS.'||SALARY||'/.'                                                                                                                                                       
----------------------------------------------------------------------------                                                                                                                            
Steven's monthly salary is Rs.24000/.                                                                                                                                                                   
Neena's monthly salary is Rs.17000/.                                                                                                                                                                    
Lex's monthly salary is Rs.17000/.                                                                                                                                                                      
Alexander's monthly salary is Rs.9000/.                                                                                                                                                                 
Bruce's monthly salary is Rs.6000/.                                                                                                                                                                     
Diana's monthly salary is Rs.4200/.                                                                                                                                                                     
Kevin's monthly salary is Rs.5800/.                                                                                                                                                                     
Trenna's monthly salary is Rs.3500/.                                                                                                                                                                    
Curtis's monthly salary is Rs.3100/.                                                                                                                                                                    
Randall's monthly salary is Rs.2600/.                                                                                                                                                                   
Peter's monthly salary is Rs.2500/.                                                                                                                                                                     
Eleni's monthly salary is Rs.10500/.                                                                                                                                                                    
Ellen's monthly salary is Rs.11000/.                                                                                                                                                                    
Jonathon's monthly salary is Rs.8600/.                                                                                                                                                                  
Kimerely's monthly salary is Rs.7000/.                                                                                                                                                                  
Jennifer's monthly salary is Rs.4400/.                                                                                                                                                                  
Michael's monthly salary is Rs.13000/.                                                                                                                                                                  
Pat's monthly salary is Rs.6000/.                                                                                                                                                                       
Shelley's monthly salary is Rs.12000/.                                                                                                                                                                  
William's monthly salary is Rs.8300/.                                                                                                                                                                   

20 rows selected.

SQL> REM Q/QUOTE : IS USED TO CHANGE DELIMITER CHARACTER
SQL> 
SQL> SELECT FIRST_NAME || Q'*'s monthly salary is Rs.*' || SALARY || '/.' FROM EMPLOYEES;

FIRST_NAME||Q'*'SMONTHLYSALARYISRS.*'||SALARY||'/.'                                                                                                                                                     
----------------------------------------------------------------------------                                                                                                                            
Steven's monthly salary is Rs.24000/.                                                                                                                                                                   
Neena's monthly salary is Rs.17000/.                                                                                                                                                                    
Lex's monthly salary is Rs.17000/.                                                                                                                                                                      
Alexander's monthly salary is Rs.9000/.                                                                                                                                                                 
Bruce's monthly salary is Rs.6000/.                                                                                                                                                                     
Diana's monthly salary is Rs.4200/.                                                                                                                                                                     
Kevin's monthly salary is Rs.5800/.                                                                                                                                                                     
Trenna's monthly salary is Rs.3500/.                                                                                                                                                                    
Curtis's monthly salary is Rs.3100/.                                                                                                                                                                    
Randall's monthly salary is Rs.2600/.                                                                                                                                                                   
Peter's monthly salary is Rs.2500/.                                                                                                                                                                     
Eleni's monthly salary is Rs.10500/.                                                                                                                                                                    
Ellen's monthly salary is Rs.11000/.                                                                                                                                                                    
Jonathon's monthly salary is Rs.8600/.                                                                                                                                                                  
Kimerely's monthly salary is Rs.7000/.                                                                                                                                                                  
Jennifer's monthly salary is Rs.4400/.                                                                                                                                                                  
Michael's monthly salary is Rs.13000/.                                                                                                                                                                  
Pat's monthly salary is Rs.6000/.                                                                                                                                                                       
Shelley's monthly salary is Rs.12000/.                                                                                                                                                                  
William's monthly salary is Rs.8300/.                                                                                                                                                                   

20 rows selected.

SQL> SELECT FIRST_NAME || Q'#'s monthly salary is Rs.#' || SALARY || '/.' FROM EMPLOYEES;

FIRST_NAME||Q'#'SMONTHLYSALARYISRS.#'||SALARY||'/.'                                                                                                                                                     
----------------------------------------------------------------------------                                                                                                                            
Steven's monthly salary is Rs.24000/.                                                                                                                                                                   
Neena's monthly salary is Rs.17000/.                                                                                                                                                                    
Lex's monthly salary is Rs.17000/.                                                                                                                                                                      
Alexander's monthly salary is Rs.9000/.                                                                                                                                                                 
Bruce's monthly salary is Rs.6000/.                                                                                                                                                                     
Diana's monthly salary is Rs.4200/.                                                                                                                                                                     
Kevin's monthly salary is Rs.5800/.                                                                                                                                                                     
Trenna's monthly salary is Rs.3500/.                                                                                                                                                                    
Curtis's monthly salary is Rs.3100/.                                                                                                                                                                    
Randall's monthly salary is Rs.2600/.                                                                                                                                                                   
Peter's monthly salary is Rs.2500/.                                                                                                                                                                     
Eleni's monthly salary is Rs.10500/.                                                                                                                                                                    
Ellen's monthly salary is Rs.11000/.                                                                                                                                                                    
Jonathon's monthly salary is Rs.8600/.                                                                                                                                                                  
Kimerely's monthly salary is Rs.7000/.                                                                                                                                                                  
Jennifer's monthly salary is Rs.4400/.                                                                                                                                                                  
Michael's monthly salary is Rs.13000/.                                                                                                                                                                  
Pat's monthly salary is Rs.6000/.                                                                                                                                                                       
Shelley's monthly salary is Rs.12000/.                                                                                                                                                                  
William's monthly salary is Rs.8300/.                                                                                                                                                                   

20 rows selected.

SQL> SELECT FIRST_NAME || Q'6's monthly salary is Rs.6' || SALARY || '/.' FROM EMPLOYEES;

FIRST_NAME||Q'6'SMONTHLYSALARYISRS.6'||SALARY||'/.'                                                                                                                                                     
----------------------------------------------------------------------------                                                                                                                            
Steven's monthly salary is Rs.24000/.                                                                                                                                                                   
Neena's monthly salary is Rs.17000/.                                                                                                                                                                    
Lex's monthly salary is Rs.17000/.                                                                                                                                                                      
Alexander's monthly salary is Rs.9000/.                                                                                                                                                                 
Bruce's monthly salary is Rs.6000/.                                                                                                                                                                     
Diana's monthly salary is Rs.4200/.                                                                                                                                                                     
Kevin's monthly salary is Rs.5800/.                                                                                                                                                                     
Trenna's monthly salary is Rs.3500/.                                                                                                                                                                    
Curtis's monthly salary is Rs.3100/.                                                                                                                                                                    
Randall's monthly salary is Rs.2600/.                                                                                                                                                                   
Peter's monthly salary is Rs.2500/.                                                                                                                                                                     
Eleni's monthly salary is Rs.10500/.                                                                                                                                                                    
Ellen's monthly salary is Rs.11000/.                                                                                                                                                                    
Jonathon's monthly salary is Rs.8600/.                                                                                                                                                                  
Kimerely's monthly salary is Rs.7000/.                                                                                                                                                                  
Jennifer's monthly salary is Rs.4400/.                                                                                                                                                                  
Michael's monthly salary is Rs.13000/.                                                                                                                                                                  
Pat's monthly salary is Rs.6000/.                                                                                                                                                                       
Shelley's monthly salary is Rs.12000/.                                                                                                                                                                  
William's monthly salary is Rs.8300/.                                                                                                                                                                   

20 rows selected.

SQL> SELECT FIRST_NAME || Q'A's monthly salary is Rs.A' || SALARY || '/.' FROM EMPLOYEES;

FIRST_NAME||Q'A'SMONTHLYSALARYISRS.A'||SALARY||'/.'                                                                                                                                                     
----------------------------------------------------------------------------                                                                                                                            
Steven's monthly salary is Rs.24000/.                                                                                                                                                                   
Neena's monthly salary is Rs.17000/.                                                                                                                                                                    
Lex's monthly salary is Rs.17000/.                                                                                                                                                                      
Alexander's monthly salary is Rs.9000/.                                                                                                                                                                 
Bruce's monthly salary is Rs.6000/.                                                                                                                                                                     
Diana's monthly salary is Rs.4200/.                                                                                                                                                                     
Kevin's monthly salary is Rs.5800/.                                                                                                                                                                     
Trenna's monthly salary is Rs.3500/.                                                                                                                                                                    
Curtis's monthly salary is Rs.3100/.                                                                                                                                                                    
Randall's monthly salary is Rs.2600/.                                                                                                                                                                   
Peter's monthly salary is Rs.2500/.                                                                                                                                                                     
Eleni's monthly salary is Rs.10500/.                                                                                                                                                                    
Ellen's monthly salary is Rs.11000/.                                                                                                                                                                    
Jonathon's monthly salary is Rs.8600/.                                                                                                                                                                  
Kimerely's monthly salary is Rs.7000/.                                                                                                                                                                  
Jennifer's monthly salary is Rs.4400/.                                                                                                                                                                  
Michael's monthly salary is Rs.13000/.                                                                                                                                                                  
Pat's monthly salary is Rs.6000/.                                                                                                                                                                       
Shelley's monthly salary is Rs.12000/.                                                                                                                                                                  
William's monthly salary is Rs.8300/.                                                                                                                                                                   

20 rows selected.

SQL> SELECT FIRST_NAME || Q'A's monthly salary is Rs.a' || SALARY || '/.' FROM EMPLOYEES;
ERROR:
ORA-01756: quoted string not properly terminated 


SQL> SELECT FIRST_NAME || Q' 's monthly salary is Rs. ' || SALARY || '/.' FROM EMPLOYEES;
SELECT FIRST_NAME || Q' 's monthly salary is Rs. ' || SALARY || '/.' FROM EMPLOYEES
                     *
ERROR at line 1:
ORA-00911: invalid character 


SQL> SELECT FIRST_NAME || Q'['s monthly salary is Rs.]' || SALARY || '/.' FROM EMPLOYEES;

FIRST_NAME||Q'['SMONTHLYSALARYISRS.]'||SALARY||'/.'                                                                                                                                                     
----------------------------------------------------------------------------                                                                                                                            
Steven's monthly salary is Rs.24000/.                                                                                                                                                                   
Neena's monthly salary is Rs.17000/.                                                                                                                                                                    
Lex's monthly salary is Rs.17000/.                                                                                                                                                                      
Alexander's monthly salary is Rs.9000/.                                                                                                                                                                 
Bruce's monthly salary is Rs.6000/.                                                                                                                                                                     
Diana's monthly salary is Rs.4200/.                                                                                                                                                                     
Kevin's monthly salary is Rs.5800/.                                                                                                                                                                     
Trenna's monthly salary is Rs.3500/.                                                                                                                                                                    
Curtis's monthly salary is Rs.3100/.                                                                                                                                                                    
Randall's monthly salary is Rs.2600/.                                                                                                                                                                   
Peter's monthly salary is Rs.2500/.                                                                                                                                                                     
Eleni's monthly salary is Rs.10500/.                                                                                                                                                                    
Ellen's monthly salary is Rs.11000/.                                                                                                                                                                    
Jonathon's monthly salary is Rs.8600/.                                                                                                                                                                  
Kimerely's monthly salary is Rs.7000/.                                                                                                                                                                  
Jennifer's monthly salary is Rs.4400/.                                                                                                                                                                  
Michael's monthly salary is Rs.13000/.                                                                                                                                                                  
Pat's monthly salary is Rs.6000/.                                                                                                                                                                       
Shelley's monthly salary is Rs.12000/.                                                                                                                                                                  
William's monthly salary is Rs.8300/.                                                                                                                                                                   

20 rows selected.

SQL> SELECT FIRST_NAME || Q']'s monthly salary is Rs.]' || SALARY || '/.' FROM EMPLOYEES;

FIRST_NAME||Q']'SMONTHLYSALARYISRS.]'||SALARY||'/.'                                                                                                                                                     
----------------------------------------------------------------------------                                                                                                                            
Steven's monthly salary is Rs.24000/.                                                                                                                                                                   
Neena's monthly salary is Rs.17000/.                                                                                                                                                                    
Lex's monthly salary is Rs.17000/.                                                                                                                                                                      
Alexander's monthly salary is Rs.9000/.                                                                                                                                                                 
Bruce's monthly salary is Rs.6000/.                                                                                                                                                                     
Diana's monthly salary is Rs.4200/.                                                                                                                                                                     
Kevin's monthly salary is Rs.5800/.                                                                                                                                                                     
Trenna's monthly salary is Rs.3500/.                                                                                                                                                                    
Curtis's monthly salary is Rs.3100/.                                                                                                                                                                    
Randall's monthly salary is Rs.2600/.                                                                                                                                                                   
Peter's monthly salary is Rs.2500/.                                                                                                                                                                     
Eleni's monthly salary is Rs.10500/.                                                                                                                                                                    
Ellen's monthly salary is Rs.11000/.                                                                                                                                                                    
Jonathon's monthly salary is Rs.8600/.                                                                                                                                                                  
Kimerely's monthly salary is Rs.7000/.                                                                                                                                                                  
Jennifer's monthly salary is Rs.4400/.                                                                                                                                                                  
Michael's monthly salary is Rs.13000/.                                                                                                                                                                  
Pat's monthly salary is Rs.6000/.                                                                                                                                                                       
Shelley's monthly salary is Rs.12000/.                                                                                                                                                                  
William's monthly salary is Rs.8300/.                                                                                                                                                                   

20 rows selected.

SQL> SELECT FIRST_NAME || Q']'s monthly salary is Rs.[' || SALARY || '/.' FROM EMPLOYEES;
ERROR:
ORA-01756: quoted string not properly terminated 


SQL> SELECT FIRST_NAME || Q'['s monthly salary is Rs.[' || SALARY || '/.' FROM EMPLOYEES;
ERROR:
ORA-01756: quoted string not properly terminated 


SQL> SELECT FIRST_NAME || Q'['s monthly salary is Rs.}' || SALARY || '/.' FROM EMPLOYEES;
ERROR:
ORA-01756: quoted string not properly terminated 


SQL> SELECT FIRST_NAME || Q'''s monthly salary is Rs.'' || SALARY || '/.' FROM EMPLOYEES;

FIRST_NAME||Q'''SMONTHLYSALARYISRS.''||SALARY||'/.'                                                                                                                                                     
----------------------------------------------------------------------------                                                                                                                            
Steven's monthly salary is Rs.24000/.                                                                                                                                                                   
Neena's monthly salary is Rs.17000/.                                                                                                                                                                    
Lex's monthly salary is Rs.17000/.                                                                                                                                                                      
Alexander's monthly salary is Rs.9000/.                                                                                                                                                                 
Bruce's monthly salary is Rs.6000/.                                                                                                                                                                     
Diana's monthly salary is Rs.4200/.                                                                                                                                                                     
Kevin's monthly salary is Rs.5800/.                                                                                                                                                                     
Trenna's monthly salary is Rs.3500/.                                                                                                                                                                    
Curtis's monthly salary is Rs.3100/.                                                                                                                                                                    
Randall's monthly salary is Rs.2600/.                                                                                                                                                                   
Peter's monthly salary is Rs.2500/.                                                                                                                                                                     
Eleni's monthly salary is Rs.10500/.                                                                                                                                                                    
Ellen's monthly salary is Rs.11000/.                                                                                                                                                                    
Jonathon's monthly salary is Rs.8600/.                                                                                                                                                                  
Kimerely's monthly salary is Rs.7000/.                                                                                                                                                                  
Jennifer's monthly salary is Rs.4400/.                                                                                                                                                                  
Michael's monthly salary is Rs.13000/.                                                                                                                                                                  
Pat's monthly salary is Rs.6000/.                                                                                                                                                                       
Shelley's monthly salary is Rs.12000/.                                                                                                                                                                  
William's monthly salary is Rs.8300/.                                                                                                                                                                   

20 rows selected.

SQL> SELECT FIRST_NAME || Q';'s monthly salary is Rs.;' || SALARY || '/.' FROM EMPLOYEES;

FIRST_NAME||Q';'SMONTHLYSALARYISRS.;'||SALARY||'/.'                                                                                                                                                     
----------------------------------------------------------------------------                                                                                                                            
Steven's monthly salary is Rs.24000/.                                                                                                                                                                   
Neena's monthly salary is Rs.17000/.                                                                                                                                                                    
Lex's monthly salary is Rs.17000/.                                                                                                                                                                      
Alexander's monthly salary is Rs.9000/.                                                                                                                                                                 
Bruce's monthly salary is Rs.6000/.                                                                                                                                                                     
Diana's monthly salary is Rs.4200/.                                                                                                                                                                     
Kevin's monthly salary is Rs.5800/.                                                                                                                                                                     
Trenna's monthly salary is Rs.3500/.                                                                                                                                                                    
Curtis's monthly salary is Rs.3100/.                                                                                                                                                                    
Randall's monthly salary is Rs.2600/.                                                                                                                                                                   
Peter's monthly salary is Rs.2500/.                                                                                                                                                                     
Eleni's monthly salary is Rs.10500/.                                                                                                                                                                    
Ellen's monthly salary is Rs.11000/.                                                                                                                                                                    
Jonathon's monthly salary is Rs.8600/.                                                                                                                                                                  
Kimerely's monthly salary is Rs.7000/.                                                                                                                                                                  
Jennifer's monthly salary is Rs.4400/.                                                                                                                                                                  
Michael's monthly salary is Rs.13000/.                                                                                                                                                                  
Pat's monthly salary is Rs.6000/.                                                                                                                                                                       
Shelley's monthly salary is Rs.12000/.                                                                                                                                                                  
William's monthly salary is Rs.8300/.                                                                                                                                                                   

20 rows selected.

SQL> REM * META CHARACTER
SQL> 
SQL> REM PROJECTION : DISPLAYING SOME OF THE COLUMNS
SQL> 
SQL> REM AO / * + -
> 
SQL> REM CO ||
SQL> 
SQL> REM PRECEDENCE
SQL> 
SQL> REM NLV
SQL> 
SQL> REM NVL
SQL> 
SQL> REM POWER
SQL> 
SQL> REM DUAL
SQL> 
SQL> REM DISTINCT/UNIQUE
SQL> 
SQL> REM Q
SQL> 
SQL> REM COLUMN ALIAS
SQL> 
SQL> REM * HAS TWO MEANINGS : 1 META CHARACTER 2 MULTIPLICATION OPERATOR
SQL> 
SQL> REM WHEN WE USE ONLY * BETWEEN 'SELECT' AND 'FROM' KEY WORDS, IT IS USED AS META CHARACTER.
SQL> 
SQL> REM WHEN WE USE ANYTHING ELSE WITH * BETWEEN 'SELECT' AND 'FROM' KEY WORDS, IT IS USED AS MULTIPLICATION OPERATOR.
SQL> 
SQL> SELECT * FROM REGIONS;

       RID REGION_NAME                                                                                                                                                                                  
---------- -------------------------                                                                                                                                                                    
         1 Europe                                                                                                                                                                                       
         2 Americas                                                                                                                                                                                     
         3 Asia                                                                                                                                                                                         
         4 Middle East and Africa                                                                                                                                                                       

SQL> SELECT ROWNUM , * FROM REGIONS;
SELECT ROWNUM , * FROM REGIONS
                *
ERROR at line 1:
ORA-00936: missing expression 


SQL> SELECT * FROM EMPLOYEES;

EMPLOYEE_ID FIRST_NAME LAST_NAME  EMAIL      PHONE_NUMBER         HIRE_DATE JOB_ID         SALARY COMMISSION_PCT MANAGER_ID DEPARTMENT_ID                                                               
----------- ---------- ---------- ---------- -------------------- --------- ---------- ---------- -------------- ---------- -------------                                                               
        100 Steven     King       SKING      515.123.4567         17-JUL-87 AD_PRES         24000                                      90                                                               
        101 Neena      Kochhar    NKOCHHAR   515.123.4568         21-SEP-89 AD_VP           17000                       100            90                                                               
        102 Lex        De Haan    LDEHAAN    515.123.4569         13-JAN-93 AD_VP           17000                       100            90                                                               
        103 Alexander  Hunold     AHUNOLD    590.423.4567         03-JAN-90 IT_PROG          9000                       102            60                                                               
        104 Bruce      Ernst      BERNST     590.423.4568         21-MAY-91 IT_PROG          6000                       103            60                                                               
        107 Diana      Lorentz    DLORENTZ   590.423.5567         07-FEB-99 IT_PROG          4200                       103            60                                                               
        124 Kevin      Mourgos    KMOURGOS   650.123.5234         16-NOV-99 ST_MAN           5800                       100            50                                                               
        141 Trenna     Rajs       TRAJS      650.121.8009         17-OCT-95 ST_CLERK         3500                       124            50                                                               
        142 Curtis     Davies     CDAVIES    650.121.2994         29-JAN-97 ST_CLERK         3100                       124            50                                                               
        143 Randall    Matos      RMATOS     650.121.2874         15-MAR-98 ST_CLERK         2600                       124            50                                                               
        144 Peter      Vargas     PVARGAS    650.121.2004         09-JUL-98 ST_CLERK         2500                       124            50                                                               
        149 Eleni      Zlotkey    EZLOTKEY   011.44.1344.429018   29-JAN-00 SA_MAN          10500             .2        100            80                                                               
        174 Ellen      Abel       EABEL      011.44.1644.429267   11-MAY-96 SA_REP          11000             .3        149            80                                                               
        176 Jonathon   Taylor     JTAYLOR    011.44.1644.429265   24-MAR-98 SA_REP           8600             .3        149            80                                                               
        178 Kimerely   Grant      KGRANT     011.44.1644.429263   24-MAY-99 SA_REP           7000            .15        149                                                                             
        200 Jennifer   Whalen     JWHALEN    515.123.4444         17-SEP-87 AD_ASST          4400                       101            10                                                               
        201 Michael    Hartstein  MHARTSTE   515.123.5555         17-FEB-96 MK_MAN          13000                       100            20                                                               
        202 Pat        Fay        PFAY       603.123.6666         17-AUG-97 MK_REP           6000                       201            20                                                               
        205 Shelley    Higgins    SHIGGINS   515.123.8080         07-JUN-94 AC_MGR          12000                       101           110                                                               
        206 William    Gietz      WGIETZ     515.123.8181         07-JUN-94 AC_ACCOUNT       8300                       205           110                                                               

20 rows selected.

SQL> SELECT * , SALARY * 12 FROM EMPLOYEES;
SELECT * , SALARY * 12 FROM EMPLOYEES
         *
ERROR at line 1:
ORA-00923: FROM keyword not found where expected 


SQL> SELECT ROWNUM , REGIONS.* FROM REGIONS;

    ROWNUM        RID REGION_NAME                                                                                                                                                                       
---------- ---------- -------------------------                                                                                                                                                         
         1          1 Europe                                                                                                                                                                            
         2          2 Americas                                                                                                                                                                          
         3          3 Asia                                                                                                                                                                              
         4          4 Middle East and Africa                                                                                                                                                            

SQL> SELECT ROWID , REGIONS.* FROM REGIONS;

ROWID                     RID REGION_NAME                                                                                                                                                               
------------------ ---------- -------------------------                                                                                                                                                 
AAAVN3AAHAAAADUAAA          1 Europe                                                                                                                                                                    
AAAVN3AAHAAAADUAAB          2 Americas                                                                                                                                                                  
AAAVN3AAHAAAADUAAC          3 Asia                                                                                                                                                                      
AAAVN3AAHAAAADUAAD          4 Middle East and Africa                                                                                                                                                    

SQL> REM ROWNUM IS SERIAL NUMBER OF RESULT ROWS
SQL> 
SQL> REM ROWID IS UNIQUE ADDRESS OF EACH ROW
SQL> 
SQL> SELECT ROWID , R.* FROM REGIONS R;

ROWID                     RID REGION_NAME                                                                                                                                                               
------------------ ---------- -------------------------                                                                                                                                                 
AAAVN3AAHAAAADUAAA          1 Europe                                                                                                                                                                    
AAAVN3AAHAAAADUAAB          2 Americas                                                                                                                                                                  
AAAVN3AAHAAAADUAAC          3 Asia                                                                                                                                                                      
AAAVN3AAHAAAADUAAD          4 Middle East and Africa                                                                                                                                                    

SQL> SELECT ROWID , REGIONS.* FROM REGIONS R;
SELECT ROWID , REGIONS.* FROM REGIONS R
                       *
ERROR at line 1:
ORA-00904: "REGIONS": invalid identifier 


SQL> SPOOL OFF
