SQL> 
SQL> SELECT 5 *  4;
SELECT 5 *  4
            *
ERROR at line 1:
ORA-00923: FROM keyword not found where expected 


SQL> SELECT 5 *  4 FROM;
SELECT 5 *  4 FROM
                 *
ERROR at line 1:
ORA-00903: invalid table name 


SQL> SELECT 5 *  4 FROM DUAL;

       5*4                                                                                                                                                                                              
----------                                                                                                                                                                                              
        20                                                                                                                                                                                              

SQL> SELECT * FROM DUAL;

D                                                                                                                                                                                                       
-                                                                                                                                                                                                       
X                                                                                                                                                                                                       

SQL> SELECT 5 *  4 FROM EMPLOYEES;

       5*4                                                                                                                                                                                              
----------                                                                                                                                                                                              
        20                                                                                                                                                                                              
        20                                                                                                                                                                                              
        20                                                                                                                                                                                              
        20                                                                                                                                                                                              
        20                                                                                                                                                                                              
        20                                                                                                                                                                                              
        20                                                                                                                                                                                              
        20                                                                                                                                                                                              
        20                                                                                                                                                                                              
        20                                                                                                                                                                                              
        20                                                                                                                                                                                              
        20                                                                                                                                                                                              
        20                                                                                                                                                                                              
        20                                                                                                                                                                                              
        20                                                                                                                                                                                              
        20                                                                                                                                                                                              
        20                                                                                                                                                                                              
        20                                                                                                                                                                                              
        20                                                                                                                                                                                              
        20                                                                                                                                                                                              

20 rows selected.

SQL> SELECT DISTINCT 5 *  4 FROM EMPLOYEES;

       5*4                                                                                                                                                                                              
----------                                                                                                                                                                                              
        20                                                                                                                                                                                              

SQL> SELECT DEPARTMENT_ID FROM EMPLOYEES;

DEPARTMENT_ID                                                                                                                                                                                           
-------------                                                                                                                                                                                           
           90                                                                                                                                                                                           
           90                                                                                                                                                                                           
           90                                                                                                                                                                                           
           60                                                                                                                                                                                           
           60                                                                                                                                                                                           
           60                                                                                                                                                                                           
           50                                                                                                                                                                                           
           50                                                                                                                                                                                           
           50                                                                                                                                                                                           
           50                                                                                                                                                                                           
           50                                                                                                                                                                                           
           80                                                                                                                                                                                           
           80                                                                                                                                                                                           
           80                                                                                                                                                                                           
                                                                                                                                                                                                        
           10                                                                                                                                                                                           
           20                                                                                                                                                                                           
           20                                                                                                                                                                                           
          110                                                                                                                                                                                           
          110                                                                                                                                                                                           

20 rows selected.

SQL> SELECT ALL DEPARTMENT_ID FROM EMPLOYEES;

DEPARTMENT_ID                                                                                                                                                                                           
-------------                                                                                                                                                                                           
           90                                                                                                                                                                                           
           90                                                                                                                                                                                           
           90                                                                                                                                                                                           
           60                                                                                                                                                                                           
           60                                                                                                                                                                                           
           60                                                                                                                                                                                           
           50                                                                                                                                                                                           
           50                                                                                                                                                                                           
           50                                                                                                                                                                                           
           50                                                                                                                                                                                           
           50                                                                                                                                                                                           
           80                                                                                                                                                                                           
           80                                                                                                                                                                                           
           80                                                                                                                                                                                           
                                                                                                                                                                                                        
           10                                                                                                                                                                                           
           20                                                                                                                                                                                           
           20                                                                                                                                                                                           
          110                                                                                                                                                                                           
          110                                                                                                                                                                                           

20 rows selected.

SQL> SELECT DISTINCT DEPARTMENT_ID FROM EMPLOYEES;

DEPARTMENT_ID                                                                                                                                                                                           
-------------                                                                                                                                                                                           
                                                                                                                                                                                                        
           90                                                                                                                                                                                           
           20                                                                                                                                                                                           
          110                                                                                                                                                                                           
           50                                                                                                                                                                                           
           80                                                                                                                                                                                           
           60                                                                                                                                                                                           
           10                                                                                                                                                                                           

8 rows selected.

SQL> SELECT UNIQUE DEPARTMENT_ID FROM EMPLOYEES;

DEPARTMENT_ID                                                                                                                                                                                           
-------------                                                                                                                                                                                           
                                                                                                                                                                                                        
           90                                                                                                                                                                                           
           20                                                                                                                                                                                           
          110                                                                                                                                                                                           
           50                                                                                                                                                                                           
           80                                                                                                                                                                                           
           60                                                                                                                                                                                           
           10                                                                                                                                                                                           

8 rows selected.

SQL> REM ALL : INCLUDING DUPLICATES
SQL> 
SQL> REM DISTINCT/UNIQUE : EXCLUDING DUPLICATES
SQL> 
SQL> CL SCR

SQL> REM CHAPTER 2 : 1 SORTING 2 TOP n ANALYSIS 3 RESTRICTION/SELECTION
SQL> 
SQL> REM 1 SORTING : ARRANGING VALUES IN EITHER ASCENDING OR DESCENDING ORDER
SQL> 
SQL> REM ASCENDING NUMBER : LOWEST VALUE FIRST , HIGHEST VALUE LAST : -9 TO +9
SQL> 
SQL> REM DESCENDING NUMBER : HIGHEST VALUE FIRST , LOWEST VALUE LAST : +9 TO -9
SQL> 
SQL> 
SQL> 
SQL> REM ASCENDING CHARACTER : LOWEST VALUE FIRST , HIGHEST VALUE LAST : A TO Z , a TO z
SQL> 
SQL> REM ASCII : AMERICAN STANDARD CODE FOR INFORMATION INTERCHANGE
SQL> 
SQL> REM A -> 65 , B -> 66 .. Z -> 90
SQL> 
SQL> REM a -> 97 , b -> 98 .. z -> 122
SQL> 
SQL> REM DESCENDING CHARACTER : HIGHEST VALUE FIRST , LOWEST VALUE LAST : z TO a , Z TO A
SQL> 
SQL> 
SQL> 
SQL> REM ASCENDING DATE : EARLIEST VALUE FIRST , LATEST VALUE LAST : 15-JAN-71   ...   02-JUL-05
SQL> 
SQL> REM DESCENDING DATE : LATEST VALUE FIRST , EARLIEST VALUE LAST : 02-JUL-05  ...  15-JAN-71
SQL> 
SQL> 
SQL> REM SELECT what_to_display FROM table_name; : MANDATORY/COMPULSORY SYNTAX
SQL> 
SQL> REM SELECT ... FROM ... WHERE ... ORDER BY ... OFFSET ... FETCH ...;
SQL> 
SQL> 
SQL> 
SQL> REM BY DEFAULT ALL ROWS ARE DISPLAYED IN ROWID ASCENDING ORDER.
SQL> 
SQL> SELECT * FROM EMPLOYEES;

EMPLOYEE_ID FIRST_NAME LAST_NAME  EMAIL      PHONE_NUMBER         HIRE_DATE JOB_ID         SALARY COMMISSION_PCT MANAGER_ID DEPARTMENT_ID                                                               
----------- ---------- ---------- ---------- -------------------- --------- ---------- ---------- -------------- ---------- -------------                                                               
        100 Steven     King       SKING      515.123.4567         17-JUL-87 AD_PRES         24000                                      90                                                               
        101 Neena      Kochhar    NKOCHHAR   515.123.4568         21-SEP-89 AD_VP           17000                       100            90                                                               
        102 Lex        De Haan    LDEHAAN    515.123.4569         13-JAN-93 AD_VP           17000                       100            90                                                               
        103 Alexander  Hunold     AHUNOLD    590.423.4567         03-JAN-90 IT_PROG          9000                       102            60                                                               
        104 Bruce      Ernst      BERNST     590.423.4568         21-MAY-91 IT_PROG          6000                       103            60                                                               
        107 Diana      Lorentz    DLORENTZ   590.423.5567         07-FEB-99 IT_PROG          4200                       103            60                                                               
        124 Kevin      Mourgos    KMOURGOS   650.123.5234         16-NOV-99 ST_MAN           5800                       100            50                                                               
        141 Trenna     Rajs       TRAJS      650.121.8009         17-OCT-95 ST_CLERK         3500                       124            50                                                               
        142 Curtis     Davies     CDAVIES    650.121.2994         29-JAN-97 ST_CLERK         3100                       124            50                                                               
        143 Randall    Matos      RMATOS     650.121.2874         15-MAR-98 ST_CLERK         2600                       124            50                                                               
        144 Peter      Vargas     PVARGAS    650.121.2004         09-JUL-98 ST_CLERK         2500                       124            50                                                               
        149 Eleni      Zlotkey    EZLOTKEY   011.44.1344.429018   29-JAN-00 SA_MAN          10500             .2        100            80                                                               
        174 Ellen      Abel       EABEL      011.44.1644.429267   11-MAY-96 SA_REP          11000             .3        149            80                                                               
        176 Jonathon   Taylor     JTAYLOR    011.44.1644.429265   24-MAR-98 SA_REP           8600             .3        149            80                                                               
        178 Kimerely   Grant      KGRANT     011.44.1644.429263   24-MAY-99 SA_REP           7000            .15        149                                                                             
        200 Jennifer   Whalen     JWHALEN    515.123.4444         17-SEP-87 AD_ASST          4400                       101            10                                                               
        201 Michael    Hartstein  MHARTSTE   515.123.5555         17-FEB-96 MK_MAN          13000                       100            20                                                               
        202 Pat        Fay        PFAY       603.123.6666         17-AUG-97 MK_REP           6000                       201            20                                                               
        205 Shelley    Higgins    SHIGGINS   515.123.8080         07-JUN-94 AC_MGR          12000                       101           110                                                               
        206 William    Gietz      WGIETZ     515.123.8181         07-JUN-94 AC_ACCOUNT       8300                       205           110                                                               

20 rows selected.

SQL> SELECT ROWID , * FROM EMPLOYEES;
SELECT ROWID , * FROM EMPLOYEES
               *
ERROR at line 1:
ORA-00936: missing expression 


SQL> SELECT ROWID , EMPLOYEES.* FROM EMPLOYEES;

ROWID              EMPLOYEE_ID FIRST_NAME LAST_NAME  EMAIL      PHONE_NUMBER         HIRE_DATE JOB_ID         SALARY COMMISSION_PCT MANAGER_ID DEPARTMENT_ID                                            
------------------ ----------- ---------- ---------- ---------- -------------------- --------- ---------- ---------- -------------- ---------- -------------                                            
AAAVNxAAHAAAAEsAAA         100 Steven     King       SKING      515.123.4567         17-JUL-87 AD_PRES         24000                                      90                                            
AAAVNxAAHAAAAEsAAB         101 Neena      Kochhar    NKOCHHAR   515.123.4568         21-SEP-89 AD_VP           17000                       100            90                                            
AAAVNxAAHAAAAEsAAC         102 Lex        De Haan    LDEHAAN    515.123.4569         13-JAN-93 AD_VP           17000                       100            90                                            
AAAVNxAAHAAAAEsAAD         103 Alexander  Hunold     AHUNOLD    590.423.4567         03-JAN-90 IT_PROG          9000                       102            60                                            
AAAVNxAAHAAAAEsAAE         104 Bruce      Ernst      BERNST     590.423.4568         21-MAY-91 IT_PROG          6000                       103            60                                            
AAAVNxAAHAAAAEsAAF         107 Diana      Lorentz    DLORENTZ   590.423.5567         07-FEB-99 IT_PROG          4200                       103            60                                            
AAAVNxAAHAAAAEsAAG         124 Kevin      Mourgos    KMOURGOS   650.123.5234         16-NOV-99 ST_MAN           5800                       100            50                                            
AAAVNxAAHAAAAEsAAH         141 Trenna     Rajs       TRAJS      650.121.8009         17-OCT-95 ST_CLERK         3500                       124            50                                            
AAAVNxAAHAAAAEsAAI         142 Curtis     Davies     CDAVIES    650.121.2994         29-JAN-97 ST_CLERK         3100                       124            50                                            
AAAVNxAAHAAAAEsAAJ         143 Randall    Matos      RMATOS     650.121.2874         15-MAR-98 ST_CLERK         2600                       124            50                                            
AAAVNxAAHAAAAEsAAK         144 Peter      Vargas     PVARGAS    650.121.2004         09-JUL-98 ST_CLERK         2500                       124            50                                            
AAAVNxAAHAAAAEsAAL         149 Eleni      Zlotkey    EZLOTKEY   011.44.1344.429018   29-JAN-00 SA_MAN          10500             .2        100            80                                            
AAAVNxAAHAAAAEsAAM         174 Ellen      Abel       EABEL      011.44.1644.429267   11-MAY-96 SA_REP          11000             .3        149            80                                            
AAAVNxAAHAAAAEsAAN         176 Jonathon   Taylor     JTAYLOR    011.44.1644.429265   24-MAR-98 SA_REP           8600             .3        149            80                                            
AAAVNxAAHAAAAEsAAO         178 Kimerely   Grant      KGRANT     011.44.1644.429263   24-MAY-99 SA_REP           7000            .15        149                                                          
AAAVNxAAHAAAAEsAAP         200 Jennifer   Whalen     JWHALEN    515.123.4444         17-SEP-87 AD_ASST          4400                       101            10                                            
AAAVNxAAHAAAAEsAAQ         201 Michael    Hartstein  MHARTSTE   515.123.5555         17-FEB-96 MK_MAN          13000                       100            20                                            
AAAVNxAAHAAAAEsAAR         202 Pat        Fay        PFAY       603.123.6666         17-AUG-97 MK_REP           6000                       201            20                                            
AAAVNxAAHAAAAEsAAS         205 Shelley    Higgins    SHIGGINS   515.123.8080         07-JUN-94 AC_MGR          12000                       101           110                                            
AAAVNxAAHAAAAEsAAT         206 William    Gietz      WGIETZ     515.123.8181         07-JUN-94 AC_ACCOUNT       8300                       205           110                                            

20 rows selected.

SQL> SELECT ROWID , E.* FROM EMPLOYEES;
SELECT ROWID , E.* FROM EMPLOYEES
                 *
ERROR at line 1:
ORA-00904: "E": invalid identifier 


SQL> SELECT ROWID , E.* FROM EMPLOYEES E;

ROWID              EMPLOYEE_ID FIRST_NAME LAST_NAME  EMAIL      PHONE_NUMBER         HIRE_DATE JOB_ID         SALARY COMMISSION_PCT MANAGER_ID DEPARTMENT_ID                                            
------------------ ----------- ---------- ---------- ---------- -------------------- --------- ---------- ---------- -------------- ---------- -------------                                            
AAAVNxAAHAAAAEsAAA         100 Steven     King       SKING      515.123.4567         17-JUL-87 AD_PRES         24000                                      90                                            
AAAVNxAAHAAAAEsAAB         101 Neena      Kochhar    NKOCHHAR   515.123.4568         21-SEP-89 AD_VP           17000                       100            90                                            
AAAVNxAAHAAAAEsAAC         102 Lex        De Haan    LDEHAAN    515.123.4569         13-JAN-93 AD_VP           17000                       100            90                                            
AAAVNxAAHAAAAEsAAD         103 Alexander  Hunold     AHUNOLD    590.423.4567         03-JAN-90 IT_PROG          9000                       102            60                                            
AAAVNxAAHAAAAEsAAE         104 Bruce      Ernst      BERNST     590.423.4568         21-MAY-91 IT_PROG          6000                       103            60                                            
AAAVNxAAHAAAAEsAAF         107 Diana      Lorentz    DLORENTZ   590.423.5567         07-FEB-99 IT_PROG          4200                       103            60                                            
AAAVNxAAHAAAAEsAAG         124 Kevin      Mourgos    KMOURGOS   650.123.5234         16-NOV-99 ST_MAN           5800                       100            50                                            
AAAVNxAAHAAAAEsAAH         141 Trenna     Rajs       TRAJS      650.121.8009         17-OCT-95 ST_CLERK         3500                       124            50                                            
AAAVNxAAHAAAAEsAAI         142 Curtis     Davies     CDAVIES    650.121.2994         29-JAN-97 ST_CLERK         3100                       124            50                                            
AAAVNxAAHAAAAEsAAJ         143 Randall    Matos      RMATOS     650.121.2874         15-MAR-98 ST_CLERK         2600                       124            50                                            
AAAVNxAAHAAAAEsAAK         144 Peter      Vargas     PVARGAS    650.121.2004         09-JUL-98 ST_CLERK         2500                       124            50                                            
AAAVNxAAHAAAAEsAAL         149 Eleni      Zlotkey    EZLOTKEY   011.44.1344.429018   29-JAN-00 SA_MAN          10500             .2        100            80                                            
AAAVNxAAHAAAAEsAAM         174 Ellen      Abel       EABEL      011.44.1644.429267   11-MAY-96 SA_REP          11000             .3        149            80                                            
AAAVNxAAHAAAAEsAAN         176 Jonathon   Taylor     JTAYLOR    011.44.1644.429265   24-MAR-98 SA_REP           8600             .3        149            80                                            
AAAVNxAAHAAAAEsAAO         178 Kimerely   Grant      KGRANT     011.44.1644.429263   24-MAY-99 SA_REP           7000            .15        149                                                          
AAAVNxAAHAAAAEsAAP         200 Jennifer   Whalen     JWHALEN    515.123.4444         17-SEP-87 AD_ASST          4400                       101            10                                            
AAAVNxAAHAAAAEsAAQ         201 Michael    Hartstein  MHARTSTE   515.123.5555         17-FEB-96 MK_MAN          13000                       100            20                                            
AAAVNxAAHAAAAEsAAR         202 Pat        Fay        PFAY       603.123.6666         17-AUG-97 MK_REP           6000                       201            20                                            
AAAVNxAAHAAAAEsAAS         205 Shelley    Higgins    SHIGGINS   515.123.8080         07-JUN-94 AC_MGR          12000                       101           110                                            
AAAVNxAAHAAAAEsAAT         206 William    Gietz      WGIETZ     515.123.8181         07-JUN-94 AC_ACCOUNT       8300                       205           110                                            

20 rows selected.

SQL> SELECT * FROM EMPLOYEES;

EMPLOYEE_ID FIRST_NAME LAST_NAME  EMAIL      PHONE_NUMBER         HIRE_DATE JOB_ID         SALARY COMMISSION_PCT MANAGER_ID DEPARTMENT_ID                                                               
----------- ---------- ---------- ---------- -------------------- --------- ---------- ---------- -------------- ---------- -------------                                                               
        100 Steven     King       SKING      515.123.4567         17-JUL-87 AD_PRES         24000                                      90                                                               
        101 Neena      Kochhar    NKOCHHAR   515.123.4568         21-SEP-89 AD_VP           17000                       100            90                                                               
        102 Lex        De Haan    LDEHAAN    515.123.4569         13-JAN-93 AD_VP           17000                       100            90                                                               
        103 Alexander  Hunold     AHUNOLD    590.423.4567         03-JAN-90 IT_PROG          9000                       102            60                                                               
        104 Bruce      Ernst      BERNST     590.423.4568         21-MAY-91 IT_PROG          6000                       103            60                                                               
        107 Diana      Lorentz    DLORENTZ   590.423.5567         07-FEB-99 IT_PROG          4200                       103            60                                                               
        124 Kevin      Mourgos    KMOURGOS   650.123.5234         16-NOV-99 ST_MAN           5800                       100            50                                                               
        141 Trenna     Rajs       TRAJS      650.121.8009         17-OCT-95 ST_CLERK         3500                       124            50                                                               
        142 Curtis     Davies     CDAVIES    650.121.2994         29-JAN-97 ST_CLERK         3100                       124            50                                                               
        143 Randall    Matos      RMATOS     650.121.2874         15-MAR-98 ST_CLERK         2600                       124            50                                                               
        144 Peter      Vargas     PVARGAS    650.121.2004         09-JUL-98 ST_CLERK         2500                       124            50                                                               
        149 Eleni      Zlotkey    EZLOTKEY   011.44.1344.429018   29-JAN-00 SA_MAN          10500             .2        100            80                                                               
        174 Ellen      Abel       EABEL      011.44.1644.429267   11-MAY-96 SA_REP          11000             .3        149            80                                                               
        176 Jonathon   Taylor     JTAYLOR    011.44.1644.429265   24-MAR-98 SA_REP           8600             .3        149            80                                                               
        178 Kimerely   Grant      KGRANT     011.44.1644.429263   24-MAY-99 SA_REP           7000            .15        149                                                                             
        200 Jennifer   Whalen     JWHALEN    515.123.4444         17-SEP-87 AD_ASST          4400                       101            10                                                               
        201 Michael    Hartstein  MHARTSTE   515.123.5555         17-FEB-96 MK_MAN          13000                       100            20                                                               
        202 Pat        Fay        PFAY       603.123.6666         17-AUG-97 MK_REP           6000                       201            20                                                               
        205 Shelley    Higgins    SHIGGINS   515.123.8080         07-JUN-94 AC_MGR          12000                       101           110                                                               
        206 William    Gietz      WGIETZ     515.123.8181         07-JUN-94 AC_ACCOUNT       8300                       205           110                                                               

20 rows selected.

SQL> SELECT * FROM EMPLOYEES ORDER BY SALARY;

EMPLOYEE_ID FIRST_NAME LAST_NAME  EMAIL      PHONE_NUMBER         HIRE_DATE JOB_ID         SALARY COMMISSION_PCT MANAGER_ID DEPARTMENT_ID                                                               
----------- ---------- ---------- ---------- -------------------- --------- ---------- ---------- -------------- ---------- -------------                                                               
        144 Peter      Vargas     PVARGAS    650.121.2004         09-JUL-98 ST_CLERK         2500                       124            50                                                               
        143 Randall    Matos      RMATOS     650.121.2874         15-MAR-98 ST_CLERK         2600                       124            50                                                               
        142 Curtis     Davies     CDAVIES    650.121.2994         29-JAN-97 ST_CLERK         3100                       124            50                                                               
        141 Trenna     Rajs       TRAJS      650.121.8009         17-OCT-95 ST_CLERK         3500                       124            50                                                               
        107 Diana      Lorentz    DLORENTZ   590.423.5567         07-FEB-99 IT_PROG          4200                       103            60                                                               
        200 Jennifer   Whalen     JWHALEN    515.123.4444         17-SEP-87 AD_ASST          4400                       101            10                                                               
        124 Kevin      Mourgos    KMOURGOS   650.123.5234         16-NOV-99 ST_MAN           5800                       100            50                                                               
        104 Bruce      Ernst      BERNST     590.423.4568         21-MAY-91 IT_PROG          6000                       103            60                                                               
        202 Pat        Fay        PFAY       603.123.6666         17-AUG-97 MK_REP           6000                       201            20                                                               
        178 Kimerely   Grant      KGRANT     011.44.1644.429263   24-MAY-99 SA_REP           7000            .15        149                                                                             
        206 William    Gietz      WGIETZ     515.123.8181         07-JUN-94 AC_ACCOUNT       8300                       205           110                                                               
        176 Jonathon   Taylor     JTAYLOR    011.44.1644.429265   24-MAR-98 SA_REP           8600             .3        149            80                                                               
        103 Alexander  Hunold     AHUNOLD    590.423.4567         03-JAN-90 IT_PROG          9000                       102            60                                                               
        149 Eleni      Zlotkey    EZLOTKEY   011.44.1344.429018   29-JAN-00 SA_MAN          10500             .2        100            80                                                               
        174 Ellen      Abel       EABEL      011.44.1644.429267   11-MAY-96 SA_REP          11000             .3        149            80                                                               
        205 Shelley    Higgins    SHIGGINS   515.123.8080         07-JUN-94 AC_MGR          12000                       101           110                                                               
        201 Michael    Hartstein  MHARTSTE   515.123.5555         17-FEB-96 MK_MAN          13000                       100            20                                                               
        101 Neena      Kochhar    NKOCHHAR   515.123.4568         21-SEP-89 AD_VP           17000                       100            90                                                               
        102 Lex        De Haan    LDEHAAN    515.123.4569         13-JAN-93 AD_VP           17000                       100            90                                                               
        100 Steven     King       SKING      515.123.4567         17-JUL-87 AD_PRES         24000                                      90                                                               

20 rows selected.

SQL> SELECT ROWID , E.* FROM EMPLOYEES E ORDER BY SALARY;

ROWID              EMPLOYEE_ID FIRST_NAME LAST_NAME  EMAIL      PHONE_NUMBER         HIRE_DATE JOB_ID         SALARY COMMISSION_PCT MANAGER_ID DEPARTMENT_ID                                            
------------------ ----------- ---------- ---------- ---------- -------------------- --------- ---------- ---------- -------------- ---------- -------------                                            
AAAVNxAAHAAAAEsAAK         144 Peter      Vargas     PVARGAS    650.121.2004         09-JUL-98 ST_CLERK         2500                       124            50                                            
AAAVNxAAHAAAAEsAAJ         143 Randall    Matos      RMATOS     650.121.2874         15-MAR-98 ST_CLERK         2600                       124            50                                            
AAAVNxAAHAAAAEsAAI         142 Curtis     Davies     CDAVIES    650.121.2994         29-JAN-97 ST_CLERK         3100                       124            50                                            
AAAVNxAAHAAAAEsAAH         141 Trenna     Rajs       TRAJS      650.121.8009         17-OCT-95 ST_CLERK         3500                       124            50                                            
AAAVNxAAHAAAAEsAAF         107 Diana      Lorentz    DLORENTZ   590.423.5567         07-FEB-99 IT_PROG          4200                       103            60                                            
AAAVNxAAHAAAAEsAAP         200 Jennifer   Whalen     JWHALEN    515.123.4444         17-SEP-87 AD_ASST          4400                       101            10                                            
AAAVNxAAHAAAAEsAAG         124 Kevin      Mourgos    KMOURGOS   650.123.5234         16-NOV-99 ST_MAN           5800                       100            50                                            
AAAVNxAAHAAAAEsAAE         104 Bruce      Ernst      BERNST     590.423.4568         21-MAY-91 IT_PROG          6000                       103            60                                            
AAAVNxAAHAAAAEsAAR         202 Pat        Fay        PFAY       603.123.6666         17-AUG-97 MK_REP           6000                       201            20                                            
AAAVNxAAHAAAAEsAAO         178 Kimerely   Grant      KGRANT     011.44.1644.429263   24-MAY-99 SA_REP           7000            .15        149                                                          
AAAVNxAAHAAAAEsAAT         206 William    Gietz      WGIETZ     515.123.8181         07-JUN-94 AC_ACCOUNT       8300                       205           110                                            
AAAVNxAAHAAAAEsAAN         176 Jonathon   Taylor     JTAYLOR    011.44.1644.429265   24-MAR-98 SA_REP           8600             .3        149            80                                            
AAAVNxAAHAAAAEsAAD         103 Alexander  Hunold     AHUNOLD    590.423.4567         03-JAN-90 IT_PROG          9000                       102            60                                            
AAAVNxAAHAAAAEsAAL         149 Eleni      Zlotkey    EZLOTKEY   011.44.1344.429018   29-JAN-00 SA_MAN          10500             .2        100            80                                            
AAAVNxAAHAAAAEsAAM         174 Ellen      Abel       EABEL      011.44.1644.429267   11-MAY-96 SA_REP          11000             .3        149            80                                            
AAAVNxAAHAAAAEsAAS         205 Shelley    Higgins    SHIGGINS   515.123.8080         07-JUN-94 AC_MGR          12000                       101           110                                            
AAAVNxAAHAAAAEsAAQ         201 Michael    Hartstein  MHARTSTE   515.123.5555         17-FEB-96 MK_MAN          13000                       100            20                                            
AAAVNxAAHAAAAEsAAB         101 Neena      Kochhar    NKOCHHAR   515.123.4568         21-SEP-89 AD_VP           17000                       100            90                                            
AAAVNxAAHAAAAEsAAC         102 Lex        De Haan    LDEHAAN    515.123.4569         13-JAN-93 AD_VP           17000                       100            90                                            
AAAVNxAAHAAAAEsAAA         100 Steven     King       SKING      515.123.4567         17-JUL-87 AD_PRES         24000                                      90                                            

20 rows selected.

SQL> SELECT * FROM EMPLOYEES ORDER BY SALARY ASC;

EMPLOYEE_ID FIRST_NAME LAST_NAME  EMAIL      PHONE_NUMBER         HIRE_DATE JOB_ID         SALARY COMMISSION_PCT MANAGER_ID DEPARTMENT_ID                                                               
----------- ---------- ---------- ---------- -------------------- --------- ---------- ---------- -------------- ---------- -------------                                                               
        144 Peter      Vargas     PVARGAS    650.121.2004         09-JUL-98 ST_CLERK         2500                       124            50                                                               
        143 Randall    Matos      RMATOS     650.121.2874         15-MAR-98 ST_CLERK         2600                       124            50                                                               
        142 Curtis     Davies     CDAVIES    650.121.2994         29-JAN-97 ST_CLERK         3100                       124            50                                                               
        141 Trenna     Rajs       TRAJS      650.121.8009         17-OCT-95 ST_CLERK         3500                       124            50                                                               
        107 Diana      Lorentz    DLORENTZ   590.423.5567         07-FEB-99 IT_PROG          4200                       103            60                                                               
        200 Jennifer   Whalen     JWHALEN    515.123.4444         17-SEP-87 AD_ASST          4400                       101            10                                                               
        124 Kevin      Mourgos    KMOURGOS   650.123.5234         16-NOV-99 ST_MAN           5800                       100            50                                                               
        104 Bruce      Ernst      BERNST     590.423.4568         21-MAY-91 IT_PROG          6000                       103            60                                                               
        202 Pat        Fay        PFAY       603.123.6666         17-AUG-97 MK_REP           6000                       201            20                                                               
        178 Kimerely   Grant      KGRANT     011.44.1644.429263   24-MAY-99 SA_REP           7000            .15        149                                                                             
        206 William    Gietz      WGIETZ     515.123.8181         07-JUN-94 AC_ACCOUNT       8300                       205           110                                                               
        176 Jonathon   Taylor     JTAYLOR    011.44.1644.429265   24-MAR-98 SA_REP           8600             .3        149            80                                                               
        103 Alexander  Hunold     AHUNOLD    590.423.4567         03-JAN-90 IT_PROG          9000                       102            60                                                               
        149 Eleni      Zlotkey    EZLOTKEY   011.44.1344.429018   29-JAN-00 SA_MAN          10500             .2        100            80                                                               
        174 Ellen      Abel       EABEL      011.44.1644.429267   11-MAY-96 SA_REP          11000             .3        149            80                                                               
        205 Shelley    Higgins    SHIGGINS   515.123.8080         07-JUN-94 AC_MGR          12000                       101           110                                                               
        201 Michael    Hartstein  MHARTSTE   515.123.5555         17-FEB-96 MK_MAN          13000                       100            20                                                               
        101 Neena      Kochhar    NKOCHHAR   515.123.4568         21-SEP-89 AD_VP           17000                       100            90                                                               
        102 Lex        De Haan    LDEHAAN    515.123.4569         13-JAN-93 AD_VP           17000                       100            90                                                               
        100 Steven     King       SKING      515.123.4567         17-JUL-87 AD_PRES         24000                                      90                                                               

20 rows selected.

SQL> SELECT * FROM EMPLOYEES ORDER BY SALARY DESC;

EMPLOYEE_ID FIRST_NAME LAST_NAME  EMAIL      PHONE_NUMBER         HIRE_DATE JOB_ID         SALARY COMMISSION_PCT MANAGER_ID DEPARTMENT_ID                                                               
----------- ---------- ---------- ---------- -------------------- --------- ---------- ---------- -------------- ---------- -------------                                                               
        100 Steven     King       SKING      515.123.4567         17-JUL-87 AD_PRES         24000                                      90                                                               
        101 Neena      Kochhar    NKOCHHAR   515.123.4568         21-SEP-89 AD_VP           17000                       100            90                                                               
        102 Lex        De Haan    LDEHAAN    515.123.4569         13-JAN-93 AD_VP           17000                       100            90                                                               
        201 Michael    Hartstein  MHARTSTE   515.123.5555         17-FEB-96 MK_MAN          13000                       100            20                                                               
        205 Shelley    Higgins    SHIGGINS   515.123.8080         07-JUN-94 AC_MGR          12000                       101           110                                                               
        174 Ellen      Abel       EABEL      011.44.1644.429267   11-MAY-96 SA_REP          11000             .3        149            80                                                               
        149 Eleni      Zlotkey    EZLOTKEY   011.44.1344.429018   29-JAN-00 SA_MAN          10500             .2        100            80                                                               
        103 Alexander  Hunold     AHUNOLD    590.423.4567         03-JAN-90 IT_PROG          9000                       102            60                                                               
        176 Jonathon   Taylor     JTAYLOR    011.44.1644.429265   24-MAR-98 SA_REP           8600             .3        149            80                                                               
        206 William    Gietz      WGIETZ     515.123.8181         07-JUN-94 AC_ACCOUNT       8300                       205           110                                                               
        178 Kimerely   Grant      KGRANT     011.44.1644.429263   24-MAY-99 SA_REP           7000            .15        149                                                                             
        104 Bruce      Ernst      BERNST     590.423.4568         21-MAY-91 IT_PROG          6000                       103            60                                                               
        202 Pat        Fay        PFAY       603.123.6666         17-AUG-97 MK_REP           6000                       201            20                                                               
        124 Kevin      Mourgos    KMOURGOS   650.123.5234         16-NOV-99 ST_MAN           5800                       100            50                                                               
        200 Jennifer   Whalen     JWHALEN    515.123.4444         17-SEP-87 AD_ASST          4400                       101            10                                                               
        107 Diana      Lorentz    DLORENTZ   590.423.5567         07-FEB-99 IT_PROG          4200                       103            60                                                               
        141 Trenna     Rajs       TRAJS      650.121.8009         17-OCT-95 ST_CLERK         3500                       124            50                                                               
        142 Curtis     Davies     CDAVIES    650.121.2994         29-JAN-97 ST_CLERK         3100                       124            50                                                               
        143 Randall    Matos      RMATOS     650.121.2874         15-MAR-98 ST_CLERK         2600                       124            50                                                               
        144 Peter      Vargas     PVARGAS    650.121.2004         09-JUL-98 ST_CLERK         2500                       124            50                                                               

20 rows selected.

SQL> SELECT ROWID , E.* FROM EMPLOYEES E ORDER BY FIRST_NAME;

ROWID              EMPLOYEE_ID FIRST_NAME LAST_NAME  EMAIL      PHONE_NUMBER         HIRE_DATE JOB_ID         SALARY COMMISSION_PCT MANAGER_ID DEPARTMENT_ID                                            
------------------ ----------- ---------- ---------- ---------- -------------------- --------- ---------- ---------- -------------- ---------- -------------                                            
AAAVNxAAHAAAAEsAAD         103 Alexander  Hunold     AHUNOLD    590.423.4567         03-JAN-90 IT_PROG          9000                       102            60                                            
AAAVNxAAHAAAAEsAAE         104 Bruce      Ernst      BERNST     590.423.4568         21-MAY-91 IT_PROG          6000                       103            60                                            
AAAVNxAAHAAAAEsAAI         142 Curtis     Davies     CDAVIES    650.121.2994         29-JAN-97 ST_CLERK         3100                       124            50                                            
AAAVNxAAHAAAAEsAAF         107 Diana      Lorentz    DLORENTZ   590.423.5567         07-FEB-99 IT_PROG          4200                       103            60                                            
AAAVNxAAHAAAAEsAAL         149 Eleni      Zlotkey    EZLOTKEY   011.44.1344.429018   29-JAN-00 SA_MAN          10500             .2        100            80                                            
AAAVNxAAHAAAAEsAAM         174 Ellen      Abel       EABEL      011.44.1644.429267   11-MAY-96 SA_REP          11000             .3        149            80                                            
AAAVNxAAHAAAAEsAAP         200 Jennifer   Whalen     JWHALEN    515.123.4444         17-SEP-87 AD_ASST          4400                       101            10                                            
AAAVNxAAHAAAAEsAAN         176 Jonathon   Taylor     JTAYLOR    011.44.1644.429265   24-MAR-98 SA_REP           8600             .3        149            80                                            
AAAVNxAAHAAAAEsAAG         124 Kevin      Mourgos    KMOURGOS   650.123.5234         16-NOV-99 ST_MAN           5800                       100            50                                            
AAAVNxAAHAAAAEsAAO         178 Kimerely   Grant      KGRANT     011.44.1644.429263   24-MAY-99 SA_REP           7000            .15        149                                                          
AAAVNxAAHAAAAEsAAC         102 Lex        De Haan    LDEHAAN    515.123.4569         13-JAN-93 AD_VP           17000                       100            90                                            
AAAVNxAAHAAAAEsAAQ         201 Michael    Hartstein  MHARTSTE   515.123.5555         17-FEB-96 MK_MAN          13000                       100            20                                            
AAAVNxAAHAAAAEsAAB         101 Neena      Kochhar    NKOCHHAR   515.123.4568         21-SEP-89 AD_VP           17000                       100            90                                            
AAAVNxAAHAAAAEsAAR         202 Pat        Fay        PFAY       603.123.6666         17-AUG-97 MK_REP           6000                       201            20                                            
AAAVNxAAHAAAAEsAAK         144 Peter      Vargas     PVARGAS    650.121.2004         09-JUL-98 ST_CLERK         2500                       124            50                                            
AAAVNxAAHAAAAEsAAJ         143 Randall    Matos      RMATOS     650.121.2874         15-MAR-98 ST_CLERK         2600                       124            50                                            
AAAVNxAAHAAAAEsAAS         205 Shelley    Higgins    SHIGGINS   515.123.8080         07-JUN-94 AC_MGR          12000                       101           110                                            
AAAVNxAAHAAAAEsAAA         100 Steven     King       SKING      515.123.4567         17-JUL-87 AD_PRES         24000                                      90                                            
AAAVNxAAHAAAAEsAAH         141 Trenna     Rajs       TRAJS      650.121.8009         17-OCT-95 ST_CLERK         3500                       124            50                                            
AAAVNxAAHAAAAEsAAT         206 William    Gietz      WGIETZ     515.123.8181         07-JUN-94 AC_ACCOUNT       8300                       205           110                                            

20 rows selected.

SQL> SELECT ROWID , E.* FROM EMPLOYEES E ORDER BY FIRST_NAME ASC;

ROWID              EMPLOYEE_ID FIRST_NAME LAST_NAME  EMAIL      PHONE_NUMBER         HIRE_DATE JOB_ID         SALARY COMMISSION_PCT MANAGER_ID DEPARTMENT_ID                                            
------------------ ----------- ---------- ---------- ---------- -------------------- --------- ---------- ---------- -------------- ---------- -------------                                            
AAAVNxAAHAAAAEsAAD         103 Alexander  Hunold     AHUNOLD    590.423.4567         03-JAN-90 IT_PROG          9000                       102            60                                            
AAAVNxAAHAAAAEsAAE         104 Bruce      Ernst      BERNST     590.423.4568         21-MAY-91 IT_PROG          6000                       103            60                                            
AAAVNxAAHAAAAEsAAI         142 Curtis     Davies     CDAVIES    650.121.2994         29-JAN-97 ST_CLERK         3100                       124            50                                            
AAAVNxAAHAAAAEsAAF         107 Diana      Lorentz    DLORENTZ   590.423.5567         07-FEB-99 IT_PROG          4200                       103            60                                            
AAAVNxAAHAAAAEsAAL         149 Eleni      Zlotkey    EZLOTKEY   011.44.1344.429018   29-JAN-00 SA_MAN          10500             .2        100            80                                            
AAAVNxAAHAAAAEsAAM         174 Ellen      Abel       EABEL      011.44.1644.429267   11-MAY-96 SA_REP          11000             .3        149            80                                            
AAAVNxAAHAAAAEsAAP         200 Jennifer   Whalen     JWHALEN    515.123.4444         17-SEP-87 AD_ASST          4400                       101            10                                            
AAAVNxAAHAAAAEsAAN         176 Jonathon   Taylor     JTAYLOR    011.44.1644.429265   24-MAR-98 SA_REP           8600             .3        149            80                                            
AAAVNxAAHAAAAEsAAG         124 Kevin      Mourgos    KMOURGOS   650.123.5234         16-NOV-99 ST_MAN           5800                       100            50                                            
AAAVNxAAHAAAAEsAAO         178 Kimerely   Grant      KGRANT     011.44.1644.429263   24-MAY-99 SA_REP           7000            .15        149                                                          
AAAVNxAAHAAAAEsAAC         102 Lex        De Haan    LDEHAAN    515.123.4569         13-JAN-93 AD_VP           17000                       100            90                                            
AAAVNxAAHAAAAEsAAQ         201 Michael    Hartstein  MHARTSTE   515.123.5555         17-FEB-96 MK_MAN          13000                       100            20                                            
AAAVNxAAHAAAAEsAAB         101 Neena      Kochhar    NKOCHHAR   515.123.4568         21-SEP-89 AD_VP           17000                       100            90                                            
AAAVNxAAHAAAAEsAAR         202 Pat        Fay        PFAY       603.123.6666         17-AUG-97 MK_REP           6000                       201            20                                            
AAAVNxAAHAAAAEsAAK         144 Peter      Vargas     PVARGAS    650.121.2004         09-JUL-98 ST_CLERK         2500                       124            50                                            
AAAVNxAAHAAAAEsAAJ         143 Randall    Matos      RMATOS     650.121.2874         15-MAR-98 ST_CLERK         2600                       124            50                                            
AAAVNxAAHAAAAEsAAS         205 Shelley    Higgins    SHIGGINS   515.123.8080         07-JUN-94 AC_MGR          12000                       101           110                                            
AAAVNxAAHAAAAEsAAA         100 Steven     King       SKING      515.123.4567         17-JUL-87 AD_PRES         24000                                      90                                            
AAAVNxAAHAAAAEsAAH         141 Trenna     Rajs       TRAJS      650.121.8009         17-OCT-95 ST_CLERK         3500                       124            50                                            
AAAVNxAAHAAAAEsAAT         206 William    Gietz      WGIETZ     515.123.8181         07-JUN-94 AC_ACCOUNT       8300                       205           110                                            

20 rows selected.

SQL> SELECT ROWID , E.* FROM EMPLOYEES E ORDER BY FIRST_NAME DESC;

ROWID              EMPLOYEE_ID FIRST_NAME LAST_NAME  EMAIL      PHONE_NUMBER         HIRE_DATE JOB_ID         SALARY COMMISSION_PCT MANAGER_ID DEPARTMENT_ID                                            
------------------ ----------- ---------- ---------- ---------- -------------------- --------- ---------- ---------- -------------- ---------- -------------                                            
AAAVNxAAHAAAAEsAAT         206 William    Gietz      WGIETZ     515.123.8181         07-JUN-94 AC_ACCOUNT       8300                       205           110                                            
AAAVNxAAHAAAAEsAAH         141 Trenna     Rajs       TRAJS      650.121.8009         17-OCT-95 ST_CLERK         3500                       124            50                                            
AAAVNxAAHAAAAEsAAA         100 Steven     King       SKING      515.123.4567         17-JUL-87 AD_PRES         24000                                      90                                            
AAAVNxAAHAAAAEsAAS         205 Shelley    Higgins    SHIGGINS   515.123.8080         07-JUN-94 AC_MGR          12000                       101           110                                            
AAAVNxAAHAAAAEsAAJ         143 Randall    Matos      RMATOS     650.121.2874         15-MAR-98 ST_CLERK         2600                       124            50                                            
AAAVNxAAHAAAAEsAAK         144 Peter      Vargas     PVARGAS    650.121.2004         09-JUL-98 ST_CLERK         2500                       124            50                                            
AAAVNxAAHAAAAEsAAR         202 Pat        Fay        PFAY       603.123.6666         17-AUG-97 MK_REP           6000                       201            20                                            
AAAVNxAAHAAAAEsAAB         101 Neena      Kochhar    NKOCHHAR   515.123.4568         21-SEP-89 AD_VP           17000                       100            90                                            
AAAVNxAAHAAAAEsAAQ         201 Michael    Hartstein  MHARTSTE   515.123.5555         17-FEB-96 MK_MAN          13000                       100            20                                            
AAAVNxAAHAAAAEsAAC         102 Lex        De Haan    LDEHAAN    515.123.4569         13-JAN-93 AD_VP           17000                       100            90                                            
AAAVNxAAHAAAAEsAAO         178 Kimerely   Grant      KGRANT     011.44.1644.429263   24-MAY-99 SA_REP           7000            .15        149                                                          
AAAVNxAAHAAAAEsAAG         124 Kevin      Mourgos    KMOURGOS   650.123.5234         16-NOV-99 ST_MAN           5800                       100            50                                            
AAAVNxAAHAAAAEsAAN         176 Jonathon   Taylor     JTAYLOR    011.44.1644.429265   24-MAR-98 SA_REP           8600             .3        149            80                                            
AAAVNxAAHAAAAEsAAP         200 Jennifer   Whalen     JWHALEN    515.123.4444         17-SEP-87 AD_ASST          4400                       101            10                                            
AAAVNxAAHAAAAEsAAM         174 Ellen      Abel       EABEL      011.44.1644.429267   11-MAY-96 SA_REP          11000             .3        149            80                                            
AAAVNxAAHAAAAEsAAL         149 Eleni      Zlotkey    EZLOTKEY   011.44.1344.429018   29-JAN-00 SA_MAN          10500             .2        100            80                                            
AAAVNxAAHAAAAEsAAF         107 Diana      Lorentz    DLORENTZ   590.423.5567         07-FEB-99 IT_PROG          4200                       103            60                                            
AAAVNxAAHAAAAEsAAI         142 Curtis     Davies     CDAVIES    650.121.2994         29-JAN-97 ST_CLERK         3100                       124            50                                            
AAAVNxAAHAAAAEsAAE         104 Bruce      Ernst      BERNST     590.423.4568         21-MAY-91 IT_PROG          6000                       103            60                                            
AAAVNxAAHAAAAEsAAD         103 Alexander  Hunold     AHUNOLD    590.423.4567         03-JAN-90 IT_PROG          9000                       102            60                                            

20 rows selected.

SQL> SELECT ROWID , E.* FROM EMPLOYEES E ORDER BY JOB_ID;

ROWID              EMPLOYEE_ID FIRST_NAME LAST_NAME  EMAIL      PHONE_NUMBER         HIRE_DATE JOB_ID         SALARY COMMISSION_PCT MANAGER_ID DEPARTMENT_ID                                            
------------------ ----------- ---------- ---------- ---------- -------------------- --------- ---------- ---------- -------------- ---------- -------------                                            
AAAVNxAAHAAAAEsAAT         206 William    Gietz      WGIETZ     515.123.8181         07-JUN-94 AC_ACCOUNT       8300                       205           110                                            
AAAVNxAAHAAAAEsAAS         205 Shelley    Higgins    SHIGGINS   515.123.8080         07-JUN-94 AC_MGR          12000                       101           110                                            
AAAVNxAAHAAAAEsAAP         200 Jennifer   Whalen     JWHALEN    515.123.4444         17-SEP-87 AD_ASST          4400                       101            10                                            
AAAVNxAAHAAAAEsAAA         100 Steven     King       SKING      515.123.4567         17-JUL-87 AD_PRES         24000                                      90                                            
AAAVNxAAHAAAAEsAAC         102 Lex        De Haan    LDEHAAN    515.123.4569         13-JAN-93 AD_VP           17000                       100            90                                            
AAAVNxAAHAAAAEsAAB         101 Neena      Kochhar    NKOCHHAR   515.123.4568         21-SEP-89 AD_VP           17000                       100            90                                            
AAAVNxAAHAAAAEsAAD         103 Alexander  Hunold     AHUNOLD    590.423.4567         03-JAN-90 IT_PROG          9000                       102            60                                            
AAAVNxAAHAAAAEsAAE         104 Bruce      Ernst      BERNST     590.423.4568         21-MAY-91 IT_PROG          6000                       103            60                                            
AAAVNxAAHAAAAEsAAF         107 Diana      Lorentz    DLORENTZ   590.423.5567         07-FEB-99 IT_PROG          4200                       103            60                                            
AAAVNxAAHAAAAEsAAQ         201 Michael    Hartstein  MHARTSTE   515.123.5555         17-FEB-96 MK_MAN          13000                       100            20                                            
AAAVNxAAHAAAAEsAAR         202 Pat        Fay        PFAY       603.123.6666         17-AUG-97 MK_REP           6000                       201            20                                            
AAAVNxAAHAAAAEsAAL         149 Eleni      Zlotkey    EZLOTKEY   011.44.1344.429018   29-JAN-00 SA_MAN          10500             .2        100            80                                            
AAAVNxAAHAAAAEsAAM         174 Ellen      Abel       EABEL      011.44.1644.429267   11-MAY-96 SA_REP          11000             .3        149            80                                            
AAAVNxAAHAAAAEsAAO         178 Kimerely   Grant      KGRANT     011.44.1644.429263   24-MAY-99 SA_REP           7000            .15        149                                                          
AAAVNxAAHAAAAEsAAN         176 Jonathon   Taylor     JTAYLOR    011.44.1644.429265   24-MAR-98 SA_REP           8600             .3        149            80                                            
AAAVNxAAHAAAAEsAAJ         143 Randall    Matos      RMATOS     650.121.2874         15-MAR-98 ST_CLERK         2600                       124            50                                            
AAAVNxAAHAAAAEsAAI         142 Curtis     Davies     CDAVIES    650.121.2994         29-JAN-97 ST_CLERK         3100                       124            50                                            
AAAVNxAAHAAAAEsAAH         141 Trenna     Rajs       TRAJS      650.121.8009         17-OCT-95 ST_CLERK         3500                       124            50                                            
AAAVNxAAHAAAAEsAAK         144 Peter      Vargas     PVARGAS    650.121.2004         09-JUL-98 ST_CLERK         2500                       124            50                                            
AAAVNxAAHAAAAEsAAG         124 Kevin      Mourgos    KMOURGOS   650.123.5234         16-NOV-99 ST_MAN           5800                       100            50                                            

20 rows selected.

SQL> SELECT ROWID , E.* FROM EMPLOYEES E ORDER BY HIRE_DATE;

ROWID              EMPLOYEE_ID FIRST_NAME LAST_NAME  EMAIL      PHONE_NUMBER         HIRE_DATE JOB_ID         SALARY COMMISSION_PCT MANAGER_ID DEPARTMENT_ID                                            
------------------ ----------- ---------- ---------- ---------- -------------------- --------- ---------- ---------- -------------- ---------- -------------                                            
AAAVNxAAHAAAAEsAAA         100 Steven     King       SKING      515.123.4567         17-JUL-87 AD_PRES         24000                                      90                                            
AAAVNxAAHAAAAEsAAP         200 Jennifer   Whalen     JWHALEN    515.123.4444         17-SEP-87 AD_ASST          4400                       101            10                                            
AAAVNxAAHAAAAEsAAB         101 Neena      Kochhar    NKOCHHAR   515.123.4568         21-SEP-89 AD_VP           17000                       100            90                                            
AAAVNxAAHAAAAEsAAD         103 Alexander  Hunold     AHUNOLD    590.423.4567         03-JAN-90 IT_PROG          9000                       102            60                                            
AAAVNxAAHAAAAEsAAE         104 Bruce      Ernst      BERNST     590.423.4568         21-MAY-91 IT_PROG          6000                       103            60                                            
AAAVNxAAHAAAAEsAAC         102 Lex        De Haan    LDEHAAN    515.123.4569         13-JAN-93 AD_VP           17000                       100            90                                            
AAAVNxAAHAAAAEsAAS         205 Shelley    Higgins    SHIGGINS   515.123.8080         07-JUN-94 AC_MGR          12000                       101           110                                            
AAAVNxAAHAAAAEsAAT         206 William    Gietz      WGIETZ     515.123.8181         07-JUN-94 AC_ACCOUNT       8300                       205           110                                            
AAAVNxAAHAAAAEsAAH         141 Trenna     Rajs       TRAJS      650.121.8009         17-OCT-95 ST_CLERK         3500                       124            50                                            
AAAVNxAAHAAAAEsAAQ         201 Michael    Hartstein  MHARTSTE   515.123.5555         17-FEB-96 MK_MAN          13000                       100            20                                            
AAAVNxAAHAAAAEsAAM         174 Ellen      Abel       EABEL      011.44.1644.429267   11-MAY-96 SA_REP          11000             .3        149            80                                            
AAAVNxAAHAAAAEsAAI         142 Curtis     Davies     CDAVIES    650.121.2994         29-JAN-97 ST_CLERK         3100                       124            50                                            
AAAVNxAAHAAAAEsAAR         202 Pat        Fay        PFAY       603.123.6666         17-AUG-97 MK_REP           6000                       201            20                                            
AAAVNxAAHAAAAEsAAJ         143 Randall    Matos      RMATOS     650.121.2874         15-MAR-98 ST_CLERK         2600                       124            50                                            
AAAVNxAAHAAAAEsAAN         176 Jonathon   Taylor     JTAYLOR    011.44.1644.429265   24-MAR-98 SA_REP           8600             .3        149            80                                            
AAAVNxAAHAAAAEsAAK         144 Peter      Vargas     PVARGAS    650.121.2004         09-JUL-98 ST_CLERK         2500                       124            50                                            
AAAVNxAAHAAAAEsAAF         107 Diana      Lorentz    DLORENTZ   590.423.5567         07-FEB-99 IT_PROG          4200                       103            60                                            
AAAVNxAAHAAAAEsAAO         178 Kimerely   Grant      KGRANT     011.44.1644.429263   24-MAY-99 SA_REP           7000            .15        149                                                          
AAAVNxAAHAAAAEsAAG         124 Kevin      Mourgos    KMOURGOS   650.123.5234         16-NOV-99 ST_MAN           5800                       100            50                                            
AAAVNxAAHAAAAEsAAL         149 Eleni      Zlotkey    EZLOTKEY   011.44.1344.429018   29-JAN-00 SA_MAN          10500             .2        100            80                                            

20 rows selected.

SQL> SELECT ROWID , E.* FROM EMPLOYEES E ORDER BY HIRE_DATE ASC;

ROWID              EMPLOYEE_ID FIRST_NAME LAST_NAME  EMAIL      PHONE_NUMBER         HIRE_DATE JOB_ID         SALARY COMMISSION_PCT MANAGER_ID DEPARTMENT_ID                                            
------------------ ----------- ---------- ---------- ---------- -------------------- --------- ---------- ---------- -------------- ---------- -------------                                            
AAAVNxAAHAAAAEsAAA         100 Steven     King       SKING      515.123.4567         17-JUL-87 AD_PRES         24000                                      90                                            
AAAVNxAAHAAAAEsAAP         200 Jennifer   Whalen     JWHALEN    515.123.4444         17-SEP-87 AD_ASST          4400                       101            10                                            
AAAVNxAAHAAAAEsAAB         101 Neena      Kochhar    NKOCHHAR   515.123.4568         21-SEP-89 AD_VP           17000                       100            90                                            
AAAVNxAAHAAAAEsAAD         103 Alexander  Hunold     AHUNOLD    590.423.4567         03-JAN-90 IT_PROG          9000                       102            60                                            
AAAVNxAAHAAAAEsAAE         104 Bruce      Ernst      BERNST     590.423.4568         21-MAY-91 IT_PROG          6000                       103            60                                            
AAAVNxAAHAAAAEsAAC         102 Lex        De Haan    LDEHAAN    515.123.4569         13-JAN-93 AD_VP           17000                       100            90                                            
AAAVNxAAHAAAAEsAAS         205 Shelley    Higgins    SHIGGINS   515.123.8080         07-JUN-94 AC_MGR          12000                       101           110                                            
AAAVNxAAHAAAAEsAAT         206 William    Gietz      WGIETZ     515.123.8181         07-JUN-94 AC_ACCOUNT       8300                       205           110                                            
AAAVNxAAHAAAAEsAAH         141 Trenna     Rajs       TRAJS      650.121.8009         17-OCT-95 ST_CLERK         3500                       124            50                                            
AAAVNxAAHAAAAEsAAQ         201 Michael    Hartstein  MHARTSTE   515.123.5555         17-FEB-96 MK_MAN          13000                       100            20                                            
AAAVNxAAHAAAAEsAAM         174 Ellen      Abel       EABEL      011.44.1644.429267   11-MAY-96 SA_REP          11000             .3        149            80                                            
AAAVNxAAHAAAAEsAAI         142 Curtis     Davies     CDAVIES    650.121.2994         29-JAN-97 ST_CLERK         3100                       124            50                                            
AAAVNxAAHAAAAEsAAR         202 Pat        Fay        PFAY       603.123.6666         17-AUG-97 MK_REP           6000                       201            20                                            
AAAVNxAAHAAAAEsAAJ         143 Randall    Matos      RMATOS     650.121.2874         15-MAR-98 ST_CLERK         2600                       124            50                                            
AAAVNxAAHAAAAEsAAN         176 Jonathon   Taylor     JTAYLOR    011.44.1644.429265   24-MAR-98 SA_REP           8600             .3        149            80                                            
AAAVNxAAHAAAAEsAAK         144 Peter      Vargas     PVARGAS    650.121.2004         09-JUL-98 ST_CLERK         2500                       124            50                                            
AAAVNxAAHAAAAEsAAF         107 Diana      Lorentz    DLORENTZ   590.423.5567         07-FEB-99 IT_PROG          4200                       103            60                                            
AAAVNxAAHAAAAEsAAO         178 Kimerely   Grant      KGRANT     011.44.1644.429263   24-MAY-99 SA_REP           7000            .15        149                                                          
AAAVNxAAHAAAAEsAAG         124 Kevin      Mourgos    KMOURGOS   650.123.5234         16-NOV-99 ST_MAN           5800                       100            50                                            
AAAVNxAAHAAAAEsAAL         149 Eleni      Zlotkey    EZLOTKEY   011.44.1344.429018   29-JAN-00 SA_MAN          10500             .2        100            80                                            

20 rows selected.

SQL> SELECT ROWID , E.* FROM EMPLOYEES E ORDER BY HIRE_DATE DESC;

ROWID              EMPLOYEE_ID FIRST_NAME LAST_NAME  EMAIL      PHONE_NUMBER         HIRE_DATE JOB_ID         SALARY COMMISSION_PCT MANAGER_ID DEPARTMENT_ID                                            
------------------ ----------- ---------- ---------- ---------- -------------------- --------- ---------- ---------- -------------- ---------- -------------                                            
AAAVNxAAHAAAAEsAAL         149 Eleni      Zlotkey    EZLOTKEY   011.44.1344.429018   29-JAN-00 SA_MAN          10500             .2        100            80                                            
AAAVNxAAHAAAAEsAAG         124 Kevin      Mourgos    KMOURGOS   650.123.5234         16-NOV-99 ST_MAN           5800                       100            50                                            
AAAVNxAAHAAAAEsAAO         178 Kimerely   Grant      KGRANT     011.44.1644.429263   24-MAY-99 SA_REP           7000            .15        149                                                          
AAAVNxAAHAAAAEsAAF         107 Diana      Lorentz    DLORENTZ   590.423.5567         07-FEB-99 IT_PROG          4200                       103            60                                            
AAAVNxAAHAAAAEsAAK         144 Peter      Vargas     PVARGAS    650.121.2004         09-JUL-98 ST_CLERK         2500                       124            50                                            
AAAVNxAAHAAAAEsAAN         176 Jonathon   Taylor     JTAYLOR    011.44.1644.429265   24-MAR-98 SA_REP           8600             .3        149            80                                            
AAAVNxAAHAAAAEsAAJ         143 Randall    Matos      RMATOS     650.121.2874         15-MAR-98 ST_CLERK         2600                       124            50                                            
AAAVNxAAHAAAAEsAAR         202 Pat        Fay        PFAY       603.123.6666         17-AUG-97 MK_REP           6000                       201            20                                            
AAAVNxAAHAAAAEsAAI         142 Curtis     Davies     CDAVIES    650.121.2994         29-JAN-97 ST_CLERK         3100                       124            50                                            
AAAVNxAAHAAAAEsAAM         174 Ellen      Abel       EABEL      011.44.1644.429267   11-MAY-96 SA_REP          11000             .3        149            80                                            
AAAVNxAAHAAAAEsAAQ         201 Michael    Hartstein  MHARTSTE   515.123.5555         17-FEB-96 MK_MAN          13000                       100            20                                            
AAAVNxAAHAAAAEsAAH         141 Trenna     Rajs       TRAJS      650.121.8009         17-OCT-95 ST_CLERK         3500                       124            50                                            
AAAVNxAAHAAAAEsAAS         205 Shelley    Higgins    SHIGGINS   515.123.8080         07-JUN-94 AC_MGR          12000                       101           110                                            
AAAVNxAAHAAAAEsAAT         206 William    Gietz      WGIETZ     515.123.8181         07-JUN-94 AC_ACCOUNT       8300                       205           110                                            
AAAVNxAAHAAAAEsAAC         102 Lex        De Haan    LDEHAAN    515.123.4569         13-JAN-93 AD_VP           17000                       100            90                                            
AAAVNxAAHAAAAEsAAE         104 Bruce      Ernst      BERNST     590.423.4568         21-MAY-91 IT_PROG          6000                       103            60                                            
AAAVNxAAHAAAAEsAAD         103 Alexander  Hunold     AHUNOLD    590.423.4567         03-JAN-90 IT_PROG          9000                       102            60                                            
AAAVNxAAHAAAAEsAAB         101 Neena      Kochhar    NKOCHHAR   515.123.4568         21-SEP-89 AD_VP           17000                       100            90                                            
AAAVNxAAHAAAAEsAAP         200 Jennifer   Whalen     JWHALEN    515.123.4444         17-SEP-87 AD_ASST          4400                       101            10                                            
AAAVNxAAHAAAAEsAAA         100 Steven     King       SKING      515.123.4567         17-JUL-87 AD_PRES         24000                                      90                                            

20 rows selected.

SQL> SELECT ROWID , E.* FROM EMPLOYEES E ORDER BY SALARY;

ROWID              EMPLOYEE_ID FIRST_NAME LAST_NAME  EMAIL      PHONE_NUMBER         HIRE_DATE JOB_ID         SALARY COMMISSION_PCT MANAGER_ID DEPARTMENT_ID                                            
------------------ ----------- ---------- ---------- ---------- -------------------- --------- ---------- ---------- -------------- ---------- -------------                                            
AAAVNxAAHAAAAEsAAK         144 Peter      Vargas     PVARGAS    650.121.2004         09-JUL-98 ST_CLERK         2500                       124            50                                            
AAAVNxAAHAAAAEsAAJ         143 Randall    Matos      RMATOS     650.121.2874         15-MAR-98 ST_CLERK         2600                       124            50                                            
AAAVNxAAHAAAAEsAAI         142 Curtis     Davies     CDAVIES    650.121.2994         29-JAN-97 ST_CLERK         3100                       124            50                                            
AAAVNxAAHAAAAEsAAH         141 Trenna     Rajs       TRAJS      650.121.8009         17-OCT-95 ST_CLERK         3500                       124            50                                            
AAAVNxAAHAAAAEsAAF         107 Diana      Lorentz    DLORENTZ   590.423.5567         07-FEB-99 IT_PROG          4200                       103            60                                            
AAAVNxAAHAAAAEsAAP         200 Jennifer   Whalen     JWHALEN    515.123.4444         17-SEP-87 AD_ASST          4400                       101            10                                            
AAAVNxAAHAAAAEsAAG         124 Kevin      Mourgos    KMOURGOS   650.123.5234         16-NOV-99 ST_MAN           5800                       100            50                                            
AAAVNxAAHAAAAEsAAE         104 Bruce      Ernst      BERNST     590.423.4568         21-MAY-91 IT_PROG          6000                       103            60                                            
AAAVNxAAHAAAAEsAAR         202 Pat        Fay        PFAY       603.123.6666         17-AUG-97 MK_REP           6000                       201            20                                            
AAAVNxAAHAAAAEsAAO         178 Kimerely   Grant      KGRANT     011.44.1644.429263   24-MAY-99 SA_REP           7000            .15        149                                                          
AAAVNxAAHAAAAEsAAT         206 William    Gietz      WGIETZ     515.123.8181         07-JUN-94 AC_ACCOUNT       8300                       205           110                                            
AAAVNxAAHAAAAEsAAN         176 Jonathon   Taylor     JTAYLOR    011.44.1644.429265   24-MAR-98 SA_REP           8600             .3        149            80                                            
AAAVNxAAHAAAAEsAAD         103 Alexander  Hunold     AHUNOLD    590.423.4567         03-JAN-90 IT_PROG          9000                       102            60                                            
AAAVNxAAHAAAAEsAAL         149 Eleni      Zlotkey    EZLOTKEY   011.44.1344.429018   29-JAN-00 SA_MAN          10500             .2        100            80                                            
AAAVNxAAHAAAAEsAAM         174 Ellen      Abel       EABEL      011.44.1644.429267   11-MAY-96 SA_REP          11000             .3        149            80                                            
AAAVNxAAHAAAAEsAAS         205 Shelley    Higgins    SHIGGINS   515.123.8080         07-JUN-94 AC_MGR          12000                       101           110                                            
AAAVNxAAHAAAAEsAAQ         201 Michael    Hartstein  MHARTSTE   515.123.5555         17-FEB-96 MK_MAN          13000                       100            20                                            
AAAVNxAAHAAAAEsAAB         101 Neena      Kochhar    NKOCHHAR   515.123.4568         21-SEP-89 AD_VP           17000                       100            90                                            
AAAVNxAAHAAAAEsAAC         102 Lex        De Haan    LDEHAAN    515.123.4569         13-JAN-93 AD_VP           17000                       100            90                                            
AAAVNxAAHAAAAEsAAA         100 Steven     King       SKING      515.123.4567         17-JUL-87 AD_PRES         24000                                      90                                            

20 rows selected.

SQL> SELECT * FROM EMPLOYEES ORDER BY SALARY;

EMPLOYEE_ID FIRST_NAME LAST_NAME  EMAIL      PHONE_NUMBER         HIRE_DATE JOB_ID         SALARY COMMISSION_PCT MANAGER_ID DEPARTMENT_ID                                                               
----------- ---------- ---------- ---------- -------------------- --------- ---------- ---------- -------------- ---------- -------------                                                               
        144 Peter      Vargas     PVARGAS    650.121.2004         09-JUL-98 ST_CLERK         2500                       124            50                                                               
        143 Randall    Matos      RMATOS     650.121.2874         15-MAR-98 ST_CLERK         2600                       124            50                                                               
        142 Curtis     Davies     CDAVIES    650.121.2994         29-JAN-97 ST_CLERK         3100                       124            50                                                               
        141 Trenna     Rajs       TRAJS      650.121.8009         17-OCT-95 ST_CLERK         3500                       124            50                                                               
        107 Diana      Lorentz    DLORENTZ   590.423.5567         07-FEB-99 IT_PROG          4200                       103            60                                                               
        200 Jennifer   Whalen     JWHALEN    515.123.4444         17-SEP-87 AD_ASST          4400                       101            10                                                               
        124 Kevin      Mourgos    KMOURGOS   650.123.5234         16-NOV-99 ST_MAN           5800                       100            50                                                               
        104 Bruce      Ernst      BERNST     590.423.4568         21-MAY-91 IT_PROG          6000                       103            60                                                               
        202 Pat        Fay        PFAY       603.123.6666         17-AUG-97 MK_REP           6000                       201            20                                                               
        178 Kimerely   Grant      KGRANT     011.44.1644.429263   24-MAY-99 SA_REP           7000            .15        149                                                                             
        206 William    Gietz      WGIETZ     515.123.8181         07-JUN-94 AC_ACCOUNT       8300                       205           110                                                               
        176 Jonathon   Taylor     JTAYLOR    011.44.1644.429265   24-MAR-98 SA_REP           8600             .3        149            80                                                               
        103 Alexander  Hunold     AHUNOLD    590.423.4567         03-JAN-90 IT_PROG          9000                       102            60                                                               
        149 Eleni      Zlotkey    EZLOTKEY   011.44.1344.429018   29-JAN-00 SA_MAN          10500             .2        100            80                                                               
        174 Ellen      Abel       EABEL      011.44.1644.429267   11-MAY-96 SA_REP          11000             .3        149            80                                                               
        205 Shelley    Higgins    SHIGGINS   515.123.8080         07-JUN-94 AC_MGR          12000                       101           110                                                               
        201 Michael    Hartstein  MHARTSTE   515.123.5555         17-FEB-96 MK_MAN          13000                       100            20                                                               
        101 Neena      Kochhar    NKOCHHAR   515.123.4568         21-SEP-89 AD_VP           17000                       100            90                                                               
        102 Lex        De Haan    LDEHAAN    515.123.4569         13-JAN-93 AD_VP           17000                       100            90                                                               
        100 Steven     King       SKING      515.123.4567         17-JUL-87 AD_PRES         24000                                      90                                                               

20 rows selected.

SQL> SELECT * FROM EMPLOYEES ORDER BY 8;

EMPLOYEE_ID FIRST_NAME LAST_NAME  EMAIL      PHONE_NUMBER         HIRE_DATE JOB_ID         SALARY COMMISSION_PCT MANAGER_ID DEPARTMENT_ID                                                               
----------- ---------- ---------- ---------- -------------------- --------- ---------- ---------- -------------- ---------- -------------                                                               
        144 Peter      Vargas     PVARGAS    650.121.2004         09-JUL-98 ST_CLERK         2500                       124            50                                                               
        143 Randall    Matos      RMATOS     650.121.2874         15-MAR-98 ST_CLERK         2600                       124            50                                                               
        142 Curtis     Davies     CDAVIES    650.121.2994         29-JAN-97 ST_CLERK         3100                       124            50                                                               
        141 Trenna     Rajs       TRAJS      650.121.8009         17-OCT-95 ST_CLERK         3500                       124            50                                                               
        107 Diana      Lorentz    DLORENTZ   590.423.5567         07-FEB-99 IT_PROG          4200                       103            60                                                               
        200 Jennifer   Whalen     JWHALEN    515.123.4444         17-SEP-87 AD_ASST          4400                       101            10                                                               
        124 Kevin      Mourgos    KMOURGOS   650.123.5234         16-NOV-99 ST_MAN           5800                       100            50                                                               
        104 Bruce      Ernst      BERNST     590.423.4568         21-MAY-91 IT_PROG          6000                       103            60                                                               
        202 Pat        Fay        PFAY       603.123.6666         17-AUG-97 MK_REP           6000                       201            20                                                               
        178 Kimerely   Grant      KGRANT     011.44.1644.429263   24-MAY-99 SA_REP           7000            .15        149                                                                             
        206 William    Gietz      WGIETZ     515.123.8181         07-JUN-94 AC_ACCOUNT       8300                       205           110                                                               
        176 Jonathon   Taylor     JTAYLOR    011.44.1644.429265   24-MAR-98 SA_REP           8600             .3        149            80                                                               
        103 Alexander  Hunold     AHUNOLD    590.423.4567         03-JAN-90 IT_PROG          9000                       102            60                                                               
        149 Eleni      Zlotkey    EZLOTKEY   011.44.1344.429018   29-JAN-00 SA_MAN          10500             .2        100            80                                                               
        174 Ellen      Abel       EABEL      011.44.1644.429267   11-MAY-96 SA_REP          11000             .3        149            80                                                               
        205 Shelley    Higgins    SHIGGINS   515.123.8080         07-JUN-94 AC_MGR          12000                       101           110                                                               
        201 Michael    Hartstein  MHARTSTE   515.123.5555         17-FEB-96 MK_MAN          13000                       100            20                                                               
        101 Neena      Kochhar    NKOCHHAR   515.123.4568         21-SEP-89 AD_VP           17000                       100            90                                                               
        102 Lex        De Haan    LDEHAAN    515.123.4569         13-JAN-93 AD_VP           17000                       100            90                                                               
        100 Steven     King       SKING      515.123.4567         17-JUL-87 AD_PRES         24000                                      90                                                               

20 rows selected.

SQL> SELECT * FROM EMPLOYEES ORDER BY 8 ASC;

EMPLOYEE_ID FIRST_NAME LAST_NAME  EMAIL      PHONE_NUMBER         HIRE_DATE JOB_ID         SALARY COMMISSION_PCT MANAGER_ID DEPARTMENT_ID                                                               
----------- ---------- ---------- ---------- -------------------- --------- ---------- ---------- -------------- ---------- -------------                                                               
        144 Peter      Vargas     PVARGAS    650.121.2004         09-JUL-98 ST_CLERK         2500                       124            50                                                               
        143 Randall    Matos      RMATOS     650.121.2874         15-MAR-98 ST_CLERK         2600                       124            50                                                               
        142 Curtis     Davies     CDAVIES    650.121.2994         29-JAN-97 ST_CLERK         3100                       124            50                                                               
        141 Trenna     Rajs       TRAJS      650.121.8009         17-OCT-95 ST_CLERK         3500                       124            50                                                               
        107 Diana      Lorentz    DLORENTZ   590.423.5567         07-FEB-99 IT_PROG          4200                       103            60                                                               
        200 Jennifer   Whalen     JWHALEN    515.123.4444         17-SEP-87 AD_ASST          4400                       101            10                                                               
        124 Kevin      Mourgos    KMOURGOS   650.123.5234         16-NOV-99 ST_MAN           5800                       100            50                                                               
        104 Bruce      Ernst      BERNST     590.423.4568         21-MAY-91 IT_PROG          6000                       103            60                                                               
        202 Pat        Fay        PFAY       603.123.6666         17-AUG-97 MK_REP           6000                       201            20                                                               
        178 Kimerely   Grant      KGRANT     011.44.1644.429263   24-MAY-99 SA_REP           7000            .15        149                                                                             
        206 William    Gietz      WGIETZ     515.123.8181         07-JUN-94 AC_ACCOUNT       8300                       205           110                                                               
        176 Jonathon   Taylor     JTAYLOR    011.44.1644.429265   24-MAR-98 SA_REP           8600             .3        149            80                                                               
        103 Alexander  Hunold     AHUNOLD    590.423.4567         03-JAN-90 IT_PROG          9000                       102            60                                                               
        149 Eleni      Zlotkey    EZLOTKEY   011.44.1344.429018   29-JAN-00 SA_MAN          10500             .2        100            80                                                               
        174 Ellen      Abel       EABEL      011.44.1644.429267   11-MAY-96 SA_REP          11000             .3        149            80                                                               
        205 Shelley    Higgins    SHIGGINS   515.123.8080         07-JUN-94 AC_MGR          12000                       101           110                                                               
        201 Michael    Hartstein  MHARTSTE   515.123.5555         17-FEB-96 MK_MAN          13000                       100            20                                                               
        101 Neena      Kochhar    NKOCHHAR   515.123.4568         21-SEP-89 AD_VP           17000                       100            90                                                               
        102 Lex        De Haan    LDEHAAN    515.123.4569         13-JAN-93 AD_VP           17000                       100            90                                                               
        100 Steven     King       SKING      515.123.4567         17-JUL-87 AD_PRES         24000                                      90                                                               

20 rows selected.

SQL> SELECT * FROM EMPLOYEES ORDER BY 8 DESC;

EMPLOYEE_ID FIRST_NAME LAST_NAME  EMAIL      PHONE_NUMBER         HIRE_DATE JOB_ID         SALARY COMMISSION_PCT MANAGER_ID DEPARTMENT_ID                                                               
----------- ---------- ---------- ---------- -------------------- --------- ---------- ---------- -------------- ---------- -------------                                                               
        100 Steven     King       SKING      515.123.4567         17-JUL-87 AD_PRES         24000                                      90                                                               
        101 Neena      Kochhar    NKOCHHAR   515.123.4568         21-SEP-89 AD_VP           17000                       100            90                                                               
        102 Lex        De Haan    LDEHAAN    515.123.4569         13-JAN-93 AD_VP           17000                       100            90                                                               
        201 Michael    Hartstein  MHARTSTE   515.123.5555         17-FEB-96 MK_MAN          13000                       100            20                                                               
        205 Shelley    Higgins    SHIGGINS   515.123.8080         07-JUN-94 AC_MGR          12000                       101           110                                                               
        174 Ellen      Abel       EABEL      011.44.1644.429267   11-MAY-96 SA_REP          11000             .3        149            80                                                               
        149 Eleni      Zlotkey    EZLOTKEY   011.44.1344.429018   29-JAN-00 SA_MAN          10500             .2        100            80                                                               
        103 Alexander  Hunold     AHUNOLD    590.423.4567         03-JAN-90 IT_PROG          9000                       102            60                                                               
        176 Jonathon   Taylor     JTAYLOR    011.44.1644.429265   24-MAR-98 SA_REP           8600             .3        149            80                                                               
        206 William    Gietz      WGIETZ     515.123.8181         07-JUN-94 AC_ACCOUNT       8300                       205           110                                                               
        178 Kimerely   Grant      KGRANT     011.44.1644.429263   24-MAY-99 SA_REP           7000            .15        149                                                                             
        104 Bruce      Ernst      BERNST     590.423.4568         21-MAY-91 IT_PROG          6000                       103            60                                                               
        202 Pat        Fay        PFAY       603.123.6666         17-AUG-97 MK_REP           6000                       201            20                                                               
        124 Kevin      Mourgos    KMOURGOS   650.123.5234         16-NOV-99 ST_MAN           5800                       100            50                                                               
        200 Jennifer   Whalen     JWHALEN    515.123.4444         17-SEP-87 AD_ASST          4400                       101            10                                                               
        107 Diana      Lorentz    DLORENTZ   590.423.5567         07-FEB-99 IT_PROG          4200                       103            60                                                               
        141 Trenna     Rajs       TRAJS      650.121.8009         17-OCT-95 ST_CLERK         3500                       124            50                                                               
        142 Curtis     Davies     CDAVIES    650.121.2994         29-JAN-97 ST_CLERK         3100                       124            50                                                               
        143 Randall    Matos      RMATOS     650.121.2874         15-MAR-98 ST_CLERK         2600                       124            50                                                               
        144 Peter      Vargas     PVARGAS    650.121.2004         09-JUL-98 ST_CLERK         2500                       124            50                                                               

20 rows selected.

SQL> SELECT * FROM EMPLOYEES ORDER BY COMMISSION_PCT;

EMPLOYEE_ID FIRST_NAME LAST_NAME  EMAIL      PHONE_NUMBER         HIRE_DATE JOB_ID         SALARY COMMISSION_PCT MANAGER_ID DEPARTMENT_ID                                                               
----------- ---------- ---------- ---------- -------------------- --------- ---------- ---------- -------------- ---------- -------------                                                               
        178 Kimerely   Grant      KGRANT     011.44.1644.429263   24-MAY-99 SA_REP           7000            .15        149                                                                             
        149 Eleni      Zlotkey    EZLOTKEY   011.44.1344.429018   29-JAN-00 SA_MAN          10500             .2        100            80                                                               
        176 Jonathon   Taylor     JTAYLOR    011.44.1644.429265   24-MAR-98 SA_REP           8600             .3        149            80                                                               
        174 Ellen      Abel       EABEL      011.44.1644.429267   11-MAY-96 SA_REP          11000             .3        149            80                                                               
        104 Bruce      Ernst      BERNST     590.423.4568         21-MAY-91 IT_PROG          6000                       103            60                                                               
        107 Diana      Lorentz    DLORENTZ   590.423.5567         07-FEB-99 IT_PROG          4200                       103            60                                                               
        124 Kevin      Mourgos    KMOURGOS   650.123.5234         16-NOV-99 ST_MAN           5800                       100            50                                                               
        141 Trenna     Rajs       TRAJS      650.121.8009         17-OCT-95 ST_CLERK         3500                       124            50                                                               
        142 Curtis     Davies     CDAVIES    650.121.2994         29-JAN-97 ST_CLERK         3100                       124            50                                                               
        143 Randall    Matos      RMATOS     650.121.2874         15-MAR-98 ST_CLERK         2600                       124            50                                                               
        144 Peter      Vargas     PVARGAS    650.121.2004         09-JUL-98 ST_CLERK         2500                       124            50                                                               
        200 Jennifer   Whalen     JWHALEN    515.123.4444         17-SEP-87 AD_ASST          4400                       101            10                                                               
        201 Michael    Hartstein  MHARTSTE   515.123.5555         17-FEB-96 MK_MAN          13000                       100            20                                                               
        202 Pat        Fay        PFAY       603.123.6666         17-AUG-97 MK_REP           6000                       201            20                                                               
        205 Shelley    Higgins    SHIGGINS   515.123.8080         07-JUN-94 AC_MGR          12000                       101           110                                                               
        103 Alexander  Hunold     AHUNOLD    590.423.4567         03-JAN-90 IT_PROG          9000                       102            60                                                               
        102 Lex        De Haan    LDEHAAN    515.123.4569         13-JAN-93 AD_VP           17000                       100            90                                                               
        206 William    Gietz      WGIETZ     515.123.8181         07-JUN-94 AC_ACCOUNT       8300                       205           110                                                               
        100 Steven     King       SKING      515.123.4567         17-JUL-87 AD_PRES         24000                                      90                                                               
        101 Neena      Kochhar    NKOCHHAR   515.123.4568         21-SEP-89 AD_VP           17000                       100            90                                                               

20 rows selected.

SQL> SELECT * FROM EMPLOYEES ORDER BY COMMISSION_PCT DESC;

EMPLOYEE_ID FIRST_NAME LAST_NAME  EMAIL      PHONE_NUMBER         HIRE_DATE JOB_ID         SALARY COMMISSION_PCT MANAGER_ID DEPARTMENT_ID                                                               
----------- ---------- ---------- ---------- -------------------- --------- ---------- ---------- -------------- ---------- -------------                                                               
        100 Steven     King       SKING      515.123.4567         17-JUL-87 AD_PRES         24000                                      90                                                               
        206 William    Gietz      WGIETZ     515.123.8181         07-JUN-94 AC_ACCOUNT       8300                       205           110                                                               
        102 Lex        De Haan    LDEHAAN    515.123.4569         13-JAN-93 AD_VP           17000                       100            90                                                               
        103 Alexander  Hunold     AHUNOLD    590.423.4567         03-JAN-90 IT_PROG          9000                       102            60                                                               
        104 Bruce      Ernst      BERNST     590.423.4568         21-MAY-91 IT_PROG          6000                       103            60                                                               
        107 Diana      Lorentz    DLORENTZ   590.423.5567         07-FEB-99 IT_PROG          4200                       103            60                                                               
        124 Kevin      Mourgos    KMOURGOS   650.123.5234         16-NOV-99 ST_MAN           5800                       100            50                                                               
        141 Trenna     Rajs       TRAJS      650.121.8009         17-OCT-95 ST_CLERK         3500                       124            50                                                               
        142 Curtis     Davies     CDAVIES    650.121.2994         29-JAN-97 ST_CLERK         3100                       124            50                                                               
        143 Randall    Matos      RMATOS     650.121.2874         15-MAR-98 ST_CLERK         2600                       124            50                                                               
        144 Peter      Vargas     PVARGAS    650.121.2004         09-JUL-98 ST_CLERK         2500                       124            50                                                               
        101 Neena      Kochhar    NKOCHHAR   515.123.4568         21-SEP-89 AD_VP           17000                       100            90                                                               
        205 Shelley    Higgins    SHIGGINS   515.123.8080         07-JUN-94 AC_MGR          12000                       101           110                                                               
        202 Pat        Fay        PFAY       603.123.6666         17-AUG-97 MK_REP           6000                       201            20                                                               
        201 Michael    Hartstein  MHARTSTE   515.123.5555         17-FEB-96 MK_MAN          13000                       100            20                                                               
        200 Jennifer   Whalen     JWHALEN    515.123.4444         17-SEP-87 AD_ASST          4400                       101            10                                                               
        176 Jonathon   Taylor     JTAYLOR    011.44.1644.429265   24-MAR-98 SA_REP           8600             .3        149            80                                                               
        174 Ellen      Abel       EABEL      011.44.1644.429267   11-MAY-96 SA_REP          11000             .3        149            80                                                               
        149 Eleni      Zlotkey    EZLOTKEY   011.44.1344.429018   29-JAN-00 SA_MAN          10500             .2        100            80                                                               
        178 Kimerely   Grant      KGRANT     011.44.1644.429263   24-MAY-99 SA_REP           7000            .15        149                                                                             

20 rows selected.

SQL> SELECT * FROM EMPLOYEES ORDER BY COMMISSION_PCT NULLS FIRST;

EMPLOYEE_ID FIRST_NAME LAST_NAME  EMAIL      PHONE_NUMBER         HIRE_DATE JOB_ID         SALARY COMMISSION_PCT MANAGER_ID DEPARTMENT_ID                                                               
----------- ---------- ---------- ---------- -------------------- --------- ---------- ---------- -------------- ---------- -------------                                                               
        100 Steven     King       SKING      515.123.4567         17-JUL-87 AD_PRES         24000                                      90                                                               
        206 William    Gietz      WGIETZ     515.123.8181         07-JUN-94 AC_ACCOUNT       8300                       205           110                                                               
        102 Lex        De Haan    LDEHAAN    515.123.4569         13-JAN-93 AD_VP           17000                       100            90                                                               
        103 Alexander  Hunold     AHUNOLD    590.423.4567         03-JAN-90 IT_PROG          9000                       102            60                                                               
        104 Bruce      Ernst      BERNST     590.423.4568         21-MAY-91 IT_PROG          6000                       103            60                                                               
        107 Diana      Lorentz    DLORENTZ   590.423.5567         07-FEB-99 IT_PROG          4200                       103            60                                                               
        124 Kevin      Mourgos    KMOURGOS   650.123.5234         16-NOV-99 ST_MAN           5800                       100            50                                                               
        141 Trenna     Rajs       TRAJS      650.121.8009         17-OCT-95 ST_CLERK         3500                       124            50                                                               
        142 Curtis     Davies     CDAVIES    650.121.2994         29-JAN-97 ST_CLERK         3100                       124            50                                                               
        143 Randall    Matos      RMATOS     650.121.2874         15-MAR-98 ST_CLERK         2600                       124            50                                                               
        144 Peter      Vargas     PVARGAS    650.121.2004         09-JUL-98 ST_CLERK         2500                       124            50                                                               
        101 Neena      Kochhar    NKOCHHAR   515.123.4568         21-SEP-89 AD_VP           17000                       100            90                                                               
        205 Shelley    Higgins    SHIGGINS   515.123.8080         07-JUN-94 AC_MGR          12000                       101           110                                                               
        202 Pat        Fay        PFAY       603.123.6666         17-AUG-97 MK_REP           6000                       201            20                                                               
        201 Michael    Hartstein  MHARTSTE   515.123.5555         17-FEB-96 MK_MAN          13000                       100            20                                                               
        200 Jennifer   Whalen     JWHALEN    515.123.4444         17-SEP-87 AD_ASST          4400                       101            10                                                               
        178 Kimerely   Grant      KGRANT     011.44.1644.429263   24-MAY-99 SA_REP           7000            .15        149                                                                             
        149 Eleni      Zlotkey    EZLOTKEY   011.44.1344.429018   29-JAN-00 SA_MAN          10500             .2        100            80                                                               
        176 Jonathon   Taylor     JTAYLOR    011.44.1644.429265   24-MAR-98 SA_REP           8600             .3        149            80                                                               
        174 Ellen      Abel       EABEL      011.44.1644.429267   11-MAY-96 SA_REP          11000             .3        149            80                                                               

20 rows selected.

SQL> SELECT * FROM EMPLOYEES ORDER BY COMMISSION_PCT DESC;

EMPLOYEE_ID FIRST_NAME LAST_NAME  EMAIL      PHONE_NUMBER         HIRE_DATE JOB_ID         SALARY COMMISSION_PCT MANAGER_ID DEPARTMENT_ID                                                               
----------- ---------- ---------- ---------- -------------------- --------- ---------- ---------- -------------- ---------- -------------                                                               
        100 Steven     King       SKING      515.123.4567         17-JUL-87 AD_PRES         24000                                      90                                                               
        206 William    Gietz      WGIETZ     515.123.8181         07-JUN-94 AC_ACCOUNT       8300                       205           110                                                               
        102 Lex        De Haan    LDEHAAN    515.123.4569         13-JAN-93 AD_VP           17000                       100            90                                                               
        103 Alexander  Hunold     AHUNOLD    590.423.4567         03-JAN-90 IT_PROG          9000                       102            60                                                               
        104 Bruce      Ernst      BERNST     590.423.4568         21-MAY-91 IT_PROG          6000                       103            60                                                               
        107 Diana      Lorentz    DLORENTZ   590.423.5567         07-FEB-99 IT_PROG          4200                       103            60                                                               
        124 Kevin      Mourgos    KMOURGOS   650.123.5234         16-NOV-99 ST_MAN           5800                       100            50                                                               
        141 Trenna     Rajs       TRAJS      650.121.8009         17-OCT-95 ST_CLERK         3500                       124            50                                                               
        142 Curtis     Davies     CDAVIES    650.121.2994         29-JAN-97 ST_CLERK         3100                       124            50                                                               
        143 Randall    Matos      RMATOS     650.121.2874         15-MAR-98 ST_CLERK         2600                       124            50                                                               
        144 Peter      Vargas     PVARGAS    650.121.2004         09-JUL-98 ST_CLERK         2500                       124            50                                                               
        101 Neena      Kochhar    NKOCHHAR   515.123.4568         21-SEP-89 AD_VP           17000                       100            90                                                               
        205 Shelley    Higgins    SHIGGINS   515.123.8080         07-JUN-94 AC_MGR          12000                       101           110                                                               
        202 Pat        Fay        PFAY       603.123.6666         17-AUG-97 MK_REP           6000                       201            20                                                               
        201 Michael    Hartstein  MHARTSTE   515.123.5555         17-FEB-96 MK_MAN          13000                       100            20                                                               
        200 Jennifer   Whalen     JWHALEN    515.123.4444         17-SEP-87 AD_ASST          4400                       101            10                                                               
        176 Jonathon   Taylor     JTAYLOR    011.44.1644.429265   24-MAR-98 SA_REP           8600             .3        149            80                                                               
        174 Ellen      Abel       EABEL      011.44.1644.429267   11-MAY-96 SA_REP          11000             .3        149            80                                                               
        149 Eleni      Zlotkey    EZLOTKEY   011.44.1344.429018   29-JAN-00 SA_MAN          10500             .2        100            80                                                               
        178 Kimerely   Grant      KGRANT     011.44.1644.429263   24-MAY-99 SA_REP           7000            .15        149                                                                             

20 rows selected.

SQL> SELECT * FROM EMPLOYEES ORDER BY COMMISSION_PCT DESC NULLS LAST;

EMPLOYEE_ID FIRST_NAME LAST_NAME  EMAIL      PHONE_NUMBER         HIRE_DATE JOB_ID         SALARY COMMISSION_PCT MANAGER_ID DEPARTMENT_ID                                                               
----------- ---------- ---------- ---------- -------------------- --------- ---------- ---------- -------------- ---------- -------------                                                               
        176 Jonathon   Taylor     JTAYLOR    011.44.1644.429265   24-MAR-98 SA_REP           8600             .3        149            80                                                               
        174 Ellen      Abel       EABEL      011.44.1644.429267   11-MAY-96 SA_REP          11000             .3        149            80                                                               
        149 Eleni      Zlotkey    EZLOTKEY   011.44.1344.429018   29-JAN-00 SA_MAN          10500             .2        100            80                                                               
        178 Kimerely   Grant      KGRANT     011.44.1644.429263   24-MAY-99 SA_REP           7000            .15        149                                                                             
        104 Bruce      Ernst      BERNST     590.423.4568         21-MAY-91 IT_PROG          6000                       103            60                                                               
        107 Diana      Lorentz    DLORENTZ   590.423.5567         07-FEB-99 IT_PROG          4200                       103            60                                                               
        124 Kevin      Mourgos    KMOURGOS   650.123.5234         16-NOV-99 ST_MAN           5800                       100            50                                                               
        141 Trenna     Rajs       TRAJS      650.121.8009         17-OCT-95 ST_CLERK         3500                       124            50                                                               
        142 Curtis     Davies     CDAVIES    650.121.2994         29-JAN-97 ST_CLERK         3100                       124            50                                                               
        143 Randall    Matos      RMATOS     650.121.2874         15-MAR-98 ST_CLERK         2600                       124            50                                                               
        144 Peter      Vargas     PVARGAS    650.121.2004         09-JUL-98 ST_CLERK         2500                       124            50                                                               
        200 Jennifer   Whalen     JWHALEN    515.123.4444         17-SEP-87 AD_ASST          4400                       101            10                                                               
        201 Michael    Hartstein  MHARTSTE   515.123.5555         17-FEB-96 MK_MAN          13000                       100            20                                                               
        202 Pat        Fay        PFAY       603.123.6666         17-AUG-97 MK_REP           6000                       201            20                                                               
        205 Shelley    Higgins    SHIGGINS   515.123.8080         07-JUN-94 AC_MGR          12000                       101           110                                                               
        103 Alexander  Hunold     AHUNOLD    590.423.4567         03-JAN-90 IT_PROG          9000                       102            60                                                               
        102 Lex        De Haan    LDEHAAN    515.123.4569         13-JAN-93 AD_VP           17000                       100            90                                                               
        206 William    Gietz      WGIETZ     515.123.8181         07-JUN-94 AC_ACCOUNT       8300                       205           110                                                               
        100 Steven     King       SKING      515.123.4567         17-JUL-87 AD_PRES         24000                                      90                                                               
        101 Neena      Kochhar    NKOCHHAR   515.123.4568         21-SEP-89 AD_VP           17000                       100            90                                                               

20 rows selected.

SQL> SELECT FIRST_NAME , SALARY PAYMENT, HIRE_DATE FROM EMPOYEES ORDER BY SALARY;
SELECT FIRST_NAME , SALARY PAYMENT, HIRE_DATE FROM EMPOYEES ORDER BY SALARY
                                                   *
ERROR at line 1:
ORA-00942: table or view does not exist 


SQL> SELECT FIRST_NAME , SALARY PAYMENT, HIRE_DATE FROM EMPLOYEES ORDER BY SALARY;

FIRST_NAME    PAYMENT HIRE_DATE                                                                                                                                                                         
---------- ---------- ---------                                                                                                                                                                         
Peter            2500 09-JUL-98                                                                                                                                                                         
Randall          2600 15-MAR-98                                                                                                                                                                         
Curtis           3100 29-JAN-97                                                                                                                                                                         
Trenna           3500 17-OCT-95                                                                                                                                                                         
Diana            4200 07-FEB-99                                                                                                                                                                         
Jennifer         4400 17-SEP-87                                                                                                                                                                         
Kevin            5800 16-NOV-99                                                                                                                                                                         
Bruce            6000 21-MAY-91                                                                                                                                                                         
Pat              6000 17-AUG-97                                                                                                                                                                         
Kimerely         7000 24-MAY-99                                                                                                                                                                         
William          8300 07-JUN-94                                                                                                                                                                         
Jonathon         8600 24-MAR-98                                                                                                                                                                         
Alexander        9000 03-JAN-90                                                                                                                                                                         
Eleni           10500 29-JAN-00                                                                                                                                                                         
Ellen           11000 11-MAY-96                                                                                                                                                                         
Shelley         12000 07-JUN-94                                                                                                                                                                         
Michael         13000 17-FEB-96                                                                                                                                                                         
Neena           17000 21-SEP-89                                                                                                                                                                         
Lex             17000 13-JAN-93                                                                                                                                                                         
Steven          24000 17-JUL-87                                                                                                                                                                         

20 rows selected.

SQL> SELECT FIRST_NAME , SALARY PAYMENT, HIRE_DATE FROM EMPLOYEES ORDER BY 2;

FIRST_NAME    PAYMENT HIRE_DATE                                                                                                                                                                         
---------- ---------- ---------                                                                                                                                                                         
Peter            2500 09-JUL-98                                                                                                                                                                         
Randall          2600 15-MAR-98                                                                                                                                                                         
Curtis           3100 29-JAN-97                                                                                                                                                                         
Trenna           3500 17-OCT-95                                                                                                                                                                         
Diana            4200 07-FEB-99                                                                                                                                                                         
Jennifer         4400 17-SEP-87                                                                                                                                                                         
Kevin            5800 16-NOV-99                                                                                                                                                                         
Bruce            6000 21-MAY-91                                                                                                                                                                         
Pat              6000 17-AUG-97                                                                                                                                                                         
Kimerely         7000 24-MAY-99                                                                                                                                                                         
William          8300 07-JUN-94                                                                                                                                                                         
Jonathon         8600 24-MAR-98                                                                                                                                                                         
Alexander        9000 03-JAN-90                                                                                                                                                                         
Eleni           10500 29-JAN-00                                                                                                                                                                         
Ellen           11000 11-MAY-96                                                                                                                                                                         
Shelley         12000 07-JUN-94                                                                                                                                                                         
Michael         13000 17-FEB-96                                                                                                                                                                         
Neena           17000 21-SEP-89                                                                                                                                                                         
Lex             17000 13-JAN-93                                                                                                                                                                         
Steven          24000 17-JUL-87                                                                                                                                                                         

20 rows selected.

SQL> SELECT FIRST_NAME , SALARY PAYMENT, HIRE_DATE FROM EMPLOYEES ORDER BY PAYMENT;

FIRST_NAME    PAYMENT HIRE_DATE                                                                                                                                                                         
---------- ---------- ---------                                                                                                                                                                         
Peter            2500 09-JUL-98                                                                                                                                                                         
Randall          2600 15-MAR-98                                                                                                                                                                         
Curtis           3100 29-JAN-97                                                                                                                                                                         
Trenna           3500 17-OCT-95                                                                                                                                                                         
Diana            4200 07-FEB-99                                                                                                                                                                         
Jennifer         4400 17-SEP-87                                                                                                                                                                         
Kevin            5800 16-NOV-99                                                                                                                                                                         
Bruce            6000 21-MAY-91                                                                                                                                                                         
Pat              6000 17-AUG-97                                                                                                                                                                         
Kimerely         7000 24-MAY-99                                                                                                                                                                         
William          8300 07-JUN-94                                                                                                                                                                         
Jonathon         8600 24-MAR-98                                                                                                                                                                         
Alexander        9000 03-JAN-90                                                                                                                                                                         
Eleni           10500 29-JAN-00                                                                                                                                                                         
Ellen           11000 11-MAY-96                                                                                                                                                                         
Shelley         12000 07-JUN-94                                                                                                                                                                         
Michael         13000 17-FEB-96                                                                                                                                                                         
Neena           17000 21-SEP-89                                                                                                                                                                         
Lex             17000 13-JAN-93                                                                                                                                                                         
Steven          24000 17-JUL-87                                                                                                                                                                         

20 rows selected.

SQL> SELECT FIRST_NAME , SALARY "Monthly Payment", HIRE_DATE FROM EMPLOYEES ORDER BY "Monthly Payment"
  2  
SQL> SELECT FIRST_NAME , SALARY "Monthly Payment", HIRE_DATE FROM EMPLOYEES ORDER BY "Monthly Payment";

FIRST_NAME Monthly Payment HIRE_DATE                                                                                                                                                                    
---------- --------------- ---------                                                                                                                                                                    
Peter                 2500 09-JUL-98                                                                                                                                                                    
Randall               2600 15-MAR-98                                                                                                                                                                    
Curtis                3100 29-JAN-97                                                                                                                                                                    
Trenna                3500 17-OCT-95                                                                                                                                                                    
Diana                 4200 07-FEB-99                                                                                                                                                                    
Jennifer              4400 17-SEP-87                                                                                                                                                                    
Kevin                 5800 16-NOV-99                                                                                                                                                                    
Bruce                 6000 21-MAY-91                                                                                                                                                                    
Pat                   6000 17-AUG-97                                                                                                                                                                    
Kimerely              7000 24-MAY-99                                                                                                                                                                    
William               8300 07-JUN-94                                                                                                                                                                    
Jonathon              8600 24-MAR-98                                                                                                                                                                    
Alexander             9000 03-JAN-90                                                                                                                                                                    
Eleni                10500 29-JAN-00                                                                                                                                                                    
Ellen                11000 11-MAY-96                                                                                                                                                                    
Shelley              12000 07-JUN-94                                                                                                                                                                    
Michael              13000 17-FEB-96                                                                                                                                                                    
Neena                17000 21-SEP-89                                                                                                                                                                    
Lex                  17000 13-JAN-93                                                                                                                                                                    
Steven               24000 17-JUL-87                                                                                                                                                                    

20 rows selected.

SQL> SELECT FIRST_NAME , SALARY "Monthly Payment", HIRE_DATE FROM EMPLOYEES ORDER BY Monthly Payment;
SELECT FIRST_NAME , SALARY "Monthly Payment", HIRE_DATE FROM EMPLOYEES ORDER BY Monthly Payment
                                                                                        *
ERROR at line 1:
ORA-00933: SQL command not properly ended 


SQL> SELECT FIRST_NAME , SALARY "Monthly Payment", HIRE_DATE FROM EMPLOYEES ORDER BY "Monthly PaymenT";
SELECT FIRST_NAME , SALARY "Monthly Payment", HIRE_DATE FROM EMPLOYEES ORDER BY "Monthly PaymenT"
                                                                                *
ERROR at line 1:
ORA-00904: "Monthly PaymenT": invalid identifier 


SQL> SELECT FIRST_NAME , SALARY "Monthly Payment", HIRE_DATE FROM EMPLOYEES ORDER BY "Monthly Payments";
SELECT FIRST_NAME , SALARY "Monthly Payment", HIRE_DATE FROM EMPLOYEES ORDER BY "Monthly Payments"
                                                                                *
ERROR at line 1:
ORA-00904: "Monthly Payments": invalid identifier 


SQL> SELECT FIRST_NAME , SALARY "Monthly Payment", HIRE_DATE FROM EMPLOYEES ORDER BY "Monthly  Payment";
SELECT FIRST_NAME , SALARY "Monthly Payment", HIRE_DATE FROM EMPLOYEES ORDER BY "Monthly  Payment"
                                                                                *
ERROR at line 1:
ORA-00904: "Monthly  Payment": invalid identifier 


SQL> REM WHEN WE USE CASE SENSITIVE COLUMN ALIAS, WE MUST DELIMIT IT WITH DOUBLE QUOTES, USE SAME SPELLING, SAME CASE AND SAME SPACING.
SQL> 
SQL> REM SORTING ON MULTIPLE COLUMNS
SQL> 
SQL> SELECT DEPARTMENT_ID , FIRST_NAME FROM EMPLOYEES;

DEPARTMENT_ID FIRST_NAME                                                                                                                                                                                
------------- ----------                                                                                                                                                                                
           90 Steven                                                                                                                                                                                    
           90 Neena                                                                                                                                                                                     
           90 Lex                                                                                                                                                                                       
           60 Alexander                                                                                                                                                                                 
           60 Bruce                                                                                                                                                                                     
           60 Diana                                                                                                                                                                                     
           50 Kevin                                                                                                                                                                                     
           50 Trenna                                                                                                                                                                                    
           50 Curtis                                                                                                                                                                                    
           50 Randall                                                                                                                                                                                   
           50 Peter                                                                                                                                                                                     
           80 Eleni                                                                                                                                                                                     
           80 Ellen                                                                                                                                                                                     
           80 Jonathon                                                                                                                                                                                  
              Kimerely                                                                                                                                                                                  
           10 Jennifer                                                                                                                                                                                  
           20 Michael                                                                                                                                                                                   
           20 Pat                                                                                                                                                                                       
          110 Shelley                                                                                                                                                                                   
          110 William                                                                                                                                                                                   

20 rows selected.

SQL> SELECT DEPARTMENT_ID , FIRST_NAME FROM EMPLOYEES ORDER BY 1;

DEPARTMENT_ID FIRST_NAME                                                                                                                                                                                
------------- ----------                                                                                                                                                                                
           10 Jennifer                                                                                                                                                                                  
           20 Michael                                                                                                                                                                                   
           20 Pat                                                                                                                                                                                       
           50 Kevin                                                                                                                                                                                     
           50 Peter                                                                                                                                                                                     
           50 Randall                                                                                                                                                                                   
           50 Curtis                                                                                                                                                                                    
           50 Trenna                                                                                                                                                                                    
           60 Diana                                                                                                                                                                                     
           60 Bruce                                                                                                                                                                                     
           60 Alexander                                                                                                                                                                                 
           80 Ellen                                                                                                                                                                                     
           80 Eleni                                                                                                                                                                                     
           80 Jonathon                                                                                                                                                                                  
           90 Lex                                                                                                                                                                                       
           90 Steven                                                                                                                                                                                    
           90 Neena                                                                                                                                                                                     
          110 William                                                                                                                                                                                   
          110 Shelley                                                                                                                                                                                   
              Kimerely                                                                                                                                                                                  

20 rows selected.

SQL> SELECT DEPARTMENT_ID , FIRST_NAME FROM EMPLOYEES ORDER BY 1 , 2;

DEPARTMENT_ID FIRST_NAME                                                                                                                                                                                
------------- ----------                                                                                                                                                                                
           10 Jennifer                                                                                                                                                                                  
           20 Michael                                                                                                                                                                                   
           20 Pat                                                                                                                                                                                       
           50 Curtis                                                                                                                                                                                    
           50 Kevin                                                                                                                                                                                     
           50 Peter                                                                                                                                                                                     
           50 Randall                                                                                                                                                                                   
           50 Trenna                                                                                                                                                                                    
           60 Alexander                                                                                                                                                                                 
           60 Bruce                                                                                                                                                                                     
           60 Diana                                                                                                                                                                                     
           80 Eleni                                                                                                                                                                                     
           80 Ellen                                                                                                                                                                                     
           80 Jonathon                                                                                                                                                                                  
           90 Lex                                                                                                                                                                                       
           90 Neena                                                                                                                                                                                     
           90 Steven                                                                                                                                                                                    
          110 Shelley                                                                                                                                                                                   
          110 William                                                                                                                                                                                   
              Kimerely                                                                                                                                                                                  

20 rows selected.

SQL> SELECT DEPARTMENT_ID , FIRST_NAME FROM EMPLOYEES ORDER BY 1 , 2 DESC;

DEPARTMENT_ID FIRST_NAME                                                                                                                                                                                
------------- ----------                                                                                                                                                                                
           10 Jennifer                                                                                                                                                                                  
           20 Pat                                                                                                                                                                                       
           20 Michael                                                                                                                                                                                   
           50 Trenna                                                                                                                                                                                    
           50 Randall                                                                                                                                                                                   
           50 Peter                                                                                                                                                                                     
           50 Kevin                                                                                                                                                                                     
           50 Curtis                                                                                                                                                                                    
           60 Diana                                                                                                                                                                                     
           60 Bruce                                                                                                                                                                                     
           60 Alexander                                                                                                                                                                                 
           80 Jonathon                                                                                                                                                                                  
           80 Ellen                                                                                                                                                                                     
           80 Eleni                                                                                                                                                                                     
           90 Steven                                                                                                                                                                                    
           90 Neena                                                                                                                                                                                     
           90 Lex                                                                                                                                                                                       
          110 William                                                                                                                                                                                   
          110 Shelley                                                                                                                                                                                   
              Kimerely                                                                                                                                                                                  

20 rows selected.

SQL> SELECT DEPARTMENT_ID , FIRST_NAME FROM EMPLOYEES;

DEPARTMENT_ID FIRST_NAME                                                                                                                                                                                
------------- ----------                                                                                                                                                                                
           90 Steven                                                                                                                                                                                    
           90 Neena                                                                                                                                                                                     
           90 Lex                                                                                                                                                                                       
           60 Alexander                                                                                                                                                                                 
           60 Bruce                                                                                                                                                                                     
           60 Diana                                                                                                                                                                                     
           50 Kevin                                                                                                                                                                                     
           50 Trenna                                                                                                                                                                                    
           50 Curtis                                                                                                                                                                                    
           50 Randall                                                                                                                                                                                   
           50 Peter                                                                                                                                                                                     
           80 Eleni                                                                                                                                                                                     
           80 Ellen                                                                                                                                                                                     
           80 Jonathon                                                                                                                                                                                  
              Kimerely                                                                                                                                                                                  
           10 Jennifer                                                                                                                                                                                  
           20 Michael                                                                                                                                                                                   
           20 Pat                                                                                                                                                                                       
          110 Shelley                                                                                                                                                                                   
          110 William                                                                                                                                                                                   

20 rows selected.

SQL> SELECT DEPARTMENT_ID , LAST_NAME FROM EMPLOYEES;

DEPARTMENT_ID LAST_NAME                                                                                                                                                                                 
------------- ----------                                                                                                                                                                                
           90 King                                                                                                                                                                                      
           90 Kochhar                                                                                                                                                                                   
           90 De Haan                                                                                                                                                                                   
           60 Hunold                                                                                                                                                                                    
           60 Ernst                                                                                                                                                                                     
           60 Lorentz                                                                                                                                                                                   
           50 Mourgos                                                                                                                                                                                   
           50 Rajs                                                                                                                                                                                      
           50 Davies                                                                                                                                                                                    
           50 Matos                                                                                                                                                                                     
           50 Vargas                                                                                                                                                                                    
           80 Zlotkey                                                                                                                                                                                   
           80 Abel                                                                                                                                                                                      
           80 Taylor                                                                                                                                                                                    
              Grant                                                                                                                                                                                     
           10 Whalen                                                                                                                                                                                    
           20 Hartstein                                                                                                                                                                                 
           20 Fay                                                                                                                                                                                       
          110 Higgins                                                                                                                                                                                   
          110 Gietz                                                                                                                                                                                     

20 rows selected.

SQL> SELECT DEPARTMENT_ID , LAST_NAME FROM EMPLOYEES ORDER BY 2 DESC NULLS LAST, 1;

DEPARTMENT_ID LAST_NAME                                                                                                                                                                                 
------------- ----------                                                                                                                                                                                
           80 Zlotkey                                                                                                                                                                                   
           10 Whalen                                                                                                                                                                                    
           50 Vargas                                                                                                                                                                                    
           80 Taylor                                                                                                                                                                                    
           50 Rajs                                                                                                                                                                                      
           50 Mourgos                                                                                                                                                                                   
           50 Matos                                                                                                                                                                                     
           60 Lorentz                                                                                                                                                                                   
           90 Kochhar                                                                                                                                                                                   
           90 King                                                                                                                                                                                      
           60 Hunold                                                                                                                                                                                    
          110 Higgins                                                                                                                                                                                   
           20 Hartstein                                                                                                                                                                                 
              Grant                                                                                                                                                                                     
          110 Gietz                                                                                                                                                                                     
           20 Fay                                                                                                                                                                                       
           60 Ernst                                                                                                                                                                                     
           90 De Haan                                                                                                                                                                                   
           50 Davies                                                                                                                                                                                    
           80 Abel                                                                                                                                                                                      

20 rows selected.

SQL> SELECT DEPARTMENT_ID , LAST_NAME FROM EMPLOYEES;

DEPARTMENT_ID LAST_NAME                                                                                                                                                                                 
------------- ----------                                                                                                                                                                                
           90 King                                                                                                                                                                                      
           90 Kochhar                                                                                                                                                                                   
           90 De Haan                                                                                                                                                                                   
           60 Hunold                                                                                                                                                                                    
           60 Ernst                                                                                                                                                                                     
           60 Lorentz                                                                                                                                                                                   
           50 Mourgos                                                                                                                                                                                   
           50 Rajs                                                                                                                                                                                      
           50 Davies                                                                                                                                                                                    
           50 Matos                                                                                                                                                                                     
           50 Vargas                                                                                                                                                                                    
           80 Zlotkey                                                                                                                                                                                   
           80 Abel                                                                                                                                                                                      
           80 Taylor                                                                                                                                                                                    
              Grant                                                                                                                                                                                     
           10 Whalen                                                                                                                                                                                    
           20 Hartstein                                                                                                                                                                                 
           20 Fay                                                                                                                                                                                       
          110 Higgins                                                                                                                                                                                   
          110 Gietz                                                                                                                                                                                     

20 rows selected.

SQL> SELECT DEPARTMENT_ID , LAST_NAME FROM EMPLOYEES ORDER BY 1 DESC NULLS LAST, 2;

DEPARTMENT_ID LAST_NAME                                                                                                                                                                                 
------------- ----------                                                                                                                                                                                
          110 Gietz                                                                                                                                                                                     
          110 Higgins                                                                                                                                                                                   
           90 De Haan                                                                                                                                                                                   
           90 King                                                                                                                                                                                      
           90 Kochhar                                                                                                                                                                                   
           80 Abel                                                                                                                                                                                      
           80 Taylor                                                                                                                                                                                    
           80 Zlotkey                                                                                                                                                                                   
           60 Ernst                                                                                                                                                                                     
           60 Hunold                                                                                                                                                                                    
           60 Lorentz                                                                                                                                                                                   
           50 Davies                                                                                                                                                                                    
           50 Matos                                                                                                                                                                                     
           50 Mourgos                                                                                                                                                                                   
           50 Rajs                                                                                                                                                                                      
           50 Vargas                                                                                                                                                                                    
           20 Fay                                                                                                                                                                                       
           20 Hartstein                                                                                                                                                                                 
           10 Whalen                                                                                                                                                                                    
              Grant                                                                                                                                                                                     

20 rows selected.

SQL> SELECT JOB_ID , FIRST_NAME FROM EMPLOYEES;

JOB_ID     FIRST_NAME                                                                                                                                                                                   
---------- ----------                                                                                                                                                                                   
AD_PRES    Steven                                                                                                                                                                                       
AD_VP      Neena                                                                                                                                                                                        
AD_VP      Lex                                                                                                                                                                                          
IT_PROG    Alexander                                                                                                                                                                                    
IT_PROG    Bruce                                                                                                                                                                                        
IT_PROG    Diana                                                                                                                                                                                        
ST_MAN     Kevin                                                                                                                                                                                        
ST_CLERK   Trenna                                                                                                                                                                                       
ST_CLERK   Curtis                                                                                                                                                                                       
ST_CLERK   Randall                                                                                                                                                                                      
ST_CLERK   Peter                                                                                                                                                                                        
SA_MAN     Eleni                                                                                                                                                                                        
SA_REP     Ellen                                                                                                                                                                                        
SA_REP     Jonathon                                                                                                                                                                                     
SA_REP     Kimerely                                                                                                                                                                                     
AD_ASST    Jennifer                                                                                                                                                                                     
MK_MAN     Michael                                                                                                                                                                                      
MK_REP     Pat                                                                                                                                                                                          
AC_MGR     Shelley                                                                                                                                                                                      
AC_ACCOUNT William                                                                                                                                                                                      

20 rows selected.

SQL> SELECT JOB_ID , FIRST_NAME FROM EMPLOYEES ORDER BY 1 , 2 DESC;

JOB_ID     FIRST_NAME                                                                                                                                                                                   
---------- ----------                                                                                                                                                                                   
AC_ACCOUNT William                                                                                                                                                                                      
AC_MGR     Shelley                                                                                                                                                                                      
AD_ASST    Jennifer                                                                                                                                                                                     
AD_PRES    Steven                                                                                                                                                                                       
AD_VP      Neena                                                                                                                                                                                        
AD_VP      Lex                                                                                                                                                                                          
IT_PROG    Diana                                                                                                                                                                                        
IT_PROG    Bruce                                                                                                                                                                                        
IT_PROG    Alexander                                                                                                                                                                                    
MK_MAN     Michael                                                                                                                                                                                      
MK_REP     Pat                                                                                                                                                                                          
SA_MAN     Eleni                                                                                                                                                                                        
SA_REP     Kimerely                                                                                                                                                                                     
SA_REP     Jonathon                                                                                                                                                                                     
SA_REP     Ellen                                                                                                                                                                                        
ST_CLERK   Trenna                                                                                                                                                                                       
ST_CLERK   Randall                                                                                                                                                                                      
ST_CLERK   Peter                                                                                                                                                                                        
ST_CLERK   Curtis                                                                                                                                                                                       
ST_MAN     Kevin                                                                                                                                                                                        

20 rows selected.

SQL> SELECT DEPARTMENT_ID FROM EMPLOYEES;

DEPARTMENT_ID                                                                                                                                                                                           
-------------                                                                                                                                                                                           
           90                                                                                                                                                                                           
           90                                                                                                                                                                                           
           90                                                                                                                                                                                           
           60                                                                                                                                                                                           
           60                                                                                                                                                                                           
           60                                                                                                                                                                                           
           50                                                                                                                                                                                           
           50                                                                                                                                                                                           
           50                                                                                                                                                                                           
           50                                                                                                                                                                                           
           50                                                                                                                                                                                           
           80                                                                                                                                                                                           
           80                                                                                                                                                                                           
           80                                                                                                                                                                                           
                                                                                                                                                                                                        
           10                                                                                                                                                                                           
           20                                                                                                                                                                                           
           20                                                                                                                                                                                           
          110                                                                                                                                                                                           
          110                                                                                                                                                                                           

20 rows selected.

SQL> SELECT DEPARTMENT_ID FROM EMPLOYEES ORDER BY 1;

DEPARTMENT_ID                                                                                                                                                                                           
-------------                                                                                                                                                                                           
           10                                                                                                                                                                                           
           20                                                                                                                                                                                           
           20                                                                                                                                                                                           
           50                                                                                                                                                                                           
           50                                                                                                                                                                                           
           50                                                                                                                                                                                           
           50                                                                                                                                                                                           
           50                                                                                                                                                                                           
           60                                                                                                                                                                                           
           60                                                                                                                                                                                           
           60                                                                                                                                                                                           
           80                                                                                                                                                                                           
           80                                                                                                                                                                                           
           80                                                                                                                                                                                           
           90                                                                                                                                                                                           
           90                                                                                                                                                                                           
           90                                                                                                                                                                                           
          110                                                                                                                                                                                           
          110                                                                                                                                                                                           
                                                                                                                                                                                                        

20 rows selected.

SQL> SELECT DEPARTMENT_ID FROM EMPLOYEES ORDER BY 1 DESC;

DEPARTMENT_ID                                                                                                                                                                                           
-------------                                                                                                                                                                                           
                                                                                                                                                                                                        
          110                                                                                                                                                                                           
          110                                                                                                                                                                                           
           90                                                                                                                                                                                           
           90                                                                                                                                                                                           
           90                                                                                                                                                                                           
           80                                                                                                                                                                                           
           80                                                                                                                                                                                           
           80                                                                                                                                                                                           
           60                                                                                                                                                                                           
           60                                                                                                                                                                                           
           60                                                                                                                                                                                           
           50                                                                                                                                                                                           
           50                                                                                                                                                                                           
           50                                                                                                                                                                                           
           50                                                                                                                                                                                           
           50                                                                                                                                                                                           
           20                                                                                                                                                                                           
           20                                                                                                                                                                                           
           10                                                                                                                                                                                           

20 rows selected.

SQL> SELECT DEPARTMENT_ID FROM EMPLOYEES ORDER BY NVL(COMMISSION_PCT,70);

DEPARTMENT_ID                                                                                                                                                                                           
-------------                                                                                                                                                                                           
                                                                                                                                                                                                        
           80                                                                                                                                                                                           
           80                                                                                                                                                                                           
           80                                                                                                                                                                                           
           60                                                                                                                                                                                           
           60                                                                                                                                                                                           
           50                                                                                                                                                                                           
           50                                                                                                                                                                                           
           50                                                                                                                                                                                           
           50                                                                                                                                                                                           
           50                                                                                                                                                                                           
           10                                                                                                                                                                                           
           20                                                                                                                                                                                           
           20                                                                                                                                                                                           
          110                                                                                                                                                                                           
           60                                                                                                                                                                                           
           90                                                                                                                                                                                           
          110                                                                                                                                                                                           
           90                                                                                                                                                                                           
           90                                                                                                                                                                                           

20 rows selected.

SQL> SELECT DEPARTMENT_ID FROM EMPLOYEES ORDER BY NVL(DEPARTMENT_ID,70);

DEPARTMENT_ID                                                                                                                                                                                           
-------------                                                                                                                                                                                           
           10                                                                                                                                                                                           
           20                                                                                                                                                                                           
           20                                                                                                                                                                                           
           50                                                                                                                                                                                           
           50                                                                                                                                                                                           
           50                                                                                                                                                                                           
           50                                                                                                                                                                                           
           50                                                                                                                                                                                           
           60                                                                                                                                                                                           
           60                                                                                                                                                                                           
           60                                                                                                                                                                                           
                                                                                                                                                                                                        
           80                                                                                                                                                                                           
           80                                                                                                                                                                                           
           80                                                                                                                                                                                           
           90                                                                                                                                                                                           
           90                                                                                                                                                                                           
           90                                                                                                                                                                                           
          110                                                                                                                                                                                           
          110                                                                                                                                                                                           

20 rows selected.

SQL> SELECT DEPARTMENT_ID , MANAGER_ID FROM EMPLOYEES;

DEPARTMENT_ID MANAGER_ID                                                                                                                                                                                
------------- ----------                                                                                                                                                                                
           90                                                                                                                                                                                           
           90        100                                                                                                                                                                                
           90        100                                                                                                                                                                                
           60        102                                                                                                                                                                                
           60        103                                                                                                                                                                                
           60        103                                                                                                                                                                                
           50        100                                                                                                                                                                                
           50        124                                                                                                                                                                                
           50        124                                                                                                                                                                                
           50        124                                                                                                                                                                                
           50        124                                                                                                                                                                                
           80        100                                                                                                                                                                                
           80        149                                                                                                                                                                                
           80        149                                                                                                                                                                                
                     149                                                                                                                                                                                
           10        101                                                                                                                                                                                
           20        100                                                                                                                                                                                
           20        201                                                                                                                                                                                
          110        101                                                                                                                                                                                
          110        205                                                                                                                                                                                

20 rows selected.

SQL> SELECT DEPARTMENT_ID , MANAGER_ID FROM EMPLOYEES ORDER BY 1 NULLS FIRST;

DEPARTMENT_ID MANAGER_ID                                                                                                                                                                                
------------- ----------                                                                                                                                                                                
                     149                                                                                                                                                                                
           10        101                                                                                                                                                                                
           20        100                                                                                                                                                                                
           20        201                                                                                                                                                                                
           50        124                                                                                                                                                                                
           50        124                                                                                                                                                                                
           50        124                                                                                                                                                                                
           50        124                                                                                                                                                                                
           50        100                                                                                                                                                                                
           60        102                                                                                                                                                                                
