SQL> 
SQL> REM DISPLAY 10 ROWS STARTING WITH 15TH ROW
SQL> 
SQL> SELECT * FROM EMPLOYEES OFFSET 14 ROWS FETCH NEXT 10 ROWS ONLY;

EMPLOYEE_ID FIRST_NAME LAST_NAME  EMAIL      PHONE_NUMBER         HIRE_DATE JOB_ID         SALARY COMMISSION_PCT MANAGER_ID DEPARTMENT_ID                                                               
----------- ---------- ---------- ---------- -------------------- --------- ---------- ---------- -------------- ---------- -------------                                                               
        178 Kimerely   Grant      KGRANT     011.44.1644.429263   24-MAY-99 SA_REP           7000            .15        149                                                                             
        200 Jennifer   Whalen     JWHALEN    515.123.4444         17-SEP-87 AD_ASST          4400                       101            10                                                               
        201 Michael    Hartstein  MHARTSTE   515.123.5555         17-FEB-96 MK_MAN          13000                       100            20                                                               
        202 Pat        Fay        PFAY       603.123.6666         17-AUG-97 MK_REP           6000                       201            20                                                               
        205 Shelley    Higgins    SHIGGINS   515.123.8080         07-JUN-94 AC_MGR          12000                       101           110                                                               
        206 William    Gietz      WGIETZ     515.123.8181         07-JUN-94 AC_ACCOUNT       8300                       205           110                                                               

6 rows selected.

SQL> REM 6 SORT ROWS ON DEPARTMENT_ID COLUMN. DISPLAY FIRST_NAME , DEPARTMENT_ID. DISPLAY 5 OR MORE ROWS WITH DUPLICATE VALUES.
SQL> 
SQL> SELECT FIRST_NAME , DEPARTMENT_ID FROM EMPLOYEES ORDER BY 2 FETCH FIRST 5 ROWS ONLY;

FIRST_NAME DEPARTMENT_ID                                                                                                                                                                                
---------- -------------                                                                                                                                                                                
Jennifer              10                                                                                                                                                                                
Michael               20                                                                                                                                                                                
Pat                   20                                                                                                                                                                                
Kevin                 50                                                                                                                                                                                
Trenna                50                                                                                                                                                                                

SQL> SELECT FIRST_NAME , DEPARTMENT_ID FROM EMPLOYEES ORDER BY 2 FETCH FIRST 5 ROWS WITH TIES;

FIRST_NAME DEPARTMENT_ID                                                                                                                                                                                
---------- -------------                                                                                                                                                                                
Jennifer              10                                                                                                                                                                                
Michael               20                                                                                                                                                                                
Pat                   20                                                                                                                                                                                
Kevin                 50                                                                                                                                                                                
Peter                 50                                                                                                                                                                                
Randall               50                                                                                                                                                                                
Curtis                50                                                                                                                                                                                
Trenna                50                                                                                                                                                                                

8 rows selected.

SQL> SELECT FIRST_NAME , DEPARTMENT_ID FROM EMPLOYEES ORDER BY 2 FETCH FIRST 5 ROWS;
SELECT FIRST_NAME , DEPARTMENT_ID FROM EMPLOYEES ORDER BY 2 FETCH FIRST 5 ROWS
                                                                             *
ERROR at line 1:
ORA-00905: missing keyword 


SQL> CL SCR

SQL> REM RESTRICTION/SELECTION
SQL> 
SQL> REM SELECT ... FROM ... WHERE ... ORDER BY ... OFFSET ... FETCH ...;
SQL> 
SQL> REM : WHERE IS USED FOR RESTRICTION OR SELECTION
SQL> 
SQL> REM WHERE SYNTAX : OPERAND1 OPERATOR OPERAND2
SQL> 
SQL> REM WHERE EXAMPLE : SALARY > 10000
SQL> 
SQL> REM SALARY IS OPERAND1
SQL> 
SQL> REM > IS OPERATOR
SQL> 
SQL> REM 10000 IS OPERAND2
SQL> 
SQL> 
SQL> REM DATA TYPES OF BOTH OPERANDS SHOULD MATCH
SQL> 
SQL> 
SQL> REM NON-NUMERICAL VALUES MUST BE QUATED WITH SINGLE QUOTATION MARK.
SQL> 
SQL> REM CHARACTER VALUES ARE CASE SENSITIVE WHILE COMPARING.
SQL> 
SQL> REM DATE VALUES ARE FORMAT SENSITIVE.
SQL> 
SQL> 
SQL> REM TYPES OF COMARISON/RELATIONAL OPERATORS : = < > <= >=     <> != ^=
SQL> 
SQL> REM TYPES OF COMPARISON OPERATORS : 1 SINGLE ROW 2 MULTI ROW 3 SPECIAL
SQL> 
SQL> REM LIST OF SINGLE ROW COMPARISON OPERATORS : = < > <= >=     <> != ^=
SQL> 
SQL> REM IT CAN COMPARE SINGLE VALUES WITHIN SINGLE CONDITION.
SQL> 
SQL> 
SQL> 
SQL> REM DISPLAY THOSE WHO GETS 6000 SALARY.
SQL> 
SQL> SELECT FIRST_NAME , SALARY FROM EMPLOYEES WHERE SALARY = 6000;

FIRST_NAME     SALARY                                                                                                                                                                                   
---------- ----------                                                                                                                                                                                   
Bruce            6000                                                                                                                                                                                   
Pat              6000                                                                                                                                                                                   

SQL> SELECT * FROM EMPLOYEES WHERE SALARY = 6000;

EMPLOYEE_ID FIRST_NAME LAST_NAME  EMAIL      PHONE_NUMBER         HIRE_DATE JOB_ID         SALARY COMMISSION_PCT MANAGER_ID DEPARTMENT_ID                                                               
----------- ---------- ---------- ---------- -------------------- --------- ---------- ---------- -------------- ---------- -------------                                                               
        104 Bruce      Ernst      BERNST     590.423.4568         21-MAY-91 IT_PROG          6000                       103            60                                                               
        202 Pat        Fay        PFAY       603.123.6666         17-AUG-97 MK_REP           6000                       201            20                                                               

SQL> REM DISPLAY THOSE WHO GETS SALARY MORE THAN 6000
SQL> 
SQL> 
SQL> SELECT * FROM EMPLOYEES WHERE SALARY > 6000;

EMPLOYEE_ID FIRST_NAME LAST_NAME  EMAIL      PHONE_NUMBER         HIRE_DATE JOB_ID         SALARY COMMISSION_PCT MANAGER_ID DEPARTMENT_ID                                                               
----------- ---------- ---------- ---------- -------------------- --------- ---------- ---------- -------------- ---------- -------------                                                               
        100 Steven     King       SKING      515.123.4567         17-JUL-87 AD_PRES         24000                                      90                                                               
        101 Neena      Kochhar    NKOCHHAR   515.123.4568         21-SEP-89 AD_VP           17000                       100            90                                                               
        102 Lex        De Haan    LDEHAAN    515.123.4569         13-JAN-93 AD_VP           17000                       100            90                                                               
        103 Alexander  Hunold     AHUNOLD    590.423.4567         03-JAN-90 IT_PROG          9000                       102            60                                                               
        149 Eleni      Zlotkey    EZLOTKEY   011.44.1344.429018   29-JAN-00 SA_MAN          10500             .2        100            80                                                               
        174 Ellen      Abel       EABEL      011.44.1644.429267   11-MAY-96 SA_REP          11000             .3        149            80                                                               
        176 Jonathon   Taylor     JTAYLOR    011.44.1644.429265   24-MAR-98 SA_REP           8600             .3        149            80                                                               
        178 Kimerely   Grant      KGRANT     011.44.1644.429263   24-MAY-99 SA_REP           7000            .15        149                                                                             
        201 Michael    Hartstein  MHARTSTE   515.123.5555         17-FEB-96 MK_MAN          13000                       100            20                                                               
        205 Shelley    Higgins    SHIGGINS   515.123.8080         07-JUN-94 AC_MGR          12000                       101           110                                                               
        206 William    Gietz      WGIETZ     515.123.8181         07-JUN-94 AC_ACCOUNT       8300                       205           110                                                               

11 rows selected.

SQL> SELECT FIRST_NAME , SALARY FROM EMPLOYEES WHERE SALARY > 6000;

FIRST_NAME     SALARY                                                                                                                                                                                   
---------- ----------                                                                                                                                                                                   
Steven          24000                                                                                                                                                                                   
Neena           17000                                                                                                                                                                                   
Lex             17000                                                                                                                                                                                   
Alexander        9000                                                                                                                                                                                   
Eleni           10500                                                                                                                                                                                   
Ellen           11000                                                                                                                                                                                   
Jonathon         8600                                                                                                                                                                                   
Kimerely         7000                                                                                                                                                                                   
Michael         13000                                                                                                                                                                                   
Shelley         12000                                                                                                                                                                                   
William          8300                                                                                                                                                                                   

11 rows selected.

SQL> SELECT FIRST_NAME , SALARY FROM EMPLOYEES WHERE SALARY > 6000 ORDER BY 2;

FIRST_NAME     SALARY                                                                                                                                                                                   
---------- ----------                                                                                                                                                                                   
Kimerely         7000                                                                                                                                                                                   
William          8300                                                                                                                                                                                   
Jonathon         8600                                                                                                                                                                                   
Alexander        9000                                                                                                                                                                                   
Eleni           10500                                                                                                                                                                                   
Ellen           11000                                                                                                                                                                                   
Shelley         12000                                                                                                                                                                                   
Michael         13000                                                                                                                                                                                   
Neena           17000                                                                                                                                                                                   
Lex             17000                                                                                                                                                                                   
Steven          24000                                                                                                                                                                                   

11 rows selected.

SQL> REM DISPLAY THOSE WHO GETS SALARY 6000 OR MORE
SQL> 
SQL> SELECT FIRST_NAME , SALARY FROM EMPLOYEES WHERE SALARY >= 6000 ORDER BY 2;

FIRST_NAME     SALARY                                                                                                                                                                                   
---------- ----------                                                                                                                                                                                   
Pat              6000                                                                                                                                                                                   
Bruce            6000                                                                                                                                                                                   
Kimerely         7000                                                                                                                                                                                   
William          8300                                                                                                                                                                                   
Jonathon         8600                                                                                                                                                                                   
Alexander        9000                                                                                                                                                                                   
Eleni           10500                                                                                                                                                                                   
Ellen           11000                                                                                                                                                                                   
Shelley         12000                                                                                                                                                                                   
Michael         13000                                                                                                                                                                                   
Neena           17000                                                                                                                                                                                   
Lex             17000                                                                                                                                                                                   
Steven          24000                                                                                                                                                                                   

13 rows selected.

SQL> SELECT FIRST_NAME , SALARY FROM EMPLOYEES WHERE SALARY => 6000 ORDER BY 2;
SELECT FIRST_NAME , SALARY FROM EMPLOYEES WHERE SALARY => 6000 ORDER BY 2
                                                       *
ERROR at line 1:
ORA-00920: invalid relational operator 


SQL> REM DISPLAY THOSE WHO GETS SALARY 6000 OR LESS
SQL> 
SQL> SELECT FIRST_NAME , SALARY FROM EMPLOYEES WHERE SALARY <= 6000 ORDER BY 2;

FIRST_NAME     SALARY                                                                                                                                                                                   
---------- ----------                                                                                                                                                                                   
Peter            2500                                                                                                                                                                                   
Randall          2600                                                                                                                                                                                   
Curtis           3100                                                                                                                                                                                   
Trenna           3500                                                                                                                                                                                   
Diana            4200                                                                                                                                                                                   
Jennifer         4400                                                                                                                                                                                   
Kevin            5800                                                                                                                                                                                   
Pat              6000                                                                                                                                                                                   
Bruce            6000                                                                                                                                                                                   

9 rows selected.

SQL> SELECT FIRST_NAME , SALARY FROM EMPLOYEES WHERE SALARY <= 6666 ORDER BY 2;

FIRST_NAME     SALARY                                                                                                                                                                                   
---------- ----------                                                                                                                                                                                   
Peter            2500                                                                                                                                                                                   
Randall          2600                                                                                                                                                                                   
Curtis           3100                                                                                                                                                                                   
Trenna           3500                                                                                                                                                                                   
Diana            4200                                                                                                                                                                                   
Jennifer         4400                                                                                                                                                                                   
Kevin            5800                                                                                                                                                                                   
Pat              6000                                                                                                                                                                                   
Bruce            6000                                                                                                                                                                                   

9 rows selected.

SQL> SELECT FIRST_NAME , SALARY FROM EMPLOYEES WHERE SALARY < 6666 ORDER BY 2;

FIRST_NAME     SALARY                                                                                                                                                                                   
---------- ----------                                                                                                                                                                                   
Peter            2500                                                                                                                                                                                   
Randall          2600                                                                                                                                                                                   
Curtis           3100                                                                                                                                                                                   
Trenna           3500                                                                                                                                                                                   
Diana            4200                                                                                                                                                                                   
Jennifer         4400                                                                                                                                                                                   
Kevin            5800                                                                                                                                                                                   
Pat              6000                                                                                                                                                                                   
Bruce            6000                                                                                                                                                                                   

9 rows selected.

SQL> REM DISPLAY ALL OTHER THAN THOSE WHO GETS 17000 SALARY
SQL> 
SQL> SELECT FIRST_NAME , SALARY FROM EMPLOYEES WHERE SALARY <> 17000 ORDER BY 2;

FIRST_NAME     SALARY                                                                                                                                                                                   
---------- ----------                                                                                                                                                                                   
Peter            2500                                                                                                                                                                                   
Randall          2600                                                                                                                                                                                   
Curtis           3100                                                                                                                                                                                   
Trenna           3500                                                                                                                                                                                   
Diana            4200                                                                                                                                                                                   
Jennifer         4400                                                                                                                                                                                   
Kevin            5800                                                                                                                                                                                   
Bruce            6000                                                                                                                                                                                   
Pat              6000                                                                                                                                                                                   
Kimerely         7000                                                                                                                                                                                   
William          8300                                                                                                                                                                                   
Jonathon         8600                                                                                                                                                                                   
Alexander        9000                                                                                                                                                                                   
Eleni           10500                                                                                                                                                                                   
Ellen           11000                                                                                                                                                                                   
Shelley         12000                                                                                                                                                                                   
Michael         13000                                                                                                                                                                                   
Steven          24000                                                                                                                                                                                   

18 rows selected.

SQL> SELECT FIRST_NAME , SALARY FROM EMPLOYEES WHERE SALARY != 17000 ORDER BY 2;

FIRST_NAME     SALARY                                                                                                                                                                                   
---------- ----------                                                                                                                                                                                   
Peter            2500                                                                                                                                                                                   
Randall          2600                                                                                                                                                                                   
Curtis           3100                                                                                                                                                                                   
Trenna           3500                                                                                                                                                                                   
Diana            4200                                                                                                                                                                                   
Jennifer         4400                                                                                                                                                                                   
Kevin            5800                                                                                                                                                                                   
Bruce            6000                                                                                                                                                                                   
Pat              6000                                                                                                                                                                                   
Kimerely         7000                                                                                                                                                                                   
William          8300                                                                                                                                                                                   
Jonathon         8600                                                                                                                                                                                   
Alexander        9000                                                                                                                                                                                   
Eleni           10500                                                                                                                                                                                   
Ellen           11000                                                                                                                                                                                   
Shelley         12000                                                                                                                                                                                   
Michael         13000                                                                                                                                                                                   
Steven          24000                                                                                                                                                                                   

18 rows selected.

SQL> SELECT FIRST_NAME , SALARY FROM EMPLOYEES WHERE SALARY ^= 17000 ORDER BY 2;

FIRST_NAME     SALARY                                                                                                                                                                                   
---------- ----------                                                                                                                                                                                   
Peter            2500                                                                                                                                                                                   
Randall          2600                                                                                                                                                                                   
Curtis           3100                                                                                                                                                                                   
Trenna           3500                                                                                                                                                                                   
Diana            4200                                                                                                                                                                                   
Jennifer         4400                                                                                                                                                                                   
Kevin            5800                                                                                                                                                                                   
Bruce            6000                                                                                                                                                                                   
Pat              6000                                                                                                                                                                                   
Kimerely         7000                                                                                                                                                                                   
William          8300                                                                                                                                                                                   
Jonathon         8600                                                                                                                                                                                   
Alexander        9000                                                                                                                                                                                   
Eleni           10500                                                                                                                                                                                   
Ellen           11000                                                                                                                                                                                   
Shelley         12000                                                                                                                                                                                   
Michael         13000                                                                                                                                                                                   
Steven          24000                                                                                                                                                                                   

18 rows selected.

SQL> SELECT FIRST_NAME , SALARY FROM EMPLOYEES WHERE SALARY >< 17000 ORDER BY 2;
SELECT FIRST_NAME , SALARY FROM EMPLOYEES WHERE SALARY >< 17000 ORDER BY 2
                                                        *
ERROR at line 1:
ORA-00936: missing expression 


SQL> SELECT FIRST_NAME , SALARY FROM EMPLOYEES WHERE SALARY > 30000 ORDER BY 2;

no rows selected

SQL> SELECT FIRST_NAME , SALARY FROM EMPLOYEES WHERE SALARY >= 24000 ORDER BY 2;

FIRST_NAME     SALARY                                                                                                                                                                                   
---------- ----------                                                                                                                                                                                   
Steven          24000                                                                                                                                                                                   

SQL> REM CHARACTER COMPARISON
SQL> 
SQL> REM DISPLAY THOSE WHO WORKS AS IT_PROG
SQL> 
SQL> SELECT FIRST_NAME , JOB_ID FROM EMPLOYEES WHERE JOB_ID = IT_PROG;
SELECT FIRST_NAME , JOB_ID FROM EMPLOYEES WHERE JOB_ID = IT_PROG
                                                         *
ERROR at line 1:
ORA-00904: "IT_PROG": invalid identifier 


SQL> SELECT FIRST_NAME , JOB_ID FROM EMPLOYEES WHERE JOB_ID = 'IT_PROG';

FIRST_NAME JOB_ID                                                                                                                                                                                       
---------- ----------                                                                                                                                                                                   
Alexander  IT_PROG                                                                                                                                                                                      
Bruce      IT_PROG                                                                                                                                                                                      
Diana      IT_PROG                                                                                                                                                                                      

SQL> SELECT FIRST_NAME , JOB_ID FROM EMPLOYEES WHERE JOB_ID = "IT_PROG";
SELECT FIRST_NAME , JOB_ID FROM EMPLOYEES WHERE JOB_ID = "IT_PROG"
                                                         *
ERROR at line 1:
ORA-00904: "IT_PROG": invalid identifier 


SQL> SELECT FIRST_NAME , JOB_ID FROM EMPLOYEES WHERE JOB_ID = 'IT_PROg';

no rows selected

SQL> SELECT FIRST_NAME , JOB_ID FROM EMPLOYEES WHERE 'IT_PROG' = JOB_ID;

FIRST_NAME JOB_ID                                                                                                                                                                                       
---------- ----------                                                                                                                                                                                   
Alexander  IT_PROG                                                                                                                                                                                      
Bruce      IT_PROG                                                                                                                                                                                      
Diana      IT_PROG                                                                                                                                                                                      

SQL> SELECT FIRST_NAME , SALARY FROM EMPLOYEES ORDER BY 2;

FIRST_NAME     SALARY                                                                                                                                                                                   
---------- ----------                                                                                                                                                                                   
Peter            2500                                                                                                                                                                                   
Randall          2600                                                                                                                                                                                   
Curtis           3100                                                                                                                                                                                   
Trenna           3500                                                                                                                                                                                   
Diana            4200                                                                                                                                                                                   
Jennifer         4400                                                                                                                                                                                   
Kevin            5800                                                                                                                                                                                   
Bruce            6000                                                                                                                                                                                   
Pat              6000                                                                                                                                                                                   
Kimerely         7000                                                                                                                                                                                   
William          8300                                                                                                                                                                                   
Jonathon         8600                                                                                                                                                                                   
Alexander        9000                                                                                                                                                                                   
Eleni           10500                                                                                                                                                                                   
Ellen           11000                                                                                                                                                                                   
Shelley         12000                                                                                                                                                                                   
Michael         13000                                                                                                                                                                                   
Neena           17000                                                                                                                                                                                   
Lex             17000                                                                                                                                                                                   
Steven          24000                                                                                                                                                                                   

20 rows selected.

SQL> SELECT FIRST_NAME , SALARY FROM EMPLOYEES WHERE 10500 > SALARY ORDER BY 2;

FIRST_NAME     SALARY                                                                                                                                                                                   
---------- ----------                                                                                                                                                                                   
Peter            2500                                                                                                                                                                                   
Randall          2600                                                                                                                                                                                   
Curtis           3100                                                                                                                                                                                   
Trenna           3500                                                                                                                                                                                   
Diana            4200                                                                                                                                                                                   
Jennifer         4400                                                                                                                                                                                   
Kevin            5800                                                                                                                                                                                   
Pat              6000                                                                                                                                                                                   
Bruce            6000                                                                                                                                                                                   
Kimerely         7000                                                                                                                                                                                   
William          8300                                                                                                                                                                                   
Jonathon         8600                                                                                                                                                                                   
Alexander        9000                                                                                                                                                                                   

13 rows selected.

SQL> SELECT * FROM EMPLOYEES;

EMPLOYEE_ID FIRST_NAME LAST_NAME  EMAIL      PHONE_NUMBER         HIRE_DATE JOB_ID         SALARY COMMISSION_PCT MANAGER_ID DEPARTMENT_ID                                                               
----------- ---------- ---------- ---------- -------------------- --------- ---------- ---------- -------------- ---------- -------------                                                               
        100 Steven     King       SKING      515.123.4567         17-JUL-87 AD_PRES         24000                                      90                                                               
        101 Neena      Kochhar    NKOCHHAR   515.123.4568         21-SEP-89 AD_VP           17000                       100            90                                                               
        102 Lex        De Haan    LDEHAAN    515.123.4569         13-JAN-93 AD_VP           17000                       100            90                                                               
        103 Alexander  Hunold     AHUNOLD    590.423.4567         03-JAN-90 IT_PROG          9000                       102            60                                                               
        104 Bruce      Ernst      BERNST     590.423.4568         21-MAY-91 IT_PROG          6000                       103            60                                                               
        107 Diana      Lorentz    DLORENTZ   590.423.5567         07-FEB-99 IT_PROG          4200                       103            60                                                               
        124 Kevin      Mourgos    KMOURGOS   650.123.5234         16-NOV-99 ST_MAN           5800                       100            50                                                               
        141 Trenna     Rajs       TRAJS      650.121.8009         17-OCT-95 ST_CLERK         3500                       124            50                                                               
        142 Curtis     Davies     CDAVIES    650.121.2994         29-JAN-97 ST_CLERK         3100                       124            50                                                               
        143 Randall    Matos      RMATOS     650.121.2874         15-MAR-98 ST_CLERK         2600                       124            50                                                               
        144 Peter      Vargas     PVARGAS    650.121.2004         09-JUL-98 ST_CLERK         2500                       124            50                                                               
        149 Eleni      Zlotkey    EZLOTKEY   011.44.1344.429018   29-JAN-00 SA_MAN          10500             .2        100            80                                                               
        174 Ellen      Abel       EABEL      011.44.1644.429267   11-MAY-96 SA_REP          11000             .3        149            80                                                               
        176 Jonathon   Taylor     JTAYLOR    011.44.1644.429265   24-MAR-98 SA_REP           8600             .3        149            80                                                               
        178 Kimerely   Grant      KGRANT     011.44.1644.429263   24-MAY-99 SA_REP           7000            .15        149                                                                             
        200 Jennifer   Whalen     JWHALEN    515.123.4444         17-SEP-87 AD_ASST          4400                       101            10                                                               
        201 Michael    Hartstein  MHARTSTE   515.123.5555         17-FEB-96 MK_MAN          13000                       100            20                                                               
        202 Pat        Fay        PFAY       603.123.6666         17-AUG-97 MK_REP           6000                       201            20                                                               
        205 Shelley    Higgins    SHIGGINS   515.123.8080         07-JUN-94 AC_MGR          12000                       101           110                                                               
        206 William    Gietz      WGIETZ     515.123.8181         07-JUN-94 AC_ACCOUNT       8300                       205           110                                                               

20 rows selected.

SQL> SELECT * FROM EMPLOYEES WHERE JOB_ID = 'ST-CLERK';

no rows selected

SQL> SELECT * FROM EMPLOYEES WHERE JOB_ID == 'ST_CLERK';
SELECT * FROM EMPLOYEES WHERE JOB_ID == 'ST_CLERK'
                                      *
ERROR at line 1:
ORA-00936: missing expression 


SQL> REM DATE COMPARISON
SQL> 
SQL> REM DISPLAY THOSE WHO WERE HIRED BEFORE YEAR 95
SQL> 
SQL> SELECT FIRST_NAME , HIRE_DATE FROM EMPLOYEES WHERE HIRE_DATE < 95;
SELECT FIRST_NAME , HIRE_DATE FROM EMPLOYEES WHERE HIRE_DATE < 95
                                                             *
ERROR at line 1:
ORA-00932: inconsistent datatypes: expected DATE got NUMBER 


SQL> SELECT FIRST_NAME , HIRE_DATE FROM EMPLOYEES WHERE HIRE_DATE < 01-JAN-95;
SELECT FIRST_NAME , HIRE_DATE FROM EMPLOYEES WHERE HIRE_DATE < 01-JAN-95
                                                                  *
ERROR at line 1:
ORA-00904: "JAN": invalid identifier 


SQL> SELECT FIRST_NAME , HIRE_DATE FROM EMPLOYEES WHERE HIRE_DATE < '01-JAN-95';

FIRST_NAME HIRE_DATE                                                                                                                                                                                    
---------- ---------                                                                                                                                                                                    
Steven     17-JUL-87                                                                                                                                                                                    
Neena      21-SEP-89                                                                                                                                                                                    
Lex        13-JAN-93                                                                                                                                                                                    
Alexander  03-JAN-90                                                                                                                                                                                    
Bruce      21-MAY-91                                                                                                                                                                                    
Jennifer   17-SEP-87                                                                                                                                                                                    
Shelley    07-JUN-94                                                                                                                                                                                    
William    07-JUN-94                                                                                                                                                                                    

8 rows selected.

SQL> SELECT FIRST_NAME , HIRE_DATE FROM EMPLOYEES WHERE HIRE_DATE < '01-JAN-95' ORDER BY 1;

FIRST_NAME HIRE_DATE                                                                                                                                                                                    
---------- ---------                                                                                                                                                                                    
Alexander  03-JAN-90                                                                                                                                                                                    
Bruce      21-MAY-91                                                                                                                                                                                    
Jennifer   17-SEP-87                                                                                                                                                                                    
Lex        13-JAN-93                                                                                                                                                                                    
Neena      21-SEP-89                                                                                                                                                                                    
Shelley    07-JUN-94                                                                                                                                                                                    
Steven     17-JUL-87                                                                                                                                                                                    
William    07-JUN-94                                                                                                                                                                                    

8 rows selected.

SQL> SELECT FIRST_NAME , HIRE_DATE FROM EMPLOYEES WHERE HIRE_DATE < '01-JAN-95' ORDER BY 2;

FIRST_NAME HIRE_DATE                                                                                                                                                                                    
---------- ---------                                                                                                                                                                                    
Steven     17-JUL-87                                                                                                                                                                                    
Jennifer   17-SEP-87                                                                                                                                                                                    
Neena      21-SEP-89                                                                                                                                                                                    
Alexander  03-JAN-90                                                                                                                                                                                    
Bruce      21-MAY-91                                                                                                                                                                                    
Lex        13-JAN-93                                                                                                                                                                                    
Shelley    07-JUN-94                                                                                                                                                                                    
William    07-JUN-94                                                                                                                                                                                    

8 rows selected.

SQL> SELECT FIRST_NAME , HIRE_DATE FROM EMPLOYEES WHERE HIRE_DATE > '31-DEC-95' ORDER BY 2;

FIRST_NAME HIRE_DATE                                                                                                                                                                                    
---------- ---------                                                                                                                                                                                    
Michael    17-FEB-96                                                                                                                                                                                    
Ellen      11-MAY-96                                                                                                                                                                                    
Curtis     29-JAN-97                                                                                                                                                                                    
Pat        17-AUG-97                                                                                                                                                                                    
Randall    15-MAR-98                                                                                                                                                                                    
Jonathon   24-MAR-98                                                                                                                                                                                    
Peter      09-JUL-98                                                                                                                                                                                    
Diana      07-FEB-99                                                                                                                                                                                    
Kimerely   24-MAY-99                                                                                                                                                                                    
Kevin      16-NOV-99                                                                                                                                                                                    
Eleni      29-JAN-00                                                                                                                                                                                    

11 rows selected.

SQL> SELECT FIRST_NAME , HIRE_DATE FROM EMPLOYEES WHERE HIRE_DATE < '31-DEC-95' ORDER BY 2;

FIRST_NAME HIRE_DATE                                                                                                                                                                                    
---------- ---------                                                                                                                                                                                    
Steven     17-JUL-87                                                                                                                                                                                    
Jennifer   17-SEP-87                                                                                                                                                                                    
Neena      21-SEP-89                                                                                                                                                                                    
Alexander  03-JAN-90                                                                                                                                                                                    
Bruce      21-MAY-91                                                                                                                                                                                    
Lex        13-JAN-93                                                                                                                                                                                    
Shelley    07-JUN-94                                                                                                                                                                                    
William    07-JUN-94                                                                                                                                                                                    
Trenna     17-OCT-95                                                                                                                                                                                    

9 rows selected.

SQL> SELECT FIRST_NAME , HIRE_DATE FROM EMPLOYEES WHERE HIRE_DATE < '31-FEB-95' ORDER BY 2;
SELECT FIRST_NAME , HIRE_DATE FROM EMPLOYEES WHERE HIRE_DATE < '31-FEB-95' ORDER BY 2
                                                               *
ERROR at line 1:
ORA-01839: date not valid for month specified 


SQL> SELECT FIRST_NAME , HIRE_DATE FROM EMPLOYEES WHERE HIRE_DATE < '30-FEB-95' ORDER BY 2;
SELECT FIRST_NAME , HIRE_DATE FROM EMPLOYEES WHERE HIRE_DATE < '30-FEB-95' ORDER BY 2
                                                               *
ERROR at line 1:
ORA-01839: date not valid for month specified 


SQL> SELECT FIRST_NAME , HIRE_DATE FROM EMPLOYEES WHERE HIRE_DATE < '29-FEB-95' ORDER BY 2;
SELECT FIRST_NAME , HIRE_DATE FROM EMPLOYEES WHERE HIRE_DATE < '29-FEB-95' ORDER BY 2
                                                               *
ERROR at line 1:
ORA-01839: date not valid for month specified 


SQL> SELECT FIRST_NAME , HIRE_DATE FROM EMPLOYEES WHERE HIRE_DATE < '29-FEB-92' ORDER BY 2;

FIRST_NAME HIRE_DATE                                                                                                                                                                                    
---------- ---------                                                                                                                                                                                    
Steven     17-JUL-87                                                                                                                                                                                    
Jennifer   17-SEP-87                                                                                                                                                                                    
Neena      21-SEP-89                                                                                                                                                                                    
Alexander  03-JAN-90                                                                                                                                                                                    
Bruce      21-MAY-91                                                                                                                                                                                    

SQL> SELECT FIRST_NAME , HIRE_DATE FROM EMPLOYEES WHERE HIRE_DATE < '29-FEB-94' ORDER BY 2;
SELECT FIRST_NAME , HIRE_DATE FROM EMPLOYEES WHERE HIRE_DATE < '29-FEB-94' ORDER BY 2
                                                               *
ERROR at line 1:
ORA-01839: date not valid for month specified 


SQL> REM DATE DEFAULT FORMAT : DD-MON-RR
SQL> 
SQL> REM DATE COMPATIBLE FORMAT : DD-MON-RR DD-MONTH-RR DD-MON-RRRR  DD\MON/RR  DD/MontH\rr  dd/monrr ddmonthrr
SQL> 
SQL> REM DATE INCOMPATIBLE FORMATS : DD-MM-RR  RR-MON-DD  MON-DD-RR
SQL> 
SQL> SELECT FIRST_NAME , HIRE_DATE FROM EMPLOYEES WHERE HIRE_DATE <= '31-DEC-95';

FIRST_NAME HIRE_DATE                                                                                                                                                                                    
---------- ---------                                                                                                                                                                                    
Steven     17-JUL-87                                                                                                                                                                                    
Neena      21-SEP-89                                                                                                                                                                                    
Lex        13-JAN-93                                                                                                                                                                                    
Alexander  03-JAN-90                                                                                                                                                                                    
Bruce      21-MAY-91                                                                                                                                                                                    
Trenna     17-OCT-95                                                                                                                                                                                    
Jennifer   17-SEP-87                                                                                                                                                                                    
Shelley    07-JUN-94                                                                                                                                                                                    
William    07-JUN-94                                                                                                                                                                                    

9 rows selected.

SQL> SELECT FIRST_NAME , HIRE_DATE FROM EMPLOYEES WHERE HIRE_DATE <= '95-DEC-31';
SELECT FIRST_NAME , HIRE_DATE FROM EMPLOYEES WHERE HIRE_DATE <= '95-DEC-31'
                                                                *
ERROR at line 1:
ORA-01847: day of month must be between 1 and last day of month 


SQL> SELECT FIRST_NAME , HIRE_DATE FROM EMPLOYEES WHERE HIRE_DATE < '01-JAN-94' ORDER BY 2;

FIRST_NAME HIRE_DATE                                                                                                                                                                                    
---------- ---------                                                                                                                                                                                    
Steven     17-JUL-87                                                                                                                                                                                    
Jennifer   17-SEP-87                                                                                                                                                                                    
Neena      21-SEP-89                                                                                                                                                                                    
Alexander  03-JAN-90                                                                                                                                                                                    
Bruce      21-MAY-91                                                                                                                                                                                    
Lex        13-JAN-93                                                                                                                                                                                    

6 rows selected.

SQL> SELECT FIRST_NAME , HIRE_DATE FROM EMPLOYEES WHERE HIRE_DATE < '01-JANUARY-94' ORDER BY 2;

FIRST_NAME HIRE_DATE                                                                                                                                                                                    
---------- ---------                                                                                                                                                                                    
Steven     17-JUL-87                                                                                                                                                                                    
Jennifer   17-SEP-87                                                                                                                                                                                    
Neena      21-SEP-89                                                                                                                                                                                    
Alexander  03-JAN-90                                                                                                                                                                                    
Bruce      21-MAY-91                                                                                                                                                                                    
Lex        13-JAN-93                                                                                                                                                                                    

6 rows selected.

SQL> SELECT FIRST_NAME , HIRE_DATE FROM EMPLOYEES WHERE HIRE_DATE < '01-JANU-94' ORDER BY 2;
SELECT FIRST_NAME , HIRE_DATE FROM EMPLOYEES WHERE HIRE_DATE < '01-JANU-94' ORDER BY 2
                                                               *
ERROR at line 1:
ORA-01861: literal does not match format string 


SQL> SELECT FIRST_NAME , HIRE_DATE FROM EMPLOYEES WHERE HIRE_DATE < '01-JANUary-94' ORDER BY 2;

FIRST_NAME HIRE_DATE                                                                                                                                                                                    
---------- ---------                                                                                                                                                                                    
Steven     17-JUL-87                                                                                                                                                                                    
Jennifer   17-SEP-87                                                                                                                                                                                    
Neena      21-SEP-89                                                                                                                                                                                    
Alexander  03-JAN-90                                                                                                                                                                                    
Bruce      21-MAY-91                                                                                                                                                                                    
Lex        13-JAN-93                                                                                                                                                                                    

6 rows selected.

SQL> SELECT FIRST_NAME , HIRE_DATE FROM EMPLOYEES WHERE HIRE_DATE < '01-JANUary-1994' ORDER BY 2;

FIRST_NAME HIRE_DATE                                                                                                                                                                                    
---------- ---------                                                                                                                                                                                    
Steven     17-JUL-87                                                                                                                                                                                    
Jennifer   17-SEP-87                                                                                                                                                                                    
Neena      21-SEP-89                                                                                                                                                                                    
Alexander  03-JAN-90                                                                                                                                                                                    
Bruce      21-MAY-91                                                                                                                                                                                    
Lex        13-JAN-93                                                                                                                                                                                    

6 rows selected.

SQL> SELECT FIRST_NAME , HIRE_DATE FROM EMPLOYEES WHERE HIRE_DATE < '01/JANUary\1994' ORDER BY 2;

FIRST_NAME HIRE_DATE                                                                                                                                                                                    
---------- ---------                                                                                                                                                                                    
Steven     17-JUL-87                                                                                                                                                                                    
Jennifer   17-SEP-87                                                                                                                                                                                    
Neena      21-SEP-89                                                                                                                                                                                    
Alexander  03-JAN-90                                                                                                                                                                                    
Bruce      21-MAY-91                                                                                                                                                                                    
Lex        13-JAN-93                                                                                                                                                                                    

6 rows selected.

SQL> SELECT FIRST_NAME , HIRE_DATE FROM EMPLOYEES WHERE HIRE_DATE < '01/JANUary1994' ORDER BY 2;

FIRST_NAME HIRE_DATE                                                                                                                                                                                    
---------- ---------                                                                                                                                                                                    
Steven     17-JUL-87                                                                                                                                                                                    
Jennifer   17-SEP-87                                                                                                                                                                                    
Neena      21-SEP-89                                                                                                                                                                                    
Alexander  03-JAN-90                                                                                                                                                                                    
Bruce      21-MAY-91                                                                                                                                                                                    
Lex        13-JAN-93                                                                                                                                                                                    

6 rows selected.

SQL> SELECT FIRST_NAME , HIRE_DATE FROM EMPLOYEES WHERE HIRE_DATE < '01JANUary1994' ORDER BY 2;

FIRST_NAME HIRE_DATE                                                                                                                                                                                    
---------- ---------                                                                                                                                                                                    
Steven     17-JUL-87                                                                                                                                                                                    
Jennifer   17-SEP-87                                                                                                                                                                                    
Neena      21-SEP-89                                                                                                                                                                                    
Alexander  03-JAN-90                                                                                                                                                                                    
Bruce      21-MAY-91                                                                                                                                                                                    
Lex        13-JAN-93                                                                                                                                                                                    

6 rows selected.

SQL> SELECT FIRST_NAME , HIRE_DATE FROM EMPLOYEES WHERE HIRE_DATE < '01#JANUary~1994' ORDER BY 2;

FIRST_NAME HIRE_DATE                                                                                                                                                                                    
---------- ---------                                                                                                                                                                                    
Steven     17-JUL-87                                                                                                                                                                                    
Jennifer   17-SEP-87                                                                                                                                                                                    
Neena      21-SEP-89                                                                                                                                                                                    
Alexander  03-JAN-90                                                                                                                                                                                    
Bruce      21-MAY-91                                                                                                                                                                                    
Lex        13-JAN-93                                                                                                                                                                                    

6 rows selected.

SQL> SELECT FIRST_NAME , HIRE_DATE FROM EMPLOYEES WHERE HIRE_DATE < '01#JANUary~$1994' ORDER BY 2;
SELECT FIRST_NAME , HIRE_DATE FROM EMPLOYEES WHERE HIRE_DATE < '01#JANUary~$1994' ORDER BY 2
                                                               *
ERROR at line 1:
ORA-01861: literal does not match format string 


SQL> SELECT FIRST_NAME , HIRE_DATE FROM EMPLOYEES WHERE HIRE_DATE < '01-01-94' ORDER BY 2;
SELECT FIRST_NAME , HIRE_DATE FROM EMPLOYEES WHERE HIRE_DATE < '01-01-94' ORDER BY 2
                                                               *
ERROR at line 1:
ORA-01843: not a valid month 


SQL> SELECT FIRST_NAME , HIRE_DATE FROM EMPLOYEES WHERE HIRE_DATE < '94-JAN-01' ORDER BY 2;
SELECT FIRST_NAME , HIRE_DATE FROM EMPLOYEES WHERE HIRE_DATE < '94-JAN-01' ORDER BY 2
                                                               *
ERROR at line 1:
ORA-01847: day of month must be between 1 and last day of month 


SQL> SELECT FIRST_NAME , HIRE_DATE FROM EMPLOYEES WHERE HIRE_DATE < '01''JANUARY''94' ORDER BY 2;

FIRST_NAME HIRE_DATE                                                                                                                                                                                    
---------- ---------                                                                                                                                                                                    
Steven     17-JUL-87                                                                                                                                                                                    
Jennifer   17-SEP-87                                                                                                                                                                                    
Neena      21-SEP-89                                                                                                                                                                                    
Alexander  03-JAN-90                                                                                                                                                                                    
Bruce      21-MAY-91                                                                                                                                                                                    
Lex        13-JAN-93                                                                                                                                                                                    

6 rows selected.

SQL> SELECT FIRST_NAME , HIRE_DATE FROM EMPLOYEES WHERE HIRE_DATE < '01"JANUARY"94' ORDER BY 2;

FIRST_NAME HIRE_DATE                                                                                                                                                                                    
---------- ---------                                                                                                                                                                                    
Steven     17-JUL-87                                                                                                                                                                                    
Jennifer   17-SEP-87                                                                                                                                                                                    
Neena      21-SEP-89                                                                                                                                                                                    
Alexander  03-JAN-90                                                                                                                                                                                    
Bruce      21-MAY-91                                                                                                                                                                                    
Lex        13-JAN-93                                                                                                                                                                                    

6 rows selected.

SQL> REM DISPLAY THOSE WHO WORKS IN DEPARTMENT 60
SQL> 
SQL> SELECT FIRST_NAME , DEPARTMENT_ID FROM EMPLOYEES WHERE DEPARTMENT_ID = 60;

FIRST_NAME DEPARTMENT_ID                                                                                                                                                                                
---------- -------------                                                                                                                                                                                
Alexander             60                                                                                                                                                                                
Bruce                 60                                                                                                                                                                                
Diana                 60                                                                                                                                                                                

SQL> REM DISPLAY THOSE WHO GETS 6000 OR MORE SALARY.
SQL> 
SQL> SELECT LAST_NAME , SALARY FROM EMPLOYEES WHERE SALARY >= 6000;

LAST_NAME      SALARY                                                                                                                                                                                   
---------- ----------                                                                                                                                                                                   
King            24000                                                                                                                                                                                   
Kochhar         17000                                                                                                                                                                                   
De Haan         17000                                                                                                                                                                                   
Hunold           9000                                                                                                                                                                                   
Ernst            6000                                                                                                                                                                                   
Zlotkey         10500                                                                                                                                                                                   
Abel            11000                                                                                                                                                                                   
Taylor           8600                                                                                                                                                                                   
Grant            7000                                                                                                                                                                                   
Hartstein       13000                                                                                                                                                                                   
Fay              6000                                                                                                                                                                                   
Higgins         12000                                                                                                                                                                                   
Gietz            8300                                                                                                                                                                                   

13 rows selected.

SQL> SELECT LAST_NAME , SALARY FROM EMPLOYEES WHERE SALARY >= 6000 ORDER BY 2;

LAST_NAME      SALARY                                                                                                                                                                                   
---------- ----------                                                                                                                                                                                   
Fay              6000                                                                                                                                                                                   
Ernst            6000                                                                                                                                                                                   
Grant            7000                                                                                                                                                                                   
Gietz            8300                                                                                                                                                                                   
Taylor           8600                                                                                                                                                                                   
Hunold           9000                                                                                                                                                                                   
Zlotkey         10500                                                                                                                                                                                   
Abel            11000                                                                                                                                                                                   
Higgins         12000                                                                                                                                                                                   
Hartstein       13000                                                                                                                                                                                   
Kochhar         17000                                                                                                                                                                                   
De Haan         17000                                                                                                                                                                                   
King            24000                                                                                                                                                                                   

13 rows selected.

SQL> REM DISPLAY THOSE WHO REPORTS TO 124
SQL> 
SQL> SELECT FIRST_NAME , MANAGER_ID FROM EMPLOYEES WHERE MANAGER_ID = 124;

FIRST_NAME MANAGER_ID                                                                                                                                                                                   
---------- ----------                                                                                                                                                                                   
Trenna            124                                                                                                                                                                                   
Curtis            124                                                                                                                                                                                   
Randall           124                                                                                                                                                                                   
Peter             124                                                                                                                                                                                   

SQL> REM DISPLAY THOSE WHO WERE HIRED AFTER YEAR 97
SQL> 
SQL> SELECT FIRST_NAME , HIRE_DATE FROM EMPLOYEES WHERE HIRE_DATE > '31-DEC-97';

FIRST_NAME HIRE_DATE                                                                                                                                                                                    
---------- ---------                                                                                                                                                                                    
Diana      07-FEB-99                                                                                                                                                                                    
Kevin      16-NOV-99                                                                                                                                                                                    
Randall    15-MAR-98                                                                                                                                                                                    
Peter      09-JUL-98                                                                                                                                                                                    
Eleni      29-JAN-00                                                                                                                                                                                    
Jonathon   24-MAR-98                                                                                                                                                                                    
Kimerely   24-MAY-99                                                                                                                                                                                    

7 rows selected.

SQL> SPOOL OFF

